OpenJDK 64-Bit Server VM (25.342-b07) for linux-amd64 JRE (1.8.0_342-b07), built on Jul 18 2022 00:00:00 by "mockbuild" with gcc 11.2.1 20220127 (Red Hat 11.2.1-9)
Memory: 4k page, physical 16114320k(15356152k free), swap 0k(0k free)
CommandLine flags: -XX:InitialHeapSize=536870912 -XX:MaxGCPauseMillis=100 -XX:MaxHeapSize=536870912 -XX:MetaspaceSize=134217728 -XX:+PrintGC -XX:+PrintGCDateStamps -XX:+PrintGCTimeStamps -XX:+PrintHeapAtGC -XX:ThreadStackSize=512 -XX:+UseCompressedClassPointers -XX:+UseCompressedOops -XX:+UseG1GC 
{Heap before GC invocations=0 (full 0):
 garbage-first heap   total 524288K, used 26144K [0x00000000e0000000, 0x00000000e0101000, 0x0000000100000000)
  region size 1024K, 25 young (25600K), 0 survivors (0K)
 Metaspace       used 7351K, capacity 7650K, committed 7808K, reserved 1056768K
  class space    used 721K, capacity 825K, committed 896K, reserved 1048576K
2022-09-12T01:00:03.022+0800: 0.393: [GC pause (G1 Evacuation Pause) (young) 26144K->2112K(512M), 0.0059587 secs]
Heap after GC invocations=1 (full 0):
 garbage-first heap   total 524288K, used 2112K [0x00000000e0000000, 0x00000000e0101000, 0x0000000100000000)
  region size 1024K, 3 young (3072K), 3 survivors (3072K)
 Metaspace       used 7351K, capacity 7650K, committed 7808K, reserved 1056768K
  class space    used 721K, capacity 825K, committed 896K, reserved 1048576K
}
{Heap before GC invocations=1 (full 0):
 garbage-first heap   total 524288K, used 24640K [0x00000000e0000000, 0x00000000e0101000, 0x0000000100000000)
  region size 1024K, 25 young (25600K), 3 survivors (3072K)
 Metaspace       used 9274K, capacity 9614K, committed 9856K, reserved 1058816K
  class space    used 963K, capacity 1051K, committed 1152K, reserved 1048576K
2022-09-12T01:00:03.215+0800: 0.585: [GC pause (G1 Evacuation Pause) (young) 24640K->3984K(512M), 0.0061974 secs]
Heap after GC invocations=2 (full 0):
 garbage-first heap   total 524288K, used 3984K [0x00000000e0000000, 0x00000000e0101000, 0x0000000100000000)
  region size 1024K, 4 young (4096K), 4 survivors (4096K)
 Metaspace       used 9274K, capacity 9614K, committed 9856K, reserved 1058816K
  class space    used 963K, capacity 1051K, committed 1152K, reserved 1048576K
}
{Heap before GC invocations=2 (full 0):
 garbage-first heap   total 524288K, used 36752K [0x00000000e0000000, 0x00000000e0101000, 0x0000000100000000)
  region size 1024K, 36 young (36864K), 4 survivors (4096K)
 Metaspace       used 12279K, capacity 12868K, committed 13056K, reserved 1060864K
  class space    used 1383K, capacity 1536K, committed 1536K, reserved 1048576K
2022-09-12T01:00:03.496+0800: 0.867: [GC pause (G1 Evacuation Pause) (young) 36752K->4607K(512M), 0.0065653 secs]
Heap after GC invocations=3 (full 0):
 garbage-first heap   total 524288K, used 4607K [0x00000000e0000000, 0x00000000e0101000, 0x0000000100000000)
  region size 1024K, 5 young (5120K), 5 survivors (5120K)
 Metaspace       used 12279K, capacity 12868K, committed 13056K, reserved 1060864K
  class space    used 1383K, capacity 1536K, committed 1536K, reserved 1048576K
}
{Heap before GC invocations=3 (full 0):
 garbage-first heap   total 524288K, used 309759K [0x00000000e0000000, 0x00000000e0101000, 0x0000000100000000)
  region size 1024K, 303 young (310272K), 5 survivors (5120K)
 Metaspace       used 27190K, capacity 28702K, committed 28800K, reserved 1075200K
  class space    used 3384K, capacity 3697K, committed 3712K, reserved 1048576K
2022-09-12T01:00:05.407+0800: 2.778: [GC pause (G1 Evacuation Pause) (young) 302M->11263K(512M), 0.0210958 secs]
Heap after GC invocations=4 (full 0):
 garbage-first heap   total 524288K, used 11263K [0x00000000e0000000, 0x00000000e0101000, 0x0000000100000000)
  region size 1024K, 11 young (11264K), 11 survivors (11264K)
 Metaspace       used 27190K, capacity 28702K, committed 28800K, reserved 1075200K
  class space    used 3384K, capacity 3697K, committed 3712K, reserved 1048576K
}
{Heap before GC invocations=4 (full 0):
 garbage-first heap   total 524288K, used 176127K [0x00000000e0000000, 0x00000000e0101000, 0x0000000100000000)
  region size 1024K, 172 young (176128K), 11 survivors (11264K)
 Metaspace       used 41946K, capacity 44702K, committed 44800K, reserved 1087488K
  class space    used 5549K, capacity 6080K, committed 6144K, reserved 1048576K
2022-09-12T01:00:07.084+0800: 4.454: [GC pause (G1 Evacuation Pause) (young) 171M->16383K(512M), 0.0336138 secs]
Heap after GC invocations=5 (full 0):
 garbage-first heap   total 524288K, used 16383K [0x00000000e0000000, 0x00000000e0101000, 0x0000000100000000)
  region size 1024K, 16 young (16384K), 16 survivors (16384K)
 Metaspace       used 41946K, capacity 44702K, committed 44800K, reserved 1087488K
  class space    used 5549K, capacity 6080K, committed 6144K, reserved 1048576K
}
{Heap before GC invocations=5 (full 0):
 garbage-first heap   total 524288K, used 131071K [0x00000000e0000000, 0x00000000e0101000, 0x0000000100000000)
  region size 1024K, 128 young (131072K), 16 survivors (16384K)
 Metaspace       used 51086K, capacity 54134K, committed 54400K, reserved 1095680K
  class space    used 6893K, capacity 7460K, committed 7552K, reserved 1048576K
2022-09-12T01:00:07.966+0800: 5.336: [GC pause (G1 Evacuation Pause) (young) 127M->18325K(512M), 0.0277414 secs]
Heap after GC invocations=6 (full 0):
 garbage-first heap   total 524288K, used 18325K [0x00000000e0000000, 0x00000000e0101000, 0x0000000100000000)
  region size 1024K, 9 young (9216K), 9 survivors (9216K)
 Metaspace       used 51086K, capacity 54134K, committed 54400K, reserved 1095680K
  class space    used 6893K, capacity 7460K, committed 7552K, reserved 1048576K
}
{Heap before GC invocations=6 (full 0):
 garbage-first heap   total 524288K, used 51093K [0x00000000e0000000, 0x00000000e0101000, 0x0000000100000000)
  region size 1024K, 41 young (41984K), 9 survivors (9216K)
 Metaspace       used 52933K, capacity 56514K, committed 56704K, reserved 1097728K
  class space    used 7174K, capacity 7796K, committed 7808K, reserved 1048576K
2022-09-12T01:00:08.244+0800: 5.615: [GC pause (G1 Evacuation Pause) (young) 51093K->20991K(512M), 0.0195880 secs]
Heap after GC invocations=7 (full 0):
 garbage-first heap   total 524288K, used 20991K [0x00000000e0000000, 0x00000000e0101000, 0x0000000100000000)
  region size 1024K, 3 young (3072K), 3 survivors (3072K)
 Metaspace       used 52933K, capacity 56514K, committed 56704K, reserved 1097728K
  class space    used 7174K, capacity 7796K, committed 7808K, reserved 1048576K
}
{Heap before GC invocations=7 (full 0):
 garbage-first heap   total 524288K, used 77311K [0x00000000e0000000, 0x00000000e0101000, 0x0000000100000000)
  region size 1024K, 58 young (59392K), 3 survivors (3072K)
 Metaspace       used 56375K, capacity 60380K, committed 60672K, reserved 1101824K
  class space    used 7651K, capacity 8361K, committed 8448K, reserved 1048576K
2022-09-12T01:00:08.858+0800: 6.229: [GC pause (G1 Evacuation Pause) (young) 77311K->24576K(512M), 0.0136907 secs]
Heap after GC invocations=8 (full 0):
 garbage-first heap   total 524288K, used 24576K [0x00000000e0000000, 0x00000000e0101000, 0x0000000100000000)
  region size 1024K, 4 young (4096K), 4 survivors (4096K)
 Metaspace       used 56375K, capacity 60380K, committed 60672K, reserved 1101824K
  class space    used 7651K, capacity 8361K, committed 8448K, reserved 1048576K
}
{Heap before GC invocations=8 (full 0):
 garbage-first heap   total 524288K, used 126976K [0x00000000e0000000, 0x00000000e0101000, 0x0000000100000000)
  region size 1024K, 104 young (106496K), 4 survivors (4096K)
 Metaspace       used 63015K, capacity 67494K, committed 67840K, reserved 1107968K
  class space    used 8347K, capacity 9100K, committed 9216K, reserved 1048576K
2022-09-12T01:11:11.283+0800: 668.654: [GC pause (G1 Evacuation Pause) (young) 124M->28159K(512M), 0.0171518 secs]
Heap after GC invocations=9 (full 0):
 garbage-first heap   total 524288K, used 28159K [0x00000000e0000000, 0x00000000e0101000, 0x0000000100000000)
  region size 1024K, 8 young (8192K), 8 survivors (8192K)
 Metaspace       used 63015K, capacity 67494K, committed 67840K, reserved 1107968K
  class space    used 8347K, capacity 9100K, committed 9216K, reserved 1048576K
}
{Heap before GC invocations=9 (full 0):
 garbage-first heap   total 524288K, used 238079K [0x00000000e0000000, 0x00000000e0101000, 0x0000000100000000)
  region size 1024K, 213 young (218112K), 8 survivors (8192K)
 Metaspace       used 64659K, capacity 69156K, committed 69376K, reserved 1110016K
  class space    used 8350K, capacity 9101K, committed 9216K, reserved 1048576K
2022-09-12T01:11:13.744+0800: 671.115: [GC pause (G1 Evacuation Pause) (young) 232M->28159K(512M), 0.0163590 secs]
Heap after GC invocations=10 (full 0):
 garbage-first heap   total 524288K, used 28159K [0x00000000e0000000, 0x00000000e0101000, 0x0000000100000000)
  region size 1024K, 8 young (8192K), 8 survivors (8192K)
 Metaspace       used 64659K, capacity 69156K, committed 69376K, reserved 1110016K
  class space    used 8350K, capacity 9101K, committed 9216K, reserved 1048576K
}
{Heap before GC invocations=10 (full 0):
 garbage-first heap   total 524288K, used 334335K [0x00000000e0000000, 0x00000000e0101000, 0x0000000100000000)
  region size 1024K, 307 young (314368K), 8 survivors (8192K)
 Metaspace       used 64700K, capacity 69162K, committed 69376K, reserved 1110016K
  class space    used 8351K, capacity 9102K, committed 9216K, reserved 1048576K
2022-09-12T01:11:15.724+0800: 673.095: [GC pause (G1 Evacuation Pause) (young) 326M->27647K(512M), 0.0119430 secs]
Heap after GC invocations=11 (full 0):
 garbage-first heap   total 524288K, used 27647K [0x00000000e0000000, 0x00000000e0101000, 0x0000000100000000)
  region size 1024K, 7 young (7168K), 7 survivors (7168K)
 Metaspace       used 64700K, capacity 69162K, committed 69376K, reserved 1110016K
  class space    used 8351K, capacity 9102K, committed 9216K, reserved 1048576K
}
{Heap before GC invocations=11 (full 0):
 garbage-first heap   total 524288K, used 334847K [0x00000000e0000000, 0x00000000e0101000, 0x0000000100000000)
  region size 1024K, 307 young (314368K), 7 survivors (7168K)
 Metaspace       used 64710K, capacity 69226K, committed 69376K, reserved 1110016K
  class space    used 8352K, capacity 9102K, committed 9216K, reserved 1048576K
2022-09-12T01:11:17.505+0800: 674.876: [GC pause (G1 Evacuation Pause) (young) 326M->29183K(512M), 0.0165469 secs]
Heap after GC invocations=12 (full 0):
 garbage-first heap   total 524288K, used 29183K [0x00000000e0000000, 0x00000000e0101000, 0x0000000100000000)
  region size 1024K, 9 young (9216K), 9 survivors (9216K)
 Metaspace       used 64710K, capacity 69226K, committed 69376K, reserved 1110016K
  class space    used 8352K, capacity 9102K, committed 9216K, reserved 1048576K
}
{Heap before GC invocations=12 (full 0):
 garbage-first heap   total 524288K, used 334335K [0x00000000e0000000, 0x00000000e0101000, 0x0000000100000000)
  region size 1024K, 307 young (314368K), 9 survivors (9216K)
 Metaspace       used 64718K, capacity 69226K, committed 69376K, reserved 1110016K
  class space    used 8353K, capacity 9102K, committed 9216K, reserved 1048576K
2022-09-12T01:11:19.242+0800: 676.613: [GC pause (G1 Evacuation Pause) (young) 326M->28671K(512M), 0.0129873 secs]
Heap after GC invocations=13 (full 0):
 garbage-first heap   total 524288K, used 28671K [0x00000000e0000000, 0x00000000e0101000, 0x0000000100000000)
  region size 1024K, 8 young (8192K), 8 survivors (8192K)
 Metaspace       used 64718K, capacity 69226K, committed 69376K, reserved 1110016K
  class space    used 8353K, capacity 9102K, committed 9216K, reserved 1048576K
}
{Heap before GC invocations=13 (full 0):
 garbage-first heap   total 524288K, used 334847K [0x00000000e0000000, 0x00000000e0101000, 0x0000000100000000)
  region size 1024K, 307 young (314368K), 8 survivors (8192K)
 Metaspace       used 64726K, capacity 69226K, committed 69376K, reserved 1110016K
  class space    used 8354K, capacity 9102K, committed 9216K, reserved 1048576K
2022-09-12T01:11:20.895+0800: 678.266: [GC pause (G1 Evacuation Pause) (young) 326M->28671K(512M), 0.0183705 secs]
Heap after GC invocations=14 (full 0):
 garbage-first heap   total 524288K, used 28671K [0x00000000e0000000, 0x00000000e0101000, 0x0000000100000000)
  region size 1024K, 8 young (8192K), 8 survivors (8192K)
 Metaspace       used 64726K, capacity 69226K, committed 69376K, reserved 1110016K
  class space    used 8354K, capacity 9102K, committed 9216K, reserved 1048576K
}
{Heap before GC invocations=14 (full 0):
 garbage-first heap   total 524288K, used 334847K [0x00000000e0000000, 0x00000000e0101000, 0x0000000100000000)
  region size 1024K, 307 young (314368K), 8 survivors (8192K)
 Metaspace       used 64765K, capacity 69226K, committed 69376K, reserved 1110016K
  class space    used 8356K, capacity 9102K, committed 9216K, reserved 1048576K
2022-09-12T01:13:13.823+0800: 791.194: [GC pause (G1 Evacuation Pause) (young) 326M->33791K(512M), 0.0190390 secs]
Heap after GC invocations=15 (full 0):
 garbage-first heap   total 524288K, used 33791K [0x00000000e0000000, 0x00000000e0101000, 0x0000000100000000)
  region size 1024K, 13 young (13312K), 13 survivors (13312K)
 Metaspace       used 64765K, capacity 69226K, committed 69376K, reserved 1110016K
  class space    used 8356K, capacity 9102K, committed 9216K, reserved 1048576K
}
{Heap before GC invocations=15 (full 0):
 garbage-first heap   total 524288K, used 334847K [0x00000000e0000000, 0x00000000e0101000, 0x0000000100000000)
  region size 1024K, 307 young (314368K), 13 survivors (13312K)
 Metaspace       used 64769K, capacity 69226K, committed 69376K, reserved 1110016K
  class space    used 8357K, capacity 9102K, committed 9216K, reserved 1048576K
2022-09-12T01:13:15.842+0800: 793.213: [GC pause (G1 Evacuation Pause) (young) 326M->33791K(512M), 0.0228020 secs]
Heap after GC invocations=16 (full 0):
 garbage-first heap   total 524288K, used 33791K [0x00000000e0000000, 0x00000000e0101000, 0x0000000100000000)
  region size 1024K, 13 young (13312K), 13 survivors (13312K)
 Metaspace       used 64769K, capacity 69226K, committed 69376K, reserved 1110016K
  class space    used 8357K, capacity 9102K, committed 9216K, reserved 1048576K
}
{Heap before GC invocations=16 (full 0):
 garbage-first heap   total 524288K, used 334847K [0x00000000e0000000, 0x00000000e0101000, 0x0000000100000000)
  region size 1024K, 307 young (314368K), 13 survivors (13312K)
 Metaspace       used 64780K, capacity 69226K, committed 69376K, reserved 1110016K
  class space    used 8359K, capacity 9102K, committed 9216K, reserved 1048576K
2022-09-12T01:13:17.770+0800: 795.141: [GC pause (G1 Evacuation Pause) (young) 326M->33279K(512M), 0.0129611 secs]
Heap after GC invocations=17 (full 0):
 garbage-first heap   total 524288K, used 33279K [0x00000000e0000000, 0x00000000e0101000, 0x0000000100000000)
  region size 1024K, 13 young (13312K), 13 survivors (13312K)
 Metaspace       used 64780K, capacity 69226K, committed 69376K, reserved 1110016K
  class space    used 8359K, capacity 9102K, committed 9216K, reserved 1048576K
}
{Heap before GC invocations=17 (full 0):
 garbage-first heap   total 524288K, used 334335K [0x00000000e0000000, 0x00000000e0101000, 0x0000000100000000)
  region size 1024K, 307 young (314368K), 13 survivors (13312K)
 Metaspace       used 64781K, capacity 69226K, committed 69376K, reserved 1110016K
  class space    used 8359K, capacity 9102K, committed 9216K, reserved 1048576K
2022-09-12T01:13:19.638+0800: 797.008: [GC pause (G1 Evacuation Pause) (young) 326M->33279K(512M), 0.0134666 secs]
Heap after GC invocations=18 (full 0):
 garbage-first heap   total 524288K, used 33279K [0x00000000e0000000, 0x00000000e0101000, 0x0000000100000000)
  region size 1024K, 13 young (13312K), 13 survivors (13312K)
 Metaspace       used 64781K, capacity 69226K, committed 69376K, reserved 1110016K
  class space    used 8359K, capacity 9102K, committed 9216K, reserved 1048576K
}
{Heap before GC invocations=18 (full 0):
 garbage-first heap   total 524288K, used 334335K [0x00000000e0000000, 0x00000000e0101000, 0x0000000100000000)
  region size 1024K, 307 young (314368K), 13 survivors (13312K)
 Metaspace       used 64812K, capacity 69290K, committed 69632K, reserved 1110016K
  class space    used 8359K, capacity 9102K, committed 9216K, reserved 1048576K
2022-09-12T01:15:11.622+0800: 908.993: [GC pause (G1 Evacuation Pause) (young) 326M->37887K(512M), 0.0153262 secs]
Heap after GC invocations=19 (full 0):
 garbage-first heap   total 524288K, used 37887K [0x00000000e0000000, 0x00000000e0101000, 0x0000000100000000)
  region size 1024K, 17 young (17408K), 17 survivors (17408K)
 Metaspace       used 64812K, capacity 69290K, committed 69632K, reserved 1110016K
  class space    used 8359K, capacity 9102K, committed 9216K, reserved 1048576K
}
{Heap before GC invocations=19 (full 0):
 garbage-first heap   total 524288K, used 334847K [0x00000000e0000000, 0x00000000e0101000, 0x0000000100000000)
  region size 1024K, 307 young (314368K), 17 survivors (17408K)
 Metaspace       used 64835K, capacity 69354K, committed 69632K, reserved 1110016K
  class space    used 8363K, capacity 9102K, committed 9216K, reserved 1048576K
2022-09-12T01:15:14.670+0800: 912.040: [GC pause (G1 Evacuation Pause) (young) 326M->37887K(512M), 0.0186198 secs]
Heap after GC invocations=20 (full 0):
 garbage-first heap   total 524288K, used 37887K [0x00000000e0000000, 0x00000000e0101000, 0x0000000100000000)
  region size 1024K, 17 young (17408K), 17 survivors (17408K)
 Metaspace       used 64835K, capacity 69354K, committed 69632K, reserved 1110016K
  class space    used 8363K, capacity 9102K, committed 9216K, reserved 1048576K
}
{Heap before GC invocations=20 (full 0):
 garbage-first heap   total 524288K, used 334847K [0x00000000e0000000, 0x00000000e0101000, 0x0000000100000000)
  region size 1024K, 307 young (314368K), 17 survivors (17408K)
 Metaspace       used 64838K, capacity 69354K, committed 69632K, reserved 1110016K
  class space    used 8363K, capacity 9102K, committed 9216K, reserved 1048576K
2022-09-12T01:15:16.714+0800: 914.085: [GC pause (G1 Evacuation Pause) (young) 326M->38399K(512M), 0.0148813 secs]
Heap after GC invocations=21 (full 0):
 garbage-first heap   total 524288K, used 38399K [0x00000000e0000000, 0x00000000e0101000, 0x0000000100000000)
  region size 1024K, 18 young (18432K), 18 survivors (18432K)
 Metaspace       used 64838K, capacity 69354K, committed 69632K, reserved 1110016K
  class space    used 8363K, capacity 9102K, committed 9216K, reserved 1048576K
}
{Heap before GC invocations=21 (full 0):
 garbage-first heap   total 524288K, used 334335K [0x00000000e0000000, 0x00000000e0101000, 0x0000000100000000)
  region size 1024K, 307 young (314368K), 18 survivors (18432K)
 Metaspace       used 64848K, capacity 69354K, committed 69632K, reserved 1110016K
  class space    used 8363K, capacity 9102K, committed 9216K, reserved 1048576K
2022-09-12T01:15:18.516+0800: 915.887: [GC pause (G1 Evacuation Pause) (young) 326M->38728K(512M), 0.0158820 secs]
Heap after GC invocations=22 (full 0):
 garbage-first heap   total 524288K, used 38728K [0x00000000e0000000, 0x00000000e0101000, 0x0000000100000000)
  region size 1024K, 17 young (17408K), 17 survivors (17408K)
 Metaspace       used 64848K, capacity 69354K, committed 69632K, reserved 1110016K
  class space    used 8363K, capacity 9102K, committed 9216K, reserved 1048576K
}
{Heap before GC invocations=22 (full 0):
 garbage-first heap   total 524288K, used 335688K [0x00000000e0000000, 0x00000000e0101000, 0x0000000100000000)
  region size 1024K, 307 young (314368K), 17 survivors (17408K)
 Metaspace       used 64849K, capacity 69354K, committed 69632K, reserved 1110016K
  class space    used 8363K, capacity 9102K, committed 9216K, reserved 1048576K
2022-09-12T01:15:19.929+0800: 917.300: [GC pause (G1 Evacuation Pause) (young) 327M->38487K(512M), 0.0147155 secs]
Heap after GC invocations=23 (full 0):
 garbage-first heap   total 524288K, used 38487K [0x00000000e0000000, 0x00000000e0101000, 0x0000000100000000)
  region size 1024K, 14 young (14336K), 14 survivors (14336K)
 Metaspace       used 64849K, capacity 69354K, committed 69632K, reserved 1110016K
  class space    used 8363K, capacity 9102K, committed 9216K, reserved 1048576K
}
{Heap before GC invocations=23 (full 0):
 garbage-first heap   total 524288K, used 338519K [0x00000000e0000000, 0x00000000e0101000, 0x0000000100000000)
  region size 1024K, 307 young (314368K), 14 survivors (14336K)
 Metaspace       used 64890K, capacity 69370K, committed 69632K, reserved 1110016K
  class space    used 8363K, capacity 9102K, committed 9216K, reserved 1048576K
2022-09-12T01:17:12.722+0800: 1030.093: [GC pause (G1 Evacuation Pause) (young) 330M->43476K(512M), 0.0142004 secs]
Heap after GC invocations=24 (full 0):
 garbage-first heap   total 524288K, used 43476K [0x00000000e0000000, 0x00000000e0101000, 0x0000000100000000)
  region size 1024K, 16 young (16384K), 16 survivors (16384K)
 Metaspace       used 64890K, capacity 69370K, committed 69632K, reserved 1110016K
  class space    used 8363K, capacity 9102K, committed 9216K, reserved 1048576K
}
{Heap before GC invocations=24 (full 0):
 garbage-first heap   total 524288K, used 341460K [0x00000000e0000000, 0x00000000e0101000, 0x0000000100000000)
  region size 1024K, 307 young (314368K), 16 survivors (16384K)
 Metaspace       used 64890K, capacity 69370K, committed 69632K, reserved 1110016K
  class space    used 8363K, capacity 9102K, committed 9216K, reserved 1048576K
2022-09-12T01:17:14.948+0800: 1032.318: [GC pause (G1 Evacuation Pause) (young) 333M->44031K(512M), 0.0103263 secs]
Heap after GC invocations=25 (full 0):
 garbage-first heap   total 524288K, used 44031K [0x00000000e0000000, 0x00000000e0101000, 0x0000000100000000)
  region size 1024K, 14 young (14336K), 14 survivors (14336K)
 Metaspace       used 64890K, capacity 69370K, committed 69632K, reserved 1110016K
  class space    used 8363K, capacity 9102K, committed 9216K, reserved 1048576K
}
{Heap before GC invocations=25 (full 0):
 garbage-first heap   total 524288K, used 344063K [0x00000000e0000000, 0x00000000e0101000, 0x0000000100000000)
  region size 1024K, 307 young (314368K), 14 survivors (14336K)
 Metaspace       used 64890K, capacity 69370K, committed 69632K, reserved 1110016K
  class space    used 8363K, capacity 9102K, committed 9216K, reserved 1048576K
2022-09-12T01:17:16.945+0800: 1034.316: [GC pause (G1 Evacuation Pause) (young) 335M->44723K(512M), 0.0073227 secs]
Heap after GC invocations=26 (full 0):
 garbage-first heap   total 524288K, used 44723K [0x00000000e0000000, 0x00000000e0101000, 0x0000000100000000)
  region size 1024K, 14 young (14336K), 14 survivors (14336K)
 Metaspace       used 64890K, capacity 69370K, committed 69632K, reserved 1110016K
  class space    used 8363K, capacity 9102K, committed 9216K, reserved 1048576K
}
{Heap before GC invocations=26 (full 0):
 garbage-first heap   total 524288K, used 344755K [0x00000000e0000000, 0x00000000e0101000, 0x0000000100000000)
  region size 1024K, 307 young (314368K), 14 survivors (14336K)
 Metaspace       used 64894K, capacity 69370K, committed 69632K, reserved 1110016K
  class space    used 8363K, capacity 9102K, committed 9216K, reserved 1048576K
2022-09-12T01:17:18.832+0800: 1036.203: [GC pause (G1 Evacuation Pause) (young) 336M->45020K(512M), 0.0073060 secs]
Heap after GC invocations=27 (full 0):
 garbage-first heap   total 524288K, used 45020K [0x00000000e0000000, 0x00000000e0101000, 0x0000000100000000)
  region size 1024K, 14 young (14336K), 14 survivors (14336K)
 Metaspace       used 64894K, capacity 69370K, committed 69632K, reserved 1110016K
  class space    used 8363K, capacity 9102K, committed 9216K, reserved 1048576K
}
{Heap before GC invocations=27 (full 0):
 garbage-first heap   total 524288K, used 345052K [0x00000000e0000000, 0x00000000e0101000, 0x0000000100000000)
  region size 1024K, 307 young (314368K), 14 survivors (14336K)
 Metaspace       used 64894K, capacity 69370K, committed 69632K, reserved 1110016K
  class space    used 8363K, capacity 9102K, committed 9216K, reserved 1048576K
2022-09-12T01:17:20.736+0800: 1038.107: [GC pause (G1 Evacuation Pause) (young) 336M->44092K(512M), 0.0072962 secs]
Heap after GC invocations=28 (full 0):
 garbage-first heap   total 524288K, used 44092K [0x00000000e0000000, 0x00000000e0101000, 0x0000000100000000)
  region size 1024K, 13 young (13312K), 13 survivors (13312K)
 Metaspace       used 64894K, capacity 69370K, committed 69632K, reserved 1110016K
  class space    used 8363K, capacity 9102K, committed 9216K, reserved 1048576K
}
{Heap before GC invocations=28 (full 0):
 garbage-first heap   total 524288K, used 345148K [0x00000000e0000000, 0x00000000e0101000, 0x0000000100000000)
  region size 1024K, 307 young (314368K), 13 survivors (13312K)
 Metaspace       used 64912K, capacity 69370K, committed 69632K, reserved 1110016K
  class space    used 8363K, capacity 9102K, committed 9216K, reserved 1048576K
2022-09-12T01:19:48.074+0800: 1185.445: [GC pause (G1 Evacuation Pause) (young) 337M->42077K(512M), 0.0054903 secs]
Heap after GC invocations=29 (full 0):
 garbage-first heap   total 524288K, used 42077K [0x00000000e0000000, 0x00000000e0101000, 0x0000000100000000)
  region size 1024K, 11 young (11264K), 11 survivors (11264K)
 Metaspace       used 64912K, capacity 69370K, committed 69632K, reserved 1110016K
  class space    used 8363K, capacity 9102K, committed 9216K, reserved 1048576K
}
{Heap before GC invocations=29 (full 0):
 garbage-first heap   total 524288K, used 345181K [0x00000000e0000000, 0x00000000e0101000, 0x0000000100000000)
  region size 1024K, 307 young (314368K), 11 survivors (11264K)
 Metaspace       used 64913K, capacity 69370K, committed 69632K, reserved 1110016K
  class space    used 8363K, capacity 9102K, committed 9216K, reserved 1048576K
2022-09-12T01:19:49.197+0800: 1186.568: [GC pause (G1 Evacuation Pause) (young) 337M->42846K(512M), 0.0060599 secs]
Heap after GC invocations=30 (full 0):
 garbage-first heap   total 524288K, used 42846K [0x00000000e0000000, 0x00000000e0101000, 0x0000000100000000)
  region size 1024K, 9 young (9216K), 9 survivors (9216K)
 Metaspace       used 64913K, capacity 69370K, committed 69632K, reserved 1110016K
  class space    used 8363K, capacity 9102K, committed 9216K, reserved 1048576K
}
{Heap before GC invocations=30 (full 0):
 garbage-first heap   total 524288K, used 347998K [0x00000000e0000000, 0x00000000e0101000, 0x0000000100000000)
  region size 1024K, 307 young (314368K), 9 survivors (9216K)
 Metaspace       used 64913K, capacity 69370K, committed 69632K, reserved 1110016K
  class space    used 8363K, capacity 9102K, committed 9216K, reserved 1048576K
2022-09-12T01:19:50.277+0800: 1187.648: [GC pause (G1 Evacuation Pause) (young) 339M->42658K(512M), 0.0049620 secs]
Heap after GC invocations=31 (full 0):
 garbage-first heap   total 524288K, used 42658K [0x00000000e0000000, 0x00000000e0101000, 0x0000000100000000)
  region size 1024K, 8 young (8192K), 8 survivors (8192K)
 Metaspace       used 64913K, capacity 69370K, committed 69632K, reserved 1110016K
  class space    used 8363K, capacity 9102K, committed 9216K, reserved 1048576K
}
{Heap before GC invocations=31 (full 0):
 garbage-first heap   total 524288K, used 348834K [0x00000000e0000000, 0x00000000e0101000, 0x0000000100000000)
  region size 1024K, 307 young (314368K), 8 survivors (8192K)
 Metaspace       used 64914K, capacity 69370K, committed 69632K, reserved 1110016K
  class space    used 8363K, capacity 9102K, committed 9216K, reserved 1048576K
2022-09-12T01:19:51.389+0800: 1188.760: [GC pause (G1 Evacuation Pause) (young) 340M->42795K(512M), 0.0044552 secs]
Heap after GC invocations=32 (full 0):
 garbage-first heap   total 524288K, used 42795K [0x00000000e0000000, 0x00000000e0101000, 0x0000000100000000)
  region size 1024K, 8 young (8192K), 8 survivors (8192K)
 Metaspace       used 64914K, capacity 69370K, committed 69632K, reserved 1110016K
  class space    used 8363K, capacity 9102K, committed 9216K, reserved 1048576K
}
{Heap before GC invocations=32 (full 0):
 garbage-first heap   total 524288K, used 348971K [0x00000000e0000000, 0x00000000e0101000, 0x0000000100000000)
  region size 1024K, 307 young (314368K), 8 survivors (8192K)
 Metaspace       used 64914K, capacity 69370K, committed 69632K, reserved 1110016K
  class space    used 8363K, capacity 9102K, committed 9216K, reserved 1048576K
2022-09-12T01:19:52.474+0800: 1189.845: [GC pause (G1 Evacuation Pause) (young) 340M->42832K(512M), 0.0044045 secs]
Heap after GC invocations=33 (full 0):
 garbage-first heap   total 524288K, used 42832K [0x00000000e0000000, 0x00000000e0101000, 0x0000000100000000)
  region size 1024K, 8 young (8192K), 8 survivors (8192K)
 Metaspace       used 64914K, capacity 69370K, committed 69632K, reserved 1110016K
  class space    used 8363K, capacity 9102K, committed 9216K, reserved 1048576K
}
{Heap before GC invocations=33 (full 0):
 garbage-first heap   total 524288K, used 349008K [0x00000000e0000000, 0x00000000e0101000, 0x0000000100000000)
  region size 1024K, 307 young (314368K), 8 survivors (8192K)
 Metaspace       used 64915K, capacity 69370K, committed 69632K, reserved 1110016K
  class space    used 8363K, capacity 9102K, committed 9216K, reserved 1048576K
2022-09-12T01:19:53.535+0800: 1190.906: [GC pause (G1 Evacuation Pause) (young) 340M->42639K(512M), 0.0057343 secs]
Heap after GC invocations=34 (full 0):
 garbage-first heap   total 524288K, used 42639K [0x00000000e0000000, 0x00000000e0101000, 0x0000000100000000)
  region size 1024K, 5 young (5120K), 5 survivors (5120K)
 Metaspace       used 64915K, capacity 69370K, committed 69632K, reserved 1110016K
  class space    used 8363K, capacity 9102K, committed 9216K, reserved 1048576K
}
{Heap before GC invocations=34 (full 0):
 garbage-first heap   total 524288K, used 351887K [0x00000000e0000000, 0x00000000e0101000, 0x0000000100000000)
  region size 1024K, 307 young (314368K), 5 survivors (5120K)
 Metaspace       used 64916K, capacity 69370K, committed 69632K, reserved 1110016K
  class space    used 8363K, capacity 9102K, committed 9216K, reserved 1048576K
2022-09-12T01:19:54.605+0800: 1191.976: [GC pause (G1 Evacuation Pause) (young) 343M->42978K(512M), 0.0040755 secs]
Heap after GC invocations=35 (full 0):
 garbage-first heap   total 524288K, used 42978K [0x00000000e0000000, 0x00000000e0101000, 0x0000000100000000)
  region size 1024K, 5 young (5120K), 5 survivors (5120K)
 Metaspace       used 64916K, capacity 69370K, committed 69632K, reserved 1110016K
  class space    used 8363K, capacity 9102K, committed 9216K, reserved 1048576K
}
{Heap before GC invocations=35 (full 0):
 garbage-first heap   total 524288K, used 352226K [0x00000000e0000000, 0x00000000e0101000, 0x0000000100000000)
  region size 1024K, 307 young (314368K), 5 survivors (5120K)
 Metaspace       used 64916K, capacity 69370K, committed 69632K, reserved 1110016K
  class space    used 8363K, capacity 9102K, committed 9216K, reserved 1048576K
2022-09-12T01:19:55.669+0800: 1193.040: [GC pause (G1 Evacuation Pause) (young) 343M->43375K(512M), 0.0037749 secs]
Heap after GC invocations=36 (full 0):
 garbage-first heap   total 524288K, used 43375K [0x00000000e0000000, 0x00000000e0101000, 0x0000000100000000)
  region size 1024K, 5 young (5120K), 5 survivors (5120K)
 Metaspace       used 64916K, capacity 69370K, committed 69632K, reserved 1110016K
  class space    used 8363K, capacity 9102K, committed 9216K, reserved 1048576K
}
{Heap before GC invocations=36 (full 0):
 garbage-first heap   total 524288K, used 352623K [0x00000000e0000000, 0x00000000e0101000, 0x0000000100000000)
  region size 1024K, 307 young (314368K), 5 survivors (5120K)
 Metaspace       used 64934K, capacity 69434K, committed 69632K, reserved 1110016K
  class space    used 8363K, capacity 9102K, committed 9216K, reserved 1048576K
2022-09-12T01:20:05.701+0800: 1203.072: [GC pause (G1 Evacuation Pause) (young) 344M->45264K(512M), 0.0057944 secs]
Heap after GC invocations=37 (full 0):
 garbage-first heap   total 524288K, used 45264K [0x00000000e0000000, 0x00000000e0101000, 0x0000000100000000)
  region size 1024K, 6 young (6144K), 6 survivors (6144K)
 Metaspace       used 64934K, capacity 69434K, committed 69632K, reserved 1110016K
  class space    used 8363K, capacity 9102K, committed 9216K, reserved 1048576K
}
{Heap before GC invocations=37 (full 0):
 garbage-first heap   total 524288K, used 353488K [0x00000000e0000000, 0x00000000e0101000, 0x0000000100000000)
  region size 1024K, 307 young (314368K), 6 survivors (6144K)
 Metaspace       used 64934K, capacity 69434K, committed 69632K, reserved 1110016K
  class space    used 8363K, capacity 9102K, committed 9216K, reserved 1048576K
2022-09-12T01:20:06.707+0800: 1204.077: [GC pause (G1 Evacuation Pause) (young) 345M->46121K(512M), 0.0060300 secs]
Heap after GC invocations=38 (full 0):
 garbage-first heap   total 524288K, used 46121K [0x00000000e0000000, 0x00000000e0101000, 0x0000000100000000)
  region size 1024K, 7 young (7168K), 7 survivors (7168K)
 Metaspace       used 64934K, capacity 69434K, committed 69632K, reserved 1110016K
  class space    used 8363K, capacity 9102K, committed 9216K, reserved 1048576K
}
{Heap before GC invocations=38 (full 0):
 garbage-first heap   total 524288K, used 353321K [0x00000000e0000000, 0x00000000e0101000, 0x0000000100000000)
  region size 1024K, 307 young (314368K), 7 survivors (7168K)
 Metaspace       used 64934K, capacity 69434K, committed 69632K, reserved 1110016K
  class space    used 8363K, capacity 9102K, committed 9216K, reserved 1048576K
2022-09-12T01:20:07.724+0800: 1205.094: [GC pause (G1 Evacuation Pause) (young) 345M->46127K(512M), 0.0068949 secs]
Heap after GC invocations=39 (full 0):
 garbage-first heap   total 524288K, used 46127K [0x00000000e0000000, 0x00000000e0101000, 0x0000000100000000)
  region size 1024K, 4 young (4096K), 4 survivors (4096K)
 Metaspace       used 64934K, capacity 69434K, committed 69632K, reserved 1110016K
  class space    used 8363K, capacity 9102K, committed 9216K, reserved 1048576K
}
{Heap before GC invocations=39 (full 0):
 garbage-first heap   total 524288K, used 356399K [0x00000000e0000000, 0x00000000e0101000, 0x0000000100000000)
  region size 1024K, 307 young (314368K), 4 survivors (4096K)
 Metaspace       used 64936K, capacity 69434K, committed 69632K, reserved 1110016K
  class space    used 8363K, capacity 9102K, committed 9216K, reserved 1048576K
2022-09-12T01:20:08.750+0800: 1206.121: [GC pause (G1 Evacuation Pause) (young) 348M->46982K(512M), 0.0057987 secs]
Heap after GC invocations=40 (full 0):
 garbage-first heap   total 524288K, used 46982K [0x00000000e0000000, 0x00000000e0101000, 0x0000000100000000)
  region size 1024K, 4 young (4096K), 4 survivors (4096K)
 Metaspace       used 64936K, capacity 69434K, committed 69632K, reserved 1110016K
  class space    used 8363K, capacity 9102K, committed 9216K, reserved 1048576K
}
{Heap before GC invocations=40 (full 0):
 garbage-first heap   total 524288K, used 357254K [0x00000000e0000000, 0x00000000e0101000, 0x0000000100000000)
  region size 1024K, 307 young (314368K), 4 survivors (4096K)
 Metaspace       used 64938K, capacity 69434K, committed 69632K, reserved 1110016K
  class space    used 8363K, capacity 9102K, committed 9216K, reserved 1048576K
2022-09-12T01:20:09.778+0800: 1207.149: [GC pause (G1 Evacuation Pause) (young) 348M->46698K(512M), 0.0060461 secs]
Heap after GC invocations=41 (full 0):
 garbage-first heap   total 524288K, used 46698K [0x00000000e0000000, 0x00000000e0101000, 0x0000000100000000)
  region size 1024K, 4 young (4096K), 4 survivors (4096K)
 Metaspace       used 64938K, capacity 69434K, committed 69632K, reserved 1110016K
  class space    used 8363K, capacity 9102K, committed 9216K, reserved 1048576K
}
{Heap before GC invocations=41 (full 0):
 garbage-first heap   total 524288K, used 356970K [0x00000000e0000000, 0x00000000e0101000, 0x0000000100000000)
  region size 1024K, 307 young (314368K), 4 survivors (4096K)
 Metaspace       used 64938K, capacity 69434K, committed 69632K, reserved 1110016K
  class space    used 8363K, capacity 9102K, committed 9216K, reserved 1048576K
2022-09-12T01:20:10.809+0800: 1208.180: [GC pause (G1 Evacuation Pause) (young) 348M->47264K(512M), 0.0055518 secs]
Heap after GC invocations=42 (full 0):
 garbage-first heap   total 524288K, used 47264K [0x00000000e0000000, 0x00000000e0101000, 0x0000000100000000)
  region size 1024K, 4 young (4096K), 4 survivors (4096K)
 Metaspace       used 64938K, capacity 69434K, committed 69632K, reserved 1110016K
  class space    used 8363K, capacity 9102K, committed 9216K, reserved 1048576K
}
{Heap before GC invocations=42 (full 0):
 garbage-first heap   total 524288K, used 357536K [0x00000000e0000000, 0x00000000e0101000, 0x0000000100000000)
  region size 1024K, 307 young (314368K), 4 survivors (4096K)
 Metaspace       used 64942K, capacity 69434K, committed 69632K, reserved 1110016K
  class space    used 8363K, capacity 9102K, committed 9216K, reserved 1048576K
2022-09-12T01:20:11.846+0800: 1209.217: [GC pause (G1 Evacuation Pause) (young) 349M->47278K(512M), 0.0054076 secs]
Heap after GC invocations=43 (full 0):
 garbage-first heap   total 524288K, used 47278K [0x00000000e0000000, 0x00000000e0101000, 0x0000000100000000)
  region size 1024K, 4 young (4096K), 4 survivors (4096K)
 Metaspace       used 64942K, capacity 69434K, committed 69632K, reserved 1110016K
  class space    used 8363K, capacity 9102K, committed 9216K, reserved 1048576K
}
{Heap before GC invocations=43 (full 0):
 garbage-first heap   total 524288K, used 357550K [0x00000000e0000000, 0x00000000e0101000, 0x0000000100000000)
  region size 1024K, 307 young (314368K), 4 survivors (4096K)
 Metaspace       used 64943K, capacity 69434K, committed 69632K, reserved 1110016K
  class space    used 8363K, capacity 9102K, committed 9216K, reserved 1048576K
2022-09-12T01:20:12.879+0800: 1210.250: [GC pause (G1 Evacuation Pause) (young) 349M->47310K(512M), 0.0053947 secs]
Heap after GC invocations=44 (full 0):
 garbage-first heap   total 524288K, used 47310K [0x00000000e0000000, 0x00000000e0101000, 0x0000000100000000)
  region size 1024K, 4 young (4096K), 4 survivors (4096K)
 Metaspace       used 64943K, capacity 69434K, committed 69632K, reserved 1110016K
  class space    used 8363K, capacity 9102K, committed 9216K, reserved 1048576K
}
{Heap before GC invocations=44 (full 0):
 garbage-first heap   total 524288K, used 357582K [0x00000000e0000000, 0x00000000e0101000, 0x0000000100000000)
  region size 1024K, 307 young (314368K), 4 survivors (4096K)
 Metaspace       used 64943K, capacity 69434K, committed 69632K, reserved 1110016K
  class space    used 8363K, capacity 9102K, committed 9216K, reserved 1048576K
2022-09-12T01:20:13.912+0800: 1211.283: [GC pause (G1 Evacuation Pause) (young) 349M->47310K(512M), 0.0055692 secs]
Heap after GC invocations=45 (full 0):
 garbage-first heap   total 524288K, used 47310K [0x00000000e0000000, 0x00000000e0101000, 0x0000000100000000)
  region size 1024K, 4 young (4096K), 4 survivors (4096K)
 Metaspace       used 64943K, capacity 69434K, committed 69632K, reserved 1110016K
  class space    used 8363K, capacity 9102K, committed 9216K, reserved 1048576K
}
{Heap before GC invocations=45 (full 0):
 garbage-first heap   total 524288K, used 357582K [0x00000000e0000000, 0x00000000e0101000, 0x0000000100000000)
  region size 1024K, 307 young (314368K), 4 survivors (4096K)
 Metaspace       used 64943K, capacity 69434K, committed 69632K, reserved 1110016K
  class space    used 8363K, capacity 9102K, committed 9216K, reserved 1048576K
2022-09-12T01:20:14.944+0800: 1212.315: [GC pause (G1 Evacuation Pause) (young) 349M->47310K(512M), 0.0055043 secs]
Heap after GC invocations=46 (full 0):
 garbage-first heap   total 524288K, used 47310K [0x00000000e0000000, 0x00000000e0101000, 0x0000000100000000)
  region size 1024K, 4 young (4096K), 4 survivors (4096K)
 Metaspace       used 64943K, capacity 69434K, committed 69632K, reserved 1110016K
  class space    used 8363K, capacity 9102K, committed 9216K, reserved 1048576K
}
{Heap before GC invocations=46 (full 0):
 garbage-first heap   total 524288K, used 357582K [0x00000000e0000000, 0x00000000e0101000, 0x0000000100000000)
  region size 1024K, 307 young (314368K), 4 survivors (4096K)
 Metaspace       used 64943K, capacity 69434K, committed 69632K, reserved 1110016K
  class space    used 8363K, capacity 9102K, committed 9216K, reserved 1048576K
2022-09-12T01:20:15.979+0800: 1213.350: [GC pause (G1 Evacuation Pause) (young) 349M->47310K(512M), 0.0055458 secs]
Heap after GC invocations=47 (full 0):
 garbage-first heap   total 524288K, used 47310K [0x00000000e0000000, 0x00000000e0101000, 0x0000000100000000)
  region size 1024K, 4 young (4096K), 4 survivors (4096K)
 Metaspace       used 64943K, capacity 69434K, committed 69632K, reserved 1110016K
  class space    used 8363K, capacity 9102K, committed 9216K, reserved 1048576K
}
{Heap before GC invocations=47 (full 0):
 garbage-first heap   total 524288K, used 357582K [0x00000000e0000000, 0x00000000e0101000, 0x0000000100000000)
  region size 1024K, 307 young (314368K), 4 survivors (4096K)
 Metaspace       used 64947K, capacity 69434K, committed 69632K, reserved 1110016K
  class space    used 8363K, capacity 9102K, committed 9216K, reserved 1048576K
2022-09-12T01:20:17.022+0800: 1214.393: [GC pause (G1 Evacuation Pause) (young) 349M->47310K(512M), 0.0055506 secs]
Heap after GC invocations=48 (full 0):
 garbage-first heap   total 524288K, used 47310K [0x00000000e0000000, 0x00000000e0101000, 0x0000000100000000)
  region size 1024K, 4 young (4096K), 4 survivors (4096K)
 Metaspace       used 64947K, capacity 69434K, committed 69632K, reserved 1110016K
  class space    used 8363K, capacity 9102K, committed 9216K, reserved 1048576K
}
{Heap before GC invocations=48 (full 0):
 garbage-first heap   total 524288K, used 357582K [0x00000000e0000000, 0x00000000e0101000, 0x0000000100000000)
  region size 1024K, 307 young (314368K), 4 survivors (4096K)
 Metaspace       used 64947K, capacity 69434K, committed 69632K, reserved 1110016K
  class space    used 8363K, capacity 9102K, committed 9216K, reserved 1048576K
2022-09-12T01:20:18.057+0800: 1215.428: [GC pause (G1 Evacuation Pause) (young) 349M->47310K(512M), 0.0055252 secs]
Heap after GC invocations=49 (full 0):
 garbage-first heap   total 524288K, used 47310K [0x00000000e0000000, 0x00000000e0101000, 0x0000000100000000)
  region size 1024K, 4 young (4096K), 4 survivors (4096K)
 Metaspace       used 64947K, capacity 69434K, committed 69632K, reserved 1110016K
  class space    used 8363K, capacity 9102K, committed 9216K, reserved 1048576K
}
{Heap before GC invocations=49 (full 0):
 garbage-first heap   total 524288K, used 357582K [0x00000000e0000000, 0x00000000e0101000, 0x0000000100000000)
  region size 1024K, 307 young (314368K), 4 survivors (4096K)
 Metaspace       used 64947K, capacity 69434K, committed 69632K, reserved 1110016K
  class space    used 8363K, capacity 9102K, committed 9216K, reserved 1048576K
2022-09-12T01:20:19.097+0800: 1216.467: [GC pause (G1 Evacuation Pause) (young) 349M->47310K(512M), 0.0054439 secs]
Heap after GC invocations=50 (full 0):
 garbage-first heap   total 524288K, used 47310K [0x00000000e0000000, 0x00000000e0101000, 0x0000000100000000)
  region size 1024K, 4 young (4096K), 4 survivors (4096K)
 Metaspace       used 64947K, capacity 69434K, committed 69632K, reserved 1110016K
  class space    used 8363K, capacity 9102K, committed 9216K, reserved 1048576K
}
{Heap before GC invocations=50 (full 0):
 garbage-first heap   total 524288K, used 357582K [0x00000000e0000000, 0x00000000e0101000, 0x0000000100000000)
  region size 1024K, 307 young (314368K), 4 survivors (4096K)
 Metaspace       used 64947K, capacity 69434K, committed 69632K, reserved 1110016K
  class space    used 8363K, capacity 9102K, committed 9216K, reserved 1048576K
2022-09-12T01:20:20.133+0800: 1217.504: [GC pause (G1 Evacuation Pause) (young) 349M->47310K(512M), 0.0055821 secs]
Heap after GC invocations=51 (full 0):
 garbage-first heap   total 524288K, used 47310K [0x00000000e0000000, 0x00000000e0101000, 0x0000000100000000)
  region size 1024K, 4 young (4096K), 4 survivors (4096K)
 Metaspace       used 64947K, capacity 69434K, committed 69632K, reserved 1110016K
  class space    used 8363K, capacity 9102K, committed 9216K, reserved 1048576K
}
{Heap before GC invocations=51 (full 0):
 garbage-first heap   total 524288K, used 357582K [0x00000000e0000000, 0x00000000e0101000, 0x0000000100000000)
  region size 1024K, 307 young (314368K), 4 survivors (4096K)
 Metaspace       used 64947K, capacity 69434K, committed 69632K, reserved 1110016K
  class space    used 8363K, capacity 9102K, committed 9216K, reserved 1048576K
2022-09-12T01:20:21.161+0800: 1218.532: [GC pause (G1 Evacuation Pause) (young) 349M->47017K(512M), 0.0055506 secs]
Heap after GC invocations=52 (full 0):
 garbage-first heap   total 524288K, used 47017K [0x00000000e0000000, 0x00000000e0101000, 0x0000000100000000)
  region size 1024K, 3 young (3072K), 3 survivors (3072K)
 Metaspace       used 64947K, capacity 69434K, committed 69632K, reserved 1110016K
  class space    used 8363K, capacity 9102K, committed 9216K, reserved 1048576K
}
{Heap before GC invocations=52 (full 0):
 garbage-first heap   total 524288K, used 358313K [0x00000000e0000000, 0x00000000e0101000, 0x0000000100000000)
  region size 1024K, 307 young (314368K), 3 survivors (3072K)
 Metaspace       used 64947K, capacity 69434K, committed 69632K, reserved 1110016K
  class space    used 8363K, capacity 9102K, committed 9216K, reserved 1048576K
2022-09-12T01:20:22.192+0800: 1219.563: [GC pause (G1 Evacuation Pause) (young) 349M->47179K(512M), 0.0065028 secs]
Heap after GC invocations=53 (full 0):
 garbage-first heap   total 524288K, used 47179K [0x00000000e0000000, 0x00000000e0101000, 0x0000000100000000)
  region size 1024K, 2 young (2048K), 2 survivors (2048K)
 Metaspace       used 64947K, capacity 69434K, committed 69632K, reserved 1110016K
  class space    used 8363K, capacity 9102K, committed 9216K, reserved 1048576K
}
{Heap before GC invocations=53 (full 0):
 garbage-first heap   total 524288K, used 359499K [0x00000000e0000000, 0x00000000e0101000, 0x0000000100000000)
  region size 1024K, 307 young (314368K), 2 survivors (2048K)
 Metaspace       used 64947K, capacity 69434K, committed 69632K, reserved 1110016K
  class space    used 8363K, capacity 9102K, committed 9216K, reserved 1048576K
2022-09-12T01:20:23.229+0800: 1220.600: [GC pause (G1 Evacuation Pause) (young) 351M->47059K(512M), 0.0052667 secs]
Heap after GC invocations=54 (full 0):
 garbage-first heap   total 524288K, used 47059K [0x00000000e0000000, 0x00000000e0101000, 0x0000000100000000)
  region size 1024K, 2 young (2048K), 2 survivors (2048K)
 Metaspace       used 64947K, capacity 69434K, committed 69632K, reserved 1110016K
  class space    used 8363K, capacity 9102K, committed 9216K, reserved 1048576K
}
{Heap before GC invocations=54 (full 0):
 garbage-first heap   total 524288K, used 359379K [0x00000000e0000000, 0x00000000e0101000, 0x0000000100000000)
  region size 1024K, 307 young (314368K), 2 survivors (2048K)
 Metaspace       used 64947K, capacity 69434K, committed 69632K, reserved 1110016K
  class space    used 8363K, capacity 9102K, committed 9216K, reserved 1048576K
2022-09-12T01:20:24.266+0800: 1221.637: [GC pause (G1 Evacuation Pause) (young) 350M->47691K(512M), 0.0051248 secs]
Heap after GC invocations=55 (full 0):
 garbage-first heap   total 524288K, used 47691K [0x00000000e0000000, 0x00000000e0101000, 0x0000000100000000)
  region size 1024K, 3 young (3072K), 3 survivors (3072K)
 Metaspace       used 64947K, capacity 69434K, committed 69632K, reserved 1110016K
  class space    used 8363K, capacity 9102K, committed 9216K, reserved 1048576K
}
{Heap before GC invocations=55 (full 0):
 garbage-first heap   total 524288K, used 358987K [0x00000000e0000000, 0x00000000e0101000, 0x0000000100000000)
  region size 1024K, 307 young (314368K), 3 survivors (3072K)
 Metaspace       used 64947K, capacity 69434K, committed 69632K, reserved 1110016K
  class space    used 8363K, capacity 9102K, committed 9216K, reserved 1048576K
2022-09-12T01:20:25.298+0800: 1222.669: [GC pause (G1 Evacuation Pause) (young) 350M->47713K(512M), 0.0051065 secs]
Heap after GC invocations=56 (full 0):
 garbage-first heap   total 524288K, used 47713K [0x00000000e0000000, 0x00000000e0101000, 0x0000000100000000)
  region size 1024K, 3 young (3072K), 3 survivors (3072K)
 Metaspace       used 64947K, capacity 69434K, committed 69632K, reserved 1110016K
  class space    used 8363K, capacity 9102K, committed 9216K, reserved 1048576K
}
{Heap before GC invocations=56 (full 0):
 garbage-first heap   total 524288K, used 359009K [0x00000000e0000000, 0x00000000e0101000, 0x0000000100000000)
  region size 1024K, 307 young (314368K), 3 survivors (3072K)
 Metaspace       used 64948K, capacity 69434K, committed 69632K, reserved 1110016K
  class space    used 8363K, capacity 9102K, committed 9216K, reserved 1048576K
2022-09-12T01:20:26.329+0800: 1223.700: [GC pause (G1 Evacuation Pause) (young) 350M->46939K(512M), 0.0050477 secs]
Heap after GC invocations=57 (full 0):
 garbage-first heap   total 524288K, used 46939K [0x00000000e0000000, 0x00000000e0101000, 0x0000000100000000)
  region size 1024K, 2 young (2048K), 2 survivors (2048K)
 Metaspace       used 64948K, capacity 69434K, committed 69632K, reserved 1110016K
  class space    used 8363K, capacity 9102K, committed 9216K, reserved 1048576K
}
{Heap before GC invocations=57 (full 0):
 garbage-first heap   total 524288K, used 359259K [0x00000000e0000000, 0x00000000e0101000, 0x0000000100000000)
  region size 1024K, 307 young (314368K), 2 survivors (2048K)
 Metaspace       used 64948K, capacity 69434K, committed 69632K, reserved 1110016K
  class space    used 8363K, capacity 9102K, committed 9216K, reserved 1048576K
2022-09-12T01:20:27.362+0800: 1224.733: [GC pause (G1 Evacuation Pause) (young) 350M->47812K(512M), 0.0053205 secs]
Heap after GC invocations=58 (full 0):
 garbage-first heap   total 524288K, used 47812K [0x00000000e0000000, 0x00000000e0101000, 0x0000000100000000)
  region size 1024K, 3 young (3072K), 3 survivors (3072K)
 Metaspace       used 64948K, capacity 69434K, committed 69632K, reserved 1110016K
  class space    used 8363K, capacity 9102K, committed 9216K, reserved 1048576K
}
{Heap before GC invocations=58 (full 0):
 garbage-first heap   total 524288K, used 359108K [0x00000000e0000000, 0x00000000e0101000, 0x0000000100000000)
  region size 1024K, 307 young (314368K), 3 survivors (3072K)
 Metaspace       used 64948K, capacity 69434K, committed 69632K, reserved 1110016K
  class space    used 8363K, capacity 9102K, committed 9216K, reserved 1048576K
2022-09-12T01:20:28.394+0800: 1225.765: [GC pause (G1 Evacuation Pause) (young) 350M->46853K(512M), 0.0050918 secs]
Heap after GC invocations=59 (full 0):
 garbage-first heap   total 524288K, used 46853K [0x00000000e0000000, 0x00000000e0101000, 0x0000000100000000)
  region size 1024K, 2 young (2048K), 2 survivors (2048K)
 Metaspace       used 64948K, capacity 69434K, committed 69632K, reserved 1110016K
  class space    used 8363K, capacity 9102K, committed 9216K, reserved 1048576K
}
{Heap before GC invocations=59 (full 0):
 garbage-first heap   total 524288K, used 359173K [0x00000000e0000000, 0x00000000e0101000, 0x0000000100000000)
  region size 1024K, 307 young (314368K), 2 survivors (2048K)
 Metaspace       used 64948K, capacity 69434K, committed 69632K, reserved 1110016K
  class space    used 8363K, capacity 9102K, committed 9216K, reserved 1048576K
2022-09-12T01:20:29.432+0800: 1226.803: [GC pause (G1 Evacuation Pause) (young) 350M->47214K(512M), 0.0050087 secs]
Heap after GC invocations=60 (full 0):
 garbage-first heap   total 524288K, used 47214K [0x00000000e0000000, 0x00000000e0101000, 0x0000000100000000)
  region size 1024K, 2 young (2048K), 2 survivors (2048K)
 Metaspace       used 64948K, capacity 69434K, committed 69632K, reserved 1110016K
  class space    used 8363K, capacity 9102K, committed 9216K, reserved 1048576K
}
{Heap before GC invocations=60 (full 0):
 garbage-first heap   total 524288K, used 359534K [0x00000000e0000000, 0x00000000e0101000, 0x0000000100000000)
  region size 1024K, 307 young (314368K), 2 survivors (2048K)
 Metaspace       used 64948K, capacity 69434K, committed 69632K, reserved 1110016K
  class space    used 8363K, capacity 9102K, committed 9216K, reserved 1048576K
2022-09-12T01:20:30.468+0800: 1227.838: [GC pause (G1 Evacuation Pause) (young) 351M->47269K(512M), 0.0051401 secs]
Heap after GC invocations=61 (full 0):
 garbage-first heap   total 524288K, used 47269K [0x00000000e0000000, 0x00000000e0101000, 0x0000000100000000)
  region size 1024K, 2 young (2048K), 2 survivors (2048K)
 Metaspace       used 64948K, capacity 69434K, committed 69632K, reserved 1110016K
  class space    used 8363K, capacity 9102K, committed 9216K, reserved 1048576K
}
{Heap before GC invocations=61 (full 0):
 garbage-first heap   total 524288K, used 359589K [0x00000000e0000000, 0x00000000e0101000, 0x0000000100000000)
  region size 1024K, 307 young (314368K), 2 survivors (2048K)
 Metaspace       used 64948K, capacity 69434K, committed 69632K, reserved 1110016K
  class space    used 8363K, capacity 9102K, committed 9216K, reserved 1048576K
2022-09-12T01:20:31.513+0800: 1228.884: [GC pause (G1 Evacuation Pause) (young) 351M->46864K(512M), 0.0050607 secs]
Heap after GC invocations=62 (full 0):
 garbage-first heap   total 524288K, used 46864K [0x00000000e0000000, 0x00000000e0101000, 0x0000000100000000)
  region size 1024K, 2 young (2048K), 2 survivors (2048K)
 Metaspace       used 64948K, capacity 69434K, committed 69632K, reserved 1110016K
  class space    used 8363K, capacity 9102K, committed 9216K, reserved 1048576K
}
{Heap before GC invocations=62 (full 0):
 garbage-first heap   total 524288K, used 359184K [0x00000000e0000000, 0x00000000e0101000, 0x0000000100000000)
  region size 1024K, 307 young (314368K), 2 survivors (2048K)
 Metaspace       used 64948K, capacity 69434K, committed 69632K, reserved 1110016K
  class space    used 8363K, capacity 9102K, committed 9216K, reserved 1048576K
2022-09-12T01:20:32.551+0800: 1229.922: [GC pause (G1 Evacuation Pause) (young) 350M->47243K(512M), 0.0050705 secs]
Heap after GC invocations=63 (full 0):
 garbage-first heap   total 524288K, used 47243K [0x00000000e0000000, 0x00000000e0101000, 0x0000000100000000)
  region size 1024K, 2 young (2048K), 2 survivors (2048K)
 Metaspace       used 64948K, capacity 69434K, committed 69632K, reserved 1110016K
  class space    used 8363K, capacity 9102K, committed 9216K, reserved 1048576K
}
{Heap before GC invocations=63 (full 0):
 garbage-first heap   total 524288K, used 359563K [0x00000000e0000000, 0x00000000e0101000, 0x0000000100000000)
  region size 1024K, 307 young (314368K), 2 survivors (2048K)
 Metaspace       used 64948K, capacity 69434K, committed 69632K, reserved 1110016K
  class space    used 8363K, capacity 9102K, committed 9216K, reserved 1048576K
2022-09-12T01:20:33.593+0800: 1230.963: [GC pause (G1 Evacuation Pause) (young) 351M->47285K(512M), 0.0050970 secs]
Heap after GC invocations=64 (full 0):
 garbage-first heap   total 524288K, used 47285K [0x00000000e0000000, 0x00000000e0101000, 0x0000000100000000)
  region size 1024K, 2 young (2048K), 2 survivors (2048K)
 Metaspace       used 64948K, capacity 69434K, committed 69632K, reserved 1110016K
  class space    used 8363K, capacity 9102K, committed 9216K, reserved 1048576K
}
{Heap before GC invocations=64 (full 0):
 garbage-first heap   total 524288K, used 359605K [0x00000000e0000000, 0x00000000e0101000, 0x0000000100000000)
  region size 1024K, 307 young (314368K), 2 survivors (2048K)
 Metaspace       used 64950K, capacity 69434K, committed 69632K, reserved 1110016K
  class space    used 8363K, capacity 9102K, committed 9216K, reserved 1048576K
2022-09-12T01:20:34.630+0800: 1232.001: [GC pause (G1 Evacuation Pause) (young) 351M->46873K(512M), 0.0050852 secs]
Heap after GC invocations=65 (full 0):
 garbage-first heap   total 524288K, used 46873K [0x00000000e0000000, 0x00000000e0101000, 0x0000000100000000)
  region size 1024K, 2 young (2048K), 2 survivors (2048K)
 Metaspace       used 64950K, capacity 69434K, committed 69632K, reserved 1110016K
  class space    used 8363K, capacity 9102K, committed 9216K, reserved 1048576K
}
{Heap before GC invocations=65 (full 0):
 garbage-first heap   total 524288K, used 359193K [0x00000000e0000000, 0x00000000e0101000, 0x0000000100000000)
  region size 1024K, 307 young (314368K), 2 survivors (2048K)
 Metaspace       used 64950K, capacity 69434K, committed 69632K, reserved 1110016K
  class space    used 8363K, capacity 9102K, committed 9216K, reserved 1048576K
2022-09-12T01:20:35.669+0800: 1233.040: [GC pause (G1 Evacuation Pause) (young) 350M->47255K(512M), 0.0051298 secs]
Heap after GC invocations=66 (full 0):
 garbage-first heap   total 524288K, used 47255K [0x00000000e0000000, 0x00000000e0101000, 0x0000000100000000)
  region size 1024K, 2 young (2048K), 2 survivors (2048K)
 Metaspace       used 64950K, capacity 69434K, committed 69632K, reserved 1110016K
  class space    used 8363K, capacity 9102K, committed 9216K, reserved 1048576K
}
{Heap before GC invocations=66 (full 0):
 garbage-first heap   total 524288K, used 359575K [0x00000000e0000000, 0x00000000e0101000, 0x0000000100000000)
  region size 1024K, 307 young (314368K), 2 survivors (2048K)
 Metaspace       used 64950K, capacity 69434K, committed 69632K, reserved 1110016K
  class space    used 8363K, capacity 9102K, committed 9216K, reserved 1048576K
2022-09-12T01:20:36.705+0800: 1234.075: [GC pause (G1 Evacuation Pause) (young) 351M->47317K(512M), 0.0049382 secs]
Heap after GC invocations=67 (full 0):
 garbage-first heap   total 524288K, used 47317K [0x00000000e0000000, 0x00000000e0101000, 0x0000000100000000)
  region size 1024K, 2 young (2048K), 2 survivors (2048K)
 Metaspace       used 64950K, capacity 69434K, committed 69632K, reserved 1110016K
  class space    used 8363K, capacity 9102K, committed 9216K, reserved 1048576K
}
{Heap before GC invocations=67 (full 0):
 garbage-first heap   total 524288K, used 359637K [0x00000000e0000000, 0x00000000e0101000, 0x0000000100000000)
  region size 1024K, 307 young (314368K), 2 survivors (2048K)
 Metaspace       used 64950K, capacity 69434K, committed 69632K, reserved 1110016K
  class space    used 8363K, capacity 9102K, committed 9216K, reserved 1048576K
2022-09-12T01:20:37.740+0800: 1235.111: [GC pause (G1 Evacuation Pause) (young) 351M->46892K(512M), 0.0050781 secs]
Heap after GC invocations=68 (full 0):
 garbage-first heap   total 524288K, used 46892K [0x00000000e0000000, 0x00000000e0101000, 0x0000000100000000)
  region size 1024K, 2 young (2048K), 2 survivors (2048K)
 Metaspace       used 64950K, capacity 69434K, committed 69632K, reserved 1110016K
  class space    used 8363K, capacity 9102K, committed 9216K, reserved 1048576K
}
{Heap before GC invocations=68 (full 0):
 garbage-first heap   total 524288K, used 359212K [0x00000000e0000000, 0x00000000e0101000, 0x0000000100000000)
  region size 1024K, 307 young (314368K), 2 survivors (2048K)
 Metaspace       used 64951K, capacity 69434K, committed 69632K, reserved 1110016K
  class space    used 8363K, capacity 9102K, committed 9216K, reserved 1048576K
2022-09-12T01:20:38.774+0800: 1236.145: [GC pause (G1 Evacuation Pause) (young) 350M->47276K(512M), 0.0050292 secs]
Heap after GC invocations=69 (full 0):
 garbage-first heap   total 524288K, used 47276K [0x00000000e0000000, 0x00000000e0101000, 0x0000000100000000)
  region size 1024K, 2 young (2048K), 2 survivors (2048K)
 Metaspace       used 64951K, capacity 69434K, committed 69632K, reserved 1110016K
  class space    used 8363K, capacity 9102K, committed 9216K, reserved 1048576K
}
{Heap before GC invocations=69 (full 0):
 garbage-first heap   total 524288K, used 359596K [0x00000000e0000000, 0x00000000e0101000, 0x0000000100000000)
  region size 1024K, 307 young (314368K), 2 survivors (2048K)
 Metaspace       used 64951K, capacity 69434K, committed 69632K, reserved 1110016K
  class space    used 8363K, capacity 9102K, committed 9216K, reserved 1048576K
2022-09-12T01:20:39.809+0800: 1237.179: [GC pause (G1 Evacuation Pause) (young) 351M->47327K(512M), 0.0049750 secs]
Heap after GC invocations=70 (full 0):
 garbage-first heap   total 524288K, used 47327K [0x00000000e0000000, 0x00000000e0101000, 0x0000000100000000)
  region size 1024K, 2 young (2048K), 2 survivors (2048K)
 Metaspace       used 64951K, capacity 69434K, committed 69632K, reserved 1110016K
  class space    used 8363K, capacity 9102K, committed 9216K, reserved 1048576K
}
{Heap before GC invocations=70 (full 0):
 garbage-first heap   total 524288K, used 359647K [0x00000000e0000000, 0x00000000e0101000, 0x0000000100000000)
  region size 1024K, 307 young (314368K), 2 survivors (2048K)
 Metaspace       used 64951K, capacity 69434K, committed 69632K, reserved 1110016K
  class space    used 8363K, capacity 9102K, committed 9216K, reserved 1048576K
2022-09-12T01:20:40.842+0800: 1238.213: [GC pause (G1 Evacuation Pause) (young) 351M->47056K(512M), 0.0050408 secs]
Heap after GC invocations=71 (full 0):
 garbage-first heap   total 524288K, used 47056K [0x00000000e0000000, 0x00000000e0101000, 0x0000000100000000)
  region size 1024K, 2 young (2048K), 2 survivors (2048K)
 Metaspace       used 64951K, capacity 69434K, committed 69632K, reserved 1110016K
  class space    used 8363K, capacity 9102K, committed 9216K, reserved 1048576K
}
{Heap before GC invocations=71 (full 0):
 garbage-first heap   total 524288K, used 359376K [0x00000000e0000000, 0x00000000e0101000, 0x0000000100000000)
  region size 1024K, 307 young (314368K), 2 survivors (2048K)
 Metaspace       used 64951K, capacity 69434K, committed 69632K, reserved 1110016K
  class space    used 8363K, capacity 9102K, committed 9216K, reserved 1048576K
2022-09-12T01:20:41.885+0800: 1239.255: [GC pause (G1 Evacuation Pause) (young) 350M->47281K(512M), 0.0050195 secs]
Heap after GC invocations=72 (full 0):
 garbage-first heap   total 524288K, used 47281K [0x00000000e0000000, 0x00000000e0101000, 0x0000000100000000)
  region size 1024K, 2 young (2048K), 2 survivors (2048K)
 Metaspace       used 64951K, capacity 69434K, committed 69632K, reserved 1110016K
  class space    used 8363K, capacity 9102K, committed 9216K, reserved 1048576K
}
{Heap before GC invocations=72 (full 0):
 garbage-first heap   total 524288K, used 359601K [0x00000000e0000000, 0x00000000e0101000, 0x0000000100000000)
  region size 1024K, 307 young (314368K), 2 survivors (2048K)
 Metaspace       used 64951K, capacity 69434K, committed 69632K, reserved 1110016K
  class space    used 8363K, capacity 9102K, committed 9216K, reserved 1048576K
2022-09-12T01:20:42.916+0800: 1240.287: [GC pause (G1 Evacuation Pause) (young) 351M->47336K(512M), 0.0051560 secs]
Heap after GC invocations=73 (full 0):
 garbage-first heap   total 524288K, used 47336K [0x00000000e0000000, 0x00000000e0101000, 0x0000000100000000)
  region size 1024K, 2 young (2048K), 2 survivors (2048K)
 Metaspace       used 64951K, capacity 69434K, committed 69632K, reserved 1110016K
  class space    used 8363K, capacity 9102K, committed 9216K, reserved 1048576K
}
{Heap before GC invocations=73 (full 0):
 garbage-first heap   total 524288K, used 359656K [0x00000000e0000000, 0x00000000e0101000, 0x0000000100000000)
  region size 1024K, 307 young (314368K), 2 survivors (2048K)
 Metaspace       used 64951K, capacity 69434K, committed 69632K, reserved 1110016K
  class space    used 8363K, capacity 9102K, committed 9216K, reserved 1048576K
2022-09-12T01:20:43.950+0800: 1241.321: [GC pause (G1 Evacuation Pause) (young) 351M->46921K(512M), 0.0049675 secs]
Heap after GC invocations=74 (full 0):
 garbage-first heap   total 524288K, used 46921K [0x00000000e0000000, 0x00000000e0101000, 0x0000000100000000)
  region size 1024K, 2 young (2048K), 2 survivors (2048K)
 Metaspace       used 64951K, capacity 69434K, committed 69632K, reserved 1110016K
  class space    used 8363K, capacity 9102K, committed 9216K, reserved 1048576K
}
{Heap before GC invocations=74 (full 0):
 garbage-first heap   total 524288K, used 359241K [0x00000000e0000000, 0x00000000e0101000, 0x0000000100000000)
  region size 1024K, 307 young (314368K), 2 survivors (2048K)
 Metaspace       used 64952K, capacity 69434K, committed 69632K, reserved 1110016K
  class space    used 8363K, capacity 9102K, committed 9216K, reserved 1048576K
2022-09-12T01:20:44.985+0800: 1242.356: [GC pause (G1 Evacuation Pause) (young) 350M->47275K(512M), 0.0050081 secs]
Heap after GC invocations=75 (full 0):
 garbage-first heap   total 524288K, used 47275K [0x00000000e0000000, 0x00000000e0101000, 0x0000000100000000)
  region size 1024K, 2 young (2048K), 2 survivors (2048K)
 Metaspace       used 64952K, capacity 69434K, committed 69632K, reserved 1110016K
  class space    used 8363K, capacity 9102K, committed 9216K, reserved 1048576K
}
{Heap before GC invocations=75 (full 0):
 garbage-first heap   total 524288K, used 359595K [0x00000000e0000000, 0x00000000e0101000, 0x0000000100000000)
  region size 1024K, 307 young (314368K), 2 survivors (2048K)
 Metaspace       used 64952K, capacity 69434K, committed 69632K, reserved 1110016K
  class space    used 8363K, capacity 9102K, committed 9216K, reserved 1048576K
2022-09-12T01:20:46.021+0800: 1243.392: [GC pause (G1 Evacuation Pause) (young) 351M->47360K(512M), 0.0050806 secs]
Heap after GC invocations=76 (full 0):
 garbage-first heap   total 524288K, used 47360K [0x00000000e0000000, 0x00000000e0101000, 0x0000000100000000)
  region size 1024K, 2 young (2048K), 2 survivors (2048K)
 Metaspace       used 64952K, capacity 69434K, committed 69632K, reserved 1110016K
  class space    used 8363K, capacity 9102K, committed 9216K, reserved 1048576K
}
{Heap before GC invocations=76 (full 0):
 garbage-first heap   total 524288K, used 359680K [0x00000000e0000000, 0x00000000e0101000, 0x0000000100000000)
  region size 1024K, 307 young (314368K), 2 survivors (2048K)
 Metaspace       used 64952K, capacity 69434K, committed 69632K, reserved 1110016K
  class space    used 8363K, capacity 9102K, committed 9216K, reserved 1048576K
2022-09-12T01:20:47.071+0800: 1244.441: [GC pause (G1 Evacuation Pause) (young) 351M->46935K(512M), 0.0051225 secs]
Heap after GC invocations=77 (full 0):
 garbage-first heap   total 524288K, used 46935K [0x00000000e0000000, 0x00000000e0101000, 0x0000000100000000)
  region size 1024K, 2 young (2048K), 2 survivors (2048K)
 Metaspace       used 64952K, capacity 69434K, committed 69632K, reserved 1110016K
  class space    used 8363K, capacity 9102K, committed 9216K, reserved 1048576K
}
{Heap before GC invocations=77 (full 0):
 garbage-first heap   total 524288K, used 359255K [0x00000000e0000000, 0x00000000e0101000, 0x0000000100000000)
  region size 1024K, 307 young (314368K), 2 survivors (2048K)
 Metaspace       used 64952K, capacity 69434K, committed 69632K, reserved 1110016K
  class space    used 8363K, capacity 9102K, committed 9216K, reserved 1048576K
2022-09-12T01:20:48.112+0800: 1245.483: [GC pause (G1 Evacuation Pause) (young) 350M->47299K(512M), 0.0050443 secs]
Heap after GC invocations=78 (full 0):
 garbage-first heap   total 524288K, used 47299K [0x00000000e0000000, 0x00000000e0101000, 0x0000000100000000)
  region size 1024K, 2 young (2048K), 2 survivors (2048K)
 Metaspace       used 64952K, capacity 69434K, committed 69632K, reserved 1110016K
  class space    used 8363K, capacity 9102K, committed 9216K, reserved 1048576K
}
{Heap before GC invocations=78 (full 0):
 garbage-first heap   total 524288K, used 359619K [0x00000000e0000000, 0x00000000e0101000, 0x0000000100000000)
  region size 1024K, 307 young (314368K), 2 survivors (2048K)
 Metaspace       used 64952K, capacity 69434K, committed 69632K, reserved 1110016K
  class space    used 8363K, capacity 9102K, committed 9216K, reserved 1048576K
2022-09-12T01:20:49.149+0800: 1246.520: [GC pause (G1 Evacuation Pause) (young) 351M->47355K(512M), 0.0050474 secs]
Heap after GC invocations=79 (full 0):
 garbage-first heap   total 524288K, used 47355K [0x00000000e0000000, 0x00000000e0101000, 0x0000000100000000)
  region size 1024K, 2 young (2048K), 2 survivors (2048K)
 Metaspace       used 64952K, capacity 69434K, committed 69632K, reserved 1110016K
  class space    used 8363K, capacity 9102K, committed 9216K, reserved 1048576K
}
{Heap before GC invocations=79 (full 0):
 garbage-first heap   total 524288K, used 359675K [0x00000000e0000000, 0x00000000e0101000, 0x0000000100000000)
  region size 1024K, 307 young (314368K), 2 survivors (2048K)
 Metaspace       used 64952K, capacity 69434K, committed 69632K, reserved 1110016K
  class space    used 8363K, capacity 9102K, committed 9216K, reserved 1048576K
2022-09-12T01:20:50.184+0800: 1247.555: [GC pause (G1 Evacuation Pause) (young) 351M->46941K(512M), 0.0052200 secs]
Heap after GC invocations=80 (full 0):
 garbage-first heap   total 524288K, used 46941K [0x00000000e0000000, 0x00000000e0101000, 0x0000000100000000)
  region size 1024K, 2 young (2048K), 2 survivors (2048K)
 Metaspace       used 64952K, capacity 69434K, committed 69632K, reserved 1110016K
  class space    used 8363K, capacity 9102K, committed 9216K, reserved 1048576K
}
{Heap before GC invocations=80 (full 0):
 garbage-first heap   total 524288K, used 359261K [0x00000000e0000000, 0x00000000e0101000, 0x0000000100000000)
  region size 1024K, 307 young (314368K), 2 survivors (2048K)
 Metaspace       used 64952K, capacity 69434K, committed 69632K, reserved 1110016K
  class space    used 8363K, capacity 9102K, committed 9216K, reserved 1048576K
2022-09-12T01:20:51.220+0800: 1248.590: [GC pause (G1 Evacuation Pause) (young) 350M->47309K(512M), 0.0050069 secs]
Heap after GC invocations=81 (full 0):
 garbage-first heap   total 524288K, used 47309K [0x00000000e0000000, 0x00000000e0101000, 0x0000000100000000)
  region size 1024K, 2 young (2048K), 2 survivors (2048K)
 Metaspace       used 64952K, capacity 69434K, committed 69632K, reserved 1110016K
  class space    used 8363K, capacity 9102K, committed 9216K, reserved 1048576K
}
{Heap before GC invocations=81 (full 0):
 garbage-first heap   total 524288K, used 359629K [0x00000000e0000000, 0x00000000e0101000, 0x0000000100000000)
  region size 1024K, 307 young (314368K), 2 survivors (2048K)
 Metaspace       used 64952K, capacity 69434K, committed 69632K, reserved 1110016K
  class space    used 8363K, capacity 9102K, committed 9216K, reserved 1048576K
2022-09-12T01:20:52.255+0800: 1249.625: [GC pause (G1 Evacuation Pause) (young) 351M->47364K(512M), 0.0051086 secs]
Heap after GC invocations=82 (full 0):
 garbage-first heap   total 524288K, used 47364K [0x00000000e0000000, 0x00000000e0101000, 0x0000000100000000)
  region size 1024K, 2 young (2048K), 2 survivors (2048K)
 Metaspace       used 64952K, capacity 69434K, committed 69632K, reserved 1110016K
  class space    used 8363K, capacity 9102K, committed 9216K, reserved 1048576K
}
{Heap before GC invocations=82 (full 0):
 garbage-first heap   total 524288K, used 359684K [0x00000000e0000000, 0x00000000e0101000, 0x0000000100000000)
  region size 1024K, 307 young (314368K), 2 survivors (2048K)
 Metaspace       used 64952K, capacity 69434K, committed 69632K, reserved 1110016K
  class space    used 8363K, capacity 9102K, committed 9216K, reserved 1048576K
2022-09-12T01:20:53.292+0800: 1250.662: [GC pause (G1 Evacuation Pause) (young) 351M->46951K(512M), 0.0050827 secs]
Heap after GC invocations=83 (full 0):
 garbage-first heap   total 524288K, used 46951K [0x00000000e0000000, 0x00000000e0101000, 0x0000000100000000)
  region size 1024K, 2 young (2048K), 2 survivors (2048K)
 Metaspace       used 64952K, capacity 69434K, committed 69632K, reserved 1110016K
  class space    used 8363K, capacity 9102K, committed 9216K, reserved 1048576K
}
{Heap before GC invocations=83 (full 0):
 garbage-first heap   total 524288K, used 359271K [0x00000000e0000000, 0x00000000e0101000, 0x0000000100000000)
  region size 1024K, 307 young (314368K), 2 survivors (2048K)
 Metaspace       used 64952K, capacity 69434K, committed 69632K, reserved 1110016K
  class space    used 8363K, capacity 9102K, committed 9216K, reserved 1048576K
2022-09-12T01:20:54.330+0800: 1251.700: [GC pause (G1 Evacuation Pause) (young) 350M->47325K(512M), 0.0050086 secs]
Heap after GC invocations=84 (full 0):
 garbage-first heap   total 524288K, used 47325K [0x00000000e0000000, 0x00000000e0101000, 0x0000000100000000)
  region size 1024K, 2 young (2048K), 2 survivors (2048K)
 Metaspace       used 64952K, capacity 69434K, committed 69632K, reserved 1110016K
  class space    used 8363K, capacity 9102K, committed 9216K, reserved 1048576K
}
{Heap before GC invocations=84 (full 0):
 garbage-first heap   total 524288K, used 359645K [0x00000000e0000000, 0x00000000e0101000, 0x0000000100000000)
  region size 1024K, 307 young (314368K), 2 survivors (2048K)
 Metaspace       used 64952K, capacity 69434K, committed 69632K, reserved 1110016K
  class space    used 8363K, capacity 9102K, committed 9216K, reserved 1048576K
2022-09-12T01:20:55.365+0800: 1252.736: [GC pause (G1 Evacuation Pause) (young) 351M->47382K(512M), 0.0050064 secs]
Heap after GC invocations=85 (full 0):
 garbage-first heap   total 524288K, used 47382K [0x00000000e0000000, 0x00000000e0101000, 0x0000000100000000)
  region size 1024K, 2 young (2048K), 2 survivors (2048K)
 Metaspace       used 64952K, capacity 69434K, committed 69632K, reserved 1110016K
  class space    used 8363K, capacity 9102K, committed 9216K, reserved 1048576K
}
{Heap before GC invocations=85 (full 0):
 garbage-first heap   total 524288K, used 359702K [0x00000000e0000000, 0x00000000e0101000, 0x0000000100000000)
  region size 1024K, 307 young (314368K), 2 survivors (2048K)
 Metaspace       used 64952K, capacity 69434K, committed 69632K, reserved 1110016K
  class space    used 8363K, capacity 9102K, committed 9216K, reserved 1048576K
2022-09-12T01:20:56.398+0800: 1253.769: [GC pause (G1 Evacuation Pause) (young) 351M->46968K(512M), 0.0050819 secs]
Heap after GC invocations=86 (full 0):
 garbage-first heap   total 524288K, used 46968K [0x00000000e0000000, 0x00000000e0101000, 0x0000000100000000)
  region size 1024K, 2 young (2048K), 2 survivors (2048K)
 Metaspace       used 64952K, capacity 69434K, committed 69632K, reserved 1110016K
  class space    used 8363K, capacity 9102K, committed 9216K, reserved 1048576K
}
{Heap before GC invocations=86 (full 0):
 garbage-first heap   total 524288K, used 359288K [0x00000000e0000000, 0x00000000e0101000, 0x0000000100000000)
  region size 1024K, 307 young (314368K), 2 survivors (2048K)
 Metaspace       used 64953K, capacity 69434K, committed 69632K, reserved 1110016K
  class space    used 8363K, capacity 9102K, committed 9216K, reserved 1048576K
2022-09-12T01:20:57.430+0800: 1254.800: [GC pause (G1 Evacuation Pause) (young) 350M->47342K(512M), 0.0051367 secs]
Heap after GC invocations=87 (full 0):
 garbage-first heap   total 524288K, used 47342K [0x00000000e0000000, 0x00000000e0101000, 0x0000000100000000)
  region size 1024K, 2 young (2048K), 2 survivors (2048K)
 Metaspace       used 64953K, capacity 69434K, committed 69632K, reserved 1110016K
  class space    used 8363K, capacity 9102K, committed 9216K, reserved 1048576K
}
{Heap before GC invocations=87 (full 0):
 garbage-first heap   total 524288K, used 359662K [0x00000000e0000000, 0x00000000e0101000, 0x0000000100000000)
  region size 1024K, 307 young (314368K), 2 survivors (2048K)
 Metaspace       used 64953K, capacity 69434K, committed 69632K, reserved 1110016K
  class space    used 8363K, capacity 9102K, committed 9216K, reserved 1048576K
2022-09-12T01:20:58.464+0800: 1255.834: [GC pause (G1 Evacuation Pause) (young) 351M->47391K(512M), 0.0053900 secs]
Heap after GC invocations=88 (full 0):
 garbage-first heap   total 524288K, used 47391K [0x00000000e0000000, 0x00000000e0101000, 0x0000000100000000)
  region size 1024K, 2 young (2048K), 2 survivors (2048K)
 Metaspace       used 64953K, capacity 69434K, committed 69632K, reserved 1110016K
  class space    used 8363K, capacity 9102K, committed 9216K, reserved 1048576K
}
{Heap before GC invocations=88 (full 0):
 garbage-first heap   total 524288K, used 359711K [0x00000000e0000000, 0x00000000e0101000, 0x0000000100000000)
  region size 1024K, 307 young (314368K), 2 survivors (2048K)
 Metaspace       used 64953K, capacity 69434K, committed 69632K, reserved 1110016K
  class space    used 8363K, capacity 9102K, committed 9216K, reserved 1048576K
2022-09-12T01:20:59.501+0800: 1256.872: [GC pause (G1 Evacuation Pause) (young) 351M->47172K(512M), 0.0050129 secs]
Heap after GC invocations=89 (full 0):
 garbage-first heap   total 524288K, used 47172K [0x00000000e0000000, 0x00000000e0101000, 0x0000000100000000)
  region size 1024K, 2 young (2048K), 2 survivors (2048K)
 Metaspace       used 64953K, capacity 69434K, committed 69632K, reserved 1110016K
  class space    used 8363K, capacity 9102K, committed 9216K, reserved 1048576K
}
{Heap before GC invocations=89 (full 0):
 garbage-first heap   total 524288K, used 359492K [0x00000000e0000000, 0x00000000e0101000, 0x0000000100000000)
  region size 1024K, 307 young (314368K), 2 survivors (2048K)
 Metaspace       used 64954K, capacity 69434K, committed 69632K, reserved 1110016K
  class space    used 8363K, capacity 9102K, committed 9216K, reserved 1048576K
2022-09-12T01:21:00.541+0800: 1257.912: [GC pause (G1 Evacuation Pause) (young) 351M->47398K(512M), 0.0049723 secs]
Heap after GC invocations=90 (full 0):
 garbage-first heap   total 524288K, used 47398K [0x00000000e0000000, 0x00000000e0101000, 0x0000000100000000)
  region size 1024K, 2 young (2048K), 2 survivors (2048K)
 Metaspace       used 64954K, capacity 69434K, committed 69632K, reserved 1110016K
  class space    used 8363K, capacity 9102K, committed 9216K, reserved 1048576K
}
{Heap before GC invocations=90 (full 0):
 garbage-first heap   total 524288K, used 359718K [0x00000000e0000000, 0x00000000e0101000, 0x0000000100000000)
  region size 1024K, 307 young (314368K), 2 survivors (2048K)
 Metaspace       used 64958K, capacity 69434K, committed 69632K, reserved 1110016K
  class space    used 8363K, capacity 9102K, committed 9216K, reserved 1048576K
2022-09-12T01:21:01.584+0800: 1258.954: [GC pause (G1 Evacuation Pause) (young) 351M->46979K(512M), 0.0050050 secs]
Heap after GC invocations=91 (full 0):
 garbage-first heap   total 524288K, used 46979K [0x00000000e0000000, 0x00000000e0101000, 0x0000000100000000)
  region size 1024K, 2 young (2048K), 2 survivors (2048K)
 Metaspace       used 64958K, capacity 69434K, committed 69632K, reserved 1110016K
  class space    used 8363K, capacity 9102K, committed 9216K, reserved 1048576K
}
{Heap before GC invocations=91 (full 0):
 garbage-first heap   total 524288K, used 359299K [0x00000000e0000000, 0x00000000e0101000, 0x0000000100000000)
  region size 1024K, 307 young (314368K), 2 survivors (2048K)
 Metaspace       used 64958K, capacity 69434K, committed 69632K, reserved 1110016K
  class space    used 8363K, capacity 9102K, committed 9216K, reserved 1048576K
2022-09-12T01:21:02.618+0800: 1259.988: [GC pause (G1 Evacuation Pause) (young) 350M->47334K(512M), 0.0050875 secs]
Heap after GC invocations=92 (full 0):
 garbage-first heap   total 524288K, used 47334K [0x00000000e0000000, 0x00000000e0101000, 0x0000000100000000)
  region size 1024K, 2 young (2048K), 2 survivors (2048K)
 Metaspace       used 64958K, capacity 69434K, committed 69632K, reserved 1110016K
  class space    used 8363K, capacity 9102K, committed 9216K, reserved 1048576K
}
{Heap before GC invocations=92 (full 0):
 garbage-first heap   total 524288K, used 359654K [0x00000000e0000000, 0x00000000e0101000, 0x0000000100000000)
  region size 1024K, 307 young (314368K), 2 survivors (2048K)
 Metaspace       used 64958K, capacity 69434K, committed 69632K, reserved 1110016K
  class space    used 8363K, capacity 9102K, committed 9216K, reserved 1048576K
2022-09-12T01:21:03.655+0800: 1261.026: [GC pause (G1 Evacuation Pause) (young) 351M->47411K(512M), 0.0050354 secs]
Heap after GC invocations=93 (full 0):
 garbage-first heap   total 524288K, used 47411K [0x00000000e0000000, 0x00000000e0101000, 0x0000000100000000)
  region size 1024K, 2 young (2048K), 2 survivors (2048K)
 Metaspace       used 64958K, capacity 69434K, committed 69632K, reserved 1110016K
  class space    used 8363K, capacity 9102K, committed 9216K, reserved 1048576K
}
{Heap before GC invocations=93 (full 0):
 garbage-first heap   total 524288K, used 359731K [0x00000000e0000000, 0x00000000e0101000, 0x0000000100000000)
  region size 1024K, 307 young (314368K), 2 survivors (2048K)
 Metaspace       used 64958K, capacity 69434K, committed 69632K, reserved 1110016K
  class space    used 8363K, capacity 9102K, committed 9216K, reserved 1048576K
2022-09-12T01:21:04.702+0800: 1262.073: [GC pause (G1 Evacuation Pause) (young) 351M->46986K(512M), 0.0051207 secs]
Heap after GC invocations=94 (full 0):
 garbage-first heap   total 524288K, used 46986K [0x00000000e0000000, 0x00000000e0101000, 0x0000000100000000)
  region size 1024K, 2 young (2048K), 2 survivors (2048K)
 Metaspace       used 64958K, capacity 69434K, committed 69632K, reserved 1110016K
  class space    used 8363K, capacity 9102K, committed 9216K, reserved 1048576K
}
{Heap before GC invocations=94 (full 0):
 garbage-first heap   total 524288K, used 359306K [0x00000000e0000000, 0x00000000e0101000, 0x0000000100000000)
  region size 1024K, 307 young (314368K), 2 survivors (2048K)
 Metaspace       used 64958K, capacity 69434K, committed 69632K, reserved 1110016K
  class space    used 8363K, capacity 9102K, committed 9216K, reserved 1048576K
2022-09-12T01:21:05.739+0800: 1263.109: [GC pause (G1 Evacuation Pause) (young) 350M->47342K(512M), 0.0050449 secs]
Heap after GC invocations=95 (full 0):
 garbage-first heap   total 524288K, used 47342K [0x00000000e0000000, 0x00000000e0101000, 0x0000000100000000)
  region size 1024K, 2 young (2048K), 2 survivors (2048K)
 Metaspace       used 64958K, capacity 69434K, committed 69632K, reserved 1110016K
  class space    used 8363K, capacity 9102K, committed 9216K, reserved 1048576K
}
{Heap before GC invocations=95 (full 0):
 garbage-first heap   total 524288K, used 359662K [0x00000000e0000000, 0x00000000e0101000, 0x0000000100000000)
  region size 1024K, 307 young (314368K), 2 survivors (2048K)
 Metaspace       used 64958K, capacity 69434K, committed 69632K, reserved 1110016K
  class space    used 8363K, capacity 9102K, committed 9216K, reserved 1048576K
2022-09-12T01:21:06.772+0800: 1264.143: [GC pause (G1 Evacuation Pause) (young) 351M->47407K(512M), 0.0050774 secs]
Heap after GC invocations=96 (full 0):
 garbage-first heap   total 524288K, used 47407K [0x00000000e0000000, 0x00000000e0101000, 0x0000000100000000)
  region size 1024K, 2 young (2048K), 2 survivors (2048K)
 Metaspace       used 64958K, capacity 69434K, committed 69632K, reserved 1110016K
  class space    used 8363K, capacity 9102K, committed 9216K, reserved 1048576K
}
{Heap before GC invocations=96 (full 0):
 garbage-first heap   total 524288K, used 359727K [0x00000000e0000000, 0x00000000e0101000, 0x0000000100000000)
  region size 1024K, 307 young (314368K), 2 survivors (2048K)
 Metaspace       used 64958K, capacity 69434K, committed 69632K, reserved 1110016K
  class space    used 8363K, capacity 9102K, committed 9216K, reserved 1048576K
2022-09-12T01:21:07.809+0800: 1265.179: [GC pause (G1 Evacuation Pause) (young) 351M->46995K(512M), 0.0050552 secs]
Heap after GC invocations=97 (full 0):
 garbage-first heap   total 524288K, used 46995K [0x00000000e0000000, 0x00000000e0101000, 0x0000000100000000)
  region size 1024K, 2 young (2048K), 2 survivors (2048K)
 Metaspace       used 64958K, capacity 69434K, committed 69632K, reserved 1110016K
  class space    used 8363K, capacity 9102K, committed 9216K, reserved 1048576K
}
{Heap before GC invocations=97 (full 0):
 garbage-first heap   total 524288K, used 359315K [0x00000000e0000000, 0x00000000e0101000, 0x0000000100000000)
  region size 1024K, 307 young (314368K), 2 survivors (2048K)
 Metaspace       used 64958K, capacity 69434K, committed 69632K, reserved 1110016K
  class space    used 8363K, capacity 9102K, committed 9216K, reserved 1048576K
2022-09-12T01:21:08.849+0800: 1266.220: [GC pause (G1 Evacuation Pause) (young) 350M->47373K(512M), 0.0051369 secs]
Heap after GC invocations=98 (full 0):
 garbage-first heap   total 524288K, used 47373K [0x00000000e0000000, 0x00000000e0101000, 0x0000000100000000)
  region size 1024K, 2 young (2048K), 2 survivors (2048K)
 Metaspace       used 64958K, capacity 69434K, committed 69632K, reserved 1110016K
  class space    used 8363K, capacity 9102K, committed 9216K, reserved 1048576K
}
{Heap before GC invocations=98 (full 0):
 garbage-first heap   total 524288K, used 359693K [0x00000000e0000000, 0x00000000e0101000, 0x0000000100000000)
  region size 1024K, 307 young (314368K), 2 survivors (2048K)
 Metaspace       used 64958K, capacity 69434K, committed 69632K, reserved 1110016K
  class space    used 8363K, capacity 9102K, committed 9216K, reserved 1048576K
2022-09-12T01:21:09.882+0800: 1267.253: [GC pause (G1 Evacuation Pause) (young) 351M->47423K(512M), 0.0050373 secs]
Heap after GC invocations=99 (full 0):
 garbage-first heap   total 524288K, used 47423K [0x00000000e0000000, 0x00000000e0101000, 0x0000000100000000)
  region size 1024K, 2 young (2048K), 2 survivors (2048K)
 Metaspace       used 64958K, capacity 69434K, committed 69632K, reserved 1110016K
  class space    used 8363K, capacity 9102K, committed 9216K, reserved 1048576K
}
{Heap before GC invocations=99 (full 0):
 garbage-first heap   total 524288K, used 359743K [0x00000000e0000000, 0x00000000e0101000, 0x0000000100000000)
  region size 1024K, 307 young (314368K), 2 survivors (2048K)
 Metaspace       used 64963K, capacity 69434K, committed 69632K, reserved 1110016K
  class space    used 8363K, capacity 9102K, committed 9216K, reserved 1048576K
2022-09-12T01:21:10.917+0800: 1268.288: [GC pause (G1 Evacuation Pause) (young) 351M->47003K(512M), 0.0050290 secs]
Heap after GC invocations=100 (full 0):
 garbage-first heap   total 524288K, used 47003K [0x00000000e0000000, 0x00000000e0101000, 0x0000000100000000)
  region size 1024K, 2 young (2048K), 2 survivors (2048K)
 Metaspace       used 64963K, capacity 69434K, committed 69632K, reserved 1110016K
  class space    used 8363K, capacity 9102K, committed 9216K, reserved 1048576K
}
{Heap before GC invocations=100 (full 0):
 garbage-first heap   total 524288K, used 359323K [0x00000000e0000000, 0x00000000e0101000, 0x0000000100000000)
  region size 1024K, 307 young (314368K), 2 survivors (2048K)
 Metaspace       used 64970K, capacity 69434K, committed 69632K, reserved 1110016K
  class space    used 8363K, capacity 9102K, committed 9216K, reserved 1048576K
2022-09-12T01:21:11.960+0800: 1269.331: [GC pause (G1 Evacuation Pause) (young) 350M->47379K(512M), 0.0050884 secs]
Heap after GC invocations=101 (full 0):
 garbage-first heap   total 524288K, used 47379K [0x00000000e0000000, 0x00000000e0101000, 0x0000000100000000)
  region size 1024K, 2 young (2048K), 2 survivors (2048K)
 Metaspace       used 64970K, capacity 69434K, committed 69632K, reserved 1110016K
  class space    used 8363K, capacity 9102K, committed 9216K, reserved 1048576K
}
{Heap before GC invocations=101 (full 0):
 garbage-first heap   total 524288K, used 359699K [0x00000000e0000000, 0x00000000e0101000, 0x0000000100000000)
  region size 1024K, 307 young (314368K), 2 survivors (2048K)
 Metaspace       used 64970K, capacity 69434K, committed 69632K, reserved 1110016K
  class space    used 8363K, capacity 9102K, committed 9216K, reserved 1048576K
2022-09-12T01:21:12.999+0800: 1270.370: [GC pause (G1 Evacuation Pause) (young) 351M->47432K(512M), 0.0050573 secs]
Heap after GC invocations=102 (full 0):
 garbage-first heap   total 524288K, used 47432K [0x00000000e0000000, 0x00000000e0101000, 0x0000000100000000)
  region size 1024K, 2 young (2048K), 2 survivors (2048K)
 Metaspace       used 64970K, capacity 69434K, committed 69632K, reserved 1110016K
  class space    used 8363K, capacity 9102K, committed 9216K, reserved 1048576K
}
{Heap before GC invocations=102 (full 0):
 garbage-first heap   total 524288K, used 359752K [0x00000000e0000000, 0x00000000e0101000, 0x0000000100000000)
  region size 1024K, 307 young (314368K), 2 survivors (2048K)
 Metaspace       used 64971K, capacity 69434K, committed 69632K, reserved 1110016K
  class space    used 8363K, capacity 9102K, committed 9216K, reserved 1048576K
2022-09-12T01:21:14.046+0800: 1271.417: [GC pause (G1 Evacuation Pause) (young) 351M->47016K(512M), 0.0049994 secs]
Heap after GC invocations=103 (full 0):
 garbage-first heap   total 524288K, used 47016K [0x00000000e0000000, 0x00000000e0101000, 0x0000000100000000)
  region size 1024K, 2 young (2048K), 2 survivors (2048K)
 Metaspace       used 64971K, capacity 69434K, committed 69632K, reserved 1110016K
  class space    used 8363K, capacity 9102K, committed 9216K, reserved 1048576K
}
{Heap before GC invocations=103 (full 0):
 garbage-first heap   total 524288K, used 359336K [0x00000000e0000000, 0x00000000e0101000, 0x0000000100000000)
  region size 1024K, 307 young (314368K), 2 survivors (2048K)
 Metaspace       used 64971K, capacity 69434K, committed 69632K, reserved 1110016K
  class space    used 8363K, capacity 9102K, committed 9216K, reserved 1048576K
2022-09-12T01:21:15.081+0800: 1272.452: [GC pause (G1 Evacuation Pause) (young) 350M->47388K(512M), 0.0050734 secs]
Heap after GC invocations=104 (full 0):
 garbage-first heap   total 524288K, used 47388K [0x00000000e0000000, 0x00000000e0101000, 0x0000000100000000)
  region size 1024K, 2 young (2048K), 2 survivors (2048K)
 Metaspace       used 64971K, capacity 69434K, committed 69632K, reserved 1110016K
  class space    used 8363K, capacity 9102K, committed 9216K, reserved 1048576K
}
{Heap before GC invocations=104 (full 0):
 garbage-first heap   total 524288K, used 359708K [0x00000000e0000000, 0x00000000e0101000, 0x0000000100000000)
  region size 1024K, 307 young (314368K), 2 survivors (2048K)
 Metaspace       used 64971K, capacity 69434K, committed 69632K, reserved 1110016K
  class space    used 8363K, capacity 9102K, committed 9216K, reserved 1048576K
2022-09-12T01:21:16.127+0800: 1273.497: [GC pause (G1 Evacuation Pause) (young) 351M->47435K(512M), 0.0051268 secs]
Heap after GC invocations=105 (full 0):
 garbage-first heap   total 524288K, used 47435K [0x00000000e0000000, 0x00000000e0101000, 0x0000000100000000)
  region size 1024K, 2 young (2048K), 2 survivors (2048K)
 Metaspace       used 64971K, capacity 69434K, committed 69632K, reserved 1110016K
  class space    used 8363K, capacity 9102K, committed 9216K, reserved 1048576K
}
{Heap before GC invocations=105 (full 0):
 garbage-first heap   total 524288K, used 359755K [0x00000000e0000000, 0x00000000e0101000, 0x0000000100000000)
  region size 1024K, 307 young (314368K), 2 survivors (2048K)
 Metaspace       used 64971K, capacity 69434K, committed 69632K, reserved 1110016K
  class space    used 8363K, capacity 9102K, committed 9216K, reserved 1048576K
2022-09-12T01:21:17.162+0800: 1274.533: [GC pause (G1 Evacuation Pause) (young) 351M->47018K(512M), 0.0051303 secs]
Heap after GC invocations=106 (full 0):
 garbage-first heap   total 524288K, used 47018K [0x00000000e0000000, 0x00000000e0101000, 0x0000000100000000)
  region size 1024K, 2 young (2048K), 2 survivors (2048K)
 Metaspace       used 64971K, capacity 69434K, committed 69632K, reserved 1110016K
  class space    used 8363K, capacity 9102K, committed 9216K, reserved 1048576K
}
{Heap before GC invocations=106 (full 0):
 garbage-first heap   total 524288K, used 359338K [0x00000000e0000000, 0x00000000e0101000, 0x0000000100000000)
  region size 1024K, 307 young (314368K), 2 survivors (2048K)
 Metaspace       used 64972K, capacity 69434K, committed 69632K, reserved 1110016K
  class space    used 8363K, capacity 9102K, committed 9216K, reserved 1048576K
2022-09-12T01:21:18.213+0800: 1275.584: [GC pause (G1 Evacuation Pause) (young) 350M->47403K(512M), 0.0050129 secs]
Heap after GC invocations=107 (full 0):
 garbage-first heap   total 524288K, used 47403K [0x00000000e0000000, 0x00000000e0101000, 0x0000000100000000)
  region size 1024K, 2 young (2048K), 2 survivors (2048K)
 Metaspace       used 64972K, capacity 69434K, committed 69632K, reserved 1110016K
  class space    used 8363K, capacity 9102K, committed 9216K, reserved 1048576K
}
{Heap before GC invocations=107 (full 0):
 garbage-first heap   total 524288K, used 359723K [0x00000000e0000000, 0x00000000e0101000, 0x0000000100000000)
  region size 1024K, 307 young (314368K), 2 survivors (2048K)
 Metaspace       used 64972K, capacity 69434K, committed 69632K, reserved 1110016K
  class space    used 8363K, capacity 9102K, committed 9216K, reserved 1048576K
2022-09-12T01:21:19.250+0800: 1276.620: [GC pause (G1 Evacuation Pause) (young) 351M->47454K(512M), 0.0049018 secs]
Heap after GC invocations=108 (full 0):
 garbage-first heap   total 524288K, used 47454K [0x00000000e0000000, 0x00000000e0101000, 0x0000000100000000)
  region size 1024K, 2 young (2048K), 2 survivors (2048K)
 Metaspace       used 64972K, capacity 69434K, committed 69632K, reserved 1110016K
  class space    used 8363K, capacity 9102K, committed 9216K, reserved 1048576K
}
{Heap before GC invocations=108 (full 0):
 garbage-first heap   total 524288K, used 359774K [0x00000000e0000000, 0x00000000e0101000, 0x0000000100000000)
  region size 1024K, 307 young (314368K), 2 survivors (2048K)
 Metaspace       used 64972K, capacity 69434K, committed 69632K, reserved 1110016K
  class space    used 8363K, capacity 9102K, committed 9216K, reserved 1048576K
2022-09-12T01:21:20.287+0800: 1277.658: [GC pause (G1 Evacuation Pause) (young) 351M->47029K(512M), 0.0049865 secs]
Heap after GC invocations=109 (full 0):
 garbage-first heap   total 524288K, used 47029K [0x00000000e0000000, 0x00000000e0101000, 0x0000000100000000)
  region size 1024K, 2 young (2048K), 2 survivors (2048K)
 Metaspace       used 64972K, capacity 69434K, committed 69632K, reserved 1110016K
  class space    used 8363K, capacity 9102K, committed 9216K, reserved 1048576K
}
{Heap before GC invocations=109 (full 0):
 garbage-first heap   total 524288K, used 359349K [0x00000000e0000000, 0x00000000e0101000, 0x0000000100000000)
  region size 1024K, 307 young (314368K), 2 survivors (2048K)
 Metaspace       used 64972K, capacity 69434K, committed 69632K, reserved 1110016K
  class space    used 8363K, capacity 9102K, committed 9216K, reserved 1048576K
2022-09-12T01:21:21.321+0800: 1278.692: [GC pause (G1 Evacuation Pause) (young) 350M->47388K(512M), 0.0049460 secs]
Heap after GC invocations=110 (full 0):
 garbage-first heap   total 524288K, used 47388K [0x00000000e0000000, 0x00000000e0101000, 0x0000000100000000)
  region size 1024K, 2 young (2048K), 2 survivors (2048K)
 Metaspace       used 64972K, capacity 69434K, committed 69632K, reserved 1110016K
  class space    used 8363K, capacity 9102K, committed 9216K, reserved 1048576K
}
{Heap before GC invocations=110 (full 0):
 garbage-first heap   total 524288K, used 359708K [0x00000000e0000000, 0x00000000e0101000, 0x0000000100000000)
  region size 1024K, 307 young (314368K), 2 survivors (2048K)
 Metaspace       used 64972K, capacity 69434K, committed 69632K, reserved 1110016K
  class space    used 8363K, capacity 9102K, committed 9216K, reserved 1048576K
2022-09-12T01:21:22.356+0800: 1279.726: [GC pause (G1 Evacuation Pause) (young) 351M->47451K(512M), 0.0050775 secs]
Heap after GC invocations=111 (full 0):
 garbage-first heap   total 524288K, used 47451K [0x00000000e0000000, 0x00000000e0101000, 0x0000000100000000)
  region size 1024K, 2 young (2048K), 2 survivors (2048K)
 Metaspace       used 64972K, capacity 69434K, committed 69632K, reserved 1110016K
  class space    used 8363K, capacity 9102K, committed 9216K, reserved 1048576K
}
{Heap before GC invocations=111 (full 0):
 garbage-first heap   total 524288K, used 359771K [0x00000000e0000000, 0x00000000e0101000, 0x0000000100000000)
  region size 1024K, 307 young (314368K), 2 survivors (2048K)
 Metaspace       used 64972K, capacity 69434K, committed 69632K, reserved 1110016K
  class space    used 8363K, capacity 9102K, committed 9216K, reserved 1048576K
2022-09-12T01:21:23.403+0800: 1280.773: [GC pause (G1 Evacuation Pause) (young) 351M->47042K(512M), 0.0052919 secs]
Heap after GC invocations=112 (full 0):
 garbage-first heap   total 524288K, used 47042K [0x00000000e0000000, 0x00000000e0101000, 0x0000000100000000)
  region size 1024K, 2 young (2048K), 2 survivors (2048K)
 Metaspace       used 64972K, capacity 69434K, committed 69632K, reserved 1110016K
  class space    used 8363K, capacity 9102K, committed 9216K, reserved 1048576K
}
{Heap before GC invocations=112 (full 0):
 garbage-first heap   total 524288K, used 359362K [0x00000000e0000000, 0x00000000e0101000, 0x0000000100000000)
  region size 1024K, 307 young (314368K), 2 survivors (2048K)
 Metaspace       used 64972K, capacity 69434K, committed 69632K, reserved 1110016K
  class space    used 8363K, capacity 9102K, committed 9216K, reserved 1048576K
2022-09-12T01:21:24.438+0800: 1281.809: [GC pause (G1 Evacuation Pause) (young) 350M->47419K(512M), 0.0050926 secs]
Heap after GC invocations=113 (full 0):
 garbage-first heap   total 524288K, used 47419K [0x00000000e0000000, 0x00000000e0101000, 0x0000000100000000)
  region size 1024K, 2 young (2048K), 2 survivors (2048K)
 Metaspace       used 64972K, capacity 69434K, committed 69632K, reserved 1110016K
  class space    used 8363K, capacity 9102K, committed 9216K, reserved 1048576K
}
{Heap before GC invocations=113 (full 0):
 garbage-first heap   total 524288K, used 359739K [0x00000000e0000000, 0x00000000e0101000, 0x0000000100000000)
  region size 1024K, 307 young (314368K), 2 survivors (2048K)
 Metaspace       used 64972K, capacity 69434K, committed 69632K, reserved 1110016K
  class space    used 8363K, capacity 9102K, committed 9216K, reserved 1048576K
2022-09-12T01:21:25.473+0800: 1282.843: [GC pause (G1 Evacuation Pause) (young) 351M->47468K(512M), 0.0050933 secs]
Heap after GC invocations=114 (full 0):
 garbage-first heap   total 524288K, used 47468K [0x00000000e0000000, 0x00000000e0101000, 0x0000000100000000)
  region size 1024K, 2 young (2048K), 2 survivors (2048K)
 Metaspace       used 64972K, capacity 69434K, committed 69632K, reserved 1110016K
  class space    used 8363K, capacity 9102K, committed 9216K, reserved 1048576K
}
{Heap before GC invocations=114 (full 0):
 garbage-first heap   total 524288K, used 359788K [0x00000000e0000000, 0x00000000e0101000, 0x0000000100000000)
  region size 1024K, 307 young (314368K), 2 survivors (2048K)
 Metaspace       used 64972K, capacity 69434K, committed 69632K, reserved 1110016K
  class space    used 8363K, capacity 9102K, committed 9216K, reserved 1048576K
2022-09-12T01:21:26.503+0800: 1283.874: [GC pause (G1 Evacuation Pause) (young) 351M->47041K(512M), 0.0049866 secs]
Heap after GC invocations=115 (full 0):
 garbage-first heap   total 524288K, used 47041K [0x00000000e0000000, 0x00000000e0101000, 0x0000000100000000)
  region size 1024K, 2 young (2048K), 2 survivors (2048K)
 Metaspace       used 64972K, capacity 69434K, committed 69632K, reserved 1110016K
  class space    used 8363K, capacity 9102K, committed 9216K, reserved 1048576K
}
{Heap before GC invocations=115 (full 0):
 garbage-first heap   total 524288K, used 359361K [0x00000000e0000000, 0x00000000e0101000, 0x0000000100000000)
  region size 1024K, 307 young (314368K), 2 survivors (2048K)
 Metaspace       used 64972K, capacity 69434K, committed 69632K, reserved 1110016K
  class space    used 8363K, capacity 9102K, committed 9216K, reserved 1048576K
2022-09-12T01:21:27.555+0800: 1284.925: [GC pause (G1 Evacuation Pause) (young) 350M->47422K(512M), 0.0052057 secs]
Heap after GC invocations=116 (full 0):
 garbage-first heap   total 524288K, used 47422K [0x00000000e0000000, 0x00000000e0101000, 0x0000000100000000)
  region size 1024K, 2 young (2048K), 2 survivors (2048K)
 Metaspace       used 64972K, capacity 69434K, committed 69632K, reserved 1110016K
  class space    used 8363K, capacity 9102K, committed 9216K, reserved 1048576K
}
{Heap before GC invocations=116 (full 0):
 garbage-first heap   total 524288K, used 359742K [0x00000000e0000000, 0x00000000e0101000, 0x0000000100000000)
  region size 1024K, 307 young (314368K), 2 survivors (2048K)
 Metaspace       used 64972K, capacity 69434K, committed 69632K, reserved 1110016K
  class space    used 8363K, capacity 9102K, committed 9216K, reserved 1048576K
2022-09-12T01:21:28.589+0800: 1285.960: [GC pause (G1 Evacuation Pause) (young) 351M->47453K(512M), 0.0051286 secs]
Heap after GC invocations=117 (full 0):
 garbage-first heap   total 524288K, used 47453K [0x00000000e0000000, 0x00000000e0101000, 0x0000000100000000)
  region size 1024K, 2 young (2048K), 2 survivors (2048K)
 Metaspace       used 64972K, capacity 69434K, committed 69632K, reserved 1110016K
  class space    used 8363K, capacity 9102K, committed 9216K, reserved 1048576K
}
{Heap before GC invocations=117 (full 0):
 garbage-first heap   total 524288K, used 359773K [0x00000000e0000000, 0x00000000e0101000, 0x0000000100000000)
  region size 1024K, 307 young (314368K), 2 survivors (2048K)
 Metaspace       used 64972K, capacity 69434K, committed 69632K, reserved 1110016K
  class space    used 8363K, capacity 9102K, committed 9216K, reserved 1048576K
2022-09-12T01:21:29.625+0800: 1286.995: [GC pause (G1 Evacuation Pause) (young) 351M->47481K(512M), 0.0052291 secs]
Heap after GC invocations=118 (full 0):
 garbage-first heap   total 524288K, used 47481K [0x00000000e0000000, 0x00000000e0101000, 0x0000000100000000)
  region size 1024K, 2 young (2048K), 2 survivors (2048K)
 Metaspace       used 64972K, capacity 69434K, committed 69632K, reserved 1110016K
  class space    used 8363K, capacity 9102K, committed 9216K, reserved 1048576K
}
{Heap before GC invocations=118 (full 0):
 garbage-first heap   total 524288K, used 359801K [0x00000000e0000000, 0x00000000e0101000, 0x0000000100000000)
  region size 1024K, 307 young (314368K), 2 survivors (2048K)
 Metaspace       used 64972K, capacity 69434K, committed 69632K, reserved 1110016K
  class space    used 8363K, capacity 9102K, committed 9216K, reserved 1048576K
2022-09-12T01:21:30.659+0800: 1288.030: [GC pause (G1 Evacuation Pause) (young) 351M->47050K(512M), 0.0050911 secs]
Heap after GC invocations=119 (full 0):
 garbage-first heap   total 524288K, used 47050K [0x00000000e0000000, 0x00000000e0101000, 0x0000000100000000)
  region size 1024K, 2 young (2048K), 2 survivors (2048K)
 Metaspace       used 64972K, capacity 69434K, committed 69632K, reserved 1110016K
  class space    used 8363K, capacity 9102K, committed 9216K, reserved 1048576K
}
{Heap before GC invocations=119 (full 0):
 garbage-first heap   total 524288K, used 359370K [0x00000000e0000000, 0x00000000e0101000, 0x0000000100000000)
  region size 1024K, 307 young (314368K), 2 survivors (2048K)
 Metaspace       used 64972K, capacity 69434K, committed 69632K, reserved 1110016K
  class space    used 8363K, capacity 9102K, committed 9216K, reserved 1048576K
2022-09-12T01:21:31.715+0800: 1289.086: [GC pause (G1 Evacuation Pause) (young) 350M->47388K(512M), 0.0049762 secs]
Heap after GC invocations=120 (full 0):
 garbage-first heap   total 524288K, used 47388K [0x00000000e0000000, 0x00000000e0101000, 0x0000000100000000)
  region size 1024K, 2 young (2048K), 2 survivors (2048K)
 Metaspace       used 64972K, capacity 69434K, committed 69632K, reserved 1110016K
  class space    used 8363K, capacity 9102K, committed 9216K, reserved 1048576K
}
{Heap before GC invocations=120 (full 0):
 garbage-first heap   total 524288K, used 359708K [0x00000000e0000000, 0x00000000e0101000, 0x0000000100000000)
  region size 1024K, 307 young (314368K), 2 survivors (2048K)
 Metaspace       used 64972K, capacity 69434K, committed 69632K, reserved 1110016K
  class space    used 8363K, capacity 9102K, committed 9216K, reserved 1048576K
2022-09-12T01:21:32.750+0800: 1290.121: [GC pause (G1 Evacuation Pause) (young) 351M->47466K(512M), 0.0049676 secs]
Heap after GC invocations=121 (full 0):
 garbage-first heap   total 524288K, used 47466K [0x00000000e0000000, 0x00000000e0101000, 0x0000000100000000)
  region size 1024K, 2 young (2048K), 2 survivors (2048K)
 Metaspace       used 64972K, capacity 69434K, committed 69632K, reserved 1110016K
  class space    used 8363K, capacity 9102K, committed 9216K, reserved 1048576K
}
{Heap before GC invocations=121 (full 0):
 garbage-first heap   total 524288K, used 359786K [0x00000000e0000000, 0x00000000e0101000, 0x0000000100000000)
  region size 1024K, 307 young (314368K), 2 survivors (2048K)
 Metaspace       used 64972K, capacity 69434K, committed 69632K, reserved 1110016K
  class space    used 8363K, capacity 9102K, committed 9216K, reserved 1048576K
2022-09-12T01:21:33.787+0800: 1291.157: [GC pause (G1 Evacuation Pause) (young) 351M->47058K(512M), 0.0050596 secs]
Heap after GC invocations=122 (full 0):
 garbage-first heap   total 524288K, used 47058K [0x00000000e0000000, 0x00000000e0101000, 0x0000000100000000)
  region size 1024K, 2 young (2048K), 2 survivors (2048K)
 Metaspace       used 64972K, capacity 69434K, committed 69632K, reserved 1110016K
  class space    used 8363K, capacity 9102K, committed 9216K, reserved 1048576K
}
{Heap before GC invocations=122 (full 0):
 garbage-first heap   total 524288K, used 359378K [0x00000000e0000000, 0x00000000e0101000, 0x0000000100000000)
  region size 1024K, 307 young (314368K), 2 survivors (2048K)
 Metaspace       used 64972K, capacity 69434K, committed 69632K, reserved 1110016K
  class space    used 8363K, capacity 9102K, committed 9216K, reserved 1048576K
2022-09-12T01:21:34.821+0800: 1292.192: [GC pause (G1 Evacuation Pause) (young) 350M->47432K(512M), 0.0051220 secs]
Heap after GC invocations=123 (full 0):
 garbage-first heap   total 524288K, used 47432K [0x00000000e0000000, 0x00000000e0101000, 0x0000000100000000)
  region size 1024K, 2 young (2048K), 2 survivors (2048K)
 Metaspace       used 64972K, capacity 69434K, committed 69632K, reserved 1110016K
  class space    used 8363K, capacity 9102K, committed 9216K, reserved 1048576K
}
{Heap before GC invocations=123 (full 0):
 garbage-first heap   total 524288K, used 359752K [0x00000000e0000000, 0x00000000e0101000, 0x0000000100000000)
  region size 1024K, 307 young (314368K), 2 survivors (2048K)
 Metaspace       used 64972K, capacity 69434K, committed 69632K, reserved 1110016K
  class space    used 8363K, capacity 9102K, committed 9216K, reserved 1048576K
2022-09-12T01:21:35.858+0800: 1293.228: [GC pause (G1 Evacuation Pause) (young) 351M->47480K(512M), 0.0051757 secs]
Heap after GC invocations=124 (full 0):
 garbage-first heap   total 524288K, used 47480K [0x00000000e0000000, 0x00000000e0101000, 0x0000000100000000)
  region size 1024K, 2 young (2048K), 2 survivors (2048K)
 Metaspace       used 64972K, capacity 69434K, committed 69632K, reserved 1110016K
  class space    used 8363K, capacity 9102K, committed 9216K, reserved 1048576K
}
{Heap before GC invocations=124 (full 0):
 garbage-first heap   total 524288K, used 359800K [0x00000000e0000000, 0x00000000e0101000, 0x0000000100000000)
  region size 1024K, 307 young (314368K), 2 survivors (2048K)
 Metaspace       used 64972K, capacity 69434K, committed 69632K, reserved 1110016K
  class space    used 8363K, capacity 9102K, committed 9216K, reserved 1048576K
2022-09-12T01:21:36.910+0800: 1294.280: [GC pause (G1 Evacuation Pause) (young) 351M->47061K(512M), 0.0051911 secs]
Heap after GC invocations=125 (full 0):
 garbage-first heap   total 524288K, used 47061K [0x00000000e0000000, 0x00000000e0101000, 0x0000000100000000)
  region size 1024K, 2 young (2048K), 2 survivors (2048K)
 Metaspace       used 64972K, capacity 69434K, committed 69632K, reserved 1110016K
  class space    used 8363K, capacity 9102K, committed 9216K, reserved 1048576K
}
{Heap before GC invocations=125 (full 0):
 garbage-first heap   total 524288K, used 359381K [0x00000000e0000000, 0x00000000e0101000, 0x0000000100000000)
  region size 1024K, 307 young (314368K), 2 survivors (2048K)
 Metaspace       used 64972K, capacity 69434K, committed 69632K, reserved 1110016K
  class space    used 8363K, capacity 9102K, committed 9216K, reserved 1048576K
2022-09-12T01:21:37.947+0800: 1295.318: [GC pause (G1 Evacuation Pause) (young) 350M->47424K(512M), 0.0051694 secs]
Heap after GC invocations=126 (full 0):
 garbage-first heap   total 524288K, used 47424K [0x00000000e0000000, 0x00000000e0101000, 0x0000000100000000)
  region size 1024K, 2 young (2048K), 2 survivors (2048K)
 Metaspace       used 64972K, capacity 69434K, committed 69632K, reserved 1110016K
  class space    used 8363K, capacity 9102K, committed 9216K, reserved 1048576K
}
{Heap before GC invocations=126 (full 0):
 garbage-first heap   total 524288K, used 359744K [0x00000000e0000000, 0x00000000e0101000, 0x0000000100000000)
  region size 1024K, 307 young (314368K), 2 survivors (2048K)
 Metaspace       used 64972K, capacity 69434K, committed 69632K, reserved 1110016K
  class space    used 8363K, capacity 9102K, committed 9216K, reserved 1048576K
2022-09-12T01:21:38.982+0800: 1296.353: [GC pause (G1 Evacuation Pause) (young) 351M->47477K(512M), 0.0050573 secs]
Heap after GC invocations=127 (full 0):
 garbage-first heap   total 524288K, used 47477K [0x00000000e0000000, 0x00000000e0101000, 0x0000000100000000)
  region size 1024K, 2 young (2048K), 2 survivors (2048K)
 Metaspace       used 64972K, capacity 69434K, committed 69632K, reserved 1110016K
  class space    used 8363K, capacity 9102K, committed 9216K, reserved 1048576K
}
{Heap before GC invocations=127 (full 0):
 garbage-first heap   total 524288K, used 359797K [0x00000000e0000000, 0x00000000e0101000, 0x0000000100000000)
  region size 1024K, 307 young (314368K), 2 survivors (2048K)
 Metaspace       used 64972K, capacity 69434K, committed 69632K, reserved 1110016K
  class space    used 8363K, capacity 9102K, committed 9216K, reserved 1048576K
2022-09-12T01:21:40.017+0800: 1297.387: [GC pause (G1 Evacuation Pause) (young) 351M->47054K(512M), 0.0052413 secs]
Heap after GC invocations=128 (full 0):
 garbage-first heap   total 524288K, used 47054K [0x00000000e0000000, 0x00000000e0101000, 0x0000000100000000)
  region size 1024K, 2 young (2048K), 2 survivors (2048K)
 Metaspace       used 64972K, capacity 69434K, committed 69632K, reserved 1110016K
  class space    used 8363K, capacity 9102K, committed 9216K, reserved 1048576K
}
{Heap before GC invocations=128 (full 0):
 garbage-first heap   total 524288K, used 359374K [0x00000000e0000000, 0x00000000e0101000, 0x0000000100000000)
  region size 1024K, 307 young (314368K), 2 survivors (2048K)
 Metaspace       used 64972K, capacity 69434K, committed 69632K, reserved 1110016K
  class space    used 8363K, capacity 9102K, committed 9216K, reserved 1048576K
2022-09-12T01:21:41.073+0800: 1298.444: [GC pause (G1 Evacuation Pause) (young) 350M->47421K(512M), 0.0050534 secs]
Heap after GC invocations=129 (full 0):
 garbage-first heap   total 524288K, used 47421K [0x00000000e0000000, 0x00000000e0101000, 0x0000000100000000)
  region size 1024K, 2 young (2048K), 2 survivors (2048K)
 Metaspace       used 64972K, capacity 69434K, committed 69632K, reserved 1110016K
  class space    used 8363K, capacity 9102K, committed 9216K, reserved 1048576K
}
{Heap before GC invocations=129 (full 0):
 garbage-first heap   total 524288K, used 359741K [0x00000000e0000000, 0x00000000e0101000, 0x0000000100000000)
  region size 1024K, 307 young (314368K), 2 survivors (2048K)
 Metaspace       used 64972K, capacity 69434K, committed 69632K, reserved 1110016K
  class space    used 8363K, capacity 9102K, committed 9216K, reserved 1048576K
2022-09-12T01:21:42.116+0800: 1299.487: [GC pause (G1 Evacuation Pause) (young) 351M->47483K(512M), 0.0050644 secs]
Heap after GC invocations=130 (full 0):
 garbage-first heap   total 524288K, used 47483K [0x00000000e0000000, 0x00000000e0101000, 0x0000000100000000)
  region size 1024K, 2 young (2048K), 2 survivors (2048K)
 Metaspace       used 64972K, capacity 69434K, committed 69632K, reserved 1110016K
  class space    used 8363K, capacity 9102K, committed 9216K, reserved 1048576K
}
{Heap before GC invocations=130 (full 0):
 garbage-first heap   total 524288K, used 359803K [0x00000000e0000000, 0x00000000e0101000, 0x0000000100000000)
  region size 1024K, 307 young (314368K), 2 survivors (2048K)
 Metaspace       used 64977K, capacity 69434K, committed 69632K, reserved 1110016K
  class space    used 8363K, capacity 9102K, committed 9216K, reserved 1048576K
2022-09-12T01:21:43.153+0800: 1300.524: [GC pause (G1 Evacuation Pause) (young) 351M->47069K(512M), 0.0050618 secs]
Heap after GC invocations=131 (full 0):
 garbage-first heap   total 524288K, used 47069K [0x00000000e0000000, 0x00000000e0101000, 0x0000000100000000)
  region size 1024K, 2 young (2048K), 2 survivors (2048K)
 Metaspace       used 64977K, capacity 69434K, committed 69632K, reserved 1110016K
  class space    used 8363K, capacity 9102K, committed 9216K, reserved 1048576K
}
{Heap before GC invocations=131 (full 0):
 garbage-first heap   total 524288K, used 359389K [0x00000000e0000000, 0x00000000e0101000, 0x0000000100000000)
  region size 1024K, 307 young (314368K), 2 survivors (2048K)
 Metaspace       used 64977K, capacity 69434K, committed 69632K, reserved 1110016K
  class space    used 8363K, capacity 9102K, committed 9216K, reserved 1048576K
2022-09-12T01:21:44.187+0800: 1301.558: [GC pause (G1 Evacuation Pause) (young) 350M->47426K(512M), 0.0050144 secs]
Heap after GC invocations=132 (full 0):
 garbage-first heap   total 524288K, used 47426K [0x00000000e0000000, 0x00000000e0101000, 0x0000000100000000)
  region size 1024K, 2 young (2048K), 2 survivors (2048K)
 Metaspace       used 64977K, capacity 69434K, committed 69632K, reserved 1110016K
  class space    used 8363K, capacity 9102K, committed 9216K, reserved 1048576K
}
{Heap before GC invocations=132 (full 0):
 garbage-first heap   total 524288K, used 359746K [0x00000000e0000000, 0x00000000e0101000, 0x0000000100000000)
  region size 1024K, 307 young (314368K), 2 survivors (2048K)
 Metaspace       used 64977K, capacity 69434K, committed 69632K, reserved 1110016K
  class space    used 8363K, capacity 9102K, committed 9216K, reserved 1048576K
2022-09-12T01:21:45.250+0800: 1302.621: [GC pause (G1 Evacuation Pause) (young) 351M->47481K(512M), 0.0049661 secs]
Heap after GC invocations=133 (full 0):
 garbage-first heap   total 524288K, used 47481K [0x00000000e0000000, 0x00000000e0101000, 0x0000000100000000)
  region size 1024K, 2 young (2048K), 2 survivors (2048K)
 Metaspace       used 64977K, capacity 69434K, committed 69632K, reserved 1110016K
  class space    used 8363K, capacity 9102K, committed 9216K, reserved 1048576K
}
{Heap before GC invocations=133 (full 0):
 garbage-first heap   total 524288K, used 359801K [0x00000000e0000000, 0x00000000e0101000, 0x0000000100000000)
  region size 1024K, 307 young (314368K), 2 survivors (2048K)
 Metaspace       used 64977K, capacity 69434K, committed 69632K, reserved 1110016K
  class space    used 8363K, capacity 9102K, committed 9216K, reserved 1048576K
2022-09-12T01:21:46.294+0800: 1303.664: [GC pause (G1 Evacuation Pause) (young) 351M->47515K(512M), 0.0051153 secs]
Heap after GC invocations=134 (full 0):
 garbage-first heap   total 524288K, used 47515K [0x00000000e0000000, 0x00000000e0101000, 0x0000000100000000)
  region size 1024K, 2 young (2048K), 2 survivors (2048K)
 Metaspace       used 64977K, capacity 69434K, committed 69632K, reserved 1110016K
  class space    used 8363K, capacity 9102K, committed 9216K, reserved 1048576K
}
{Heap before GC invocations=134 (full 0):
 garbage-first heap   total 524288K, used 359835K [0x00000000e0000000, 0x00000000e0101000, 0x0000000100000000)
  region size 1024K, 307 young (314368K), 2 survivors (2048K)
 Metaspace       used 64977K, capacity 69434K, committed 69632K, reserved 1110016K
  class space    used 8363K, capacity 9102K, committed 9216K, reserved 1048576K
2022-09-12T01:21:47.331+0800: 1304.701: [GC pause (G1 Evacuation Pause) (young) 351M->47076K(512M), 0.0050995 secs]
Heap after GC invocations=135 (full 0):
 garbage-first heap   total 524288K, used 47076K [0x00000000e0000000, 0x00000000e0101000, 0x0000000100000000)
  region size 1024K, 2 young (2048K), 2 survivors (2048K)
 Metaspace       used 64977K, capacity 69434K, committed 69632K, reserved 1110016K
  class space    used 8363K, capacity 9102K, committed 9216K, reserved 1048576K
}
{Heap before GC invocations=135 (full 0):
 garbage-first heap   total 524288K, used 359396K [0x00000000e0000000, 0x00000000e0101000, 0x0000000100000000)
  region size 1024K, 307 young (314368K), 2 survivors (2048K)
 Metaspace       used 64977K, capacity 69434K, committed 69632K, reserved 1110016K
  class space    used 8363K, capacity 9102K, committed 9216K, reserved 1048576K
2022-09-12T01:21:48.369+0800: 1305.739: [GC pause (G1 Evacuation Pause) (young) 350M->47452K(512M), 0.0051596 secs]
Heap after GC invocations=136 (full 0):
 garbage-first heap   total 524288K, used 47452K [0x00000000e0000000, 0x00000000e0101000, 0x0000000100000000)
  region size 1024K, 2 young (2048K), 2 survivors (2048K)
 Metaspace       used 64977K, capacity 69434K, committed 69632K, reserved 1110016K
  class space    used 8363K, capacity 9102K, committed 9216K, reserved 1048576K
}
{Heap before GC invocations=136 (full 0):
 garbage-first heap   total 524288K, used 359772K [0x00000000e0000000, 0x00000000e0101000, 0x0000000100000000)
  region size 1024K, 307 young (314368K), 2 survivors (2048K)
 Metaspace       used 64979K, capacity 69434K, committed 69632K, reserved 1110016K
  class space    used 8363K, capacity 9102K, committed 9216K, reserved 1048576K
2022-09-12T01:21:49.406+0800: 1306.777: [GC pause (G1 Evacuation Pause) (young) 351M->47499K(512M), 0.0050309 secs]
Heap after GC invocations=137 (full 0):
 garbage-first heap   total 524288K, used 47499K [0x00000000e0000000, 0x00000000e0101000, 0x0000000100000000)
  region size 1024K, 2 young (2048K), 2 survivors (2048K)
 Metaspace       used 64979K, capacity 69434K, committed 69632K, reserved 1110016K
  class space    used 8363K, capacity 9102K, committed 9216K, reserved 1048576K
}
{Heap before GC invocations=137 (full 0):
 garbage-first heap   total 524288K, used 359819K [0x00000000e0000000, 0x00000000e0101000, 0x0000000100000000)
  region size 1024K, 307 young (314368K), 2 survivors (2048K)
 Metaspace       used 64979K, capacity 69434K, committed 69632K, reserved 1110016K
  class space    used 8363K, capacity 9102K, committed 9216K, reserved 1048576K
2022-09-12T01:21:50.454+0800: 1307.825: [GC pause (G1 Evacuation Pause) (young) 351M->47082K(512M), 0.0050351 secs]
Heap after GC invocations=138 (full 0):
 garbage-first heap   total 524288K, used 47082K [0x00000000e0000000, 0x00000000e0101000, 0x0000000100000000)
  region size 1024K, 2 young (2048K), 2 survivors (2048K)
 Metaspace       used 64979K, capacity 69434K, committed 69632K, reserved 1110016K
  class space    used 8363K, capacity 9102K, committed 9216K, reserved 1048576K
}
{Heap before GC invocations=138 (full 0):
 garbage-first heap   total 524288K, used 359402K [0x00000000e0000000, 0x00000000e0101000, 0x0000000100000000)
  region size 1024K, 307 young (314368K), 2 survivors (2048K)
 Metaspace       used 64979K, capacity 69434K, committed 69632K, reserved 1110016K
  class space    used 8363K, capacity 9102K, committed 9216K, reserved 1048576K
2022-09-12T01:21:51.487+0800: 1308.858: [GC pause (G1 Evacuation Pause) (young) 350M->47444K(512M), 0.0051053 secs]
Heap after GC invocations=139 (full 0):
 garbage-first heap   total 524288K, used 47444K [0x00000000e0000000, 0x00000000e0101000, 0x0000000100000000)
  region size 1024K, 2 young (2048K), 2 survivors (2048K)
 Metaspace       used 64979K, capacity 69434K, committed 69632K, reserved 1110016K
  class space    used 8363K, capacity 9102K, committed 9216K, reserved 1048576K
}
{Heap before GC invocations=139 (full 0):
 garbage-first heap   total 524288K, used 359764K [0x00000000e0000000, 0x00000000e0101000, 0x0000000100000000)
  region size 1024K, 307 young (314368K), 2 survivors (2048K)
 Metaspace       used 64979K, capacity 69434K, committed 69632K, reserved 1110016K
  class space    used 8363K, capacity 9102K, committed 9216K, reserved 1048576K
2022-09-12T01:21:52.521+0800: 1309.892: [GC pause (G1 Evacuation Pause) (young) 351M->47527K(512M), 0.0050588 secs]
Heap after GC invocations=140 (full 0):
 garbage-first heap   total 524288K, used 47527K [0x00000000e0000000, 0x00000000e0101000, 0x0000000100000000)
  region size 1024K, 2 young (2048K), 2 survivors (2048K)
 Metaspace       used 64979K, capacity 69434K, committed 69632K, reserved 1110016K
  class space    used 8363K, capacity 9102K, committed 9216K, reserved 1048576K
}
{Heap before GC invocations=140 (full 0):
 garbage-first heap   total 524288K, used 359847K [0x00000000e0000000, 0x00000000e0101000, 0x0000000100000000)
  region size 1024K, 307 young (314368K), 2 survivors (2048K)
 Metaspace       used 64979K, capacity 69434K, committed 69632K, reserved 1110016K
  class space    used 8363K, capacity 9102K, committed 9216K, reserved 1048576K
2022-09-12T01:21:53.561+0800: 1310.931: [GC pause (G1 Evacuation Pause) (young) 351M->47096K(512M), 0.0050980 secs]
Heap after GC invocations=141 (full 0):
 garbage-first heap   total 524288K, used 47096K [0x00000000e0000000, 0x00000000e0101000, 0x0000000100000000)
  region size 1024K, 2 young (2048K), 2 survivors (2048K)
 Metaspace       used 64979K, capacity 69434K, committed 69632K, reserved 1110016K
  class space    used 8363K, capacity 9102K, committed 9216K, reserved 1048576K
}
{Heap before GC invocations=141 (full 0):
 garbage-first heap   total 524288K, used 359416K [0x00000000e0000000, 0x00000000e0101000, 0x0000000100000000)
  region size 1024K, 307 young (314368K), 2 survivors (2048K)
 Metaspace       used 64979K, capacity 69434K, committed 69632K, reserved 1110016K
  class space    used 8363K, capacity 9102K, committed 9216K, reserved 1048576K
2022-09-12T01:21:54.613+0800: 1311.984: [GC pause (G1 Evacuation Pause) (young) 350M->47452K(512M), 0.0049479 secs]
Heap after GC invocations=142 (full 0):
 garbage-first heap   total 524288K, used 47452K [0x00000000e0000000, 0x00000000e0101000, 0x0000000100000000)
  region size 1024K, 2 young (2048K), 2 survivors (2048K)
 Metaspace       used 64979K, capacity 69434K, committed 69632K, reserved 1110016K
  class space    used 8363K, capacity 9102K, committed 9216K, reserved 1048576K
}
{Heap before GC invocations=142 (full 0):
 garbage-first heap   total 524288K, used 359772K [0x00000000e0000000, 0x00000000e0101000, 0x0000000100000000)
  region size 1024K, 307 young (314368K), 2 survivors (2048K)
 Metaspace       used 64979K, capacity 69434K, committed 69632K, reserved 1110016K
  class space    used 8363K, capacity 9102K, committed 9216K, reserved 1048576K
2022-09-12T01:21:55.654+0800: 1313.024: [GC pause (G1 Evacuation Pause) (young) 351M->47510K(512M), 0.0048800 secs]
Heap after GC invocations=143 (full 0):
 garbage-first heap   total 524288K, used 47510K [0x00000000e0000000, 0x00000000e0101000, 0x0000000100000000)
  region size 1024K, 2 young (2048K), 2 survivors (2048K)
 Metaspace       used 64979K, capacity 69434K, committed 69632K, reserved 1110016K
  class space    used 8363K, capacity 9102K, committed 9216K, reserved 1048576K
}
{Heap before GC invocations=143 (full 0):
 garbage-first heap   total 524288K, used 359830K [0x00000000e0000000, 0x00000000e0101000, 0x0000000100000000)
  region size 1024K, 307 young (314368K), 2 survivors (2048K)
 Metaspace       used 64980K, capacity 69434K, committed 69632K, reserved 1110016K
  class space    used 8363K, capacity 9102K, committed 9216K, reserved 1048576K
2022-09-12T01:21:56.684+0800: 1314.055: [GC pause (G1 Evacuation Pause) (young) 351M->47091K(512M), 0.0051228 secs]
Heap after GC invocations=144 (full 0):
 garbage-first heap   total 524288K, used 47091K [0x00000000e0000000, 0x00000000e0101000, 0x0000000100000000)
  region size 1024K, 2 young (2048K), 2 survivors (2048K)
 Metaspace       used 64980K, capacity 69434K, committed 69632K, reserved 1110016K
  class space    used 8363K, capacity 9102K, committed 9216K, reserved 1048576K
}
{Heap before GC invocations=144 (full 0):
 garbage-first heap   total 524288K, used 359411K [0x00000000e0000000, 0x00000000e0101000, 0x0000000100000000)
  region size 1024K, 307 young (314368K), 2 survivors (2048K)
 Metaspace       used 64980K, capacity 69434K, committed 69632K, reserved 1110016K
  class space    used 8363K, capacity 9102K, committed 9216K, reserved 1048576K
2022-09-12T01:21:57.720+0800: 1315.091: [GC pause (G1 Evacuation Pause) (young) 350M->47476K(512M), 0.0051540 secs]
Heap after GC invocations=145 (full 0):
 garbage-first heap   total 524288K, used 47476K [0x00000000e0000000, 0x00000000e0101000, 0x0000000100000000)
  region size 1024K, 2 young (2048K), 2 survivors (2048K)
 Metaspace       used 64980K, capacity 69434K, committed 69632K, reserved 1110016K
  class space    used 8363K, capacity 9102K, committed 9216K, reserved 1048576K
}
{Heap before GC invocations=145 (full 0):
 garbage-first heap   total 524288K, used 359796K [0x00000000e0000000, 0x00000000e0101000, 0x0000000100000000)
  region size 1024K, 307 young (314368K), 2 survivors (2048K)
 Metaspace       used 64980K, capacity 69434K, committed 69632K, reserved 1110016K
  class space    used 8363K, capacity 9102K, committed 9216K, reserved 1048576K
2022-09-12T01:21:58.773+0800: 1316.143: [GC pause (G1 Evacuation Pause) (young) 351M->47533K(512M), 0.0050673 secs]
Heap after GC invocations=146 (full 0):
 garbage-first heap   total 524288K, used 47533K [0x00000000e0000000, 0x00000000e0101000, 0x0000000100000000)
  region size 1024K, 2 young (2048K), 2 survivors (2048K)
 Metaspace       used 64980K, capacity 69434K, committed 69632K, reserved 1110016K
  class space    used 8363K, capacity 9102K, committed 9216K, reserved 1048576K
}
{Heap before GC invocations=146 (full 0):
 garbage-first heap   total 524288K, used 359853K [0x00000000e0000000, 0x00000000e0101000, 0x0000000100000000)
  region size 1024K, 307 young (314368K), 2 survivors (2048K)
 Metaspace       used 64980K, capacity 69434K, committed 69632K, reserved 1110016K
  class space    used 8363K, capacity 9102K, committed 9216K, reserved 1048576K
2022-09-12T01:21:59.812+0800: 1317.183: [GC pause (G1 Evacuation Pause) (young) 351M->47108K(512M), 0.0049322 secs]
Heap after GC invocations=147 (full 0):
 garbage-first heap   total 524288K, used 47108K [0x00000000e0000000, 0x00000000e0101000, 0x0000000100000000)
  region size 1024K, 2 young (2048K), 2 survivors (2048K)
 Metaspace       used 64980K, capacity 69434K, committed 69632K, reserved 1110016K
  class space    used 8363K, capacity 9102K, committed 9216K, reserved 1048576K
}
{Heap before GC invocations=147 (full 0):
 garbage-first heap   total 524288K, used 359428K [0x00000000e0000000, 0x00000000e0101000, 0x0000000100000000)
  region size 1024K, 307 young (314368K), 2 survivors (2048K)
 Metaspace       used 64980K, capacity 69434K, committed 69632K, reserved 1110016K
  class space    used 8363K, capacity 9102K, committed 9216K, reserved 1048576K
2022-09-12T01:22:00.850+0800: 1318.220: [GC pause (G1 Evacuation Pause) (young) 351M->47474K(512M), 0.0050634 secs]
Heap after GC invocations=148 (full 0):
 garbage-first heap   total 524288K, used 47474K [0x00000000e0000000, 0x00000000e0101000, 0x0000000100000000)
  region size 1024K, 2 young (2048K), 2 survivors (2048K)
 Metaspace       used 64980K, capacity 69434K, committed 69632K, reserved 1110016K
  class space    used 8363K, capacity 9102K, committed 9216K, reserved 1048576K
}
{Heap before GC invocations=148 (full 0):
 garbage-first heap   total 524288K, used 359794K [0x00000000e0000000, 0x00000000e0101000, 0x0000000100000000)
  region size 1024K, 307 young (314368K), 2 survivors (2048K)
 Metaspace       used 64980K, capacity 69434K, committed 69632K, reserved 1110016K
  class space    used 8363K, capacity 9102K, committed 9216K, reserved 1048576K
2022-09-12T01:22:01.896+0800: 1319.267: [GC pause (G1 Evacuation Pause) (young) 351M->47521K(512M), 0.0049866 secs]
Heap after GC invocations=149 (full 0):
 garbage-first heap   total 524288K, used 47521K [0x00000000e0000000, 0x00000000e0101000, 0x0000000100000000)
  region size 1024K, 2 young (2048K), 2 survivors (2048K)
 Metaspace       used 64980K, capacity 69434K, committed 69632K, reserved 1110016K
  class space    used 8363K, capacity 9102K, committed 9216K, reserved 1048576K
}
{Heap before GC invocations=149 (full 0):
 garbage-first heap   total 524288K, used 359841K [0x00000000e0000000, 0x00000000e0101000, 0x0000000100000000)
  region size 1024K, 307 young (314368K), 2 survivors (2048K)
 Metaspace       used 64980K, capacity 69434K, committed 69632K, reserved 1110016K
  class space    used 8363K, capacity 9102K, committed 9216K, reserved 1048576K
2022-09-12T01:22:02.933+0800: 1320.303: [GC pause (G1 Evacuation Pause) (young) 351M->47551K(512M), 0.0051789 secs]
Heap after GC invocations=150 (full 0):
 garbage-first heap   total 524288K, used 47551K [0x00000000e0000000, 0x00000000e0101000, 0x0000000100000000)
  region size 1024K, 2 young (2048K), 2 survivors (2048K)
 Metaspace       used 64980K, capacity 69434K, committed 69632K, reserved 1110016K
  class space    used 8363K, capacity 9102K, committed 9216K, reserved 1048576K
}
{Heap before GC invocations=150 (full 0):
 garbage-first heap   total 524288K, used 359871K [0x00000000e0000000, 0x00000000e0101000, 0x0000000100000000)
  region size 1024K, 307 young (314368K), 2 survivors (2048K)
 Metaspace       used 64980K, capacity 69434K, committed 69632K, reserved 1110016K
  class space    used 8363K, capacity 9102K, committed 9216K, reserved 1048576K
2022-09-12T01:22:03.981+0800: 1321.351: [GC pause (G1 Evacuation Pause) (young) 351M->47114K(512M), 0.0050412 secs]
Heap after GC invocations=151 (full 0):
 garbage-first heap   total 524288K, used 47114K [0x00000000e0000000, 0x00000000e0101000, 0x0000000100000000)
  region size 1024K, 2 young (2048K), 2 survivors (2048K)
 Metaspace       used 64980K, capacity 69434K, committed 69632K, reserved 1110016K
  class space    used 8363K, capacity 9102K, committed 9216K, reserved 1048576K
}
{Heap before GC invocations=151 (full 0):
 garbage-first heap   total 524288K, used 359434K [0x00000000e0000000, 0x00000000e0101000, 0x0000000100000000)
  region size 1024K, 307 young (314368K), 2 survivors (2048K)
 Metaspace       used 64985K, capacity 69434K, committed 69632K, reserved 1110016K
  class space    used 8363K, capacity 9102K, committed 9216K, reserved 1048576K
2022-09-12T01:22:05.018+0800: 1322.389: [GC pause (G1 Evacuation Pause) (young) 351M->47481K(512M), 0.0051045 secs]
Heap after GC invocations=152 (full 0):
 garbage-first heap   total 524288K, used 47481K [0x00000000e0000000, 0x00000000e0101000, 0x0000000100000000)
  region size 1024K, 2 young (2048K), 2 survivors (2048K)
 Metaspace       used 64985K, capacity 69434K, committed 69632K, reserved 1110016K
  class space    used 8363K, capacity 9102K, committed 9216K, reserved 1048576K
}
{Heap before GC invocations=152 (full 0):
 garbage-first heap   total 524288K, used 359801K [0x00000000e0000000, 0x00000000e0101000, 0x0000000100000000)
  region size 1024K, 307 young (314368K), 2 survivors (2048K)
 Metaspace       used 64985K, capacity 69434K, committed 69632K, reserved 1110016K
  class space    used 8363K, capacity 9102K, committed 9216K, reserved 1048576K
2022-09-12T01:22:06.050+0800: 1323.421: [GC pause (G1 Evacuation Pause) (young) 351M->47530K(512M), 0.0050963 secs]
Heap after GC invocations=153 (full 0):
 garbage-first heap   total 524288K, used 47530K [0x00000000e0000000, 0x00000000e0101000, 0x0000000100000000)
  region size 1024K, 2 young (2048K), 2 survivors (2048K)
 Metaspace       used 64985K, capacity 69434K, committed 69632K, reserved 1110016K
  class space    used 8363K, capacity 9102K, committed 9216K, reserved 1048576K
}
{Heap before GC invocations=153 (full 0):
 garbage-first heap   total 524288K, used 359850K [0x00000000e0000000, 0x00000000e0101000, 0x0000000100000000)
  region size 1024K, 307 young (314368K), 2 survivors (2048K)
 Metaspace       used 64985K, capacity 69434K, committed 69632K, reserved 1110016K
  class space    used 8363K, capacity 9102K, committed 9216K, reserved 1048576K
2022-09-12T01:22:07.084+0800: 1324.455: [GC pause (G1 Evacuation Pause) (young) 351M->47122K(512M), 0.0049583 secs]
Heap after GC invocations=154 (full 0):
 garbage-first heap   total 524288K, used 47122K [0x00000000e0000000, 0x00000000e0101000, 0x0000000100000000)
  region size 1024K, 2 young (2048K), 2 survivors (2048K)
 Metaspace       used 64985K, capacity 69434K, committed 69632K, reserved 1110016K
  class space    used 8363K, capacity 9102K, committed 9216K, reserved 1048576K
}
{Heap before GC invocations=154 (full 0):
 garbage-first heap   total 524288K, used 359442K [0x00000000e0000000, 0x00000000e0101000, 0x0000000100000000)
  region size 1024K, 307 young (314368K), 2 survivors (2048K)
 Metaspace       used 64985K, capacity 69434K, committed 69632K, reserved 1110016K
  class space    used 8363K, capacity 9102K, committed 9216K, reserved 1048576K
2022-09-12T01:22:08.137+0800: 1325.508: [GC pause (G1 Evacuation Pause) (young) 351M->47481K(512M), 0.0049433 secs]
Heap after GC invocations=155 (full 0):
 garbage-first heap   total 524288K, used 47481K [0x00000000e0000000, 0x00000000e0101000, 0x0000000100000000)
  region size 1024K, 2 young (2048K), 2 survivors (2048K)
 Metaspace       used 64985K, capacity 69434K, committed 69632K, reserved 1110016K
  class space    used 8363K, capacity 9102K, committed 9216K, reserved 1048576K
}
{Heap before GC invocations=155 (full 0):
 garbage-first heap   total 524288K, used 359801K [0x00000000e0000000, 0x00000000e0101000, 0x0000000100000000)
  region size 1024K, 307 young (314368K), 2 survivors (2048K)
 Metaspace       used 64985K, capacity 69434K, committed 69632K, reserved 1110016K
  class space    used 8363K, capacity 9102K, committed 9216K, reserved 1048576K
2022-09-12T01:22:09.173+0800: 1326.544: [GC pause (G1 Evacuation Pause) (young) 351M->47541K(512M), 0.0049371 secs]
Heap after GC invocations=156 (full 0):
 garbage-first heap   total 524288K, used 47541K [0x00000000e0000000, 0x00000000e0101000, 0x0000000100000000)
  region size 1024K, 2 young (2048K), 2 survivors (2048K)
 Metaspace       used 64985K, capacity 69434K, committed 69632K, reserved 1110016K
  class space    used 8363K, capacity 9102K, committed 9216K, reserved 1048576K
}
{Heap before GC invocations=156 (full 0):
 garbage-first heap   total 524288K, used 359861K [0x00000000e0000000, 0x00000000e0101000, 0x0000000100000000)
  region size 1024K, 307 young (314368K), 2 survivors (2048K)
 Metaspace       used 64985K, capacity 69434K, committed 69632K, reserved 1110016K
  class space    used 8363K, capacity 9102K, committed 9216K, reserved 1048576K
2022-09-12T01:22:10.211+0800: 1327.581: [GC pause (G1 Evacuation Pause) (young) 351M->47127K(512M), 0.0053145 secs]
Heap after GC invocations=157 (full 0):
 garbage-first heap   total 524288K, used 47127K [0x00000000e0000000, 0x00000000e0101000, 0x0000000100000000)
  region size 1024K, 2 young (2048K), 2 survivors (2048K)
 Metaspace       used 64985K, capacity 69434K, committed 69632K, reserved 1110016K
  class space    used 8363K, capacity 9102K, committed 9216K, reserved 1048576K
}
{Heap before GC invocations=157 (full 0):
 garbage-first heap   total 524288K, used 359447K [0x00000000e0000000, 0x00000000e0101000, 0x0000000100000000)
  region size 1024K, 307 young (314368K), 2 survivors (2048K)
 Metaspace       used 64985K, capacity 69434K, committed 69632K, reserved 1110016K
  class space    used 8363K, capacity 9102K, committed 9216K, reserved 1048576K
2022-09-12T01:22:11.250+0800: 1328.620: [GC pause (G1 Evacuation Pause) (young) 351M->47495K(512M), 0.0050091 secs]
Heap after GC invocations=158 (full 0):
 garbage-first heap   total 524288K, used 47495K [0x00000000e0000000, 0x00000000e0101000, 0x0000000100000000)
  region size 1024K, 2 young (2048K), 2 survivors (2048K)
 Metaspace       used 64985K, capacity 69434K, committed 69632K, reserved 1110016K
  class space    used 8363K, capacity 9102K, committed 9216K, reserved 1048576K
}
{Heap before GC invocations=158 (full 0):
 garbage-first heap   total 524288K, used 359815K [0x00000000e0000000, 0x00000000e0101000, 0x0000000100000000)
  region size 1024K, 307 young (314368K), 2 survivors (2048K)
 Metaspace       used 64985K, capacity 69434K, committed 69632K, reserved 1110016K
  class space    used 8363K, capacity 9102K, committed 9216K, reserved 1048576K
2022-09-12T01:22:12.302+0800: 1329.673: [GC pause (G1 Evacuation Pause) (young) 351M->47567K(512M), 0.0050204 secs]
Heap after GC invocations=159 (full 0):
 garbage-first heap   total 524288K, used 47567K [0x00000000e0000000, 0x00000000e0101000, 0x0000000100000000)
  region size 1024K, 2 young (2048K), 2 survivors (2048K)
 Metaspace       used 64985K, capacity 69434K, committed 69632K, reserved 1110016K
  class space    used 8363K, capacity 9102K, committed 9216K, reserved 1048576K
}
{Heap before GC invocations=159 (full 0):
 garbage-first heap   total 524288K, used 359887K [0x00000000e0000000, 0x00000000e0101000, 0x0000000100000000)
  region size 1024K, 307 young (314368K), 2 survivors (2048K)
 Metaspace       used 64985K, capacity 69434K, committed 69632K, reserved 1110016K
  class space    used 8363K, capacity 9102K, committed 9216K, reserved 1048576K
2022-09-12T01:22:13.338+0800: 1330.709: [GC pause (G1 Evacuation Pause) (young) 351M->47149K(512M), 0.0050583 secs]
Heap after GC invocations=160 (full 0):
 garbage-first heap   total 524288K, used 47149K [0x00000000e0000000, 0x00000000e0101000, 0x0000000100000000)
  region size 1024K, 2 young (2048K), 2 survivors (2048K)
 Metaspace       used 64985K, capacity 69434K, committed 69632K, reserved 1110016K
  class space    used 8363K, capacity 9102K, committed 9216K, reserved 1048576K
}
{Heap before GC invocations=160 (full 0):
 garbage-first heap   total 524288K, used 359469K [0x00000000e0000000, 0x00000000e0101000, 0x0000000100000000)
  region size 1024K, 307 young (314368K), 2 survivors (2048K)
 Metaspace       used 64985K, capacity 69434K, committed 69632K, reserved 1110016K
  class space    used 8363K, capacity 9102K, committed 9216K, reserved 1048576K
2022-09-12T01:22:14.372+0800: 1331.742: [GC pause (G1 Evacuation Pause) (young) 351M->47513K(512M), 0.0050522 secs]
Heap after GC invocations=161 (full 0):
 garbage-first heap   total 524288K, used 47513K [0x00000000e0000000, 0x00000000e0101000, 0x0000000100000000)
  region size 1024K, 2 young (2048K), 2 survivors (2048K)
 Metaspace       used 64985K, capacity 69434K, committed 69632K, reserved 1110016K
  class space    used 8363K, capacity 9102K, committed 9216K, reserved 1048576K
}
{Heap before GC invocations=161 (full 0):
 garbage-first heap   total 524288K, used 359833K [0x00000000e0000000, 0x00000000e0101000, 0x0000000100000000)
  region size 1024K, 307 young (314368K), 2 survivors (2048K)
 Metaspace       used 64985K, capacity 69434K, committed 69632K, reserved 1110016K
  class space    used 8363K, capacity 9102K, committed 9216K, reserved 1048576K
2022-09-12T01:22:15.408+0800: 1332.778: [GC pause (G1 Evacuation Pause) (young) 351M->47558K(512M), 0.0050795 secs]
Heap after GC invocations=162 (full 0):
 garbage-first heap   total 524288K, used 47558K [0x00000000e0000000, 0x00000000e0101000, 0x0000000100000000)
  region size 1024K, 2 young (2048K), 2 survivors (2048K)
 Metaspace       used 64985K, capacity 69434K, committed 69632K, reserved 1110016K
  class space    used 8363K, capacity 9102K, committed 9216K, reserved 1048576K
}
{Heap before GC invocations=162 (full 0):
 garbage-first heap   total 524288K, used 359878K [0x00000000e0000000, 0x00000000e0101000, 0x0000000100000000)
  region size 1024K, 307 young (314368K), 2 survivors (2048K)
 Metaspace       used 64985K, capacity 69434K, committed 69632K, reserved 1110016K
  class space    used 8363K, capacity 9102K, committed 9216K, reserved 1048576K
2022-09-12T01:22:16.451+0800: 1333.822: [GC pause (G1 Evacuation Pause) (young) 351M->47144K(512M), 0.0050561 secs]
Heap after GC invocations=163 (full 0):
 garbage-first heap   total 524288K, used 47144K [0x00000000e0000000, 0x00000000e0101000, 0x0000000100000000)
  region size 1024K, 2 young (2048K), 2 survivors (2048K)
 Metaspace       used 64985K, capacity 69434K, committed 69632K, reserved 1110016K
  class space    used 8363K, capacity 9102K, committed 9216K, reserved 1048576K
}
{Heap before GC invocations=163 (full 0):
 garbage-first heap   total 524288K, used 359464K [0x00000000e0000000, 0x00000000e0101000, 0x0000000100000000)
  region size 1024K, 307 young (314368K), 2 survivors (2048K)
 Metaspace       used 64985K, capacity 69434K, committed 69632K, reserved 1110016K
  class space    used 8363K, capacity 9102K, committed 9216K, reserved 1048576K
2022-09-12T01:22:17.501+0800: 1334.871: [GC pause (G1 Evacuation Pause) (young) 351M->47500K(512M), 0.0050643 secs]
Heap after GC invocations=164 (full 0):
 garbage-first heap   total 524288K, used 47500K [0x00000000e0000000, 0x00000000e0101000, 0x0000000100000000)
  region size 1024K, 2 young (2048K), 2 survivors (2048K)
 Metaspace       used 64985K, capacity 69434K, committed 69632K, reserved 1110016K
  class space    used 8363K, capacity 9102K, committed 9216K, reserved 1048576K
}
{Heap before GC invocations=164 (full 0):
 garbage-first heap   total 524288K, used 359820K [0x00000000e0000000, 0x00000000e0101000, 0x0000000100000000)
  region size 1024K, 307 young (314368K), 2 survivors (2048K)
 Metaspace       used 64985K, capacity 69434K, committed 69632K, reserved 1110016K
  class space    used 8363K, capacity 9102K, committed 9216K, reserved 1048576K
2022-09-12T01:22:18.537+0800: 1335.908: [GC pause (G1 Evacuation Pause) (young) 351M->47565K(512M), 0.0051775 secs]
Heap after GC invocations=165 (full 0):
 garbage-first heap   total 524288K, used 47565K [0x00000000e0000000, 0x00000000e0101000, 0x0000000100000000)
  region size 1024K, 2 young (2048K), 2 survivors (2048K)
 Metaspace       used 64985K, capacity 69434K, committed 69632K, reserved 1110016K
  class space    used 8363K, capacity 9102K, committed 9216K, reserved 1048576K
}
{Heap before GC invocations=165 (full 0):
 garbage-first heap   total 524288K, used 359885K [0x00000000e0000000, 0x00000000e0101000, 0x0000000100000000)
  region size 1024K, 307 young (314368K), 2 survivors (2048K)
 Metaspace       used 64985K, capacity 69434K, committed 69632K, reserved 1110016K
  class space    used 8363K, capacity 9102K, committed 9216K, reserved 1048576K
2022-09-12T01:22:19.572+0800: 1336.942: [GC pause (G1 Evacuation Pause) (young) 351M->47153K(512M), 0.0051719 secs]
Heap after GC invocations=166 (full 0):
 garbage-first heap   total 524288K, used 47153K [0x00000000e0000000, 0x00000000e0101000, 0x0000000100000000)
  region size 1024K, 2 young (2048K), 2 survivors (2048K)
 Metaspace       used 64985K, capacity 69434K, committed 69632K, reserved 1110016K
  class space    used 8363K, capacity 9102K, committed 9216K, reserved 1048576K
}
{Heap before GC invocations=166 (full 0):
 garbage-first heap   total 524288K, used 359473K [0x00000000e0000000, 0x00000000e0101000, 0x0000000100000000)
  region size 1024K, 307 young (314368K), 2 survivors (2048K)
 Metaspace       used 64985K, capacity 69434K, committed 69632K, reserved 1110016K
  class space    used 8363K, capacity 9102K, committed 9216K, reserved 1048576K
2022-09-12T01:22:20.607+0800: 1337.978: [GC pause (G1 Evacuation Pause) (young) 351M->47527K(512M), 0.0051545 secs]
Heap after GC invocations=167 (full 0):
 garbage-first heap   total 524288K, used 47527K [0x00000000e0000000, 0x00000000e0101000, 0x0000000100000000)
  region size 1024K, 2 young (2048K), 2 survivors (2048K)
 Metaspace       used 64985K, capacity 69434K, committed 69632K, reserved 1110016K
  class space    used 8363K, capacity 9102K, committed 9216K, reserved 1048576K
}
{Heap before GC invocations=167 (full 0):
 garbage-first heap   total 524288K, used 359847K [0x00000000e0000000, 0x00000000e0101000, 0x0000000100000000)
  region size 1024K, 307 young (314368K), 2 survivors (2048K)
 Metaspace       used 64985K, capacity 69434K, committed 69632K, reserved 1110016K
  class space    used 8363K, capacity 9102K, committed 9216K, reserved 1048576K
2022-09-12T01:22:21.652+0800: 1339.023: [GC pause (G1 Evacuation Pause) (young) 351M->47583K(512M), 0.0050801 secs]
Heap after GC invocations=168 (full 0):
 garbage-first heap   total 524288K, used 47583K [0x00000000e0000000, 0x00000000e0101000, 0x0000000100000000)
  region size 1024K, 2 young (2048K), 2 survivors (2048K)
 Metaspace       used 64985K, capacity 69434K, committed 69632K, reserved 1110016K
  class space    used 8363K, capacity 9102K, committed 9216K, reserved 1048576K
}
{Heap before GC invocations=168 (full 0):
 garbage-first heap   total 524288K, used 359903K [0x00000000e0000000, 0x00000000e0101000, 0x0000000100000000)
  region size 1024K, 307 young (314368K), 2 survivors (2048K)
 Metaspace       used 64985K, capacity 69434K, committed 69632K, reserved 1110016K
  class space    used 8363K, capacity 9102K, committed 9216K, reserved 1048576K
2022-09-12T01:22:22.686+0800: 1340.057: [GC pause (G1 Evacuation Pause) (young) 351M->47155K(512M), 0.0051073 secs]
Heap after GC invocations=169 (full 0):
 garbage-first heap   total 524288K, used 47155K [0x00000000e0000000, 0x00000000e0101000, 0x0000000100000000)
  region size 1024K, 2 young (2048K), 2 survivors (2048K)
 Metaspace       used 64985K, capacity 69434K, committed 69632K, reserved 1110016K
  class space    used 8363K, capacity 9102K, committed 9216K, reserved 1048576K
}
{Heap before GC invocations=169 (full 0):
 garbage-first heap   total 524288K, used 359475K [0x00000000e0000000, 0x00000000e0101000, 0x0000000100000000)
  region size 1024K, 307 young (314368K), 2 survivors (2048K)
 Metaspace       used 64985K, capacity 69434K, committed 69632K, reserved 1110016K
  class space    used 8363K, capacity 9102K, committed 9216K, reserved 1048576K
2022-09-12T01:22:23.721+0800: 1341.091: [GC pause (G1 Evacuation Pause) (young) 351M->47526K(512M), 0.0050044 secs]
Heap after GC invocations=170 (full 0):
 garbage-first heap   total 524288K, used 47526K [0x00000000e0000000, 0x00000000e0101000, 0x0000000100000000)
  region size 1024K, 2 young (2048K), 2 survivors (2048K)
 Metaspace       used 64985K, capacity 69434K, committed 69632K, reserved 1110016K
  class space    used 8363K, capacity 9102K, committed 9216K, reserved 1048576K
}
{Heap before GC invocations=170 (full 0):
 garbage-first heap   total 524288K, used 359846K [0x00000000e0000000, 0x00000000e0101000, 0x0000000100000000)
  region size 1024K, 307 young (314368K), 2 survivors (2048K)
 Metaspace       used 64985K, capacity 69434K, committed 69632K, reserved 1110016K
  class space    used 8363K, capacity 9102K, committed 9216K, reserved 1048576K
2022-09-12T01:22:24.756+0800: 1342.127: [GC pause (G1 Evacuation Pause) (young) 351M->47568K(512M), 0.0050516 secs]
Heap after GC invocations=171 (full 0):
 garbage-first heap   total 524288K, used 47568K [0x00000000e0000000, 0x00000000e0101000, 0x0000000100000000)
  region size 1024K, 2 young (2048K), 2 survivors (2048K)
 Metaspace       used 64985K, capacity 69434K, committed 69632K, reserved 1110016K
  class space    used 8363K, capacity 9102K, committed 9216K, reserved 1048576K
}
{Heap before GC invocations=171 (full 0):
 garbage-first heap   total 524288K, used 359888K [0x00000000e0000000, 0x00000000e0101000, 0x0000000100000000)
  region size 1024K, 307 young (314368K), 2 survivors (2048K)
 Metaspace       used 64985K, capacity 69434K, committed 69632K, reserved 1110016K
  class space    used 8363K, capacity 9102K, committed 9216K, reserved 1048576K
2022-09-12T01:22:25.801+0800: 1343.172: [GC pause (G1 Evacuation Pause) (young) 351M->47161K(512M), 0.0050360 secs]
Heap after GC invocations=172 (full 0):
 garbage-first heap   total 524288K, used 47161K [0x00000000e0000000, 0x00000000e0101000, 0x0000000100000000)
  region size 1024K, 2 young (2048K), 2 survivors (2048K)
 Metaspace       used 64985K, capacity 69434K, committed 69632K, reserved 1110016K
  class space    used 8363K, capacity 9102K, committed 9216K, reserved 1048576K
}
{Heap before GC invocations=172 (full 0):
 garbage-first heap   total 524288K, used 359481K [0x00000000e0000000, 0x00000000e0101000, 0x0000000100000000)
  region size 1024K, 307 young (314368K), 2 survivors (2048K)
 Metaspace       used 64985K, capacity 69434K, committed 69632K, reserved 1110016K
  class space    used 8363K, capacity 9102K, committed 9216K, reserved 1048576K
2022-09-12T01:22:26.834+0800: 1344.205: [GC pause (G1 Evacuation Pause) (young) 351M->47519K(512M), 0.0051113 secs]
Heap after GC invocations=173 (full 0):
 garbage-first heap   total 524288K, used 47519K [0x00000000e0000000, 0x00000000e0101000, 0x0000000100000000)
  region size 1024K, 2 young (2048K), 2 survivors (2048K)
 Metaspace       used 64985K, capacity 69434K, committed 69632K, reserved 1110016K
  class space    used 8363K, capacity 9102K, committed 9216K, reserved 1048576K
}
{Heap before GC invocations=173 (full 0):
 garbage-first heap   total 524288K, used 359839K [0x00000000e0000000, 0x00000000e0101000, 0x0000000100000000)
  region size 1024K, 307 young (314368K), 2 survivors (2048K)
 Metaspace       used 64985K, capacity 69434K, committed 69632K, reserved 1110016K
  class space    used 8363K, capacity 9102K, committed 9216K, reserved 1048576K
2022-09-12T01:22:27.874+0800: 1345.245: [GC pause (G1 Evacuation Pause) (young) 351M->47594K(512M), 0.0050480 secs]
Heap after GC invocations=174 (full 0):
 garbage-first heap   total 524288K, used 47594K [0x00000000e0000000, 0x00000000e0101000, 0x0000000100000000)
  region size 1024K, 2 young (2048K), 2 survivors (2048K)
 Metaspace       used 64985K, capacity 69434K, committed 69632K, reserved 1110016K
  class space    used 8363K, capacity 9102K, committed 9216K, reserved 1048576K
}
{Heap before GC invocations=174 (full 0):
 garbage-first heap   total 524288K, used 359914K [0x00000000e0000000, 0x00000000e0101000, 0x0000000100000000)
  region size 1024K, 307 young (314368K), 2 survivors (2048K)
 Metaspace       used 64985K, capacity 69434K, committed 69632K, reserved 1110016K
  class space    used 8363K, capacity 9102K, committed 9216K, reserved 1048576K
2022-09-12T01:22:28.909+0800: 1346.280: [GC pause (G1 Evacuation Pause) (young) 351M->47319K(512M), 0.0049590 secs]
Heap after GC invocations=175 (full 0):
 garbage-first heap   total 524288K, used 47319K [0x00000000e0000000, 0x00000000e0101000, 0x0000000100000000)
  region size 1024K, 2 young (2048K), 2 survivors (2048K)
 Metaspace       used 64985K, capacity 69434K, committed 69632K, reserved 1110016K
  class space    used 8363K, capacity 9102K, committed 9216K, reserved 1048576K
}
{Heap before GC invocations=175 (full 0):
 garbage-first heap   total 524288K, used 359639K [0x00000000e0000000, 0x00000000e0101000, 0x0000000100000000)
  region size 1024K, 307 young (314368K), 2 survivors (2048K)
 Metaspace       used 64987K, capacity 69434K, committed 69632K, reserved 1110016K
  class space    used 8363K, capacity 9102K, committed 9216K, reserved 1048576K
2022-09-12T01:22:29.948+0800: 1347.319: [GC pause (G1 Evacuation Pause) (young) 351M->47528K(512M), 0.0050441 secs]
Heap after GC invocations=176 (full 0):
 garbage-first heap   total 524288K, used 47528K [0x00000000e0000000, 0x00000000e0101000, 0x0000000100000000)
  region size 1024K, 2 young (2048K), 2 survivors (2048K)
 Metaspace       used 64987K, capacity 69434K, committed 69632K, reserved 1110016K
  class space    used 8363K, capacity 9102K, committed 9216K, reserved 1048576K
}
{Heap before GC invocations=176 (full 0):
 garbage-first heap   total 524288K, used 359848K [0x00000000e0000000, 0x00000000e0101000, 0x0000000100000000)
  region size 1024K, 307 young (314368K), 2 survivors (2048K)
 Metaspace       used 64987K, capacity 69434K, committed 69632K, reserved 1110016K
  class space    used 8363K, capacity 9102K, committed 9216K, reserved 1048576K
2022-09-12T01:22:31.009+0800: 1348.380: [GC pause (G1 Evacuation Pause) (young) 351M->47579K(512M), 0.0049957 secs]
Heap after GC invocations=177 (full 0):
 garbage-first heap   total 524288K, used 47579K [0x00000000e0000000, 0x00000000e0101000, 0x0000000100000000)
  region size 1024K, 2 young (2048K), 2 survivors (2048K)
 Metaspace       used 64987K, capacity 69434K, committed 69632K, reserved 1110016K
  class space    used 8363K, capacity 9102K, committed 9216K, reserved 1048576K
}
{Heap before GC invocations=177 (full 0):
 garbage-first heap   total 524288K, used 359899K [0x00000000e0000000, 0x00000000e0101000, 0x0000000100000000)
  region size 1024K, 307 young (314368K), 2 survivors (2048K)
 Metaspace       used 64987K, capacity 69434K, committed 69632K, reserved 1110016K
  class space    used 8363K, capacity 9102K, committed 9216K, reserved 1048576K
2022-09-12T01:22:32.056+0800: 1349.427: [GC pause (G1 Evacuation Pause) (young) 351M->47167K(512M), 0.0050525 secs]
Heap after GC invocations=178 (full 0):
 garbage-first heap   total 524288K, used 47167K [0x00000000e0000000, 0x00000000e0101000, 0x0000000100000000)
  region size 1024K, 2 young (2048K), 2 survivors (2048K)
 Metaspace       used 64987K, capacity 69434K, committed 69632K, reserved 1110016K
  class space    used 8363K, capacity 9102K, committed 9216K, reserved 1048576K
}
{Heap before GC invocations=178 (full 0):
 garbage-first heap   total 524288K, used 359487K [0x00000000e0000000, 0x00000000e0101000, 0x0000000100000000)
  region size 1024K, 307 young (314368K), 2 survivors (2048K)
 Metaspace       used 64987K, capacity 69434K, committed 69632K, reserved 1110016K
  class space    used 8363K, capacity 9102K, committed 9216K, reserved 1048576K
2022-09-12T01:22:33.091+0800: 1350.461: [GC pause (G1 Evacuation Pause) (young) 351M->47522K(512M), 0.0050432 secs]
Heap after GC invocations=179 (full 0):
 garbage-first heap   total 524288K, used 47522K [0x00000000e0000000, 0x00000000e0101000, 0x0000000100000000)
  region size 1024K, 2 young (2048K), 2 survivors (2048K)
 Metaspace       used 64987K, capacity 69434K, committed 69632K, reserved 1110016K
  class space    used 8363K, capacity 9102K, committed 9216K, reserved 1048576K
}
{Heap before GC invocations=179 (full 0):
 garbage-first heap   total 524288K, used 359842K [0x00000000e0000000, 0x00000000e0101000, 0x0000000100000000)
  region size 1024K, 307 young (314368K), 2 survivors (2048K)
 Metaspace       used 64987K, capacity 69434K, committed 69632K, reserved 1110016K
  class space    used 8363K, capacity 9102K, committed 9216K, reserved 1048576K
2022-09-12T01:22:34.127+0800: 1351.498: [GC pause (G1 Evacuation Pause) (young) 351M->47593K(512M), 0.0050190 secs]
Heap after GC invocations=180 (full 0):
 garbage-first heap   total 524288K, used 47593K [0x00000000e0000000, 0x00000000e0101000, 0x0000000100000000)
  region size 1024K, 2 young (2048K), 2 survivors (2048K)
 Metaspace       used 64987K, capacity 69434K, committed 69632K, reserved 1110016K
  class space    used 8363K, capacity 9102K, committed 9216K, reserved 1048576K
}
{Heap before GC invocations=180 (full 0):
 garbage-first heap   total 524288K, used 359913K [0x00000000e0000000, 0x00000000e0101000, 0x0000000100000000)
  region size 1024K, 307 young (314368K), 2 survivors (2048K)
 Metaspace       used 64987K, capacity 69434K, committed 69632K, reserved 1110016K
  class space    used 8363K, capacity 9102K, committed 9216K, reserved 1048576K
2022-09-12T01:22:35.186+0800: 1352.557: [GC pause (G1 Evacuation Pause) (young) 351M->47027K(512M), 0.0050256 secs]
Heap after GC invocations=181 (full 0):
 garbage-first heap   total 524288K, used 47027K [0x00000000e0000000, 0x00000000e0101000, 0x0000000100000000)
  region size 1024K, 2 young (2048K), 2 survivors (2048K)
 Metaspace       used 64987K, capacity 69434K, committed 69632K, reserved 1110016K
  class space    used 8363K, capacity 9102K, committed 9216K, reserved 1048576K
}
{Heap before GC invocations=181 (full 0):
 garbage-first heap   total 524288K, used 359347K [0x00000000e0000000, 0x00000000e0101000, 0x0000000100000000)
  region size 1024K, 307 young (314368K), 2 survivors (2048K)
 Metaspace       used 64987K, capacity 69434K, committed 69632K, reserved 1110016K
  class space    used 8363K, capacity 9102K, committed 9216K, reserved 1048576K
2022-09-12T01:22:36.224+0800: 1353.595: [GC pause (G1 Evacuation Pause) (young) 350M->47537K(512M), 0.0050513 secs]
Heap after GC invocations=182 (full 0):
 garbage-first heap   total 524288K, used 47537K [0x00000000e0000000, 0x00000000e0101000, 0x0000000100000000)
  region size 1024K, 2 young (2048K), 2 survivors (2048K)
 Metaspace       used 64987K, capacity 69434K, committed 69632K, reserved 1110016K
  class space    used 8363K, capacity 9102K, committed 9216K, reserved 1048576K
}
{Heap before GC invocations=182 (full 0):
 garbage-first heap   total 524288K, used 359857K [0x00000000e0000000, 0x00000000e0101000, 0x0000000100000000)
  region size 1024K, 307 young (314368K), 2 survivors (2048K)
 Metaspace       used 64987K, capacity 69434K, committed 69632K, reserved 1110016K
  class space    used 8363K, capacity 9102K, committed 9216K, reserved 1048576K
2022-09-12T01:22:37.259+0800: 1354.629: [GC pause (G1 Evacuation Pause) (young) 351M->47595K(512M), 0.0050225 secs]
Heap after GC invocations=183 (full 0):
 garbage-first heap   total 524288K, used 47595K [0x00000000e0000000, 0x00000000e0101000, 0x0000000100000000)
  region size 1024K, 2 young (2048K), 2 survivors (2048K)
 Metaspace       used 64987K, capacity 69434K, committed 69632K, reserved 1110016K
  class space    used 8363K, capacity 9102K, committed 9216K, reserved 1048576K
}
{Heap before GC invocations=183 (full 0):
 garbage-first heap   total 524288K, used 359915K [0x00000000e0000000, 0x00000000e0101000, 0x0000000100000000)
  region size 1024K, 307 young (314368K), 2 survivors (2048K)
 Metaspace       used 64987K, capacity 69434K, committed 69632K, reserved 1110016K
  class space    used 8363K, capacity 9102K, committed 9216K, reserved 1048576K
2022-09-12T01:22:38.295+0800: 1355.666: [GC pause (G1 Evacuation Pause) (young) 351M->47184K(512M), 0.0051548 secs]
Heap after GC invocations=184 (full 0):
 garbage-first heap   total 524288K, used 47184K [0x00000000e0000000, 0x00000000e0101000, 0x0000000100000000)
  region size 1024K, 2 young (2048K), 2 survivors (2048K)
 Metaspace       used 64987K, capacity 69434K, committed 69632K, reserved 1110016K
  class space    used 8363K, capacity 9102K, committed 9216K, reserved 1048576K
}
{Heap before GC invocations=184 (full 0):
 garbage-first heap   total 524288K, used 359504K [0x00000000e0000000, 0x00000000e0101000, 0x0000000100000000)
  region size 1024K, 307 young (314368K), 2 survivors (2048K)
 Metaspace       used 64987K, capacity 69434K, committed 69632K, reserved 1110016K
  class space    used 8363K, capacity 9102K, committed 9216K, reserved 1048576K
2022-09-12T01:22:39.357+0800: 1356.728: [GC pause (G1 Evacuation Pause) (young) 351M->47549K(512M), 0.0048509 secs]
Heap after GC invocations=185 (full 0):
 garbage-first heap   total 524288K, used 47549K [0x00000000e0000000, 0x00000000e0101000, 0x0000000100000000)
  region size 1024K, 2 young (2048K), 2 survivors (2048K)
 Metaspace       used 64987K, capacity 69434K, committed 69632K, reserved 1110016K
  class space    used 8363K, capacity 9102K, committed 9216K, reserved 1048576K
}
{Heap before GC invocations=185 (full 0):
 garbage-first heap   total 524288K, used 359869K [0x00000000e0000000, 0x00000000e0101000, 0x0000000100000000)
  region size 1024K, 307 young (314368K), 2 survivors (2048K)
 Metaspace       used 64987K, capacity 69434K, committed 69632K, reserved 1110016K
  class space    used 8363K, capacity 9102K, committed 9216K, reserved 1048576K
2022-09-12T01:22:40.391+0800: 1357.762: [GC pause (G1 Evacuation Pause) (young) 351M->47589K(512M), 0.0050063 secs]
Heap after GC invocations=186 (full 0):
 garbage-first heap   total 524288K, used 47589K [0x00000000e0000000, 0x00000000e0101000, 0x0000000100000000)
  region size 1024K, 2 young (2048K), 2 survivors (2048K)
 Metaspace       used 64987K, capacity 69434K, committed 69632K, reserved 1110016K
  class space    used 8363K, capacity 9102K, committed 9216K, reserved 1048576K
}
{Heap before GC invocations=186 (full 0):
 garbage-first heap   total 524288K, used 359909K [0x00000000e0000000, 0x00000000e0101000, 0x0000000100000000)
  region size 1024K, 307 young (314368K), 2 survivors (2048K)
 Metaspace       used 64987K, capacity 69434K, committed 69632K, reserved 1110016K
  class space    used 8363K, capacity 9102K, committed 9216K, reserved 1048576K
2022-09-12T01:22:41.429+0800: 1358.800: [GC pause (G1 Evacuation Pause) (young) 351M->47334K(512M), 0.0052782 secs]
Heap after GC invocations=187 (full 0):
 garbage-first heap   total 524288K, used 47334K [0x00000000e0000000, 0x00000000e0101000, 0x0000000100000000)
  region size 1024K, 2 young (2048K), 2 survivors (2048K)
 Metaspace       used 64987K, capacity 69434K, committed 69632K, reserved 1110016K
  class space    used 8363K, capacity 9102K, committed 9216K, reserved 1048576K
}
{Heap before GC invocations=187 (full 0):
 garbage-first heap   total 524288K, used 359654K [0x00000000e0000000, 0x00000000e0101000, 0x0000000100000000)
  region size 1024K, 307 young (314368K), 2 survivors (2048K)
 Metaspace       used 64987K, capacity 69434K, committed 69632K, reserved 1110016K
  class space    used 8363K, capacity 9102K, committed 9216K, reserved 1048576K
2022-09-12T01:22:42.472+0800: 1359.843: [GC pause (G1 Evacuation Pause) (young) 351M->47577K(512M), 0.0049300 secs]
Heap after GC invocations=188 (full 0):
 garbage-first heap   total 524288K, used 47577K [0x00000000e0000000, 0x00000000e0101000, 0x0000000100000000)
  region size 1024K, 2 young (2048K), 2 survivors (2048K)
 Metaspace       used 64987K, capacity 69434K, committed 69632K, reserved 1110016K
  class space    used 8363K, capacity 9102K, committed 9216K, reserved 1048576K
}
{Heap before GC invocations=188 (full 0):
 garbage-first heap   total 524288K, used 359897K [0x00000000e0000000, 0x00000000e0101000, 0x0000000100000000)
  region size 1024K, 307 young (314368K), 2 survivors (2048K)
 Metaspace       used 64987K, capacity 69434K, committed 69632K, reserved 1110016K
  class space    used 8363K, capacity 9102K, committed 9216K, reserved 1048576K
2022-09-12T01:22:43.507+0800: 1360.878: [GC pause (G1 Evacuation Pause) (young) 351M->47183K(512M), 0.0051534 secs]
Heap after GC invocations=189 (full 0):
 garbage-first heap   total 524288K, used 47183K [0x00000000e0000000, 0x00000000e0101000, 0x0000000100000000)
  region size 1024K, 2 young (2048K), 2 survivors (2048K)
 Metaspace       used 64987K, capacity 69434K, committed 69632K, reserved 1110016K
  class space    used 8363K, capacity 9102K, committed 9216K, reserved 1048576K
}
{Heap before GC invocations=189 (full 0):
 garbage-first heap   total 524288K, used 359503K [0x00000000e0000000, 0x00000000e0101000, 0x0000000100000000)
  region size 1024K, 307 young (314368K), 2 survivors (2048K)
 Metaspace       used 64987K, capacity 69434K, committed 69632K, reserved 1110016K
  class space    used 8363K, capacity 9102K, committed 9216K, reserved 1048576K
2022-09-12T01:22:44.557+0800: 1361.927: [GC pause (G1 Evacuation Pause) (young) 351M->47552K(512M), 0.0049666 secs]
Heap after GC invocations=190 (full 0):
 garbage-first heap   total 524288K, used 47552K [0x00000000e0000000, 0x00000000e0101000, 0x0000000100000000)
  region size 1024K, 2 young (2048K), 2 survivors (2048K)
 Metaspace       used 64987K, capacity 69434K, committed 69632K, reserved 1110016K
  class space    used 8363K, capacity 9102K, committed 9216K, reserved 1048576K
}
{Heap before GC invocations=190 (full 0):
 garbage-first heap   total 524288K, used 359872K [0x00000000e0000000, 0x00000000e0101000, 0x0000000100000000)
  region size 1024K, 307 young (314368K), 2 survivors (2048K)
 Metaspace       used 64987K, capacity 69434K, committed 69632K, reserved 1110016K
  class space    used 8363K, capacity 9102K, committed 9216K, reserved 1048576K
2022-09-12T01:22:45.592+0800: 1362.963: [GC pause (G1 Evacuation Pause) (young) 351M->47620K(512M), 0.0050261 secs]
Heap after GC invocations=191 (full 0):
 garbage-first heap   total 524288K, used 47620K [0x00000000e0000000, 0x00000000e0101000, 0x0000000100000000)
  region size 1024K, 2 young (2048K), 2 survivors (2048K)
 Metaspace       used 64987K, capacity 69434K, committed 69632K, reserved 1110016K
  class space    used 8363K, capacity 9102K, committed 9216K, reserved 1048576K
}
{Heap before GC invocations=191 (full 0):
 garbage-first heap   total 524288K, used 359940K [0x00000000e0000000, 0x00000000e0101000, 0x0000000100000000)
  region size 1024K, 307 young (314368K), 2 survivors (2048K)
 Metaspace       used 64987K, capacity 69434K, committed 69632K, reserved 1110016K
  class space    used 8363K, capacity 9102K, committed 9216K, reserved 1048576K
2022-09-12T01:22:46.635+0800: 1364.005: [GC pause (G1 Evacuation Pause) (young) 351M->47197K(512M), 0.0050533 secs]
Heap after GC invocations=192 (full 0):
 garbage-first heap   total 524288K, used 47197K [0x00000000e0000000, 0x00000000e0101000, 0x0000000100000000)
  region size 1024K, 2 young (2048K), 2 survivors (2048K)
 Metaspace       used 64987K, capacity 69434K, committed 69632K, reserved 1110016K
  class space    used 8363K, capacity 9102K, committed 9216K, reserved 1048576K
}
{Heap before GC invocations=192 (full 0):
 garbage-first heap   total 524288K, used 359517K [0x00000000e0000000, 0x00000000e0101000, 0x0000000100000000)
  region size 1024K, 307 young (314368K), 2 survivors (2048K)
 Metaspace       used 64987K, capacity 69434K, committed 69632K, reserved 1110016K
  class space    used 8363K, capacity 9102K, committed 9216K, reserved 1048576K
2022-09-12T01:22:47.669+0800: 1365.040: [GC pause (G1 Evacuation Pause) (young) 351M->47562K(512M), 0.0051789 secs]
Heap after GC invocations=193 (full 0):
 garbage-first heap   total 524288K, used 47562K [0x00000000e0000000, 0x00000000e0101000, 0x0000000100000000)
  region size 1024K, 2 young (2048K), 2 survivors (2048K)
 Metaspace       used 64987K, capacity 69434K, committed 69632K, reserved 1110016K
  class space    used 8363K, capacity 9102K, committed 9216K, reserved 1048576K
}
{Heap before GC invocations=193 (full 0):
 garbage-first heap   total 524288K, used 359882K [0x00000000e0000000, 0x00000000e0101000, 0x0000000100000000)
  region size 1024K, 307 young (314368K), 2 survivors (2048K)
 Metaspace       used 64987K, capacity 69434K, committed 69632K, reserved 1110016K
  class space    used 8363K, capacity 9102K, committed 9216K, reserved 1048576K
2022-09-12T01:22:48.732+0800: 1366.103: [GC pause (G1 Evacuation Pause) (young) 351M->47631K(512M), 0.0051516 secs]
Heap after GC invocations=194 (full 0):
 garbage-first heap   total 524288K, used 47631K [0x00000000e0000000, 0x00000000e0101000, 0x0000000100000000)
  region size 1024K, 2 young (2048K), 2 survivors (2048K)
 Metaspace       used 64987K, capacity 69434K, committed 69632K, reserved 1110016K
  class space    used 8363K, capacity 9102K, committed 9216K, reserved 1048576K
}
{Heap before GC invocations=194 (full 0):
 garbage-first heap   total 524288K, used 359951K [0x00000000e0000000, 0x00000000e0101000, 0x0000000100000000)
  region size 1024K, 307 young (314368K), 2 survivors (2048K)
 Metaspace       used 64987K, capacity 69434K, committed 69632K, reserved 1110016K
  class space    used 8363K, capacity 9102K, committed 9216K, reserved 1048576K
2022-09-12T01:22:49.769+0800: 1367.139: [GC pause (G1 Evacuation Pause) (young) 351M->47209K(512M), 0.0051115 secs]
Heap after GC invocations=195 (full 0):
 garbage-first heap   total 524288K, used 47209K [0x00000000e0000000, 0x00000000e0101000, 0x0000000100000000)
  region size 1024K, 2 young (2048K), 2 survivors (2048K)
 Metaspace       used 64987K, capacity 69434K, committed 69632K, reserved 1110016K
  class space    used 8363K, capacity 9102K, committed 9216K, reserved 1048576K
}
{Heap before GC invocations=195 (full 0):
 garbage-first heap   total 524288K, used 359529K [0x00000000e0000000, 0x00000000e0101000, 0x0000000100000000)
  region size 1024K, 307 young (314368K), 2 survivors (2048K)
 Metaspace       used 64987K, capacity 69434K, committed 69632K, reserved 1110016K
  class space    used 8363K, capacity 9102K, committed 9216K, reserved 1048576K
2022-09-12T01:22:50.806+0800: 1368.176: [GC pause (G1 Evacuation Pause) (young) 351M->47572K(512M), 0.0050141 secs]
Heap after GC invocations=196 (full 0):
 garbage-first heap   total 524288K, used 47572K [0x00000000e0000000, 0x00000000e0101000, 0x0000000100000000)
  region size 1024K, 2 young (2048K), 2 survivors (2048K)
 Metaspace       used 64987K, capacity 69434K, committed 69632K, reserved 1110016K
  class space    used 8363K, capacity 9102K, committed 9216K, reserved 1048576K
}
{Heap before GC invocations=196 (full 0):
 garbage-first heap   total 524288K, used 359892K [0x00000000e0000000, 0x00000000e0101000, 0x0000000100000000)
  region size 1024K, 307 young (314368K), 2 survivors (2048K)
 Metaspace       used 64996K, capacity 69434K, committed 69632K, reserved 1110016K
  class space    used 8363K, capacity 9102K, committed 9216K, reserved 1048576K
2022-09-12T01:22:51.843+0800: 1369.213: [GC pause (G1 Evacuation Pause) (young) 351M->47613K(512M), 0.0050514 secs]
Heap after GC invocations=197 (full 0):
 garbage-first heap   total 524288K, used 47613K [0x00000000e0000000, 0x00000000e0101000, 0x0000000100000000)
  region size 1024K, 2 young (2048K), 2 survivors (2048K)
 Metaspace       used 64996K, capacity 69434K, committed 69632K, reserved 1110016K
  class space    used 8363K, capacity 9102K, committed 9216K, reserved 1048576K
}
{Heap before GC invocations=197 (full 0):
 garbage-first heap   total 524288K, used 359933K [0x00000000e0000000, 0x00000000e0101000, 0x0000000100000000)
  region size 1024K, 307 young (314368K), 2 survivors (2048K)
 Metaspace       used 64996K, capacity 69434K, committed 69632K, reserved 1110016K
  class space    used 8363K, capacity 9102K, committed 9216K, reserved 1048576K
2022-09-12T01:22:52.892+0800: 1370.263: [GC pause (G1 Evacuation Pause) (young) 351M->47645K(512M), 0.0050387 secs]
Heap after GC invocations=198 (full 0):
 garbage-first heap   total 524288K, used 47645K [0x00000000e0000000, 0x00000000e0101000, 0x0000000100000000)
  region size 1024K, 2 young (2048K), 2 survivors (2048K)
 Metaspace       used 64996K, capacity 69434K, committed 69632K, reserved 1110016K
  class space    used 8363K, capacity 9102K, committed 9216K, reserved 1048576K
}
{Heap before GC invocations=198 (full 0):
 garbage-first heap   total 524288K, used 359965K [0x00000000e0000000, 0x00000000e0101000, 0x0000000100000000)
  region size 1024K, 307 young (314368K), 2 survivors (2048K)
 Metaspace       used 64996K, capacity 69434K, committed 69632K, reserved 1110016K
  class space    used 8363K, capacity 9102K, committed 9216K, reserved 1048576K
2022-09-12T01:22:53.930+0800: 1371.301: [GC pause (G1 Evacuation Pause) (young) 351M->47214K(512M), 0.0049799 secs]
Heap after GC invocations=199 (full 0):
 garbage-first heap   total 524288K, used 47214K [0x00000000e0000000, 0x00000000e0101000, 0x0000000100000000)
  region size 1024K, 2 young (2048K), 2 survivors (2048K)
 Metaspace       used 64996K, capacity 69434K, committed 69632K, reserved 1110016K
  class space    used 8363K, capacity 9102K, committed 9216K, reserved 1048576K
}
{Heap before GC invocations=199 (full 0):
 garbage-first heap   total 524288K, used 359534K [0x00000000e0000000, 0x00000000e0101000, 0x0000000100000000)
  region size 1024K, 307 young (314368K), 2 survivors (2048K)
 Metaspace       used 64996K, capacity 69434K, committed 69632K, reserved 1110016K
  class space    used 8363K, capacity 9102K, committed 9216K, reserved 1048576K
2022-09-12T01:22:54.966+0800: 1372.337: [GC pause (G1 Evacuation Pause) (young) 351M->47589K(512M), 0.0051093 secs]
Heap after GC invocations=200 (full 0):
 garbage-first heap   total 524288K, used 47589K [0x00000000e0000000, 0x00000000e0101000, 0x0000000100000000)
  region size 1024K, 2 young (2048K), 2 survivors (2048K)
 Metaspace       used 64996K, capacity 69434K, committed 69632K, reserved 1110016K
  class space    used 8363K, capacity 9102K, committed 9216K, reserved 1048576K
}
{Heap before GC invocations=200 (full 0):
 garbage-first heap   total 524288K, used 359909K [0x00000000e0000000, 0x00000000e0101000, 0x0000000100000000)
  region size 1024K, 307 young (314368K), 2 survivors (2048K)
 Metaspace       used 64996K, capacity 69434K, committed 69632K, reserved 1110016K
  class space    used 8363K, capacity 9102K, committed 9216K, reserved 1048576K
2022-09-12T01:22:55.999+0800: 1373.370: [GC pause (G1 Evacuation Pause) (young) 351M->47640K(512M), 0.0053718 secs]
Heap after GC invocations=201 (full 0):
 garbage-first heap   total 524288K, used 47640K [0x00000000e0000000, 0x00000000e0101000, 0x0000000100000000)
  region size 1024K, 2 young (2048K), 2 survivors (2048K)
 Metaspace       used 64996K, capacity 69434K, committed 69632K, reserved 1110016K
  class space    used 8363K, capacity 9102K, committed 9216K, reserved 1048576K
}
{Heap before GC invocations=201 (full 0):
 garbage-first heap   total 524288K, used 359960K [0x00000000e0000000, 0x00000000e0101000, 0x0000000100000000)
  region size 1024K, 307 young (314368K), 2 survivors (2048K)
 Metaspace       used 64996K, capacity 69434K, committed 69632K, reserved 1110016K
  class space    used 8363K, capacity 9102K, committed 9216K, reserved 1048576K
2022-09-12T01:22:57.032+0800: 1374.403: [GC pause (G1 Evacuation Pause) (young) 351M->47069K(512M), 0.0049857 secs]
Heap after GC invocations=202 (full 0):
 garbage-first heap   total 524288K, used 47069K [0x00000000e0000000, 0x00000000e0101000, 0x0000000100000000)
  region size 1024K, 2 young (2048K), 2 survivors (2048K)
 Metaspace       used 64996K, capacity 69434K, committed 69632K, reserved 1110016K
  class space    used 8363K, capacity 9102K, committed 9216K, reserved 1048576K
}
{Heap before GC invocations=202 (full 0):
 garbage-first heap   total 524288K, used 359389K [0x00000000e0000000, 0x00000000e0101000, 0x0000000100000000)
  region size 1024K, 307 young (314368K), 2 survivors (2048K)
 Metaspace       used 64996K, capacity 69434K, committed 69632K, reserved 1110016K
  class space    used 8363K, capacity 9102K, committed 9216K, reserved 1048576K
2022-09-12T01:22:58.089+0800: 1375.460: [GC pause (G1 Evacuation Pause) (young) 350M->47571K(512M), 0.0049796 secs]
Heap after GC invocations=203 (full 0):
 garbage-first heap   total 524288K, used 47571K [0x00000000e0000000, 0x00000000e0101000, 0x0000000100000000)
  region size 1024K, 2 young (2048K), 2 survivors (2048K)
 Metaspace       used 64996K, capacity 69434K, committed 69632K, reserved 1110016K
  class space    used 8363K, capacity 9102K, committed 9216K, reserved 1048576K
}
{Heap before GC invocations=203 (full 0):
 garbage-first heap   total 524288K, used 359891K [0x00000000e0000000, 0x00000000e0101000, 0x0000000100000000)
  region size 1024K, 307 young (314368K), 2 survivors (2048K)
 Metaspace       used 64996K, capacity 69434K, committed 69632K, reserved 1110016K
  class space    used 8363K, capacity 9102K, committed 9216K, reserved 1048576K
2022-09-12T01:22:59.124+0800: 1376.495: [GC pause (G1 Evacuation Pause) (young) 351M->47637K(512M), 0.0050460 secs]
Heap after GC invocations=204 (full 0):
 garbage-first heap   total 524288K, used 47637K [0x00000000e0000000, 0x00000000e0101000, 0x0000000100000000)
  region size 1024K, 2 young (2048K), 2 survivors (2048K)
 Metaspace       used 64996K, capacity 69434K, committed 69632K, reserved 1110016K
  class space    used 8363K, capacity 9102K, committed 9216K, reserved 1048576K
}
{Heap before GC invocations=204 (full 0):
 garbage-first heap   total 524288K, used 359957K [0x00000000e0000000, 0x00000000e0101000, 0x0000000100000000)
  region size 1024K, 307 young (314368K), 2 survivors (2048K)
 Metaspace       used 64996K, capacity 69434K, committed 69632K, reserved 1110016K
  class space    used 8363K, capacity 9102K, committed 9216K, reserved 1048576K
2022-09-12T01:23:00.157+0800: 1377.528: [GC pause (G1 Evacuation Pause) (young) 351M->47666K(512M), 0.0053472 secs]
Heap after GC invocations=205 (full 0):
 garbage-first heap   total 524288K, used 47666K [0x00000000e0000000, 0x00000000e0101000, 0x0000000100000000)
  region size 1024K, 2 young (2048K), 2 survivors (2048K)
 Metaspace       used 64996K, capacity 69434K, committed 69632K, reserved 1110016K
  class space    used 8363K, capacity 9102K, committed 9216K, reserved 1048576K
}
{Heap before GC invocations=205 (full 0):
 garbage-first heap   total 524288K, used 359986K [0x00000000e0000000, 0x00000000e0101000, 0x0000000100000000)
  region size 1024K, 307 young (314368K), 2 survivors (2048K)
 Metaspace       used 64996K, capacity 69434K, committed 69632K, reserved 1110016K
  class space    used 8363K, capacity 9102K, committed 9216K, reserved 1048576K
2022-09-12T01:23:01.197+0800: 1378.568: [GC pause (G1 Evacuation Pause) (young) 351M->47227K(512M), 0.0050250 secs]
Heap after GC invocations=206 (full 0):
 garbage-first heap   total 524288K, used 47227K [0x00000000e0000000, 0x00000000e0101000, 0x0000000100000000)
  region size 1024K, 2 young (2048K), 2 survivors (2048K)
 Metaspace       used 64996K, capacity 69434K, committed 69632K, reserved 1110016K
  class space    used 8363K, capacity 9102K, committed 9216K, reserved 1048576K
}
{Heap before GC invocations=206 (full 0):
 garbage-first heap   total 524288K, used 359547K [0x00000000e0000000, 0x00000000e0101000, 0x0000000100000000)
  region size 1024K, 307 young (314368K), 2 survivors (2048K)
 Metaspace       used 64996K, capacity 69434K, committed 69632K, reserved 1110016K
  class space    used 8363K, capacity 9102K, committed 9216K, reserved 1048576K
2022-09-12T01:23:02.262+0800: 1379.633: [GC pause (G1 Evacuation Pause) (young) 351M->47599K(512M), 0.0050113 secs]
Heap after GC invocations=207 (full 0):
 garbage-first heap   total 524288K, used 47599K [0x00000000e0000000, 0x00000000e0101000, 0x0000000100000000)
  region size 1024K, 2 young (2048K), 2 survivors (2048K)
 Metaspace       used 64996K, capacity 69434K, committed 69632K, reserved 1110016K
  class space    used 8363K, capacity 9102K, committed 9216K, reserved 1048576K
}
{Heap before GC invocations=207 (full 0):
 garbage-first heap   total 524288K, used 359919K [0x00000000e0000000, 0x00000000e0101000, 0x0000000100000000)
  region size 1024K, 307 young (314368K), 2 survivors (2048K)
 Metaspace       used 64996K, capacity 69434K, committed 69632K, reserved 1110016K
  class space    used 8363K, capacity 9102K, committed 9216K, reserved 1048576K
2022-09-12T01:23:03.298+0800: 1380.669: [GC pause (G1 Evacuation Pause) (young) 351M->47652K(512M), 0.0050303 secs]
Heap after GC invocations=208 (full 0):
 garbage-first heap   total 524288K, used 47652K [0x00000000e0000000, 0x00000000e0101000, 0x0000000100000000)
  region size 1024K, 2 young (2048K), 2 survivors (2048K)
 Metaspace       used 64996K, capacity 69434K, committed 69632K, reserved 1110016K
  class space    used 8363K, capacity 9102K, committed 9216K, reserved 1048576K
}
{Heap before GC invocations=208 (full 0):
 garbage-first heap   total 524288K, used 359972K [0x00000000e0000000, 0x00000000e0101000, 0x0000000100000000)
  region size 1024K, 307 young (314368K), 2 survivors (2048K)
 Metaspace       used 64996K, capacity 69434K, committed 69632K, reserved 1110016K
  class space    used 8363K, capacity 9102K, committed 9216K, reserved 1048576K
2022-09-12T01:23:04.339+0800: 1381.710: [GC pause (G1 Evacuation Pause) (young) 351M->47223K(512M), 0.0051672 secs]
Heap after GC invocations=209 (full 0):
 garbage-first heap   total 524288K, used 47223K [0x00000000e0000000, 0x00000000e0101000, 0x0000000100000000)
  region size 1024K, 2 young (2048K), 2 survivors (2048K)
 Metaspace       used 64996K, capacity 69434K, committed 69632K, reserved 1110016K
  class space    used 8363K, capacity 9102K, committed 9216K, reserved 1048576K
}
{Heap before GC invocations=209 (full 0):
 garbage-first heap   total 524288K, used 359543K [0x00000000e0000000, 0x00000000e0101000, 0x0000000100000000)
  region size 1024K, 307 young (314368K), 2 survivors (2048K)
 Metaspace       used 64997K, capacity 69434K, committed 69632K, reserved 1110016K
  class space    used 8363K, capacity 9102K, committed 9216K, reserved 1048576K
2022-09-12T01:23:05.375+0800: 1382.746: [GC pause (G1 Evacuation Pause) (young) 351M->47605K(512M), 0.0049676 secs]
Heap after GC invocations=210 (full 0):
 garbage-first heap   total 524288K, used 47605K [0x00000000e0000000, 0x00000000e0101000, 0x0000000100000000)
  region size 1024K, 2 young (2048K), 2 survivors (2048K)
 Metaspace       used 64997K, capacity 69434K, committed 69632K, reserved 1110016K
  class space    used 8363K, capacity 9102K, committed 9216K, reserved 1048576K
}
{Heap before GC invocations=210 (full 0):
 garbage-first heap   total 524288K, used 359925K [0x00000000e0000000, 0x00000000e0101000, 0x0000000100000000)
  region size 1024K, 307 young (314368K), 2 survivors (2048K)
 Metaspace       used 64997K, capacity 69434K, committed 69632K, reserved 1110016K
  class space    used 8363K, capacity 9102K, committed 9216K, reserved 1048576K
2022-09-12T01:23:06.430+0800: 1383.800: [GC pause (G1 Evacuation Pause) (young) 351M->47654K(512M), 0.0052710 secs]
Heap after GC invocations=211 (full 0):
 garbage-first heap   total 524288K, used 47654K [0x00000000e0000000, 0x00000000e0101000, 0x0000000100000000)
  region size 1024K, 2 young (2048K), 2 survivors (2048K)
 Metaspace       used 64997K, capacity 69434K, committed 69632K, reserved 1110016K
  class space    used 8363K, capacity 9102K, committed 9216K, reserved 1048576K
}
{Heap before GC invocations=211 (full 0):
 garbage-first heap   total 524288K, used 359974K [0x00000000e0000000, 0x00000000e0101000, 0x0000000100000000)
  region size 1024K, 307 young (314368K), 2 survivors (2048K)
 Metaspace       used 64997K, capacity 69434K, committed 69632K, reserved 1110016K
  class space    used 8363K, capacity 9102K, committed 9216K, reserved 1048576K
2022-09-12T01:23:07.465+0800: 1384.836: [GC pause (G1 Evacuation Pause) (young) 351M->47077K(512M), 0.0051532 secs]
Heap after GC invocations=212 (full 0):
 garbage-first heap   total 524288K, used 47077K [0x00000000e0000000, 0x00000000e0101000, 0x0000000100000000)
  region size 1024K, 2 young (2048K), 2 survivors (2048K)
 Metaspace       used 64997K, capacity 69434K, committed 69632K, reserved 1110016K
  class space    used 8363K, capacity 9102K, committed 9216K, reserved 1048576K
}
{Heap before GC invocations=212 (full 0):
 garbage-first heap   total 524288K, used 359397K [0x00000000e0000000, 0x00000000e0101000, 0x0000000100000000)
  region size 1024K, 307 young (314368K), 2 survivors (2048K)
 Metaspace       used 64997K, capacity 69434K, committed 69632K, reserved 1110016K
  class space    used 8363K, capacity 9102K, committed 9216K, reserved 1048576K
2022-09-12T01:23:08.503+0800: 1385.874: [GC pause (G1 Evacuation Pause) (young) 350M->47591K(512M), 0.0051147 secs]
Heap after GC invocations=213 (full 0):
 garbage-first heap   total 524288K, used 47591K [0x00000000e0000000, 0x00000000e0101000, 0x0000000100000000)
  region size 1024K, 2 young (2048K), 2 survivors (2048K)
 Metaspace       used 64997K, capacity 69434K, committed 69632K, reserved 1110016K
  class space    used 8363K, capacity 9102K, committed 9216K, reserved 1048576K
}
{Heap before GC invocations=213 (full 0):
 garbage-first heap   total 524288K, used 359911K [0x00000000e0000000, 0x00000000e0101000, 0x0000000100000000)
  region size 1024K, 307 young (314368K), 2 survivors (2048K)
 Metaspace       used 64997K, capacity 69434K, committed 69632K, reserved 1110016K
  class space    used 8363K, capacity 9102K, committed 9216K, reserved 1048576K
2022-09-12T01:23:09.539+0800: 1386.909: [GC pause (G1 Evacuation Pause) (young) 351M->47657K(512M), 0.0051189 secs]
Heap after GC invocations=214 (full 0):
 garbage-first heap   total 524288K, used 47657K [0x00000000e0000000, 0x00000000e0101000, 0x0000000100000000)
  region size 1024K, 2 young (2048K), 2 survivors (2048K)
 Metaspace       used 64997K, capacity 69434K, committed 69632K, reserved 1110016K
  class space    used 8363K, capacity 9102K, committed 9216K, reserved 1048576K
}
{Heap before GC invocations=214 (full 0):
 garbage-first heap   total 524288K, used 359977K [0x00000000e0000000, 0x00000000e0101000, 0x0000000100000000)
  region size 1024K, 307 young (314368K), 2 survivors (2048K)
 Metaspace       used 64997K, capacity 69434K, committed 69632K, reserved 1110016K
  class space    used 8363K, capacity 9102K, committed 9216K, reserved 1048576K
2022-09-12T01:23:10.576+0800: 1387.946: [GC pause (G1 Evacuation Pause) (young) 351M->47080K(512M), 0.0049522 secs]
Heap after GC invocations=215 (full 0):
 garbage-first heap   total 524288K, used 47080K [0x00000000e0000000, 0x00000000e0101000, 0x0000000100000000)
  region size 1024K, 2 young (2048K), 2 survivors (2048K)
 Metaspace       used 64997K, capacity 69434K, committed 69632K, reserved 1110016K
  class space    used 8363K, capacity 9102K, committed 9216K, reserved 1048576K
}
{Heap before GC invocations=215 (full 0):
 garbage-first heap   total 524288K, used 359400K [0x00000000e0000000, 0x00000000e0101000, 0x0000000100000000)
  region size 1024K, 307 young (314368K), 2 survivors (2048K)
 Metaspace       used 64997K, capacity 69434K, committed 69632K, reserved 1110016K
  class space    used 8363K, capacity 9102K, committed 9216K, reserved 1048576K
2022-09-12T01:23:11.634+0800: 1389.005: [GC pause (G1 Evacuation Pause) (young) 350M->47585K(512M), 0.0050431 secs]
Heap after GC invocations=216 (full 0):
 garbage-first heap   total 524288K, used 47585K [0x00000000e0000000, 0x00000000e0101000, 0x0000000100000000)
  region size 1024K, 2 young (2048K), 2 survivors (2048K)
 Metaspace       used 64997K, capacity 69434K, committed 69632K, reserved 1110016K
  class space    used 8363K, capacity 9102K, committed 9216K, reserved 1048576K
}
{Heap before GC invocations=216 (full 0):
 garbage-first heap   total 524288K, used 359905K [0x00000000e0000000, 0x00000000e0101000, 0x0000000100000000)
  region size 1024K, 307 young (314368K), 2 survivors (2048K)
 Metaspace       used 64997K, capacity 69434K, committed 69632K, reserved 1110016K
  class space    used 8363K, capacity 9102K, committed 9216K, reserved 1048576K
2022-09-12T01:23:12.674+0800: 1390.045: [GC pause (G1 Evacuation Pause) (young) 351M->47658K(512M), 0.0051534 secs]
Heap after GC invocations=217 (full 0):
 garbage-first heap   total 524288K, used 47658K [0x00000000e0000000, 0x00000000e0101000, 0x0000000100000000)
  region size 1024K, 2 young (2048K), 2 survivors (2048K)
 Metaspace       used 64997K, capacity 69434K, committed 69632K, reserved 1110016K
  class space    used 8363K, capacity 9102K, committed 9216K, reserved 1048576K
}
{Heap before GC invocations=217 (full 0):
 garbage-first heap   total 524288K, used 359978K [0x00000000e0000000, 0x00000000e0101000, 0x0000000100000000)
  region size 1024K, 307 young (314368K), 2 survivors (2048K)
 Metaspace       used 64997K, capacity 69434K, committed 69632K, reserved 1110016K
  class space    used 8363K, capacity 9102K, committed 9216K, reserved 1048576K
2022-09-12T01:23:13.709+0800: 1391.080: [GC pause (G1 Evacuation Pause) (young) 351M->47686K(512M), 0.0051070 secs]
Heap after GC invocations=218 (full 0):
 garbage-first heap   total 524288K, used 47686K [0x00000000e0000000, 0x00000000e0101000, 0x0000000100000000)
  region size 1024K, 2 young (2048K), 2 survivors (2048K)
 Metaspace       used 64997K, capacity 69434K, committed 69632K, reserved 1110016K
  class space    used 8363K, capacity 9102K, committed 9216K, reserved 1048576K
}
{Heap before GC invocations=218 (full 0):
 garbage-first heap   total 524288K, used 360006K [0x00000000e0000000, 0x00000000e0101000, 0x0000000100000000)
  region size 1024K, 307 young (314368K), 2 survivors (2048K)
 Metaspace       used 64997K, capacity 69434K, committed 69632K, reserved 1110016K
  class space    used 8363K, capacity 9102K, committed 9216K, reserved 1048576K
2022-09-12T01:23:14.744+0800: 1392.114: [GC pause (G1 Evacuation Pause) (young) 351M->47245K(512M), 0.0050362 secs]
Heap after GC invocations=219 (full 0):
 garbage-first heap   total 524288K, used 47245K [0x00000000e0000000, 0x00000000e0101000, 0x0000000100000000)
  region size 1024K, 2 young (2048K), 2 survivors (2048K)
 Metaspace       used 64997K, capacity 69434K, committed 69632K, reserved 1110016K
  class space    used 8363K, capacity 9102K, committed 9216K, reserved 1048576K
}
{Heap before GC invocations=219 (full 0):
 garbage-first heap   total 524288K, used 359565K [0x00000000e0000000, 0x00000000e0101000, 0x0000000100000000)
  region size 1024K, 307 young (314368K), 2 survivors (2048K)
 Metaspace       used 64997K, capacity 69434K, committed 69632K, reserved 1110016K
  class space    used 8363K, capacity 9102K, committed 9216K, reserved 1048576K
2022-09-12T01:23:15.799+0800: 1393.170: [GC pause (G1 Evacuation Pause) (young) 351M->47611K(512M), 0.0050719 secs]
Heap after GC invocations=220 (full 0):
 garbage-first heap   total 524288K, used 47611K [0x00000000e0000000, 0x00000000e0101000, 0x0000000100000000)
  region size 1024K, 2 young (2048K), 2 survivors (2048K)
 Metaspace       used 64997K, capacity 69434K, committed 69632K, reserved 1110016K
  class space    used 8363K, capacity 9102K, committed 9216K, reserved 1048576K
}
{Heap before GC invocations=220 (full 0):
 garbage-first heap   total 524288K, used 359931K [0x00000000e0000000, 0x00000000e0101000, 0x0000000100000000)
  region size 1024K, 307 young (314368K), 2 survivors (2048K)
 Metaspace       used 64997K, capacity 69434K, committed 69632K, reserved 1110016K
  class space    used 8363K, capacity 9102K, committed 9216K, reserved 1048576K
2022-09-12T01:23:16.842+0800: 1394.213: [GC pause (G1 Evacuation Pause) (young) 351M->47666K(512M), 0.0050289 secs]
Heap after GC invocations=221 (full 0):
 garbage-first heap   total 524288K, used 47666K [0x00000000e0000000, 0x00000000e0101000, 0x0000000100000000)
  region size 1024K, 2 young (2048K), 2 survivors (2048K)
 Metaspace       used 64997K, capacity 69434K, committed 69632K, reserved 1110016K
  class space    used 8363K, capacity 9102K, committed 9216K, reserved 1048576K
}
{Heap before GC invocations=221 (full 0):
 garbage-first heap   total 524288K, used 359986K [0x00000000e0000000, 0x00000000e0101000, 0x0000000100000000)
  region size 1024K, 307 young (314368K), 2 survivors (2048K)
 Metaspace       used 64997K, capacity 69434K, committed 69632K, reserved 1110016K
  class space    used 8363K, capacity 9102K, committed 9216K, reserved 1048576K
2022-09-12T01:23:17.878+0800: 1395.249: [GC pause (G1 Evacuation Pause) (young) 351M->47245K(512M), 0.0050310 secs]
Heap after GC invocations=222 (full 0):
 garbage-first heap   total 524288K, used 47245K [0x00000000e0000000, 0x00000000e0101000, 0x0000000100000000)
  region size 1024K, 2 young (2048K), 2 survivors (2048K)
 Metaspace       used 64997K, capacity 69434K, committed 69632K, reserved 1110016K
  class space    used 8363K, capacity 9102K, committed 9216K, reserved 1048576K
}
{Heap before GC invocations=222 (full 0):
 garbage-first heap   total 524288K, used 359565K [0x00000000e0000000, 0x00000000e0101000, 0x0000000100000000)
  region size 1024K, 307 young (314368K), 2 survivors (2048K)
 Metaspace       used 64997K, capacity 69434K, committed 69632K, reserved 1110016K
  class space    used 8363K, capacity 9102K, committed 9216K, reserved 1048576K
2022-09-12T01:23:18.917+0800: 1396.288: [GC pause (G1 Evacuation Pause) (young) 351M->47609K(512M), 0.0050758 secs]
Heap after GC invocations=223 (full 0):
 garbage-first heap   total 524288K, used 47609K [0x00000000e0000000, 0x00000000e0101000, 0x0000000100000000)
  region size 1024K, 2 young (2048K), 2 survivors (2048K)
 Metaspace       used 64997K, capacity 69434K, committed 69632K, reserved 1110016K
  class space    used 8363K, capacity 9102K, committed 9216K, reserved 1048576K
}
{Heap before GC invocations=223 (full 0):
 garbage-first heap   total 524288K, used 359929K [0x00000000e0000000, 0x00000000e0101000, 0x0000000100000000)
  region size 1024K, 307 young (314368K), 2 survivors (2048K)
 Metaspace       used 64997K, capacity 69434K, committed 69632K, reserved 1110016K
  class space    used 8363K, capacity 9102K, committed 9216K, reserved 1048576K
2022-09-12T01:23:19.973+0800: 1397.344: [GC pause (G1 Evacuation Pause) (young) 351M->47658K(512M), 0.0051764 secs]
Heap after GC invocations=224 (full 0):
 garbage-first heap   total 524288K, used 47658K [0x00000000e0000000, 0x00000000e0101000, 0x0000000100000000)
  region size 1024K, 2 young (2048K), 2 survivors (2048K)
 Metaspace       used 64997K, capacity 69434K, committed 69632K, reserved 1110016K
  class space    used 8363K, capacity 9102K, committed 9216K, reserved 1048576K
}
{Heap before GC invocations=224 (full 0):
 garbage-first heap   total 524288K, used 359978K [0x00000000e0000000, 0x00000000e0101000, 0x0000000100000000)
  region size 1024K, 307 young (314368K), 2 survivors (2048K)
 Metaspace       used 64997K, capacity 69434K, committed 69632K, reserved 1110016K
  class space    used 8363K, capacity 9102K, committed 9216K, reserved 1048576K
2022-09-12T01:23:21.007+0800: 1398.378: [GC pause (G1 Evacuation Pause) (young) 351M->47247K(512M), 0.0051189 secs]
Heap after GC invocations=225 (full 0):
 garbage-first heap   total 524288K, used 47247K [0x00000000e0000000, 0x00000000e0101000, 0x0000000100000000)
  region size 1024K, 2 young (2048K), 2 survivors (2048K)
 Metaspace       used 64997K, capacity 69434K, committed 69632K, reserved 1110016K
  class space    used 8363K, capacity 9102K, committed 9216K, reserved 1048576K
}
{Heap before GC invocations=225 (full 0):
 garbage-first heap   total 524288K, used 359567K [0x00000000e0000000, 0x00000000e0101000, 0x0000000100000000)
  region size 1024K, 307 young (314368K), 2 survivors (2048K)
 Metaspace       used 64997K, capacity 69434K, committed 69632K, reserved 1110016K
  class space    used 8363K, capacity 9102K, committed 9216K, reserved 1048576K
2022-09-12T01:23:22.043+0800: 1399.414: [GC pause (G1 Evacuation Pause) (young) 351M->47616K(512M), 0.0051121 secs]
Heap after GC invocations=226 (full 0):
 garbage-first heap   total 524288K, used 47616K [0x00000000e0000000, 0x00000000e0101000, 0x0000000100000000)
  region size 1024K, 2 young (2048K), 2 survivors (2048K)
 Metaspace       used 64997K, capacity 69434K, committed 69632K, reserved 1110016K
  class space    used 8363K, capacity 9102K, committed 9216K, reserved 1048576K
}
{Heap before GC invocations=226 (full 0):
 garbage-first heap   total 524288K, used 359936K [0x00000000e0000000, 0x00000000e0101000, 0x0000000100000000)
  region size 1024K, 307 young (314368K), 2 survivors (2048K)
 Metaspace       used 64997K, capacity 69434K, committed 69632K, reserved 1110016K
  class space    used 8363K, capacity 9102K, committed 9216K, reserved 1048576K
2022-09-12T01:23:23.082+0800: 1400.452: [GC pause (G1 Evacuation Pause) (young) 351M->47682K(512M), 0.0050013 secs]
Heap after GC invocations=227 (full 0):
 garbage-first heap   total 524288K, used 47682K [0x00000000e0000000, 0x00000000e0101000, 0x0000000100000000)
  region size 1024K, 2 young (2048K), 2 survivors (2048K)
 Metaspace       used 64997K, capacity 69434K, committed 69632K, reserved 1110016K
  class space    used 8363K, capacity 9102K, committed 9216K, reserved 1048576K
}
{Heap before GC invocations=227 (full 0):
 garbage-first heap   total 524288K, used 360002K [0x00000000e0000000, 0x00000000e0101000, 0x0000000100000000)
  region size 1024K, 307 young (314368K), 2 survivors (2048K)
 Metaspace       used 64997K, capacity 69434K, committed 69632K, reserved 1110016K
  class space    used 8363K, capacity 9102K, committed 9216K, reserved 1048576K
2022-09-12T01:23:24.115+0800: 1401.486: [GC pause (G1 Evacuation Pause) (young) 351M->47247K(512M), 0.0050595 secs]
Heap after GC invocations=228 (full 0):
 garbage-first heap   total 524288K, used 47247K [0x00000000e0000000, 0x00000000e0101000, 0x0000000100000000)
  region size 1024K, 2 young (2048K), 2 survivors (2048K)
 Metaspace       used 64997K, capacity 69434K, committed 69632K, reserved 1110016K
  class space    used 8363K, capacity 9102K, committed 9216K, reserved 1048576K
}
{Heap before GC invocations=228 (full 0):
 garbage-first heap   total 524288K, used 359567K [0x00000000e0000000, 0x00000000e0101000, 0x0000000100000000)
  region size 1024K, 307 young (314368K), 2 survivors (2048K)
 Metaspace       used 64998K, capacity 69434K, committed 69632K, reserved 1110016K
  class space    used 8363K, capacity 9102K, committed 9216K, reserved 1048576K
2022-09-12T01:23:25.172+0800: 1402.543: [GC pause (G1 Evacuation Pause) (young) 351M->47613K(512M), 0.0051103 secs]
Heap after GC invocations=229 (full 0):
 garbage-first heap   total 524288K, used 47613K [0x00000000e0000000, 0x00000000e0101000, 0x0000000100000000)
  region size 1024K, 2 young (2048K), 2 survivors (2048K)
 Metaspace       used 64998K, capacity 69434K, committed 69632K, reserved 1110016K
  class space    used 8363K, capacity 9102K, committed 9216K, reserved 1048576K
}
{Heap before GC invocations=229 (full 0):
 garbage-first heap   total 524288K, used 359933K [0x00000000e0000000, 0x00000000e0101000, 0x0000000100000000)
  region size 1024K, 307 young (314368K), 2 survivors (2048K)
 Metaspace       used 64998K, capacity 69434K, committed 69632K, reserved 1110016K
  class space    used 8363K, capacity 9102K, committed 9216K, reserved 1048576K
2022-09-12T01:23:26.209+0800: 1403.579: [GC pause (G1 Evacuation Pause) (young) 351M->47670K(512M), 0.0051704 secs]
Heap after GC invocations=230 (full 0):
 garbage-first heap   total 524288K, used 47670K [0x00000000e0000000, 0x00000000e0101000, 0x0000000100000000)
  region size 1024K, 2 young (2048K), 2 survivors (2048K)
 Metaspace       used 64998K, capacity 69434K, committed 69632K, reserved 1110016K
  class space    used 8363K, capacity 9102K, committed 9216K, reserved 1048576K
}
{Heap before GC invocations=230 (full 0):
 garbage-first heap   total 524288K, used 359990K [0x00000000e0000000, 0x00000000e0101000, 0x0000000100000000)
  region size 1024K, 307 young (314368K), 2 survivors (2048K)
 Metaspace       used 64999K, capacity 69434K, committed 69632K, reserved 1110016K
  class space    used 8363K, capacity 9102K, committed 9216K, reserved 1048576K
2022-09-12T01:23:27.243+0800: 1404.614: [GC pause (G1 Evacuation Pause) (young) 351M->47249K(512M), 0.0051438 secs]
Heap after GC invocations=231 (full 0):
 garbage-first heap   total 524288K, used 47249K [0x00000000e0000000, 0x00000000e0101000, 0x0000000100000000)
  region size 1024K, 2 young (2048K), 2 survivors (2048K)
 Metaspace       used 64999K, capacity 69434K, committed 69632K, reserved 1110016K
  class space    used 8363K, capacity 9102K, committed 9216K, reserved 1048576K
}
{Heap before GC invocations=231 (full 0):
 garbage-first heap   total 524288K, used 359569K [0x00000000e0000000, 0x00000000e0101000, 0x0000000100000000)
  region size 1024K, 307 young (314368K), 2 survivors (2048K)
 Metaspace       used 64999K, capacity 69434K, committed 69632K, reserved 1110016K
  class space    used 8363K, capacity 9102K, committed 9216K, reserved 1048576K
2022-09-12T01:23:28.279+0800: 1405.650: [GC pause (G1 Evacuation Pause) (young) 351M->47614K(512M), 0.0049921 secs]
Heap after GC invocations=232 (full 0):
 garbage-first heap   total 524288K, used 47614K [0x00000000e0000000, 0x00000000e0101000, 0x0000000100000000)
  region size 1024K, 2 young (2048K), 2 survivors (2048K)
 Metaspace       used 64999K, capacity 69434K, committed 69632K, reserved 1110016K
  class space    used 8363K, capacity 9102K, committed 9216K, reserved 1048576K
}
{Heap before GC invocations=232 (full 0):
 garbage-first heap   total 524288K, used 359934K [0x00000000e0000000, 0x00000000e0101000, 0x0000000100000000)
  region size 1024K, 307 young (314368K), 2 survivors (2048K)
 Metaspace       used 64999K, capacity 69434K, committed 69632K, reserved 1110016K
  class space    used 8363K, capacity 9102K, committed 9216K, reserved 1048576K
2022-09-12T01:23:29.333+0800: 1406.703: [GC pause (G1 Evacuation Pause) (young) 351M->47665K(512M), 0.0051376 secs]
Heap after GC invocations=233 (full 0):
 garbage-first heap   total 524288K, used 47665K [0x00000000e0000000, 0x00000000e0101000, 0x0000000100000000)
  region size 1024K, 2 young (2048K), 2 survivors (2048K)
 Metaspace       used 64999K, capacity 69434K, committed 69632K, reserved 1110016K
  class space    used 8363K, capacity 9102K, committed 9216K, reserved 1048576K
}
{Heap before GC invocations=233 (full 0):
 garbage-first heap   total 524288K, used 359985K [0x00000000e0000000, 0x00000000e0101000, 0x0000000100000000)
  region size 1024K, 307 young (314368K), 2 survivors (2048K)
 Metaspace       used 64999K, capacity 69434K, committed 69632K, reserved 1110016K
  class space    used 8363K, capacity 9102K, committed 9216K, reserved 1048576K
2022-09-12T01:23:30.367+0800: 1407.737: [GC pause (G1 Evacuation Pause) (young) 351M->47251K(512M), 0.0049281 secs]
Heap after GC invocations=234 (full 0):
 garbage-first heap   total 524288K, used 47251K [0x00000000e0000000, 0x00000000e0101000, 0x0000000100000000)
  region size 1024K, 2 young (2048K), 2 survivors (2048K)
 Metaspace       used 64999K, capacity 69434K, committed 69632K, reserved 1110016K
  class space    used 8363K, capacity 9102K, committed 9216K, reserved 1048576K
}
{Heap before GC invocations=234 (full 0):
 garbage-first heap   total 524288K, used 359571K [0x00000000e0000000, 0x00000000e0101000, 0x0000000100000000)
  region size 1024K, 307 young (314368K), 2 survivors (2048K)
 Metaspace       used 64999K, capacity 69434K, committed 69632K, reserved 1110016K
  class space    used 8363K, capacity 9102K, committed 9216K, reserved 1048576K
2022-09-12T01:23:31.412+0800: 1408.782: [GC pause (G1 Evacuation Pause) (young) 351M->47612K(512M), 0.0050818 secs]
Heap after GC invocations=235 (full 0):
 garbage-first heap   total 524288K, used 47612K [0x00000000e0000000, 0x00000000e0101000, 0x0000000100000000)
  region size 1024K, 2 young (2048K), 2 survivors (2048K)
 Metaspace       used 64999K, capacity 69434K, committed 69632K, reserved 1110016K
  class space    used 8363K, capacity 9102K, committed 9216K, reserved 1048576K
}
{Heap before GC invocations=235 (full 0):
 garbage-first heap   total 524288K, used 359932K [0x00000000e0000000, 0x00000000e0101000, 0x0000000100000000)
  region size 1024K, 307 young (314368K), 2 survivors (2048K)
 Metaspace       used 64999K, capacity 69434K, committed 69632K, reserved 1110016K
  class space    used 8363K, capacity 9102K, committed 9216K, reserved 1048576K
2022-09-12T01:23:32.447+0800: 1409.817: [GC pause (G1 Evacuation Pause) (young) 351M->47674K(512M), 0.0050664 secs]
Heap after GC invocations=236 (full 0):
 garbage-first heap   total 524288K, used 47674K [0x00000000e0000000, 0x00000000e0101000, 0x0000000100000000)
  region size 1024K, 2 young (2048K), 2 survivors (2048K)
 Metaspace       used 64999K, capacity 69434K, committed 69632K, reserved 1110016K
  class space    used 8363K, capacity 9102K, committed 9216K, reserved 1048576K
}
{Heap before GC invocations=236 (full 0):
 garbage-first heap   total 524288K, used 359994K [0x00000000e0000000, 0x00000000e0101000, 0x0000000100000000)
  region size 1024K, 307 young (314368K), 2 survivors (2048K)
 Metaspace       used 65000K, capacity 69434K, committed 69632K, reserved 1110016K
  class space    used 8363K, capacity 9102K, committed 9216K, reserved 1048576K
2022-09-12T01:23:33.502+0800: 1410.873: [GC pause (G1 Evacuation Pause) (young) 351M->47258K(512M), 0.0050849 secs]
Heap after GC invocations=237 (full 0):
 garbage-first heap   total 524288K, used 47258K [0x00000000e0000000, 0x00000000e0101000, 0x0000000100000000)
  region size 1024K, 2 young (2048K), 2 survivors (2048K)
 Metaspace       used 65000K, capacity 69434K, committed 69632K, reserved 1110016K
  class space    used 8363K, capacity 9102K, committed 9216K, reserved 1048576K
}
{Heap before GC invocations=237 (full 0):
 garbage-first heap   total 524288K, used 359578K [0x00000000e0000000, 0x00000000e0101000, 0x0000000100000000)
  region size 1024K, 307 young (314368K), 2 survivors (2048K)
 Metaspace       used 65000K, capacity 69434K, committed 69632K, reserved 1110016K
  class space    used 8363K, capacity 9102K, committed 9216K, reserved 1048576K
2022-09-12T01:23:34.535+0800: 1411.906: [GC pause (G1 Evacuation Pause) (young) 351M->47628K(512M), 0.0056385 secs]
Heap after GC invocations=238 (full 0):
 garbage-first heap   total 524288K, used 47628K [0x00000000e0000000, 0x00000000e0101000, 0x0000000100000000)
  region size 1024K, 2 young (2048K), 2 survivors (2048K)
 Metaspace       used 65000K, capacity 69434K, committed 69632K, reserved 1110016K
  class space    used 8363K, capacity 9102K, committed 9216K, reserved 1048576K
}
{Heap before GC invocations=238 (full 0):
 garbage-first heap   total 524288K, used 359948K [0x00000000e0000000, 0x00000000e0101000, 0x0000000100000000)
  region size 1024K, 307 young (314368K), 2 survivors (2048K)
 Metaspace       used 65000K, capacity 69434K, committed 69632K, reserved 1110016K
  class space    used 8363K, capacity 9102K, committed 9216K, reserved 1048576K
2022-09-12T01:23:35.569+0800: 1412.940: [GC pause (G1 Evacuation Pause) (young) 351M->47671K(512M), 0.0050041 secs]
Heap after GC invocations=239 (full 0):
 garbage-first heap   total 524288K, used 47671K [0x00000000e0000000, 0x00000000e0101000, 0x0000000100000000)
  region size 1024K, 2 young (2048K), 2 survivors (2048K)
 Metaspace       used 65000K, capacity 69434K, committed 69632K, reserved 1110016K
  class space    used 8363K, capacity 9102K, committed 9216K, reserved 1048576K
}
{Heap before GC invocations=239 (full 0):
 garbage-first heap   total 524288K, used 359991K [0x00000000e0000000, 0x00000000e0101000, 0x0000000100000000)
  region size 1024K, 307 young (314368K), 2 survivors (2048K)
 Metaspace       used 65000K, capacity 69434K, committed 69632K, reserved 1110016K
  class space    used 8363K, capacity 9102K, committed 9216K, reserved 1048576K
2022-09-12T01:23:36.608+0800: 1413.979: [GC pause (G1 Evacuation Pause) (young) 351M->47258K(512M), 0.0049539 secs]
Heap after GC invocations=240 (full 0):
 garbage-first heap   total 524288K, used 47258K [0x00000000e0000000, 0x00000000e0101000, 0x0000000100000000)
  region size 1024K, 2 young (2048K), 2 survivors (2048K)
 Metaspace       used 65000K, capacity 69434K, committed 69632K, reserved 1110016K
  class space    used 8363K, capacity 9102K, committed 9216K, reserved 1048576K
}
{Heap before GC invocations=240 (full 0):
 garbage-first heap   total 524288K, used 359578K [0x00000000e0000000, 0x00000000e0101000, 0x0000000100000000)
  region size 1024K, 307 young (314368K), 2 survivors (2048K)
 Metaspace       used 65000K, capacity 69434K, committed 69632K, reserved 1110016K
  class space    used 8363K, capacity 9102K, committed 9216K, reserved 1048576K
2022-09-12T01:23:37.645+0800: 1415.016: [GC pause (G1 Evacuation Pause) (young) 351M->47630K(512M), 0.0050721 secs]
Heap after GC invocations=241 (full 0):
 garbage-first heap   total 524288K, used 47630K [0x00000000e0000000, 0x00000000e0101000, 0x0000000100000000)
  region size 1024K, 2 young (2048K), 2 survivors (2048K)
 Metaspace       used 65000K, capacity 69434K, committed 69632K, reserved 1110016K
  class space    used 8363K, capacity 9102K, committed 9216K, reserved 1048576K
}
{Heap before GC invocations=241 (full 0):
 garbage-first heap   total 524288K, used 359950K [0x00000000e0000000, 0x00000000e0101000, 0x0000000100000000)
  region size 1024K, 307 young (314368K), 2 survivors (2048K)
 Metaspace       used 65000K, capacity 69434K, committed 69632K, reserved 1110016K
  class space    used 8363K, capacity 9102K, committed 9216K, reserved 1048576K
2022-09-12T01:23:38.695+0800: 1416.066: [GC pause (G1 Evacuation Pause) (young) 351M->47687K(512M), 0.0050526 secs]
Heap after GC invocations=242 (full 0):
 garbage-first heap   total 524288K, used 47687K [0x00000000e0000000, 0x00000000e0101000, 0x0000000100000000)
  region size 1024K, 2 young (2048K), 2 survivors (2048K)
 Metaspace       used 65000K, capacity 69434K, committed 69632K, reserved 1110016K
  class space    used 8363K, capacity 9102K, committed 9216K, reserved 1048576K
}
{Heap before GC invocations=242 (full 0):
 garbage-first heap   total 524288K, used 360007K [0x00000000e0000000, 0x00000000e0101000, 0x0000000100000000)
  region size 1024K, 307 young (314368K), 2 survivors (2048K)
 Metaspace       used 65000K, capacity 69434K, committed 69632K, reserved 1110016K
  class space    used 8363K, capacity 9102K, committed 9216K, reserved 1048576K
2022-09-12T01:23:39.729+0800: 1417.100: [GC pause (G1 Evacuation Pause) (young) 351M->47266K(512M), 0.0050741 secs]
Heap after GC invocations=243 (full 0):
 garbage-first heap   total 524288K, used 47266K [0x00000000e0000000, 0x00000000e0101000, 0x0000000100000000)
  region size 1024K, 2 young (2048K), 2 survivors (2048K)
 Metaspace       used 65000K, capacity 69434K, committed 69632K, reserved 1110016K
  class space    used 8363K, capacity 9102K, committed 9216K, reserved 1048576K
}
{Heap before GC invocations=243 (full 0):
 garbage-first heap   total 524288K, used 359586K [0x00000000e0000000, 0x00000000e0101000, 0x0000000100000000)
  region size 1024K, 307 young (314368K), 2 survivors (2048K)
 Metaspace       used 65000K, capacity 69434K, committed 69632K, reserved 1110016K
  class space    used 8363K, capacity 9102K, committed 9216K, reserved 1048576K
2022-09-12T01:23:40.763+0800: 1418.134: [GC pause (G1 Evacuation Pause) (young) 351M->47629K(512M), 0.0048589 secs]
Heap after GC invocations=244 (full 0):
 garbage-first heap   total 524288K, used 47629K [0x00000000e0000000, 0x00000000e0101000, 0x0000000100000000)
  region size 1024K, 2 young (2048K), 2 survivors (2048K)
 Metaspace       used 65000K, capacity 69434K, committed 69632K, reserved 1110016K
  class space    used 8363K, capacity 9102K, committed 9216K, reserved 1048576K
}
{Heap before GC invocations=244 (full 0):
 garbage-first heap   total 524288K, used 359949K [0x00000000e0000000, 0x00000000e0101000, 0x0000000100000000)
  region size 1024K, 307 young (314368K), 2 survivors (2048K)
 Metaspace       used 65000K, capacity 69434K, committed 69632K, reserved 1110016K
  class space    used 8363K, capacity 9102K, committed 9216K, reserved 1048576K
2022-09-12T01:23:41.803+0800: 1419.174: [GC pause (G1 Evacuation Pause) (young) 351M->47682K(512M), 0.0051005 secs]
Heap after GC invocations=245 (full 0):
 garbage-first heap   total 524288K, used 47682K [0x00000000e0000000, 0x00000000e0101000, 0x0000000100000000)
  region size 1024K, 2 young (2048K), 2 survivors (2048K)
 Metaspace       used 65000K, capacity 69434K, committed 69632K, reserved 1110016K
  class space    used 8363K, capacity 9102K, committed 9216K, reserved 1048576K
}
{Heap before GC invocations=245 (full 0):
 garbage-first heap   total 524288K, used 360002K [0x00000000e0000000, 0x00000000e0101000, 0x0000000100000000)
  region size 1024K, 307 young (314368K), 2 survivors (2048K)
 Metaspace       used 65000K, capacity 69434K, committed 69632K, reserved 1110016K
  class space    used 8363K, capacity 9102K, committed 9216K, reserved 1048576K
2022-09-12T01:23:42.869+0800: 1420.240: [GC pause (G1 Evacuation Pause) (young) 351M->47271K(512M), 0.0050251 secs]
Heap after GC invocations=246 (full 0):
 garbage-first heap   total 524288K, used 47271K [0x00000000e0000000, 0x00000000e0101000, 0x0000000100000000)
  region size 1024K, 2 young (2048K), 2 survivors (2048K)
 Metaspace       used 65000K, capacity 69434K, committed 69632K, reserved 1110016K
  class space    used 8363K, capacity 9102K, committed 9216K, reserved 1048576K
}
{Heap before GC invocations=246 (full 0):
 garbage-first heap   total 524288K, used 359591K [0x00000000e0000000, 0x00000000e0101000, 0x0000000100000000)
  region size 1024K, 307 young (314368K), 2 survivors (2048K)
 Metaspace       used 65000K, capacity 69434K, committed 69632K, reserved 1110016K
  class space    used 8363K, capacity 9102K, committed 9216K, reserved 1048576K
2022-09-12T01:23:43.905+0800: 1421.276: [GC pause (G1 Evacuation Pause) (young) 351M->47633K(512M), 0.0051308 secs]
Heap after GC invocations=247 (full 0):
 garbage-first heap   total 524288K, used 47633K [0x00000000e0000000, 0x00000000e0101000, 0x0000000100000000)
  region size 1024K, 2 young (2048K), 2 survivors (2048K)
 Metaspace       used 65000K, capacity 69434K, committed 69632K, reserved 1110016K
  class space    used 8363K, capacity 9102K, committed 9216K, reserved 1048576K
}
{Heap before GC invocations=247 (full 0):
 garbage-first heap   total 524288K, used 359953K [0x00000000e0000000, 0x00000000e0101000, 0x0000000100000000)
  region size 1024K, 307 young (314368K), 2 survivors (2048K)
 Metaspace       used 65000K, capacity 69434K, committed 69632K, reserved 1110016K
  class space    used 8363K, capacity 9102K, committed 9216K, reserved 1048576K
2022-09-12T01:23:44.941+0800: 1422.312: [GC pause (G1 Evacuation Pause) (young) 351M->47692K(512M), 0.0049803 secs]
Heap after GC invocations=248 (full 0):
 garbage-first heap   total 524288K, used 47692K [0x00000000e0000000, 0x00000000e0101000, 0x0000000100000000)
  region size 1024K, 2 young (2048K), 2 survivors (2048K)
 Metaspace       used 65000K, capacity 69434K, committed 69632K, reserved 1110016K
  class space    used 8363K, capacity 9102K, committed 9216K, reserved 1048576K
}
{Heap before GC invocations=248 (full 0):
 garbage-first heap   total 524288K, used 360012K [0x00000000e0000000, 0x00000000e0101000, 0x0000000100000000)
  region size 1024K, 307 young (314368K), 2 survivors (2048K)
 Metaspace       used 65000K, capacity 69434K, committed 69632K, reserved 1110016K
  class space    used 8363K, capacity 9102K, committed 9216K, reserved 1048576K
2022-09-12T01:23:45.976+0800: 1423.347: [GC pause (G1 Evacuation Pause) (young) 351M->47270K(512M), 0.0051385 secs]
Heap after GC invocations=249 (full 0):
 garbage-first heap   total 524288K, used 47270K [0x00000000e0000000, 0x00000000e0101000, 0x0000000100000000)
  region size 1024K, 2 young (2048K), 2 survivors (2048K)
 Metaspace       used 65000K, capacity 69434K, committed 69632K, reserved 1110016K
  class space    used 8363K, capacity 9102K, committed 9216K, reserved 1048576K
}
{Heap before GC invocations=249 (full 0):
 garbage-first heap   total 524288K, used 359590K [0x00000000e0000000, 0x00000000e0101000, 0x0000000100000000)
  region size 1024K, 307 young (314368K), 2 survivors (2048K)
 Metaspace       used 65000K, capacity 69434K, committed 69632K, reserved 1110016K
  class space    used 8363K, capacity 9102K, committed 9216K, reserved 1048576K
2022-09-12T01:23:47.041+0800: 1424.411: [GC pause (G1 Evacuation Pause) (young) 351M->47641K(512M), 0.0051836 secs]
Heap after GC invocations=250 (full 0):
 garbage-first heap   total 524288K, used 47641K [0x00000000e0000000, 0x00000000e0101000, 0x0000000100000000)
  region size 1024K, 2 young (2048K), 2 survivors (2048K)
 Metaspace       used 65000K, capacity 69434K, committed 69632K, reserved 1110016K
  class space    used 8363K, capacity 9102K, committed 9216K, reserved 1048576K
}
{Heap before GC invocations=250 (full 0):
 garbage-first heap   total 524288K, used 359961K [0x00000000e0000000, 0x00000000e0101000, 0x0000000100000000)
  region size 1024K, 307 young (314368K), 2 survivors (2048K)
 Metaspace       used 65000K, capacity 69434K, committed 69632K, reserved 1110016K
  class space    used 8363K, capacity 9102K, committed 9216K, reserved 1048576K
2022-09-12T01:23:48.080+0800: 1425.451: [GC pause (G1 Evacuation Pause) (young) 351M->47710K(512M), 0.0049542 secs]
Heap after GC invocations=251 (full 0):
 garbage-first heap   total 524288K, used 47710K [0x00000000e0000000, 0x00000000e0101000, 0x0000000100000000)
  region size 1024K, 2 young (2048K), 2 survivors (2048K)
 Metaspace       used 65000K, capacity 69434K, committed 69632K, reserved 1110016K
  class space    used 8363K, capacity 9102K, committed 9216K, reserved 1048576K
}
{Heap before GC invocations=251 (full 0):
 garbage-first heap   total 524288K, used 360030K [0x00000000e0000000, 0x00000000e0101000, 0x0000000100000000)
  region size 1024K, 307 young (314368K), 2 survivors (2048K)
 Metaspace       used 65000K, capacity 69434K, committed 69632K, reserved 1110016K
  class space    used 8363K, capacity 9102K, committed 9216K, reserved 1048576K
2022-09-12T01:23:49.119+0800: 1426.490: [GC pause (G1 Evacuation Pause) (young) 351M->47278K(512M), 0.0048962 secs]
Heap after GC invocations=252 (full 0):
 garbage-first heap   total 524288K, used 47278K [0x00000000e0000000, 0x00000000e0101000, 0x0000000100000000)
  region size 1024K, 2 young (2048K), 2 survivors (2048K)
 Metaspace       used 65000K, capacity 69434K, committed 69632K, reserved 1110016K
  class space    used 8363K, capacity 9102K, committed 9216K, reserved 1048576K
}
{Heap before GC invocations=252 (full 0):
 garbage-first heap   total 524288K, used 359598K [0x00000000e0000000, 0x00000000e0101000, 0x0000000100000000)
  region size 1024K, 307 young (314368K), 2 survivors (2048K)
 Metaspace       used 65000K, capacity 69434K, committed 69632K, reserved 1110016K
  class space    used 8363K, capacity 9102K, committed 9216K, reserved 1048576K
2022-09-12T01:23:50.156+0800: 1427.526: [GC pause (G1 Evacuation Pause) (young) 351M->47624K(512M), 0.0052612 secs]
Heap after GC invocations=253 (full 0):
 garbage-first heap   total 524288K, used 47624K [0x00000000e0000000, 0x00000000e0101000, 0x0000000100000000)
  region size 1024K, 2 young (2048K), 2 survivors (2048K)
 Metaspace       used 65000K, capacity 69434K, committed 69632K, reserved 1110016K
  class space    used 8363K, capacity 9102K, committed 9216K, reserved 1048576K
}
{Heap before GC invocations=253 (full 0):
 garbage-first heap   total 524288K, used 359944K [0x00000000e0000000, 0x00000000e0101000, 0x0000000100000000)
  region size 1024K, 307 young (314368K), 2 survivors (2048K)
 Metaspace       used 65000K, capacity 69434K, committed 69632K, reserved 1110016K
  class space    used 8363K, capacity 9102K, committed 9216K, reserved 1048576K
2022-09-12T01:23:51.223+0800: 1428.594: [GC pause (G1 Evacuation Pause) (young) 351M->47689K(512M), 0.0052612 secs]
Heap after GC invocations=254 (full 0):
 garbage-first heap   total 524288K, used 47689K [0x00000000e0000000, 0x00000000e0101000, 0x0000000100000000)
  region size 1024K, 2 young (2048K), 2 survivors (2048K)
 Metaspace       used 65000K, capacity 69434K, committed 69632K, reserved 1110016K
  class space    used 8363K, capacity 9102K, committed 9216K, reserved 1048576K
}
{Heap before GC invocations=254 (full 0):
 garbage-first heap   total 524288K, used 360009K [0x00000000e0000000, 0x00000000e0101000, 0x0000000100000000)
  region size 1024K, 307 young (314368K), 2 survivors (2048K)
 Metaspace       used 65000K, capacity 69434K, committed 69632K, reserved 1110016K
  class space    used 8363K, capacity 9102K, committed 9216K, reserved 1048576K
2022-09-12T01:23:52.261+0800: 1429.631: [GC pause (G1 Evacuation Pause) (young) 351M->47275K(512M), 0.0050766 secs]
Heap after GC invocations=255 (full 0):
 garbage-first heap   total 524288K, used 47275K [0x00000000e0000000, 0x00000000e0101000, 0x0000000100000000)
  region size 1024K, 2 young (2048K), 2 survivors (2048K)
 Metaspace       used 65000K, capacity 69434K, committed 69632K, reserved 1110016K
  class space    used 8363K, capacity 9102K, committed 9216K, reserved 1048576K
}
{Heap before GC invocations=255 (full 0):
 garbage-first heap   total 524288K, used 359595K [0x00000000e0000000, 0x00000000e0101000, 0x0000000100000000)
  region size 1024K, 307 young (314368K), 2 survivors (2048K)
 Metaspace       used 65000K, capacity 69434K, committed 69632K, reserved 1110016K
  class space    used 8363K, capacity 9102K, committed 9216K, reserved 1048576K
2022-09-12T01:23:53.299+0800: 1430.670: [GC pause (G1 Evacuation Pause) (young) 351M->47644K(512M), 0.0051008 secs]
Heap after GC invocations=256 (full 0):
 garbage-first heap   total 524288K, used 47644K [0x00000000e0000000, 0x00000000e0101000, 0x0000000100000000)
  region size 1024K, 2 young (2048K), 2 survivors (2048K)
 Metaspace       used 65000K, capacity 69434K, committed 69632K, reserved 1110016K
  class space    used 8363K, capacity 9102K, committed 9216K, reserved 1048576K
}
{Heap before GC invocations=256 (full 0):
 garbage-first heap   total 524288K, used 359964K [0x00000000e0000000, 0x00000000e0101000, 0x0000000100000000)
  region size 1024K, 307 young (314368K), 2 survivors (2048K)
 Metaspace       used 65000K, capacity 69434K, committed 69632K, reserved 1110016K
  class space    used 8363K, capacity 9102K, committed 9216K, reserved 1048576K
2022-09-12T01:23:54.337+0800: 1431.708: [GC pause (G1 Evacuation Pause) (young) 351M->47708K(512M), 0.0051153 secs]
Heap after GC invocations=257 (full 0):
 garbage-first heap   total 524288K, used 47708K [0x00000000e0000000, 0x00000000e0101000, 0x0000000100000000)
  region size 1024K, 2 young (2048K), 2 survivors (2048K)
 Metaspace       used 65000K, capacity 69434K, committed 69632K, reserved 1110016K
  class space    used 8363K, capacity 9102K, committed 9216K, reserved 1048576K
}
{Heap before GC invocations=257 (full 0):
 garbage-first heap   total 524288K, used 360028K [0x00000000e0000000, 0x00000000e0101000, 0x0000000100000000)
  region size 1024K, 307 young (314368K), 2 survivors (2048K)
 Metaspace       used 65002K, capacity 69434K, committed 69632K, reserved 1110016K
  class space    used 8363K, capacity 9102K, committed 9216K, reserved 1048576K
2022-09-12T01:23:55.373+0800: 1432.743: [GC pause (G1 Evacuation Pause) (young) 351M->47288K(512M), 0.0049169 secs]
Heap after GC invocations=258 (full 0):
 garbage-first heap   total 524288K, used 47288K [0x00000000e0000000, 0x00000000e0101000, 0x0000000100000000)
  region size 1024K, 2 young (2048K), 2 survivors (2048K)
 Metaspace       used 65002K, capacity 69434K, committed 69632K, reserved 1110016K
  class space    used 8363K, capacity 9102K, committed 9216K, reserved 1048576K
}
{Heap before GC invocations=258 (full 0):
 garbage-first heap   total 524288K, used 359608K [0x00000000e0000000, 0x00000000e0101000, 0x0000000100000000)
  region size 1024K, 307 young (314368K), 2 survivors (2048K)
 Metaspace       used 65002K, capacity 69434K, committed 69632K, reserved 1110016K
  class space    used 8363K, capacity 9102K, committed 9216K, reserved 1048576K
2022-09-12T01:23:56.422+0800: 1433.793: [GC pause (G1 Evacuation Pause) (young) 351M->47646K(512M), 0.0050008 secs]
Heap after GC invocations=259 (full 0):
 garbage-first heap   total 524288K, used 47646K [0x00000000e0000000, 0x00000000e0101000, 0x0000000100000000)
  region size 1024K, 2 young (2048K), 2 survivors (2048K)
 Metaspace       used 65002K, capacity 69434K, committed 69632K, reserved 1110016K
  class space    used 8363K, capacity 9102K, committed 9216K, reserved 1048576K
}
{Heap before GC invocations=259 (full 0):
 garbage-first heap   total 524288K, used 359966K [0x00000000e0000000, 0x00000000e0101000, 0x0000000100000000)
  region size 1024K, 307 young (314368K), 2 survivors (2048K)
 Metaspace       used 65005K, capacity 69498K, committed 69632K, reserved 1110016K
  class space    used 8363K, capacity 9102K, committed 9216K, reserved 1048576K
2022-09-12T01:23:57.456+0800: 1434.827: [GC pause (G1 Evacuation Pause) (young) 351M->47702K(512M), 0.0050876 secs]
Heap after GC invocations=260 (full 0):
 garbage-first heap   total 524288K, used 47702K [0x00000000e0000000, 0x00000000e0101000, 0x0000000100000000)
  region size 1024K, 2 young (2048K), 2 survivors (2048K)
 Metaspace       used 65005K, capacity 69498K, committed 69632K, reserved 1110016K
  class space    used 8363K, capacity 9102K, committed 9216K, reserved 1048576K
}
{Heap before GC invocations=260 (full 0):
 garbage-first heap   total 524288K, used 360022K [0x00000000e0000000, 0x00000000e0101000, 0x0000000100000000)
  region size 1024K, 307 young (314368K), 2 survivors (2048K)
 Metaspace       used 65011K, capacity 69498K, committed 69632K, reserved 1110016K
  class space    used 8363K, capacity 9102K, committed 9216K, reserved 1048576K
2022-09-12T01:23:58.491+0800: 1435.862: [GC pause (G1 Evacuation Pause) (young) 351M->47289K(512M), 0.0052100 secs]
Heap after GC invocations=261 (full 0):
 garbage-first heap   total 524288K, used 47289K [0x00000000e0000000, 0x00000000e0101000, 0x0000000100000000)
  region size 1024K, 2 young (2048K), 2 survivors (2048K)
 Metaspace       used 65011K, capacity 69498K, committed 69632K, reserved 1110016K
  class space    used 8363K, capacity 9102K, committed 9216K, reserved 1048576K
}
{Heap before GC invocations=261 (full 0):
 garbage-first heap   total 524288K, used 359609K [0x00000000e0000000, 0x00000000e0101000, 0x0000000100000000)
  region size 1024K, 307 young (314368K), 2 survivors (2048K)
 Metaspace       used 65011K, capacity 69498K, committed 69632K, reserved 1110016K
  class space    used 8363K, capacity 9102K, committed 9216K, reserved 1048576K
2022-09-12T01:23:59.527+0800: 1436.898: [GC pause (G1 Evacuation Pause) (young) 351M->47659K(512M), 0.0051075 secs]
Heap after GC invocations=262 (full 0):
 garbage-first heap   total 524288K, used 47659K [0x00000000e0000000, 0x00000000e0101000, 0x0000000100000000)
  region size 1024K, 2 young (2048K), 2 survivors (2048K)
 Metaspace       used 65011K, capacity 69498K, committed 69632K, reserved 1110016K
  class space    used 8363K, capacity 9102K, committed 9216K, reserved 1048576K
}
{Heap before GC invocations=262 (full 0):
 garbage-first heap   total 524288K, used 359979K [0x00000000e0000000, 0x00000000e0101000, 0x0000000100000000)
  region size 1024K, 307 young (314368K), 2 survivors (2048K)
 Metaspace       used 65011K, capacity 69498K, committed 69632K, reserved 1110016K
  class space    used 8363K, capacity 9102K, committed 9216K, reserved 1048576K
2022-09-12T01:24:00.585+0800: 1437.956: [GC pause (G1 Evacuation Pause) (young) 351M->47709K(512M), 0.0051517 secs]
Heap after GC invocations=263 (full 0):
 garbage-first heap   total 524288K, used 47709K [0x00000000e0000000, 0x00000000e0101000, 0x0000000100000000)
  region size 1024K, 2 young (2048K), 2 survivors (2048K)
 Metaspace       used 65011K, capacity 69498K, committed 69632K, reserved 1110016K
  class space    used 8363K, capacity 9102K, committed 9216K, reserved 1048576K
}
{Heap before GC invocations=263 (full 0):
 garbage-first heap   total 524288K, used 360029K [0x00000000e0000000, 0x00000000e0101000, 0x0000000100000000)
  region size 1024K, 307 young (314368K), 2 survivors (2048K)
 Metaspace       used 65011K, capacity 69498K, committed 69632K, reserved 1110016K
  class space    used 8363K, capacity 9102K, committed 9216K, reserved 1048576K
2022-09-12T01:24:01.628+0800: 1438.998: [GC pause (G1 Evacuation Pause) (young) 351M->47291K(512M), 0.0051362 secs]
Heap after GC invocations=264 (full 0):
 garbage-first heap   total 524288K, used 47291K [0x00000000e0000000, 0x00000000e0101000, 0x0000000100000000)
  region size 1024K, 2 young (2048K), 2 survivors (2048K)
 Metaspace       used 65011K, capacity 69498K, committed 69632K, reserved 1110016K
  class space    used 8363K, capacity 9102K, committed 9216K, reserved 1048576K
}
{Heap before GC invocations=264 (full 0):
 garbage-first heap   total 524288K, used 359611K [0x00000000e0000000, 0x00000000e0101000, 0x0000000100000000)
  region size 1024K, 307 young (314368K), 2 survivors (2048K)
 Metaspace       used 65011K, capacity 69498K, committed 69632K, reserved 1110016K
  class space    used 8363K, capacity 9102K, committed 9216K, reserved 1048576K
2022-09-12T01:24:02.662+0800: 1440.032: [GC pause (G1 Evacuation Pause) (young) 351M->47654K(512M), 0.0050907 secs]
Heap after GC invocations=265 (full 0):
 garbage-first heap   total 524288K, used 47654K [0x00000000e0000000, 0x00000000e0101000, 0x0000000100000000)
  region size 1024K, 2 young (2048K), 2 survivors (2048K)
 Metaspace       used 65011K, capacity 69498K, committed 69632K, reserved 1110016K
  class space    used 8363K, capacity 9102K, committed 9216K, reserved 1048576K
}
{Heap before GC invocations=265 (full 0):
 garbage-first heap   total 524288K, used 359974K [0x00000000e0000000, 0x00000000e0101000, 0x0000000100000000)
  region size 1024K, 307 young (314368K), 2 survivors (2048K)
 Metaspace       used 65011K, capacity 69498K, committed 69632K, reserved 1110016K
  class space    used 8363K, capacity 9102K, committed 9216K, reserved 1048576K
2022-09-12T01:24:03.697+0800: 1441.068: [GC pause (G1 Evacuation Pause) (young) 351M->47716K(512M), 0.0051476 secs]
Heap after GC invocations=266 (full 0):
 garbage-first heap   total 524288K, used 47716K [0x00000000e0000000, 0x00000000e0101000, 0x0000000100000000)
  region size 1024K, 2 young (2048K), 2 survivors (2048K)
 Metaspace       used 65011K, capacity 69498K, committed 69632K, reserved 1110016K
  class space    used 8363K, capacity 9102K, committed 9216K, reserved 1048576K
}
{Heap before GC invocations=266 (full 0):
 garbage-first heap   total 524288K, used 360036K [0x00000000e0000000, 0x00000000e0101000, 0x0000000100000000)
  region size 1024K, 307 young (314368K), 2 survivors (2048K)
 Metaspace       used 65011K, capacity 69498K, committed 69632K, reserved 1110016K
  class space    used 8363K, capacity 9102K, committed 9216K, reserved 1048576K
2022-09-12T01:24:04.760+0800: 1442.131: [GC pause (G1 Evacuation Pause) (young) 351M->47291K(512M), 0.0050742 secs]
Heap after GC invocations=267 (full 0):
 garbage-first heap   total 524288K, used 47291K [0x00000000e0000000, 0x00000000e0101000, 0x0000000100000000)
  region size 1024K, 2 young (2048K), 2 survivors (2048K)
 Metaspace       used 65011K, capacity 69498K, committed 69632K, reserved 1110016K
  class space    used 8363K, capacity 9102K, committed 9216K, reserved 1048576K
}
{Heap before GC invocations=267 (full 0):
 garbage-first heap   total 524288K, used 359611K [0x00000000e0000000, 0x00000000e0101000, 0x0000000100000000)
  region size 1024K, 307 young (314368K), 2 survivors (2048K)
 Metaspace       used 65011K, capacity 69498K, committed 69632K, reserved 1110016K
  class space    used 8363K, capacity 9102K, committed 9216K, reserved 1048576K
2022-09-12T01:24:05.796+0800: 1443.166: [GC pause (G1 Evacuation Pause) (young) 351M->47663K(512M), 0.0051760 secs]
Heap after GC invocations=268 (full 0):
 garbage-first heap   total 524288K, used 47663K [0x00000000e0000000, 0x00000000e0101000, 0x0000000100000000)
  region size 1024K, 2 young (2048K), 2 survivors (2048K)
 Metaspace       used 65011K, capacity 69498K, committed 69632K, reserved 1110016K
  class space    used 8363K, capacity 9102K, committed 9216K, reserved 1048576K
}
{Heap before GC invocations=268 (full 0):
 garbage-first heap   total 524288K, used 359983K [0x00000000e0000000, 0x00000000e0101000, 0x0000000100000000)
  region size 1024K, 307 young (314368K), 2 survivors (2048K)
 Metaspace       used 65011K, capacity 69498K, committed 69632K, reserved 1110016K
  class space    used 8363K, capacity 9102K, committed 9216K, reserved 1048576K
2022-09-12T01:24:06.830+0800: 1444.200: [GC pause (G1 Evacuation Pause) (young) 351M->47718K(512M), 0.0050581 secs]
Heap after GC invocations=269 (full 0):
 garbage-first heap   total 524288K, used 47718K [0x00000000e0000000, 0x00000000e0101000, 0x0000000100000000)
  region size 1024K, 2 young (2048K), 2 survivors (2048K)
 Metaspace       used 65011K, capacity 69498K, committed 69632K, reserved 1110016K
  class space    used 8363K, capacity 9102K, committed 9216K, reserved 1048576K
}
{Heap before GC invocations=269 (full 0):
 garbage-first heap   total 524288K, used 360038K [0x00000000e0000000, 0x00000000e0101000, 0x0000000100000000)
  region size 1024K, 307 young (314368K), 2 survivors (2048K)
 Metaspace       used 65011K, capacity 69498K, committed 69632K, reserved 1110016K
  class space    used 8363K, capacity 9102K, committed 9216K, reserved 1048576K
2022-09-12T01:24:07.867+0800: 1445.238: [GC pause (G1 Evacuation Pause) (young) 351M->47296K(512M), 0.0051687 secs]
Heap after GC invocations=270 (full 0):
 garbage-first heap   total 524288K, used 47296K [0x00000000e0000000, 0x00000000e0101000, 0x0000000100000000)
  region size 1024K, 2 young (2048K), 2 survivors (2048K)
 Metaspace       used 65011K, capacity 69498K, committed 69632K, reserved 1110016K
  class space    used 8363K, capacity 9102K, committed 9216K, reserved 1048576K
}
{Heap before GC invocations=270 (full 0):
 garbage-first heap   total 524288K, used 359616K [0x00000000e0000000, 0x00000000e0101000, 0x0000000100000000)
  region size 1024K, 307 young (314368K), 2 survivors (2048K)
 Metaspace       used 65011K, capacity 69498K, committed 69632K, reserved 1110016K
  class space    used 8363K, capacity 9102K, committed 9216K, reserved 1048576K
2022-09-12T01:24:08.921+0800: 1446.292: [GC pause (G1 Evacuation Pause) (young) 351M->47674K(512M), 0.0049629 secs]
Heap after GC invocations=271 (full 0):
 garbage-first heap   total 524288K, used 47674K [0x00000000e0000000, 0x00000000e0101000, 0x0000000100000000)
  region size 1024K, 2 young (2048K), 2 survivors (2048K)
 Metaspace       used 65011K, capacity 69498K, committed 69632K, reserved 1110016K
  class space    used 8363K, capacity 9102K, committed 9216K, reserved 1048576K
}
{Heap before GC invocations=271 (full 0):
 garbage-first heap   total 524288K, used 359994K [0x00000000e0000000, 0x00000000e0101000, 0x0000000100000000)
  region size 1024K, 307 young (314368K), 2 survivors (2048K)
 Metaspace       used 65011K, capacity 69498K, committed 69632K, reserved 1110016K
  class space    used 8363K, capacity 9102K, committed 9216K, reserved 1048576K
2022-09-12T01:24:09.957+0800: 1447.328: [GC pause (G1 Evacuation Pause) (young) 351M->47726K(512M), 0.0051716 secs]
Heap after GC invocations=272 (full 0):
 garbage-first heap   total 524288K, used 47726K [0x00000000e0000000, 0x00000000e0101000, 0x0000000100000000)
  region size 1024K, 2 young (2048K), 2 survivors (2048K)
 Metaspace       used 65011K, capacity 69498K, committed 69632K, reserved 1110016K
  class space    used 8363K, capacity 9102K, committed 9216K, reserved 1048576K
}
{Heap before GC invocations=272 (full 0):
 garbage-first heap   total 524288K, used 360046K [0x00000000e0000000, 0x00000000e0101000, 0x0000000100000000)
  region size 1024K, 307 young (314368K), 2 survivors (2048K)
 Metaspace       used 65011K, capacity 69498K, committed 69632K, reserved 1110016K
  class space    used 8363K, capacity 9102K, committed 9216K, reserved 1048576K
2022-09-12T01:24:10.993+0800: 1448.363: [GC pause (G1 Evacuation Pause) (young) 351M->47296K(512M), 0.0051056 secs]
Heap after GC invocations=273 (full 0):
 garbage-first heap   total 524288K, used 47296K [0x00000000e0000000, 0x00000000e0101000, 0x0000000100000000)
  region size 1024K, 2 young (2048K), 2 survivors (2048K)
 Metaspace       used 65011K, capacity 69498K, committed 69632K, reserved 1110016K
  class space    used 8363K, capacity 9102K, committed 9216K, reserved 1048576K
}
{Heap before GC invocations=273 (full 0):
 garbage-first heap   total 524288K, used 359616K [0x00000000e0000000, 0x00000000e0101000, 0x0000000100000000)
  region size 1024K, 307 young (314368K), 2 survivors (2048K)
 Metaspace       used 65011K, capacity 69498K, committed 69632K, reserved 1110016K
  class space    used 8363K, capacity 9102K, committed 9216K, reserved 1048576K
2022-09-12T01:24:12.035+0800: 1449.406: [GC pause (G1 Evacuation Pause) (young) 351M->47661K(512M), 0.0050514 secs]
Heap after GC invocations=274 (full 0):
 garbage-first heap   total 524288K, used 47661K [0x00000000e0000000, 0x00000000e0101000, 0x0000000100000000)
  region size 1024K, 2 young (2048K), 2 survivors (2048K)
 Metaspace       used 65011K, capacity 69498K, committed 69632K, reserved 1110016K
  class space    used 8363K, capacity 9102K, committed 9216K, reserved 1048576K
}
{Heap before GC invocations=274 (full 0):
 garbage-first heap   total 524288K, used 359981K [0x00000000e0000000, 0x00000000e0101000, 0x0000000100000000)
  region size 1024K, 307 young (314368K), 2 survivors (2048K)
 Metaspace       used 65011K, capacity 69498K, committed 69632K, reserved 1110016K
  class space    used 8363K, capacity 9102K, committed 9216K, reserved 1048576K
2022-09-12T01:24:13.092+0800: 1450.463: [GC pause (G1 Evacuation Pause) (young) 351M->47721K(512M), 0.0052882 secs]
Heap after GC invocations=275 (full 0):
 garbage-first heap   total 524288K, used 47721K [0x00000000e0000000, 0x00000000e0101000, 0x0000000100000000)
  region size 1024K, 2 young (2048K), 2 survivors (2048K)
 Metaspace       used 65011K, capacity 69498K, committed 69632K, reserved 1110016K
  class space    used 8363K, capacity 9102K, committed 9216K, reserved 1048576K
}
{Heap before GC invocations=275 (full 0):
 garbage-first heap   total 524288K, used 360041K [0x00000000e0000000, 0x00000000e0101000, 0x0000000100000000)
  region size 1024K, 307 young (314368K), 2 survivors (2048K)
 Metaspace       used 65011K, capacity 69498K, committed 69632K, reserved 1110016K
  class space    used 8363K, capacity 9102K, committed 9216K, reserved 1048576K
2022-09-12T01:24:14.127+0800: 1451.497: [GC pause (G1 Evacuation Pause) (young) 351M->47305K(512M), 0.0050237 secs]
Heap after GC invocations=276 (full 0):
 garbage-first heap   total 524288K, used 47305K [0x00000000e0000000, 0x00000000e0101000, 0x0000000100000000)
  region size 1024K, 2 young (2048K), 2 survivors (2048K)
 Metaspace       used 65011K, capacity 69498K, committed 69632K, reserved 1110016K
  class space    used 8363K, capacity 9102K, committed 9216K, reserved 1048576K
}
{Heap before GC invocations=276 (full 0):
 garbage-first heap   total 524288K, used 359625K [0x00000000e0000000, 0x00000000e0101000, 0x0000000100000000)
  region size 1024K, 307 young (314368K), 2 survivors (2048K)
 Metaspace       used 65011K, capacity 69498K, committed 69632K, reserved 1110016K
  class space    used 8363K, capacity 9102K, committed 9216K, reserved 1048576K
2022-09-12T01:24:15.160+0800: 1452.531: [GC pause (G1 Evacuation Pause) (young) 351M->47667K(512M), 0.0049749 secs]
Heap after GC invocations=277 (full 0):
 garbage-first heap   total 524288K, used 47667K [0x00000000e0000000, 0x00000000e0101000, 0x0000000100000000)
  region size 1024K, 2 young (2048K), 2 survivors (2048K)
 Metaspace       used 65011K, capacity 69498K, committed 69632K, reserved 1110016K
  class space    used 8363K, capacity 9102K, committed 9216K, reserved 1048576K
}
{Heap before GC invocations=277 (full 0):
 garbage-first heap   total 524288K, used 359987K [0x00000000e0000000, 0x00000000e0101000, 0x0000000100000000)
  region size 1024K, 307 young (314368K), 2 survivors (2048K)
 Metaspace       used 65011K, capacity 69498K, committed 69632K, reserved 1110016K
  class space    used 8363K, capacity 9102K, committed 9216K, reserved 1048576K
2022-09-12T01:24:16.205+0800: 1453.576: [GC pause (G1 Evacuation Pause) (young) 351M->47725K(512M), 0.0051249 secs]
Heap after GC invocations=278 (full 0):
 garbage-first heap   total 524288K, used 47725K [0x00000000e0000000, 0x00000000e0101000, 0x0000000100000000)
  region size 1024K, 2 young (2048K), 2 survivors (2048K)
 Metaspace       used 65011K, capacity 69498K, committed 69632K, reserved 1110016K
  class space    used 8363K, capacity 9102K, committed 9216K, reserved 1048576K
}
{Heap before GC invocations=278 (full 0):
 garbage-first heap   total 524288K, used 360045K [0x00000000e0000000, 0x00000000e0101000, 0x0000000100000000)
  region size 1024K, 307 young (314368K), 2 survivors (2048K)
 Metaspace       used 65011K, capacity 69498K, committed 69632K, reserved 1110016K
  class space    used 8363K, capacity 9102K, committed 9216K, reserved 1048576K
2022-09-12T01:24:17.259+0800: 1454.629: [GC pause (G1 Evacuation Pause) (young) 351M->47313K(512M), 0.0050760 secs]
Heap after GC invocations=279 (full 0):
 garbage-first heap   total 524288K, used 47313K [0x00000000e0000000, 0x00000000e0101000, 0x0000000100000000)
  region size 1024K, 2 young (2048K), 2 survivors (2048K)
 Metaspace       used 65011K, capacity 69498K, committed 69632K, reserved 1110016K
  class space    used 8363K, capacity 9102K, committed 9216K, reserved 1048576K
}
{Heap before GC invocations=279 (full 0):
 garbage-first heap   total 524288K, used 359633K [0x00000000e0000000, 0x00000000e0101000, 0x0000000100000000)
  region size 1024K, 307 young (314368K), 2 survivors (2048K)
 Metaspace       used 65011K, capacity 69498K, committed 69632K, reserved 1110016K
  class space    used 8363K, capacity 9102K, committed 9216K, reserved 1048576K
2022-09-12T01:24:18.292+0800: 1455.662: [GC pause (G1 Evacuation Pause) (young) 351M->47688K(512M), 0.0050921 secs]
Heap after GC invocations=280 (full 0):
 garbage-first heap   total 524288K, used 47688K [0x00000000e0000000, 0x00000000e0101000, 0x0000000100000000)
  region size 1024K, 2 young (2048K), 2 survivors (2048K)
 Metaspace       used 65011K, capacity 69498K, committed 69632K, reserved 1110016K
  class space    used 8363K, capacity 9102K, committed 9216K, reserved 1048576K
}
{Heap before GC invocations=280 (full 0):
 garbage-first heap   total 524288K, used 360008K [0x00000000e0000000, 0x00000000e0101000, 0x0000000100000000)
  region size 1024K, 307 young (314368K), 2 survivors (2048K)
 Metaspace       used 65011K, capacity 69498K, committed 69632K, reserved 1110016K
  class space    used 8363K, capacity 9102K, committed 9216K, reserved 1048576K
2022-09-12T01:24:19.327+0800: 1456.698: [GC pause (G1 Evacuation Pause) (young) 351M->47740K(512M), 0.0050386 secs]
Heap after GC invocations=281 (full 0):
 garbage-first heap   total 524288K, used 47740K [0x00000000e0000000, 0x00000000e0101000, 0x0000000100000000)
  region size 1024K, 2 young (2048K), 2 survivors (2048K)
 Metaspace       used 65011K, capacity 69498K, committed 69632K, reserved 1110016K
  class space    used 8363K, capacity 9102K, committed 9216K, reserved 1048576K
}
{Heap before GC invocations=281 (full 0):
 garbage-first heap   total 524288K, used 360060K [0x00000000e0000000, 0x00000000e0101000, 0x0000000100000000)
  region size 1024K, 307 young (314368K), 2 survivors (2048K)
 Metaspace       used 65011K, capacity 69498K, committed 69632K, reserved 1110016K
  class space    used 8363K, capacity 9102K, committed 9216K, reserved 1048576K
2022-09-12T01:24:20.364+0800: 1457.735: [GC pause (G1 Evacuation Pause) (young) 351M->47313K(512M), 0.0051355 secs]
Heap after GC invocations=282 (full 0):
 garbage-first heap   total 524288K, used 47313K [0x00000000e0000000, 0x00000000e0101000, 0x0000000100000000)
  region size 1024K, 2 young (2048K), 2 survivors (2048K)
 Metaspace       used 65011K, capacity 69498K, committed 69632K, reserved 1110016K
  class space    used 8363K, capacity 9102K, committed 9216K, reserved 1048576K
}
{Heap before GC invocations=282 (full 0):
 garbage-first heap   total 524288K, used 359633K [0x00000000e0000000, 0x00000000e0101000, 0x0000000100000000)
  region size 1024K, 307 young (314368K), 2 survivors (2048K)
 Metaspace       used 65011K, capacity 69498K, committed 69632K, reserved 1110016K
  class space    used 8363K, capacity 9102K, committed 9216K, reserved 1048576K
2022-09-12T01:24:21.420+0800: 1458.790: [GC pause (G1 Evacuation Pause) (young) 351M->47677K(512M), 0.0051506 secs]
Heap after GC invocations=283 (full 0):
 garbage-first heap   total 524288K, used 47677K [0x00000000e0000000, 0x00000000e0101000, 0x0000000100000000)
  region size 1024K, 2 young (2048K), 2 survivors (2048K)
 Metaspace       used 65011K, capacity 69498K, committed 69632K, reserved 1110016K
  class space    used 8363K, capacity 9102K, committed 9216K, reserved 1048576K
}
{Heap before GC invocations=283 (full 0):
 garbage-first heap   total 524288K, used 359997K [0x00000000e0000000, 0x00000000e0101000, 0x0000000100000000)
  region size 1024K, 307 young (314368K), 2 survivors (2048K)
 Metaspace       used 65011K, capacity 69498K, committed 69632K, reserved 1110016K
  class space    used 8363K, capacity 9102K, committed 9216K, reserved 1048576K
2022-09-12T01:24:22.454+0800: 1459.825: [GC pause (G1 Evacuation Pause) (young) 351M->47729K(512M), 0.0051626 secs]
Heap after GC invocations=284 (full 0):
 garbage-first heap   total 524288K, used 47729K [0x00000000e0000000, 0x00000000e0101000, 0x0000000100000000)
  region size 1024K, 2 young (2048K), 2 survivors (2048K)
 Metaspace       used 65011K, capacity 69498K, committed 69632K, reserved 1110016K
  class space    used 8363K, capacity 9102K, committed 9216K, reserved 1048576K
}
{Heap before GC invocations=284 (full 0):
 garbage-first heap   total 524288K, used 360049K [0x00000000e0000000, 0x00000000e0101000, 0x0000000100000000)
  region size 1024K, 307 young (314368K), 2 survivors (2048K)
 Metaspace       used 65011K, capacity 69498K, committed 69632K, reserved 1110016K
  class space    used 8363K, capacity 9102K, committed 9216K, reserved 1048576K
2022-09-12T01:24:23.488+0800: 1460.859: [GC pause (G1 Evacuation Pause) (young) 351M->47318K(512M), 0.0049566 secs]
Heap after GC invocations=285 (full 0):
 garbage-first heap   total 524288K, used 47318K [0x00000000e0000000, 0x00000000e0101000, 0x0000000100000000)
  region size 1024K, 2 young (2048K), 2 survivors (2048K)
 Metaspace       used 65011K, capacity 69498K, committed 69632K, reserved 1110016K
  class space    used 8363K, capacity 9102K, committed 9216K, reserved 1048576K
}
{Heap before GC invocations=285 (full 0):
 garbage-first heap   total 524288K, used 359638K [0x00000000e0000000, 0x00000000e0101000, 0x0000000100000000)
  region size 1024K, 307 young (314368K), 2 survivors (2048K)
 Metaspace       used 65011K, capacity 69498K, committed 69632K, reserved 1110016K
  class space    used 8363K, capacity 9102K, committed 9216K, reserved 1048576K
2022-09-12T01:24:24.525+0800: 1461.896: [GC pause (G1 Evacuation Pause) (young) 351M->47684K(512M), 0.0050344 secs]
Heap after GC invocations=286 (full 0):
 garbage-first heap   total 524288K, used 47684K [0x00000000e0000000, 0x00000000e0101000, 0x0000000100000000)
  region size 1024K, 2 young (2048K), 2 survivors (2048K)
 Metaspace       used 65011K, capacity 69498K, committed 69632K, reserved 1110016K
  class space    used 8363K, capacity 9102K, committed 9216K, reserved 1048576K
}
{Heap before GC invocations=286 (full 0):
 garbage-first heap   total 524288K, used 360004K [0x00000000e0000000, 0x00000000e0101000, 0x0000000100000000)
  region size 1024K, 307 young (314368K), 2 survivors (2048K)
 Metaspace       used 65011K, capacity 69498K, committed 69632K, reserved 1110016K
  class space    used 8363K, capacity 9102K, committed 9216K, reserved 1048576K
2022-09-12T01:24:25.577+0800: 1462.948: [GC pause (G1 Evacuation Pause) (young) 351M->47740K(512M), 0.0051621 secs]
Heap after GC invocations=287 (full 0):
 garbage-first heap   total 524288K, used 47740K [0x00000000e0000000, 0x00000000e0101000, 0x0000000100000000)
  region size 1024K, 2 young (2048K), 2 survivors (2048K)
 Metaspace       used 65011K, capacity 69498K, committed 69632K, reserved 1110016K
  class space    used 8363K, capacity 9102K, committed 9216K, reserved 1048576K
}
{Heap before GC invocations=287 (full 0):
 garbage-first heap   total 524288K, used 360060K [0x00000000e0000000, 0x00000000e0101000, 0x0000000100000000)
  region size 1024K, 307 young (314368K), 2 survivors (2048K)
 Metaspace       used 65011K, capacity 69498K, committed 69632K, reserved 1110016K
  class space    used 8363K, capacity 9102K, committed 9216K, reserved 1048576K
2022-09-12T01:24:26.608+0800: 1463.979: [GC pause (G1 Evacuation Pause) (young) 351M->47314K(512M), 0.0052917 secs]
Heap after GC invocations=288 (full 0):
 garbage-first heap   total 524288K, used 47314K [0x00000000e0000000, 0x00000000e0101000, 0x0000000100000000)
  region size 1024K, 2 young (2048K), 2 survivors (2048K)
 Metaspace       used 65011K, capacity 69498K, committed 69632K, reserved 1110016K
  class space    used 8363K, capacity 9102K, committed 9216K, reserved 1048576K
}
{Heap before GC invocations=288 (full 0):
 garbage-first heap   total 524288K, used 359634K [0x00000000e0000000, 0x00000000e0101000, 0x0000000100000000)
  region size 1024K, 307 young (314368K), 2 survivors (2048K)
 Metaspace       used 65011K, capacity 69498K, committed 69632K, reserved 1110016K
  class space    used 8363K, capacity 9102K, committed 9216K, reserved 1048576K
2022-09-12T01:24:27.643+0800: 1465.013: [GC pause (G1 Evacuation Pause) (young) 351M->47700K(512M), 0.0051465 secs]
Heap after GC invocations=289 (full 0):
 garbage-first heap   total 524288K, used 47700K [0x00000000e0000000, 0x00000000e0101000, 0x0000000100000000)
  region size 1024K, 2 young (2048K), 2 survivors (2048K)
 Metaspace       used 65011K, capacity 69498K, committed 69632K, reserved 1110016K
  class space    used 8363K, capacity 9102K, committed 9216K, reserved 1048576K
}
{Heap before GC invocations=289 (full 0):
 garbage-first heap   total 524288K, used 360020K [0x00000000e0000000, 0x00000000e0101000, 0x0000000100000000)
  region size 1024K, 307 young (314368K), 2 survivors (2048K)
 Metaspace       used 65011K, capacity 69498K, committed 69632K, reserved 1110016K
  class space    used 8363K, capacity 9102K, committed 9216K, reserved 1048576K
2022-09-12T01:24:28.677+0800: 1466.047: [GC pause (G1 Evacuation Pause) (young) 351M->47756K(512M), 0.0051821 secs]
Heap after GC invocations=290 (full 0):
 garbage-first heap   total 524288K, used 47756K [0x00000000e0000000, 0x00000000e0101000, 0x0000000100000000)
  region size 1024K, 2 young (2048K), 2 survivors (2048K)
 Metaspace       used 65011K, capacity 69498K, committed 69632K, reserved 1110016K
  class space    used 8363K, capacity 9102K, committed 9216K, reserved 1048576K
}
{Heap before GC invocations=290 (full 0):
 garbage-first heap   total 524288K, used 360076K [0x00000000e0000000, 0x00000000e0101000, 0x0000000100000000)
  region size 1024K, 307 young (314368K), 2 survivors (2048K)
 Metaspace       used 65011K, capacity 69498K, committed 69632K, reserved 1110016K
  class space    used 8363K, capacity 9102K, committed 9216K, reserved 1048576K
2022-09-12T01:24:29.729+0800: 1467.100: [GC pause (G1 Evacuation Pause) (young) 351M->47321K(512M), 0.0050250 secs]
Heap after GC invocations=291 (full 0):
 garbage-first heap   total 524288K, used 47321K [0x00000000e0000000, 0x00000000e0101000, 0x0000000100000000)
  region size 1024K, 2 young (2048K), 2 survivors (2048K)
 Metaspace       used 65011K, capacity 69498K, committed 69632K, reserved 1110016K
  class space    used 8363K, capacity 9102K, committed 9216K, reserved 1048576K
}
{Heap before GC invocations=291 (full 0):
 garbage-first heap   total 524288K, used 359641K [0x00000000e0000000, 0x00000000e0101000, 0x0000000100000000)
  region size 1024K, 307 young (314368K), 2 survivors (2048K)
 Metaspace       used 65011K, capacity 69498K, committed 69632K, reserved 1110016K
  class space    used 8363K, capacity 9102K, committed 9216K, reserved 1048576K
2022-09-12T01:24:30.766+0800: 1468.136: [GC pause (G1 Evacuation Pause) (young) 351M->47694K(512M), 0.0049490 secs]
Heap after GC invocations=292 (full 0):
 garbage-first heap   total 524288K, used 47694K [0x00000000e0000000, 0x00000000e0101000, 0x0000000100000000)
  region size 1024K, 2 young (2048K), 2 survivors (2048K)
 Metaspace       used 65011K, capacity 69498K, committed 69632K, reserved 1110016K
  class space    used 8363K, capacity 9102K, committed 9216K, reserved 1048576K
}
