OpenJDK 64-Bit Server VM (25.342-b07) for linux-amd64 JRE (1.8.0_342-b07), built on Jul 18 2022 00:00:00 by "mockbuild" with gcc 11.2.1 20220127 (Red Hat 11.2.1-9)
Memory: 4k page, physical 16114320k(15324824k free), swap 0k(0k free)
CommandLine flags: -XX:InitialHeapSize=268435456 -XX:MaxGCPauseMillis=100 -XX:MaxHeapSize=268435456 -XX:MetaspaceSize=134217728 -XX:+PrintGC -XX:+PrintGCDateStamps -XX:+PrintGCTimeStamps -XX:+PrintHeapAtGC -XX:ThreadStackSize=512 -XX:+UseCompressedClassPointers -XX:+UseCompressedOops -XX:+UseG1GC 
{Heap before GC invocations=0 (full 0):
 garbage-first heap   total 262144K, used 12832K [0x00000000f0000000, 0x00000000f0100800, 0x0000000100000000)
  region size 1024K, 12 young (12288K), 0 survivors (0K)
 Metaspace       used 5877K, capacity 6082K, committed 6400K, reserved 1056768K
  class space    used 573K, capacity 665K, committed 768K, reserved 1048576K
2022-09-12T02:20:37.366+0800: 0.284: [GC pause (G1 Evacuation Pause) (young) 12832K->1801K(256M), 0.0031150 secs]
Heap after GC invocations=1 (full 0):
 garbage-first heap   total 262144K, used 1801K [0x00000000f0000000, 0x00000000f0100800, 0x0000000100000000)
  region size 1024K, 2 young (2048K), 2 survivors (2048K)
 Metaspace       used 5877K, capacity 6082K, committed 6400K, reserved 1056768K
  class space    used 573K, capacity 665K, committed 768K, reserved 1048576K
}
{Heap before GC invocations=1 (full 0):
 garbage-first heap   total 262144K, used 13065K [0x00000000f0000000, 0x00000000f0100800, 0x0000000100000000)
  region size 1024K, 13 young (13312K), 2 survivors (2048K)
 Metaspace       used 7166K, capacity 7426K, committed 7552K, reserved 1056768K
  class space    used 705K, capacity 793K, committed 896K, reserved 1048576K
2022-09-12T02:20:37.469+0800: 0.387: [GC pause (G1 Evacuation Pause) (young) 13065K->3579K(256M), 0.0029893 secs]
Heap after GC invocations=2 (full 0):
 garbage-first heap   total 262144K, used 3579K [0x00000000f0000000, 0x00000000f0100800, 0x0000000100000000)
  region size 1024K, 2 young (2048K), 2 survivors (2048K)
 Metaspace       used 7166K, capacity 7426K, committed 7552K, reserved 1056768K
  class space    used 705K, capacity 793K, committed 896K, reserved 1048576K
}
{Heap before GC invocations=2 (full 0):
 garbage-first heap   total 262144K, used 23035K [0x00000000f0000000, 0x00000000f0100800, 0x0000000100000000)
  region size 1024K, 21 young (21504K), 2 survivors (2048K)
 Metaspace       used 8947K, capacity 9258K, committed 9600K, reserved 1058816K
  class space    used 925K, capacity 1043K, committed 1152K, reserved 1048576K
2022-09-12T02:20:37.631+0800: 0.548: [GC pause (G1 Evacuation Pause) (young) 23035K->2382K(256M), 0.0052816 secs]
Heap after GC invocations=3 (full 0):
 garbage-first heap   total 262144K, used 2382K [0x00000000f0000000, 0x00000000f0100800, 0x0000000100000000)
  region size 1024K, 1 young (1024K), 1 survivors (1024K)
 Metaspace       used 8947K, capacity 9258K, committed 9600K, reserved 1058816K
  class space    used 925K, capacity 1043K, committed 1152K, reserved 1048576K
}
{Heap before GC invocations=3 (full 0):
 garbage-first heap   total 262144K, used 158030K [0x00000000f0000000, 0x00000000f0100800, 0x0000000100000000)
  region size 1024K, 153 young (156672K), 1 survivors (1024K)
 Metaspace       used 19389K, capacity 20220K, committed 20480K, reserved 1067008K
  class space    used 2287K, capacity 2502K, committed 2560K, reserved 1048576K
2022-09-12T02:20:38.500+0800: 1.417: [GC pause (G1 Evacuation Pause) (young) 154M->5529K(256M), 0.0091156 secs]
Heap after GC invocations=4 (full 0):
 garbage-first heap   total 262144K, used 5529K [0x00000000f0000000, 0x00000000f0100800, 0x0000000100000000)
  region size 1024K, 4 young (4096K), 4 survivors (4096K)
 Metaspace       used 19389K, capacity 20220K, committed 20480K, reserved 1067008K
  class space    used 2287K, capacity 2502K, committed 2560K, reserved 1048576K
}
{Heap before GC invocations=4 (full 0):
 garbage-first heap   total 262144K, used 158105K [0x00000000f0000000, 0x00000000f0100800, 0x0000000100000000)
  region size 1024K, 153 young (156672K), 4 survivors (4096K)
 Metaspace       used 25030K, capacity 26430K, committed 26624K, reserved 1073152K
  class space    used 3049K, capacity 3323K, committed 3328K, reserved 1048576K
2022-09-12T02:20:39.520+0800: 2.438: [GC pause (G1 Evacuation Pause) (young) 154M->10235K(256M), 0.0100875 secs]
Heap after GC invocations=5 (full 0):
 garbage-first heap   total 262144K, used 10235K [0x00000000f0000000, 0x00000000f0100800, 0x0000000100000000)
  region size 1024K, 9 young (9216K), 9 survivors (9216K)
 Metaspace       used 25030K, capacity 26430K, committed 26624K, reserved 1073152K
  class space    used 3049K, capacity 3323K, committed 3328K, reserved 1048576K
}
{Heap before GC invocations=5 (full 0):
 garbage-first heap   total 262144K, used 157691K [0x00000000f0000000, 0x00000000f0100800, 0x0000000100000000)
  region size 1024K, 153 young (156672K), 9 survivors (9216K)
 Metaspace       used 35527K, capacity 38130K, committed 38400K, reserved 1083392K
  class space    used 4562K, capacity 5026K, committed 5120K, reserved 1048576K
2022-09-12T02:20:40.784+0800: 3.702: [GC pause (G1 Evacuation Pause) (young) 153M->14843K(256M), 0.0179340 secs]
Heap after GC invocations=6 (full 0):
 garbage-first heap   total 262144K, used 14843K [0x00000000f0000000, 0x00000000f0100800, 0x0000000100000000)
  region size 1024K, 13 young (13312K), 13 survivors (13312K)
 Metaspace       used 35527K, capacity 38130K, committed 38400K, reserved 1083392K
  class space    used 4562K, capacity 5026K, committed 5120K, reserved 1048576K
}
{Heap before GC invocations=6 (full 0):
 garbage-first heap   total 262144K, used 158203K [0x00000000f0000000, 0x00000000f0100800, 0x0000000100000000)
  region size 1024K, 153 young (156672K), 13 survivors (13312K)
 Metaspace       used 48682K, capacity 51638K, committed 51712K, reserved 1093632K
  class space    used 6581K, capacity 7132K, committed 7168K, reserved 1048576K
2022-09-12T02:20:41.898+0800: 4.816: [GC pause (G1 Evacuation Pause) (young) 154M->18507K(256M), 0.0217809 secs]
Heap after GC invocations=7 (full 0):
 garbage-first heap   total 262144K, used 18507K [0x00000000f0000000, 0x00000000f0100800, 0x0000000100000000)
  region size 1024K, 14 young (14336K), 14 survivors (14336K)
 Metaspace       used 48682K, capacity 51638K, committed 51712K, reserved 1093632K
  class space    used 6581K, capacity 7132K, committed 7168K, reserved 1048576K
}
{Heap before GC invocations=7 (full 0):
 garbage-first heap   total 262144K, used 38987K [0x00000000f0000000, 0x00000000f0100800, 0x0000000100000000)
  region size 1024K, 34 young (34816K), 14 survivors (14336K)
 Metaspace       used 49954K, capacity 52968K, committed 53248K, reserved 1095680K
  class space    used 6755K, capacity 7311K, committed 7424K, reserved 1048576K
2022-09-12T02:20:42.091+0800: 5.009: [GC pause (G1 Evacuation Pause) (young) 38987K->20371K(256M), 0.0212564 secs]
Heap after GC invocations=8 (full 0):
 garbage-first heap   total 262144K, used 20371K [0x00000000f0000000, 0x00000000f0100800, 0x0000000100000000)
  region size 1024K, 2 young (2048K), 2 survivors (2048K)
 Metaspace       used 49954K, capacity 52968K, committed 53248K, reserved 1095680K
  class space    used 6755K, capacity 7311K, committed 7424K, reserved 1048576K
}
{Heap before GC invocations=8 (full 0):
 garbage-first heap   total 262144K, used 121747K [0x00000000f0000000, 0x00000000f0100800, 0x0000000100000000)
  region size 1024K, 101 young (103424K), 2 survivors (2048K)
 Metaspace       used 56516K, capacity 60558K, committed 60672K, reserved 1101824K
  class space    used 7671K, capacity 8374K, committed 8448K, reserved 1048576K
2022-09-12T02:20:46.692+0800: 9.610: [GC pause (G1 Evacuation Pause) (young) 118M->24978K(256M), 0.0114548 secs]
Heap after GC invocations=9 (full 0):
 garbage-first heap   total 262144K, used 24978K [0x00000000f0000000, 0x00000000f0100800, 0x0000000100000000)
  region size 1024K, 7 young (7168K), 7 survivors (7168K)
 Metaspace       used 56516K, capacity 60558K, committed 60672K, reserved 1101824K
  class space    used 7671K, capacity 8374K, committed 8448K, reserved 1048576K
}
{Heap before GC invocations=9 (full 0):
 garbage-first heap   total 262144K, used 174482K [0x00000000f0000000, 0x00000000f0100800, 0x0000000100000000)
  region size 1024K, 153 young (156672K), 7 survivors (7168K)
 Metaspace       used 62580K, capacity 67196K, committed 67328K, reserved 1107968K
  class space    used 8375K, capacity 9161K, committed 9216K, reserved 1048576K
2022-09-12T02:21:30.775+0800: 53.693: [GC pause (G1 Evacuation Pause) (young) 170M->39424K(256M), 0.0234450 secs]
Heap after GC invocations=10 (full 0):
 garbage-first heap   total 262144K, used 39424K [0x00000000f0000000, 0x00000000f0100800, 0x0000000100000000)
  region size 1024K, 20 young (20480K), 20 survivors (20480K)
 Metaspace       used 62580K, capacity 67196K, committed 67328K, reserved 1107968K
  class space    used 8375K, capacity 9161K, committed 9216K, reserved 1048576K
}
{Heap before GC invocations=10 (full 0):
 garbage-first heap   total 262144K, used 175616K [0x00000000f0000000, 0x00000000f0100800, 0x0000000100000000)
  region size 1024K, 153 young (156672K), 20 survivors (20480K)
 Metaspace       used 62745K, capacity 67392K, committed 67584K, reserved 1107968K
  class space    used 8376K, capacity 9161K, committed 9216K, reserved 1048576K
2022-09-12T02:21:32.342+0800: 55.260: [GC pause (G1 Evacuation Pause) (young) 171M->42647K(256M), 0.0276878 secs]
Heap after GC invocations=11 (full 0):
 garbage-first heap   total 262144K, used 42647K [0x00000000f0000000, 0x00000000f0100800, 0x0000000100000000)
  region size 1024K, 3 young (3072K), 3 survivors (3072K)
 Metaspace       used 62745K, capacity 67392K, committed 67584K, reserved 1107968K
  class space    used 8376K, capacity 9161K, committed 9216K, reserved 1048576K
}
{Heap before GC invocations=11 (full 0):
 garbage-first heap   total 262144K, used 196247K [0x00000000f0000000, 0x00000000f0100800, 0x0000000100000000)
  region size 1024K, 153 young (156672K), 3 survivors (3072K)
 Metaspace       used 62952K, capacity 67656K, committed 67840K, reserved 1107968K
  class space    used 8378K, capacity 9161K, committed 9216K, reserved 1048576K
2022-09-12T02:21:33.850+0800: 56.768: [GC pause (G1 Evacuation Pause) (young) 191M->42647K(256M), 0.0113852 secs]
Heap after GC invocations=12 (full 0):
 garbage-first heap   total 262144K, used 42647K [0x00000000f0000000, 0x00000000f0100800, 0x0000000100000000)
  region size 1024K, 3 young (3072K), 3 survivors (3072K)
 Metaspace       used 62952K, capacity 67656K, committed 67840K, reserved 1107968K
  class space    used 8378K, capacity 9161K, committed 9216K, reserved 1048576K
}
{Heap before GC invocations=12 (full 0):
 garbage-first heap   total 262144K, used 196247K [0x00000000f0000000, 0x00000000f0100800, 0x0000000100000000)
  region size 1024K, 153 young (156672K), 3 survivors (3072K)
 Metaspace       used 63149K, capacity 67800K, committed 68096K, reserved 1107968K
  class space    used 8378K, capacity 9161K, committed 9216K, reserved 1048576K
2022-09-12T02:21:35.219+0800: 58.136: [GC pause (G1 Evacuation Pause) (young) 191M->41833K(256M), 0.0067986 secs]
Heap after GC invocations=13 (full 0):
 garbage-first heap   total 262144K, used 41833K [0x00000000f0000000, 0x00000000f0100800, 0x0000000100000000)
  region size 1024K, 2 young (2048K), 2 survivors (2048K)
 Metaspace       used 63149K, capacity 67800K, committed 68096K, reserved 1107968K
  class space    used 8378K, capacity 9161K, committed 9216K, reserved 1048576K
}
{Heap before GC invocations=13 (full 0):
 garbage-first heap   total 262144K, used 196457K [0x00000000f0000000, 0x00000000f0100800, 0x0000000100000000)
  region size 1024K, 153 young (156672K), 2 survivors (2048K)
 Metaspace       used 63462K, capacity 68188K, committed 68352K, reserved 1107968K
  class space    used 8378K, capacity 9161K, committed 9216K, reserved 1048576K
2022-09-12T02:21:36.442+0800: 59.360: [GC pause (G1 Evacuation Pause) (young) 191M->41949K(256M), 0.0114986 secs]
Heap after GC invocations=14 (full 0):
 garbage-first heap   total 262144K, used 41949K [0x00000000f0000000, 0x00000000f0100800, 0x0000000100000000)
  region size 1024K, 2 young (2048K), 2 survivors (2048K)
 Metaspace       used 63462K, capacity 68188K, committed 68352K, reserved 1107968K
  class space    used 8378K, capacity 9161K, committed 9216K, reserved 1048576K
}
{Heap before GC invocations=14 (full 0):
 garbage-first heap   total 262144K, used 196573K [0x00000000f0000000, 0x00000000f0100800, 0x0000000100000000)
  region size 1024K, 153 young (156672K), 2 survivors (2048K)
 Metaspace       used 63631K, capacity 68320K, committed 68608K, reserved 1107968K
  class space    used 8378K, capacity 9161K, committed 9216K, reserved 1048576K
2022-09-12T02:21:37.546+0800: 60.464: [GC pause (G1 Evacuation Pause) (young) 191M->41578K(256M), 0.0200871 secs]
Heap after GC invocations=15 (full 0):
 garbage-first heap   total 262144K, used 41578K [0x00000000f0000000, 0x00000000f0100800, 0x0000000100000000)
  region size 1024K, 2 young (2048K), 2 survivors (2048K)
 Metaspace       used 63631K, capacity 68320K, committed 68608K, reserved 1107968K
  class space    used 8378K, capacity 9161K, committed 9216K, reserved 1048576K
}
{Heap before GC invocations=15 (full 0):
 garbage-first heap   total 262144K, used 196202K [0x00000000f0000000, 0x00000000f0100800, 0x0000000100000000)
  region size 1024K, 153 young (156672K), 2 survivors (2048K)
 Metaspace       used 63649K, capacity 68320K, committed 68608K, reserved 1107968K
  class space    used 8378K, capacity 9161K, committed 9216K, reserved 1048576K
2022-09-12T02:21:38.611+0800: 61.529: [GC pause (G1 Evacuation Pause) (young) 191M->41878K(256M), 0.0130186 secs]
Heap after GC invocations=16 (full 0):
 garbage-first heap   total 262144K, used 41878K [0x00000000f0000000, 0x00000000f0100800, 0x0000000100000000)
  region size 1024K, 2 young (2048K), 2 survivors (2048K)
 Metaspace       used 63649K, capacity 68320K, committed 68608K, reserved 1107968K
  class space    used 8378K, capacity 9161K, committed 9216K, reserved 1048576K
}
{Heap before GC invocations=16 (full 0):
 garbage-first heap   total 262144K, used 196502K [0x00000000f0000000, 0x00000000f0100800, 0x0000000100000000)
  region size 1024K, 153 young (156672K), 2 survivors (2048K)
 Metaspace       used 63885K, capacity 68568K, committed 68608K, reserved 1107968K
  class space    used 8380K, capacity 9193K, committed 9216K, reserved 1048576K
2022-09-12T02:21:39.588+0800: 62.506: [GC pause (G1 Evacuation Pause) (young) 191M->40946K(256M), 0.0071420 secs]
Heap after GC invocations=17 (full 0):
 garbage-first heap   total 262144K, used 40946K [0x00000000f0000000, 0x00000000f0100800, 0x0000000100000000)
  region size 1024K, 1 young (1024K), 1 survivors (1024K)
 Metaspace       used 63885K, capacity 68568K, committed 68608K, reserved 1107968K
  class space    used 8380K, capacity 9193K, committed 9216K, reserved 1048576K
}
{Heap before GC invocations=17 (full 0):
 garbage-first heap   total 262144K, used 196594K [0x00000000f0000000, 0x00000000f0100800, 0x0000000100000000)
  region size 1024K, 153 young (156672K), 1 survivors (1024K)
 Metaspace       used 64086K, capacity 68768K, committed 68864K, reserved 1110016K
  class space    used 8380K, capacity 9193K, committed 9216K, reserved 1048576K
2022-09-12T02:21:40.506+0800: 63.424: [GC pause (G1 Evacuation Pause) (young) 191M->41678K(256M), 0.0079617 secs]
Heap after GC invocations=18 (full 0):
 garbage-first heap   total 262144K, used 41678K [0x00000000f0000000, 0x00000000f0100800, 0x0000000100000000)
  region size 1024K, 2 young (2048K), 2 survivors (2048K)
 Metaspace       used 64086K, capacity 68768K, committed 68864K, reserved 1110016K
  class space    used 8380K, capacity 9193K, committed 9216K, reserved 1048576K
}
{Heap before GC invocations=18 (full 0):
 garbage-first heap   total 262144K, used 196302K [0x00000000f0000000, 0x00000000f0100800, 0x0000000100000000)
  region size 1024K, 153 young (156672K), 2 survivors (2048K)
 Metaspace       used 64200K, capacity 68896K, committed 69120K, reserved 1110016K
  class space    used 8381K, capacity 9193K, committed 9216K, reserved 1048576K
2022-09-12T02:21:41.339+0800: 64.257: [GC pause (G1 Evacuation Pause) (young) 191M->42404K(256M), 0.0074513 secs]
Heap after GC invocations=19 (full 0):
 garbage-first heap   total 262144K, used 42404K [0x00000000f0000000, 0x00000000f0100800, 0x0000000100000000)
  region size 1024K, 3 young (3072K), 3 survivors (3072K)
 Metaspace       used 64200K, capacity 68896K, committed 69120K, reserved 1110016K
  class space    used 8381K, capacity 9193K, committed 9216K, reserved 1048576K
}
{Heap before GC invocations=19 (full 0):
 garbage-first heap   total 262144K, used 196004K [0x00000000f0000000, 0x00000000f0100800, 0x0000000100000000)
  region size 1024K, 153 young (156672K), 3 survivors (3072K)
 Metaspace       used 64224K, capacity 68896K, committed 69120K, reserved 1110016K
  class space    used 8381K, capacity 9193K, committed 9216K, reserved 1048576K
2022-09-12T02:21:42.140+0800: 65.057: [GC pause (G1 Evacuation Pause) (young) 191M->42434K(256M), 0.0087358 secs]
Heap after GC invocations=20 (full 0):
 garbage-first heap   total 262144K, used 42434K [0x00000000f0000000, 0x00000000f0100800, 0x0000000100000000)
  region size 1024K, 3 young (3072K), 3 survivors (3072K)
 Metaspace       used 64224K, capacity 68896K, committed 69120K, reserved 1110016K
  class space    used 8381K, capacity 9193K, committed 9216K, reserved 1048576K
}
{Heap before GC invocations=20 (full 0):
 garbage-first heap   total 262144K, used 196034K [0x00000000f0000000, 0x00000000f0100800, 0x0000000100000000)
  region size 1024K, 153 young (156672K), 3 survivors (3072K)
 Metaspace       used 64277K, capacity 69032K, committed 69120K, reserved 1110016K
  class space    used 8381K, capacity 9193K, committed 9216K, reserved 1048576K
2022-09-12T02:21:42.960+0800: 65.878: [GC pause (G1 Evacuation Pause) (young) 191M->41822K(256M), 0.0070067 secs]
Heap after GC invocations=21 (full 0):
 garbage-first heap   total 262144K, used 41822K [0x00000000f0000000, 0x00000000f0100800, 0x0000000100000000)
  region size 1024K, 2 young (2048K), 2 survivors (2048K)
 Metaspace       used 64277K, capacity 69032K, committed 69120K, reserved 1110016K
  class space    used 8381K, capacity 9193K, committed 9216K, reserved 1048576K
}
{Heap before GC invocations=21 (full 0):
 garbage-first heap   total 262144K, used 196446K [0x00000000f0000000, 0x00000000f0100800, 0x0000000100000000)
  region size 1024K, 153 young (156672K), 2 survivors (2048K)
 Metaspace       used 64476K, capacity 69228K, committed 69376K, reserved 1110016K
  class space    used 8381K, capacity 9193K, committed 9216K, reserved 1048576K
2022-09-12T02:21:43.731+0800: 66.649: [GC pause (G1 Evacuation Pause) (young) 191M->42106K(256M), 0.0113069 secs]
Heap after GC invocations=22 (full 0):
 garbage-first heap   total 262144K, used 42106K [0x00000000f0000000, 0x00000000f0100800, 0x0000000100000000)
  region size 1024K, 2 young (2048K), 2 survivors (2048K)
 Metaspace       used 64476K, capacity 69228K, committed 69376K, reserved 1110016K
  class space    used 8381K, capacity 9193K, committed 9216K, reserved 1048576K
}
{Heap before GC invocations=22 (full 0):
 garbage-first heap   total 262144K, used 196730K [0x00000000f0000000, 0x00000000f0100800, 0x0000000100000000)
  region size 1024K, 153 young (156672K), 2 survivors (2048K)
 Metaspace       used 64583K, capacity 69292K, committed 69376K, reserved 1110016K
  class space    used 8381K, capacity 9193K, committed 9216K, reserved 1048576K
2022-09-12T02:21:44.454+0800: 67.372: [GC pause (G1 Evacuation Pause) (young) 192M->41982K(256M), 0.0096509 secs]
Heap after GC invocations=23 (full 0):
 garbage-first heap   total 262144K, used 41982K [0x00000000f0000000, 0x00000000f0100800, 0x0000000100000000)
  region size 1024K, 2 young (2048K), 2 survivors (2048K)
 Metaspace       used 64583K, capacity 69292K, committed 69376K, reserved 1110016K
  class space    used 8381K, capacity 9193K, committed 9216K, reserved 1048576K
}
{Heap before GC invocations=23 (full 0):
 garbage-first heap   total 262144K, used 196606K [0x00000000f0000000, 0x00000000f0100800, 0x0000000100000000)
  region size 1024K, 153 young (156672K), 2 survivors (2048K)
 Metaspace       used 64714K, capacity 69420K, committed 69632K, reserved 1110016K
  class space    used 8381K, capacity 9193K, committed 9216K, reserved 1048576K
2022-09-12T02:21:45.118+0800: 68.036: [GC pause (G1 Evacuation Pause) (young) 191M->42447K(256M), 0.0096989 secs]
Heap after GC invocations=24 (full 0):
 garbage-first heap   total 262144K, used 42447K [0x00000000f0000000, 0x00000000f0100800, 0x0000000100000000)
  region size 1024K, 3 young (3072K), 3 survivors (3072K)
 Metaspace       used 64714K, capacity 69420K, committed 69632K, reserved 1110016K
  class space    used 8381K, capacity 9193K, committed 9216K, reserved 1048576K
}
{Heap before GC invocations=24 (full 0):
 garbage-first heap   total 262144K, used 196047K [0x00000000f0000000, 0x00000000f0100800, 0x0000000100000000)
  region size 1024K, 153 young (156672K), 3 survivors (3072K)
 Metaspace       used 64732K, capacity 69424K, committed 69632K, reserved 1110016K
  class space    used 8381K, capacity 9193K, committed 9216K, reserved 1048576K
2022-09-12T02:21:45.767+0800: 68.685: [GC pause (G1 Evacuation Pause) (young) 191M->41888K(256M), 0.0107415 secs]
Heap after GC invocations=25 (full 0):
 garbage-first heap   total 262144K, used 41888K [0x00000000f0000000, 0x00000000f0100800, 0x0000000100000000)
  region size 1024K, 2 young (2048K), 2 survivors (2048K)
 Metaspace       used 64732K, capacity 69424K, committed 69632K, reserved 1110016K
  class space    used 8381K, capacity 9193K, committed 9216K, reserved 1048576K
}
{Heap before GC invocations=25 (full 0):
 garbage-first heap   total 262144K, used 196512K [0x00000000f0000000, 0x00000000f0100800, 0x0000000100000000)
  region size 1024K, 153 young (156672K), 2 survivors (2048K)
 Metaspace       used 64760K, capacity 69488K, committed 69632K, reserved 1110016K
  class space    used 8381K, capacity 9193K, committed 9216K, reserved 1048576K
2022-09-12T02:21:46.431+0800: 69.349: [GC pause (G1 Evacuation Pause) (young) 191M->41774K(256M), 0.0248162 secs]
Heap after GC invocations=26 (full 0):
 garbage-first heap   total 262144K, used 41774K [0x00000000f0000000, 0x00000000f0100800, 0x0000000100000000)
  region size 1024K, 2 young (2048K), 2 survivors (2048K)
 Metaspace       used 64760K, capacity 69488K, committed 69632K, reserved 1110016K
  class space    used 8381K, capacity 9193K, committed 9216K, reserved 1048576K
}
{Heap before GC invocations=26 (full 0):
 garbage-first heap   total 262144K, used 196398K [0x00000000f0000000, 0x00000000f0100800, 0x0000000100000000)
  region size 1024K, 153 young (156672K), 2 survivors (2048K)
 Metaspace       used 64772K, capacity 69488K, committed 69632K, reserved 1110016K
  class space    used 8381K, capacity 9193K, committed 9216K, reserved 1048576K
2022-09-12T02:21:47.096+0800: 70.013: [GC pause (G1 Evacuation Pause) (young) 191M->41868K(256M), 0.0089079 secs]
Heap after GC invocations=27 (full 0):
 garbage-first heap   total 262144K, used 41868K [0x00000000f0000000, 0x00000000f0100800, 0x0000000100000000)
  region size 1024K, 2 young (2048K), 2 survivors (2048K)
 Metaspace       used 64772K, capacity 69488K, committed 69632K, reserved 1110016K
  class space    used 8381K, capacity 9193K, committed 9216K, reserved 1048576K
}
{Heap before GC invocations=27 (full 0):
 garbage-first heap   total 262144K, used 196492K [0x00000000f0000000, 0x00000000f0100800, 0x0000000100000000)
  region size 1024K, 153 young (156672K), 2 survivors (2048K)
 Metaspace       used 64794K, capacity 69488K, committed 69632K, reserved 1110016K
  class space    used 8381K, capacity 9193K, committed 9216K, reserved 1048576K
2022-09-12T02:21:47.772+0800: 70.690: [GC pause (G1 Evacuation Pause) (young) 191M->42243K(256M), 0.0074634 secs]
Heap after GC invocations=28 (full 0):
 garbage-first heap   total 262144K, used 42243K [0x00000000f0000000, 0x00000000f0100800, 0x0000000100000000)
  region size 1024K, 2 young (2048K), 2 survivors (2048K)
 Metaspace       used 64794K, capacity 69488K, committed 69632K, reserved 1110016K
  class space    used 8381K, capacity 9193K, committed 9216K, reserved 1048576K
}
{Heap before GC invocations=28 (full 0):
 garbage-first heap   total 262144K, used 196867K [0x00000000f0000000, 0x00000000f0100800, 0x0000000100000000)
  region size 1024K, 153 young (156672K), 2 survivors (2048K)
 Metaspace       used 64813K, capacity 69488K, committed 69632K, reserved 1110016K
  class space    used 8381K, capacity 9193K, committed 9216K, reserved 1048576K
2022-09-12T02:21:48.431+0800: 71.349: [GC pause (G1 Evacuation Pause) (young) 192M->42697K(256M), 0.0086932 secs]
Heap after GC invocations=29 (full 0):
 garbage-first heap   total 262144K, used 42697K [0x00000000f0000000, 0x00000000f0100800, 0x0000000100000000)
  region size 1024K, 3 young (3072K), 3 survivors (3072K)
 Metaspace       used 64813K, capacity 69488K, committed 69632K, reserved 1110016K
  class space    used 8381K, capacity 9193K, committed 9216K, reserved 1048576K
}
{Heap before GC invocations=29 (full 0):
 garbage-first heap   total 262144K, used 196297K [0x00000000f0000000, 0x00000000f0100800, 0x0000000100000000)
  region size 1024K, 153 young (156672K), 3 survivors (3072K)
 Metaspace       used 64813K, capacity 69488K, committed 69632K, reserved 1110016K
  class space    used 8381K, capacity 9193K, committed 9216K, reserved 1048576K
2022-09-12T02:21:49.063+0800: 71.981: [GC pause (G1 Evacuation Pause) (young) 191M->41969K(256M), 0.0060283 secs]
Heap after GC invocations=30 (full 0):
 garbage-first heap   total 262144K, used 41969K [0x00000000f0000000, 0x00000000f0100800, 0x0000000100000000)
  region size 1024K, 2 young (2048K), 2 survivors (2048K)
 Metaspace       used 64813K, capacity 69488K, committed 69632K, reserved 1110016K
  class space    used 8381K, capacity 9193K, committed 9216K, reserved 1048576K
}
{Heap before GC invocations=30 (full 0):
 garbage-first heap   total 262144K, used 196593K [0x00000000f0000000, 0x00000000f0100800, 0x0000000100000000)
  region size 1024K, 153 young (156672K), 2 survivors (2048K)
 Metaspace       used 64818K, capacity 69488K, committed 69632K, reserved 1110016K
  class space    used 8382K, capacity 9193K, committed 9216K, reserved 1048576K
2022-09-12T02:21:49.696+0800: 72.614: [GC pause (G1 Evacuation Pause) (young) 191M->42470K(256M), 0.0062758 secs]
Heap after GC invocations=31 (full 0):
 garbage-first heap   total 262144K, used 42470K [0x00000000f0000000, 0x00000000f0100800, 0x0000000100000000)
  region size 1024K, 2 young (2048K), 2 survivors (2048K)
 Metaspace       used 64818K, capacity 69488K, committed 69632K, reserved 1110016K
  class space    used 8382K, capacity 9193K, committed 9216K, reserved 1048576K
}
{Heap before GC invocations=31 (full 0):
 garbage-first heap   total 262144K, used 197094K [0x00000000f0000000, 0x00000000f0100800, 0x0000000100000000)
  region size 1024K, 153 young (156672K), 2 survivors (2048K)
 Metaspace       used 64822K, capacity 69552K, committed 69632K, reserved 1110016K
  class space    used 8382K, capacity 9193K, committed 9216K, reserved 1048576K
2022-09-12T02:21:50.312+0800: 73.230: [GC pause (G1 Evacuation Pause) (young) 192M->42159K(256M), 0.0086330 secs]
Heap after GC invocations=32 (full 0):
 garbage-first heap   total 262144K, used 42159K [0x00000000f0000000, 0x00000000f0100800, 0x0000000100000000)
  region size 1024K, 2 young (2048K), 2 survivors (2048K)
 Metaspace       used 64822K, capacity 69552K, committed 69632K, reserved 1110016K
  class space    used 8382K, capacity 9193K, committed 9216K, reserved 1048576K
}
{Heap before GC invocations=32 (full 0):
 garbage-first heap   total 262144K, used 196783K [0x00000000f0000000, 0x00000000f0100800, 0x0000000100000000)
  region size 1024K, 153 young (156672K), 2 survivors (2048K)
 Metaspace       used 64828K, capacity 69552K, committed 69632K, reserved 1110016K
  class space    used 8382K, capacity 9193K, committed 9216K, reserved 1048576K
2022-09-12T02:21:50.946+0800: 73.864: [GC pause (G1 Evacuation Pause) (young) 192M->42001K(256M), 0.0067898 secs]
Heap after GC invocations=33 (full 0):
 garbage-first heap   total 262144K, used 42001K [0x00000000f0000000, 0x00000000f0100800, 0x0000000100000000)
  region size 1024K, 2 young (2048K), 2 survivors (2048K)
 Metaspace       used 64828K, capacity 69552K, committed 69632K, reserved 1110016K
  class space    used 8382K, capacity 9193K, committed 9216K, reserved 1048576K
}
{Heap before GC invocations=33 (full 0):
 garbage-first heap   total 262144K, used 196625K [0x00000000f0000000, 0x00000000f0100800, 0x0000000100000000)
  region size 1024K, 153 young (156672K), 2 survivors (2048K)
 Metaspace       used 64830K, capacity 69552K, committed 69632K, reserved 1110016K
  class space    used 8382K, capacity 9193K, committed 9216K, reserved 1048576K
2022-09-12T02:21:51.570+0800: 74.488: [GC pause (G1 Evacuation Pause) (young) 192M->42008K(256M), 0.0059460 secs]
Heap after GC invocations=34 (full 0):
 garbage-first heap   total 262144K, used 42008K [0x00000000f0000000, 0x00000000f0100800, 0x0000000100000000)
  region size 1024K, 2 young (2048K), 2 survivors (2048K)
 Metaspace       used 64830K, capacity 69552K, committed 69632K, reserved 1110016K
  class space    used 8382K, capacity 9193K, committed 9216K, reserved 1048576K
}
{Heap before GC invocations=34 (full 0):
 garbage-first heap   total 262144K, used 196632K [0x00000000f0000000, 0x00000000f0100800, 0x0000000100000000)
  region size 1024K, 153 young (156672K), 2 survivors (2048K)
 Metaspace       used 64836K, capacity 69552K, committed 69632K, reserved 1110016K
  class space    used 8382K, capacity 9193K, committed 9216K, reserved 1048576K
2022-09-12T02:21:52.167+0800: 75.085: [GC pause (G1 Evacuation Pause) (young) 192M->42296K(256M), 0.0088988 secs]
Heap after GC invocations=35 (full 0):
 garbage-first heap   total 262144K, used 42296K [0x00000000f0000000, 0x00000000f0100800, 0x0000000100000000)
  region size 1024K, 2 young (2048K), 2 survivors (2048K)
 Metaspace       used 64836K, capacity 69552K, committed 69632K, reserved 1110016K
  class space    used 8382K, capacity 9193K, committed 9216K, reserved 1048576K
}
{Heap before GC invocations=35 (full 0):
 garbage-first heap   total 262144K, used 196920K [0x00000000f0000000, 0x00000000f0100800, 0x0000000100000000)
  region size 1024K, 153 young (156672K), 2 survivors (2048K)
 Metaspace       used 64836K, capacity 69552K, committed 69632K, reserved 1110016K
  class space    used 8382K, capacity 9193K, committed 9216K, reserved 1048576K
2022-09-12T02:21:52.774+0800: 75.692: [GC pause (G1 Evacuation Pause) (young) 192M->42068K(256M), 0.0056167 secs]
Heap after GC invocations=36 (full 0):
 garbage-first heap   total 262144K, used 42068K [0x00000000f0000000, 0x00000000f0100800, 0x0000000100000000)
  region size 1024K, 2 young (2048K), 2 survivors (2048K)
 Metaspace       used 64836K, capacity 69552K, committed 69632K, reserved 1110016K
  class space    used 8382K, capacity 9193K, committed 9216K, reserved 1048576K
}
{Heap before GC invocations=36 (full 0):
 garbage-first heap   total 262144K, used 196692K [0x00000000f0000000, 0x00000000f0100800, 0x0000000100000000)
  region size 1024K, 153 young (156672K), 2 survivors (2048K)
 Metaspace       used 64852K, capacity 69552K, committed 69632K, reserved 1110016K
  class space    used 8382K, capacity 9193K, committed 9216K, reserved 1048576K
2022-09-12T02:21:53.379+0800: 76.296: [GC pause (G1 Evacuation Pause) (young) 192M->42814K(256M), 0.0158179 secs]
Heap after GC invocations=37 (full 0):
 garbage-first heap   total 262144K, used 42814K [0x00000000f0000000, 0x00000000f0100800, 0x0000000100000000)
  region size 1024K, 3 young (3072K), 3 survivors (3072K)
 Metaspace       used 64852K, capacity 69552K, committed 69632K, reserved 1110016K
  class space    used 8382K, capacity 9193K, committed 9216K, reserved 1048576K
}
{Heap before GC invocations=37 (full 0):
 garbage-first heap   total 262144K, used 196414K [0x00000000f0000000, 0x00000000f0100800, 0x0000000100000000)
  region size 1024K, 153 young (156672K), 3 survivors (3072K)
 Metaspace       used 64856K, capacity 69552K, committed 69632K, reserved 1110016K
  class space    used 8382K, capacity 9193K, committed 9216K, reserved 1048576K
2022-09-12T02:21:53.981+0800: 76.899: [GC pause (G1 Evacuation Pause) (young) 191M->41871K(256M), 0.0077530 secs]
Heap after GC invocations=38 (full 0):
 garbage-first heap   total 262144K, used 41871K [0x00000000f0000000, 0x00000000f0100800, 0x0000000100000000)
  region size 1024K, 2 young (2048K), 2 survivors (2048K)
 Metaspace       used 64856K, capacity 69552K, committed 69632K, reserved 1110016K
  class space    used 8382K, capacity 9193K, committed 9216K, reserved 1048576K
}
{Heap before GC invocations=38 (full 0):
 garbage-first heap   total 262144K, used 196495K [0x00000000f0000000, 0x00000000f0100800, 0x0000000100000000)
  region size 1024K, 153 young (156672K), 2 survivors (2048K)
 Metaspace       used 64856K, capacity 69552K, committed 69632K, reserved 1110016K
  class space    used 8382K, capacity 9193K, committed 9216K, reserved 1048576K
2022-09-12T02:21:54.577+0800: 77.495: [GC pause (G1 Evacuation Pause) (young) 191M->42023K(256M), 0.0057257 secs]
Heap after GC invocations=39 (full 0):
 garbage-first heap   total 262144K, used 42023K [0x00000000f0000000, 0x00000000f0100800, 0x0000000100000000)
  region size 1024K, 2 young (2048K), 2 survivors (2048K)
 Metaspace       used 64856K, capacity 69552K, committed 69632K, reserved 1110016K
  class space    used 8382K, capacity 9193K, committed 9216K, reserved 1048576K
}
{Heap before GC invocations=39 (full 0):
 garbage-first heap   total 262144K, used 196647K [0x00000000f0000000, 0x00000000f0100800, 0x0000000100000000)
  region size 1024K, 153 young (156672K), 2 survivors (2048K)
 Metaspace       used 64856K, capacity 69552K, committed 69632K, reserved 1110016K
  class space    used 8382K, capacity 9193K, committed 9216K, reserved 1048576K
2022-09-12T02:21:55.153+0800: 78.071: [GC pause (G1 Evacuation Pause) (young) 192M->42052K(256M), 0.0121995 secs]
Heap after GC invocations=40 (full 0):
 garbage-first heap   total 262144K, used 42052K [0x00000000f0000000, 0x00000000f0100800, 0x0000000100000000)
  region size 1024K, 2 young (2048K), 2 survivors (2048K)
 Metaspace       used 64856K, capacity 69552K, committed 69632K, reserved 1110016K
  class space    used 8382K, capacity 9193K, committed 9216K, reserved 1048576K
}
{Heap before GC invocations=40 (full 0):
 garbage-first heap   total 262144K, used 196676K [0x00000000f0000000, 0x00000000f0100800, 0x0000000100000000)
  region size 1024K, 153 young (156672K), 2 survivors (2048K)
 Metaspace       used 64856K, capacity 69552K, committed 69632K, reserved 1110016K
  class space    used 8382K, capacity 9193K, committed 9216K, reserved 1048576K
2022-09-12T02:21:55.747+0800: 78.665: [GC pause (G1 Evacuation Pause) (young) 192M->42857K(256M), 0.0081246 secs]
Heap after GC invocations=41 (full 0):
 garbage-first heap   total 262144K, used 42857K [0x00000000f0000000, 0x00000000f0100800, 0x0000000100000000)
  region size 1024K, 3 young (3072K), 3 survivors (3072K)
 Metaspace       used 64856K, capacity 69552K, committed 69632K, reserved 1110016K
  class space    used 8382K, capacity 9193K, committed 9216K, reserved 1048576K
}
{Heap before GC invocations=41 (full 0):
 garbage-first heap   total 262144K, used 196457K [0x00000000f0000000, 0x00000000f0100800, 0x0000000100000000)
  region size 1024K, 153 young (156672K), 3 survivors (3072K)
 Metaspace       used 64856K, capacity 69552K, committed 69632K, reserved 1110016K
  class space    used 8382K, capacity 9193K, committed 9216K, reserved 1048576K
2022-09-12T02:21:56.327+0800: 79.245: [GC pause (G1 Evacuation Pause) (young) 191M->41825K(256M), 0.0059119 secs]
Heap after GC invocations=42 (full 0):
 garbage-first heap   total 262144K, used 41825K [0x00000000f0000000, 0x00000000f0100800, 0x0000000100000000)
  region size 1024K, 2 young (2048K), 2 survivors (2048K)
 Metaspace       used 64856K, capacity 69552K, committed 69632K, reserved 1110016K
  class space    used 8382K, capacity 9193K, committed 9216K, reserved 1048576K
}
{Heap before GC invocations=42 (full 0):
 garbage-first heap   total 262144K, used 196449K [0x00000000f0000000, 0x00000000f0100800, 0x0000000100000000)
  region size 1024K, 153 young (156672K), 2 survivors (2048K)
 Metaspace       used 64877K, capacity 69616K, committed 69888K, reserved 1110016K
  class space    used 8382K, capacity 9193K, committed 9216K, reserved 1048576K
2022-09-12T02:21:56.901+0800: 79.819: [GC pause (G1 Evacuation Pause) (young) 191M->42334K(256M), 0.0088002 secs]
Heap after GC invocations=43 (full 0):
 garbage-first heap   total 262144K, used 42334K [0x00000000f0000000, 0x00000000f0100800, 0x0000000100000000)
  region size 1024K, 2 young (2048K), 2 survivors (2048K)
 Metaspace       used 64877K, capacity 69616K, committed 69888K, reserved 1110016K
  class space    used 8382K, capacity 9193K, committed 9216K, reserved 1048576K
}
{Heap before GC invocations=43 (full 0):
 garbage-first heap   total 262144K, used 196958K [0x00000000f0000000, 0x00000000f0100800, 0x0000000100000000)
  region size 1024K, 153 young (156672K), 2 survivors (2048K)
 Metaspace       used 64883K, capacity 69616K, committed 69888K, reserved 1110016K
  class space    used 8382K, capacity 9193K, committed 9216K, reserved 1048576K
2022-09-12T02:21:57.493+0800: 80.411: [GC pause (G1 Evacuation Pause) (young) 192M->42167K(256M), 0.0092684 secs]
Heap after GC invocations=44 (full 0):
 garbage-first heap   total 262144K, used 42167K [0x00000000f0000000, 0x00000000f0100800, 0x0000000100000000)
  region size 1024K, 2 young (2048K), 2 survivors (2048K)
 Metaspace       used 64883K, capacity 69616K, committed 69888K, reserved 1110016K
  class space    used 8382K, capacity 9193K, committed 9216K, reserved 1048576K
}
{Heap before GC invocations=44 (full 0):
 garbage-first heap   total 262144K, used 196791K [0x00000000f0000000, 0x00000000f0100800, 0x0000000100000000)
  region size 1024K, 153 young (156672K), 2 survivors (2048K)
 Metaspace       used 64883K, capacity 69616K, committed 69888K, reserved 1110016K
  class space    used 8382K, capacity 9193K, committed 9216K, reserved 1048576K
2022-09-12T02:21:58.068+0800: 80.986: [GC pause (G1 Evacuation Pause) (young) 192M->42183K(256M), 0.0069481 secs]
Heap after GC invocations=45 (full 0):
 garbage-first heap   total 262144K, used 42183K [0x00000000f0000000, 0x00000000f0100800, 0x0000000100000000)
  region size 1024K, 2 young (2048K), 2 survivors (2048K)
 Metaspace       used 64883K, capacity 69616K, committed 69888K, reserved 1110016K
  class space    used 8382K, capacity 9193K, committed 9216K, reserved 1048576K
}
{Heap before GC invocations=45 (full 0):
 garbage-first heap   total 262144K, used 196807K [0x00000000f0000000, 0x00000000f0100800, 0x0000000100000000)
  region size 1024K, 153 young (156672K), 2 survivors (2048K)
 Metaspace       used 64886K, capacity 69616K, committed 69888K, reserved 1110016K
  class space    used 8382K, capacity 9193K, committed 9216K, reserved 1048576K
2022-09-12T02:21:58.651+0800: 81.569: [GC pause (G1 Evacuation Pause) (young) 192M->41930K(256M), 0.0115509 secs]
Heap after GC invocations=46 (full 0):
 garbage-first heap   total 262144K, used 41930K [0x00000000f0000000, 0x00000000f0100800, 0x0000000100000000)
  region size 1024K, 2 young (2048K), 2 survivors (2048K)
 Metaspace       used 64886K, capacity 69616K, committed 69888K, reserved 1110016K
  class space    used 8382K, capacity 9193K, committed 9216K, reserved 1048576K
}
{Heap before GC invocations=46 (full 0):
 garbage-first heap   total 262144K, used 196554K [0x00000000f0000000, 0x00000000f0100800, 0x0000000100000000)
  region size 1024K, 153 young (156672K), 2 survivors (2048K)
 Metaspace       used 64886K, capacity 69616K, committed 69888K, reserved 1110016K
  class space    used 8382K, capacity 9193K, committed 9216K, reserved 1048576K
2022-09-12T02:21:59.225+0800: 82.143: [GC pause (G1 Evacuation Pause) (young) 191M->42432K(256M), 0.0079733 secs]
Heap after GC invocations=47 (full 0):
 garbage-first heap   total 262144K, used 42432K [0x00000000f0000000, 0x00000000f0100800, 0x0000000100000000)
  region size 1024K, 2 young (2048K), 2 survivors (2048K)
 Metaspace       used 64886K, capacity 69616K, committed 69888K, reserved 1110016K
  class space    used 8382K, capacity 9193K, committed 9216K, reserved 1048576K
}
{Heap before GC invocations=47 (full 0):
 garbage-first heap   total 262144K, used 197056K [0x00000000f0000000, 0x00000000f0100800, 0x0000000100000000)
  region size 1024K, 153 young (156672K), 2 survivors (2048K)
 Metaspace       used 64886K, capacity 69616K, committed 69888K, reserved 1110016K
  class space    used 8382K, capacity 9193K, committed 9216K, reserved 1048576K
2022-09-12T02:21:59.803+0800: 82.720: [GC pause (G1 Evacuation Pause) (young) 192M->41856K(256M), 0.0077291 secs]
Heap after GC invocations=48 (full 0):
 garbage-first heap   total 262144K, used 41856K [0x00000000f0000000, 0x00000000f0100800, 0x0000000100000000)
  region size 1024K, 2 young (2048K), 2 survivors (2048K)
 Metaspace       used 64886K, capacity 69616K, committed 69888K, reserved 1110016K
  class space    used 8382K, capacity 9193K, committed 9216K, reserved 1048576K
}
{Heap before GC invocations=48 (full 0):
 garbage-first heap   total 262144K, used 196480K [0x00000000f0000000, 0x00000000f0100800, 0x0000000100000000)
  region size 1024K, 153 young (156672K), 2 survivors (2048K)
 Metaspace       used 64892K, capacity 69616K, committed 69888K, reserved 1110016K
  class space    used 8382K, capacity 9193K, committed 9216K, reserved 1048576K
2022-09-12T02:22:00.370+0800: 83.287: [GC pause (G1 Evacuation Pause) (young) 191M->42351K(256M), 0.0122767 secs]
Heap after GC invocations=49 (full 0):
 garbage-first heap   total 262144K, used 42351K [0x00000000f0000000, 0x00000000f0100800, 0x0000000100000000)
  region size 1024K, 2 young (2048K), 2 survivors (2048K)
 Metaspace       used 64892K, capacity 69616K, committed 69888K, reserved 1110016K
  class space    used 8382K, capacity 9193K, committed 9216K, reserved 1048576K
}
{Heap before GC invocations=49 (full 0):
 garbage-first heap   total 262144K, used 196975K [0x00000000f0000000, 0x00000000f0100800, 0x0000000100000000)
  region size 1024K, 153 young (156672K), 2 survivors (2048K)
 Metaspace       used 64894K, capacity 69616K, committed 69888K, reserved 1110016K
  class space    used 8383K, capacity 9193K, committed 9216K, reserved 1048576K
2022-09-12T02:22:00.936+0800: 83.854: [GC pause (G1 Evacuation Pause) (young) 192M->42434K(256M), 0.0074703 secs]
Heap after GC invocations=50 (full 0):
 garbage-first heap   total 262144K, used 42434K [0x00000000f0000000, 0x00000000f0100800, 0x0000000100000000)
  region size 1024K, 2 young (2048K), 2 survivors (2048K)
 Metaspace       used 64894K, capacity 69616K, committed 69888K, reserved 1110016K
  class space    used 8383K, capacity 9193K, committed 9216K, reserved 1048576K
}
{Heap before GC invocations=50 (full 0):
 garbage-first heap   total 262144K, used 197058K [0x00000000f0000000, 0x00000000f0100800, 0x0000000100000000)
  region size 1024K, 153 young (156672K), 2 survivors (2048K)
 Metaspace       used 64896K, capacity 69616K, committed 69888K, reserved 1110016K
  class space    used 8383K, capacity 9193K, committed 9216K, reserved 1048576K
2022-09-12T02:22:01.517+0800: 84.435: [GC pause (G1 Evacuation Pause) (young) 192M->42166K(256M), 0.0058645 secs]
Heap after GC invocations=51 (full 0):
 garbage-first heap   total 262144K, used 42166K [0x00000000f0000000, 0x00000000f0100800, 0x0000000100000000)
  region size 1024K, 2 young (2048K), 2 survivors (2048K)
 Metaspace       used 64896K, capacity 69616K, committed 69888K, reserved 1110016K
  class space    used 8383K, capacity 9193K, committed 9216K, reserved 1048576K
}
{Heap before GC invocations=51 (full 0):
 garbage-first heap   total 262144K, used 196790K [0x00000000f0000000, 0x00000000f0100800, 0x0000000100000000)
  region size 1024K, 153 young (156672K), 2 survivors (2048K)
 Metaspace       used 64898K, capacity 69616K, committed 69888K, reserved 1110016K
  class space    used 8384K, capacity 9193K, committed 9216K, reserved 1048576K
2022-09-12T02:22:02.078+0800: 84.996: [GC pause (G1 Evacuation Pause) (young) 192M->42398K(256M), 0.0074826 secs]
Heap after GC invocations=52 (full 0):
 garbage-first heap   total 262144K, used 42398K [0x00000000f0000000, 0x00000000f0100800, 0x0000000100000000)
  region size 1024K, 2 young (2048K), 2 survivors (2048K)
 Metaspace       used 64898K, capacity 69616K, committed 69888K, reserved 1110016K
  class space    used 8384K, capacity 9193K, committed 9216K, reserved 1048576K
}
{Heap before GC invocations=52 (full 0):
 garbage-first heap   total 262144K, used 197022K [0x00000000f0000000, 0x00000000f0100800, 0x0000000100000000)
  region size 1024K, 153 young (156672K), 2 survivors (2048K)
 Metaspace       used 64907K, capacity 69616K, committed 69888K, reserved 1110016K
  class space    used 8385K, capacity 9193K, committed 9216K, reserved 1048576K
2022-09-12T02:22:02.688+0800: 85.606: [GC pause (G1 Evacuation Pause) (young) 192M->42688K(256M), 0.0061816 secs]
Heap after GC invocations=53 (full 0):
 garbage-first heap   total 262144K, used 42688K [0x00000000f0000000, 0x00000000f0100800, 0x0000000100000000)
  region size 1024K, 2 young (2048K), 2 survivors (2048K)
 Metaspace       used 64907K, capacity 69616K, committed 69888K, reserved 1110016K
  class space    used 8385K, capacity 9193K, committed 9216K, reserved 1048576K
}
{Heap before GC invocations=53 (full 0):
 garbage-first heap   total 262144K, used 197312K [0x00000000f0000000, 0x00000000f0100800, 0x0000000100000000)
  region size 1024K, 153 young (156672K), 2 survivors (2048K)
 Metaspace       used 64910K, capacity 69616K, committed 69888K, reserved 1110016K
  class space    used 8386K, capacity 9193K, committed 9216K, reserved 1048576K
2022-09-12T02:22:03.272+0800: 86.190: [GC pause (G1 Evacuation Pause) (young) 192M->42184K(256M), 0.0064939 secs]
Heap after GC invocations=54 (full 0):
 garbage-first heap   total 262144K, used 42184K [0x00000000f0000000, 0x00000000f0100800, 0x0000000100000000)
  region size 1024K, 2 young (2048K), 2 survivors (2048K)
 Metaspace       used 64910K, capacity 69616K, committed 69888K, reserved 1110016K
  class space    used 8386K, capacity 9193K, committed 9216K, reserved 1048576K
}
{Heap before GC invocations=54 (full 0):
 garbage-first heap   total 262144K, used 196808K [0x00000000f0000000, 0x00000000f0100800, 0x0000000100000000)
  region size 1024K, 153 young (156672K), 2 survivors (2048K)
 Metaspace       used 64911K, capacity 69616K, committed 69888K, reserved 1110016K
  class space    used 8387K, capacity 9193K, committed 9216K, reserved 1048576K
2022-09-12T02:22:03.861+0800: 86.779: [GC pause (G1 Evacuation Pause) (young) 192M->42420K(256M), 0.0104525 secs]
Heap after GC invocations=55 (full 0):
 garbage-first heap   total 262144K, used 42420K [0x00000000f0000000, 0x00000000f0100800, 0x0000000100000000)
  region size 1024K, 2 young (2048K), 2 survivors (2048K)
 Metaspace       used 64911K, capacity 69616K, committed 69888K, reserved 1110016K
  class space    used 8387K, capacity 9193K, committed 9216K, reserved 1048576K
}
{Heap before GC invocations=55 (full 0):
 garbage-first heap   total 262144K, used 197044K [0x00000000f0000000, 0x00000000f0100800, 0x0000000100000000)
  region size 1024K, 153 young (156672K), 2 survivors (2048K)
 Metaspace       used 64913K, capacity 69616K, committed 69888K, reserved 1110016K
  class space    used 8387K, capacity 9193K, committed 9216K, reserved 1048576K
2022-09-12T02:22:04.434+0800: 87.352: [GC pause (G1 Evacuation Pause) (young) 192M->42219K(256M), 0.0061008 secs]
Heap after GC invocations=56 (full 0):
 garbage-first heap   total 262144K, used 42219K [0x00000000f0000000, 0x00000000f0100800, 0x0000000100000000)
  region size 1024K, 2 young (2048K), 2 survivors (2048K)
 Metaspace       used 64913K, capacity 69616K, committed 69888K, reserved 1110016K
  class space    used 8387K, capacity 9193K, committed 9216K, reserved 1048576K
}
{Heap before GC invocations=56 (full 0):
 garbage-first heap   total 262144K, used 196843K [0x00000000f0000000, 0x00000000f0100800, 0x0000000100000000)
  region size 1024K, 153 young (156672K), 2 survivors (2048K)
 Metaspace       used 64917K, capacity 69616K, committed 69888K, reserved 1110016K
  class space    used 8387K, capacity 9193K, committed 9216K, reserved 1048576K
2022-09-12T02:22:05.010+0800: 87.928: [GC pause (G1 Evacuation Pause) (young) 192M->42503K(256M), 0.0080390 secs]
Heap after GC invocations=57 (full 0):
 garbage-first heap   total 262144K, used 42503K [0x00000000f0000000, 0x00000000f0100800, 0x0000000100000000)
  region size 1024K, 2 young (2048K), 2 survivors (2048K)
 Metaspace       used 64917K, capacity 69616K, committed 69888K, reserved 1110016K
  class space    used 8387K, capacity 9193K, committed 9216K, reserved 1048576K
}
{Heap before GC invocations=57 (full 0):
 garbage-first heap   total 262144K, used 197127K [0x00000000f0000000, 0x00000000f0100800, 0x0000000100000000)
  region size 1024K, 153 young (156672K), 2 survivors (2048K)
 Metaspace       used 64918K, capacity 69616K, committed 69888K, reserved 1110016K
  class space    used 8387K, capacity 9193K, committed 9216K, reserved 1048576K
2022-09-12T02:22:05.581+0800: 88.499: [GC pause (G1 Evacuation Pause) (young) 192M->42491K(256M), 0.0076395 secs]
Heap after GC invocations=58 (full 0):
 garbage-first heap   total 262144K, used 42491K [0x00000000f0000000, 0x00000000f0100800, 0x0000000100000000)
  region size 1024K, 2 young (2048K), 2 survivors (2048K)
 Metaspace       used 64918K, capacity 69616K, committed 69888K, reserved 1110016K
  class space    used 8387K, capacity 9193K, committed 9216K, reserved 1048576K
}
{Heap before GC invocations=58 (full 0):
 garbage-first heap   total 262144K, used 197115K [0x00000000f0000000, 0x00000000f0100800, 0x0000000100000000)
  region size 1024K, 153 young (156672K), 2 survivors (2048K)
 Metaspace       used 64920K, capacity 69616K, committed 69888K, reserved 1110016K
  class space    used 8388K, capacity 9193K, committed 9216K, reserved 1048576K
2022-09-12T02:22:06.149+0800: 89.067: [GC pause (G1 Evacuation Pause) (young) 192M->42058K(256M), 0.0158842 secs]
Heap after GC invocations=59 (full 0):
 garbage-first heap   total 262144K, used 42058K [0x00000000f0000000, 0x00000000f0100800, 0x0000000100000000)
  region size 1024K, 2 young (2048K), 2 survivors (2048K)
 Metaspace       used 64920K, capacity 69616K, committed 69888K, reserved 1110016K
  class space    used 8388K, capacity 9193K, committed 9216K, reserved 1048576K
}
{Heap before GC invocations=59 (full 0):
 garbage-first heap   total 262144K, used 196682K [0x00000000f0000000, 0x00000000f0100800, 0x0000000100000000)
  region size 1024K, 153 young (156672K), 2 survivors (2048K)
 Metaspace       used 64940K, capacity 69616K, committed 69888K, reserved 1110016K
  class space    used 8392K, capacity 9193K, committed 9216K, reserved 1048576K
2022-09-12T02:22:06.723+0800: 89.640: [GC pause (G1 Evacuation Pause) (young) 192M->42643K(256M), 0.0055497 secs]
Heap after GC invocations=60 (full 0):
 garbage-first heap   total 262144K, used 42643K [0x00000000f0000000, 0x00000000f0100800, 0x0000000100000000)
  region size 1024K, 2 young (2048K), 2 survivors (2048K)
 Metaspace       used 64940K, capacity 69616K, committed 69888K, reserved 1110016K
  class space    used 8392K, capacity 9193K, committed 9216K, reserved 1048576K
}
{Heap before GC invocations=60 (full 0):
 garbage-first heap   total 262144K, used 197267K [0x00000000f0000000, 0x00000000f0100800, 0x0000000100000000)
  region size 1024K, 153 young (156672K), 2 survivors (2048K)
 Metaspace       used 64941K, capacity 69616K, committed 69888K, reserved 1110016K
  class space    used 8392K, capacity 9193K, committed 9216K, reserved 1048576K
2022-09-12T02:22:07.257+0800: 90.174: [GC pause (G1 Evacuation Pause) (young) 192M->42356K(256M), 0.0056198 secs]
Heap after GC invocations=61 (full 0):
 garbage-first heap   total 262144K, used 42356K [0x00000000f0000000, 0x00000000f0100800, 0x0000000100000000)
  region size 1024K, 2 young (2048K), 2 survivors (2048K)
 Metaspace       used 64941K, capacity 69616K, committed 69888K, reserved 1110016K
  class space    used 8392K, capacity 9193K, committed 9216K, reserved 1048576K
}
{Heap before GC invocations=61 (full 0):
 garbage-first heap   total 262144K, used 196980K [0x00000000f0000000, 0x00000000f0100800, 0x0000000100000000)
  region size 1024K, 153 young (156672K), 2 survivors (2048K)
 Metaspace       used 64941K, capacity 69616K, committed 69888K, reserved 1110016K
  class space    used 8392K, capacity 9193K, committed 9216K, reserved 1048576K
2022-09-12T02:22:07.793+0800: 90.711: [GC pause (G1 Evacuation Pause) (young) 192M->42471K(256M), 0.0056319 secs]
Heap after GC invocations=62 (full 0):
 garbage-first heap   total 262144K, used 42471K [0x00000000f0000000, 0x00000000f0100800, 0x0000000100000000)
  region size 1024K, 2 young (2048K), 2 survivors (2048K)
 Metaspace       used 64941K, capacity 69616K, committed 69888K, reserved 1110016K
  class space    used 8392K, capacity 9193K, committed 9216K, reserved 1048576K
}
{Heap before GC invocations=62 (full 0):
 garbage-first heap   total 262144K, used 197095K [0x00000000f0000000, 0x00000000f0100800, 0x0000000100000000)
  region size 1024K, 153 young (156672K), 2 survivors (2048K)
 Metaspace       used 64941K, capacity 69616K, committed 69888K, reserved 1110016K
  class space    used 8392K, capacity 9193K, committed 9216K, reserved 1048576K
2022-09-12T02:22:08.327+0800: 91.245: [GC pause (G1 Evacuation Pause) (young) 192M->43041K(256M), 0.0055057 secs]
Heap after GC invocations=63 (full 0):
 garbage-first heap   total 262144K, used 43041K [0x00000000f0000000, 0x00000000f0100800, 0x0000000100000000)
  region size 1024K, 3 young (3072K), 3 survivors (3072K)
 Metaspace       used 64941K, capacity 69616K, committed 69888K, reserved 1110016K
  class space    used 8392K, capacity 9193K, committed 9216K, reserved 1048576K
}
{Heap before GC invocations=63 (full 0):
 garbage-first heap   total 262144K, used 196641K [0x00000000f0000000, 0x00000000f0100800, 0x0000000100000000)
  region size 1024K, 153 young (156672K), 3 survivors (3072K)
 Metaspace       used 64941K, capacity 69616K, committed 69888K, reserved 1110016K
  class space    used 8392K, capacity 9193K, committed 9216K, reserved 1048576K
2022-09-12T02:22:08.857+0800: 91.775: [GC pause (G1 Evacuation Pause) (young) 192M->42094K(256M), 0.0055131 secs]
Heap after GC invocations=64 (full 0):
 garbage-first heap   total 262144K, used 42094K [0x00000000f0000000, 0x00000000f0100800, 0x0000000100000000)
  region size 1024K, 2 young (2048K), 2 survivors (2048K)
 Metaspace       used 64941K, capacity 69616K, committed 69888K, reserved 1110016K
  class space    used 8392K, capacity 9193K, committed 9216K, reserved 1048576K
}
{Heap before GC invocations=64 (full 0):
 garbage-first heap   total 262144K, used 196718K [0x00000000f0000000, 0x00000000f0100800, 0x0000000100000000)
  region size 1024K, 153 young (156672K), 2 survivors (2048K)
 Metaspace       used 64941K, capacity 69616K, committed 69888K, reserved 1110016K
  class space    used 8392K, capacity 9193K, committed 9216K, reserved 1048576K
2022-09-12T02:22:09.391+0800: 92.309: [GC pause (G1 Evacuation Pause) (young) 192M->42475K(256M), 0.0054995 secs]
Heap after GC invocations=65 (full 0):
 garbage-first heap   total 262144K, used 42475K [0x00000000f0000000, 0x00000000f0100800, 0x0000000100000000)
  region size 1024K, 2 young (2048K), 2 survivors (2048K)
 Metaspace       used 64941K, capacity 69616K, committed 69888K, reserved 1110016K
  class space    used 8392K, capacity 9193K, committed 9216K, reserved 1048576K
}
{Heap before GC invocations=65 (full 0):
 garbage-first heap   total 262144K, used 197099K [0x00000000f0000000, 0x00000000f0100800, 0x0000000100000000)
  region size 1024K, 153 young (156672K), 2 survivors (2048K)
 Metaspace       used 64941K, capacity 69616K, committed 69888K, reserved 1110016K
  class space    used 8392K, capacity 9193K, committed 9216K, reserved 1048576K
2022-09-12T02:22:09.923+0800: 92.841: [GC pause (G1 Evacuation Pause) (young) 192M->42552K(256M), 0.0056045 secs]
Heap after GC invocations=66 (full 0):
 garbage-first heap   total 262144K, used 42552K [0x00000000f0000000, 0x00000000f0100800, 0x0000000100000000)
  region size 1024K, 2 young (2048K), 2 survivors (2048K)
 Metaspace       used 64941K, capacity 69616K, committed 69888K, reserved 1110016K
  class space    used 8392K, capacity 9193K, committed 9216K, reserved 1048576K
}
{Heap before GC invocations=66 (full 0):
 garbage-first heap   total 262144K, used 197176K [0x00000000f0000000, 0x00000000f0100800, 0x0000000100000000)
  region size 1024K, 153 young (156672K), 2 survivors (2048K)
 Metaspace       used 64941K, capacity 69616K, committed 69888K, reserved 1110016K
  class space    used 8392K, capacity 9193K, committed 9216K, reserved 1048576K
2022-09-12T02:22:10.455+0800: 93.373: [GC pause (G1 Evacuation Pause) (young) 192M->42112K(256M), 0.0055646 secs]
Heap after GC invocations=67 (full 0):
 garbage-first heap   total 262144K, used 42112K [0x00000000f0000000, 0x00000000f0100800, 0x0000000100000000)
  region size 1024K, 2 young (2048K), 2 survivors (2048K)
 Metaspace       used 64941K, capacity 69616K, committed 69888K, reserved 1110016K
  class space    used 8392K, capacity 9193K, committed 9216K, reserved 1048576K
}
{Heap before GC invocations=67 (full 0):
 garbage-first heap   total 262144K, used 196736K [0x00000000f0000000, 0x00000000f0100800, 0x0000000100000000)
  region size 1024K, 153 young (156672K), 2 survivors (2048K)
 Metaspace       used 64942K, capacity 69616K, committed 69888K, reserved 1110016K
  class space    used 8392K, capacity 9193K, committed 9216K, reserved 1048576K
2022-09-12T02:22:10.986+0800: 93.904: [GC pause (G1 Evacuation Pause) (young) 192M->42506K(256M), 0.0054866 secs]
Heap after GC invocations=68 (full 0):
 garbage-first heap   total 262144K, used 42506K [0x00000000f0000000, 0x00000000f0100800, 0x0000000100000000)
  region size 1024K, 2 young (2048K), 2 survivors (2048K)
 Metaspace       used 64942K, capacity 69616K, committed 69888K, reserved 1110016K
  class space    used 8392K, capacity 9193K, committed 9216K, reserved 1048576K
}
{Heap before GC invocations=68 (full 0):
 garbage-first heap   total 262144K, used 197130K [0x00000000f0000000, 0x00000000f0100800, 0x0000000100000000)
  region size 1024K, 153 young (156672K), 2 survivors (2048K)
 Metaspace       used 64952K, capacity 69680K, committed 69888K, reserved 1110016K
  class space    used 8392K, capacity 9193K, committed 9216K, reserved 1048576K
2022-09-12T02:22:11.521+0800: 94.439: [GC pause (G1 Evacuation Pause) (young) 192M->42263K(256M), 0.0061895 secs]
Heap after GC invocations=69 (full 0):
 garbage-first heap   total 262144K, used 42263K [0x00000000f0000000, 0x00000000f0100800, 0x0000000100000000)
  region size 1024K, 2 young (2048K), 2 survivors (2048K)
 Metaspace       used 64952K, capacity 69680K, committed 69888K, reserved 1110016K
  class space    used 8392K, capacity 9193K, committed 9216K, reserved 1048576K
}
{Heap before GC invocations=69 (full 0):
 garbage-first heap   total 262144K, used 196887K [0x00000000f0000000, 0x00000000f0100800, 0x0000000100000000)
  region size 1024K, 153 young (156672K), 2 survivors (2048K)
 Metaspace       used 64953K, capacity 69680K, committed 69888K, reserved 1110016K
  class space    used 8392K, capacity 9193K, committed 9216K, reserved 1048576K
2022-09-12T02:22:12.058+0800: 94.976: [GC pause (G1 Evacuation Pause) (young) 192M->42517K(256M), 0.0054614 secs]
Heap after GC invocations=70 (full 0):
 garbage-first heap   total 262144K, used 42517K [0x00000000f0000000, 0x00000000f0100800, 0x0000000100000000)
  region size 1024K, 2 young (2048K), 2 survivors (2048K)
 Metaspace       used 64953K, capacity 69680K, committed 69888K, reserved 1110016K
  class space    used 8392K, capacity 9193K, committed 9216K, reserved 1048576K
}
{Heap before GC invocations=70 (full 0):
 garbage-first heap   total 262144K, used 197141K [0x00000000f0000000, 0x00000000f0100800, 0x0000000100000000)
  region size 1024K, 153 young (156672K), 2 survivors (2048K)
 Metaspace       used 64953K, capacity 69680K, committed 69888K, reserved 1110016K
  class space    used 8392K, capacity 9193K, committed 9216K, reserved 1048576K
2022-09-12T02:22:12.591+0800: 95.509: [GC pause (G1 Evacuation Pause) (young) 192M->42570K(256M), 0.0054254 secs]
Heap after GC invocations=71 (full 0):
 garbage-first heap   total 262144K, used 42570K [0x00000000f0000000, 0x00000000f0100800, 0x0000000100000000)
  region size 1024K, 2 young (2048K), 2 survivors (2048K)
 Metaspace       used 64953K, capacity 69680K, committed 69888K, reserved 1110016K
  class space    used 8392K, capacity 9193K, committed 9216K, reserved 1048576K
}
{Heap before GC invocations=71 (full 0):
 garbage-first heap   total 262144K, used 197194K [0x00000000f0000000, 0x00000000f0100800, 0x0000000100000000)
  region size 1024K, 153 young (156672K), 2 survivors (2048K)
 Metaspace       used 64953K, capacity 69680K, committed 69888K, reserved 1110016K
  class space    used 8392K, capacity 9193K, committed 9216K, reserved 1048576K
2022-09-12T02:22:13.124+0800: 96.042: [GC pause (G1 Evacuation Pause) (young) 192M->42608K(256M), 0.0057196 secs]
Heap after GC invocations=72 (full 0):
 garbage-first heap   total 262144K, used 42608K [0x00000000f0000000, 0x00000000f0100800, 0x0000000100000000)
  region size 1024K, 2 young (2048K), 2 survivors (2048K)
 Metaspace       used 64953K, capacity 69680K, committed 69888K, reserved 1110016K
  class space    used 8392K, capacity 9193K, committed 9216K, reserved 1048576K
}
{Heap before GC invocations=72 (full 0):
 garbage-first heap   total 262144K, used 197232K [0x00000000f0000000, 0x00000000f0100800, 0x0000000100000000)
  region size 1024K, 153 young (156672K), 2 survivors (2048K)
 Metaspace       used 64953K, capacity 69680K, committed 69888K, reserved 1110016K
  class space    used 8392K, capacity 9193K, committed 9216K, reserved 1048576K
2022-09-12T02:22:13.657+0800: 96.575: [GC pause (G1 Evacuation Pause) (young) 192M->42597K(256M), 0.0054879 secs]
Heap after GC invocations=73 (full 0):
 garbage-first heap   total 262144K, used 42597K [0x00000000f0000000, 0x00000000f0100800, 0x0000000100000000)
  region size 1024K, 2 young (2048K), 2 survivors (2048K)
 Metaspace       used 64953K, capacity 69680K, committed 69888K, reserved 1110016K
  class space    used 8392K, capacity 9193K, committed 9216K, reserved 1048576K
}
{Heap before GC invocations=73 (full 0):
 garbage-first heap   total 262144K, used 197221K [0x00000000f0000000, 0x00000000f0100800, 0x0000000100000000)
  region size 1024K, 153 young (156672K), 2 survivors (2048K)
 Metaspace       used 64953K, capacity 69680K, committed 69888K, reserved 1110016K
  class space    used 8392K, capacity 9193K, committed 9216K, reserved 1048576K
2022-09-12T02:22:14.187+0800: 97.105: [GC pause (G1 Evacuation Pause) (young) 192M->42169K(256M), 0.0054068 secs]
Heap after GC invocations=74 (full 0):
 garbage-first heap   total 262144K, used 42169K [0x00000000f0000000, 0x00000000f0100800, 0x0000000100000000)
  region size 1024K, 2 young (2048K), 2 survivors (2048K)
 Metaspace       used 64953K, capacity 69680K, committed 69888K, reserved 1110016K
  class space    used 8392K, capacity 9193K, committed 9216K, reserved 1048576K
}
{Heap before GC invocations=74 (full 0):
 garbage-first heap   total 262144K, used 196793K [0x00000000f0000000, 0x00000000f0100800, 0x0000000100000000)
  region size 1024K, 153 young (156672K), 2 survivors (2048K)
 Metaspace       used 64953K, capacity 69680K, committed 69888K, reserved 1110016K
  class space    used 8392K, capacity 9193K, committed 9216K, reserved 1048576K
2022-09-12T02:22:14.717+0800: 97.635: [GC pause (G1 Evacuation Pause) (young) 192M->42552K(256M), 0.0054767 secs]
Heap after GC invocations=75 (full 0):
 garbage-first heap   total 262144K, used 42552K [0x00000000f0000000, 0x00000000f0100800, 0x0000000100000000)
  region size 1024K, 2 young (2048K), 2 survivors (2048K)
 Metaspace       used 64953K, capacity 69680K, committed 69888K, reserved 1110016K
  class space    used 8392K, capacity 9193K, committed 9216K, reserved 1048576K
}
{Heap before GC invocations=75 (full 0):
 garbage-first heap   total 262144K, used 197176K [0x00000000f0000000, 0x00000000f0100800, 0x0000000100000000)
  region size 1024K, 153 young (156672K), 2 survivors (2048K)
 Metaspace       used 64953K, capacity 69680K, committed 69888K, reserved 1110016K
  class space    used 8392K, capacity 9193K, committed 9216K, reserved 1048576K
2022-09-12T02:22:15.249+0800: 98.167: [GC pause (G1 Evacuation Pause) (young) 192M->42618K(256M), 0.0052153 secs]
Heap after GC invocations=76 (full 0):
 garbage-first heap   total 262144K, used 42618K [0x00000000f0000000, 0x00000000f0100800, 0x0000000100000000)
  region size 1024K, 2 young (2048K), 2 survivors (2048K)
 Metaspace       used 64953K, capacity 69680K, committed 69888K, reserved 1110016K
  class space    used 8392K, capacity 9193K, committed 9216K, reserved 1048576K
}
{Heap before GC invocations=76 (full 0):
 garbage-first heap   total 262144K, used 197242K [0x00000000f0000000, 0x00000000f0100800, 0x0000000100000000)
  region size 1024K, 153 young (156672K), 2 survivors (2048K)
 Metaspace       used 64953K, capacity 69680K, committed 69888K, reserved 1110016K
  class space    used 8392K, capacity 9193K, committed 9216K, reserved 1048576K
2022-09-12T02:22:15.778+0800: 98.696: [GC pause (G1 Evacuation Pause) (young) 192M->42188K(256M), 0.0053703 secs]
Heap after GC invocations=77 (full 0):
 garbage-first heap   total 262144K, used 42188K [0x00000000f0000000, 0x00000000f0100800, 0x0000000100000000)
  region size 1024K, 2 young (2048K), 2 survivors (2048K)
 Metaspace       used 64953K, capacity 69680K, committed 69888K, reserved 1110016K
  class space    used 8392K, capacity 9193K, committed 9216K, reserved 1048576K
}
{Heap before GC invocations=77 (full 0):
 garbage-first heap   total 262144K, used 196812K [0x00000000f0000000, 0x00000000f0100800, 0x0000000100000000)
  region size 1024K, 153 young (156672K), 2 survivors (2048K)
 Metaspace       used 64953K, capacity 69680K, committed 69888K, reserved 1110016K
  class space    used 8392K, capacity 9193K, committed 9216K, reserved 1048576K
2022-09-12T02:22:16.321+0800: 99.238: [GC pause (G1 Evacuation Pause) (young) 192M->42553K(256M), 0.0054052 secs]
Heap after GC invocations=78 (full 0):
 garbage-first heap   total 262144K, used 42553K [0x00000000f0000000, 0x00000000f0100800, 0x0000000100000000)
  region size 1024K, 2 young (2048K), 2 survivors (2048K)
 Metaspace       used 64953K, capacity 69680K, committed 69888K, reserved 1110016K
  class space    used 8392K, capacity 9193K, committed 9216K, reserved 1048576K
}
{Heap before GC invocations=78 (full 0):
 garbage-first heap   total 262144K, used 197177K [0x00000000f0000000, 0x00000000f0100800, 0x0000000100000000)
  region size 1024K, 153 young (156672K), 2 survivors (2048K)
 Metaspace       used 64956K, capacity 69680K, committed 69888K, reserved 1110016K
  class space    used 8392K, capacity 9193K, committed 9216K, reserved 1048576K
2022-09-12T02:22:16.852+0800: 99.770: [GC pause (G1 Evacuation Pause) (young) 192M->42624K(256M), 0.0054344 secs]
Heap after GC invocations=79 (full 0):
 garbage-first heap   total 262144K, used 42624K [0x00000000f0000000, 0x00000000f0100800, 0x0000000100000000)
  region size 1024K, 2 young (2048K), 2 survivors (2048K)
 Metaspace       used 64956K, capacity 69680K, committed 69888K, reserved 1110016K
  class space    used 8392K, capacity 9193K, committed 9216K, reserved 1048576K
}
{Heap before GC invocations=79 (full 0):
 garbage-first heap   total 262144K, used 197248K [0x00000000f0000000, 0x00000000f0100800, 0x0000000100000000)
  region size 1024K, 153 young (156672K), 2 survivors (2048K)
 Metaspace       used 64956K, capacity 69680K, committed 69888K, reserved 1110016K
  class space    used 8392K, capacity 9193K, committed 9216K, reserved 1048576K
2022-09-12T02:22:17.383+0800: 100.301: [GC pause (G1 Evacuation Pause) (young) 192M->42201K(256M), 0.0053647 secs]
Heap after GC invocations=80 (full 0):
 garbage-first heap   total 262144K, used 42201K [0x00000000f0000000, 0x00000000f0100800, 0x0000000100000000)
  region size 1024K, 2 young (2048K), 2 survivors (2048K)
 Metaspace       used 64956K, capacity 69680K, committed 69888K, reserved 1110016K
  class space    used 8392K, capacity 9193K, committed 9216K, reserved 1048576K
}
{Heap before GC invocations=80 (full 0):
 garbage-first heap   total 262144K, used 196825K [0x00000000f0000000, 0x00000000f0100800, 0x0000000100000000)
  region size 1024K, 153 young (156672K), 2 survivors (2048K)
 Metaspace       used 64958K, capacity 69680K, committed 69888K, reserved 1110016K
  class space    used 8392K, capacity 9193K, committed 9216K, reserved 1048576K
2022-09-12T02:22:17.914+0800: 100.832: [GC pause (G1 Evacuation Pause) (young) 192M->42573K(256M), 0.0053204 secs]
Heap after GC invocations=81 (full 0):
 garbage-first heap   total 262144K, used 42573K [0x00000000f0000000, 0x00000000f0100800, 0x0000000100000000)
  region size 1024K, 2 young (2048K), 2 survivors (2048K)
 Metaspace       used 64958K, capacity 69680K, committed 69888K, reserved 1110016K
  class space    used 8392K, capacity 9193K, committed 9216K, reserved 1048576K
}
{Heap before GC invocations=81 (full 0):
 garbage-first heap   total 262144K, used 197197K [0x00000000f0000000, 0x00000000f0100800, 0x0000000100000000)
  region size 1024K, 153 young (156672K), 2 survivors (2048K)
 Metaspace       used 64958K, capacity 69680K, committed 69888K, reserved 1110016K
  class space    used 8392K, capacity 9193K, committed 9216K, reserved 1048576K
2022-09-12T02:22:18.445+0800: 101.363: [GC pause (G1 Evacuation Pause) (young) 192M->42617K(256M), 0.0053819 secs]
Heap after GC invocations=82 (full 0):
 garbage-first heap   total 262144K, used 42617K [0x00000000f0000000, 0x00000000f0100800, 0x0000000100000000)
  region size 1024K, 2 young (2048K), 2 survivors (2048K)
 Metaspace       used 64958K, capacity 69680K, committed 69888K, reserved 1110016K
  class space    used 8392K, capacity 9193K, committed 9216K, reserved 1048576K
}
{Heap before GC invocations=82 (full 0):
 garbage-first heap   total 262144K, used 197241K [0x00000000f0000000, 0x00000000f0100800, 0x0000000100000000)
  region size 1024K, 153 young (156672K), 2 survivors (2048K)
 Metaspace       used 64958K, capacity 69680K, committed 69888K, reserved 1110016K
  class space    used 8392K, capacity 9193K, committed 9216K, reserved 1048576K
2022-09-12T02:22:18.977+0800: 101.895: [GC pause (G1 Evacuation Pause) (young) 192M->42195K(256M), 0.0053271 secs]
Heap after GC invocations=83 (full 0):
 garbage-first heap   total 262144K, used 42195K [0x00000000f0000000, 0x00000000f0100800, 0x0000000100000000)
  region size 1024K, 2 young (2048K), 2 survivors (2048K)
 Metaspace       used 64958K, capacity 69680K, committed 69888K, reserved 1110016K
  class space    used 8392K, capacity 9193K, committed 9216K, reserved 1048576K
}
{Heap before GC invocations=83 (full 0):
 garbage-first heap   total 262144K, used 196819K [0x00000000f0000000, 0x00000000f0100800, 0x0000000100000000)
  region size 1024K, 153 young (156672K), 2 survivors (2048K)
 Metaspace       used 64958K, capacity 69680K, committed 69888K, reserved 1110016K
  class space    used 8392K, capacity 9193K, committed 9216K, reserved 1048576K
2022-09-12T02:22:19.508+0800: 102.426: [GC pause (G1 Evacuation Pause) (young) 192M->42565K(256M), 0.0053160 secs]
Heap after GC invocations=84 (full 0):
 garbage-first heap   total 262144K, used 42565K [0x00000000f0000000, 0x00000000f0100800, 0x0000000100000000)
  region size 1024K, 2 young (2048K), 2 survivors (2048K)
 Metaspace       used 64958K, capacity 69680K, committed 69888K, reserved 1110016K
  class space    used 8392K, capacity 9193K, committed 9216K, reserved 1048576K
}
{Heap before GC invocations=84 (full 0):
 garbage-first heap   total 262144K, used 197189K [0x00000000f0000000, 0x00000000f0100800, 0x0000000100000000)
  region size 1024K, 153 young (156672K), 2 survivors (2048K)
 Metaspace       used 64958K, capacity 69680K, committed 69888K, reserved 1110016K
  class space    used 8392K, capacity 9193K, committed 9216K, reserved 1048576K
2022-09-12T02:22:20.037+0800: 102.955: [GC pause (G1 Evacuation Pause) (young) 192M->42613K(256M), 0.0054252 secs]
Heap after GC invocations=85 (full 0):
 garbage-first heap   total 262144K, used 42613K [0x00000000f0000000, 0x00000000f0100800, 0x0000000100000000)
  region size 1024K, 2 young (2048K), 2 survivors (2048K)
 Metaspace       used 64958K, capacity 69680K, committed 69888K, reserved 1110016K
  class space    used 8392K, capacity 9193K, committed 9216K, reserved 1048576K
}
{Heap before GC invocations=85 (full 0):
 garbage-first heap   total 262144K, used 197237K [0x00000000f0000000, 0x00000000f0100800, 0x0000000100000000)
  region size 1024K, 153 young (156672K), 2 survivors (2048K)
 Metaspace       used 64958K, capacity 69680K, committed 69888K, reserved 1110016K
  class space    used 8392K, capacity 9193K, committed 9216K, reserved 1048576K
2022-09-12T02:22:20.570+0800: 103.488: [GC pause (G1 Evacuation Pause) (young) 192M->42202K(256M), 0.0053291 secs]
Heap after GC invocations=86 (full 0):
 garbage-first heap   total 262144K, used 42202K [0x00000000f0000000, 0x00000000f0100800, 0x0000000100000000)
  region size 1024K, 2 young (2048K), 2 survivors (2048K)
 Metaspace       used 64958K, capacity 69680K, committed 69888K, reserved 1110016K
  class space    used 8392K, capacity 9193K, committed 9216K, reserved 1048576K
}
{Heap before GC invocations=86 (full 0):
 garbage-first heap   total 262144K, used 196826K [0x00000000f0000000, 0x00000000f0100800, 0x0000000100000000)
  region size 1024K, 153 young (156672K), 2 survivors (2048K)
 Metaspace       used 64958K, capacity 69680K, committed 69888K, reserved 1110016K
  class space    used 8392K, capacity 9193K, committed 9216K, reserved 1048576K
2022-09-12T02:22:21.099+0800: 104.017: [GC pause (G1 Evacuation Pause) (young) 192M->42561K(256M), 0.0053456 secs]
Heap after GC invocations=87 (full 0):
 garbage-first heap   total 262144K, used 42561K [0x00000000f0000000, 0x00000000f0100800, 0x0000000100000000)
  region size 1024K, 2 young (2048K), 2 survivors (2048K)
 Metaspace       used 64958K, capacity 69680K, committed 69888K, reserved 1110016K
  class space    used 8392K, capacity 9193K, committed 9216K, reserved 1048576K
}
{Heap before GC invocations=87 (full 0):
 garbage-first heap   total 262144K, used 197185K [0x00000000f0000000, 0x00000000f0100800, 0x0000000100000000)
  region size 1024K, 153 young (156672K), 2 survivors (2048K)
 Metaspace       used 64958K, capacity 69680K, committed 69888K, reserved 1110016K
  class space    used 8392K, capacity 9193K, committed 9216K, reserved 1048576K
2022-09-12T02:22:21.629+0800: 104.547: [GC pause (G1 Evacuation Pause) (young) 192M->42617K(256M), 0.0053018 secs]
Heap after GC invocations=88 (full 0):
 garbage-first heap   total 262144K, used 42617K [0x00000000f0000000, 0x00000000f0100800, 0x0000000100000000)
  region size 1024K, 2 young (2048K), 2 survivors (2048K)
 Metaspace       used 64958K, capacity 69680K, committed 69888K, reserved 1110016K
  class space    used 8392K, capacity 9193K, committed 9216K, reserved 1048576K
}
{Heap before GC invocations=88 (full 0):
 garbage-first heap   total 262144K, used 197241K [0x00000000f0000000, 0x00000000f0100800, 0x0000000100000000)
  region size 1024K, 153 young (156672K), 2 survivors (2048K)
 Metaspace       used 64958K, capacity 69680K, committed 69888K, reserved 1110016K
  class space    used 8392K, capacity 9193K, committed 9216K, reserved 1048576K
2022-09-12T02:22:22.159+0800: 105.077: [GC pause (G1 Evacuation Pause) (young) 192M->42206K(256M), 0.0052651 secs]
Heap after GC invocations=89 (full 0):
 garbage-first heap   total 262144K, used 42206K [0x00000000f0000000, 0x00000000f0100800, 0x0000000100000000)
  region size 1024K, 2 young (2048K), 2 survivors (2048K)
 Metaspace       used 64958K, capacity 69680K, committed 69888K, reserved 1110016K
  class space    used 8392K, capacity 9193K, committed 9216K, reserved 1048576K
}
{Heap before GC invocations=89 (full 0):
 garbage-first heap   total 262144K, used 196830K [0x00000000f0000000, 0x00000000f0100800, 0x0000000100000000)
  region size 1024K, 153 young (156672K), 2 survivors (2048K)
 Metaspace       used 64958K, capacity 69680K, committed 69888K, reserved 1110016K
  class space    used 8392K, capacity 9193K, committed 9216K, reserved 1048576K
2022-09-12T02:22:22.690+0800: 105.607: [GC pause (G1 Evacuation Pause) (young) 192M->42581K(256M), 0.0052892 secs]
Heap after GC invocations=90 (full 0):
 garbage-first heap   total 262144K, used 42581K [0x00000000f0000000, 0x00000000f0100800, 0x0000000100000000)
  region size 1024K, 2 young (2048K), 2 survivors (2048K)
 Metaspace       used 64958K, capacity 69680K, committed 69888K, reserved 1110016K
  class space    used 8392K, capacity 9193K, committed 9216K, reserved 1048576K
}
{Heap before GC invocations=90 (full 0):
 garbage-first heap   total 262144K, used 197205K [0x00000000f0000000, 0x00000000f0100800, 0x0000000100000000)
  region size 1024K, 153 young (156672K), 2 survivors (2048K)
 Metaspace       used 64959K, capacity 69680K, committed 69888K, reserved 1110016K
  class space    used 8392K, capacity 9193K, committed 9216K, reserved 1048576K
2022-09-12T02:22:23.219+0800: 106.137: [GC pause (G1 Evacuation Pause) (young) 192M->42624K(256M), 0.0053553 secs]
Heap after GC invocations=91 (full 0):
 garbage-first heap   total 262144K, used 42624K [0x00000000f0000000, 0x00000000f0100800, 0x0000000100000000)
  region size 1024K, 2 young (2048K), 2 survivors (2048K)
 Metaspace       used 64959K, capacity 69680K, committed 69888K, reserved 1110016K
  class space    used 8392K, capacity 9193K, committed 9216K, reserved 1048576K
}
{Heap before GC invocations=91 (full 0):
 garbage-first heap   total 262144K, used 197248K [0x00000000f0000000, 0x00000000f0100800, 0x0000000100000000)
  region size 1024K, 153 young (156672K), 2 survivors (2048K)
 Metaspace       used 64962K, capacity 69680K, committed 69888K, reserved 1110016K
  class space    used 8392K, capacity 9193K, committed 9216K, reserved 1048576K
2022-09-12T02:22:23.750+0800: 106.667: [GC pause (G1 Evacuation Pause) (young) 192M->42207K(256M), 0.0051867 secs]
Heap after GC invocations=92 (full 0):
 garbage-first heap   total 262144K, used 42207K [0x00000000f0000000, 0x00000000f0100800, 0x0000000100000000)
  region size 1024K, 2 young (2048K), 2 survivors (2048K)
 Metaspace       used 64962K, capacity 69680K, committed 69888K, reserved 1110016K
  class space    used 8392K, capacity 9193K, committed 9216K, reserved 1048576K
}
{Heap before GC invocations=92 (full 0):
 garbage-first heap   total 262144K, used 196831K [0x00000000f0000000, 0x00000000f0100800, 0x0000000100000000)
  region size 1024K, 153 young (156672K), 2 survivors (2048K)
 Metaspace       used 64964K, capacity 69680K, committed 69888K, reserved 1110016K
  class space    used 8392K, capacity 9193K, committed 9216K, reserved 1048576K
2022-09-12T02:22:24.280+0800: 107.198: [GC pause (G1 Evacuation Pause) (young) 192M->42570K(256M), 0.0052443 secs]
Heap after GC invocations=93 (full 0):
 garbage-first heap   total 262144K, used 42570K [0x00000000f0000000, 0x00000000f0100800, 0x0000000100000000)
  region size 1024K, 2 young (2048K), 2 survivors (2048K)
 Metaspace       used 64964K, capacity 69680K, committed 69888K, reserved 1110016K
  class space    used 8392K, capacity 9193K, committed 9216K, reserved 1048576K
}
{Heap before GC invocations=93 (full 0):
 garbage-first heap   total 262144K, used 197194K [0x00000000f0000000, 0x00000000f0100800, 0x0000000100000000)
  region size 1024K, 153 young (156672K), 2 survivors (2048K)
 Metaspace       used 64964K, capacity 69680K, committed 69888K, reserved 1110016K
  class space    used 8392K, capacity 9193K, committed 9216K, reserved 1048576K
2022-09-12T02:22:24.811+0800: 107.729: [GC pause (G1 Evacuation Pause) (young) 192M->42612K(256M), 0.0053416 secs]
Heap after GC invocations=94 (full 0):
 garbage-first heap   total 262144K, used 42612K [0x00000000f0000000, 0x00000000f0100800, 0x0000000100000000)
  region size 1024K, 2 young (2048K), 2 survivors (2048K)
 Metaspace       used 64964K, capacity 69680K, committed 69888K, reserved 1110016K
  class space    used 8392K, capacity 9193K, committed 9216K, reserved 1048576K
}
{Heap before GC invocations=94 (full 0):
 garbage-first heap   total 262144K, used 197236K [0x00000000f0000000, 0x00000000f0100800, 0x0000000100000000)
  region size 1024K, 153 young (156672K), 2 survivors (2048K)
 Metaspace       used 64964K, capacity 69680K, committed 69888K, reserved 1110016K
  class space    used 8392K, capacity 9193K, committed 9216K, reserved 1048576K
2022-09-12T02:22:25.344+0800: 108.262: [GC pause (G1 Evacuation Pause) (young) 192M->42202K(256M), 0.0052514 secs]
Heap after GC invocations=95 (full 0):
 garbage-first heap   total 262144K, used 42202K [0x00000000f0000000, 0x00000000f0100800, 0x0000000100000000)
  region size 1024K, 2 young (2048K), 2 survivors (2048K)
 Metaspace       used 64964K, capacity 69680K, committed 69888K, reserved 1110016K
  class space    used 8392K, capacity 9193K, committed 9216K, reserved 1048576K
}
{Heap before GC invocations=95 (full 0):
 garbage-first heap   total 262144K, used 196826K [0x00000000f0000000, 0x00000000f0100800, 0x0000000100000000)
  region size 1024K, 153 young (156672K), 2 survivors (2048K)
 Metaspace       used 64964K, capacity 69680K, committed 69888K, reserved 1110016K
  class space    used 8392K, capacity 9193K, committed 9216K, reserved 1048576K
2022-09-12T02:22:25.873+0800: 108.791: [GC pause (G1 Evacuation Pause) (young) 192M->42572K(256M), 0.0053188 secs]
Heap after GC invocations=96 (full 0):
 garbage-first heap   total 262144K, used 42572K [0x00000000f0000000, 0x00000000f0100800, 0x0000000100000000)
  region size 1024K, 2 young (2048K), 2 survivors (2048K)
 Metaspace       used 64964K, capacity 69680K, committed 69888K, reserved 1110016K
  class space    used 8392K, capacity 9193K, committed 9216K, reserved 1048576K
}
{Heap before GC invocations=96 (full 0):
 garbage-first heap   total 262144K, used 197196K [0x00000000f0000000, 0x00000000f0100800, 0x0000000100000000)
  region size 1024K, 153 young (156672K), 2 survivors (2048K)
 Metaspace       used 64964K, capacity 69680K, committed 69888K, reserved 1110016K
  class space    used 8392K, capacity 9193K, committed 9216K, reserved 1048576K
2022-09-12T02:22:26.403+0800: 109.321: [GC pause (G1 Evacuation Pause) (young) 192M->42630K(256M), 0.0053117 secs]
Heap after GC invocations=97 (full 0):
 garbage-first heap   total 262144K, used 42630K [0x00000000f0000000, 0x00000000f0100800, 0x0000000100000000)
  region size 1024K, 2 young (2048K), 2 survivors (2048K)
 Metaspace       used 64964K, capacity 69680K, committed 69888K, reserved 1110016K
  class space    used 8392K, capacity 9193K, committed 9216K, reserved 1048576K
}
{Heap before GC invocations=97 (full 0):
 garbage-first heap   total 262144K, used 197254K [0x00000000f0000000, 0x00000000f0100800, 0x0000000100000000)
  region size 1024K, 153 young (156672K), 2 survivors (2048K)
 Metaspace       used 64984K, capacity 69684K, committed 69888K, reserved 1110016K
  class space    used 8392K, capacity 9193K, committed 9216K, reserved 1048576K
2022-09-12T02:22:26.931+0800: 109.849: [GC pause (G1 Evacuation Pause) (young) 192M->42208K(256M), 0.0052977 secs]
Heap after GC invocations=98 (full 0):
 garbage-first heap   total 262144K, used 42208K [0x00000000f0000000, 0x00000000f0100800, 0x0000000100000000)
  region size 1024K, 2 young (2048K), 2 survivors (2048K)
 Metaspace       used 64984K, capacity 69684K, committed 69888K, reserved 1110016K
  class space    used 8392K, capacity 9193K, committed 9216K, reserved 1048576K
}
{Heap before GC invocations=98 (full 0):
 garbage-first heap   total 262144K, used 196832K [0x00000000f0000000, 0x00000000f0100800, 0x0000000100000000)
  region size 1024K, 153 young (156672K), 2 survivors (2048K)
 Metaspace       used 64984K, capacity 69684K, committed 69888K, reserved 1110016K
  class space    used 8392K, capacity 9193K, committed 9216K, reserved 1048576K
2022-09-12T02:22:27.463+0800: 110.381: [GC pause (G1 Evacuation Pause) (young) 192M->42557K(256M), 0.0053007 secs]
Heap after GC invocations=99 (full 0):
 garbage-first heap   total 262144K, used 42557K [0x00000000f0000000, 0x00000000f0100800, 0x0000000100000000)
  region size 1024K, 2 young (2048K), 2 survivors (2048K)
 Metaspace       used 64984K, capacity 69684K, committed 69888K, reserved 1110016K
  class space    used 8392K, capacity 9193K, committed 9216K, reserved 1048576K
}
{Heap before GC invocations=99 (full 0):
 garbage-first heap   total 262144K, used 197181K [0x00000000f0000000, 0x00000000f0100800, 0x0000000100000000)
  region size 1024K, 153 young (156672K), 2 survivors (2048K)
 Metaspace       used 64984K, capacity 69684K, committed 69888K, reserved 1110016K
  class space    used 8392K, capacity 9193K, committed 9216K, reserved 1048576K
2022-09-12T02:22:27.996+0800: 110.914: [GC pause (G1 Evacuation Pause) (young) 192M->42618K(256M), 0.0052566 secs]
Heap after GC invocations=100 (full 0):
 garbage-first heap   total 262144K, used 42618K [0x00000000f0000000, 0x00000000f0100800, 0x0000000100000000)
  region size 1024K, 2 young (2048K), 2 survivors (2048K)
 Metaspace       used 64984K, capacity 69684K, committed 69888K, reserved 1110016K
  class space    used 8392K, capacity 9193K, committed 9216K, reserved 1048576K
}
{Heap before GC invocations=100 (full 0):
 garbage-first heap   total 262144K, used 197242K [0x00000000f0000000, 0x00000000f0100800, 0x0000000100000000)
  region size 1024K, 153 young (156672K), 2 survivors (2048K)
 Metaspace       used 64984K, capacity 69684K, committed 69888K, reserved 1110016K
  class space    used 8392K, capacity 9193K, committed 9216K, reserved 1048576K
2022-09-12T02:22:28.528+0800: 111.446: [GC pause (G1 Evacuation Pause) (young) 192M->42208K(256M), 0.0054920 secs]
Heap after GC invocations=101 (full 0):
 garbage-first heap   total 262144K, used 42208K [0x00000000f0000000, 0x00000000f0100800, 0x0000000100000000)
  region size 1024K, 2 young (2048K), 2 survivors (2048K)
 Metaspace       used 64984K, capacity 69684K, committed 69888K, reserved 1110016K
  class space    used 8392K, capacity 9193K, committed 9216K, reserved 1048576K
}
{Heap before GC invocations=101 (full 0):
 garbage-first heap   total 262144K, used 196832K [0x00000000f0000000, 0x00000000f0100800, 0x0000000100000000)
  region size 1024K, 153 young (156672K), 2 survivors (2048K)
 Metaspace       used 64985K, capacity 69684K, committed 69888K, reserved 1110016K
  class space    used 8392K, capacity 9193K, committed 9216K, reserved 1048576K
2022-09-12T02:22:29.059+0800: 111.976: [GC pause (G1 Evacuation Pause) (young) 192M->42577K(256M), 0.0053643 secs]
Heap after GC invocations=102 (full 0):
 garbage-first heap   total 262144K, used 42577K [0x00000000f0000000, 0x00000000f0100800, 0x0000000100000000)
  region size 1024K, 2 young (2048K), 2 survivors (2048K)
 Metaspace       used 64985K, capacity 69684K, committed 69888K, reserved 1110016K
  class space    used 8392K, capacity 9193K, committed 9216K, reserved 1048576K
}
{Heap before GC invocations=102 (full 0):
 garbage-first heap   total 262144K, used 197201K [0x00000000f0000000, 0x00000000f0100800, 0x0000000100000000)
  region size 1024K, 153 young (156672K), 2 survivors (2048K)
 Metaspace       used 64985K, capacity 69684K, committed 69888K, reserved 1110016K
  class space    used 8392K, capacity 9193K, committed 9216K, reserved 1048576K
2022-09-12T02:22:29.589+0800: 112.507: [GC pause (G1 Evacuation Pause) (young) 192M->42636K(256M), 0.0052754 secs]
Heap after GC invocations=103 (full 0):
 garbage-first heap   total 262144K, used 42636K [0x00000000f0000000, 0x00000000f0100800, 0x0000000100000000)
  region size 1024K, 2 young (2048K), 2 survivors (2048K)
 Metaspace       used 64985K, capacity 69684K, committed 69888K, reserved 1110016K
  class space    used 8392K, capacity 9193K, committed 9216K, reserved 1048576K
}
{Heap before GC invocations=103 (full 0):
 garbage-first heap   total 262144K, used 197260K [0x00000000f0000000, 0x00000000f0100800, 0x0000000100000000)
  region size 1024K, 153 young (156672K), 2 survivors (2048K)
 Metaspace       used 64985K, capacity 69684K, committed 69888K, reserved 1110016K
  class space    used 8392K, capacity 9193K, committed 9216K, reserved 1048576K
2022-09-12T02:22:30.122+0800: 113.039: [GC pause (G1 Evacuation Pause) (young) 192M->42215K(256M), 0.0055994 secs]
Heap after GC invocations=104 (full 0):
 garbage-first heap   total 262144K, used 42215K [0x00000000f0000000, 0x00000000f0100800, 0x0000000100000000)
  region size 1024K, 2 young (2048K), 2 survivors (2048K)
 Metaspace       used 64985K, capacity 69684K, committed 69888K, reserved 1110016K
  class space    used 8392K, capacity 9193K, committed 9216K, reserved 1048576K
}
{Heap before GC invocations=104 (full 0):
 garbage-first heap   total 262144K, used 196839K [0x00000000f0000000, 0x00000000f0100800, 0x0000000100000000)
  region size 1024K, 153 young (156672K), 2 survivors (2048K)
 Metaspace       used 64985K, capacity 69684K, committed 69888K, reserved 1110016K
  class space    used 8392K, capacity 9193K, committed 9216K, reserved 1048576K
2022-09-12T02:22:30.651+0800: 113.569: [GC pause (G1 Evacuation Pause) (young) 192M->42576K(256M), 0.0052699 secs]
Heap after GC invocations=105 (full 0):
 garbage-first heap   total 262144K, used 42576K [0x00000000f0000000, 0x00000000f0100800, 0x0000000100000000)
  region size 1024K, 2 young (2048K), 2 survivors (2048K)
 Metaspace       used 64985K, capacity 69684K, committed 69888K, reserved 1110016K
  class space    used 8392K, capacity 9193K, committed 9216K, reserved 1048576K
}
{Heap before GC invocations=105 (full 0):
 garbage-first heap   total 262144K, used 197200K [0x00000000f0000000, 0x00000000f0100800, 0x0000000100000000)
  region size 1024K, 153 young (156672K), 2 survivors (2048K)
 Metaspace       used 64985K, capacity 69684K, committed 69888K, reserved 1110016K
  class space    used 8392K, capacity 9193K, committed 9216K, reserved 1048576K
2022-09-12T02:22:31.182+0800: 114.100: [GC pause (G1 Evacuation Pause) (young) 192M->42633K(256M), 0.0055558 secs]
Heap after GC invocations=106 (full 0):
 garbage-first heap   total 262144K, used 42633K [0x00000000f0000000, 0x00000000f0100800, 0x0000000100000000)
  region size 1024K, 2 young (2048K), 2 survivors (2048K)
 Metaspace       used 64985K, capacity 69684K, committed 69888K, reserved 1110016K
  class space    used 8392K, capacity 9193K, committed 9216K, reserved 1048576K
}
{Heap before GC invocations=106 (full 0):
 garbage-first heap   total 262144K, used 197257K [0x00000000f0000000, 0x00000000f0100800, 0x0000000100000000)
  region size 1024K, 153 young (156672K), 2 survivors (2048K)
 Metaspace       used 64985K, capacity 69684K, committed 69888K, reserved 1110016K
  class space    used 8392K, capacity 9193K, committed 9216K, reserved 1048576K
2022-09-12T02:22:31.722+0800: 114.640: [GC pause (G1 Evacuation Pause) (young) 192M->42209K(256M), 0.0053540 secs]
Heap after GC invocations=107 (full 0):
 garbage-first heap   total 262144K, used 42209K [0x00000000f0000000, 0x00000000f0100800, 0x0000000100000000)
  region size 1024K, 2 young (2048K), 2 survivors (2048K)
 Metaspace       used 64985K, capacity 69684K, committed 69888K, reserved 1110016K
  class space    used 8392K, capacity 9193K, committed 9216K, reserved 1048576K
}
{Heap before GC invocations=107 (full 0):
 garbage-first heap   total 262144K, used 196833K [0x00000000f0000000, 0x00000000f0100800, 0x0000000100000000)
  region size 1024K, 153 young (156672K), 2 survivors (2048K)
 Metaspace       used 64985K, capacity 69684K, committed 69888K, reserved 1110016K
  class space    used 8392K, capacity 9193K, committed 9216K, reserved 1048576K
2022-09-12T02:22:32.254+0800: 115.172: [GC pause (G1 Evacuation Pause) (young) 192M->42566K(256M), 0.0052683 secs]
Heap after GC invocations=108 (full 0):
 garbage-first heap   total 262144K, used 42566K [0x00000000f0000000, 0x00000000f0100800, 0x0000000100000000)
  region size 1024K, 2 young (2048K), 2 survivors (2048K)
 Metaspace       used 64985K, capacity 69684K, committed 69888K, reserved 1110016K
  class space    used 8392K, capacity 9193K, committed 9216K, reserved 1048576K
}
{Heap before GC invocations=108 (full 0):
 garbage-first heap   total 262144K, used 197190K [0x00000000f0000000, 0x00000000f0100800, 0x0000000100000000)
  region size 1024K, 153 young (156672K), 2 survivors (2048K)
 Metaspace       used 64987K, capacity 69684K, committed 69888K, reserved 1110016K
  class space    used 8392K, capacity 9193K, committed 9216K, reserved 1048576K
2022-09-12T02:22:32.785+0800: 115.703: [GC pause (G1 Evacuation Pause) (young) 192M->42629K(256M), 0.0053023 secs]
Heap after GC invocations=109 (full 0):
 garbage-first heap   total 262144K, used 42629K [0x00000000f0000000, 0x00000000f0100800, 0x0000000100000000)
  region size 1024K, 2 young (2048K), 2 survivors (2048K)
 Metaspace       used 64987K, capacity 69684K, committed 69888K, reserved 1110016K
  class space    used 8392K, capacity 9193K, committed 9216K, reserved 1048576K
}
{Heap before GC invocations=109 (full 0):
 garbage-first heap   total 262144K, used 197253K [0x00000000f0000000, 0x00000000f0100800, 0x0000000100000000)
  region size 1024K, 153 young (156672K), 2 survivors (2048K)
 Metaspace       used 64987K, capacity 69684K, committed 69888K, reserved 1110016K
  class space    used 8392K, capacity 9193K, committed 9216K, reserved 1048576K
2022-09-12T02:22:33.316+0800: 116.234: [GC pause (G1 Evacuation Pause) (young) 192M->42368K(256M), 0.0054681 secs]
Heap after GC invocations=110 (full 0):
 garbage-first heap   total 262144K, used 42368K [0x00000000f0000000, 0x00000000f0100800, 0x0000000100000000)
  region size 1024K, 2 young (2048K), 2 survivors (2048K)
 Metaspace       used 64987K, capacity 69684K, committed 69888K, reserved 1110016K
  class space    used 8392K, capacity 9193K, committed 9216K, reserved 1048576K
}
{Heap before GC invocations=110 (full 0):
 garbage-first heap   total 262144K, used 196992K [0x00000000f0000000, 0x00000000f0100800, 0x0000000100000000)
  region size 1024K, 153 young (156672K), 2 survivors (2048K)
 Metaspace       used 64987K, capacity 69684K, committed 69888K, reserved 1110016K
  class space    used 8392K, capacity 9193K, committed 9216K, reserved 1048576K
2022-09-12T02:22:33.847+0800: 116.765: [GC pause (G1 Evacuation Pause) (young) 192M->42590K(256M), 0.0053688 secs]
Heap after GC invocations=111 (full 0):
 garbage-first heap   total 262144K, used 42590K [0x00000000f0000000, 0x00000000f0100800, 0x0000000100000000)
  region size 1024K, 2 young (2048K), 2 survivors (2048K)
 Metaspace       used 64987K, capacity 69684K, committed 69888K, reserved 1110016K
  class space    used 8392K, capacity 9193K, committed 9216K, reserved 1048576K
}
{Heap before GC invocations=111 (full 0):
 garbage-first heap   total 262144K, used 197214K [0x00000000f0000000, 0x00000000f0100800, 0x0000000100000000)
  region size 1024K, 153 young (156672K), 2 survivors (2048K)
 Metaspace       used 64987K, capacity 69684K, committed 69888K, reserved 1110016K
  class space    used 8392K, capacity 9193K, committed 9216K, reserved 1048576K
2022-09-12T02:22:34.377+0800: 117.295: [GC pause (G1 Evacuation Pause) (young) 192M->42645K(256M), 0.0054112 secs]
Heap after GC invocations=112 (full 0):
 garbage-first heap   total 262144K, used 42645K [0x00000000f0000000, 0x00000000f0100800, 0x0000000100000000)
  region size 1024K, 2 young (2048K), 2 survivors (2048K)
 Metaspace       used 64987K, capacity 69684K, committed 69888K, reserved 1110016K
  class space    used 8392K, capacity 9193K, committed 9216K, reserved 1048576K
}
{Heap before GC invocations=112 (full 0):
 garbage-first heap   total 262144K, used 197269K [0x00000000f0000000, 0x00000000f0100800, 0x0000000100000000)
  region size 1024K, 153 young (156672K), 2 survivors (2048K)
 Metaspace       used 64987K, capacity 69684K, committed 69888K, reserved 1110016K
  class space    used 8392K, capacity 9193K, committed 9216K, reserved 1048576K
2022-09-12T02:22:34.909+0800: 117.826: [GC pause (G1 Evacuation Pause) (young) 192M->42224K(256M), 0.0054005 secs]
Heap after GC invocations=113 (full 0):
 garbage-first heap   total 262144K, used 42224K [0x00000000f0000000, 0x00000000f0100800, 0x0000000100000000)
  region size 1024K, 2 young (2048K), 2 survivors (2048K)
 Metaspace       used 64987K, capacity 69684K, committed 69888K, reserved 1110016K
  class space    used 8392K, capacity 9193K, committed 9216K, reserved 1048576K
}
{Heap before GC invocations=113 (full 0):
 garbage-first heap   total 262144K, used 196848K [0x00000000f0000000, 0x00000000f0100800, 0x0000000100000000)
  region size 1024K, 153 young (156672K), 2 survivors (2048K)
 Metaspace       used 64987K, capacity 69684K, committed 69888K, reserved 1110016K
  class space    used 8392K, capacity 9193K, committed 9216K, reserved 1048576K
2022-09-12T02:22:35.440+0800: 118.358: [GC pause (G1 Evacuation Pause) (young) 192M->42592K(256M), 0.0053264 secs]
Heap after GC invocations=114 (full 0):
 garbage-first heap   total 262144K, used 42592K [0x00000000f0000000, 0x00000000f0100800, 0x0000000100000000)
  region size 1024K, 2 young (2048K), 2 survivors (2048K)
 Metaspace       used 64987K, capacity 69684K, committed 69888K, reserved 1110016K
  class space    used 8392K, capacity 9193K, committed 9216K, reserved 1048576K
}
{Heap before GC invocations=114 (full 0):
 garbage-first heap   total 262144K, used 197216K [0x00000000f0000000, 0x00000000f0100800, 0x0000000100000000)
  region size 1024K, 153 young (156672K), 2 survivors (2048K)
 Metaspace       used 64988K, capacity 69684K, committed 69888K, reserved 1110016K
  class space    used 8392K, capacity 9193K, committed 9216K, reserved 1048576K
2022-09-12T02:22:35.970+0800: 118.887: [GC pause (G1 Evacuation Pause) (young) 192M->42644K(256M), 0.0054094 secs]
Heap after GC invocations=115 (full 0):
 garbage-first heap   total 262144K, used 42644K [0x00000000f0000000, 0x00000000f0100800, 0x0000000100000000)
  region size 1024K, 2 young (2048K), 2 survivors (2048K)
 Metaspace       used 64988K, capacity 69684K, committed 69888K, reserved 1110016K
  class space    used 8392K, capacity 9193K, committed 9216K, reserved 1048576K
}
{Heap before GC invocations=115 (full 0):
 garbage-first heap   total 262144K, used 197268K [0x00000000f0000000, 0x00000000f0100800, 0x0000000100000000)
  region size 1024K, 153 young (156672K), 2 survivors (2048K)
 Metaspace       used 64988K, capacity 69684K, committed 69888K, reserved 1110016K
  class space    used 8392K, capacity 9193K, committed 9216K, reserved 1048576K
2022-09-12T02:22:36.502+0800: 119.420: [GC pause (G1 Evacuation Pause) (young) 192M->42220K(256M), 0.0053496 secs]
Heap after GC invocations=116 (full 0):
 garbage-first heap   total 262144K, used 42220K [0x00000000f0000000, 0x00000000f0100800, 0x0000000100000000)
  region size 1024K, 2 young (2048K), 2 survivors (2048K)
 Metaspace       used 64988K, capacity 69684K, committed 69888K, reserved 1110016K
  class space    used 8392K, capacity 9193K, committed 9216K, reserved 1048576K
}
{Heap before GC invocations=116 (full 0):
 garbage-first heap   total 262144K, used 196844K [0x00000000f0000000, 0x00000000f0100800, 0x0000000100000000)
  region size 1024K, 153 young (156672K), 2 survivors (2048K)
 Metaspace       used 64988K, capacity 69684K, committed 69888K, reserved 1110016K
  class space    used 8392K, capacity 9193K, committed 9216K, reserved 1048576K
2022-09-12T02:22:37.032+0800: 119.950: [GC pause (G1 Evacuation Pause) (young) 192M->42588K(256M), 0.0053030 secs]
Heap after GC invocations=117 (full 0):
 garbage-first heap   total 262144K, used 42588K [0x00000000f0000000, 0x00000000f0100800, 0x0000000100000000)
  region size 1024K, 2 young (2048K), 2 survivors (2048K)
 Metaspace       used 64988K, capacity 69684K, committed 69888K, reserved 1110016K
  class space    used 8392K, capacity 9193K, committed 9216K, reserved 1048576K
}
{Heap before GC invocations=117 (full 0):
 garbage-first heap   total 262144K, used 197212K [0x00000000f0000000, 0x00000000f0100800, 0x0000000100000000)
  region size 1024K, 153 young (156672K), 2 survivors (2048K)
 Metaspace       used 64988K, capacity 69684K, committed 69888K, reserved 1110016K
  class space    used 8392K, capacity 9193K, committed 9216K, reserved 1048576K
2022-09-12T02:22:37.564+0800: 120.482: [GC pause (G1 Evacuation Pause) (young) 192M->42646K(256M), 0.0053990 secs]
Heap after GC invocations=118 (full 0):
 garbage-first heap   total 262144K, used 42646K [0x00000000f0000000, 0x00000000f0100800, 0x0000000100000000)
  region size 1024K, 2 young (2048K), 2 survivors (2048K)
 Metaspace       used 64988K, capacity 69684K, committed 69888K, reserved 1110016K
  class space    used 8392K, capacity 9193K, committed 9216K, reserved 1048576K
}
{Heap before GC invocations=118 (full 0):
 garbage-first heap   total 262144K, used 197270K [0x00000000f0000000, 0x00000000f0100800, 0x0000000100000000)
  region size 1024K, 153 young (156672K), 2 survivors (2048K)
 Metaspace       used 64988K, capacity 69684K, committed 69888K, reserved 1110016K
  class space    used 8392K, capacity 9193K, committed 9216K, reserved 1048576K
2022-09-12T02:22:38.097+0800: 121.014: [GC pause (G1 Evacuation Pause) (young) 192M->42223K(256M), 0.0051182 secs]
Heap after GC invocations=119 (full 0):
 garbage-first heap   total 262144K, used 42223K [0x00000000f0000000, 0x00000000f0100800, 0x0000000100000000)
  region size 1024K, 2 young (2048K), 2 survivors (2048K)
 Metaspace       used 64988K, capacity 69684K, committed 69888K, reserved 1110016K
  class space    used 8392K, capacity 9193K, committed 9216K, reserved 1048576K
}
{Heap before GC invocations=119 (full 0):
 garbage-first heap   total 262144K, used 196847K [0x00000000f0000000, 0x00000000f0100800, 0x0000000100000000)
  region size 1024K, 153 young (156672K), 2 survivors (2048K)
 Metaspace       used 64988K, capacity 69684K, committed 69888K, reserved 1110016K
  class space    used 8392K, capacity 9193K, committed 9216K, reserved 1048576K
2022-09-12T02:22:38.627+0800: 121.545: [GC pause (G1 Evacuation Pause) (young) 192M->42558K(256M), 0.0053596 secs]
Heap after GC invocations=120 (full 0):
 garbage-first heap   total 262144K, used 42558K [0x00000000f0000000, 0x00000000f0100800, 0x0000000100000000)
  region size 1024K, 2 young (2048K), 2 survivors (2048K)
 Metaspace       used 64988K, capacity 69684K, committed 69888K, reserved 1110016K
  class space    used 8392K, capacity 9193K, committed 9216K, reserved 1048576K
}
{Heap before GC invocations=120 (full 0):
 garbage-first heap   total 262144K, used 197182K [0x00000000f0000000, 0x00000000f0100800, 0x0000000100000000)
  region size 1024K, 153 young (156672K), 2 survivors (2048K)
 Metaspace       used 64988K, capacity 69684K, committed 69888K, reserved 1110016K
  class space    used 8392K, capacity 9193K, committed 9216K, reserved 1048576K
2022-09-12T02:22:39.156+0800: 122.074: [GC pause (G1 Evacuation Pause) (young) 192M->42638K(256M), 0.0052535 secs]
Heap after GC invocations=121 (full 0):
 garbage-first heap   total 262144K, used 42638K [0x00000000f0000000, 0x00000000f0100800, 0x0000000100000000)
  region size 1024K, 2 young (2048K), 2 survivors (2048K)
 Metaspace       used 64988K, capacity 69684K, committed 69888K, reserved 1110016K
  class space    used 8392K, capacity 9193K, committed 9216K, reserved 1048576K
}
{Heap before GC invocations=121 (full 0):
 garbage-first heap   total 262144K, used 197262K [0x00000000f0000000, 0x00000000f0100800, 0x0000000100000000)
  region size 1024K, 153 young (156672K), 2 survivors (2048K)
 Metaspace       used 64988K, capacity 69684K, committed 69888K, reserved 1110016K
  class space    used 8392K, capacity 9193K, committed 9216K, reserved 1048576K
2022-09-12T02:22:39.688+0800: 122.606: [GC pause (G1 Evacuation Pause) (young) 192M->42371K(256M), 0.0053305 secs]
Heap after GC invocations=122 (full 0):
 garbage-first heap   total 262144K, used 42371K [0x00000000f0000000, 0x00000000f0100800, 0x0000000100000000)
  region size 1024K, 2 young (2048K), 2 survivors (2048K)
 Metaspace       used 64988K, capacity 69684K, committed 69888K, reserved 1110016K
  class space    used 8392K, capacity 9193K, committed 9216K, reserved 1048576K
}
{Heap before GC invocations=122 (full 0):
 garbage-first heap   total 262144K, used 196995K [0x00000000f0000000, 0x00000000f0100800, 0x0000000100000000)
  region size 1024K, 153 young (156672K), 2 survivors (2048K)
 Metaspace       used 64988K, capacity 69684K, committed 69888K, reserved 1110016K
  class space    used 8392K, capacity 9193K, committed 9216K, reserved 1048576K
2022-09-12T02:22:40.218+0800: 123.136: [GC pause (G1 Evacuation Pause) (young) 192M->42598K(256M), 0.0054102 secs]
Heap after GC invocations=123 (full 0):
 garbage-first heap   total 262144K, used 42598K [0x00000000f0000000, 0x00000000f0100800, 0x0000000100000000)
  region size 1024K, 2 young (2048K), 2 survivors (2048K)
 Metaspace       used 64988K, capacity 69684K, committed 69888K, reserved 1110016K
  class space    used 8392K, capacity 9193K, committed 9216K, reserved 1048576K
}
{Heap before GC invocations=123 (full 0):
 garbage-first heap   total 262144K, used 197222K [0x00000000f0000000, 0x00000000f0100800, 0x0000000100000000)
  region size 1024K, 153 young (156672K), 2 survivors (2048K)
 Metaspace       used 64988K, capacity 69684K, committed 69888K, reserved 1110016K
  class space    used 8392K, capacity 9193K, committed 9216K, reserved 1048576K
2022-09-12T02:22:40.748+0800: 123.666: [GC pause (G1 Evacuation Pause) (young) 192M->42638K(256M), 0.0054426 secs]
Heap after GC invocations=124 (full 0):
 garbage-first heap   total 262144K, used 42638K [0x00000000f0000000, 0x00000000f0100800, 0x0000000100000000)
  region size 1024K, 2 young (2048K), 2 survivors (2048K)
 Metaspace       used 64988K, capacity 69684K, committed 69888K, reserved 1110016K
  class space    used 8392K, capacity 9193K, committed 9216K, reserved 1048576K
}
{Heap before GC invocations=124 (full 0):
 garbage-first heap   total 262144K, used 197262K [0x00000000f0000000, 0x00000000f0100800, 0x0000000100000000)
  region size 1024K, 153 young (156672K), 2 survivors (2048K)
 Metaspace       used 64988K, capacity 69684K, committed 69888K, reserved 1110016K
  class space    used 8392K, capacity 9193K, committed 9216K, reserved 1048576K
2022-09-12T02:22:41.281+0800: 124.199: [GC pause (G1 Evacuation Pause) (young) 192M->42221K(256M), 0.0053214 secs]
Heap after GC invocations=125 (full 0):
 garbage-first heap   total 262144K, used 42221K [0x00000000f0000000, 0x00000000f0100800, 0x0000000100000000)
  region size 1024K, 2 young (2048K), 2 survivors (2048K)
 Metaspace       used 64988K, capacity 69684K, committed 69888K, reserved 1110016K
  class space    used 8392K, capacity 9193K, committed 9216K, reserved 1048576K
}
{Heap before GC invocations=125 (full 0):
 garbage-first heap   total 262144K, used 196845K [0x00000000f0000000, 0x00000000f0100800, 0x0000000100000000)
  region size 1024K, 153 young (156672K), 2 survivors (2048K)
 Metaspace       used 64994K, capacity 69684K, committed 69888K, reserved 1110016K
  class space    used 8392K, capacity 9193K, committed 9216K, reserved 1048576K
2022-09-12T02:22:41.818+0800: 124.736: [GC pause (G1 Evacuation Pause) (young) 192M->42581K(256M), 0.0053445 secs]
Heap after GC invocations=126 (full 0):
 garbage-first heap   total 262144K, used 42581K [0x00000000f0000000, 0x00000000f0100800, 0x0000000100000000)
  region size 1024K, 2 young (2048K), 2 survivors (2048K)
 Metaspace       used 64994K, capacity 69684K, committed 69888K, reserved 1110016K
  class space    used 8392K, capacity 9193K, committed 9216K, reserved 1048576K
}
{Heap before GC invocations=126 (full 0):
 garbage-first heap   total 262144K, used 197205K [0x00000000f0000000, 0x00000000f0100800, 0x0000000100000000)
  region size 1024K, 153 young (156672K), 2 survivors (2048K)
 Metaspace       used 64994K, capacity 69684K, committed 69888K, reserved 1110016K
  class space    used 8392K, capacity 9193K, committed 9216K, reserved 1048576K
2022-09-12T02:22:42.350+0800: 125.267: [GC pause (G1 Evacuation Pause) (young) 192M->42629K(256M), 0.0053509 secs]
Heap after GC invocations=127 (full 0):
 garbage-first heap   total 262144K, used 42629K [0x00000000f0000000, 0x00000000f0100800, 0x0000000100000000)
  region size 1024K, 2 young (2048K), 2 survivors (2048K)
 Metaspace       used 64994K, capacity 69684K, committed 69888K, reserved 1110016K
  class space    used 8392K, capacity 9193K, committed 9216K, reserved 1048576K
}
{Heap before GC invocations=127 (full 0):
 garbage-first heap   total 262144K, used 197253K [0x00000000f0000000, 0x00000000f0100800, 0x0000000100000000)
  region size 1024K, 153 young (156672K), 2 survivors (2048K)
 Metaspace       used 64994K, capacity 69684K, committed 69888K, reserved 1110016K
  class space    used 8392K, capacity 9193K, committed 9216K, reserved 1048576K
2022-09-12T02:22:42.882+0800: 125.800: [GC pause (G1 Evacuation Pause) (young) 192M->42656K(256M), 0.0053121 secs]
Heap after GC invocations=128 (full 0):
 garbage-first heap   total 262144K, used 42656K [0x00000000f0000000, 0x00000000f0100800, 0x0000000100000000)
  region size 1024K, 2 young (2048K), 2 survivors (2048K)
 Metaspace       used 64994K, capacity 69684K, committed 69888K, reserved 1110016K
  class space    used 8392K, capacity 9193K, committed 9216K, reserved 1048576K
}
{Heap before GC invocations=128 (full 0):
 garbage-first heap   total 262144K, used 197280K [0x00000000f0000000, 0x00000000f0100800, 0x0000000100000000)
  region size 1024K, 153 young (156672K), 2 survivors (2048K)
 Metaspace       used 64994K, capacity 69684K, committed 69888K, reserved 1110016K
  class space    used 8392K, capacity 9193K, committed 9216K, reserved 1048576K
2022-09-12T02:22:43.415+0800: 126.333: [GC pause (G1 Evacuation Pause) (young) 192M->42219K(256M), 0.0052596 secs]
Heap after GC invocations=129 (full 0):
 garbage-first heap   total 262144K, used 42219K [0x00000000f0000000, 0x00000000f0100800, 0x0000000100000000)
  region size 1024K, 2 young (2048K), 2 survivors (2048K)
 Metaspace       used 64994K, capacity 69684K, committed 69888K, reserved 1110016K
  class space    used 8392K, capacity 9193K, committed 9216K, reserved 1048576K
}
{Heap before GC invocations=129 (full 0):
 garbage-first heap   total 262144K, used 196843K [0x00000000f0000000, 0x00000000f0100800, 0x0000000100000000)
  region size 1024K, 153 young (156672K), 2 survivors (2048K)
 Metaspace       used 64994K, capacity 69684K, committed 69888K, reserved 1110016K
  class space    used 8392K, capacity 9193K, committed 9216K, reserved 1048576K
2022-09-12T02:22:43.944+0800: 126.862: [GC pause (G1 Evacuation Pause) (young) 192M->42578K(256M), 0.0053475 secs]
Heap after GC invocations=130 (full 0):
 garbage-first heap   total 262144K, used 42578K [0x00000000f0000000, 0x00000000f0100800, 0x0000000100000000)
  region size 1024K, 2 young (2048K), 2 survivors (2048K)
 Metaspace       used 64994K, capacity 69684K, committed 69888K, reserved 1110016K
  class space    used 8392K, capacity 9193K, committed 9216K, reserved 1048576K
}
{Heap before GC invocations=130 (full 0):
 garbage-first heap   total 262144K, used 197202K [0x00000000f0000000, 0x00000000f0100800, 0x0000000100000000)
  region size 1024K, 153 young (156672K), 2 survivors (2048K)
 Metaspace       used 64994K, capacity 69684K, committed 69888K, reserved 1110016K
  class space    used 8392K, capacity 9193K, committed 9216K, reserved 1048576K
2022-09-12T02:22:44.476+0800: 127.394: [GC pause (G1 Evacuation Pause) (young) 192M->42644K(256M), 0.0053523 secs]
Heap after GC invocations=131 (full 0):
 garbage-first heap   total 262144K, used 42644K [0x00000000f0000000, 0x00000000f0100800, 0x0000000100000000)
  region size 1024K, 2 young (2048K), 2 survivors (2048K)
 Metaspace       used 64994K, capacity 69684K, committed 69888K, reserved 1110016K
  class space    used 8392K, capacity 9193K, committed 9216K, reserved 1048576K
}
{Heap before GC invocations=131 (full 0):
 garbage-first heap   total 262144K, used 197268K [0x00000000f0000000, 0x00000000f0100800, 0x0000000100000000)
  region size 1024K, 153 young (156672K), 2 survivors (2048K)
 Metaspace       used 64998K, capacity 69684K, committed 69888K, reserved 1110016K
  class space    used 8392K, capacity 9193K, committed 9216K, reserved 1048576K
2022-09-12T02:22:45.007+0800: 127.925: [GC pause (G1 Evacuation Pause) (young) 192M->42222K(256M), 0.0053114 secs]
Heap after GC invocations=132 (full 0):
 garbage-first heap   total 262144K, used 42222K [0x00000000f0000000, 0x00000000f0100800, 0x0000000100000000)
  region size 1024K, 2 young (2048K), 2 survivors (2048K)
 Metaspace       used 64998K, capacity 69684K, committed 69888K, reserved 1110016K
  class space    used 8392K, capacity 9193K, committed 9216K, reserved 1048576K
}
{Heap before GC invocations=132 (full 0):
 garbage-first heap   total 262144K, used 196846K [0x00000000f0000000, 0x00000000f0100800, 0x0000000100000000)
  region size 1024K, 153 young (156672K), 2 survivors (2048K)
 Metaspace       used 64998K, capacity 69684K, committed 69888K, reserved 1110016K
  class space    used 8392K, capacity 9193K, committed 9216K, reserved 1048576K
2022-09-12T02:22:45.538+0800: 128.456: [GC pause (G1 Evacuation Pause) (young) 192M->42574K(256M), 0.0054969 secs]
Heap after GC invocations=133 (full 0):
 garbage-first heap   total 262144K, used 42574K [0x00000000f0000000, 0x00000000f0100800, 0x0000000100000000)
  region size 1024K, 2 young (2048K), 2 survivors (2048K)
 Metaspace       used 64998K, capacity 69684K, committed 69888K, reserved 1110016K
  class space    used 8392K, capacity 9193K, committed 9216K, reserved 1048576K
}
{Heap before GC invocations=133 (full 0):
 garbage-first heap   total 262144K, used 197198K [0x00000000f0000000, 0x00000000f0100800, 0x0000000100000000)
  region size 1024K, 153 young (156672K), 2 survivors (2048K)
 Metaspace       used 64999K, capacity 69684K, committed 69888K, reserved 1110016K
  class space    used 8392K, capacity 9193K, committed 9216K, reserved 1048576K
2022-09-12T02:22:46.068+0800: 128.986: [GC pause (G1 Evacuation Pause) (young) 192M->42634K(256M), 0.0054610 secs]
Heap after GC invocations=134 (full 0):
 garbage-first heap   total 262144K, used 42634K [0x00000000f0000000, 0x00000000f0100800, 0x0000000100000000)
  region size 1024K, 2 young (2048K), 2 survivors (2048K)
 Metaspace       used 64999K, capacity 69684K, committed 69888K, reserved 1110016K
  class space    used 8392K, capacity 9193K, committed 9216K, reserved 1048576K
}
{Heap before GC invocations=134 (full 0):
 garbage-first heap   total 262144K, used 197258K [0x00000000f0000000, 0x00000000f0100800, 0x0000000100000000)
  region size 1024K, 153 young (156672K), 2 survivors (2048K)
 Metaspace       used 64999K, capacity 69684K, committed 69888K, reserved 1110016K
  class space    used 8392K, capacity 9193K, committed 9216K, reserved 1048576K
2022-09-12T02:22:46.608+0800: 129.526: [GC pause (G1 Evacuation Pause) (young) 192M->42219K(256M), 0.0053610 secs]
Heap after GC invocations=135 (full 0):
 garbage-first heap   total 262144K, used 42219K [0x00000000f0000000, 0x00000000f0100800, 0x0000000100000000)
  region size 1024K, 2 young (2048K), 2 survivors (2048K)
 Metaspace       used 64999K, capacity 69684K, committed 69888K, reserved 1110016K
  class space    used 8392K, capacity 9193K, committed 9216K, reserved 1048576K
}
{Heap before GC invocations=135 (full 0):
 garbage-first heap   total 262144K, used 196843K [0x00000000f0000000, 0x00000000f0100800, 0x0000000100000000)
  region size 1024K, 153 young (156672K), 2 survivors (2048K)
 Metaspace       used 64999K, capacity 69684K, committed 69888K, reserved 1110016K
  class space    used 8392K, capacity 9193K, committed 9216K, reserved 1048576K
2022-09-12T02:22:47.138+0800: 130.056: [GC pause (G1 Evacuation Pause) (young) 192M->42588K(256M), 0.0055692 secs]
Heap after GC invocations=136 (full 0):
 garbage-first heap   total 262144K, used 42588K [0x00000000f0000000, 0x00000000f0100800, 0x0000000100000000)
  region size 1024K, 2 young (2048K), 2 survivors (2048K)
 Metaspace       used 64999K, capacity 69684K, committed 69888K, reserved 1110016K
  class space    used 8392K, capacity 9193K, committed 9216K, reserved 1048576K
}
{Heap before GC invocations=136 (full 0):
 garbage-first heap   total 262144K, used 197212K [0x00000000f0000000, 0x00000000f0100800, 0x0000000100000000)
  region size 1024K, 153 young (156672K), 2 survivors (2048K)
 Metaspace       used 64999K, capacity 69684K, committed 69888K, reserved 1110016K
  class space    used 8392K, capacity 9193K, committed 9216K, reserved 1048576K
2022-09-12T02:22:47.670+0800: 130.588: [GC pause (G1 Evacuation Pause) (young) 192M->42641K(256M), 0.0054512 secs]
Heap after GC invocations=137 (full 0):
 garbage-first heap   total 262144K, used 42641K [0x00000000f0000000, 0x00000000f0100800, 0x0000000100000000)
  region size 1024K, 2 young (2048K), 2 survivors (2048K)
 Metaspace       used 64999K, capacity 69684K, committed 69888K, reserved 1110016K
  class space    used 8392K, capacity 9193K, committed 9216K, reserved 1048576K
}
{Heap before GC invocations=137 (full 0):
 garbage-first heap   total 262144K, used 197265K [0x00000000f0000000, 0x00000000f0100800, 0x0000000100000000)
  region size 1024K, 153 young (156672K), 2 survivors (2048K)
 Metaspace       used 64999K, capacity 69684K, committed 69888K, reserved 1110016K
  class space    used 8392K, capacity 9193K, committed 9216K, reserved 1048576K
2022-09-12T02:22:48.200+0800: 131.118: [GC pause (G1 Evacuation Pause) (young) 192M->42224K(256M), 0.0053811 secs]
Heap after GC invocations=138 (full 0):
 garbage-first heap   total 262144K, used 42224K [0x00000000f0000000, 0x00000000f0100800, 0x0000000100000000)
  region size 1024K, 2 young (2048K), 2 survivors (2048K)
 Metaspace       used 64999K, capacity 69684K, committed 69888K, reserved 1110016K
  class space    used 8392K, capacity 9193K, committed 9216K, reserved 1048576K
}
{Heap before GC invocations=138 (full 0):
 garbage-first heap   total 262144K, used 196848K [0x00000000f0000000, 0x00000000f0100800, 0x0000000100000000)
  region size 1024K, 153 young (156672K), 2 survivors (2048K)
 Metaspace       used 64999K, capacity 69684K, committed 69888K, reserved 1110016K
  class space    used 8392K, capacity 9193K, committed 9216K, reserved 1048576K
2022-09-12T02:22:48.732+0800: 131.650: [GC pause (G1 Evacuation Pause) (young) 192M->42586K(256M), 0.0054764 secs]
Heap after GC invocations=139 (full 0):
 garbage-first heap   total 262144K, used 42586K [0x00000000f0000000, 0x00000000f0100800, 0x0000000100000000)
  region size 1024K, 2 young (2048K), 2 survivors (2048K)
 Metaspace       used 64999K, capacity 69684K, committed 69888K, reserved 1110016K
  class space    used 8392K, capacity 9193K, committed 9216K, reserved 1048576K
}
{Heap before GC invocations=139 (full 0):
 garbage-first heap   total 262144K, used 197210K [0x00000000f0000000, 0x00000000f0100800, 0x0000000100000000)
  region size 1024K, 153 young (156672K), 2 survivors (2048K)
 Metaspace       used 64999K, capacity 69684K, committed 69888K, reserved 1110016K
  class space    used 8392K, capacity 9193K, committed 9216K, reserved 1048576K
2022-09-12T02:22:49.264+0800: 132.182: [GC pause (G1 Evacuation Pause) (young) 192M->42651K(256M), 0.0052914 secs]
Heap after GC invocations=140 (full 0):
 garbage-first heap   total 262144K, used 42651K [0x00000000f0000000, 0x00000000f0100800, 0x0000000100000000)
  region size 1024K, 2 young (2048K), 2 survivors (2048K)
 Metaspace       used 64999K, capacity 69684K, committed 69888K, reserved 1110016K
  class space    used 8392K, capacity 9193K, committed 9216K, reserved 1048576K
}
{Heap before GC invocations=140 (full 0):
 garbage-first heap   total 262144K, used 197275K [0x00000000f0000000, 0x00000000f0100800, 0x0000000100000000)
  region size 1024K, 153 young (156672K), 2 survivors (2048K)
 Metaspace       used 64999K, capacity 69684K, committed 69888K, reserved 1110016K
  class space    used 8392K, capacity 9193K, committed 9216K, reserved 1048576K
2022-09-12T02:22:49.795+0800: 132.713: [GC pause (G1 Evacuation Pause) (young) 192M->42230K(256M), 0.0053502 secs]
Heap after GC invocations=141 (full 0):
 garbage-first heap   total 262144K, used 42230K [0x00000000f0000000, 0x00000000f0100800, 0x0000000100000000)
  region size 1024K, 2 young (2048K), 2 survivors (2048K)
 Metaspace       used 64999K, capacity 69684K, committed 69888K, reserved 1110016K
  class space    used 8392K, capacity 9193K, committed 9216K, reserved 1048576K
}
{Heap before GC invocations=141 (full 0):
 garbage-first heap   total 262144K, used 196854K [0x00000000f0000000, 0x00000000f0100800, 0x0000000100000000)
  region size 1024K, 153 young (156672K), 2 survivors (2048K)
 Metaspace       used 65000K, capacity 69684K, committed 69888K, reserved 1110016K
  class space    used 8392K, capacity 9193K, committed 9216K, reserved 1048576K
2022-09-12T02:22:50.327+0800: 133.245: [GC pause (G1 Evacuation Pause) (young) 192M->42584K(256M), 0.0053973 secs]
Heap after GC invocations=142 (full 0):
 garbage-first heap   total 262144K, used 42584K [0x00000000f0000000, 0x00000000f0100800, 0x0000000100000000)
  region size 1024K, 2 young (2048K), 2 survivors (2048K)
 Metaspace       used 65000K, capacity 69684K, committed 69888K, reserved 1110016K
  class space    used 8392K, capacity 9193K, committed 9216K, reserved 1048576K
}
{Heap before GC invocations=142 (full 0):
 garbage-first heap   total 262144K, used 197208K [0x00000000f0000000, 0x00000000f0100800, 0x0000000100000000)
  region size 1024K, 153 young (156672K), 2 survivors (2048K)
 Metaspace       used 65000K, capacity 69684K, committed 69888K, reserved 1110016K
  class space    used 8392K, capacity 9193K, committed 9216K, reserved 1048576K
2022-09-12T02:22:50.858+0800: 133.775: [GC pause (G1 Evacuation Pause) (young) 192M->42657K(256M), 0.0054779 secs]
Heap after GC invocations=143 (full 0):
 garbage-first heap   total 262144K, used 42657K [0x00000000f0000000, 0x00000000f0100800, 0x0000000100000000)
  region size 1024K, 2 young (2048K), 2 survivors (2048K)
 Metaspace       used 65000K, capacity 69684K, committed 69888K, reserved 1110016K
  class space    used 8392K, capacity 9193K, committed 9216K, reserved 1048576K
}
{Heap before GC invocations=143 (full 0):
 garbage-first heap   total 262144K, used 197281K [0x00000000f0000000, 0x00000000f0100800, 0x0000000100000000)
  region size 1024K, 153 young (156672K), 2 survivors (2048K)
 Metaspace       used 65000K, capacity 69684K, committed 69888K, reserved 1110016K
  class space    used 8392K, capacity 9193K, committed 9216K, reserved 1048576K
2022-09-12T02:22:51.392+0800: 134.310: [GC pause (G1 Evacuation Pause) (young) 192M->42234K(256M), 0.0052479 secs]
Heap after GC invocations=144 (full 0):
 garbage-first heap   total 262144K, used 42234K [0x00000000f0000000, 0x00000000f0100800, 0x0000000100000000)
  region size 1024K, 2 young (2048K), 2 survivors (2048K)
 Metaspace       used 65000K, capacity 69684K, committed 69888K, reserved 1110016K
  class space    used 8392K, capacity 9193K, committed 9216K, reserved 1048576K
}
{Heap before GC invocations=144 (full 0):
 garbage-first heap   total 262144K, used 196858K [0x00000000f0000000, 0x00000000f0100800, 0x0000000100000000)
  region size 1024K, 153 young (156672K), 2 survivors (2048K)
 Metaspace       used 65000K, capacity 69684K, committed 69888K, reserved 1110016K
  class space    used 8392K, capacity 9193K, committed 9216K, reserved 1048576K
2022-09-12T02:22:51.923+0800: 134.841: [GC pause (G1 Evacuation Pause) (young) 192M->42582K(256M), 0.0053490 secs]
Heap after GC invocations=145 (full 0):
 garbage-first heap   total 262144K, used 42582K [0x00000000f0000000, 0x00000000f0100800, 0x0000000100000000)
  region size 1024K, 2 young (2048K), 2 survivors (2048K)
 Metaspace       used 65000K, capacity 69684K, committed 69888K, reserved 1110016K
  class space    used 8392K, capacity 9193K, committed 9216K, reserved 1048576K
}
{Heap before GC invocations=145 (full 0):
 garbage-first heap   total 262144K, used 197206K [0x00000000f0000000, 0x00000000f0100800, 0x0000000100000000)
  region size 1024K, 153 young (156672K), 2 survivors (2048K)
 Metaspace       used 65000K, capacity 69684K, committed 69888K, reserved 1110016K
  class space    used 8392K, capacity 9193K, committed 9216K, reserved 1048576K
2022-09-12T02:22:52.457+0800: 135.375: [GC pause (G1 Evacuation Pause) (young) 192M->42658K(256M), 0.0055477 secs]
Heap after GC invocations=146 (full 0):
 garbage-first heap   total 262144K, used 42658K [0x00000000f0000000, 0x00000000f0100800, 0x0000000100000000)
  region size 1024K, 2 young (2048K), 2 survivors (2048K)
 Metaspace       used 65000K, capacity 69684K, committed 69888K, reserved 1110016K
  class space    used 8392K, capacity 9193K, committed 9216K, reserved 1048576K
}
{Heap before GC invocations=146 (full 0):
 garbage-first heap   total 262144K, used 197282K [0x00000000f0000000, 0x00000000f0100800, 0x0000000100000000)
  region size 1024K, 153 young (156672K), 2 survivors (2048K)
 Metaspace       used 65000K, capacity 69684K, committed 69888K, reserved 1110016K
  class space    used 8392K, capacity 9193K, committed 9216K, reserved 1048576K
2022-09-12T02:22:52.988+0800: 135.906: [GC pause (G1 Evacuation Pause) (young) 192M->42228K(256M), 0.0054124 secs]
Heap after GC invocations=147 (full 0):
 garbage-first heap   total 262144K, used 42228K [0x00000000f0000000, 0x00000000f0100800, 0x0000000100000000)
  region size 1024K, 2 young (2048K), 2 survivors (2048K)
 Metaspace       used 65000K, capacity 69684K, committed 69888K, reserved 1110016K
  class space    used 8392K, capacity 9193K, committed 9216K, reserved 1048576K
}
{Heap before GC invocations=147 (full 0):
 garbage-first heap   total 262144K, used 196852K [0x00000000f0000000, 0x00000000f0100800, 0x0000000100000000)
  region size 1024K, 153 young (156672K), 2 survivors (2048K)
 Metaspace       used 65000K, capacity 69684K, committed 69888K, reserved 1110016K
  class space    used 8392K, capacity 9193K, committed 9216K, reserved 1048576K
2022-09-12T02:22:53.522+0800: 136.440: [GC pause (G1 Evacuation Pause) (young) 192M->42588K(256M), 0.0054628 secs]
Heap after GC invocations=148 (full 0):
 garbage-first heap   total 262144K, used 42588K [0x00000000f0000000, 0x00000000f0100800, 0x0000000100000000)
  region size 1024K, 2 young (2048K), 2 survivors (2048K)
 Metaspace       used 65000K, capacity 69684K, committed 69888K, reserved 1110016K
  class space    used 8392K, capacity 9193K, committed 9216K, reserved 1048576K
}
{Heap before GC invocations=148 (full 0):
 garbage-first heap   total 262144K, used 197212K [0x00000000f0000000, 0x00000000f0100800, 0x0000000100000000)
  region size 1024K, 153 young (156672K), 2 survivors (2048K)
 Metaspace       used 65000K, capacity 69684K, committed 69888K, reserved 1110016K
  class space    used 8392K, capacity 9193K, committed 9216K, reserved 1048576K
2022-09-12T02:22:54.054+0800: 136.972: [GC pause (G1 Evacuation Pause) (young) 192M->42651K(256M), 0.0053832 secs]
Heap after GC invocations=149 (full 0):
 garbage-first heap   total 262144K, used 42651K [0x00000000f0000000, 0x00000000f0100800, 0x0000000100000000)
  region size 1024K, 2 young (2048K), 2 survivors (2048K)
 Metaspace       used 65000K, capacity 69684K, committed 69888K, reserved 1110016K
  class space    used 8392K, capacity 9193K, committed 9216K, reserved 1048576K
}
{Heap before GC invocations=149 (full 0):
 garbage-first heap   total 262144K, used 197275K [0x00000000f0000000, 0x00000000f0100800, 0x0000000100000000)
  region size 1024K, 153 young (156672K), 2 survivors (2048K)
 Metaspace       used 65000K, capacity 69684K, committed 69888K, reserved 1110016K
  class space    used 8392K, capacity 9193K, committed 9216K, reserved 1048576K
2022-09-12T02:22:54.589+0800: 137.507: [GC pause (G1 Evacuation Pause) (young) 192M->42227K(256M), 0.0053403 secs]
Heap after GC invocations=150 (full 0):
 garbage-first heap   total 262144K, used 42227K [0x00000000f0000000, 0x00000000f0100800, 0x0000000100000000)
  region size 1024K, 2 young (2048K), 2 survivors (2048K)
 Metaspace       used 65000K, capacity 69684K, committed 69888K, reserved 1110016K
  class space    used 8392K, capacity 9193K, committed 9216K, reserved 1048576K
}
{Heap before GC invocations=150 (full 0):
 garbage-first heap   total 262144K, used 196851K [0x00000000f0000000, 0x00000000f0100800, 0x0000000100000000)
  region size 1024K, 153 young (156672K), 2 survivors (2048K)
 Metaspace       used 65000K, capacity 69684K, committed 69888K, reserved 1110016K
  class space    used 8392K, capacity 9193K, committed 9216K, reserved 1048576K
2022-09-12T02:22:55.122+0800: 138.039: [GC pause (G1 Evacuation Pause) (young) 192M->42600K(256M), 0.0053004 secs]
Heap after GC invocations=151 (full 0):
 garbage-first heap   total 262144K, used 42600K [0x00000000f0000000, 0x00000000f0100800, 0x0000000100000000)
  region size 1024K, 2 young (2048K), 2 survivors (2048K)
 Metaspace       used 65000K, capacity 69684K, committed 69888K, reserved 1110016K
  class space    used 8392K, capacity 9193K, committed 9216K, reserved 1048576K
}
{Heap before GC invocations=151 (full 0):
 garbage-first heap   total 262144K, used 197224K [0x00000000f0000000, 0x00000000f0100800, 0x0000000100000000)
  region size 1024K, 153 young (156672K), 2 survivors (2048K)
 Metaspace       used 65001K, capacity 69684K, committed 69888K, reserved 1110016K
  class space    used 8392K, capacity 9193K, committed 9216K, reserved 1048576K
2022-09-12T02:22:55.659+0800: 138.577: [GC pause (G1 Evacuation Pause) (young) 192M->42642K(256M), 0.0054387 secs]
Heap after GC invocations=152 (full 0):
 garbage-first heap   total 262144K, used 42642K [0x00000000f0000000, 0x00000000f0100800, 0x0000000100000000)
  region size 1024K, 2 young (2048K), 2 survivors (2048K)
 Metaspace       used 65001K, capacity 69684K, committed 69888K, reserved 1110016K
  class space    used 8392K, capacity 9193K, committed 9216K, reserved 1048576K
}
{Heap before GC invocations=152 (full 0):
 garbage-first heap   total 262144K, used 197266K [0x00000000f0000000, 0x00000000f0100800, 0x0000000100000000)
  region size 1024K, 153 young (156672K), 2 survivors (2048K)
 Metaspace       used 65003K, capacity 69684K, committed 69888K, reserved 1110016K
  class space    used 8392K, capacity 9193K, committed 9216K, reserved 1048576K
2022-09-12T02:22:56.190+0800: 139.108: [GC pause (G1 Evacuation Pause) (young) 192M->42226K(256M), 0.0053780 secs]
Heap after GC invocations=153 (full 0):
 garbage-first heap   total 262144K, used 42226K [0x00000000f0000000, 0x00000000f0100800, 0x0000000100000000)
  region size 1024K, 2 young (2048K), 2 survivors (2048K)
 Metaspace       used 65003K, capacity 69684K, committed 69888K, reserved 1110016K
  class space    used 8392K, capacity 9193K, committed 9216K, reserved 1048576K
}
{Heap before GC invocations=153 (full 0):
 garbage-first heap   total 262144K, used 196850K [0x00000000f0000000, 0x00000000f0100800, 0x0000000100000000)
  region size 1024K, 153 young (156672K), 2 survivors (2048K)
 Metaspace       used 65007K, capacity 69684K, committed 69888K, reserved 1110016K
  class space    used 8392K, capacity 9193K, committed 9216K, reserved 1048576K
2022-09-12T02:22:56.724+0800: 139.642: [GC pause (G1 Evacuation Pause) (young) 192M->42600K(256M), 0.0111899 secs]
Heap after GC invocations=154 (full 0):
 garbage-first heap   total 262144K, used 42600K [0x00000000f0000000, 0x00000000f0100800, 0x0000000100000000)
  region size 1024K, 2 young (2048K), 2 survivors (2048K)
 Metaspace       used 65007K, capacity 69684K, committed 69888K, reserved 1110016K
  class space    used 8392K, capacity 9193K, committed 9216K, reserved 1048576K
}
{Heap before GC invocations=154 (full 0):
 garbage-first heap   total 262144K, used 197224K [0x00000000f0000000, 0x00000000f0100800, 0x0000000100000000)
  region size 1024K, 153 young (156672K), 2 survivors (2048K)
 Metaspace       used 65015K, capacity 69684K, committed 69888K, reserved 1110016K
  class space    used 8392K, capacity 9193K, committed 9216K, reserved 1048576K
2022-09-12T02:22:57.270+0800: 140.188: [GC pause (G1 Evacuation Pause) (young) 192M->42406K(256M), 0.0104280 secs]
Heap after GC invocations=155 (full 0):
 garbage-first heap   total 262144K, used 42406K [0x00000000f0000000, 0x00000000f0100800, 0x0000000100000000)
  region size 1024K, 2 young (2048K), 2 survivors (2048K)
 Metaspace       used 65015K, capacity 69684K, committed 69888K, reserved 1110016K
  class space    used 8392K, capacity 9193K, committed 9216K, reserved 1048576K
}
{Heap before GC invocations=155 (full 0):
 garbage-first heap   total 262144K, used 197030K [0x00000000f0000000, 0x00000000f0100800, 0x0000000100000000)
  region size 1024K, 153 young (156672K), 2 survivors (2048K)
 Metaspace       used 65015K, capacity 69684K, committed 69888K, reserved 1110016K
  class space    used 8392K, capacity 9193K, committed 9216K, reserved 1048576K
2022-09-12T02:22:57.810+0800: 140.728: [GC pause (G1 Evacuation Pause) (young) 192M->42663K(256M), 0.0053874 secs]
Heap after GC invocations=156 (full 0):
 garbage-first heap   total 262144K, used 42663K [0x00000000f0000000, 0x00000000f0100800, 0x0000000100000000)
  region size 1024K, 2 young (2048K), 2 survivors (2048K)
 Metaspace       used 65015K, capacity 69684K, committed 69888K, reserved 1110016K
  class space    used 8392K, capacity 9193K, committed 9216K, reserved 1048576K
}
{Heap before GC invocations=156 (full 0):
 garbage-first heap   total 262144K, used 197287K [0x00000000f0000000, 0x00000000f0100800, 0x0000000100000000)
  region size 1024K, 153 young (156672K), 2 survivors (2048K)
 Metaspace       used 65016K, capacity 69684K, committed 69888K, reserved 1110016K
  class space    used 8392K, capacity 9193K, committed 9216K, reserved 1048576K
2022-09-12T02:22:58.341+0800: 141.258: [GC pause (G1 Evacuation Pause) (young) 192M->42235K(256M), 0.0054967 secs]
Heap after GC invocations=157 (full 0):
 garbage-first heap   total 262144K, used 42235K [0x00000000f0000000, 0x00000000f0100800, 0x0000000100000000)
  region size 1024K, 2 young (2048K), 2 survivors (2048K)
 Metaspace       used 65016K, capacity 69684K, committed 69888K, reserved 1110016K
  class space    used 8392K, capacity 9193K, committed 9216K, reserved 1048576K
}
{Heap before GC invocations=157 (full 0):
 garbage-first heap   total 262144K, used 196859K [0x00000000f0000000, 0x00000000f0100800, 0x0000000100000000)
  region size 1024K, 153 young (156672K), 2 survivors (2048K)
 Metaspace       used 65016K, capacity 69684K, committed 69888K, reserved 1110016K
  class space    used 8392K, capacity 9193K, committed 9216K, reserved 1048576K
2022-09-12T02:22:58.872+0800: 141.790: [GC pause (G1 Evacuation Pause) (young) 192M->42601K(256M), 0.0054122 secs]
Heap after GC invocations=158 (full 0):
 garbage-first heap   total 262144K, used 42601K [0x00000000f0000000, 0x00000000f0100800, 0x0000000100000000)
  region size 1024K, 2 young (2048K), 2 survivors (2048K)
 Metaspace       used 65016K, capacity 69684K, committed 69888K, reserved 1110016K
  class space    used 8392K, capacity 9193K, committed 9216K, reserved 1048576K
}
{Heap before GC invocations=158 (full 0):
 garbage-first heap   total 262144K, used 197225K [0x00000000f0000000, 0x00000000f0100800, 0x0000000100000000)
  region size 1024K, 153 young (156672K), 2 survivors (2048K)
 Metaspace       used 65016K, capacity 69684K, committed 69888K, reserved 1110016K
  class space    used 8392K, capacity 9193K, committed 9216K, reserved 1048576K
2022-09-12T02:22:59.402+0800: 142.320: [GC pause (G1 Evacuation Pause) (young) 192M->42651K(256M), 0.0053686 secs]
Heap after GC invocations=159 (full 0):
 garbage-first heap   total 262144K, used 42651K [0x00000000f0000000, 0x00000000f0100800, 0x0000000100000000)
  region size 1024K, 2 young (2048K), 2 survivors (2048K)
 Metaspace       used 65016K, capacity 69684K, committed 69888K, reserved 1110016K
  class space    used 8392K, capacity 9193K, committed 9216K, reserved 1048576K
}
{Heap before GC invocations=159 (full 0):
 garbage-first heap   total 262144K, used 197275K [0x00000000f0000000, 0x00000000f0100800, 0x0000000100000000)
  region size 1024K, 153 young (156672K), 2 survivors (2048K)
 Metaspace       used 65016K, capacity 69684K, committed 69888K, reserved 1110016K
  class space    used 8392K, capacity 9193K, committed 9216K, reserved 1048576K
2022-09-12T02:22:59.935+0800: 142.853: [GC pause (G1 Evacuation Pause) (young) 192M->42232K(256M), 0.0053479 secs]
Heap after GC invocations=160 (full 0):
 garbage-first heap   total 262144K, used 42232K [0x00000000f0000000, 0x00000000f0100800, 0x0000000100000000)
  region size 1024K, 2 young (2048K), 2 survivors (2048K)
 Metaspace       used 65016K, capacity 69684K, committed 69888K, reserved 1110016K
  class space    used 8392K, capacity 9193K, committed 9216K, reserved 1048576K
}
{Heap before GC invocations=160 (full 0):
 garbage-first heap   total 262144K, used 196856K [0x00000000f0000000, 0x00000000f0100800, 0x0000000100000000)
  region size 1024K, 153 young (156672K), 2 survivors (2048K)
 Metaspace       used 65016K, capacity 69684K, committed 69888K, reserved 1110016K
  class space    used 8392K, capacity 9193K, committed 9216K, reserved 1048576K
2022-09-12T02:23:00.473+0800: 143.391: [GC pause (G1 Evacuation Pause) (young) 192M->42580K(256M), 0.0054013 secs]
Heap after GC invocations=161 (full 0):
 garbage-first heap   total 262144K, used 42580K [0x00000000f0000000, 0x00000000f0100800, 0x0000000100000000)
  region size 1024K, 2 young (2048K), 2 survivors (2048K)
 Metaspace       used 65016K, capacity 69684K, committed 69888K, reserved 1110016K
  class space    used 8392K, capacity 9193K, committed 9216K, reserved 1048576K
}
{Heap before GC invocations=161 (full 0):
 garbage-first heap   total 262144K, used 197204K [0x00000000f0000000, 0x00000000f0100800, 0x0000000100000000)
  region size 1024K, 153 young (156672K), 2 survivors (2048K)
 Metaspace       used 65016K, capacity 69684K, committed 69888K, reserved 1110016K
  class space    used 8392K, capacity 9193K, committed 9216K, reserved 1048576K
2022-09-12T02:23:01.011+0800: 143.929: [GC pause (G1 Evacuation Pause) (young) 192M->42650K(256M), 0.0055095 secs]
Heap after GC invocations=162 (full 0):
 garbage-first heap   total 262144K, used 42650K [0x00000000f0000000, 0x00000000f0100800, 0x0000000100000000)
  region size 1024K, 2 young (2048K), 2 survivors (2048K)
 Metaspace       used 65016K, capacity 69684K, committed 69888K, reserved 1110016K
  class space    used 8392K, capacity 9193K, committed 9216K, reserved 1048576K
}
{Heap before GC invocations=162 (full 0):
 garbage-first heap   total 262144K, used 197274K [0x00000000f0000000, 0x00000000f0100800, 0x0000000100000000)
  region size 1024K, 153 young (156672K), 2 survivors (2048K)
 Metaspace       used 65016K, capacity 69684K, committed 69888K, reserved 1110016K
  class space    used 8392K, capacity 9193K, committed 9216K, reserved 1048576K
2022-09-12T02:23:01.541+0800: 144.459: [GC pause (G1 Evacuation Pause) (young) 192M->42233K(256M), 0.0052487 secs]
Heap after GC invocations=163 (full 0):
 garbage-first heap   total 262144K, used 42233K [0x00000000f0000000, 0x00000000f0100800, 0x0000000100000000)
  region size 1024K, 2 young (2048K), 2 survivors (2048K)
 Metaspace       used 65016K, capacity 69684K, committed 69888K, reserved 1110016K
  class space    used 8392K, capacity 9193K, committed 9216K, reserved 1048576K
}
{Heap before GC invocations=163 (full 0):
 garbage-first heap   total 262144K, used 196857K [0x00000000f0000000, 0x00000000f0100800, 0x0000000100000000)
  region size 1024K, 153 young (156672K), 2 survivors (2048K)
 Metaspace       used 65016K, capacity 69684K, committed 69888K, reserved 1110016K
  class space    used 8392K, capacity 9193K, committed 9216K, reserved 1048576K
2022-09-12T02:23:02.071+0800: 144.989: [GC pause (G1 Evacuation Pause) (young) 192M->42587K(256M), 0.0054502 secs]
Heap after GC invocations=164 (full 0):
 garbage-first heap   total 262144K, used 42587K [0x00000000f0000000, 0x00000000f0100800, 0x0000000100000000)
  region size 1024K, 2 young (2048K), 2 survivors (2048K)
 Metaspace       used 65016K, capacity 69684K, committed 69888K, reserved 1110016K
  class space    used 8392K, capacity 9193K, committed 9216K, reserved 1048576K
}
{Heap before GC invocations=164 (full 0):
 garbage-first heap   total 262144K, used 197211K [0x00000000f0000000, 0x00000000f0100800, 0x0000000100000000)
  region size 1024K, 153 young (156672K), 2 survivors (2048K)
 Metaspace       used 65016K, capacity 69684K, committed 69888K, reserved 1110016K
  class space    used 8392K, capacity 9193K, committed 9216K, reserved 1048576K
2022-09-12T02:23:02.602+0800: 145.520: [GC pause (G1 Evacuation Pause) (young) 192M->42410K(256M), 0.0082958 secs]
Heap after GC invocations=165 (full 0):
 garbage-first heap   total 262144K, used 42410K [0x00000000f0000000, 0x00000000f0100800, 0x0000000100000000)
  region size 1024K, 2 young (2048K), 2 survivors (2048K)
 Metaspace       used 65016K, capacity 69684K, committed 69888K, reserved 1110016K
  class space    used 8392K, capacity 9193K, committed 9216K, reserved 1048576K
}
{Heap before GC invocations=165 (full 0):
 garbage-first heap   total 262144K, used 197034K [0x00000000f0000000, 0x00000000f0100800, 0x0000000100000000)
  region size 1024K, 153 young (156672K), 2 survivors (2048K)
 Metaspace       used 65016K, capacity 69684K, committed 69888K, reserved 1110016K
  class space    used 8392K, capacity 9193K, committed 9216K, reserved 1048576K
2022-09-12T02:23:03.136+0800: 146.053: [GC pause (G1 Evacuation Pause) (young) 192M->42665K(256M), 0.0052884 secs]
Heap after GC invocations=166 (full 0):
 garbage-first heap   total 262144K, used 42665K [0x00000000f0000000, 0x00000000f0100800, 0x0000000100000000)
  region size 1024K, 2 young (2048K), 2 survivors (2048K)
 Metaspace       used 65016K, capacity 69684K, committed 69888K, reserved 1110016K
  class space    used 8392K, capacity 9193K, committed 9216K, reserved 1048576K
}
{Heap before GC invocations=166 (full 0):
 garbage-first heap   total 262144K, used 197289K [0x00000000f0000000, 0x00000000f0100800, 0x0000000100000000)
  region size 1024K, 153 young (156672K), 2 survivors (2048K)
 Metaspace       used 65016K, capacity 69684K, committed 69888K, reserved 1110016K
  class space    used 8392K, capacity 9193K, committed 9216K, reserved 1048576K
2022-09-12T02:23:03.668+0800: 146.585: [GC pause (G1 Evacuation Pause) (young) 192M->42232K(256M), 0.0053024 secs]
Heap after GC invocations=167 (full 0):
 garbage-first heap   total 262144K, used 42232K [0x00000000f0000000, 0x00000000f0100800, 0x0000000100000000)
  region size 1024K, 2 young (2048K), 2 survivors (2048K)
 Metaspace       used 65016K, capacity 69684K, committed 69888K, reserved 1110016K
  class space    used 8392K, capacity 9193K, committed 9216K, reserved 1048576K
}
{Heap before GC invocations=167 (full 0):
 garbage-first heap   total 262144K, used 196856K [0x00000000f0000000, 0x00000000f0100800, 0x0000000100000000)
  region size 1024K, 153 young (156672K), 2 survivors (2048K)
 Metaspace       used 65016K, capacity 69684K, committed 69888K, reserved 1110016K
  class space    used 8392K, capacity 9193K, committed 9216K, reserved 1048576K
2022-09-12T02:23:04.198+0800: 147.116: [GC pause (G1 Evacuation Pause) (young) 192M->42597K(256M), 0.0054328 secs]
Heap after GC invocations=168 (full 0):
 garbage-first heap   total 262144K, used 42597K [0x00000000f0000000, 0x00000000f0100800, 0x0000000100000000)
  region size 1024K, 2 young (2048K), 2 survivors (2048K)
 Metaspace       used 65016K, capacity 69684K, committed 69888K, reserved 1110016K
  class space    used 8392K, capacity 9193K, committed 9216K, reserved 1048576K
}
{Heap before GC invocations=168 (full 0):
 garbage-first heap   total 262144K, used 197221K [0x00000000f0000000, 0x00000000f0100800, 0x0000000100000000)
  region size 1024K, 153 young (156672K), 2 survivors (2048K)
 Metaspace       used 65016K, capacity 69684K, committed 69888K, reserved 1110016K
  class space    used 8392K, capacity 9193K, committed 9216K, reserved 1048576K
2022-09-12T02:23:04.735+0800: 147.653: [GC pause (G1 Evacuation Pause) (young) 192M->42650K(256M), 0.0054313 secs]
Heap after GC invocations=169 (full 0):
 garbage-first heap   total 262144K, used 42650K [0x00000000f0000000, 0x00000000f0100800, 0x0000000100000000)
  region size 1024K, 2 young (2048K), 2 survivors (2048K)
 Metaspace       used 65016K, capacity 69684K, committed 69888K, reserved 1110016K
  class space    used 8392K, capacity 9193K, committed 9216K, reserved 1048576K
}
{Heap before GC invocations=169 (full 0):
 garbage-first heap   total 262144K, used 197274K [0x00000000f0000000, 0x00000000f0100800, 0x0000000100000000)
  region size 1024K, 153 young (156672K), 2 survivors (2048K)
 Metaspace       used 65016K, capacity 69684K, committed 69888K, reserved 1110016K
  class space    used 8392K, capacity 9193K, committed 9216K, reserved 1048576K
2022-09-12T02:23:05.269+0800: 148.187: [GC pause (G1 Evacuation Pause) (young) 192M->42239K(256M), 0.0053137 secs]
Heap after GC invocations=170 (full 0):
 garbage-first heap   total 262144K, used 42239K [0x00000000f0000000, 0x00000000f0100800, 0x0000000100000000)
  region size 1024K, 2 young (2048K), 2 survivors (2048K)
 Metaspace       used 65016K, capacity 69684K, committed 69888K, reserved 1110016K
  class space    used 8392K, capacity 9193K, committed 9216K, reserved 1048576K
}
{Heap before GC invocations=170 (full 0):
 garbage-first heap   total 262144K, used 196863K [0x00000000f0000000, 0x00000000f0100800, 0x0000000100000000)
  region size 1024K, 153 young (156672K), 2 survivors (2048K)
 Metaspace       used 65016K, capacity 69684K, committed 69888K, reserved 1110016K
  class space    used 8392K, capacity 9193K, committed 9216K, reserved 1048576K
2022-09-12T02:23:05.799+0800: 148.717: [GC pause (G1 Evacuation Pause) (young) 192M->42617K(256M), 0.0055101 secs]
Heap after GC invocations=171 (full 0):
 garbage-first heap   total 262144K, used 42617K [0x00000000f0000000, 0x00000000f0100800, 0x0000000100000000)
  region size 1024K, 2 young (2048K), 2 survivors (2048K)
 Metaspace       used 65016K, capacity 69684K, committed 69888K, reserved 1110016K
  class space    used 8392K, capacity 9193K, committed 9216K, reserved 1048576K
}
{Heap before GC invocations=171 (full 0):
 garbage-first heap   total 262144K, used 197241K [0x00000000f0000000, 0x00000000f0100800, 0x0000000100000000)
  region size 1024K, 153 young (156672K), 2 survivors (2048K)
 Metaspace       used 65016K, capacity 69684K, committed 69888K, reserved 1110016K
  class space    used 8392K, capacity 9193K, committed 9216K, reserved 1048576K
2022-09-12T02:23:06.330+0800: 149.247: [GC pause (G1 Evacuation Pause) (young) 192M->42681K(256M), 0.0053652 secs]
Heap after GC invocations=172 (full 0):
 garbage-first heap   total 262144K, used 42681K [0x00000000f0000000, 0x00000000f0100800, 0x0000000100000000)
  region size 1024K, 2 young (2048K), 2 survivors (2048K)
 Metaspace       used 65016K, capacity 69684K, committed 69888K, reserved 1110016K
  class space    used 8392K, capacity 9193K, committed 9216K, reserved 1048576K
}
{Heap before GC invocations=172 (full 0):
 garbage-first heap   total 262144K, used 197305K [0x00000000f0000000, 0x00000000f0100800, 0x0000000100000000)
  region size 1024K, 153 young (156672K), 2 survivors (2048K)
 Metaspace       used 65016K, capacity 69684K, committed 69888K, reserved 1110016K
  class space    used 8392K, capacity 9193K, committed 9216K, reserved 1048576K
2022-09-12T02:23:06.861+0800: 149.778: [GC pause (G1 Evacuation Pause) (young) 192M->42560K(256M), 0.0060809 secs]
Heap after GC invocations=173 (full 0):
 garbage-first heap   total 262144K, used 42560K [0x00000000f0000000, 0x00000000f0100800, 0x0000000100000000)
  region size 1024K, 2 young (2048K), 2 survivors (2048K)
 Metaspace       used 65016K, capacity 69684K, committed 69888K, reserved 1110016K
  class space    used 8392K, capacity 9193K, committed 9216K, reserved 1048576K
}
{Heap before GC invocations=173 (full 0):
 garbage-first heap   total 262144K, used 197184K [0x00000000f0000000, 0x00000000f0100800, 0x0000000100000000)
  region size 1024K, 153 young (156672K), 2 survivors (2048K)
 Metaspace       used 65016K, capacity 69684K, committed 69888K, reserved 1110016K
  class space    used 8392K, capacity 9193K, committed 9216K, reserved 1048576K
2022-09-12T02:23:07.392+0800: 150.310: [GC pause (G1 Evacuation Pause) (young) 192M->42613K(256M), 0.0053192 secs]
Heap after GC invocations=174 (full 0):
 garbage-first heap   total 262144K, used 42613K [0x00000000f0000000, 0x00000000f0100800, 0x0000000100000000)
  region size 1024K, 2 young (2048K), 2 survivors (2048K)
 Metaspace       used 65016K, capacity 69684K, committed 69888K, reserved 1110016K
  class space    used 8392K, capacity 9193K, committed 9216K, reserved 1048576K
}
{Heap before GC invocations=174 (full 0):
 garbage-first heap   total 262144K, used 197237K [0x00000000f0000000, 0x00000000f0100800, 0x0000000100000000)
  region size 1024K, 153 young (156672K), 2 survivors (2048K)
 Metaspace       used 65016K, capacity 69684K, committed 69888K, reserved 1110016K
  class space    used 8392K, capacity 9193K, committed 9216K, reserved 1048576K
2022-09-12T02:23:07.923+0800: 150.841: [GC pause (G1 Evacuation Pause) (young) 192M->42655K(256M), 0.0055395 secs]
Heap after GC invocations=175 (full 0):
 garbage-first heap   total 262144K, used 42655K [0x00000000f0000000, 0x00000000f0100800, 0x0000000100000000)
  region size 1024K, 2 young (2048K), 2 survivors (2048K)
 Metaspace       used 65016K, capacity 69684K, committed 69888K, reserved 1110016K
  class space    used 8392K, capacity 9193K, committed 9216K, reserved 1048576K
}
{Heap before GC invocations=175 (full 0):
 garbage-first heap   total 262144K, used 197279K [0x00000000f0000000, 0x00000000f0100800, 0x0000000100000000)
  region size 1024K, 153 young (156672K), 2 survivors (2048K)
 Metaspace       used 65016K, capacity 69684K, committed 69888K, reserved 1110016K
  class space    used 8392K, capacity 9193K, committed 9216K, reserved 1048576K
2022-09-12T02:23:08.457+0800: 151.375: [GC pause (G1 Evacuation Pause) (young) 192M->42243K(256M), 0.0055130 secs]
Heap after GC invocations=176 (full 0):
 garbage-first heap   total 262144K, used 42243K [0x00000000f0000000, 0x00000000f0100800, 0x0000000100000000)
  region size 1024K, 2 young (2048K), 2 survivors (2048K)
 Metaspace       used 65016K, capacity 69684K, committed 69888K, reserved 1110016K
  class space    used 8392K, capacity 9193K, committed 9216K, reserved 1048576K
}
{Heap before GC invocations=176 (full 0):
 garbage-first heap   total 262144K, used 196867K [0x00000000f0000000, 0x00000000f0100800, 0x0000000100000000)
  region size 1024K, 153 young (156672K), 2 survivors (2048K)
 Metaspace       used 65016K, capacity 69684K, committed 69888K, reserved 1110016K
  class space    used 8392K, capacity 9193K, committed 9216K, reserved 1048576K
2022-09-12T02:23:08.990+0800: 151.908: [GC pause (G1 Evacuation Pause) (young) 192M->42612K(256M), 0.0054548 secs]
Heap after GC invocations=177 (full 0):
 garbage-first heap   total 262144K, used 42612K [0x00000000f0000000, 0x00000000f0100800, 0x0000000100000000)
  region size 1024K, 2 young (2048K), 2 survivors (2048K)
 Metaspace       used 65016K, capacity 69684K, committed 69888K, reserved 1110016K
  class space    used 8392K, capacity 9193K, committed 9216K, reserved 1048576K
}
{Heap before GC invocations=177 (full 0):
 garbage-first heap   total 262144K, used 197236K [0x00000000f0000000, 0x00000000f0100800, 0x0000000100000000)
  region size 1024K, 153 young (156672K), 2 survivors (2048K)
 Metaspace       used 65016K, capacity 69684K, committed 69888K, reserved 1110016K
  class space    used 8392K, capacity 9193K, committed 9216K, reserved 1048576K
2022-09-12T02:23:09.530+0800: 152.448: [GC pause (G1 Evacuation Pause) (young) 192M->42675K(256M), 0.0052599 secs]
Heap after GC invocations=178 (full 0):
 garbage-first heap   total 262144K, used 42675K [0x00000000f0000000, 0x00000000f0100800, 0x0000000100000000)
  region size 1024K, 2 young (2048K), 2 survivors (2048K)
 Metaspace       used 65016K, capacity 69684K, committed 69888K, reserved 1110016K
  class space    used 8392K, capacity 9193K, committed 9216K, reserved 1048576K
}
{Heap before GC invocations=178 (full 0):
 garbage-first heap   total 262144K, used 197299K [0x00000000f0000000, 0x00000000f0100800, 0x0000000100000000)
  region size 1024K, 153 young (156672K), 2 survivors (2048K)
 Metaspace       used 65016K, capacity 69684K, committed 69888K, reserved 1110016K
  class space    used 8392K, capacity 9193K, committed 9216K, reserved 1048576K
2022-09-12T02:23:10.062+0800: 152.980: [GC pause (G1 Evacuation Pause) (young) 192M->42249K(256M), 0.0055232 secs]
Heap after GC invocations=179 (full 0):
 garbage-first heap   total 262144K, used 42249K [0x00000000f0000000, 0x00000000f0100800, 0x0000000100000000)
  region size 1024K, 2 young (2048K), 2 survivors (2048K)
 Metaspace       used 65016K, capacity 69684K, committed 69888K, reserved 1110016K
  class space    used 8392K, capacity 9193K, committed 9216K, reserved 1048576K
}
{Heap before GC invocations=179 (full 0):
 garbage-first heap   total 262144K, used 196873K [0x00000000f0000000, 0x00000000f0100800, 0x0000000100000000)
  region size 1024K, 153 young (156672K), 2 survivors (2048K)
 Metaspace       used 65016K, capacity 69684K, committed 69888K, reserved 1110016K
  class space    used 8392K, capacity 9193K, committed 9216K, reserved 1048576K
2022-09-12T02:23:10.593+0800: 153.511: [GC pause (G1 Evacuation Pause) (young) 192M->42615K(256M), 0.0054294 secs]
Heap after GC invocations=180 (full 0):
 garbage-first heap   total 262144K, used 42615K [0x00000000f0000000, 0x00000000f0100800, 0x0000000100000000)
  region size 1024K, 2 young (2048K), 2 survivors (2048K)
 Metaspace       used 65016K, capacity 69684K, committed 69888K, reserved 1110016K
  class space    used 8392K, capacity 9193K, committed 9216K, reserved 1048576K
}
{Heap before GC invocations=180 (full 0):
 garbage-first heap   total 262144K, used 197239K [0x00000000f0000000, 0x00000000f0100800, 0x0000000100000000)
  region size 1024K, 153 young (156672K), 2 survivors (2048K)
 Metaspace       used 65016K, capacity 69684K, committed 69888K, reserved 1110016K
  class space    used 8392K, capacity 9193K, committed 9216K, reserved 1048576K
2022-09-12T02:23:11.126+0800: 154.044: [GC pause (G1 Evacuation Pause) (young) 192M->42667K(256M), 0.0054185 secs]
Heap after GC invocations=181 (full 0):
 garbage-first heap   total 262144K, used 42667K [0x00000000f0000000, 0x00000000f0100800, 0x0000000100000000)
  region size 1024K, 2 young (2048K), 2 survivors (2048K)
 Metaspace       used 65016K, capacity 69684K, committed 69888K, reserved 1110016K
  class space    used 8392K, capacity 9193K, committed 9216K, reserved 1048576K
}
{Heap before GC invocations=181 (full 0):
 garbage-first heap   total 262144K, used 197291K [0x00000000f0000000, 0x00000000f0100800, 0x0000000100000000)
  region size 1024K, 153 young (156672K), 2 survivors (2048K)
 Metaspace       used 65018K, capacity 69684K, committed 69888K, reserved 1110016K
  class space    used 8392K, capacity 9193K, committed 9216K, reserved 1048576K
2022-09-12T02:23:11.659+0800: 154.577: [GC pause (G1 Evacuation Pause) (young) 192M->42252K(256M), 0.0053734 secs]
Heap after GC invocations=182 (full 0):
 garbage-first heap   total 262144K, used 42252K [0x00000000f0000000, 0x00000000f0100800, 0x0000000100000000)
  region size 1024K, 2 young (2048K), 2 survivors (2048K)
 Metaspace       used 65018K, capacity 69684K, committed 69888K, reserved 1110016K
  class space    used 8392K, capacity 9193K, committed 9216K, reserved 1048576K
}
{Heap before GC invocations=182 (full 0):
 garbage-first heap   total 262144K, used 196876K [0x00000000f0000000, 0x00000000f0100800, 0x0000000100000000)
  region size 1024K, 153 young (156672K), 2 survivors (2048K)
 Metaspace       used 65018K, capacity 69684K, committed 69888K, reserved 1110016K
  class space    used 8392K, capacity 9193K, committed 9216K, reserved 1048576K
2022-09-12T02:23:12.195+0800: 155.113: [GC pause (G1 Evacuation Pause) (young) 192M->42628K(256M), 0.0053432 secs]
Heap after GC invocations=183 (full 0):
 garbage-first heap   total 262144K, used 42628K [0x00000000f0000000, 0x00000000f0100800, 0x0000000100000000)
  region size 1024K, 2 young (2048K), 2 survivors (2048K)
 Metaspace       used 65018K, capacity 69684K, committed 69888K, reserved 1110016K
  class space    used 8392K, capacity 9193K, committed 9216K, reserved 1048576K
}
{Heap before GC invocations=183 (full 0):
 garbage-first heap   total 262144K, used 197252K [0x00000000f0000000, 0x00000000f0100800, 0x0000000100000000)
  region size 1024K, 153 young (156672K), 2 survivors (2048K)
 Metaspace       used 65018K, capacity 69684K, committed 69888K, reserved 1110016K
  class space    used 8392K, capacity 9193K, committed 9216K, reserved 1048576K
2022-09-12T02:23:12.726+0800: 155.644: [GC pause (G1 Evacuation Pause) (young) 192M->42665K(256M), 0.0052073 secs]
Heap after GC invocations=184 (full 0):
 garbage-first heap   total 262144K, used 42665K [0x00000000f0000000, 0x00000000f0100800, 0x0000000100000000)
  region size 1024K, 2 young (2048K), 2 survivors (2048K)
 Metaspace       used 65018K, capacity 69684K, committed 69888K, reserved 1110016K
  class space    used 8392K, capacity 9193K, committed 9216K, reserved 1048576K
}
{Heap before GC invocations=184 (full 0):
 garbage-first heap   total 262144K, used 197289K [0x00000000f0000000, 0x00000000f0100800, 0x0000000100000000)
  region size 1024K, 153 young (156672K), 2 survivors (2048K)
 Metaspace       used 65018K, capacity 69684K, committed 69888K, reserved 1110016K
  class space    used 8392K, capacity 9193K, committed 9216K, reserved 1048576K
2022-09-12T02:23:13.257+0800: 156.175: [GC pause (G1 Evacuation Pause) (young) 192M->42692K(256M), 0.0052710 secs]
Heap after GC invocations=185 (full 0):
 garbage-first heap   total 262144K, used 42692K [0x00000000f0000000, 0x00000000f0100800, 0x0000000100000000)
  region size 1024K, 2 young (2048K), 2 survivors (2048K)
 Metaspace       used 65018K, capacity 69684K, committed 69888K, reserved 1110016K
  class space    used 8392K, capacity 9193K, committed 9216K, reserved 1048576K
}
{Heap before GC invocations=185 (full 0):
 garbage-first heap   total 262144K, used 197316K [0x00000000f0000000, 0x00000000f0100800, 0x0000000100000000)
  region size 1024K, 153 young (156672K), 2 survivors (2048K)
 Metaspace       used 65018K, capacity 69684K, committed 69888K, reserved 1110016K
  class space    used 8392K, capacity 9193K, committed 9216K, reserved 1048576K
2022-09-12T02:23:13.787+0800: 156.705: [GC pause (G1 Evacuation Pause) (young) 192M->42255K(256M), 0.0052973 secs]
Heap after GC invocations=186 (full 0):
 garbage-first heap   total 262144K, used 42255K [0x00000000f0000000, 0x00000000f0100800, 0x0000000100000000)
  region size 1024K, 2 young (2048K), 2 survivors (2048K)
 Metaspace       used 65018K, capacity 69684K, committed 69888K, reserved 1110016K
  class space    used 8392K, capacity 9193K, committed 9216K, reserved 1048576K
}
{Heap before GC invocations=186 (full 0):
 garbage-first heap   total 262144K, used 196879K [0x00000000f0000000, 0x00000000f0100800, 0x0000000100000000)
  region size 1024K, 153 young (156672K), 2 survivors (2048K)
 Metaspace       used 65018K, capacity 69684K, committed 69888K, reserved 1110016K
  class space    used 8392K, capacity 9193K, committed 9216K, reserved 1048576K
2022-09-12T02:23:14.321+0800: 157.239: [GC pause (G1 Evacuation Pause) (young) 192M->42623K(256M), 0.0053834 secs]
Heap after GC invocations=187 (full 0):
 garbage-first heap   total 262144K, used 42623K [0x00000000f0000000, 0x00000000f0100800, 0x0000000100000000)
  region size 1024K, 2 young (2048K), 2 survivors (2048K)
 Metaspace       used 65018K, capacity 69684K, committed 69888K, reserved 1110016K
  class space    used 8392K, capacity 9193K, committed 9216K, reserved 1048576K
}
{Heap before GC invocations=187 (full 0):
 garbage-first heap   total 262144K, used 197247K [0x00000000f0000000, 0x00000000f0100800, 0x0000000100000000)
  region size 1024K, 153 young (156672K), 2 survivors (2048K)
 Metaspace       used 65018K, capacity 69684K, committed 69888K, reserved 1110016K
  class space    used 8392K, capacity 9193K, committed 9216K, reserved 1048576K
2022-09-12T02:23:14.852+0800: 157.770: [GC pause (G1 Evacuation Pause) (young) 192M->42668K(256M), 0.0052166 secs]
Heap after GC invocations=188 (full 0):
 garbage-first heap   total 262144K, used 42668K [0x00000000f0000000, 0x00000000f0100800, 0x0000000100000000)
  region size 1024K, 2 young (2048K), 2 survivors (2048K)
 Metaspace       used 65018K, capacity 69684K, committed 69888K, reserved 1110016K
  class space    used 8392K, capacity 9193K, committed 9216K, reserved 1048576K
}
{Heap before GC invocations=188 (full 0):
 garbage-first heap   total 262144K, used 197292K [0x00000000f0000000, 0x00000000f0100800, 0x0000000100000000)
  region size 1024K, 153 young (156672K), 2 survivors (2048K)
 Metaspace       used 65018K, capacity 69684K, committed 69888K, reserved 1110016K
  class space    used 8392K, capacity 9193K, committed 9216K, reserved 1048576K
2022-09-12T02:23:15.383+0800: 158.301: [GC pause (G1 Evacuation Pause) (young) 192M->42251K(256M), 0.0053585 secs]
Heap after GC invocations=189 (full 0):
 garbage-first heap   total 262144K, used 42251K [0x00000000f0000000, 0x00000000f0100800, 0x0000000100000000)
  region size 1024K, 2 young (2048K), 2 survivors (2048K)
 Metaspace       used 65018K, capacity 69684K, committed 69888K, reserved 1110016K
  class space    used 8392K, capacity 9193K, committed 9216K, reserved 1048576K
}
{Heap before GC invocations=189 (full 0):
 garbage-first heap   total 262144K, used 196875K [0x00000000f0000000, 0x00000000f0100800, 0x0000000100000000)
  region size 1024K, 153 young (156672K), 2 survivors (2048K)
 Metaspace       used 65018K, capacity 69684K, committed 69888K, reserved 1110016K
  class space    used 8392K, capacity 9193K, committed 9216K, reserved 1048576K
2022-09-12T02:23:15.922+0800: 158.840: [GC pause (G1 Evacuation Pause) (young) 192M->42614K(256M), 0.0054320 secs]
Heap after GC invocations=190 (full 0):
 garbage-first heap   total 262144K, used 42614K [0x00000000f0000000, 0x00000000f0100800, 0x0000000100000000)
  region size 1024K, 2 young (2048K), 2 survivors (2048K)
 Metaspace       used 65018K, capacity 69684K, committed 69888K, reserved 1110016K
  class space    used 8392K, capacity 9193K, committed 9216K, reserved 1048576K
}
{Heap before GC invocations=190 (full 0):
 garbage-first heap   total 262144K, used 197238K [0x00000000f0000000, 0x00000000f0100800, 0x0000000100000000)
  region size 1024K, 153 young (156672K), 2 survivors (2048K)
 Metaspace       used 65018K, capacity 69684K, committed 69888K, reserved 1110016K
  class space    used 8392K, capacity 9193K, committed 9216K, reserved 1048576K
2022-09-12T02:23:16.456+0800: 159.374: [GC pause (G1 Evacuation Pause) (young) 192M->42651K(256M), 0.0053478 secs]
Heap after GC invocations=191 (full 0):
 garbage-first heap   total 262144K, used 42651K [0x00000000f0000000, 0x00000000f0100800, 0x0000000100000000)
  region size 1024K, 2 young (2048K), 2 survivors (2048K)
 Metaspace       used 65018K, capacity 69684K, committed 69888K, reserved 1110016K
  class space    used 8392K, capacity 9193K, committed 9216K, reserved 1048576K
}
{Heap before GC invocations=191 (full 0):
 garbage-first heap   total 262144K, used 197275K [0x00000000f0000000, 0x00000000f0100800, 0x0000000100000000)
  region size 1024K, 153 young (156672K), 2 survivors (2048K)
 Metaspace       used 65018K, capacity 69684K, committed 69888K, reserved 1110016K
  class space    used 8392K, capacity 9193K, committed 9216K, reserved 1048576K
2022-09-12T02:23:16.987+0800: 159.905: [GC pause (G1 Evacuation Pause) (young) 192M->42689K(256M), 0.0052601 secs]
Heap after GC invocations=192 (full 0):
 garbage-first heap   total 262144K, used 42689K [0x00000000f0000000, 0x00000000f0100800, 0x0000000100000000)
  region size 1024K, 2 young (2048K), 2 survivors (2048K)
 Metaspace       used 65018K, capacity 69684K, committed 69888K, reserved 1110016K
  class space    used 8392K, capacity 9193K, committed 9216K, reserved 1048576K
}
{Heap before GC invocations=192 (full 0):
 garbage-first heap   total 262144K, used 197313K [0x00000000f0000000, 0x00000000f0100800, 0x0000000100000000)
  region size 1024K, 153 young (156672K), 2 survivors (2048K)
 Metaspace       used 65018K, capacity 69684K, committed 69888K, reserved 1110016K
  class space    used 8392K, capacity 9193K, committed 9216K, reserved 1048576K
2022-09-12T02:23:17.520+0800: 160.437: [GC pause (G1 Evacuation Pause) (young) 192M->42098K(256M), 0.0050906 secs]
Heap after GC invocations=193 (full 0):
 garbage-first heap   total 262144K, used 42098K [0x00000000f0000000, 0x00000000f0100800, 0x0000000100000000)
  region size 1024K, 2 young (2048K), 2 survivors (2048K)
 Metaspace       used 65018K, capacity 69684K, committed 69888K, reserved 1110016K
  class space    used 8392K, capacity 9193K, committed 9216K, reserved 1048576K
}
{Heap before GC invocations=193 (full 0):
 garbage-first heap   total 262144K, used 196722K [0x00000000f0000000, 0x00000000f0100800, 0x0000000100000000)
  region size 1024K, 153 young (156672K), 2 survivors (2048K)
 Metaspace       used 65018K, capacity 69684K, committed 69888K, reserved 1110016K
  class space    used 8392K, capacity 9193K, committed 9216K, reserved 1048576K
2022-09-12T02:23:18.048+0800: 160.966: [GC pause (G1 Evacuation Pause) (young) 192M->42580K(256M), 0.0053513 secs]
Heap after GC invocations=194 (full 0):
 garbage-first heap   total 262144K, used 42580K [0x00000000f0000000, 0x00000000f0100800, 0x0000000100000000)
  region size 1024K, 2 young (2048K), 2 survivors (2048K)
 Metaspace       used 65018K, capacity 69684K, committed 69888K, reserved 1110016K
  class space    used 8392K, capacity 9193K, committed 9216K, reserved 1048576K
}
{Heap before GC invocations=194 (full 0):
 garbage-first heap   total 262144K, used 197204K [0x00000000f0000000, 0x00000000f0100800, 0x0000000100000000)
  region size 1024K, 153 young (156672K), 2 survivors (2048K)
 Metaspace       used 65018K, capacity 69684K, committed 69888K, reserved 1110016K
  class space    used 8392K, capacity 9193K, committed 9216K, reserved 1048576K
2022-09-12T02:23:18.588+0800: 161.506: [GC pause (G1 Evacuation Pause) (young) 192M->42668K(256M), 0.0054275 secs]
Heap after GC invocations=195 (full 0):
 garbage-first heap   total 262144K, used 42668K [0x00000000f0000000, 0x00000000f0100800, 0x0000000100000000)
  region size 1024K, 2 young (2048K), 2 survivors (2048K)
 Metaspace       used 65018K, capacity 69684K, committed 69888K, reserved 1110016K
  class space    used 8392K, capacity 9193K, committed 9216K, reserved 1048576K
}
{Heap before GC invocations=195 (full 0):
 garbage-first heap   total 262144K, used 197292K [0x00000000f0000000, 0x00000000f0100800, 0x0000000100000000)
  region size 1024K, 153 young (156672K), 2 survivors (2048K)
 Metaspace       used 65018K, capacity 69684K, committed 69888K, reserved 1110016K
  class space    used 8392K, capacity 9193K, committed 9216K, reserved 1048576K
2022-09-12T02:23:19.120+0800: 162.037: [GC pause (G1 Evacuation Pause) (young) 192M->42254K(256M), 0.0053226 secs]
Heap after GC invocations=196 (full 0):
 garbage-first heap   total 262144K, used 42254K [0x00000000f0000000, 0x00000000f0100800, 0x0000000100000000)
  region size 1024K, 2 young (2048K), 2 survivors (2048K)
 Metaspace       used 65018K, capacity 69684K, committed 69888K, reserved 1110016K
  class space    used 8392K, capacity 9193K, committed 9216K, reserved 1048576K
}
{Heap before GC invocations=196 (full 0):
 garbage-first heap   total 262144K, used 196878K [0x00000000f0000000, 0x00000000f0100800, 0x0000000100000000)
  region size 1024K, 153 young (156672K), 2 survivors (2048K)
 Metaspace       used 65018K, capacity 69684K, committed 69888K, reserved 1110016K
  class space    used 8392K, capacity 9193K, committed 9216K, reserved 1048576K
2022-09-12T02:23:19.650+0800: 162.567: [GC pause (G1 Evacuation Pause) (young) 192M->42627K(256M), 0.0053123 secs]
Heap after GC invocations=197 (full 0):
 garbage-first heap   total 262144K, used 42627K [0x00000000f0000000, 0x00000000f0100800, 0x0000000100000000)
  region size 1024K, 2 young (2048K), 2 survivors (2048K)
 Metaspace       used 65018K, capacity 69684K, committed 69888K, reserved 1110016K
  class space    used 8392K, capacity 9193K, committed 9216K, reserved 1048576K
}
{Heap before GC invocations=197 (full 0):
 garbage-first heap   total 262144K, used 197251K [0x00000000f0000000, 0x00000000f0100800, 0x0000000100000000)
  region size 1024K, 153 young (156672K), 2 survivors (2048K)
 Metaspace       used 65026K, capacity 69684K, committed 69888K, reserved 1110016K
  class space    used 8392K, capacity 9193K, committed 9216K, reserved 1048576K
2022-09-12T02:23:20.180+0800: 163.098: [GC pause (G1 Evacuation Pause) (young) 192M->42682K(256M), 0.0054521 secs]
Heap after GC invocations=198 (full 0):
 garbage-first heap   total 262144K, used 42682K [0x00000000f0000000, 0x00000000f0100800, 0x0000000100000000)
  region size 1024K, 2 young (2048K), 2 survivors (2048K)
 Metaspace       used 65026K, capacity 69684K, committed 69888K, reserved 1110016K
  class space    used 8392K, capacity 9193K, committed 9216K, reserved 1048576K
}
{Heap before GC invocations=198 (full 0):
 garbage-first heap   total 262144K, used 197306K [0x00000000f0000000, 0x00000000f0100800, 0x0000000100000000)
  region size 1024K, 153 young (156672K), 2 survivors (2048K)
 Metaspace       used 65026K, capacity 69684K, committed 69888K, reserved 1110016K
  class space    used 8392K, capacity 9193K, committed 9216K, reserved 1048576K
2022-09-12T02:23:20.714+0800: 163.631: [GC pause (G1 Evacuation Pause) (young) 192M->42258K(256M), 0.0053857 secs]
Heap after GC invocations=199 (full 0):
 garbage-first heap   total 262144K, used 42258K [0x00000000f0000000, 0x00000000f0100800, 0x0000000100000000)
  region size 1024K, 2 young (2048K), 2 survivors (2048K)
 Metaspace       used 65026K, capacity 69684K, committed 69888K, reserved 1110016K
  class space    used 8392K, capacity 9193K, committed 9216K, reserved 1048576K
}
{Heap before GC invocations=199 (full 0):
 garbage-first heap   total 262144K, used 196882K [0x00000000f0000000, 0x00000000f0100800, 0x0000000100000000)
  region size 1024K, 153 young (156672K), 2 survivors (2048K)
 Metaspace       used 65026K, capacity 69684K, committed 69888K, reserved 1110016K
  class space    used 8392K, capacity 9193K, committed 9216K, reserved 1048576K
2022-09-12T02:23:21.245+0800: 164.163: [GC pause (G1 Evacuation Pause) (young) 192M->42630K(256M), 0.0054053 secs]
Heap after GC invocations=200 (full 0):
 garbage-first heap   total 262144K, used 42630K [0x00000000f0000000, 0x00000000f0100800, 0x0000000100000000)
  region size 1024K, 2 young (2048K), 2 survivors (2048K)
 Metaspace       used 65026K, capacity 69684K, committed 69888K, reserved 1110016K
  class space    used 8392K, capacity 9193K, committed 9216K, reserved 1048576K
}
{Heap before GC invocations=200 (full 0):
 garbage-first heap   total 262144K, used 197254K [0x00000000f0000000, 0x00000000f0100800, 0x0000000100000000)
  region size 1024K, 153 young (156672K), 2 survivors (2048K)
 Metaspace       used 65026K, capacity 69684K, committed 69888K, reserved 1110016K
  class space    used 8392K, capacity 9193K, committed 9216K, reserved 1048576K
2022-09-12T02:23:21.776+0800: 164.694: [GC pause (G1 Evacuation Pause) (young) 192M->42672K(256M), 0.0051683 secs]
Heap after GC invocations=201 (full 0):
 garbage-first heap   total 262144K, used 42672K [0x00000000f0000000, 0x00000000f0100800, 0x0000000100000000)
  region size 1024K, 2 young (2048K), 2 survivors (2048K)
 Metaspace       used 65026K, capacity 69684K, committed 69888K, reserved 1110016K
  class space    used 8392K, capacity 9193K, committed 9216K, reserved 1048576K
}
{Heap before GC invocations=201 (full 0):
 garbage-first heap   total 262144K, used 197296K [0x00000000f0000000, 0x00000000f0100800, 0x0000000100000000)
  region size 1024K, 153 young (156672K), 2 survivors (2048K)
 Metaspace       used 65026K, capacity 69684K, committed 69888K, reserved 1110016K
  class space    used 8392K, capacity 9193K, committed 9216K, reserved 1048576K
2022-09-12T02:23:22.307+0800: 165.225: [GC pause (G1 Evacuation Pause) (young) 192M->42403K(256M), 0.0053566 secs]
Heap after GC invocations=202 (full 0):
 garbage-first heap   total 262144K, used 42403K [0x00000000f0000000, 0x00000000f0100800, 0x0000000100000000)
  region size 1024K, 2 young (2048K), 2 survivors (2048K)
 Metaspace       used 65026K, capacity 69684K, committed 69888K, reserved 1110016K
  class space    used 8392K, capacity 9193K, committed 9216K, reserved 1048576K
}
{Heap before GC invocations=202 (full 0):
 garbage-first heap   total 262144K, used 197027K [0x00000000f0000000, 0x00000000f0100800, 0x0000000100000000)
  region size 1024K, 153 young (156672K), 2 survivors (2048K)
 Metaspace       used 65026K, capacity 69684K, committed 69888K, reserved 1110016K
  class space    used 8392K, capacity 9193K, committed 9216K, reserved 1048576K
2022-09-12T02:23:22.839+0800: 165.757: [GC pause (G1 Evacuation Pause) (young) 192M->42624K(256M), 0.0054293 secs]
Heap after GC invocations=203 (full 0):
 garbage-first heap   total 262144K, used 42624K [0x00000000f0000000, 0x00000000f0100800, 0x0000000100000000)
  region size 1024K, 2 young (2048K), 2 survivors (2048K)
 Metaspace       used 65026K, capacity 69684K, committed 69888K, reserved 1110016K
  class space    used 8392K, capacity 9193K, committed 9216K, reserved 1048576K
}
{Heap before GC invocations=203 (full 0):
 garbage-first heap   total 262144K, used 197248K [0x00000000f0000000, 0x00000000f0100800, 0x0000000100000000)
  region size 1024K, 153 young (156672K), 2 survivors (2048K)
 Metaspace       used 65026K, capacity 69684K, committed 69888K, reserved 1110016K
  class space    used 8392K, capacity 9193K, committed 9216K, reserved 1048576K
2022-09-12T02:23:23.378+0800: 166.296: [GC pause (G1 Evacuation Pause) (young) 192M->42680K(256M), 0.0053780 secs]
Heap after GC invocations=204 (full 0):
 garbage-first heap   total 262144K, used 42680K [0x00000000f0000000, 0x00000000f0100800, 0x0000000100000000)
  region size 1024K, 2 young (2048K), 2 survivors (2048K)
 Metaspace       used 65026K, capacity 69684K, committed 69888K, reserved 1110016K
  class space    used 8392K, capacity 9193K, committed 9216K, reserved 1048576K
}
{Heap before GC invocations=204 (full 0):
 garbage-first heap   total 262144K, used 197304K [0x00000000f0000000, 0x00000000f0100800, 0x0000000100000000)
  region size 1024K, 153 young (156672K), 2 survivors (2048K)
 Metaspace       used 65026K, capacity 69684K, committed 69888K, reserved 1110016K
  class space    used 8392K, capacity 9193K, committed 9216K, reserved 1048576K
2022-09-12T02:23:23.909+0800: 166.827: [GC pause (G1 Evacuation Pause) (young) 192M->42270K(256M), 0.0053370 secs]
Heap after GC invocations=205 (full 0):
 garbage-first heap   total 262144K, used 42270K [0x00000000f0000000, 0x00000000f0100800, 0x0000000100000000)
  region size 1024K, 2 young (2048K), 2 survivors (2048K)
 Metaspace       used 65026K, capacity 69684K, committed 69888K, reserved 1110016K
  class space    used 8392K, capacity 9193K, committed 9216K, reserved 1048576K
}
{Heap before GC invocations=205 (full 0):
 garbage-first heap   total 262144K, used 196894K [0x00000000f0000000, 0x00000000f0100800, 0x0000000100000000)
  region size 1024K, 153 young (156672K), 2 survivors (2048K)
 Metaspace       used 65026K, capacity 69684K, committed 69888K, reserved 1110016K
  class space    used 8392K, capacity 9193K, committed 9216K, reserved 1048576K
2022-09-12T02:23:24.442+0800: 167.359: [GC pause (G1 Evacuation Pause) (young) 192M->42641K(256M), 0.0054582 secs]
Heap after GC invocations=206 (full 0):
 garbage-first heap   total 262144K, used 42641K [0x00000000f0000000, 0x00000000f0100800, 0x0000000100000000)
  region size 1024K, 2 young (2048K), 2 survivors (2048K)
 Metaspace       used 65026K, capacity 69684K, committed 69888K, reserved 1110016K
  class space    used 8392K, capacity 9193K, committed 9216K, reserved 1048576K
}
{Heap before GC invocations=206 (full 0):
 garbage-first heap   total 262144K, used 197265K [0x00000000f0000000, 0x00000000f0100800, 0x0000000100000000)
  region size 1024K, 153 young (156672K), 2 survivors (2048K)
 Metaspace       used 65026K, capacity 69684K, committed 69888K, reserved 1110016K
  class space    used 8392K, capacity 9193K, committed 9216K, reserved 1048576K
2022-09-12T02:23:24.975+0800: 167.893: [GC pause (G1 Evacuation Pause) (young) 192M->42692K(256M), 0.0052850 secs]
Heap after GC invocations=207 (full 0):
 garbage-first heap   total 262144K, used 42692K [0x00000000f0000000, 0x00000000f0100800, 0x0000000100000000)
  region size 1024K, 2 young (2048K), 2 survivors (2048K)
 Metaspace       used 65026K, capacity 69684K, committed 69888K, reserved 1110016K
  class space    used 8392K, capacity 9193K, committed 9216K, reserved 1048576K
}
{Heap before GC invocations=207 (full 0):
 garbage-first heap   total 262144K, used 197316K [0x00000000f0000000, 0x00000000f0100800, 0x0000000100000000)
  region size 1024K, 153 young (156672K), 2 survivors (2048K)
 Metaspace       used 65026K, capacity 69684K, committed 69888K, reserved 1110016K
  class space    used 8392K, capacity 9193K, committed 9216K, reserved 1048576K
2022-09-12T02:23:25.505+0800: 168.422: [GC pause (G1 Evacuation Pause) (young) 192M->42261K(256M), 0.0054224 secs]
Heap after GC invocations=208 (full 0):
 garbage-first heap   total 262144K, used 42261K [0x00000000f0000000, 0x00000000f0100800, 0x0000000100000000)
  region size 1024K, 2 young (2048K), 2 survivors (2048K)
 Metaspace       used 65026K, capacity 69684K, committed 69888K, reserved 1110016K
  class space    used 8392K, capacity 9193K, committed 9216K, reserved 1048576K
}
{Heap before GC invocations=208 (full 0):
 garbage-first heap   total 262144K, used 196885K [0x00000000f0000000, 0x00000000f0100800, 0x0000000100000000)
  region size 1024K, 153 young (156672K), 2 survivors (2048K)
 Metaspace       used 65026K, capacity 69684K, committed 69888K, reserved 1110016K
  class space    used 8392K, capacity 9193K, committed 9216K, reserved 1048576K
2022-09-12T02:23:26.036+0800: 168.954: [GC pause (G1 Evacuation Pause) (young) 192M->42622K(256M), 0.0054197 secs]
Heap after GC invocations=209 (full 0):
 garbage-first heap   total 262144K, used 42622K [0x00000000f0000000, 0x00000000f0100800, 0x0000000100000000)
  region size 1024K, 2 young (2048K), 2 survivors (2048K)
 Metaspace       used 65026K, capacity 69684K, committed 69888K, reserved 1110016K
  class space    used 8392K, capacity 9193K, committed 9216K, reserved 1048576K
}
{Heap before GC invocations=209 (full 0):
 garbage-first heap   total 262144K, used 197246K [0x00000000f0000000, 0x00000000f0100800, 0x0000000100000000)
  region size 1024K, 153 young (156672K), 2 survivors (2048K)
 Metaspace       used 65026K, capacity 69684K, committed 69888K, reserved 1110016K
  class space    used 8392K, capacity 9193K, committed 9216K, reserved 1048576K
2022-09-12T02:23:26.563+0800: 169.481: [GC pause (G1 Evacuation Pause) (young) 192M->42676K(256M), 0.0056490 secs]
Heap after GC invocations=210 (full 0):
 garbage-first heap   total 262144K, used 42676K [0x00000000f0000000, 0x00000000f0100800, 0x0000000100000000)
  region size 1024K, 2 young (2048K), 2 survivors (2048K)
 Metaspace       used 65026K, capacity 69684K, committed 69888K, reserved 1110016K
  class space    used 8392K, capacity 9193K, committed 9216K, reserved 1048576K
}
{Heap before GC invocations=210 (full 0):
 garbage-first heap   total 262144K, used 197300K [0x00000000f0000000, 0x00000000f0100800, 0x0000000100000000)
  region size 1024K, 153 young (156672K), 2 survivors (2048K)
 Metaspace       used 65027K, capacity 69684K, committed 69888K, reserved 1110016K
  class space    used 8392K, capacity 9193K, committed 9216K, reserved 1048576K
2022-09-12T02:23:27.096+0800: 170.014: [GC pause (G1 Evacuation Pause) (young) 192M->42265K(256M), 0.0054503 secs]
Heap after GC invocations=211 (full 0):
 garbage-first heap   total 262144K, used 42265K [0x00000000f0000000, 0x00000000f0100800, 0x0000000100000000)
  region size 1024K, 2 young (2048K), 2 survivors (2048K)
 Metaspace       used 65027K, capacity 69684K, committed 69888K, reserved 1110016K
  class space    used 8392K, capacity 9193K, committed 9216K, reserved 1048576K
}
{Heap before GC invocations=211 (full 0):
 garbage-first heap   total 262144K, used 196889K [0x00000000f0000000, 0x00000000f0100800, 0x0000000100000000)
  region size 1024K, 153 young (156672K), 2 survivors (2048K)
 Metaspace       used 65027K, capacity 69684K, committed 69888K, reserved 1110016K
  class space    used 8392K, capacity 9193K, committed 9216K, reserved 1048576K
2022-09-12T02:23:27.637+0800: 170.555: [GC pause (G1 Evacuation Pause) (young) 192M->42630K(256M), 0.0053958 secs]
Heap after GC invocations=212 (full 0):
 garbage-first heap   total 262144K, used 42630K [0x00000000f0000000, 0x00000000f0100800, 0x0000000100000000)
  region size 1024K, 2 young (2048K), 2 survivors (2048K)
 Metaspace       used 65027K, capacity 69684K, committed 69888K, reserved 1110016K
  class space    used 8392K, capacity 9193K, committed 9216K, reserved 1048576K
}
{Heap before GC invocations=212 (full 0):
 garbage-first heap   total 262144K, used 197254K [0x00000000f0000000, 0x00000000f0100800, 0x0000000100000000)
  region size 1024K, 153 young (156672K), 2 survivors (2048K)
 Metaspace       used 65027K, capacity 69684K, committed 69888K, reserved 1110016K
  class space    used 8392K, capacity 9193K, committed 9216K, reserved 1048576K
2022-09-12T02:23:28.170+0800: 171.088: [GC pause (G1 Evacuation Pause) (young) 192M->42676K(256M), 0.0054019 secs]
Heap after GC invocations=213 (full 0):
 garbage-first heap   total 262144K, used 42676K [0x00000000f0000000, 0x00000000f0100800, 0x0000000100000000)
  region size 1024K, 2 young (2048K), 2 survivors (2048K)
 Metaspace       used 65027K, capacity 69684K, committed 69888K, reserved 1110016K
  class space    used 8392K, capacity 9193K, committed 9216K, reserved 1048576K
}
{Heap before GC invocations=213 (full 0):
 garbage-first heap   total 262144K, used 197300K [0x00000000f0000000, 0x00000000f0100800, 0x0000000100000000)
  region size 1024K, 153 young (156672K), 2 survivors (2048K)
 Metaspace       used 65027K, capacity 69684K, committed 69888K, reserved 1110016K
  class space    used 8392K, capacity 9193K, committed 9216K, reserved 1048576K
2022-09-12T02:23:28.701+0800: 171.619: [GC pause (G1 Evacuation Pause) (young) 192M->42461K(256M), 0.0055417 secs]
Heap after GC invocations=214 (full 0):
 garbage-first heap   total 262144K, used 42461K [0x00000000f0000000, 0x00000000f0100800, 0x0000000100000000)
  region size 1024K, 2 young (2048K), 2 survivors (2048K)
 Metaspace       used 65027K, capacity 69684K, committed 69888K, reserved 1110016K
  class space    used 8392K, capacity 9193K, committed 9216K, reserved 1048576K
}
{Heap before GC invocations=214 (full 0):
 garbage-first heap   total 262144K, used 197085K [0x00000000f0000000, 0x00000000f0100800, 0x0000000100000000)
  region size 1024K, 153 young (156672K), 2 survivors (2048K)
 Metaspace       used 65027K, capacity 69684K, committed 69888K, reserved 1110016K
  class space    used 8392K, capacity 9193K, committed 9216K, reserved 1048576K
2022-09-12T02:23:29.234+0800: 172.152: [GC pause (G1 Evacuation Pause) (young) 192M->42712K(256M), 0.0053235 secs]
Heap after GC invocations=215 (full 0):
 garbage-first heap   total 262144K, used 42712K [0x00000000f0000000, 0x00000000f0100800, 0x0000000100000000)
  region size 1024K, 2 young (2048K), 2 survivors (2048K)
 Metaspace       used 65027K, capacity 69684K, committed 69888K, reserved 1110016K
  class space    used 8392K, capacity 9193K, committed 9216K, reserved 1048576K
}
{Heap before GC invocations=215 (full 0):
 garbage-first heap   total 262144K, used 197336K [0x00000000f0000000, 0x00000000f0100800, 0x0000000100000000)
  region size 1024K, 153 young (156672K), 2 survivors (2048K)
 Metaspace       used 65027K, capacity 69684K, committed 69888K, reserved 1110016K
  class space    used 8392K, capacity 9193K, committed 9216K, reserved 1048576K
2022-09-12T02:23:29.765+0800: 172.683: [GC pause (G1 Evacuation Pause) (young) 192M->42278K(256M), 0.0053370 secs]
Heap after GC invocations=216 (full 0):
 garbage-first heap   total 262144K, used 42278K [0x00000000f0000000, 0x00000000f0100800, 0x0000000100000000)
  region size 1024K, 2 young (2048K), 2 survivors (2048K)
 Metaspace       used 65027K, capacity 69684K, committed 69888K, reserved 1110016K
  class space    used 8392K, capacity 9193K, committed 9216K, reserved 1048576K
}
{Heap before GC invocations=216 (full 0):
 garbage-first heap   total 262144K, used 196902K [0x00000000f0000000, 0x00000000f0100800, 0x0000000100000000)
  region size 1024K, 153 young (156672K), 2 survivors (2048K)
 Metaspace       used 65027K, capacity 69684K, committed 69888K, reserved 1110016K
  class space    used 8392K, capacity 9193K, committed 9216K, reserved 1048576K
2022-09-12T02:23:30.298+0800: 173.216: [GC pause (G1 Evacuation Pause) (young) 192M->42641K(256M), 0.0053289 secs]
Heap after GC invocations=217 (full 0):
 garbage-first heap   total 262144K, used 42641K [0x00000000f0000000, 0x00000000f0100800, 0x0000000100000000)
  region size 1024K, 2 young (2048K), 2 survivors (2048K)
 Metaspace       used 65027K, capacity 69684K, committed 69888K, reserved 1110016K
  class space    used 8392K, capacity 9193K, committed 9216K, reserved 1048576K
}
{Heap before GC invocations=217 (full 0):
 garbage-first heap   total 262144K, used 197265K [0x00000000f0000000, 0x00000000f0100800, 0x0000000100000000)
  region size 1024K, 153 young (156672K), 2 survivors (2048K)
 Metaspace       used 65027K, capacity 69684K, committed 69888K, reserved 1110016K
  class space    used 8392K, capacity 9193K, committed 9216K, reserved 1048576K
2022-09-12T02:23:30.838+0800: 173.756: [GC pause (G1 Evacuation Pause) (young) 192M->42680K(256M), 0.0052051 secs]
Heap after GC invocations=218 (full 0):
 garbage-first heap   total 262144K, used 42680K [0x00000000f0000000, 0x00000000f0100800, 0x0000000100000000)
  region size 1024K, 2 young (2048K), 2 survivors (2048K)
 Metaspace       used 65027K, capacity 69684K, committed 69888K, reserved 1110016K
  class space    used 8392K, capacity 9193K, committed 9216K, reserved 1048576K
}
{Heap before GC invocations=218 (full 0):
 garbage-first heap   total 262144K, used 197304K [0x00000000f0000000, 0x00000000f0100800, 0x0000000100000000)
  region size 1024K, 153 young (156672K), 2 survivors (2048K)
 Metaspace       used 65027K, capacity 69684K, committed 69888K, reserved 1110016K
  class space    used 8392K, capacity 9193K, committed 9216K, reserved 1048576K
2022-09-12T02:23:31.370+0800: 174.288: [GC pause (G1 Evacuation Pause) (young) 192M->42424K(256M), 0.0053667 secs]
Heap after GC invocations=219 (full 0):
 garbage-first heap   total 262144K, used 42424K [0x00000000f0000000, 0x00000000f0100800, 0x0000000100000000)
  region size 1024K, 2 young (2048K), 2 survivors (2048K)
 Metaspace       used 65027K, capacity 69684K, committed 69888K, reserved 1110016K
  class space    used 8392K, capacity 9193K, committed 9216K, reserved 1048576K
}
{Heap before GC invocations=219 (full 0):
 garbage-first heap   total 262144K, used 197048K [0x00000000f0000000, 0x00000000f0100800, 0x0000000100000000)
  region size 1024K, 153 young (156672K), 2 survivors (2048K)
 Metaspace       used 65027K, capacity 69684K, committed 69888K, reserved 1110016K
  class space    used 8392K, capacity 9193K, committed 9216K, reserved 1048576K
2022-09-12T02:23:31.902+0800: 174.820: [GC pause (G1 Evacuation Pause) (young) 192M->42655K(256M), 0.0053260 secs]
Heap after GC invocations=220 (full 0):
 garbage-first heap   total 262144K, used 42655K [0x00000000f0000000, 0x00000000f0100800, 0x0000000100000000)
  region size 1024K, 2 young (2048K), 2 survivors (2048K)
 Metaspace       used 65027K, capacity 69684K, committed 69888K, reserved 1110016K
  class space    used 8392K, capacity 9193K, committed 9216K, reserved 1048576K
}
{Heap before GC invocations=220 (full 0):
 garbage-first heap   total 262144K, used 197279K [0x00000000f0000000, 0x00000000f0100800, 0x0000000100000000)
  region size 1024K, 153 young (156672K), 2 survivors (2048K)
 Metaspace       used 65027K, capacity 69684K, committed 69888K, reserved 1110016K
  class space    used 8392K, capacity 9193K, committed 9216K, reserved 1048576K
2022-09-12T02:23:32.442+0800: 175.360: [GC pause (G1 Evacuation Pause) (young) 192M->42709K(256M), 0.0054546 secs]
Heap after GC invocations=221 (full 0):
 garbage-first heap   total 262144K, used 42709K [0x00000000f0000000, 0x00000000f0100800, 0x0000000100000000)
  region size 1024K, 2 young (2048K), 2 survivors (2048K)
 Metaspace       used 65027K, capacity 69684K, committed 69888K, reserved 1110016K
  class space    used 8392K, capacity 9193K, committed 9216K, reserved 1048576K
}
{Heap before GC invocations=221 (full 0):
 garbage-first heap   total 262144K, used 197333K [0x00000000f0000000, 0x00000000f0100800, 0x0000000100000000)
  region size 1024K, 153 young (156672K), 2 survivors (2048K)
 Metaspace       used 65027K, capacity 69684K, committed 69888K, reserved 1110016K
  class space    used 8392K, capacity 9193K, committed 9216K, reserved 1048576K
2022-09-12T02:23:32.972+0800: 175.890: [GC pause (G1 Evacuation Pause) (young) 192M->42277K(256M), 0.0054486 secs]
Heap after GC invocations=222 (full 0):
 garbage-first heap   total 262144K, used 42277K [0x00000000f0000000, 0x00000000f0100800, 0x0000000100000000)
  region size 1024K, 2 young (2048K), 2 survivors (2048K)
 Metaspace       used 65027K, capacity 69684K, committed 69888K, reserved 1110016K
  class space    used 8392K, capacity 9193K, committed 9216K, reserved 1048576K
}
{Heap before GC invocations=222 (full 0):
 garbage-first heap   total 262144K, used 196901K [0x00000000f0000000, 0x00000000f0100800, 0x0000000100000000)
  region size 1024K, 153 young (156672K), 2 survivors (2048K)
 Metaspace       used 65027K, capacity 69684K, committed 69888K, reserved 1110016K
  class space    used 8392K, capacity 9193K, committed 9216K, reserved 1048576K
2022-09-12T02:23:33.504+0800: 176.422: [GC pause (G1 Evacuation Pause) (young) 192M->42629K(256M), 0.0052482 secs]
Heap after GC invocations=223 (full 0):
 garbage-first heap   total 262144K, used 42629K [0x00000000f0000000, 0x00000000f0100800, 0x0000000100000000)
  region size 1024K, 2 young (2048K), 2 survivors (2048K)
 Metaspace       used 65027K, capacity 69684K, committed 69888K, reserved 1110016K
  class space    used 8392K, capacity 9193K, committed 9216K, reserved 1048576K
}
{Heap before GC invocations=223 (full 0):
 garbage-first heap   total 262144K, used 197253K [0x00000000f0000000, 0x00000000f0100800, 0x0000000100000000)
  region size 1024K, 153 young (156672K), 2 survivors (2048K)
 Metaspace       used 65027K, capacity 69684K, committed 69888K, reserved 1110016K
  class space    used 8392K, capacity 9193K, committed 9216K, reserved 1048576K
2022-09-12T02:23:34.034+0800: 176.952: [GC pause (G1 Evacuation Pause) (young) 192M->42686K(256M), 0.0054676 secs]
Heap after GC invocations=224 (full 0):
 garbage-first heap   total 262144K, used 42686K [0x00000000f0000000, 0x00000000f0100800, 0x0000000100000000)
  region size 1024K, 2 young (2048K), 2 survivors (2048K)
 Metaspace       used 65027K, capacity 69684K, committed 69888K, reserved 1110016K
  class space    used 8392K, capacity 9193K, committed 9216K, reserved 1048576K
}
{Heap before GC invocations=224 (full 0):
 garbage-first heap   total 262144K, used 197310K [0x00000000f0000000, 0x00000000f0100800, 0x0000000100000000)
  region size 1024K, 153 young (156672K), 2 survivors (2048K)
 Metaspace       used 65027K, capacity 69684K, committed 69888K, reserved 1110016K
  class space    used 8392K, capacity 9193K, committed 9216K, reserved 1048576K
2022-09-12T02:23:34.565+0800: 177.483: [GC pause (G1 Evacuation Pause) (young) 192M->42280K(256M), 0.0054985 secs]
Heap after GC invocations=225 (full 0):
 garbage-first heap   total 262144K, used 42280K [0x00000000f0000000, 0x00000000f0100800, 0x0000000100000000)
  region size 1024K, 2 young (2048K), 2 survivors (2048K)
 Metaspace       used 65027K, capacity 69684K, committed 69888K, reserved 1110016K
  class space    used 8392K, capacity 9193K, committed 9216K, reserved 1048576K
}
{Heap before GC invocations=225 (full 0):
 garbage-first heap   total 262144K, used 196904K [0x00000000f0000000, 0x00000000f0100800, 0x0000000100000000)
  region size 1024K, 153 young (156672K), 2 survivors (2048K)
 Metaspace       used 65027K, capacity 69684K, committed 69888K, reserved 1110016K
  class space    used 8392K, capacity 9193K, committed 9216K, reserved 1048576K
2022-09-12T02:23:35.098+0800: 178.016: [GC pause (G1 Evacuation Pause) (young) 192M->42639K(256M), 0.0053971 secs]
Heap after GC invocations=226 (full 0):
 garbage-first heap   total 262144K, used 42639K [0x00000000f0000000, 0x00000000f0100800, 0x0000000100000000)
  region size 1024K, 2 young (2048K), 2 survivors (2048K)
 Metaspace       used 65027K, capacity 69684K, committed 69888K, reserved 1110016K
  class space    used 8392K, capacity 9193K, committed 9216K, reserved 1048576K
}
{Heap before GC invocations=226 (full 0):
 garbage-first heap   total 262144K, used 197263K [0x00000000f0000000, 0x00000000f0100800, 0x0000000100000000)
  region size 1024K, 153 young (156672K), 2 survivors (2048K)
 Metaspace       used 65027K, capacity 69684K, committed 69888K, reserved 1110016K
  class space    used 8392K, capacity 9193K, committed 9216K, reserved 1048576K
2022-09-12T02:23:35.630+0800: 178.548: [GC pause (G1 Evacuation Pause) (young) 192M->42696K(256M), 0.0054750 secs]
Heap after GC invocations=227 (full 0):
 garbage-first heap   total 262144K, used 42696K [0x00000000f0000000, 0x00000000f0100800, 0x0000000100000000)
  region size 1024K, 2 young (2048K), 2 survivors (2048K)
 Metaspace       used 65027K, capacity 69684K, committed 69888K, reserved 1110016K
  class space    used 8392K, capacity 9193K, committed 9216K, reserved 1048576K
}
{Heap before GC invocations=227 (full 0):
 garbage-first heap   total 262144K, used 197320K [0x00000000f0000000, 0x00000000f0100800, 0x0000000100000000)
  region size 1024K, 153 young (156672K), 2 survivors (2048K)
 Metaspace       used 65027K, capacity 69684K, committed 69888K, reserved 1110016K
  class space    used 8392K, capacity 9193K, committed 9216K, reserved 1048576K
2022-09-12T02:23:36.163+0800: 179.081: [GC pause (G1 Evacuation Pause) (young) 192M->42725K(256M), 0.0051874 secs]
Heap after GC invocations=228 (full 0):
 garbage-first heap   total 262144K, used 42725K [0x00000000f0000000, 0x00000000f0100800, 0x0000000100000000)
  region size 1024K, 2 young (2048K), 2 survivors (2048K)
 Metaspace       used 65027K, capacity 69684K, committed 69888K, reserved 1110016K
  class space    used 8392K, capacity 9193K, committed 9216K, reserved 1048576K
}
{Heap before GC invocations=228 (full 0):
 garbage-first heap   total 262144K, used 197349K [0x00000000f0000000, 0x00000000f0100800, 0x0000000100000000)
  region size 1024K, 153 young (156672K), 2 survivors (2048K)
 Metaspace       used 65027K, capacity 69684K, committed 69888K, reserved 1110016K
  class space    used 8392K, capacity 9193K, committed 9216K, reserved 1048576K
2022-09-12T02:23:36.704+0800: 179.622: [GC pause (G1 Evacuation Pause) (young) 192M->42280K(256M), 0.0052993 secs]
Heap after GC invocations=229 (full 0):
 garbage-first heap   total 262144K, used 42280K [0x00000000f0000000, 0x00000000f0100800, 0x0000000100000000)
  region size 1024K, 2 young (2048K), 2 survivors (2048K)
 Metaspace       used 65027K, capacity 69684K, committed 69888K, reserved 1110016K
  class space    used 8392K, capacity 9193K, committed 9216K, reserved 1048576K
}
{Heap before GC invocations=229 (full 0):
 garbage-first heap   total 262144K, used 196904K [0x00000000f0000000, 0x00000000f0100800, 0x0000000100000000)
  region size 1024K, 153 young (156672K), 2 survivors (2048K)
 Metaspace       used 65028K, capacity 69684K, committed 69888K, reserved 1110016K
  class space    used 8392K, capacity 9193K, committed 9216K, reserved 1048576K
2022-09-12T02:23:37.236+0800: 180.154: [GC pause (G1 Evacuation Pause) (young) 192M->42656K(256M), 0.0065787 secs]
Heap after GC invocations=230 (full 0):
 garbage-first heap   total 262144K, used 42656K [0x00000000f0000000, 0x00000000f0100800, 0x0000000100000000)
  region size 1024K, 2 young (2048K), 2 survivors (2048K)
 Metaspace       used 65028K, capacity 69684K, committed 69888K, reserved 1110016K
  class space    used 8392K, capacity 9193K, committed 9216K, reserved 1048576K
}
{Heap before GC invocations=230 (full 0):
 garbage-first heap   total 262144K, used 197280K [0x00000000f0000000, 0x00000000f0100800, 0x0000000100000000)
  region size 1024K, 153 young (156672K), 2 survivors (2048K)
 Metaspace       used 65028K, capacity 69684K, committed 69888K, reserved 1110016K
  class space    used 8392K, capacity 9193K, committed 9216K, reserved 1048576K
2022-09-12T02:23:37.768+0800: 180.686: [GC pause (G1 Evacuation Pause) (young) 192M->42695K(256M), 0.0051946 secs]
Heap after GC invocations=231 (full 0):
 garbage-first heap   total 262144K, used 42695K [0x00000000f0000000, 0x00000000f0100800, 0x0000000100000000)
  region size 1024K, 2 young (2048K), 2 survivors (2048K)
 Metaspace       used 65028K, capacity 69684K, committed 69888K, reserved 1110016K
  class space    used 8392K, capacity 9193K, committed 9216K, reserved 1048576K
}
{Heap before GC invocations=231 (full 0):
 garbage-first heap   total 262144K, used 197319K [0x00000000f0000000, 0x00000000f0100800, 0x0000000100000000)
  region size 1024K, 153 young (156672K), 2 survivors (2048K)
 Metaspace       used 65028K, capacity 69684K, committed 69888K, reserved 1110016K
  class space    used 8392K, capacity 9193K, committed 9216K, reserved 1048576K
2022-09-12T02:23:38.300+0800: 181.218: [GC pause (G1 Evacuation Pause) (young) 192M->42280K(256M), 0.0053123 secs]
Heap after GC invocations=232 (full 0):
 garbage-first heap   total 262144K, used 42280K [0x00000000f0000000, 0x00000000f0100800, 0x0000000100000000)
  region size 1024K, 2 young (2048K), 2 survivors (2048K)
 Metaspace       used 65028K, capacity 69684K, committed 69888K, reserved 1110016K
  class space    used 8392K, capacity 9193K, committed 9216K, reserved 1048576K
}
{Heap before GC invocations=232 (full 0):
 garbage-first heap   total 262144K, used 196904K [0x00000000f0000000, 0x00000000f0100800, 0x0000000100000000)
  region size 1024K, 153 young (156672K), 2 survivors (2048K)
 Metaspace       used 65028K, capacity 69684K, committed 69888K, reserved 1110016K
  class space    used 8392K, capacity 9193K, committed 9216K, reserved 1048576K
2022-09-12T02:23:38.833+0800: 181.751: [GC pause (G1 Evacuation Pause) (young) 192M->42633K(256M), 0.0054044 secs]
Heap after GC invocations=233 (full 0):
 garbage-first heap   total 262144K, used 42633K [0x00000000f0000000, 0x00000000f0100800, 0x0000000100000000)
  region size 1024K, 2 young (2048K), 2 survivors (2048K)
 Metaspace       used 65028K, capacity 69684K, committed 69888K, reserved 1110016K
  class space    used 8392K, capacity 9193K, committed 9216K, reserved 1048576K
}
{Heap before GC invocations=233 (full 0):
 garbage-first heap   total 262144K, used 197257K [0x00000000f0000000, 0x00000000f0100800, 0x0000000100000000)
  region size 1024K, 153 young (156672K), 2 survivors (2048K)
 Metaspace       used 65029K, capacity 69684K, committed 69888K, reserved 1110016K
  class space    used 8393K, capacity 9193K, committed 9216K, reserved 1048576K
2022-09-12T02:23:39.367+0800: 182.285: [GC pause (G1 Evacuation Pause) (young) 192M->42695K(256M), 0.0055311 secs]
Heap after GC invocations=234 (full 0):
 garbage-first heap   total 262144K, used 42695K [0x00000000f0000000, 0x00000000f0100800, 0x0000000100000000)
  region size 1024K, 2 young (2048K), 2 survivors (2048K)
 Metaspace       used 65029K, capacity 69684K, committed 69888K, reserved 1110016K
  class space    used 8393K, capacity 9193K, committed 9216K, reserved 1048576K
}
{Heap before GC invocations=234 (full 0):
 garbage-first heap   total 262144K, used 197319K [0x00000000f0000000, 0x00000000f0100800, 0x0000000100000000)
  region size 1024K, 153 young (156672K), 2 survivors (2048K)
 Metaspace       used 65029K, capacity 69684K, committed 69888K, reserved 1110016K
  class space    used 8393K, capacity 9193K, committed 9216K, reserved 1048576K
2022-09-12T02:23:39.899+0800: 182.817: [GC pause (G1 Evacuation Pause) (young) 192M->42273K(256M), 0.0054576 secs]
Heap after GC invocations=235 (full 0):
 garbage-first heap   total 262144K, used 42273K [0x00000000f0000000, 0x00000000f0100800, 0x0000000100000000)
  region size 1024K, 2 young (2048K), 2 survivors (2048K)
 Metaspace       used 65029K, capacity 69684K, committed 69888K, reserved 1110016K
  class space    used 8393K, capacity 9193K, committed 9216K, reserved 1048576K
}
{Heap before GC invocations=235 (full 0):
 garbage-first heap   total 262144K, used 196897K [0x00000000f0000000, 0x00000000f0100800, 0x0000000100000000)
  region size 1024K, 153 young (156672K), 2 survivors (2048K)
 Metaspace       used 65029K, capacity 69684K, committed 69888K, reserved 1110016K
  class space    used 8393K, capacity 9193K, committed 9216K, reserved 1048576K
2022-09-12T02:23:40.432+0800: 183.349: [GC pause (G1 Evacuation Pause) (young) 192M->42623K(256M), 0.0054083 secs]
Heap after GC invocations=236 (full 0):
 garbage-first heap   total 262144K, used 42623K [0x00000000f0000000, 0x00000000f0100800, 0x0000000100000000)
  region size 1024K, 2 young (2048K), 2 survivors (2048K)
 Metaspace       used 65029K, capacity 69684K, committed 69888K, reserved 1110016K
  class space    used 8393K, capacity 9193K, committed 9216K, reserved 1048576K
}
{Heap before GC invocations=236 (full 0):
 garbage-first heap   total 262144K, used 197247K [0x00000000f0000000, 0x00000000f0100800, 0x0000000100000000)
  region size 1024K, 153 young (156672K), 2 survivors (2048K)
 Metaspace       used 65029K, capacity 69684K, committed 69888K, reserved 1110016K
  class space    used 8393K, capacity 9193K, committed 9216K, reserved 1048576K
2022-09-12T02:23:40.963+0800: 183.881: [GC pause (G1 Evacuation Pause) (young) 192M->42692K(256M), 0.0053931 secs]
Heap after GC invocations=237 (full 0):
 garbage-first heap   total 262144K, used 42692K [0x00000000f0000000, 0x00000000f0100800, 0x0000000100000000)
  region size 1024K, 2 young (2048K), 2 survivors (2048K)
 Metaspace       used 65029K, capacity 69684K, committed 69888K, reserved 1110016K
  class space    used 8393K, capacity 9193K, committed 9216K, reserved 1048576K
}
{Heap before GC invocations=237 (full 0):
 garbage-first heap   total 262144K, used 197316K [0x00000000f0000000, 0x00000000f0100800, 0x0000000100000000)
  region size 1024K, 153 young (156672K), 2 survivors (2048K)
 Metaspace       used 65029K, capacity 69684K, committed 69888K, reserved 1110016K
  class space    used 8393K, capacity 9193K, committed 9216K, reserved 1048576K
2022-09-12T02:23:41.504+0800: 184.422: [GC pause (G1 Evacuation Pause) (young) 192M->42282K(256M), 0.0053077 secs]
Heap after GC invocations=238 (full 0):
 garbage-first heap   total 262144K, used 42282K [0x00000000f0000000, 0x00000000f0100800, 0x0000000100000000)
  region size 1024K, 2 young (2048K), 2 survivors (2048K)
 Metaspace       used 65029K, capacity 69684K, committed 69888K, reserved 1110016K
  class space    used 8393K, capacity 9193K, committed 9216K, reserved 1048576K
}
{Heap before GC invocations=238 (full 0):
 garbage-first heap   total 262144K, used 196906K [0x00000000f0000000, 0x00000000f0100800, 0x0000000100000000)
  region size 1024K, 153 young (156672K), 2 survivors (2048K)
 Metaspace       used 65029K, capacity 69684K, committed 69888K, reserved 1110016K
  class space    used 8393K, capacity 9193K, committed 9216K, reserved 1048576K
2022-09-12T02:23:42.042+0800: 184.960: [GC pause (G1 Evacuation Pause) (young) 192M->42648K(256M), 0.0053463 secs]
Heap after GC invocations=239 (full 0):
 garbage-first heap   total 262144K, used 42648K [0x00000000f0000000, 0x00000000f0100800, 0x0000000100000000)
  region size 1024K, 2 young (2048K), 2 survivors (2048K)
 Metaspace       used 65029K, capacity 69684K, committed 69888K, reserved 1110016K
  class space    used 8393K, capacity 9193K, committed 9216K, reserved 1048576K
}
{Heap before GC invocations=239 (full 0):
 garbage-first heap   total 262144K, used 197272K [0x00000000f0000000, 0x00000000f0100800, 0x0000000100000000)
  region size 1024K, 153 young (156672K), 2 survivors (2048K)
 Metaspace       used 65029K, capacity 69684K, committed 69888K, reserved 1110016K
  class space    used 8393K, capacity 9193K, committed 9216K, reserved 1048576K
2022-09-12T02:23:42.576+0800: 185.494: [GC pause (G1 Evacuation Pause) (young) 192M->42706K(256M), 0.0052913 secs]
Heap after GC invocations=240 (full 0):
 garbage-first heap   total 262144K, used 42706K [0x00000000f0000000, 0x00000000f0100800, 0x0000000100000000)
  region size 1024K, 2 young (2048K), 2 survivors (2048K)
 Metaspace       used 65029K, capacity 69684K, committed 69888K, reserved 1110016K
  class space    used 8393K, capacity 9193K, committed 9216K, reserved 1048576K
}
{Heap before GC invocations=240 (full 0):
 garbage-first heap   total 262144K, used 197330K [0x00000000f0000000, 0x00000000f0100800, 0x0000000100000000)
  region size 1024K, 153 young (156672K), 2 survivors (2048K)
 Metaspace       used 65029K, capacity 69684K, committed 69888K, reserved 1110016K
  class space    used 8393K, capacity 9193K, committed 9216K, reserved 1048576K
2022-09-12T02:23:43.108+0800: 186.026: [GC pause (G1 Evacuation Pause) (young) 192M->42282K(256M), 0.0053931 secs]
Heap after GC invocations=241 (full 0):
 garbage-first heap   total 262144K, used 42282K [0x00000000f0000000, 0x00000000f0100800, 0x0000000100000000)
  region size 1024K, 2 young (2048K), 2 survivors (2048K)
 Metaspace       used 65029K, capacity 69684K, committed 69888K, reserved 1110016K
  class space    used 8393K, capacity 9193K, committed 9216K, reserved 1048576K
}
{Heap before GC invocations=241 (full 0):
 garbage-first heap   total 262144K, used 196906K [0x00000000f0000000, 0x00000000f0100800, 0x0000000100000000)
  region size 1024K, 153 young (156672K), 2 survivors (2048K)
 Metaspace       used 65029K, capacity 69684K, committed 69888K, reserved 1110016K
  class space    used 8393K, capacity 9193K, committed 9216K, reserved 1048576K
2022-09-12T02:23:43.639+0800: 186.557: [GC pause (G1 Evacuation Pause) (young) 192M->42653K(256M), 0.0053331 secs]
Heap after GC invocations=242 (full 0):
 garbage-first heap   total 262144K, used 42653K [0x00000000f0000000, 0x00000000f0100800, 0x0000000100000000)
  region size 1024K, 2 young (2048K), 2 survivors (2048K)
 Metaspace       used 65029K, capacity 69684K, committed 69888K, reserved 1110016K
  class space    used 8393K, capacity 9193K, committed 9216K, reserved 1048576K
}
{Heap before GC invocations=242 (full 0):
 garbage-first heap   total 262144K, used 197277K [0x00000000f0000000, 0x00000000f0100800, 0x0000000100000000)
  region size 1024K, 153 young (156672K), 2 survivors (2048K)
 Metaspace       used 65029K, capacity 69684K, committed 69888K, reserved 1110016K
  class space    used 8393K, capacity 9193K, committed 9216K, reserved 1048576K
2022-09-12T02:23:44.172+0800: 187.090: [GC pause (G1 Evacuation Pause) (young) 192M->42704K(256M), 0.0053783 secs]
Heap after GC invocations=243 (full 0):
 garbage-first heap   total 262144K, used 42704K [0x00000000f0000000, 0x00000000f0100800, 0x0000000100000000)
  region size 1024K, 2 young (2048K), 2 survivors (2048K)
 Metaspace       used 65029K, capacity 69684K, committed 69888K, reserved 1110016K
  class space    used 8393K, capacity 9193K, committed 9216K, reserved 1048576K
}
{Heap before GC invocations=243 (full 0):
 garbage-first heap   total 262144K, used 197328K [0x00000000f0000000, 0x00000000f0100800, 0x0000000100000000)
  region size 1024K, 153 young (156672K), 2 survivors (2048K)
 Metaspace       used 65029K, capacity 69684K, committed 69888K, reserved 1110016K
  class space    used 8393K, capacity 9193K, committed 9216K, reserved 1048576K
2022-09-12T02:23:44.703+0800: 187.621: [GC pause (G1 Evacuation Pause) (young) 192M->42289K(256M), 0.0053224 secs]
Heap after GC invocations=244 (full 0):
 garbage-first heap   total 262144K, used 42289K [0x00000000f0000000, 0x00000000f0100800, 0x0000000100000000)
  region size 1024K, 2 young (2048K), 2 survivors (2048K)
 Metaspace       used 65029K, capacity 69684K, committed 69888K, reserved 1110016K
  class space    used 8393K, capacity 9193K, committed 9216K, reserved 1048576K
}
{Heap before GC invocations=244 (full 0):
 garbage-first heap   total 262144K, used 196913K [0x00000000f0000000, 0x00000000f0100800, 0x0000000100000000)
  region size 1024K, 153 young (156672K), 2 survivors (2048K)
 Metaspace       used 65029K, capacity 69684K, committed 69888K, reserved 1110016K
  class space    used 8393K, capacity 9193K, committed 9216K, reserved 1048576K
2022-09-12T02:23:45.233+0800: 188.151: [GC pause (G1 Evacuation Pause) (young) 192M->42652K(256M), 0.0054101 secs]
Heap after GC invocations=245 (full 0):
 garbage-first heap   total 262144K, used 42652K [0x00000000f0000000, 0x00000000f0100800, 0x0000000100000000)
  region size 1024K, 2 young (2048K), 2 survivors (2048K)
 Metaspace       used 65029K, capacity 69684K, committed 69888K, reserved 1110016K
  class space    used 8393K, capacity 9193K, committed 9216K, reserved 1048576K
}
{Heap before GC invocations=245 (full 0):
 garbage-first heap   total 262144K, used 197276K [0x00000000f0000000, 0x00000000f0100800, 0x0000000100000000)
  region size 1024K, 153 young (156672K), 2 survivors (2048K)
 Metaspace       used 65029K, capacity 69684K, committed 69888K, reserved 1110016K
  class space    used 8393K, capacity 9193K, committed 9216K, reserved 1048576K
2022-09-12T02:23:45.771+0800: 188.689: [GC pause (G1 Evacuation Pause) (young) 192M->42701K(256M), 0.0052393 secs]
Heap after GC invocations=246 (full 0):
 garbage-first heap   total 262144K, used 42701K [0x00000000f0000000, 0x00000000f0100800, 0x0000000100000000)
  region size 1024K, 2 young (2048K), 2 survivors (2048K)
 Metaspace       used 65029K, capacity 69684K, committed 69888K, reserved 1110016K
  class space    used 8393K, capacity 9193K, committed 9216K, reserved 1048576K
}
{Heap before GC invocations=246 (full 0):
 garbage-first heap   total 262144K, used 197325K [0x00000000f0000000, 0x00000000f0100800, 0x0000000100000000)
  region size 1024K, 153 young (156672K), 2 survivors (2048K)
 Metaspace       used 65029K, capacity 69684K, committed 69888K, reserved 1110016K
  class space    used 8393K, capacity 9193K, committed 9216K, reserved 1048576K
2022-09-12T02:23:46.313+0800: 189.231: [GC pause (G1 Evacuation Pause) (young) 192M->42282K(256M), 0.0053277 secs]
Heap after GC invocations=247 (full 0):
 garbage-first heap   total 262144K, used 42282K [0x00000000f0000000, 0x00000000f0100800, 0x0000000100000000)
  region size 1024K, 2 young (2048K), 2 survivors (2048K)
 Metaspace       used 65029K, capacity 69684K, committed 69888K, reserved 1110016K
  class space    used 8393K, capacity 9193K, committed 9216K, reserved 1048576K
}
{Heap before GC invocations=247 (full 0):
 garbage-first heap   total 262144K, used 196906K [0x00000000f0000000, 0x00000000f0100800, 0x0000000100000000)
  region size 1024K, 153 young (156672K), 2 survivors (2048K)
 Metaspace       used 65029K, capacity 69684K, committed 69888K, reserved 1110016K
  class space    used 8393K, capacity 9193K, committed 9216K, reserved 1048576K
2022-09-12T02:23:46.845+0800: 189.763: [GC pause (G1 Evacuation Pause) (young) 192M->42645K(256M), 0.0053936 secs]
Heap after GC invocations=248 (full 0):
 garbage-first heap   total 262144K, used 42645K [0x00000000f0000000, 0x00000000f0100800, 0x0000000100000000)
  region size 1024K, 2 young (2048K), 2 survivors (2048K)
 Metaspace       used 65029K, capacity 69684K, committed 69888K, reserved 1110016K
  class space    used 8393K, capacity 9193K, committed 9216K, reserved 1048576K
}
{Heap before GC invocations=248 (full 0):
 garbage-first heap   total 262144K, used 197269K [0x00000000f0000000, 0x00000000f0100800, 0x0000000100000000)
  region size 1024K, 153 young (156672K), 2 survivors (2048K)
 Metaspace       used 65031K, capacity 69684K, committed 69888K, reserved 1110016K
  class space    used 8393K, capacity 9193K, committed 9216K, reserved 1048576K
2022-09-12T02:23:47.377+0800: 190.295: [GC pause (G1 Evacuation Pause) (young) 192M->42709K(256M), 0.0054301 secs]
Heap after GC invocations=249 (full 0):
 garbage-first heap   total 262144K, used 42709K [0x00000000f0000000, 0x00000000f0100800, 0x0000000100000000)
  region size 1024K, 2 young (2048K), 2 survivors (2048K)
 Metaspace       used 65031K, capacity 69684K, committed 69888K, reserved 1110016K
  class space    used 8393K, capacity 9193K, committed 9216K, reserved 1048576K
}
{Heap before GC invocations=249 (full 0):
 garbage-first heap   total 262144K, used 197333K [0x00000000f0000000, 0x00000000f0100800, 0x0000000100000000)
  region size 1024K, 153 young (156672K), 2 survivors (2048K)
 Metaspace       used 65031K, capacity 69684K, committed 69888K, reserved 1110016K
  class space    used 8393K, capacity 9193K, committed 9216K, reserved 1048576K
2022-09-12T02:23:47.908+0800: 190.826: [GC pause (G1 Evacuation Pause) (young) 192M->42288K(256M), 0.0054018 secs]
Heap after GC invocations=250 (full 0):
 garbage-first heap   total 262144K, used 42288K [0x00000000f0000000, 0x00000000f0100800, 0x0000000100000000)
  region size 1024K, 2 young (2048K), 2 survivors (2048K)
 Metaspace       used 65031K, capacity 69684K, committed 69888K, reserved 1110016K
  class space    used 8393K, capacity 9193K, committed 9216K, reserved 1048576K
}
{Heap before GC invocations=250 (full 0):
 garbage-first heap   total 262144K, used 196912K [0x00000000f0000000, 0x00000000f0100800, 0x0000000100000000)
  region size 1024K, 153 young (156672K), 2 survivors (2048K)
 Metaspace       used 65031K, capacity 69684K, committed 69888K, reserved 1110016K
  class space    used 8393K, capacity 9193K, committed 9216K, reserved 1048576K
2022-09-12T02:23:48.440+0800: 191.358: [GC pause (G1 Evacuation Pause) (young) 192M->42643K(256M), 0.0053651 secs]
Heap after GC invocations=251 (full 0):
 garbage-first heap   total 262144K, used 42643K [0x00000000f0000000, 0x00000000f0100800, 0x0000000100000000)
  region size 1024K, 2 young (2048K), 2 survivors (2048K)
 Metaspace       used 65031K, capacity 69684K, committed 69888K, reserved 1110016K
  class space    used 8393K, capacity 9193K, committed 9216K, reserved 1048576K
}
{Heap before GC invocations=251 (full 0):
 garbage-first heap   total 262144K, used 197267K [0x00000000f0000000, 0x00000000f0100800, 0x0000000100000000)
  region size 1024K, 153 young (156672K), 2 survivors (2048K)
 Metaspace       used 65031K, capacity 69684K, committed 69888K, reserved 1110016K
  class space    used 8393K, capacity 9193K, committed 9216K, reserved 1048576K
2022-09-12T02:23:48.972+0800: 191.890: [GC pause (G1 Evacuation Pause) (young) 192M->42714K(256M), 0.0054219 secs]
Heap after GC invocations=252 (full 0):
 garbage-first heap   total 262144K, used 42714K [0x00000000f0000000, 0x00000000f0100800, 0x0000000100000000)
  region size 1024K, 2 young (2048K), 2 survivors (2048K)
 Metaspace       used 65031K, capacity 69684K, committed 69888K, reserved 1110016K
  class space    used 8393K, capacity 9193K, committed 9216K, reserved 1048576K
}
{Heap before GC invocations=252 (full 0):
 garbage-first heap   total 262144K, used 197338K [0x00000000f0000000, 0x00000000f0100800, 0x0000000100000000)
  region size 1024K, 153 young (156672K), 2 survivors (2048K)
 Metaspace       used 65031K, capacity 69684K, committed 69888K, reserved 1110016K
  class space    used 8393K, capacity 9193K, committed 9216K, reserved 1048576K
2022-09-12T02:23:49.503+0800: 192.421: [GC pause (G1 Evacuation Pause) (young) 192M->42458K(256M), 0.0060740 secs]
Heap after GC invocations=253 (full 0):
 garbage-first heap   total 262144K, used 42458K [0x00000000f0000000, 0x00000000f0100800, 0x0000000100000000)
  region size 1024K, 2 young (2048K), 2 survivors (2048K)
 Metaspace       used 65031K, capacity 69684K, committed 69888K, reserved 1110016K
  class space    used 8393K, capacity 9193K, committed 9216K, reserved 1048576K
}
{Heap before GC invocations=253 (full 0):
 garbage-first heap   total 262144K, used 197082K [0x00000000f0000000, 0x00000000f0100800, 0x0000000100000000)
  region size 1024K, 153 young (156672K), 2 survivors (2048K)
 Metaspace       used 65032K, capacity 69748K, committed 69888K, reserved 1110016K
  class space    used 8393K, capacity 9193K, committed 9216K, reserved 1048576K
2022-09-12T02:23:50.035+0800: 192.953: [GC pause (G1 Evacuation Pause) (young) 192M->42664K(256M), 0.0053951 secs]
Heap after GC invocations=254 (full 0):
 garbage-first heap   total 262144K, used 42664K [0x00000000f0000000, 0x00000000f0100800, 0x0000000100000000)
  region size 1024K, 2 young (2048K), 2 survivors (2048K)
 Metaspace       used 65032K, capacity 69748K, committed 69888K, reserved 1110016K
  class space    used 8393K, capacity 9193K, committed 9216K, reserved 1048576K
}
{Heap before GC invocations=254 (full 0):
 garbage-first heap   total 262144K, used 197288K [0x00000000f0000000, 0x00000000f0100800, 0x0000000100000000)
  region size 1024K, 153 young (156672K), 2 survivors (2048K)
 Metaspace       used 65032K, capacity 69748K, committed 69888K, reserved 1110016K
  class space    used 8393K, capacity 9193K, committed 9216K, reserved 1048576K
2022-09-12T02:23:50.573+0800: 193.491: [GC pause (G1 Evacuation Pause) (young) 192M->42712K(256M), 0.0053256 secs]
Heap after GC invocations=255 (full 0):
 garbage-first heap   total 262144K, used 42712K [0x00000000f0000000, 0x00000000f0100800, 0x0000000100000000)
  region size 1024K, 2 young (2048K), 2 survivors (2048K)
 Metaspace       used 65032K, capacity 69748K, committed 69888K, reserved 1110016K
  class space    used 8393K, capacity 9193K, committed 9216K, reserved 1048576K
}
{Heap before GC invocations=255 (full 0):
 garbage-first heap   total 262144K, used 197336K [0x00000000f0000000, 0x00000000f0100800, 0x0000000100000000)
  region size 1024K, 153 young (156672K), 2 survivors (2048K)
 Metaspace       used 65032K, capacity 69748K, committed 69888K, reserved 1110016K
  class space    used 8393K, capacity 9193K, committed 9216K, reserved 1048576K
2022-09-12T02:23:51.104+0800: 194.022: [GC pause (G1 Evacuation Pause) (young) 192M->42298K(256M), 0.0052331 secs]
Heap after GC invocations=256 (full 0):
 garbage-first heap   total 262144K, used 42298K [0x00000000f0000000, 0x00000000f0100800, 0x0000000100000000)
  region size 1024K, 2 young (2048K), 2 survivors (2048K)
 Metaspace       used 65032K, capacity 69748K, committed 69888K, reserved 1110016K
  class space    used 8393K, capacity 9193K, committed 9216K, reserved 1048576K
}
{Heap before GC invocations=256 (full 0):
 garbage-first heap   total 262144K, used 196922K [0x00000000f0000000, 0x00000000f0100800, 0x0000000100000000)
  region size 1024K, 153 young (156672K), 2 survivors (2048K)
 Metaspace       used 65032K, capacity 69748K, committed 69888K, reserved 1110016K
  class space    used 8393K, capacity 9193K, committed 9216K, reserved 1048576K
2022-09-12T02:23:51.635+0800: 194.553: [GC pause (G1 Evacuation Pause) (young) 192M->42650K(256M), 0.0052285 secs]
Heap after GC invocations=257 (full 0):
 garbage-first heap   total 262144K, used 42650K [0x00000000f0000000, 0x00000000f0100800, 0x0000000100000000)
  region size 1024K, 2 young (2048K), 2 survivors (2048K)
 Metaspace       used 65032K, capacity 69748K, committed 69888K, reserved 1110016K
  class space    used 8393K, capacity 9193K, committed 9216K, reserved 1048576K
}
{Heap before GC invocations=257 (full 0):
 garbage-first heap   total 262144K, used 197274K [0x00000000f0000000, 0x00000000f0100800, 0x0000000100000000)
  region size 1024K, 153 young (156672K), 2 survivors (2048K)
 Metaspace       used 65032K, capacity 69748K, committed 69888K, reserved 1110016K
  class space    used 8393K, capacity 9193K, committed 9216K, reserved 1048576K
2022-09-12T02:23:52.167+0800: 195.085: [GC pause (G1 Evacuation Pause) (young) 192M->42705K(256M), 0.0053247 secs]
Heap after GC invocations=258 (full 0):
 garbage-first heap   total 262144K, used 42705K [0x00000000f0000000, 0x00000000f0100800, 0x0000000100000000)
  region size 1024K, 2 young (2048K), 2 survivors (2048K)
 Metaspace       used 65032K, capacity 69748K, committed 69888K, reserved 1110016K
  class space    used 8393K, capacity 9193K, committed 9216K, reserved 1048576K
}
{Heap before GC invocations=258 (full 0):
 garbage-first heap   total 262144K, used 197329K [0x00000000f0000000, 0x00000000f0100800, 0x0000000100000000)
  region size 1024K, 153 young (156672K), 2 survivors (2048K)
 Metaspace       used 65033K, capacity 69748K, committed 69888K, reserved 1110016K
  class space    used 8393K, capacity 9193K, committed 9216K, reserved 1048576K
2022-09-12T02:23:52.697+0800: 195.615: [GC pause (G1 Evacuation Pause) (young) 192M->42488K(256M), 0.0058200 secs]
Heap after GC invocations=259 (full 0):
 garbage-first heap   total 262144K, used 42488K [0x00000000f0000000, 0x00000000f0100800, 0x0000000100000000)
  region size 1024K, 2 young (2048K), 2 survivors (2048K)
 Metaspace       used 65033K, capacity 69748K, committed 69888K, reserved 1110016K
  class space    used 8393K, capacity 9193K, committed 9216K, reserved 1048576K
}
{Heap before GC invocations=259 (full 0):
 garbage-first heap   total 262144K, used 197112K [0x00000000f0000000, 0x00000000f0100800, 0x0000000100000000)
  region size 1024K, 153 young (156672K), 2 survivors (2048K)
 Metaspace       used 65033K, capacity 69748K, committed 69888K, reserved 1110016K
  class space    used 8393K, capacity 9193K, committed 9216K, reserved 1048576K
2022-09-12T02:23:53.229+0800: 196.146: [GC pause (G1 Evacuation Pause) (young) 192M->42730K(256M), 0.0053677 secs]
Heap after GC invocations=260 (full 0):
 garbage-first heap   total 262144K, used 42730K [0x00000000f0000000, 0x00000000f0100800, 0x0000000100000000)
  region size 1024K, 2 young (2048K), 2 survivors (2048K)
 Metaspace       used 65033K, capacity 69748K, committed 69888K, reserved 1110016K
  class space    used 8393K, capacity 9193K, committed 9216K, reserved 1048576K
}
{Heap before GC invocations=260 (full 0):
 garbage-first heap   total 262144K, used 197354K [0x00000000f0000000, 0x00000000f0100800, 0x0000000100000000)
  region size 1024K, 153 young (156672K), 2 survivors (2048K)
 Metaspace       used 65036K, capacity 69748K, committed 69888K, reserved 1110016K
  class space    used 8393K, capacity 9193K, committed 9216K, reserved 1048576K
2022-09-12T02:23:53.759+0800: 196.677: [GC pause (G1 Evacuation Pause) (young) 192M->42297K(256M), 0.0053224 secs]
Heap after GC invocations=261 (full 0):
 garbage-first heap   total 262144K, used 42297K [0x00000000f0000000, 0x00000000f0100800, 0x0000000100000000)
  region size 1024K, 2 young (2048K), 2 survivors (2048K)
 Metaspace       used 65036K, capacity 69748K, committed 69888K, reserved 1110016K
  class space    used 8393K, capacity 9193K, committed 9216K, reserved 1048576K
}
{Heap before GC invocations=261 (full 0):
 garbage-first heap   total 262144K, used 196921K [0x00000000f0000000, 0x00000000f0100800, 0x0000000100000000)
  region size 1024K, 153 young (156672K), 2 survivors (2048K)
 Metaspace       used 65045K, capacity 69748K, committed 69888K, reserved 1110016K
  class space    used 8393K, capacity 9193K, committed 9216K, reserved 1048576K
2022-09-12T02:23:54.292+0800: 197.210: [GC pause (G1 Evacuation Pause) (young) 192M->42654K(256M), 0.0052404 secs]
Heap after GC invocations=262 (full 0):
 garbage-first heap   total 262144K, used 42654K [0x00000000f0000000, 0x00000000f0100800, 0x0000000100000000)
  region size 1024K, 2 young (2048K), 2 survivors (2048K)
 Metaspace       used 65045K, capacity 69748K, committed 69888K, reserved 1110016K
  class space    used 8393K, capacity 9193K, committed 9216K, reserved 1048576K
}
{Heap before GC invocations=262 (full 0):
 garbage-first heap   total 262144K, used 197278K [0x00000000f0000000, 0x00000000f0100800, 0x0000000100000000)
  region size 1024K, 153 young (156672K), 2 survivors (2048K)
 Metaspace       used 65045K, capacity 69748K, committed 69888K, reserved 1110016K
  class space    used 8393K, capacity 9193K, committed 9216K, reserved 1048576K
2022-09-12T02:23:54.836+0800: 197.754: [GC pause (G1 Evacuation Pause) (young) 192M->42722K(256M), 0.0053160 secs]
Heap after GC invocations=263 (full 0):
 garbage-first heap   total 262144K, used 42722K [0x00000000f0000000, 0x00000000f0100800, 0x0000000100000000)
  region size 1024K, 2 young (2048K), 2 survivors (2048K)
 Metaspace       used 65045K, capacity 69748K, committed 69888K, reserved 1110016K
  class space    used 8393K, capacity 9193K, committed 9216K, reserved 1048576K
}
{Heap before GC invocations=263 (full 0):
 garbage-first heap   total 262144K, used 197346K [0x00000000f0000000, 0x00000000f0100800, 0x0000000100000000)
  region size 1024K, 153 young (156672K), 2 survivors (2048K)
 Metaspace       used 65045K, capacity 69748K, committed 69888K, reserved 1110016K
  class space    used 8393K, capacity 9193K, committed 9216K, reserved 1048576K
2022-09-12T02:23:55.365+0800: 198.283: [GC pause (G1 Evacuation Pause) (young) 192M->42298K(256M), 0.0053033 secs]
Heap after GC invocations=264 (full 0):
 garbage-first heap   total 262144K, used 42298K [0x00000000f0000000, 0x00000000f0100800, 0x0000000100000000)
  region size 1024K, 2 young (2048K), 2 survivors (2048K)
 Metaspace       used 65045K, capacity 69748K, committed 69888K, reserved 1110016K
  class space    used 8393K, capacity 9193K, committed 9216K, reserved 1048576K
}
{Heap before GC invocations=264 (full 0):
 garbage-first heap   total 262144K, used 196922K [0x00000000f0000000, 0x00000000f0100800, 0x0000000100000000)
  region size 1024K, 153 young (156672K), 2 survivors (2048K)
 Metaspace       used 65045K, capacity 69748K, committed 69888K, reserved 1110016K
  class space    used 8393K, capacity 9193K, committed 9216K, reserved 1048576K
2022-09-12T02:23:55.896+0800: 198.814: [GC pause (G1 Evacuation Pause) (young) 192M->42666K(256M), 0.0051989 secs]
Heap after GC invocations=265 (full 0):
 garbage-first heap   total 262144K, used 42666K [0x00000000f0000000, 0x00000000f0100800, 0x0000000100000000)
  region size 1024K, 2 young (2048K), 2 survivors (2048K)
 Metaspace       used 65045K, capacity 69748K, committed 69888K, reserved 1110016K
  class space    used 8393K, capacity 9193K, committed 9216K, reserved 1048576K
}
{Heap before GC invocations=265 (full 0):
 garbage-first heap   total 262144K, used 197290K [0x00000000f0000000, 0x00000000f0100800, 0x0000000100000000)
  region size 1024K, 153 young (156672K), 2 survivors (2048K)
 Metaspace       used 65045K, capacity 69748K, committed 69888K, reserved 1110016K
  class space    used 8393K, capacity 9193K, committed 9216K, reserved 1048576K
2022-09-12T02:23:56.426+0800: 199.344: [GC pause (G1 Evacuation Pause) (young) 192M->42718K(256M), 0.0054561 secs]
Heap after GC invocations=266 (full 0):
 garbage-first heap   total 262144K, used 42718K [0x00000000f0000000, 0x00000000f0100800, 0x0000000100000000)
  region size 1024K, 2 young (2048K), 2 survivors (2048K)
 Metaspace       used 65045K, capacity 69748K, committed 69888K, reserved 1110016K
  class space    used 8393K, capacity 9193K, committed 9216K, reserved 1048576K
}
{Heap before GC invocations=266 (full 0):
 garbage-first heap   total 262144K, used 197342K [0x00000000f0000000, 0x00000000f0100800, 0x0000000100000000)
  region size 1024K, 153 young (156672K), 2 survivors (2048K)
 Metaspace       used 65045K, capacity 69748K, committed 69888K, reserved 1110016K
  class space    used 8393K, capacity 9193K, committed 9216K, reserved 1048576K
2022-09-12T02:23:56.953+0800: 199.871: [GC pause (G1 Evacuation Pause) (young) 192M->42300K(256M), 0.0053435 secs]
Heap after GC invocations=267 (full 0):
 garbage-first heap   total 262144K, used 42300K [0x00000000f0000000, 0x00000000f0100800, 0x0000000100000000)
  region size 1024K, 2 young (2048K), 2 survivors (2048K)
 Metaspace       used 65045K, capacity 69748K, committed 69888K, reserved 1110016K
  class space    used 8393K, capacity 9193K, committed 9216K, reserved 1048576K
}
{Heap before GC invocations=267 (full 0):
 garbage-first heap   total 262144K, used 196924K [0x00000000f0000000, 0x00000000f0100800, 0x0000000100000000)
  region size 1024K, 153 young (156672K), 2 survivors (2048K)
 Metaspace       used 65045K, capacity 69748K, committed 69888K, reserved 1110016K
  class space    used 8393K, capacity 9193K, committed 9216K, reserved 1048576K
2022-09-12T02:23:57.483+0800: 200.401: [GC pause (G1 Evacuation Pause) (young) 192M->42672K(256M), 0.0053874 secs]
Heap after GC invocations=268 (full 0):
 garbage-first heap   total 262144K, used 42672K [0x00000000f0000000, 0x00000000f0100800, 0x0000000100000000)
  region size 1024K, 2 young (2048K), 2 survivors (2048K)
 Metaspace       used 65045K, capacity 69748K, committed 69888K, reserved 1110016K
  class space    used 8393K, capacity 9193K, committed 9216K, reserved 1048576K
}
{Heap before GC invocations=268 (full 0):
 garbage-first heap   total 262144K, used 197296K [0x00000000f0000000, 0x00000000f0100800, 0x0000000100000000)
  region size 1024K, 153 young (156672K), 2 survivors (2048K)
 Metaspace       used 65045K, capacity 69748K, committed 69888K, reserved 1110016K
  class space    used 8393K, capacity 9193K, committed 9216K, reserved 1048576K
2022-09-12T02:23:58.013+0800: 200.931: [GC pause (G1 Evacuation Pause) (young) 192M->42726K(256M), 0.0054215 secs]
Heap after GC invocations=269 (full 0):
 garbage-first heap   total 262144K, used 42726K [0x00000000f0000000, 0x00000000f0100800, 0x0000000100000000)
  region size 1024K, 2 young (2048K), 2 survivors (2048K)
 Metaspace       used 65045K, capacity 69748K, committed 69888K, reserved 1110016K
  class space    used 8393K, capacity 9193K, committed 9216K, reserved 1048576K
}
{Heap before GC invocations=269 (full 0):
 garbage-first heap   total 262144K, used 197350K [0x00000000f0000000, 0x00000000f0100800, 0x0000000100000000)
  region size 1024K, 153 young (156672K), 2 survivors (2048K)
 Metaspace       used 65045K, capacity 69748K, committed 69888K, reserved 1110016K
  class space    used 8393K, capacity 9193K, committed 9216K, reserved 1048576K
2022-09-12T02:23:58.543+0800: 201.461: [GC pause (G1 Evacuation Pause) (young) 192M->42303K(256M), 0.0055293 secs]
Heap after GC invocations=270 (full 0):
 garbage-first heap   total 262144K, used 42303K [0x00000000f0000000, 0x00000000f0100800, 0x0000000100000000)
  region size 1024K, 2 young (2048K), 2 survivors (2048K)
 Metaspace       used 65045K, capacity 69748K, committed 69888K, reserved 1110016K
  class space    used 8393K, capacity 9193K, committed 9216K, reserved 1048576K
}
{Heap before GC invocations=270 (full 0):
 garbage-first heap   total 262144K, used 196927K [0x00000000f0000000, 0x00000000f0100800, 0x0000000100000000)
  region size 1024K, 153 young (156672K), 2 survivors (2048K)
 Metaspace       used 65048K, capacity 69748K, committed 69888K, reserved 1110016K
  class space    used 8393K, capacity 9193K, committed 9216K, reserved 1048576K
2022-09-12T02:23:59.073+0800: 201.991: [GC pause (G1 Evacuation Pause) (young) 192M->42670K(256M), 0.0054981 secs]
Heap after GC invocations=271 (full 0):
 garbage-first heap   total 262144K, used 42670K [0x00000000f0000000, 0x00000000f0100800, 0x0000000100000000)
  region size 1024K, 2 young (2048K), 2 survivors (2048K)
 Metaspace       used 65048K, capacity 69748K, committed 69888K, reserved 1110016K
  class space    used 8393K, capacity 9193K, committed 9216K, reserved 1048576K
}
{Heap before GC invocations=271 (full 0):
 garbage-first heap   total 262144K, used 197294K [0x00000000f0000000, 0x00000000f0100800, 0x0000000100000000)
  region size 1024K, 153 young (156672K), 2 survivors (2048K)
 Metaspace       used 65048K, capacity 69748K, committed 69888K, reserved 1110016K
  class space    used 8393K, capacity 9193K, committed 9216K, reserved 1048576K
2022-09-12T02:23:59.614+0800: 202.532: [GC pause (G1 Evacuation Pause) (young) 192M->42732K(256M), 0.0052694 secs]
Heap after GC invocations=272 (full 0):
 garbage-first heap   total 262144K, used 42732K [0x00000000f0000000, 0x00000000f0100800, 0x0000000100000000)
  region size 1024K, 2 young (2048K), 2 survivors (2048K)
 Metaspace       used 65048K, capacity 69748K, committed 69888K, reserved 1110016K
  class space    used 8393K, capacity 9193K, committed 9216K, reserved 1048576K
}
{Heap before GC invocations=272 (full 0):
 garbage-first heap   total 262144K, used 197356K [0x00000000f0000000, 0x00000000f0100800, 0x0000000100000000)
  region size 1024K, 153 young (156672K), 2 survivors (2048K)
 Metaspace       used 65048K, capacity 69748K, committed 69888K, reserved 1110016K
  class space    used 8393K, capacity 9193K, committed 9216K, reserved 1048576K
2022-09-12T02:24:00.147+0800: 203.065: [GC pause (G1 Evacuation Pause) (young) 192M->42300K(256M), 0.0057483 secs]
Heap after GC invocations=273 (full 0):
 garbage-first heap   total 262144K, used 42300K [0x00000000f0000000, 0x00000000f0100800, 0x0000000100000000)
  region size 1024K, 2 young (2048K), 2 survivors (2048K)
 Metaspace       used 65048K, capacity 69748K, committed 69888K, reserved 1110016K
  class space    used 8393K, capacity 9193K, committed 9216K, reserved 1048576K
}
{Heap before GC invocations=273 (full 0):
 garbage-first heap   total 262144K, used 196924K [0x00000000f0000000, 0x00000000f0100800, 0x0000000100000000)
  region size 1024K, 153 young (156672K), 2 survivors (2048K)
 Metaspace       used 65053K, capacity 69748K, committed 69888K, reserved 1110016K
  class space    used 8393K, capacity 9193K, committed 9216K, reserved 1048576K
2022-09-12T02:24:00.677+0800: 203.595: [GC pause (G1 Evacuation Pause) (young) 192M->42666K(256M), 0.0054087 secs]
Heap after GC invocations=274 (full 0):
 garbage-first heap   total 262144K, used 42666K [0x00000000f0000000, 0x00000000f0100800, 0x0000000100000000)
  region size 1024K, 2 young (2048K), 2 survivors (2048K)
 Metaspace       used 65053K, capacity 69748K, committed 69888K, reserved 1110016K
  class space    used 8393K, capacity 9193K, committed 9216K, reserved 1048576K
}
{Heap before GC invocations=274 (full 0):
 garbage-first heap   total 262144K, used 197290K [0x00000000f0000000, 0x00000000f0100800, 0x0000000100000000)
  region size 1024K, 153 young (156672K), 2 survivors (2048K)
 Metaspace       used 65054K, capacity 69748K, committed 69888K, reserved 1110016K
  class space    used 8393K, capacity 9193K, committed 9216K, reserved 1048576K
2022-09-12T02:24:01.216+0800: 204.134: [GC pause (G1 Evacuation Pause) (young) 192M->42729K(256M), 0.0052432 secs]
Heap after GC invocations=275 (full 0):
 garbage-first heap   total 262144K, used 42729K [0x00000000f0000000, 0x00000000f0100800, 0x0000000100000000)
  region size 1024K, 2 young (2048K), 2 survivors (2048K)
 Metaspace       used 65054K, capacity 69748K, committed 69888K, reserved 1110016K
  class space    used 8393K, capacity 9193K, committed 9216K, reserved 1048576K
}
{Heap before GC invocations=275 (full 0):
 garbage-first heap   total 262144K, used 197353K [0x00000000f0000000, 0x00000000f0100800, 0x0000000100000000)
  region size 1024K, 153 young (156672K), 2 survivors (2048K)
 Metaspace       used 65054K, capacity 69748K, committed 69888K, reserved 1110016K
  class space    used 8393K, capacity 9193K, committed 9216K, reserved 1048576K
2022-09-12T02:24:01.747+0800: 204.664: [GC pause (G1 Evacuation Pause) (young) 192M->42298K(256M), 0.0053389 secs]
Heap after GC invocations=276 (full 0):
 garbage-first heap   total 262144K, used 42298K [0x00000000f0000000, 0x00000000f0100800, 0x0000000100000000)
  region size 1024K, 2 young (2048K), 2 survivors (2048K)
 Metaspace       used 65054K, capacity 69748K, committed 69888K, reserved 1110016K
  class space    used 8393K, capacity 9193K, committed 9216K, reserved 1048576K
}
{Heap before GC invocations=276 (full 0):
 garbage-first heap   total 262144K, used 196922K [0x00000000f0000000, 0x00000000f0100800, 0x0000000100000000)
  region size 1024K, 153 young (156672K), 2 survivors (2048K)
 Metaspace       used 65054K, capacity 69748K, committed 69888K, reserved 1110016K
  class space    used 8393K, capacity 9193K, committed 9216K, reserved 1048576K
2022-09-12T02:24:02.278+0800: 205.196: [GC pause (G1 Evacuation Pause) (young) 192M->42667K(256M), 0.0053826 secs]
Heap after GC invocations=277 (full 0):
 garbage-first heap   total 262144K, used 42667K [0x00000000f0000000, 0x00000000f0100800, 0x0000000100000000)
  region size 1024K, 2 young (2048K), 2 survivors (2048K)
 Metaspace       used 65054K, capacity 69748K, committed 69888K, reserved 1110016K
  class space    used 8393K, capacity 9193K, committed 9216K, reserved 1048576K
}
{Heap before GC invocations=277 (full 0):
 garbage-first heap   total 262144K, used 197291K [0x00000000f0000000, 0x00000000f0100800, 0x0000000100000000)
  region size 1024K, 153 young (156672K), 2 survivors (2048K)
 Metaspace       used 65054K, capacity 69748K, committed 69888K, reserved 1110016K
  class space    used 8393K, capacity 9193K, committed 9216K, reserved 1048576K
2022-09-12T02:24:02.809+0800: 205.727: [GC pause (G1 Evacuation Pause) (young) 192M->42465K(256M), 0.0056859 secs]
Heap after GC invocations=278 (full 0):
 garbage-first heap   total 262144K, used 42465K [0x00000000f0000000, 0x00000000f0100800, 0x0000000100000000)
  region size 1024K, 2 young (2048K), 2 survivors (2048K)
 Metaspace       used 65054K, capacity 69748K, committed 69888K, reserved 1110016K
  class space    used 8393K, capacity 9193K, committed 9216K, reserved 1048576K
}
{Heap before GC invocations=278 (full 0):
 garbage-first heap   total 262144K, used 197089K [0x00000000f0000000, 0x00000000f0100800, 0x0000000100000000)
  region size 1024K, 153 young (156672K), 2 survivors (2048K)
 Metaspace       used 65054K, capacity 69748K, committed 69888K, reserved 1110016K
  class space    used 8393K, capacity 9193K, committed 9216K, reserved 1048576K
2022-09-12T02:24:03.343+0800: 206.260: [GC pause (G1 Evacuation Pause) (young) 192M->42728K(256M), 0.0053386 secs]
Heap after GC invocations=279 (full 0):
 garbage-first heap   total 262144K, used 42728K [0x00000000f0000000, 0x00000000f0100800, 0x0000000100000000)
  region size 1024K, 2 young (2048K), 2 survivors (2048K)
 Metaspace       used 65054K, capacity 69748K, committed 69888K, reserved 1110016K
  class space    used 8393K, capacity 9193K, committed 9216K, reserved 1048576K
}
{Heap before GC invocations=279 (full 0):
 garbage-first heap   total 262144K, used 197352K [0x00000000f0000000, 0x00000000f0100800, 0x0000000100000000)
  region size 1024K, 153 young (156672K), 2 survivors (2048K)
 Metaspace       used 65054K, capacity 69748K, committed 69888K, reserved 1110016K
  class space    used 8393K, capacity 9193K, committed 9216K, reserved 1048576K
2022-09-12T02:24:03.894+0800: 206.811: [GC pause (G1 Evacuation Pause) (young) 192M->41590K(256M), 0.0044731 secs]
Heap after GC invocations=280 (full 0):
 garbage-first heap   total 262144K, used 41590K [0x00000000f0000000, 0x00000000f0100800, 0x0000000100000000)
  region size 1024K, 1 young (1024K), 1 survivors (1024K)
 Metaspace       used 65054K, capacity 69748K, committed 69888K, reserved 1110016K
  class space    used 8393K, capacity 9193K, committed 9216K, reserved 1048576K
}
{Heap before GC invocations=280 (full 0):
 garbage-first heap   total 262144K, used 197238K [0x00000000f0000000, 0x00000000f0100800, 0x0000000100000000)
  region size 1024K, 153 young (156672K), 1 survivors (1024K)
 Metaspace       used 65054K, capacity 69748K, committed 69888K, reserved 1110016K
  class space    used 8393K, capacity 9193K, committed 9216K, reserved 1048576K
2022-09-12T02:24:04.423+0800: 207.341: [GC pause (G1 Evacuation Pause) (young) 192M->42276K(256M), 0.0054369 secs]
Heap after GC invocations=281 (full 0):
 garbage-first heap   total 262144K, used 42276K [0x00000000f0000000, 0x00000000f0100800, 0x0000000100000000)
  region size 1024K, 2 young (2048K), 2 survivors (2048K)
 Metaspace       used 65054K, capacity 69748K, committed 69888K, reserved 1110016K
  class space    used 8393K, capacity 9193K, committed 9216K, reserved 1048576K
}
{Heap before GC invocations=281 (full 0):
 garbage-first heap   total 262144K, used 196900K [0x00000000f0000000, 0x00000000f0100800, 0x0000000100000000)
  region size 1024K, 153 young (156672K), 2 survivors (2048K)
 Metaspace       used 65054K, capacity 69748K, committed 69888K, reserved 1110016K
  class space    used 8393K, capacity 9193K, committed 9216K, reserved 1048576K
2022-09-12T02:24:04.959+0800: 207.877: [GC pause (G1 Evacuation Pause) (young) 192M->42662K(256M), 0.0055025 secs]
Heap after GC invocations=282 (full 0):
 garbage-first heap   total 262144K, used 42662K [0x00000000f0000000, 0x00000000f0100800, 0x0000000100000000)
  region size 1024K, 2 young (2048K), 2 survivors (2048K)
 Metaspace       used 65054K, capacity 69748K, committed 69888K, reserved 1110016K
  class space    used 8393K, capacity 9193K, committed 9216K, reserved 1048576K
}
{Heap before GC invocations=282 (full 0):
 garbage-first heap   total 262144K, used 197286K [0x00000000f0000000, 0x00000000f0100800, 0x0000000100000000)
  region size 1024K, 153 young (156672K), 2 survivors (2048K)
 Metaspace       used 65054K, capacity 69748K, committed 69888K, reserved 1110016K
  class space    used 8393K, capacity 9193K, committed 9216K, reserved 1048576K
2022-09-12T02:24:05.491+0800: 208.409: [GC pause (G1 Evacuation Pause) (young) 192M->42732K(256M), 0.0054200 secs]
Heap after GC invocations=283 (full 0):
 garbage-first heap   total 262144K, used 42732K [0x00000000f0000000, 0x00000000f0100800, 0x0000000100000000)
  region size 1024K, 2 young (2048K), 2 survivors (2048K)
 Metaspace       used 65054K, capacity 69748K, committed 69888K, reserved 1110016K
  class space    used 8393K, capacity 9193K, committed 9216K, reserved 1048576K
}
{Heap before GC invocations=283 (full 0):
 garbage-first heap   total 262144K, used 197356K [0x00000000f0000000, 0x00000000f0100800, 0x0000000100000000)
  region size 1024K, 153 young (156672K), 2 survivors (2048K)
 Metaspace       used 65054K, capacity 69748K, committed 69888K, reserved 1110016K
  class space    used 8393K, capacity 9193K, committed 9216K, reserved 1048576K
2022-09-12T02:24:06.023+0800: 208.941: [GC pause (G1 Evacuation Pause) (young) 192M->42311K(256M), 0.0054780 secs]
Heap after GC invocations=284 (full 0):
 garbage-first heap   total 262144K, used 42311K [0x00000000f0000000, 0x00000000f0100800, 0x0000000100000000)
  region size 1024K, 2 young (2048K), 2 survivors (2048K)
 Metaspace       used 65054K, capacity 69748K, committed 69888K, reserved 1110016K
  class space    used 8393K, capacity 9193K, committed 9216K, reserved 1048576K
}
{Heap before GC invocations=284 (full 0):
 garbage-first heap   total 262144K, used 196935K [0x00000000f0000000, 0x00000000f0100800, 0x0000000100000000)
  region size 1024K, 153 young (156672K), 2 survivors (2048K)
 Metaspace       used 65054K, capacity 69748K, committed 69888K, reserved 1110016K
  class space    used 8393K, capacity 9193K, committed 9216K, reserved 1048576K
2022-09-12T02:24:06.555+0800: 209.473: [GC pause (G1 Evacuation Pause) (young) 192M->42661K(256M), 0.0053143 secs]
Heap after GC invocations=285 (full 0):
 garbage-first heap   total 262144K, used 42661K [0x00000000f0000000, 0x00000000f0100800, 0x0000000100000000)
  region size 1024K, 2 young (2048K), 2 survivors (2048K)
 Metaspace       used 65054K, capacity 69748K, committed 69888K, reserved 1110016K
  class space    used 8393K, capacity 9193K, committed 9216K, reserved 1048576K
}
{Heap before GC invocations=285 (full 0):
 garbage-first heap   total 262144K, used 197285K [0x00000000f0000000, 0x00000000f0100800, 0x0000000100000000)
  region size 1024K, 153 young (156672K), 2 survivors (2048K)
 Metaspace       used 65054K, capacity 69748K, committed 69888K, reserved 1110016K
  class space    used 8393K, capacity 9193K, committed 9216K, reserved 1048576K
2022-09-12T02:24:07.087+0800: 210.005: [GC pause (G1 Evacuation Pause) (young) 192M->42740K(256M), 0.0053939 secs]
Heap after GC invocations=286 (full 0):
 garbage-first heap   total 262144K, used 42740K [0x00000000f0000000, 0x00000000f0100800, 0x0000000100000000)
  region size 1024K, 2 young (2048K), 2 survivors (2048K)
 Metaspace       used 65054K, capacity 69748K, committed 69888K, reserved 1110016K
  class space    used 8393K, capacity 9193K, committed 9216K, reserved 1048576K
}
{Heap before GC invocations=286 (full 0):
 garbage-first heap   total 262144K, used 197364K [0x00000000f0000000, 0x00000000f0100800, 0x0000000100000000)
  region size 1024K, 153 young (156672K), 2 survivors (2048K)
 Metaspace       used 65054K, capacity 69748K, committed 69888K, reserved 1110016K
  class space    used 8393K, capacity 9193K, committed 9216K, reserved 1048576K
2022-09-12T02:24:07.619+0800: 210.537: [GC pause (G1 Evacuation Pause) (young) 192M->42311K(256M), 0.0053991 secs]
Heap after GC invocations=287 (full 0):
 garbage-first heap   total 262144K, used 42311K [0x00000000f0000000, 0x00000000f0100800, 0x0000000100000000)
  region size 1024K, 2 young (2048K), 2 survivors (2048K)
 Metaspace       used 65054K, capacity 69748K, committed 69888K, reserved 1110016K
  class space    used 8393K, capacity 9193K, committed 9216K, reserved 1048576K
}
{Heap before GC invocations=287 (full 0):
 garbage-first heap   total 262144K, used 196935K [0x00000000f0000000, 0x00000000f0100800, 0x0000000100000000)
  region size 1024K, 153 young (156672K), 2 survivors (2048K)
 Metaspace       used 65054K, capacity 69748K, committed 69888K, reserved 1110016K
  class space    used 8393K, capacity 9193K, committed 9216K, reserved 1048576K
2022-09-12T02:24:08.151+0800: 211.069: [GC pause (G1 Evacuation Pause) (young) 192M->42684K(256M), 0.0053719 secs]
Heap after GC invocations=288 (full 0):
 garbage-first heap   total 262144K, used 42684K [0x00000000f0000000, 0x00000000f0100800, 0x0000000100000000)
  region size 1024K, 2 young (2048K), 2 survivors (2048K)
 Metaspace       used 65054K, capacity 69748K, committed 69888K, reserved 1110016K
  class space    used 8393K, capacity 9193K, committed 9216K, reserved 1048576K
}
{Heap before GC invocations=288 (full 0):
 garbage-first heap   total 262144K, used 197308K [0x00000000f0000000, 0x00000000f0100800, 0x0000000100000000)
  region size 1024K, 153 young (156672K), 2 survivors (2048K)
 Metaspace       used 65054K, capacity 69748K, committed 69888K, reserved 1110016K
  class space    used 8393K, capacity 9193K, committed 9216K, reserved 1048576K
2022-09-12T02:24:08.695+0800: 211.613: [GC pause (G1 Evacuation Pause) (young) 192M->42728K(256M), 0.0054918 secs]
Heap after GC invocations=289 (full 0):
 garbage-first heap   total 262144K, used 42728K [0x00000000f0000000, 0x00000000f0100800, 0x0000000100000000)
  region size 1024K, 2 young (2048K), 2 survivors (2048K)
 Metaspace       used 65054K, capacity 69748K, committed 69888K, reserved 1110016K
  class space    used 8393K, capacity 9193K, committed 9216K, reserved 1048576K
}
{Heap before GC invocations=289 (full 0):
 garbage-first heap   total 262144K, used 197352K [0x00000000f0000000, 0x00000000f0100800, 0x0000000100000000)
  region size 1024K, 153 young (156672K), 2 survivors (2048K)
 Metaspace       used 65054K, capacity 69748K, committed 69888K, reserved 1110016K
  class space    used 8393K, capacity 9193K, committed 9216K, reserved 1048576K
2022-09-12T02:24:09.226+0800: 212.144: [GC pause (G1 Evacuation Pause) (young) 192M->42315K(256M), 0.0052213 secs]
Heap after GC invocations=290 (full 0):
 garbage-first heap   total 262144K, used 42315K [0x00000000f0000000, 0x00000000f0100800, 0x0000000100000000)
  region size 1024K, 2 young (2048K), 2 survivors (2048K)
 Metaspace       used 65054K, capacity 69748K, committed 69888K, reserved 1110016K
  class space    used 8393K, capacity 9193K, committed 9216K, reserved 1048576K
}
{Heap before GC invocations=290 (full 0):
 garbage-first heap   total 262144K, used 196939K [0x00000000f0000000, 0x00000000f0100800, 0x0000000100000000)
  region size 1024K, 153 young (156672K), 2 survivors (2048K)
 Metaspace       used 65054K, capacity 69748K, committed 69888K, reserved 1110016K
  class space    used 8393K, capacity 9193K, committed 9216K, reserved 1048576K
2022-09-12T02:24:09.759+0800: 212.677: [GC pause (G1 Evacuation Pause) (young) 192M->42672K(256M), 0.0054949 secs]
Heap after GC invocations=291 (full 0):
 garbage-first heap   total 262144K, used 42672K [0x00000000f0000000, 0x00000000f0100800, 0x0000000100000000)
  region size 1024K, 2 young (2048K), 2 survivors (2048K)
 Metaspace       used 65054K, capacity 69748K, committed 69888K, reserved 1110016K
  class space    used 8393K, capacity 9193K, committed 9216K, reserved 1048576K
}
{Heap before GC invocations=291 (full 0):
 garbage-first heap   total 262144K, used 197296K [0x00000000f0000000, 0x00000000f0100800, 0x0000000100000000)
  region size 1024K, 153 young (156672K), 2 survivors (2048K)
 Metaspace       used 65054K, capacity 69748K, committed 69888K, reserved 1110016K
  class space    used 8393K, capacity 9193K, committed 9216K, reserved 1048576K
2022-09-12T02:24:10.290+0800: 213.208: [GC pause (G1 Evacuation Pause) (young) 192M->42741K(256M), 0.0053682 secs]
Heap after GC invocations=292 (full 0):
 garbage-first heap   total 262144K, used 42741K [0x00000000f0000000, 0x00000000f0100800, 0x0000000100000000)
  region size 1024K, 2 young (2048K), 2 survivors (2048K)
 Metaspace       used 65054K, capacity 69748K, committed 69888K, reserved 1110016K
  class space    used 8393K, capacity 9193K, committed 9216K, reserved 1048576K
}
{Heap before GC invocations=292 (full 0):
 garbage-first heap   total 262144K, used 197365K [0x00000000f0000000, 0x00000000f0100800, 0x0000000100000000)
  region size 1024K, 153 young (156672K), 2 survivors (2048K)
 Metaspace       used 65054K, capacity 69748K, committed 69888K, reserved 1110016K
  class space    used 8393K, capacity 9193K, committed 9216K, reserved 1048576K
2022-09-12T02:24:10.821+0800: 213.739: [GC pause (G1 Evacuation Pause) (young) 192M->42316K(256M), 0.0052467 secs]
Heap after GC invocations=293 (full 0):
 garbage-first heap   total 262144K, used 42316K [0x00000000f0000000, 0x00000000f0100800, 0x0000000100000000)
  region size 1024K, 2 young (2048K), 2 survivors (2048K)
 Metaspace       used 65054K, capacity 69748K, committed 69888K, reserved 1110016K
  class space    used 8393K, capacity 9193K, committed 9216K, reserved 1048576K
}
{Heap before GC invocations=293 (full 0):
 garbage-first heap   total 262144K, used 196940K [0x00000000f0000000, 0x00000000f0100800, 0x0000000100000000)
  region size 1024K, 153 young (156672K), 2 survivors (2048K)
 Metaspace       used 65054K, capacity 69748K, committed 69888K, reserved 1110016K
  class space    used 8393K, capacity 9193K, committed 9216K, reserved 1048576K
2022-09-12T02:24:11.354+0800: 214.272: [GC pause (G1 Evacuation Pause) (young) 192M->42674K(256M), 0.0054053 secs]
Heap after GC invocations=294 (full 0):
 garbage-first heap   total 262144K, used 42674K [0x00000000f0000000, 0x00000000f0100800, 0x0000000100000000)
  region size 1024K, 2 young (2048K), 2 survivors (2048K)
 Metaspace       used 65054K, capacity 69748K, committed 69888K, reserved 1110016K
  class space    used 8393K, capacity 9193K, committed 9216K, reserved 1048576K
}
{Heap before GC invocations=294 (full 0):
 garbage-first heap   total 262144K, used 197298K [0x00000000f0000000, 0x00000000f0100800, 0x0000000100000000)
  region size 1024K, 153 young (156672K), 2 survivors (2048K)
 Metaspace       used 65054K, capacity 69748K, committed 69888K, reserved 1110016K
  class space    used 8393K, capacity 9193K, committed 9216K, reserved 1048576K
2022-09-12T02:24:11.889+0800: 214.807: [GC pause (G1 Evacuation Pause) (young) 192M->42722K(256M), 0.0053817 secs]
Heap after GC invocations=295 (full 0):
 garbage-first heap   total 262144K, used 42722K [0x00000000f0000000, 0x00000000f0100800, 0x0000000100000000)
  region size 1024K, 2 young (2048K), 2 survivors (2048K)
 Metaspace       used 65054K, capacity 69748K, committed 69888K, reserved 1110016K
  class space    used 8393K, capacity 9193K, committed 9216K, reserved 1048576K
}
{Heap before GC invocations=295 (full 0):
 garbage-first heap   total 262144K, used 197346K [0x00000000f0000000, 0x00000000f0100800, 0x0000000100000000)
  region size 1024K, 153 young (156672K), 2 survivors (2048K)
 Metaspace       used 65054K, capacity 69748K, committed 69888K, reserved 1110016K
  class space    used 8393K, capacity 9193K, committed 9216K, reserved 1048576K
2022-09-12T02:24:12.422+0800: 215.340: [GC pause (G1 Evacuation Pause) (young) 192M->42754K(256M), 0.0053756 secs]
Heap after GC invocations=296 (full 0):
 garbage-first heap   total 262144K, used 42754K [0x00000000f0000000, 0x00000000f0100800, 0x0000000100000000)
  region size 1024K, 2 young (2048K), 2 survivors (2048K)
 Metaspace       used 65054K, capacity 69748K, committed 69888K, reserved 1110016K
  class space    used 8393K, capacity 9193K, committed 9216K, reserved 1048576K
}
{Heap before GC invocations=296 (full 0):
 garbage-first heap   total 262144K, used 197378K [0x00000000f0000000, 0x00000000f0100800, 0x0000000100000000)
  region size 1024K, 153 young (156672K), 2 survivors (2048K)
 Metaspace       used 65054K, capacity 69748K, committed 69888K, reserved 1110016K
  class space    used 8393K, capacity 9193K, committed 9216K, reserved 1048576K
2022-09-12T02:24:12.954+0800: 215.872: [GC pause (G1 Evacuation Pause) (young) 192M->42323K(256M), 0.0054680 secs]
Heap after GC invocations=297 (full 0):
 garbage-first heap   total 262144K, used 42323K [0x00000000f0000000, 0x00000000f0100800, 0x0000000100000000)
  region size 1024K, 2 young (2048K), 2 survivors (2048K)
 Metaspace       used 65054K, capacity 69748K, committed 69888K, reserved 1110016K
  class space    used 8393K, capacity 9193K, committed 9216K, reserved 1048576K
}
{Heap before GC invocations=297 (full 0):
 garbage-first heap   total 262144K, used 196947K [0x00000000f0000000, 0x00000000f0100800, 0x0000000100000000)
  region size 1024K, 153 young (156672K), 2 survivors (2048K)
 Metaspace       used 65054K, capacity 69748K, committed 69888K, reserved 1110016K
  class space    used 8393K, capacity 9193K, committed 9216K, reserved 1048576K
2022-09-12T02:24:13.495+0800: 216.413: [GC pause (G1 Evacuation Pause) (young) 192M->42683K(256M), 0.0053385 secs]
Heap after GC invocations=298 (full 0):
 garbage-first heap   total 262144K, used 42683K [0x00000000f0000000, 0x00000000f0100800, 0x0000000100000000)
  region size 1024K, 2 young (2048K), 2 survivors (2048K)
 Metaspace       used 65054K, capacity 69748K, committed 69888K, reserved 1110016K
  class space    used 8393K, capacity 9193K, committed 9216K, reserved 1048576K
}
{Heap before GC invocations=298 (full 0):
 garbage-first heap   total 262144K, used 197307K [0x00000000f0000000, 0x00000000f0100800, 0x0000000100000000)
  region size 1024K, 153 young (156672K), 2 survivors (2048K)
 Metaspace       used 65054K, capacity 69748K, committed 69888K, reserved 1110016K
  class space    used 8393K, capacity 9193K, committed 9216K, reserved 1048576K
2022-09-12T02:24:14.025+0800: 216.942: [GC pause (G1 Evacuation Pause) (young) 192M->42730K(256M), 0.0053467 secs]
Heap after GC invocations=299 (full 0):
 garbage-first heap   total 262144K, used 42730K [0x00000000f0000000, 0x00000000f0100800, 0x0000000100000000)
  region size 1024K, 2 young (2048K), 2 survivors (2048K)
 Metaspace       used 65054K, capacity 69748K, committed 69888K, reserved 1110016K
  class space    used 8393K, capacity 9193K, committed 9216K, reserved 1048576K
}
{Heap before GC invocations=299 (full 0):
 garbage-first heap   total 262144K, used 197354K [0x00000000f0000000, 0x00000000f0100800, 0x0000000100000000)
  region size 1024K, 153 young (156672K), 2 survivors (2048K)
 Metaspace       used 65054K, capacity 69748K, committed 69888K, reserved 1110016K
  class space    used 8393K, capacity 9193K, committed 9216K, reserved 1048576K
2022-09-12T02:24:14.555+0800: 217.472: [GC pause (G1 Evacuation Pause) (young) 192M->42758K(256M), 0.0054012 secs]
Heap after GC invocations=300 (full 0):
 garbage-first heap   total 262144K, used 42758K [0x00000000f0000000, 0x00000000f0100800, 0x0000000100000000)
  region size 1024K, 2 young (2048K), 2 survivors (2048K)
 Metaspace       used 65054K, capacity 69748K, committed 69888K, reserved 1110016K
  class space    used 8393K, capacity 9193K, committed 9216K, reserved 1048576K
}
{Heap before GC invocations=300 (full 0):
 garbage-first heap   total 262144K, used 197382K [0x00000000f0000000, 0x00000000f0100800, 0x0000000100000000)
  region size 1024K, 153 young (156672K), 2 survivors (2048K)
 Metaspace       used 65054K, capacity 69748K, committed 69888K, reserved 1110016K
  class space    used 8393K, capacity 9193K, committed 9216K, reserved 1048576K
2022-09-12T02:24:15.085+0800: 218.003: [GC pause (G1 Evacuation Pause) (young) 192M->42319K(256M), 0.0055477 secs]
Heap after GC invocations=301 (full 0):
 garbage-first heap   total 262144K, used 42319K [0x00000000f0000000, 0x00000000f0100800, 0x0000000100000000)
  region size 1024K, 2 young (2048K), 2 survivors (2048K)
 Metaspace       used 65054K, capacity 69748K, committed 69888K, reserved 1110016K
  class space    used 8393K, capacity 9193K, committed 9216K, reserved 1048576K
}
{Heap before GC invocations=301 (full 0):
 garbage-first heap   total 262144K, used 196943K [0x00000000f0000000, 0x00000000f0100800, 0x0000000100000000)
  region size 1024K, 153 young (156672K), 2 survivors (2048K)
 Metaspace       used 65054K, capacity 69748K, committed 69888K, reserved 1110016K
  class space    used 8393K, capacity 9193K, committed 9216K, reserved 1048576K
2022-09-12T02:24:15.616+0800: 218.534: [GC pause (G1 Evacuation Pause) (young) 192M->42682K(256M), 0.0054003 secs]
Heap after GC invocations=302 (full 0):
 garbage-first heap   total 262144K, used 42682K [0x00000000f0000000, 0x00000000f0100800, 0x0000000100000000)
  region size 1024K, 2 young (2048K), 2 survivors (2048K)
 Metaspace       used 65054K, capacity 69748K, committed 69888K, reserved 1110016K
  class space    used 8393K, capacity 9193K, committed 9216K, reserved 1048576K
}
{Heap before GC invocations=302 (full 0):
 garbage-first heap   total 262144K, used 197306K [0x00000000f0000000, 0x00000000f0100800, 0x0000000100000000)
  region size 1024K, 153 young (156672K), 2 survivors (2048K)
 Metaspace       used 65054K, capacity 69748K, committed 69888K, reserved 1110016K
  class space    used 8393K, capacity 9193K, committed 9216K, reserved 1048576K
2022-09-12T02:24:16.157+0800: 219.075: [GC pause (G1 Evacuation Pause) (young) 192M->42736K(256M), 0.0054432 secs]
Heap after GC invocations=303 (full 0):
 garbage-first heap   total 262144K, used 42736K [0x00000000f0000000, 0x00000000f0100800, 0x0000000100000000)
  region size 1024K, 2 young (2048K), 2 survivors (2048K)
 Metaspace       used 65054K, capacity 69748K, committed 69888K, reserved 1110016K
  class space    used 8393K, capacity 9193K, committed 9216K, reserved 1048576K
}
{Heap before GC invocations=303 (full 0):
 garbage-first heap   total 262144K, used 197360K [0x00000000f0000000, 0x00000000f0100800, 0x0000000100000000)
  region size 1024K, 153 young (156672K), 2 survivors (2048K)
 Metaspace       used 65054K, capacity 69748K, committed 69888K, reserved 1110016K
  class space    used 8393K, capacity 9193K, committed 9216K, reserved 1048576K
2022-09-12T02:24:16.688+0800: 219.606: [GC pause (G1 Evacuation Pause) (young) 192M->42470K(256M), 0.0054602 secs]
Heap after GC invocations=304 (full 0):
 garbage-first heap   total 262144K, used 42470K [0x00000000f0000000, 0x00000000f0100800, 0x0000000100000000)
  region size 1024K, 2 young (2048K), 2 survivors (2048K)
 Metaspace       used 65054K, capacity 69748K, committed 69888K, reserved 1110016K
  class space    used 8393K, capacity 9193K, committed 9216K, reserved 1048576K
}
{Heap before GC invocations=304 (full 0):
 garbage-first heap   total 262144K, used 197094K [0x00000000f0000000, 0x00000000f0100800, 0x0000000100000000)
  region size 1024K, 153 young (156672K), 2 survivors (2048K)
 Metaspace       used 65054K, capacity 69748K, committed 69888K, reserved 1110016K
  class space    used 8393K, capacity 9193K, committed 9216K, reserved 1048576K
2022-09-12T02:24:17.220+0800: 220.138: [GC pause (G1 Evacuation Pause) (young) 192M->42688K(256M), 0.0054885 secs]
Heap after GC invocations=305 (full 0):
 garbage-first heap   total 262144K, used 42688K [0x00000000f0000000, 0x00000000f0100800, 0x0000000100000000)
  region size 1024K, 2 young (2048K), 2 survivors (2048K)
 Metaspace       used 65054K, capacity 69748K, committed 69888K, reserved 1110016K
  class space    used 8393K, capacity 9193K, committed 9216K, reserved 1048576K
}
{Heap before GC invocations=305 (full 0):
 garbage-first heap   total 262144K, used 197312K [0x00000000f0000000, 0x00000000f0100800, 0x0000000100000000)
  region size 1024K, 153 young (156672K), 2 survivors (2048K)
 Metaspace       used 65054K, capacity 69748K, committed 69888K, reserved 1110016K
  class space    used 8393K, capacity 9193K, committed 9216K, reserved 1048576K
2022-09-12T02:24:17.761+0800: 220.679: [GC pause (G1 Evacuation Pause) (young) 192M->42718K(256M), 0.0053866 secs]
Heap after GC invocations=306 (full 0):
 garbage-first heap   total 262144K, used 42718K [0x00000000f0000000, 0x00000000f0100800, 0x0000000100000000)
  region size 1024K, 2 young (2048K), 2 survivors (2048K)
 Metaspace       used 65054K, capacity 69748K, committed 69888K, reserved 1110016K
  class space    used 8393K, capacity 9193K, committed 9216K, reserved 1048576K
}
{Heap before GC invocations=306 (full 0):
 garbage-first heap   total 262144K, used 197342K [0x00000000f0000000, 0x00000000f0100800, 0x0000000100000000)
  region size 1024K, 153 young (156672K), 2 survivors (2048K)
 Metaspace       used 65054K, capacity 69748K, committed 69888K, reserved 1110016K
  class space    used 8393K, capacity 9193K, committed 9216K, reserved 1048576K
2022-09-12T02:24:18.292+0800: 221.210: [GC pause (G1 Evacuation Pause) (young) 192M->42312K(256M), 0.0051884 secs]
Heap after GC invocations=307 (full 0):
 garbage-first heap   total 262144K, used 42312K [0x00000000f0000000, 0x00000000f0100800, 0x0000000100000000)
  region size 1024K, 2 young (2048K), 2 survivors (2048K)
 Metaspace       used 65054K, capacity 69748K, committed 69888K, reserved 1110016K
  class space    used 8393K, capacity 9193K, committed 9216K, reserved 1048576K
}
{Heap before GC invocations=307 (full 0):
 garbage-first heap   total 262144K, used 196936K [0x00000000f0000000, 0x00000000f0100800, 0x0000000100000000)
  region size 1024K, 153 young (156672K), 2 survivors (2048K)
 Metaspace       used 65054K, capacity 69748K, committed 69888K, reserved 1110016K
  class space    used 8393K, capacity 9193K, committed 9216K, reserved 1048576K
2022-09-12T02:24:18.823+0800: 221.741: [GC pause (G1 Evacuation Pause) (young) 192M->42686K(256M), 0.0054235 secs]
Heap after GC invocations=308 (full 0):
 garbage-first heap   total 262144K, used 42686K [0x00000000f0000000, 0x00000000f0100800, 0x0000000100000000)
  region size 1024K, 2 young (2048K), 2 survivors (2048K)
 Metaspace       used 65054K, capacity 69748K, committed 69888K, reserved 1110016K
  class space    used 8393K, capacity 9193K, committed 9216K, reserved 1048576K
}
{Heap before GC invocations=308 (full 0):
 garbage-first heap   total 262144K, used 197310K [0x00000000f0000000, 0x00000000f0100800, 0x0000000100000000)
  region size 1024K, 153 young (156672K), 2 survivors (2048K)
 Metaspace       used 65054K, capacity 69748K, committed 69888K, reserved 1110016K
  class space    used 8393K, capacity 9193K, committed 9216K, reserved 1048576K
2022-09-12T02:24:19.354+0800: 222.271: [GC pause (G1 Evacuation Pause) (young) 192M->42748K(256M), 0.0054354 secs]
Heap after GC invocations=309 (full 0):
 garbage-first heap   total 262144K, used 42748K [0x00000000f0000000, 0x00000000f0100800, 0x0000000100000000)
  region size 1024K, 2 young (2048K), 2 survivors (2048K)
 Metaspace       used 65054K, capacity 69748K, committed 69888K, reserved 1110016K
  class space    used 8393K, capacity 9193K, committed 9216K, reserved 1048576K
}
{Heap before GC invocations=309 (full 0):
 garbage-first heap   total 262144K, used 197372K [0x00000000f0000000, 0x00000000f0100800, 0x0000000100000000)
  region size 1024K, 153 young (156672K), 2 survivors (2048K)
 Metaspace       used 65054K, capacity 69748K, committed 69888K, reserved 1110016K
  class space    used 8393K, capacity 9193K, committed 9216K, reserved 1048576K
2022-09-12T02:24:19.883+0800: 222.801: [GC pause (G1 Evacuation Pause) (young) 192M->42330K(256M), 0.0052950 secs]
Heap after GC invocations=310 (full 0):
 garbage-first heap   total 262144K, used 42330K [0x00000000f0000000, 0x00000000f0100800, 0x0000000100000000)
  region size 1024K, 2 young (2048K), 2 survivors (2048K)
 Metaspace       used 65054K, capacity 69748K, committed 69888K, reserved 1110016K
  class space    used 8393K, capacity 9193K, committed 9216K, reserved 1048576K
}
{Heap before GC invocations=310 (full 0):
 garbage-first heap   total 262144K, used 196954K [0x00000000f0000000, 0x00000000f0100800, 0x0000000100000000)
  region size 1024K, 153 young (156672K), 2 survivors (2048K)
 Metaspace       used 65054K, capacity 69748K, committed 69888K, reserved 1110016K
  class space    used 8393K, capacity 9193K, committed 9216K, reserved 1048576K
2022-09-12T02:24:20.416+0800: 223.334: [GC pause (G1 Evacuation Pause) (young) 192M->42700K(256M), 0.0052754 secs]
Heap after GC invocations=311 (full 0):
 garbage-first heap   total 262144K, used 42700K [0x00000000f0000000, 0x00000000f0100800, 0x0000000100000000)
  region size 1024K, 2 young (2048K), 2 survivors (2048K)
 Metaspace       used 65054K, capacity 69748K, committed 69888K, reserved 1110016K
  class space    used 8393K, capacity 9193K, committed 9216K, reserved 1048576K
}
{Heap before GC invocations=311 (full 0):
 garbage-first heap   total 262144K, used 197324K [0x00000000f0000000, 0x00000000f0100800, 0x0000000100000000)
  region size 1024K, 153 young (156672K), 2 survivors (2048K)
 Metaspace       used 65054K, capacity 69748K, committed 69888K, reserved 1110016K
  class space    used 8393K, capacity 9193K, committed 9216K, reserved 1048576K
2022-09-12T02:24:20.945+0800: 223.863: [GC pause (G1 Evacuation Pause) (young) 192M->42738K(256M), 0.0052350 secs]
Heap after GC invocations=312 (full 0):
 garbage-first heap   total 262144K, used 42738K [0x00000000f0000000, 0x00000000f0100800, 0x0000000100000000)
  region size 1024K, 2 young (2048K), 2 survivors (2048K)
 Metaspace       used 65054K, capacity 69748K, committed 69888K, reserved 1110016K
  class space    used 8393K, capacity 9193K, committed 9216K, reserved 1048576K
}
{Heap before GC invocations=312 (full 0):
 garbage-first heap   total 262144K, used 197362K [0x00000000f0000000, 0x00000000f0100800, 0x0000000100000000)
  region size 1024K, 153 young (156672K), 2 survivors (2048K)
 Metaspace       used 65054K, capacity 69748K, committed 69888K, reserved 1110016K
  class space    used 8393K, capacity 9193K, committed 9216K, reserved 1048576K
2022-09-12T02:24:21.475+0800: 224.393: [GC pause (G1 Evacuation Pause) (young) 192M->42473K(256M), 0.0055699 secs]
Heap after GC invocations=313 (full 0):
 garbage-first heap   total 262144K, used 42473K [0x00000000f0000000, 0x00000000f0100800, 0x0000000100000000)
  region size 1024K, 2 young (2048K), 2 survivors (2048K)
 Metaspace       used 65054K, capacity 69748K, committed 69888K, reserved 1110016K
  class space    used 8393K, capacity 9193K, committed 9216K, reserved 1048576K
}
{Heap before GC invocations=313 (full 0):
 garbage-first heap   total 262144K, used 197097K [0x00000000f0000000, 0x00000000f0100800, 0x0000000100000000)
  region size 1024K, 153 young (156672K), 2 survivors (2048K)
 Metaspace       used 65054K, capacity 69748K, committed 69888K, reserved 1110016K
  class space    used 8393K, capacity 9193K, committed 9216K, reserved 1048576K
2022-09-12T02:24:22.006+0800: 224.924: [GC pause (G1 Evacuation Pause) (young) 192M->42695K(256M), 0.0054639 secs]
Heap after GC invocations=314 (full 0):
 garbage-first heap   total 262144K, used 42695K [0x00000000f0000000, 0x00000000f0100800, 0x0000000100000000)
  region size 1024K, 2 young (2048K), 2 survivors (2048K)
 Metaspace       used 65054K, capacity 69748K, committed 69888K, reserved 1110016K
  class space    used 8393K, capacity 9193K, committed 9216K, reserved 1048576K
}
{Heap before GC invocations=314 (full 0):
 garbage-first heap   total 262144K, used 197319K [0x00000000f0000000, 0x00000000f0100800, 0x0000000100000000)
  region size 1024K, 153 young (156672K), 2 survivors (2048K)
 Metaspace       used 65054K, capacity 69748K, committed 69888K, reserved 1110016K
  class space    used 8393K, capacity 9193K, committed 9216K, reserved 1048576K
2022-09-12T02:24:22.556+0800: 225.473: [GC pause (G1 Evacuation Pause) (young) 192M->42757K(256M), 0.0053989 secs]
Heap after GC invocations=315 (full 0):
 garbage-first heap   total 262144K, used 42757K [0x00000000f0000000, 0x00000000f0100800, 0x0000000100000000)
  region size 1024K, 2 young (2048K), 2 survivors (2048K)
 Metaspace       used 65054K, capacity 69748K, committed 69888K, reserved 1110016K
  class space    used 8393K, capacity 9193K, committed 9216K, reserved 1048576K
}
{Heap before GC invocations=315 (full 0):
 garbage-first heap   total 262144K, used 197381K [0x00000000f0000000, 0x00000000f0100800, 0x0000000100000000)
  region size 1024K, 153 young (156672K), 2 survivors (2048K)
 Metaspace       used 65054K, capacity 69748K, committed 69888K, reserved 1110016K
  class space    used 8393K, capacity 9193K, committed 9216K, reserved 1048576K
2022-09-12T02:24:23.090+0800: 226.008: [GC pause (G1 Evacuation Pause) (young) 192M->42324K(256M), 0.0053550 secs]
Heap after GC invocations=316 (full 0):
 garbage-first heap   total 262144K, used 42324K [0x00000000f0000000, 0x00000000f0100800, 0x0000000100000000)
  region size 1024K, 2 young (2048K), 2 survivors (2048K)
 Metaspace       used 65054K, capacity 69748K, committed 69888K, reserved 1110016K
  class space    used 8393K, capacity 9193K, committed 9216K, reserved 1048576K
}
{Heap before GC invocations=316 (full 0):
 garbage-first heap   total 262144K, used 196948K [0x00000000f0000000, 0x00000000f0100800, 0x0000000100000000)
  region size 1024K, 153 young (156672K), 2 survivors (2048K)
 Metaspace       used 65054K, capacity 69748K, committed 69888K, reserved 1110016K
  class space    used 8393K, capacity 9193K, committed 9216K, reserved 1048576K
2022-09-12T02:24:23.622+0800: 226.540: [GC pause (G1 Evacuation Pause) (young) 192M->42683K(256M), 0.0053458 secs]
Heap after GC invocations=317 (full 0):
 garbage-first heap   total 262144K, used 42683K [0x00000000f0000000, 0x00000000f0100800, 0x0000000100000000)
  region size 1024K, 2 young (2048K), 2 survivors (2048K)
 Metaspace       used 65054K, capacity 69748K, committed 69888K, reserved 1110016K
  class space    used 8393K, capacity 9193K, committed 9216K, reserved 1048576K
}
{Heap before GC invocations=317 (full 0):
 garbage-first heap   total 262144K, used 197307K [0x00000000f0000000, 0x00000000f0100800, 0x0000000100000000)
  region size 1024K, 153 young (156672K), 2 survivors (2048K)
 Metaspace       used 65054K, capacity 69748K, committed 69888K, reserved 1110016K
  class space    used 8393K, capacity 9193K, committed 9216K, reserved 1048576K
2022-09-12T02:24:24.154+0800: 227.071: [GC pause (G1 Evacuation Pause) (young) 192M->42738K(256M), 0.0052759 secs]
Heap after GC invocations=318 (full 0):
 garbage-first heap   total 262144K, used 42738K [0x00000000f0000000, 0x00000000f0100800, 0x0000000100000000)
  region size 1024K, 2 young (2048K), 2 survivors (2048K)
 Metaspace       used 65054K, capacity 69748K, committed 69888K, reserved 1110016K
  class space    used 8393K, capacity 9193K, committed 9216K, reserved 1048576K
}
{Heap before GC invocations=318 (full 0):
 garbage-first heap   total 262144K, used 197362K [0x00000000f0000000, 0x00000000f0100800, 0x0000000100000000)
  region size 1024K, 153 young (156672K), 2 survivors (2048K)
 Metaspace       used 65054K, capacity 69748K, committed 69888K, reserved 1110016K
  class space    used 8393K, capacity 9193K, committed 9216K, reserved 1048576K
2022-09-12T02:24:24.687+0800: 227.605: [GC pause (G1 Evacuation Pause) (young) 192M->42328K(256M), 0.0053589 secs]
Heap after GC invocations=319 (full 0):
 garbage-first heap   total 262144K, used 42328K [0x00000000f0000000, 0x00000000f0100800, 0x0000000100000000)
  region size 1024K, 2 young (2048K), 2 survivors (2048K)
 Metaspace       used 65054K, capacity 69748K, committed 69888K, reserved 1110016K
  class space    used 8393K, capacity 9193K, committed 9216K, reserved 1048576K
}
{Heap before GC invocations=319 (full 0):
 garbage-first heap   total 262144K, used 196952K [0x00000000f0000000, 0x00000000f0100800, 0x0000000100000000)
  region size 1024K, 153 young (156672K), 2 survivors (2048K)
 Metaspace       used 65054K, capacity 69748K, committed 69888K, reserved 1110016K
  class space    used 8393K, capacity 9193K, committed 9216K, reserved 1048576K
2022-09-12T02:24:25.221+0800: 228.139: [GC pause (G1 Evacuation Pause) (young) 192M->42703K(256M), 0.0054885 secs]
Heap after GC invocations=320 (full 0):
 garbage-first heap   total 262144K, used 42703K [0x00000000f0000000, 0x00000000f0100800, 0x0000000100000000)
  region size 1024K, 2 young (2048K), 2 survivors (2048K)
 Metaspace       used 65054K, capacity 69748K, committed 69888K, reserved 1110016K
  class space    used 8393K, capacity 9193K, committed 9216K, reserved 1048576K
}
{Heap before GC invocations=320 (full 0):
 garbage-first heap   total 262144K, used 197327K [0x00000000f0000000, 0x00000000f0100800, 0x0000000100000000)
  region size 1024K, 153 young (156672K), 2 survivors (2048K)
 Metaspace       used 65054K, capacity 69748K, committed 69888K, reserved 1110016K
  class space    used 8393K, capacity 9193K, committed 9216K, reserved 1048576K
2022-09-12T02:24:25.752+0800: 228.670: [GC pause (G1 Evacuation Pause) (young) 192M->42731K(256M), 0.0054527 secs]
Heap after GC invocations=321 (full 0):
 garbage-first heap   total 262144K, used 42731K [0x00000000f0000000, 0x00000000f0100800, 0x0000000100000000)
  region size 1024K, 2 young (2048K), 2 survivors (2048K)
 Metaspace       used 65054K, capacity 69748K, committed 69888K, reserved 1110016K
  class space    used 8393K, capacity 9193K, committed 9216K, reserved 1048576K
}
{Heap before GC invocations=321 (full 0):
 garbage-first heap   total 262144K, used 197355K [0x00000000f0000000, 0x00000000f0100800, 0x0000000100000000)
  region size 1024K, 153 young (156672K), 2 survivors (2048K)
 Metaspace       used 65054K, capacity 69748K, committed 69888K, reserved 1110016K
  class space    used 8393K, capacity 9193K, committed 9216K, reserved 1048576K
2022-09-12T02:24:26.283+0800: 229.201: [GC pause (G1 Evacuation Pause) (young) 192M->42324K(256M), 0.0052685 secs]
Heap after GC invocations=322 (full 0):
 garbage-first heap   total 262144K, used 42324K [0x00000000f0000000, 0x00000000f0100800, 0x0000000100000000)
  region size 1024K, 2 young (2048K), 2 survivors (2048K)
 Metaspace       used 65054K, capacity 69748K, committed 69888K, reserved 1110016K
  class space    used 8393K, capacity 9193K, committed 9216K, reserved 1048576K
}
{Heap before GC invocations=322 (full 0):
 garbage-first heap   total 262144K, used 196948K [0x00000000f0000000, 0x00000000f0100800, 0x0000000100000000)
  region size 1024K, 153 young (156672K), 2 survivors (2048K)
 Metaspace       used 65056K, capacity 69748K, committed 69888K, reserved 1110016K
  class space    used 8393K, capacity 9193K, committed 9216K, reserved 1048576K
2022-09-12T02:24:26.825+0800: 229.743: [GC pause (G1 Evacuation Pause) (young) 192M->42701K(256M), 0.0054478 secs]
Heap after GC invocations=323 (full 0):
 garbage-first heap   total 262144K, used 42701K [0x00000000f0000000, 0x00000000f0100800, 0x0000000100000000)
  region size 1024K, 2 young (2048K), 2 survivors (2048K)
 Metaspace       used 65056K, capacity 69748K, committed 69888K, reserved 1110016K
  class space    used 8393K, capacity 9193K, committed 9216K, reserved 1048576K
}
{Heap before GC invocations=323 (full 0):
 garbage-first heap   total 262144K, used 197325K [0x00000000f0000000, 0x00000000f0100800, 0x0000000100000000)
  region size 1024K, 153 young (156672K), 2 survivors (2048K)
 Metaspace       used 65056K, capacity 69748K, committed 69888K, reserved 1110016K
  class space    used 8393K, capacity 9193K, committed 9216K, reserved 1048576K
2022-09-12T02:24:27.355+0800: 230.273: [GC pause (G1 Evacuation Pause) (young) 192M->42743K(256M), 0.0051720 secs]
Heap after GC invocations=324 (full 0):
 garbage-first heap   total 262144K, used 42743K [0x00000000f0000000, 0x00000000f0100800, 0x0000000100000000)
  region size 1024K, 2 young (2048K), 2 survivors (2048K)
 Metaspace       used 65056K, capacity 69748K, committed 69888K, reserved 1110016K
  class space    used 8393K, capacity 9193K, committed 9216K, reserved 1048576K
}
{Heap before GC invocations=324 (full 0):
 garbage-first heap   total 262144K, used 197367K [0x00000000f0000000, 0x00000000f0100800, 0x0000000100000000)
  region size 1024K, 153 young (156672K), 2 survivors (2048K)
 Metaspace       used 65056K, capacity 69748K, committed 69888K, reserved 1110016K
  class space    used 8393K, capacity 9193K, committed 9216K, reserved 1048576K
2022-09-12T02:24:27.885+0800: 230.803: [GC pause (G1 Evacuation Pause) (young) 192M->42322K(256M), 0.0053766 secs]
Heap after GC invocations=325 (full 0):
 garbage-first heap   total 262144K, used 42322K [0x00000000f0000000, 0x00000000f0100800, 0x0000000100000000)
  region size 1024K, 2 young (2048K), 2 survivors (2048K)
 Metaspace       used 65056K, capacity 69748K, committed 69888K, reserved 1110016K
  class space    used 8393K, capacity 9193K, committed 9216K, reserved 1048576K
}
{Heap before GC invocations=325 (full 0):
 garbage-first heap   total 262144K, used 196946K [0x00000000f0000000, 0x00000000f0100800, 0x0000000100000000)
  region size 1024K, 153 young (156672K), 2 survivors (2048K)
 Metaspace       used 65056K, capacity 69748K, committed 69888K, reserved 1110016K
  class space    used 8393K, capacity 9193K, committed 9216K, reserved 1048576K
2022-09-12T02:24:28.415+0800: 231.333: [GC pause (G1 Evacuation Pause) (young) 192M->42682K(256M), 0.0054304 secs]
Heap after GC invocations=326 (full 0):
 garbage-first heap   total 262144K, used 42682K [0x00000000f0000000, 0x00000000f0100800, 0x0000000100000000)
  region size 1024K, 2 young (2048K), 2 survivors (2048K)
 Metaspace       used 65056K, capacity 69748K, committed 69888K, reserved 1110016K
  class space    used 8393K, capacity 9193K, committed 9216K, reserved 1048576K
}
{Heap before GC invocations=326 (full 0):
 garbage-first heap   total 262144K, used 197306K [0x00000000f0000000, 0x00000000f0100800, 0x0000000100000000)
  region size 1024K, 153 young (156672K), 2 survivors (2048K)
 Metaspace       used 65056K, capacity 69748K, committed 69888K, reserved 1110016K
  class space    used 8393K, capacity 9193K, committed 9216K, reserved 1048576K
2022-09-12T02:24:28.947+0800: 231.865: [GC pause (G1 Evacuation Pause) (young) 192M->42742K(256M), 0.0053589 secs]
Heap after GC invocations=327 (full 0):
 garbage-first heap   total 262144K, used 42742K [0x00000000f0000000, 0x00000000f0100800, 0x0000000100000000)
  region size 1024K, 2 young (2048K), 2 survivors (2048K)
 Metaspace       used 65056K, capacity 69748K, committed 69888K, reserved 1110016K
  class space    used 8393K, capacity 9193K, committed 9216K, reserved 1048576K
}
{Heap before GC invocations=327 (full 0):
 garbage-first heap   total 262144K, used 197366K [0x00000000f0000000, 0x00000000f0100800, 0x0000000100000000)
  region size 1024K, 153 young (156672K), 2 survivors (2048K)
 Metaspace       used 65056K, capacity 69748K, committed 69888K, reserved 1110016K
  class space    used 8393K, capacity 9193K, committed 9216K, reserved 1048576K
2022-09-12T02:24:29.479+0800: 232.397: [GC pause (G1 Evacuation Pause) (young) 192M->42328K(256M), 0.0053029 secs]
Heap after GC invocations=328 (full 0):
 garbage-first heap   total 262144K, used 42328K [0x00000000f0000000, 0x00000000f0100800, 0x0000000100000000)
  region size 1024K, 2 young (2048K), 2 survivors (2048K)
 Metaspace       used 65056K, capacity 69748K, committed 69888K, reserved 1110016K
  class space    used 8393K, capacity 9193K, committed 9216K, reserved 1048576K
}
{Heap before GC invocations=328 (full 0):
 garbage-first heap   total 262144K, used 196952K [0x00000000f0000000, 0x00000000f0100800, 0x0000000100000000)
  region size 1024K, 153 young (156672K), 2 survivors (2048K)
 Metaspace       used 65056K, capacity 69748K, committed 69888K, reserved 1110016K
  class space    used 8393K, capacity 9193K, committed 9216K, reserved 1048576K
2022-09-12T02:24:30.011+0800: 232.929: [GC pause (G1 Evacuation Pause) (young) 192M->42676K(256M), 0.0055578 secs]
Heap after GC invocations=329 (full 0):
 garbage-first heap   total 262144K, used 42676K [0x00000000f0000000, 0x00000000f0100800, 0x0000000100000000)
  region size 1024K, 2 young (2048K), 2 survivors (2048K)
 Metaspace       used 65056K, capacity 69748K, committed 69888K, reserved 1110016K
  class space    used 8393K, capacity 9193K, committed 9216K, reserved 1048576K
}
{Heap before GC invocations=329 (full 0):
 garbage-first heap   total 262144K, used 197300K [0x00000000f0000000, 0x00000000f0100800, 0x0000000100000000)
  region size 1024K, 153 young (156672K), 2 survivors (2048K)
 Metaspace       used 65056K, capacity 69748K, committed 69888K, reserved 1110016K
  class space    used 8393K, capacity 9193K, committed 9216K, reserved 1048576K
2022-09-12T02:24:30.543+0800: 233.461: [GC pause (G1 Evacuation Pause) (young) 192M->42742K(256M), 0.0053297 secs]
Heap after GC invocations=330 (full 0):
 garbage-first heap   total 262144K, used 42742K [0x00000000f0000000, 0x00000000f0100800, 0x0000000100000000)
  region size 1024K, 2 young (2048K), 2 survivors (2048K)
 Metaspace       used 65056K, capacity 69748K, committed 69888K, reserved 1110016K
  class space    used 8393K, capacity 9193K, committed 9216K, reserved 1048576K
}
{Heap before GC invocations=330 (full 0):
 garbage-first heap   total 262144K, used 197366K [0x00000000f0000000, 0x00000000f0100800, 0x0000000100000000)
  region size 1024K, 153 young (156672K), 2 survivors (2048K)
 Metaspace       used 65056K, capacity 69748K, committed 69888K, reserved 1110016K
  class space    used 8393K, capacity 9193K, committed 9216K, reserved 1048576K
2022-09-12T02:24:31.085+0800: 234.003: [GC pause (G1 Evacuation Pause) (young) 192M->42325K(256M), 0.0052836 secs]
Heap after GC invocations=331 (full 0):
 garbage-first heap   total 262144K, used 42325K [0x00000000f0000000, 0x00000000f0100800, 0x0000000100000000)
  region size 1024K, 2 young (2048K), 2 survivors (2048K)
 Metaspace       used 65056K, capacity 69748K, committed 69888K, reserved 1110016K
  class space    used 8393K, capacity 9193K, committed 9216K, reserved 1048576K
}
{Heap before GC invocations=331 (full 0):
 garbage-first heap   total 262144K, used 196949K [0x00000000f0000000, 0x00000000f0100800, 0x0000000100000000)
  region size 1024K, 153 young (156672K), 2 survivors (2048K)
 Metaspace       used 65056K, capacity 69748K, committed 69888K, reserved 1110016K
  class space    used 8393K, capacity 9193K, committed 9216K, reserved 1048576K
2022-09-12T02:24:31.633+0800: 234.551: [GC pause (G1 Evacuation Pause) (young) 192M->42691K(256M), 0.0056208 secs]
Heap after GC invocations=332 (full 0):
 garbage-first heap   total 262144K, used 42691K [0x00000000f0000000, 0x00000000f0100800, 0x0000000100000000)
  region size 1024K, 2 young (2048K), 2 survivors (2048K)
 Metaspace       used 65056K, capacity 69748K, committed 69888K, reserved 1110016K
  class space    used 8393K, capacity 9193K, committed 9216K, reserved 1048576K
}
{Heap before GC invocations=332 (full 0):
 garbage-first heap   total 262144K, used 197315K [0x00000000f0000000, 0x00000000f0100800, 0x0000000100000000)
  region size 1024K, 153 young (156672K), 2 survivors (2048K)
 Metaspace       used 65056K, capacity 69748K, committed 69888K, reserved 1110016K
  class space    used 8393K, capacity 9193K, committed 9216K, reserved 1048576K
2022-09-12T02:24:32.164+0800: 235.082: [GC pause (G1 Evacuation Pause) (young) 192M->42759K(256M), 0.0052785 secs]
Heap after GC invocations=333 (full 0):
 garbage-first heap   total 262144K, used 42759K [0x00000000f0000000, 0x00000000f0100800, 0x0000000100000000)
  region size 1024K, 2 young (2048K), 2 survivors (2048K)
 Metaspace       used 65056K, capacity 69748K, committed 69888K, reserved 1110016K
  class space    used 8393K, capacity 9193K, committed 9216K, reserved 1048576K
}
{Heap before GC invocations=333 (full 0):
 garbage-first heap   total 262144K, used 197383K [0x00000000f0000000, 0x00000000f0100800, 0x0000000100000000)
  region size 1024K, 153 young (156672K), 2 survivors (2048K)
 Metaspace       used 65056K, capacity 69748K, committed 69888K, reserved 1110016K
  class space    used 8393K, capacity 9193K, committed 9216K, reserved 1048576K
2022-09-12T02:24:32.694+0800: 235.612: [GC pause (G1 Evacuation Pause) (young) 192M->42480K(256M), 0.0060240 secs]
Heap after GC invocations=334 (full 0):
 garbage-first heap   total 262144K, used 42480K [0x00000000f0000000, 0x00000000f0100800, 0x0000000100000000)
  region size 1024K, 2 young (2048K), 2 survivors (2048K)
 Metaspace       used 65056K, capacity 69748K, committed 69888K, reserved 1110016K
  class space    used 8393K, capacity 9193K, committed 9216K, reserved 1048576K
}
{Heap before GC invocations=334 (full 0):
 garbage-first heap   total 262144K, used 197104K [0x00000000f0000000, 0x00000000f0100800, 0x0000000100000000)
  region size 1024K, 153 young (156672K), 2 survivors (2048K)
 Metaspace       used 65056K, capacity 69748K, committed 69888K, reserved 1110016K
  class space    used 8393K, capacity 9193K, committed 9216K, reserved 1048576K
2022-09-12T02:24:33.226+0800: 236.144: [GC pause (G1 Evacuation Pause) (young) 192M->42687K(256M), 0.0053423 secs]
Heap after GC invocations=335 (full 0):
 garbage-first heap   total 262144K, used 42687K [0x00000000f0000000, 0x00000000f0100800, 0x0000000100000000)
  region size 1024K, 2 young (2048K), 2 survivors (2048K)
 Metaspace       used 65056K, capacity 69748K, committed 69888K, reserved 1110016K
  class space    used 8393K, capacity 9193K, committed 9216K, reserved 1048576K
}
{Heap before GC invocations=335 (full 0):
 garbage-first heap   total 262144K, used 197311K [0x00000000f0000000, 0x00000000f0100800, 0x0000000100000000)
  region size 1024K, 153 young (156672K), 2 survivors (2048K)
 Metaspace       used 65056K, capacity 69748K, committed 69888K, reserved 1110016K
  class space    used 8393K, capacity 9193K, committed 9216K, reserved 1048576K
2022-09-12T02:24:33.757+0800: 236.675: [GC pause (G1 Evacuation Pause) (young) 192M->42751K(256M), 0.0051992 secs]
Heap after GC invocations=336 (full 0):
 garbage-first heap   total 262144K, used 42751K [0x00000000f0000000, 0x00000000f0100800, 0x0000000100000000)
  region size 1024K, 2 young (2048K), 2 survivors (2048K)
 Metaspace       used 65056K, capacity 69748K, committed 69888K, reserved 1110016K
  class space    used 8393K, capacity 9193K, committed 9216K, reserved 1048576K
}
{Heap before GC invocations=336 (full 0):
 garbage-first heap   total 262144K, used 197375K [0x00000000f0000000, 0x00000000f0100800, 0x0000000100000000)
  region size 1024K, 153 young (156672K), 2 survivors (2048K)
 Metaspace       used 65056K, capacity 69748K, committed 69888K, reserved 1110016K
  class space    used 8393K, capacity 9193K, committed 9216K, reserved 1048576K
2022-09-12T02:24:34.287+0800: 237.205: [GC pause (G1 Evacuation Pause) (young) 192M->42325K(256M), 0.0052755 secs]
Heap after GC invocations=337 (full 0):
 garbage-first heap   total 262144K, used 42325K [0x00000000f0000000, 0x00000000f0100800, 0x0000000100000000)
  region size 1024K, 2 young (2048K), 2 survivors (2048K)
 Metaspace       used 65056K, capacity 69748K, committed 69888K, reserved 1110016K
  class space    used 8393K, capacity 9193K, committed 9216K, reserved 1048576K
}
{Heap before GC invocations=337 (full 0):
 garbage-first heap   total 262144K, used 196949K [0x00000000f0000000, 0x00000000f0100800, 0x0000000100000000)
  region size 1024K, 153 young (156672K), 2 survivors (2048K)
 Metaspace       used 65056K, capacity 69748K, committed 69888K, reserved 1110016K
  class space    used 8393K, capacity 9193K, committed 9216K, reserved 1048576K
2022-09-12T02:24:34.818+0800: 237.736: [GC pause (G1 Evacuation Pause) (young) 192M->42697K(256M), 0.0054304 secs]
Heap after GC invocations=338 (full 0):
 garbage-first heap   total 262144K, used 42697K [0x00000000f0000000, 0x00000000f0100800, 0x0000000100000000)
  region size 1024K, 2 young (2048K), 2 survivors (2048K)
 Metaspace       used 65056K, capacity 69748K, committed 69888K, reserved 1110016K
  class space    used 8393K, capacity 9193K, committed 9216K, reserved 1048576K
}
{Heap before GC invocations=338 (full 0):
 garbage-first heap   total 262144K, used 197321K [0x00000000f0000000, 0x00000000f0100800, 0x0000000100000000)
  region size 1024K, 153 young (156672K), 2 survivors (2048K)
 Metaspace       used 65056K, capacity 69748K, committed 69888K, reserved 1110016K
  class space    used 8393K, capacity 9193K, committed 9216K, reserved 1048576K
2022-09-12T02:24:35.349+0800: 238.267: [GC pause (G1 Evacuation Pause) (young) 192M->42760K(256M), 0.0052798 secs]
Heap after GC invocations=339 (full 0):
 garbage-first heap   total 262144K, used 42760K [0x00000000f0000000, 0x00000000f0100800, 0x0000000100000000)
  region size 1024K, 2 young (2048K), 2 survivors (2048K)
 Metaspace       used 65056K, capacity 69748K, committed 69888K, reserved 1110016K
  class space    used 8393K, capacity 9193K, committed 9216K, reserved 1048576K
}
{Heap before GC invocations=339 (full 0):
 garbage-first heap   total 262144K, used 197384K [0x00000000f0000000, 0x00000000f0100800, 0x0000000100000000)
  region size 1024K, 153 young (156672K), 2 survivors (2048K)
 Metaspace       used 65056K, capacity 69748K, committed 69888K, reserved 1110016K
  class space    used 8393K, capacity 9193K, committed 9216K, reserved 1048576K
2022-09-12T02:24:35.893+0800: 238.811: [GC pause (G1 Evacuation Pause) (young) 192M->42334K(256M), 0.0059623 secs]
Heap after GC invocations=340 (full 0):
 garbage-first heap   total 262144K, used 42334K [0x00000000f0000000, 0x00000000f0100800, 0x0000000100000000)
  region size 1024K, 2 young (2048K), 2 survivors (2048K)
 Metaspace       used 65056K, capacity 69748K, committed 69888K, reserved 1110016K
  class space    used 8393K, capacity 9193K, committed 9216K, reserved 1048576K
}
{Heap before GC invocations=340 (full 0):
 garbage-first heap   total 262144K, used 196958K [0x00000000f0000000, 0x00000000f0100800, 0x0000000100000000)
  region size 1024K, 153 young (156672K), 2 survivors (2048K)
 Metaspace       used 65056K, capacity 69748K, committed 69888K, reserved 1110016K
  class space    used 8393K, capacity 9193K, committed 9216K, reserved 1048576K
2022-09-12T02:24:36.427+0800: 239.345: [GC pause (G1 Evacuation Pause) (young) 192M->42685K(256M), 0.0053636 secs]
Heap after GC invocations=341 (full 0):
 garbage-first heap   total 262144K, used 42685K [0x00000000f0000000, 0x00000000f0100800, 0x0000000100000000)
  region size 1024K, 2 young (2048K), 2 survivors (2048K)
 Metaspace       used 65056K, capacity 69748K, committed 69888K, reserved 1110016K
  class space    used 8393K, capacity 9193K, committed 9216K, reserved 1048576K
}
{Heap before GC invocations=341 (full 0):
 garbage-first heap   total 262144K, used 197309K [0x00000000f0000000, 0x00000000f0100800, 0x0000000100000000)
  region size 1024K, 153 young (156672K), 2 survivors (2048K)
 Metaspace       used 65056K, capacity 69748K, committed 69888K, reserved 1110016K
  class space    used 8393K, capacity 9193K, committed 9216K, reserved 1048576K
2022-09-12T02:24:36.960+0800: 239.878: [GC pause (G1 Evacuation Pause) (young) 192M->42749K(256M), 0.0053540 secs]
Heap after GC invocations=342 (full 0):
 garbage-first heap   total 262144K, used 42749K [0x00000000f0000000, 0x00000000f0100800, 0x0000000100000000)
  region size 1024K, 2 young (2048K), 2 survivors (2048K)
 Metaspace       used 65056K, capacity 69748K, committed 69888K, reserved 1110016K
  class space    used 8393K, capacity 9193K, committed 9216K, reserved 1048576K
}
{Heap before GC invocations=342 (full 0):
 garbage-first heap   total 262144K, used 197373K [0x00000000f0000000, 0x00000000f0100800, 0x0000000100000000)
  region size 1024K, 153 young (156672K), 2 survivors (2048K)
 Metaspace       used 65056K, capacity 69748K, committed 69888K, reserved 1110016K
  class space    used 8393K, capacity 9193K, committed 9216K, reserved 1048576K
2022-09-12T02:24:37.491+0800: 240.409: [GC pause (G1 Evacuation Pause) (young) 192M->42784K(256M), 0.0052584 secs]
Heap after GC invocations=343 (full 0):
 garbage-first heap   total 262144K, used 42784K [0x00000000f0000000, 0x00000000f0100800, 0x0000000100000000)
  region size 1024K, 2 young (2048K), 2 survivors (2048K)
 Metaspace       used 65056K, capacity 69748K, committed 69888K, reserved 1110016K
  class space    used 8393K, capacity 9193K, committed 9216K, reserved 1048576K
}
{Heap before GC invocations=343 (full 0):
 garbage-first heap   total 262144K, used 197408K [0x00000000f0000000, 0x00000000f0100800, 0x0000000100000000)
  region size 1024K, 153 young (156672K), 2 survivors (2048K)
 Metaspace       used 65056K, capacity 69748K, committed 69888K, reserved 1110016K
  class space    used 8393K, capacity 9193K, committed 9216K, reserved 1048576K
2022-09-12T02:24:38.022+0800: 240.940: [GC pause (G1 Evacuation Pause) (young) 192M->42344K(256M), 0.0053331 secs]
Heap after GC invocations=344 (full 0):
 garbage-first heap   total 262144K, used 42344K [0x00000000f0000000, 0x00000000f0100800, 0x0000000100000000)
  region size 1024K, 2 young (2048K), 2 survivors (2048K)
 Metaspace       used 65056K, capacity 69748K, committed 69888K, reserved 1110016K
  class space    used 8393K, capacity 9193K, committed 9216K, reserved 1048576K
}
{Heap before GC invocations=344 (full 0):
 garbage-first heap   total 262144K, used 196968K [0x00000000f0000000, 0x00000000f0100800, 0x0000000100000000)
  region size 1024K, 153 young (156672K), 2 survivors (2048K)
 Metaspace       used 65056K, capacity 69748K, committed 69888K, reserved 1110016K
  class space    used 8393K, capacity 9193K, committed 9216K, reserved 1048576K
2022-09-12T02:24:38.554+0800: 241.471: [GC pause (G1 Evacuation Pause) (young) 192M->42698K(256M), 0.0053950 secs]
Heap after GC invocations=345 (full 0):
 garbage-first heap   total 262144K, used 42698K [0x00000000f0000000, 0x00000000f0100800, 0x0000000100000000)
  region size 1024K, 2 young (2048K), 2 survivors (2048K)
 Metaspace       used 65056K, capacity 69748K, committed 69888K, reserved 1110016K
  class space    used 8393K, capacity 9193K, committed 9216K, reserved 1048576K
}
{Heap before GC invocations=345 (full 0):
 garbage-first heap   total 262144K, used 197322K [0x00000000f0000000, 0x00000000f0100800, 0x0000000100000000)
  region size 1024K, 153 young (156672K), 2 survivors (2048K)
 Metaspace       used 65056K, capacity 69748K, committed 69888K, reserved 1110016K
  class space    used 8393K, capacity 9193K, committed 9216K, reserved 1048576K
2022-09-12T02:24:39.084+0800: 242.002: [GC pause (G1 Evacuation Pause) (young) 192M->42751K(256M), 0.0052491 secs]
Heap after GC invocations=346 (full 0):
 garbage-first heap   total 262144K, used 42751K [0x00000000f0000000, 0x00000000f0100800, 0x0000000100000000)
  region size 1024K, 2 young (2048K), 2 survivors (2048K)
 Metaspace       used 65056K, capacity 69748K, committed 69888K, reserved 1110016K
  class space    used 8393K, capacity 9193K, committed 9216K, reserved 1048576K
}
{Heap before GC invocations=346 (full 0):
 garbage-first heap   total 262144K, used 197375K [0x00000000f0000000, 0x00000000f0100800, 0x0000000100000000)
  region size 1024K, 153 young (156672K), 2 survivors (2048K)
 Metaspace       used 65056K, capacity 69748K, committed 69888K, reserved 1110016K
  class space    used 8393K, capacity 9193K, committed 9216K, reserved 1048576K
2022-09-12T02:24:39.618+0800: 242.536: [GC pause (G1 Evacuation Pause) (young) 192M->42338K(256M), 0.0053503 secs]
Heap after GC invocations=347 (full 0):
 garbage-first heap   total 262144K, used 42338K [0x00000000f0000000, 0x00000000f0100800, 0x0000000100000000)
  region size 1024K, 2 young (2048K), 2 survivors (2048K)
 Metaspace       used 65056K, capacity 69748K, committed 69888K, reserved 1110016K
  class space    used 8393K, capacity 9193K, committed 9216K, reserved 1048576K
}
{Heap before GC invocations=347 (full 0):
 garbage-first heap   total 262144K, used 196962K [0x00000000f0000000, 0x00000000f0100800, 0x0000000100000000)
  region size 1024K, 153 young (156672K), 2 survivors (2048K)
 Metaspace       used 65056K, capacity 69748K, committed 69888K, reserved 1110016K
  class space    used 8393K, capacity 9193K, committed 9216K, reserved 1048576K
2022-09-12T02:24:40.151+0800: 243.069: [GC pause (G1 Evacuation Pause) (young) 192M->42694K(256M), 0.0054054 secs]
Heap after GC invocations=348 (full 0):
 garbage-first heap   total 262144K, used 42694K [0x00000000f0000000, 0x00000000f0100800, 0x0000000100000000)
  region size 1024K, 2 young (2048K), 2 survivors (2048K)
 Metaspace       used 65056K, capacity 69748K, committed 69888K, reserved 1110016K
  class space    used 8393K, capacity 9193K, committed 9216K, reserved 1048576K
}
{Heap before GC invocations=348 (full 0):
 garbage-first heap   total 262144K, used 197318K [0x00000000f0000000, 0x00000000f0100800, 0x0000000100000000)
  region size 1024K, 153 young (156672K), 2 survivors (2048K)
 Metaspace       used 65056K, capacity 69748K, committed 69888K, reserved 1110016K
  class space    used 8393K, capacity 9193K, committed 9216K, reserved 1048576K
2022-09-12T02:24:40.698+0800: 243.616: [GC pause (G1 Evacuation Pause) (young) 192M->42739K(256M), 0.0058779 secs]
Heap after GC invocations=349 (full 0):
 garbage-first heap   total 262144K, used 42739K [0x00000000f0000000, 0x00000000f0100800, 0x0000000100000000)
  region size 1024K, 2 young (2048K), 2 survivors (2048K)
 Metaspace       used 65056K, capacity 69748K, committed 69888K, reserved 1110016K
  class space    used 8393K, capacity 9193K, committed 9216K, reserved 1048576K
}
{Heap before GC invocations=349 (full 0):
 garbage-first heap   total 262144K, used 197363K [0x00000000f0000000, 0x00000000f0100800, 0x0000000100000000)
  region size 1024K, 153 young (156672K), 2 survivors (2048K)
 Metaspace       used 65056K, capacity 69748K, committed 69888K, reserved 1110016K
  class space    used 8393K, capacity 9193K, committed 9216K, reserved 1048576K
2022-09-12T02:24:41.232+0800: 244.149: [GC pause (G1 Evacuation Pause) (young) 192M->42332K(256M), 0.0053275 secs]
Heap after GC invocations=350 (full 0):
 garbage-first heap   total 262144K, used 42332K [0x00000000f0000000, 0x00000000f0100800, 0x0000000100000000)
  region size 1024K, 2 young (2048K), 2 survivors (2048K)
 Metaspace       used 65056K, capacity 69748K, committed 69888K, reserved 1110016K
  class space    used 8393K, capacity 9193K, committed 9216K, reserved 1048576K
}
{Heap before GC invocations=350 (full 0):
 garbage-first heap   total 262144K, used 196956K [0x00000000f0000000, 0x00000000f0100800, 0x0000000100000000)
  region size 1024K, 153 young (156672K), 2 survivors (2048K)
 Metaspace       used 65078K, capacity 69784K, committed 69888K, reserved 1110016K
  class space    used 8396K, capacity 9199K, committed 9216K, reserved 1048576K
2022-09-12T02:24:41.764+0800: 244.682: [GC pause (G1 Evacuation Pause) (young) 192M->42680K(256M), 0.0053085 secs]
Heap after GC invocations=351 (full 0):
 garbage-first heap   total 262144K, used 42680K [0x00000000f0000000, 0x00000000f0100800, 0x0000000100000000)
  region size 1024K, 2 young (2048K), 2 survivors (2048K)
 Metaspace       used 65078K, capacity 69784K, committed 69888K, reserved 1110016K
  class space    used 8396K, capacity 9199K, committed 9216K, reserved 1048576K
}
{Heap before GC invocations=351 (full 0):
 garbage-first heap   total 262144K, used 197304K [0x00000000f0000000, 0x00000000f0100800, 0x0000000100000000)
  region size 1024K, 153 young (156672K), 2 survivors (2048K)
 Metaspace       used 65078K, capacity 69784K, committed 69888K, reserved 1110016K
  class space    used 8396K, capacity 9199K, committed 9216K, reserved 1048576K
2022-09-12T02:24:42.296+0800: 245.214: [GC pause (G1 Evacuation Pause) (young) 192M->42746K(256M), 0.0053341 secs]
Heap after GC invocations=352 (full 0):
 garbage-first heap   total 262144K, used 42746K [0x00000000f0000000, 0x00000000f0100800, 0x0000000100000000)
  region size 1024K, 2 young (2048K), 2 survivors (2048K)
 Metaspace       used 65078K, capacity 69784K, committed 69888K, reserved 1110016K
  class space    used 8396K, capacity 9199K, committed 9216K, reserved 1048576K
}
{Heap before GC invocations=352 (full 0):
 garbage-first heap   total 262144K, used 197370K [0x00000000f0000000, 0x00000000f0100800, 0x0000000100000000)
  region size 1024K, 153 young (156672K), 2 survivors (2048K)
 Metaspace       used 65078K, capacity 69784K, committed 69888K, reserved 1110016K
  class space    used 8396K, capacity 9199K, committed 9216K, reserved 1048576K
2022-09-12T02:24:42.829+0800: 245.746: [GC pause (G1 Evacuation Pause) (young) 192M->42337K(256M), 0.0054012 secs]
Heap after GC invocations=353 (full 0):
 garbage-first heap   total 262144K, used 42337K [0x00000000f0000000, 0x00000000f0100800, 0x0000000100000000)
  region size 1024K, 2 young (2048K), 2 survivors (2048K)
 Metaspace       used 65078K, capacity 69784K, committed 69888K, reserved 1110016K
  class space    used 8396K, capacity 9199K, committed 9216K, reserved 1048576K
}
{Heap before GC invocations=353 (full 0):
 garbage-first heap   total 262144K, used 196961K [0x00000000f0000000, 0x00000000f0100800, 0x0000000100000000)
  region size 1024K, 153 young (156672K), 2 survivors (2048K)
 Metaspace       used 65078K, capacity 69784K, committed 69888K, reserved 1110016K
  class space    used 8396K, capacity 9199K, committed 9216K, reserved 1048576K
2022-09-12T02:24:43.359+0800: 246.277: [GC pause (G1 Evacuation Pause) (young) 192M->42689K(256M), 0.0053330 secs]
Heap after GC invocations=354 (full 0):
 garbage-first heap   total 262144K, used 42689K [0x00000000f0000000, 0x00000000f0100800, 0x0000000100000000)
  region size 1024K, 2 young (2048K), 2 survivors (2048K)
 Metaspace       used 65078K, capacity 69784K, committed 69888K, reserved 1110016K
  class space    used 8396K, capacity 9199K, committed 9216K, reserved 1048576K
}
{Heap before GC invocations=354 (full 0):
 garbage-first heap   total 262144K, used 197313K [0x00000000f0000000, 0x00000000f0100800, 0x0000000100000000)
  region size 1024K, 153 young (156672K), 2 survivors (2048K)
 Metaspace       used 65078K, capacity 69784K, committed 69888K, reserved 1110016K
  class space    used 8396K, capacity 9199K, committed 9216K, reserved 1048576K
2022-09-12T02:24:43.889+0800: 246.807: [GC pause (G1 Evacuation Pause) (young) 192M->42757K(256M), 0.0053110 secs]
Heap after GC invocations=355 (full 0):
 garbage-first heap   total 262144K, used 42757K [0x00000000f0000000, 0x00000000f0100800, 0x0000000100000000)
  region size 1024K, 2 young (2048K), 2 survivors (2048K)
 Metaspace       used 65078K, capacity 69784K, committed 69888K, reserved 1110016K
  class space    used 8396K, capacity 9199K, committed 9216K, reserved 1048576K
}
{Heap before GC invocations=355 (full 0):
 garbage-first heap   total 262144K, used 197381K [0x00000000f0000000, 0x00000000f0100800, 0x0000000100000000)
  region size 1024K, 153 young (156672K), 2 survivors (2048K)
 Metaspace       used 65078K, capacity 69784K, committed 69888K, reserved 1110016K
  class space    used 8396K, capacity 9199K, committed 9216K, reserved 1048576K
2022-09-12T02:24:44.420+0800: 247.337: [GC pause (G1 Evacuation Pause) (young) 192M->42337K(256M), 0.0053251 secs]
Heap after GC invocations=356 (full 0):
 garbage-first heap   total 262144K, used 42337K [0x00000000f0000000, 0x00000000f0100800, 0x0000000100000000)
  region size 1024K, 2 young (2048K), 2 survivors (2048K)
 Metaspace       used 65078K, capacity 69784K, committed 69888K, reserved 1110016K
  class space    used 8396K, capacity 9199K, committed 9216K, reserved 1048576K
}
{Heap before GC invocations=356 (full 0):
 garbage-first heap   total 262144K, used 196961K [0x00000000f0000000, 0x00000000f0100800, 0x0000000100000000)
  region size 1024K, 153 young (156672K), 2 survivors (2048K)
 Metaspace       used 65078K, capacity 69784K, committed 69888K, reserved 1110016K
  class space    used 8396K, capacity 9199K, committed 9216K, reserved 1048576K
2022-09-12T02:24:44.965+0800: 247.883: [GC pause (G1 Evacuation Pause) (young) 192M->42697K(256M), 0.0053021 secs]
Heap after GC invocations=357 (full 0):
 garbage-first heap   total 262144K, used 42697K [0x00000000f0000000, 0x00000000f0100800, 0x0000000100000000)
  region size 1024K, 2 young (2048K), 2 survivors (2048K)
 Metaspace       used 65078K, capacity 69784K, committed 69888K, reserved 1110016K
  class space    used 8396K, capacity 9199K, committed 9216K, reserved 1048576K
}
{Heap before GC invocations=357 (full 0):
 garbage-first heap   total 262144K, used 197321K [0x00000000f0000000, 0x00000000f0100800, 0x0000000100000000)
  region size 1024K, 153 young (156672K), 2 survivors (2048K)
 Metaspace       used 65078K, capacity 69784K, committed 69888K, reserved 1110016K
  class space    used 8396K, capacity 9199K, committed 9216K, reserved 1048576K
2022-09-12T02:24:45.494+0800: 248.412: [GC pause (G1 Evacuation Pause) (young) 192M->42762K(256M), 0.0052151 secs]
Heap after GC invocations=358 (full 0):
 garbage-first heap   total 262144K, used 42762K [0x00000000f0000000, 0x00000000f0100800, 0x0000000100000000)
  region size 1024K, 2 young (2048K), 2 survivors (2048K)
 Metaspace       used 65078K, capacity 69784K, committed 69888K, reserved 1110016K
  class space    used 8396K, capacity 9199K, committed 9216K, reserved 1048576K
}
{Heap before GC invocations=358 (full 0):
 garbage-first heap   total 262144K, used 197386K [0x00000000f0000000, 0x00000000f0100800, 0x0000000100000000)
  region size 1024K, 153 young (156672K), 2 survivors (2048K)
 Metaspace       used 65078K, capacity 69784K, committed 69888K, reserved 1110016K
  class space    used 8396K, capacity 9199K, committed 9216K, reserved 1048576K
2022-09-12T02:24:46.032+0800: 248.950: [GC pause (G1 Evacuation Pause) (young) 192M->42337K(256M), 0.0055294 secs]
Heap after GC invocations=359 (full 0):
 garbage-first heap   total 262144K, used 42337K [0x00000000f0000000, 0x00000000f0100800, 0x0000000100000000)
  region size 1024K, 2 young (2048K), 2 survivors (2048K)
 Metaspace       used 65078K, capacity 69784K, committed 69888K, reserved 1110016K
  class space    used 8396K, capacity 9199K, committed 9216K, reserved 1048576K
}
{Heap before GC invocations=359 (full 0):
 garbage-first heap   total 262144K, used 196961K [0x00000000f0000000, 0x00000000f0100800, 0x0000000100000000)
  region size 1024K, 153 young (156672K), 2 survivors (2048K)
 Metaspace       used 65078K, capacity 69784K, committed 69888K, reserved 1110016K
  class space    used 8396K, capacity 9199K, committed 9216K, reserved 1048576K
2022-09-12T02:24:46.562+0800: 249.480: [GC pause (G1 Evacuation Pause) (young) 192M->42715K(256M), 0.0053724 secs]
Heap after GC invocations=360 (full 0):
 garbage-first heap   total 262144K, used 42715K [0x00000000f0000000, 0x00000000f0100800, 0x0000000100000000)
  region size 1024K, 2 young (2048K), 2 survivors (2048K)
 Metaspace       used 65078K, capacity 69784K, committed 69888K, reserved 1110016K
  class space    used 8396K, capacity 9199K, committed 9216K, reserved 1048576K
}
{Heap before GC invocations=360 (full 0):
 garbage-first heap   total 262144K, used 197339K [0x00000000f0000000, 0x00000000f0100800, 0x0000000100000000)
  region size 1024K, 153 young (156672K), 2 survivors (2048K)
 Metaspace       used 65078K, capacity 69784K, committed 69888K, reserved 1110016K
  class space    used 8396K, capacity 9199K, committed 9216K, reserved 1048576K
2022-09-12T02:24:47.092+0800: 250.010: [GC pause (G1 Evacuation Pause) (young) 192M->42768K(256M), 0.0053498 secs]
Heap after GC invocations=361 (full 0):
 garbage-first heap   total 262144K, used 42768K [0x00000000f0000000, 0x00000000f0100800, 0x0000000100000000)
  region size 1024K, 2 young (2048K), 2 survivors (2048K)
 Metaspace       used 65078K, capacity 69784K, committed 69888K, reserved 1110016K
  class space    used 8396K, capacity 9199K, committed 9216K, reserved 1048576K
}
{Heap before GC invocations=361 (full 0):
 garbage-first heap   total 262144K, used 197392K [0x00000000f0000000, 0x00000000f0100800, 0x0000000100000000)
  region size 1024K, 153 young (156672K), 2 survivors (2048K)
 Metaspace       used 65078K, capacity 69784K, committed 69888K, reserved 1110016K
  class space    used 8396K, capacity 9199K, committed 9216K, reserved 1048576K
2022-09-12T02:24:47.622+0800: 250.540: [GC pause (G1 Evacuation Pause) (young) 192M->42341K(256M), 0.0053491 secs]
Heap after GC invocations=362 (full 0):
 garbage-first heap   total 262144K, used 42341K [0x00000000f0000000, 0x00000000f0100800, 0x0000000100000000)
  region size 1024K, 2 young (2048K), 2 survivors (2048K)
 Metaspace       used 65078K, capacity 69784K, committed 69888K, reserved 1110016K
  class space    used 8396K, capacity 9199K, committed 9216K, reserved 1048576K
}
{Heap before GC invocations=362 (full 0):
 garbage-first heap   total 262144K, used 196965K [0x00000000f0000000, 0x00000000f0100800, 0x0000000100000000)
  region size 1024K, 153 young (156672K), 2 survivors (2048K)
 Metaspace       used 65078K, capacity 69784K, committed 69888K, reserved 1110016K
  class space    used 8396K, capacity 9199K, committed 9216K, reserved 1048576K
2022-09-12T02:24:48.153+0800: 251.071: [GC pause (G1 Evacuation Pause) (young) 192M->42718K(256M), 0.0054284 secs]
Heap after GC invocations=363 (full 0):
 garbage-first heap   total 262144K, used 42718K [0x00000000f0000000, 0x00000000f0100800, 0x0000000100000000)
  region size 1024K, 2 young (2048K), 2 survivors (2048K)
 Metaspace       used 65078K, capacity 69784K, committed 69888K, reserved 1110016K
  class space    used 8396K, capacity 9199K, committed 9216K, reserved 1048576K
}
{Heap before GC invocations=363 (full 0):
 garbage-first heap   total 262144K, used 197342K [0x00000000f0000000, 0x00000000f0100800, 0x0000000100000000)
  region size 1024K, 153 young (156672K), 2 survivors (2048K)
 Metaspace       used 65078K, capacity 69784K, committed 69888K, reserved 1110016K
  class space    used 8396K, capacity 9199K, committed 9216K, reserved 1048576K
2022-09-12T02:24:48.685+0800: 251.603: [GC pause (G1 Evacuation Pause) (young) 192M->42760K(256M), 0.0054805 secs]
Heap after GC invocations=364 (full 0):
 garbage-first heap   total 262144K, used 42760K [0x00000000f0000000, 0x00000000f0100800, 0x0000000100000000)
  region size 1024K, 2 young (2048K), 2 survivors (2048K)
 Metaspace       used 65078K, capacity 69784K, committed 69888K, reserved 1110016K
  class space    used 8396K, capacity 9199K, committed 9216K, reserved 1048576K
}
{Heap before GC invocations=364 (full 0):
 garbage-first heap   total 262144K, used 197384K [0x00000000f0000000, 0x00000000f0100800, 0x0000000100000000)
  region size 1024K, 153 young (156672K), 2 survivors (2048K)
 Metaspace       used 65078K, capacity 69784K, committed 69888K, reserved 1110016K
  class space    used 8396K, capacity 9199K, committed 9216K, reserved 1048576K
2022-09-12T02:24:49.216+0800: 252.134: [GC pause (G1 Evacuation Pause) (young) 192M->42341K(256M), 0.0052404 secs]
Heap after GC invocations=365 (full 0):
 garbage-first heap   total 262144K, used 42341K [0x00000000f0000000, 0x00000000f0100800, 0x0000000100000000)
  region size 1024K, 2 young (2048K), 2 survivors (2048K)
 Metaspace       used 65078K, capacity 69784K, committed 69888K, reserved 1110016K
  class space    used 8396K, capacity 9199K, committed 9216K, reserved 1048576K
}
{Heap before GC invocations=365 (full 0):
 garbage-first heap   total 262144K, used 196965K [0x00000000f0000000, 0x00000000f0100800, 0x0000000100000000)
  region size 1024K, 153 young (156672K), 2 survivors (2048K)
 Metaspace       used 65078K, capacity 69784K, committed 69888K, reserved 1110016K
  class space    used 8396K, capacity 9199K, committed 9216K, reserved 1048576K
2022-09-12T02:24:49.761+0800: 252.679: [GC pause (G1 Evacuation Pause) (young) 192M->42719K(256M), 0.0053131 secs]
Heap after GC invocations=366 (full 0):
 garbage-first heap   total 262144K, used 42719K [0x00000000f0000000, 0x00000000f0100800, 0x0000000100000000)
  region size 1024K, 2 young (2048K), 2 survivors (2048K)
 Metaspace       used 65078K, capacity 69784K, committed 69888K, reserved 1110016K
  class space    used 8396K, capacity 9199K, committed 9216K, reserved 1048576K
}
{Heap before GC invocations=366 (full 0):
 garbage-first heap   total 262144K, used 197343K [0x00000000f0000000, 0x00000000f0100800, 0x0000000100000000)
  region size 1024K, 153 young (156672K), 2 survivors (2048K)
 Metaspace       used 65078K, capacity 69784K, committed 69888K, reserved 1110016K
  class space    used 8396K, capacity 9199K, committed 9216K, reserved 1048576K
2022-09-12T02:24:50.292+0800: 253.210: [GC pause (G1 Evacuation Pause) (young) 192M->42773K(256M), 0.0054855 secs]
Heap after GC invocations=367 (full 0):
 garbage-first heap   total 262144K, used 42773K [0x00000000f0000000, 0x00000000f0100800, 0x0000000100000000)
  region size 1024K, 2 young (2048K), 2 survivors (2048K)
 Metaspace       used 65078K, capacity 69784K, committed 69888K, reserved 1110016K
  class space    used 8396K, capacity 9199K, committed 9216K, reserved 1048576K
}
{Heap before GC invocations=367 (full 0):
 garbage-first heap   total 262144K, used 197397K [0x00000000f0000000, 0x00000000f0100800, 0x0000000100000000)
  region size 1024K, 153 young (156672K), 2 survivors (2048K)
 Metaspace       used 65079K, capacity 69784K, committed 69888K, reserved 1110016K
  class space    used 8396K, capacity 9199K, committed 9216K, reserved 1048576K
2022-09-12T02:24:50.824+0800: 253.742: [GC pause (G1 Evacuation Pause) (young) 192M->42356K(256M), 0.0053572 secs]
Heap after GC invocations=368 (full 0):
 garbage-first heap   total 262144K, used 42356K [0x00000000f0000000, 0x00000000f0100800, 0x0000000100000000)
  region size 1024K, 2 young (2048K), 2 survivors (2048K)
 Metaspace       used 65079K, capacity 69784K, committed 69888K, reserved 1110016K
  class space    used 8396K, capacity 9199K, committed 9216K, reserved 1048576K
}
{Heap before GC invocations=368 (full 0):
 garbage-first heap   total 262144K, used 196980K [0x00000000f0000000, 0x00000000f0100800, 0x0000000100000000)
  region size 1024K, 153 young (156672K), 2 survivors (2048K)
 Metaspace       used 65079K, capacity 69784K, committed 69888K, reserved 1110016K
  class space    used 8396K, capacity 9199K, committed 9216K, reserved 1048576K
2022-09-12T02:24:51.356+0800: 254.273: [GC pause (G1 Evacuation Pause) (young) 192M->42732K(256M), 0.0053305 secs]
Heap after GC invocations=369 (full 0):
 garbage-first heap   total 262144K, used 42732K [0x00000000f0000000, 0x00000000f0100800, 0x0000000100000000)
  region size 1024K, 2 young (2048K), 2 survivors (2048K)
 Metaspace       used 65079K, capacity 69784K, committed 69888K, reserved 1110016K
  class space    used 8396K, capacity 9199K, committed 9216K, reserved 1048576K
}
{Heap before GC invocations=369 (full 0):
 garbage-first heap   total 262144K, used 197356K [0x00000000f0000000, 0x00000000f0100800, 0x0000000100000000)
  region size 1024K, 153 young (156672K), 2 survivors (2048K)
 Metaspace       used 65079K, capacity 69784K, committed 69888K, reserved 1110016K
  class space    used 8396K, capacity 9199K, committed 9216K, reserved 1048576K
2022-09-12T02:24:51.887+0800: 254.805: [GC pause (G1 Evacuation Pause) (young) 192M->42777K(256M), 0.0053509 secs]
Heap after GC invocations=370 (full 0):
 garbage-first heap   total 262144K, used 42777K [0x00000000f0000000, 0x00000000f0100800, 0x0000000100000000)
  region size 1024K, 2 young (2048K), 2 survivors (2048K)
 Metaspace       used 65079K, capacity 69784K, committed 69888K, reserved 1110016K
  class space    used 8396K, capacity 9199K, committed 9216K, reserved 1048576K
}
{Heap before GC invocations=370 (full 0):
 garbage-first heap   total 262144K, used 197401K [0x00000000f0000000, 0x00000000f0100800, 0x0000000100000000)
  region size 1024K, 153 young (156672K), 2 survivors (2048K)
 Metaspace       used 65079K, capacity 69784K, committed 69888K, reserved 1110016K
  class space    used 8396K, capacity 9199K, committed 9216K, reserved 1048576K
2022-09-12T02:24:52.418+0800: 255.336: [GC pause (G1 Evacuation Pause) (young) 192M->42358K(256M), 0.0055043 secs]
Heap after GC invocations=371 (full 0):
 garbage-first heap   total 262144K, used 42358K [0x00000000f0000000, 0x00000000f0100800, 0x0000000100000000)
  region size 1024K, 2 young (2048K), 2 survivors (2048K)
 Metaspace       used 65079K, capacity 69784K, committed 69888K, reserved 1110016K
  class space    used 8396K, capacity 9199K, committed 9216K, reserved 1048576K
}
{Heap before GC invocations=371 (full 0):
 garbage-first heap   total 262144K, used 196982K [0x00000000f0000000, 0x00000000f0100800, 0x0000000100000000)
  region size 1024K, 153 young (156672K), 2 survivors (2048K)
 Metaspace       used 65079K, capacity 69784K, committed 69888K, reserved 1110016K
  class space    used 8396K, capacity 9199K, committed 9216K, reserved 1048576K
2022-09-12T02:24:52.951+0800: 255.868: [GC pause (G1 Evacuation Pause) (young) 192M->42725K(256M), 0.0053627 secs]
Heap after GC invocations=372 (full 0):
 garbage-first heap   total 262144K, used 42725K [0x00000000f0000000, 0x00000000f0100800, 0x0000000100000000)
  region size 1024K, 2 young (2048K), 2 survivors (2048K)
 Metaspace       used 65079K, capacity 69784K, committed 69888K, reserved 1110016K
  class space    used 8396K, capacity 9199K, committed 9216K, reserved 1048576K
}
{Heap before GC invocations=372 (full 0):
 garbage-first heap   total 262144K, used 197349K [0x00000000f0000000, 0x00000000f0100800, 0x0000000100000000)
  region size 1024K, 153 young (156672K), 2 survivors (2048K)
 Metaspace       used 65079K, capacity 69784K, committed 69888K, reserved 1110016K
  class space    used 8396K, capacity 9199K, committed 9216K, reserved 1048576K
2022-09-12T02:24:53.482+0800: 256.400: [GC pause (G1 Evacuation Pause) (young) 192M->42769K(256M), 0.0052370 secs]
Heap after GC invocations=373 (full 0):
 garbage-first heap   total 262144K, used 42769K [0x00000000f0000000, 0x00000000f0100800, 0x0000000100000000)
  region size 1024K, 2 young (2048K), 2 survivors (2048K)
 Metaspace       used 65079K, capacity 69784K, committed 69888K, reserved 1110016K
  class space    used 8396K, capacity 9199K, committed 9216K, reserved 1048576K
}
{Heap before GC invocations=373 (full 0):
 garbage-first heap   total 262144K, used 197393K [0x00000000f0000000, 0x00000000f0100800, 0x0000000100000000)
  region size 1024K, 153 young (156672K), 2 survivors (2048K)
 Metaspace       used 65079K, capacity 69784K, committed 69888K, reserved 1110016K
  class space    used 8396K, capacity 9199K, committed 9216K, reserved 1048576K
2022-09-12T02:24:54.028+0800: 256.946: [GC pause (G1 Evacuation Pause) (young) 192M->42354K(256M), 0.0054238 secs]
Heap after GC invocations=374 (full 0):
 garbage-first heap   total 262144K, used 42354K [0x00000000f0000000, 0x00000000f0100800, 0x0000000100000000)
  region size 1024K, 2 young (2048K), 2 survivors (2048K)
 Metaspace       used 65079K, capacity 69784K, committed 69888K, reserved 1110016K
  class space    used 8396K, capacity 9199K, committed 9216K, reserved 1048576K
}
{Heap before GC invocations=374 (full 0):
 garbage-first heap   total 262144K, used 196978K [0x00000000f0000000, 0x00000000f0100800, 0x0000000100000000)
  region size 1024K, 153 young (156672K), 2 survivors (2048K)
 Metaspace       used 65079K, capacity 69784K, committed 69888K, reserved 1110016K
  class space    used 8396K, capacity 9199K, committed 9216K, reserved 1048576K
2022-09-12T02:24:54.565+0800: 257.483: [GC pause (G1 Evacuation Pause) (young) 192M->42728K(256M), 0.0054540 secs]
Heap after GC invocations=375 (full 0):
 garbage-first heap   total 262144K, used 42728K [0x00000000f0000000, 0x00000000f0100800, 0x0000000100000000)
  region size 1024K, 2 young (2048K), 2 survivors (2048K)
 Metaspace       used 65079K, capacity 69784K, committed 69888K, reserved 1110016K
  class space    used 8396K, capacity 9199K, committed 9216K, reserved 1048576K
}
{Heap before GC invocations=375 (full 0):
 garbage-first heap   total 262144K, used 197352K [0x00000000f0000000, 0x00000000f0100800, 0x0000000100000000)
  region size 1024K, 153 young (156672K), 2 survivors (2048K)
 Metaspace       used 65079K, capacity 69784K, committed 69888K, reserved 1110016K
  class space    used 8396K, capacity 9199K, committed 9216K, reserved 1048576K
2022-09-12T02:24:55.098+0800: 258.015: [GC pause (G1 Evacuation Pause) (young) 192M->42777K(256M), 0.0054548 secs]
Heap after GC invocations=376 (full 0):
 garbage-first heap   total 262144K, used 42777K [0x00000000f0000000, 0x00000000f0100800, 0x0000000100000000)
  region size 1024K, 2 young (2048K), 2 survivors (2048K)
 Metaspace       used 65079K, capacity 69784K, committed 69888K, reserved 1110016K
  class space    used 8396K, capacity 9199K, committed 9216K, reserved 1048576K
}
{Heap before GC invocations=376 (full 0):
 garbage-first heap   total 262144K, used 197401K [0x00000000f0000000, 0x00000000f0100800, 0x0000000100000000)
  region size 1024K, 153 young (156672K), 2 survivors (2048K)
 Metaspace       used 65079K, capacity 69784K, committed 69888K, reserved 1110016K
  class space    used 8396K, capacity 9199K, committed 9216K, reserved 1048576K
2022-09-12T02:24:55.628+0800: 258.546: [GC pause (G1 Evacuation Pause) (young) 192M->42358K(256M), 0.0052715 secs]
Heap after GC invocations=377 (full 0):
 garbage-first heap   total 262144K, used 42358K [0x00000000f0000000, 0x00000000f0100800, 0x0000000100000000)
  region size 1024K, 2 young (2048K), 2 survivors (2048K)
 Metaspace       used 65079K, capacity 69784K, committed 69888K, reserved 1110016K
  class space    used 8396K, capacity 9199K, committed 9216K, reserved 1048576K
}
{Heap before GC invocations=377 (full 0):
 garbage-first heap   total 262144K, used 196982K [0x00000000f0000000, 0x00000000f0100800, 0x0000000100000000)
  region size 1024K, 153 young (156672K), 2 survivors (2048K)
 Metaspace       used 65079K, capacity 69784K, committed 69888K, reserved 1110016K
  class space    used 8396K, capacity 9199K, committed 9216K, reserved 1048576K
2022-09-12T02:24:56.159+0800: 259.077: [GC pause (G1 Evacuation Pause) (young) 192M->42717K(256M), 0.0053517 secs]
Heap after GC invocations=378 (full 0):
 garbage-first heap   total 262144K, used 42717K [0x00000000f0000000, 0x00000000f0100800, 0x0000000100000000)
  region size 1024K, 2 young (2048K), 2 survivors (2048K)
 Metaspace       used 65079K, capacity 69784K, committed 69888K, reserved 1110016K
  class space    used 8396K, capacity 9199K, committed 9216K, reserved 1048576K
}
{Heap before GC invocations=378 (full 0):
 garbage-first heap   total 262144K, used 197341K [0x00000000f0000000, 0x00000000f0100800, 0x0000000100000000)
  region size 1024K, 153 young (156672K), 2 survivors (2048K)
 Metaspace       used 65079K, capacity 69784K, committed 69888K, reserved 1110016K
  class space    used 8396K, capacity 9199K, committed 9216K, reserved 1048576K
2022-09-12T02:24:56.688+0800: 259.606: [GC pause (G1 Evacuation Pause) (young) 192M->42774K(256M), 0.0052532 secs]
Heap after GC invocations=379 (full 0):
 garbage-first heap   total 262144K, used 42774K [0x00000000f0000000, 0x00000000f0100800, 0x0000000100000000)
  region size 1024K, 2 young (2048K), 2 survivors (2048K)
 Metaspace       used 65079K, capacity 69784K, committed 69888K, reserved 1110016K
  class space    used 8396K, capacity 9199K, committed 9216K, reserved 1048576K
}
{Heap before GC invocations=379 (full 0):
 garbage-first heap   total 262144K, used 197398K [0x00000000f0000000, 0x00000000f0100800, 0x0000000100000000)
  region size 1024K, 153 young (156672K), 2 survivors (2048K)
 Metaspace       used 65079K, capacity 69784K, committed 69888K, reserved 1110016K
  class space    used 8396K, capacity 9199K, committed 9216K, reserved 1048576K
2022-09-12T02:24:57.219+0800: 260.137: [GC pause (G1 Evacuation Pause) (young) 192M->42354K(256M), 0.0053998 secs]
Heap after GC invocations=380 (full 0):
 garbage-first heap   total 262144K, used 42354K [0x00000000f0000000, 0x00000000f0100800, 0x0000000100000000)
  region size 1024K, 2 young (2048K), 2 survivors (2048K)
 Metaspace       used 65079K, capacity 69784K, committed 69888K, reserved 1110016K
  class space    used 8396K, capacity 9199K, committed 9216K, reserved 1048576K
}
{Heap before GC invocations=380 (full 0):
 garbage-first heap   total 262144K, used 196978K [0x00000000f0000000, 0x00000000f0100800, 0x0000000100000000)
  region size 1024K, 153 young (156672K), 2 survivors (2048K)
 Metaspace       used 65079K, capacity 69784K, committed 69888K, reserved 1110016K
  class space    used 8396K, capacity 9199K, committed 9216K, reserved 1048576K
2022-09-12T02:24:57.749+0800: 260.667: [GC pause (G1 Evacuation Pause) (young) 192M->42721K(256M), 0.0054007 secs]
Heap after GC invocations=381 (full 0):
 garbage-first heap   total 262144K, used 42721K [0x00000000f0000000, 0x00000000f0100800, 0x0000000100000000)
  region size 1024K, 2 young (2048K), 2 survivors (2048K)
 Metaspace       used 65079K, capacity 69784K, committed 69888K, reserved 1110016K
  class space    used 8396K, capacity 9199K, committed 9216K, reserved 1048576K
}
{Heap before GC invocations=381 (full 0):
 garbage-first heap   total 262144K, used 197345K [0x00000000f0000000, 0x00000000f0100800, 0x0000000100000000)
  region size 1024K, 153 young (156672K), 2 survivors (2048K)
 Metaspace       used 65084K, capacity 69784K, committed 69888K, reserved 1110016K
  class space    used 8396K, capacity 9199K, committed 9216K, reserved 1048576K
2022-09-12T02:24:58.281+0800: 261.199: [GC pause (G1 Evacuation Pause) (young) 192M->42785K(256M), 0.0053160 secs]
Heap after GC invocations=382 (full 0):
 garbage-first heap   total 262144K, used 42785K [0x00000000f0000000, 0x00000000f0100800, 0x0000000100000000)
  region size 1024K, 2 young (2048K), 2 survivors (2048K)
 Metaspace       used 65084K, capacity 69784K, committed 69888K, reserved 1110016K
  class space    used 8396K, capacity 9199K, committed 9216K, reserved 1048576K
}
{Heap before GC invocations=382 (full 0):
 garbage-first heap   total 262144K, used 197409K [0x00000000f0000000, 0x00000000f0100800, 0x0000000100000000)
  region size 1024K, 153 young (156672K), 2 survivors (2048K)
 Metaspace       used 65084K, capacity 69784K, committed 69888K, reserved 1110016K
  class space    used 8396K, capacity 9199K, committed 9216K, reserved 1048576K
2022-09-12T02:24:58.827+0800: 261.745: [GC pause (G1 Evacuation Pause) (young) 192M->42361K(256M), 0.0052921 secs]
Heap after GC invocations=383 (full 0):
 garbage-first heap   total 262144K, used 42361K [0x00000000f0000000, 0x00000000f0100800, 0x0000000100000000)
  region size 1024K, 2 young (2048K), 2 survivors (2048K)
 Metaspace       used 65084K, capacity 69784K, committed 69888K, reserved 1110016K
  class space    used 8396K, capacity 9199K, committed 9216K, reserved 1048576K
}
{Heap before GC invocations=383 (full 0):
 garbage-first heap   total 262144K, used 196985K [0x00000000f0000000, 0x00000000f0100800, 0x0000000100000000)
  region size 1024K, 153 young (156672K), 2 survivors (2048K)
 Metaspace       used 65085K, capacity 69784K, committed 69888K, reserved 1110016K
  class space    used 8396K, capacity 9199K, committed 9216K, reserved 1048576K
2022-09-12T02:24:59.358+0800: 262.276: [GC pause (G1 Evacuation Pause) (young) 192M->42723K(256M), 0.0053975 secs]
Heap after GC invocations=384 (full 0):
 garbage-first heap   total 262144K, used 42723K [0x00000000f0000000, 0x00000000f0100800, 0x0000000100000000)
  region size 1024K, 2 young (2048K), 2 survivors (2048K)
 Metaspace       used 65085K, capacity 69784K, committed 69888K, reserved 1110016K
  class space    used 8396K, capacity 9199K, committed 9216K, reserved 1048576K
}
{Heap before GC invocations=384 (full 0):
 garbage-first heap   total 262144K, used 197347K [0x00000000f0000000, 0x00000000f0100800, 0x0000000100000000)
  region size 1024K, 153 young (156672K), 2 survivors (2048K)
 Metaspace       used 65085K, capacity 69784K, committed 69888K, reserved 1110016K
  class space    used 8396K, capacity 9199K, committed 9216K, reserved 1048576K
2022-09-12T02:24:59.891+0800: 262.809: [GC pause (G1 Evacuation Pause) (young) 192M->42763K(256M), 0.0052904 secs]
Heap after GC invocations=385 (full 0):
 garbage-first heap   total 262144K, used 42763K [0x00000000f0000000, 0x00000000f0100800, 0x0000000100000000)
  region size 1024K, 2 young (2048K), 2 survivors (2048K)
 Metaspace       used 65085K, capacity 69784K, committed 69888K, reserved 1110016K
  class space    used 8396K, capacity 9199K, committed 9216K, reserved 1048576K
}
{Heap before GC invocations=385 (full 0):
 garbage-first heap   total 262144K, used 197387K [0x00000000f0000000, 0x00000000f0100800, 0x0000000100000000)
  region size 1024K, 153 young (156672K), 2 survivors (2048K)
 Metaspace       used 65085K, capacity 69784K, committed 69888K, reserved 1110016K
  class space    used 8396K, capacity 9199K, committed 9216K, reserved 1048576K
2022-09-12T02:25:00.422+0800: 263.340: [GC pause (G1 Evacuation Pause) (young) 192M->42351K(256M), 0.0054002 secs]
Heap after GC invocations=386 (full 0):
 garbage-first heap   total 262144K, used 42351K [0x00000000f0000000, 0x00000000f0100800, 0x0000000100000000)
  region size 1024K, 2 young (2048K), 2 survivors (2048K)
 Metaspace       used 65085K, capacity 69784K, committed 69888K, reserved 1110016K
  class space    used 8396K, capacity 9199K, committed 9216K, reserved 1048576K
}
{Heap before GC invocations=386 (full 0):
 garbage-first heap   total 262144K, used 196975K [0x00000000f0000000, 0x00000000f0100800, 0x0000000100000000)
  region size 1024K, 153 young (156672K), 2 survivors (2048K)
 Metaspace       used 65085K, capacity 69784K, committed 69888K, reserved 1110016K
  class space    used 8396K, capacity 9199K, committed 9216K, reserved 1048576K
2022-09-12T02:25:00.960+0800: 263.878: [GC pause (G1 Evacuation Pause) (young) 192M->42718K(256M), 0.0053931 secs]
Heap after GC invocations=387 (full 0):
 garbage-first heap   total 262144K, used 42718K [0x00000000f0000000, 0x00000000f0100800, 0x0000000100000000)
  region size 1024K, 2 young (2048K), 2 survivors (2048K)
 Metaspace       used 65085K, capacity 69784K, committed 69888K, reserved 1110016K
  class space    used 8396K, capacity 9199K, committed 9216K, reserved 1048576K
}
{Heap before GC invocations=387 (full 0):
 garbage-first heap   total 262144K, used 197342K [0x00000000f0000000, 0x00000000f0100800, 0x0000000100000000)
  region size 1024K, 153 young (156672K), 2 survivors (2048K)
 Metaspace       used 65085K, capacity 69784K, committed 69888K, reserved 1110016K
  class space    used 8396K, capacity 9199K, committed 9216K, reserved 1048576K
2022-09-12T02:25:01.491+0800: 264.409: [GC pause (G1 Evacuation Pause) (young) 192M->42772K(256M), 0.0053470 secs]
Heap after GC invocations=388 (full 0):
 garbage-first heap   total 262144K, used 42772K [0x00000000f0000000, 0x00000000f0100800, 0x0000000100000000)
  region size 1024K, 2 young (2048K), 2 survivors (2048K)
 Metaspace       used 65085K, capacity 69784K, committed 69888K, reserved 1110016K
  class space    used 8396K, capacity 9199K, committed 9216K, reserved 1048576K
}
{Heap before GC invocations=388 (full 0):
 garbage-first heap   total 262144K, used 197396K [0x00000000f0000000, 0x00000000f0100800, 0x0000000100000000)
  region size 1024K, 153 young (156672K), 2 survivors (2048K)
 Metaspace       used 65086K, capacity 69784K, committed 69888K, reserved 1110016K
  class space    used 8396K, capacity 9199K, committed 9216K, reserved 1048576K
2022-09-12T02:25:02.021+0800: 264.939: [GC pause (G1 Evacuation Pause) (young) 192M->42360K(256M), 0.0055193 secs]
Heap after GC invocations=389 (full 0):
 garbage-first heap   total 262144K, used 42360K [0x00000000f0000000, 0x00000000f0100800, 0x0000000100000000)
  region size 1024K, 2 young (2048K), 2 survivors (2048K)
 Metaspace       used 65086K, capacity 69784K, committed 69888K, reserved 1110016K
  class space    used 8396K, capacity 9199K, committed 9216K, reserved 1048576K
}
{Heap before GC invocations=389 (full 0):
 garbage-first heap   total 262144K, used 196984K [0x00000000f0000000, 0x00000000f0100800, 0x0000000100000000)
  region size 1024K, 153 young (156672K), 2 survivors (2048K)
 Metaspace       used 65090K, capacity 69784K, committed 69888K, reserved 1110016K
  class space    used 8396K, capacity 9199K, committed 9216K, reserved 1048576K
2022-09-12T02:25:02.553+0800: 265.471: [GC pause (G1 Evacuation Pause) (young) 192M->42736K(256M), 0.0054398 secs]
Heap after GC invocations=390 (full 0):
 garbage-first heap   total 262144K, used 42736K [0x00000000f0000000, 0x00000000f0100800, 0x0000000100000000)
  region size 1024K, 2 young (2048K), 2 survivors (2048K)
 Metaspace       used 65090K, capacity 69784K, committed 69888K, reserved 1110016K
  class space    used 8396K, capacity 9199K, committed 9216K, reserved 1048576K
}
{Heap before GC invocations=390 (full 0):
 garbage-first heap   total 262144K, used 197360K [0x00000000f0000000, 0x00000000f0100800, 0x0000000100000000)
  region size 1024K, 153 young (156672K), 2 survivors (2048K)
 Metaspace       used 65090K, capacity 69784K, committed 69888K, reserved 1110016K
  class space    used 8396K, capacity 9199K, committed 9216K, reserved 1048576K
2022-09-12T02:25:03.095+0800: 266.013: [GC pause (G1 Evacuation Pause) (young) 192M->42792K(256M), 0.0052674 secs]
Heap after GC invocations=391 (full 0):
 garbage-first heap   total 262144K, used 42792K [0x00000000f0000000, 0x00000000f0100800, 0x0000000100000000)
  region size 1024K, 2 young (2048K), 2 survivors (2048K)
 Metaspace       used 65090K, capacity 69784K, committed 69888K, reserved 1110016K
  class space    used 8396K, capacity 9199K, committed 9216K, reserved 1048576K
}
{Heap before GC invocations=391 (full 0):
 garbage-first heap   total 262144K, used 197416K [0x00000000f0000000, 0x00000000f0100800, 0x0000000100000000)
  region size 1024K, 153 young (156672K), 2 survivors (2048K)
 Metaspace       used 65090K, capacity 69784K, committed 69888K, reserved 1110016K
  class space    used 8396K, capacity 9199K, committed 9216K, reserved 1048576K
2022-09-12T02:25:03.626+0800: 266.543: [GC pause (G1 Evacuation Pause) (young) 192M->42361K(256M), 0.0054305 secs]
Heap after GC invocations=392 (full 0):
 garbage-first heap   total 262144K, used 42361K [0x00000000f0000000, 0x00000000f0100800, 0x0000000100000000)
  region size 1024K, 2 young (2048K), 2 survivors (2048K)
 Metaspace       used 65090K, capacity 69784K, committed 69888K, reserved 1110016K
  class space    used 8396K, capacity 9199K, committed 9216K, reserved 1048576K
}
{Heap before GC invocations=392 (full 0):
 garbage-first heap   total 262144K, used 196985K [0x00000000f0000000, 0x00000000f0100800, 0x0000000100000000)
  region size 1024K, 153 young (156672K), 2 survivors (2048K)
 Metaspace       used 65090K, capacity 69784K, committed 69888K, reserved 1110016K
  class space    used 8396K, capacity 9199K, committed 9216K, reserved 1048576K
2022-09-12T02:25:04.158+0800: 267.076: [GC pause (G1 Evacuation Pause) (young) 192M->42724K(256M), 0.0053546 secs]
Heap after GC invocations=393 (full 0):
 garbage-first heap   total 262144K, used 42724K [0x00000000f0000000, 0x00000000f0100800, 0x0000000100000000)
  region size 1024K, 2 young (2048K), 2 survivors (2048K)
 Metaspace       used 65090K, capacity 69784K, committed 69888K, reserved 1110016K
  class space    used 8396K, capacity 9199K, committed 9216K, reserved 1048576K
}
{Heap before GC invocations=393 (full 0):
 garbage-first heap   total 262144K, used 197348K [0x00000000f0000000, 0x00000000f0100800, 0x0000000100000000)
  region size 1024K, 153 young (156672K), 2 survivors (2048K)
 Metaspace       used 65090K, capacity 69784K, committed 69888K, reserved 1110016K
  class space    used 8396K, capacity 9199K, committed 9216K, reserved 1048576K
2022-09-12T02:25:04.694+0800: 267.612: [GC pause (G1 Evacuation Pause) (young) 192M->42793K(256M), 0.0053154 secs]
Heap after GC invocations=394 (full 0):
 garbage-first heap   total 262144K, used 42793K [0x00000000f0000000, 0x00000000f0100800, 0x0000000100000000)
  region size 1024K, 2 young (2048K), 2 survivors (2048K)
 Metaspace       used 65090K, capacity 69784K, committed 69888K, reserved 1110016K
  class space    used 8396K, capacity 9199K, committed 9216K, reserved 1048576K
}
{Heap before GC invocations=394 (full 0):
 garbage-first heap   total 262144K, used 197417K [0x00000000f0000000, 0x00000000f0100800, 0x0000000100000000)
  region size 1024K, 153 young (156672K), 2 survivors (2048K)
 Metaspace       used 65090K, capacity 69784K, committed 69888K, reserved 1110016K
  class space    used 8396K, capacity 9199K, committed 9216K, reserved 1048576K
2022-09-12T02:25:05.228+0800: 268.146: [GC pause (G1 Evacuation Pause) (young) 192M->42364K(256M), 0.0053408 secs]
Heap after GC invocations=395 (full 0):
 garbage-first heap   total 262144K, used 42364K [0x00000000f0000000, 0x00000000f0100800, 0x0000000100000000)
  region size 1024K, 2 young (2048K), 2 survivors (2048K)
 Metaspace       used 65090K, capacity 69784K, committed 69888K, reserved 1110016K
  class space    used 8396K, capacity 9199K, committed 9216K, reserved 1048576K
}
{Heap before GC invocations=395 (full 0):
 garbage-first heap   total 262144K, used 196988K [0x00000000f0000000, 0x00000000f0100800, 0x0000000100000000)
  region size 1024K, 153 young (156672K), 2 survivors (2048K)
 Metaspace       used 65090K, capacity 69784K, committed 69888K, reserved 1110016K
  class space    used 8396K, capacity 9199K, committed 9216K, reserved 1048576K
2022-09-12T02:25:05.758+0800: 268.676: [GC pause (G1 Evacuation Pause) (young) 192M->42735K(256M), 0.0053528 secs]
Heap after GC invocations=396 (full 0):
 garbage-first heap   total 262144K, used 42735K [0x00000000f0000000, 0x00000000f0100800, 0x0000000100000000)
  region size 1024K, 2 young (2048K), 2 survivors (2048K)
 Metaspace       used 65090K, capacity 69784K, committed 69888K, reserved 1110016K
  class space    used 8396K, capacity 9199K, committed 9216K, reserved 1048576K
}
{Heap before GC invocations=396 (full 0):
 garbage-first heap   total 262144K, used 197359K [0x00000000f0000000, 0x00000000f0100800, 0x0000000100000000)
  region size 1024K, 153 young (156672K), 2 survivors (2048K)
 Metaspace       used 65090K, capacity 69784K, committed 69888K, reserved 1110016K
  class space    used 8396K, capacity 9199K, committed 9216K, reserved 1048576K
2022-09-12T02:25:06.291+0800: 269.208: [GC pause (G1 Evacuation Pause) (young) 192M->42790K(256M), 0.0052120 secs]
Heap after GC invocations=397 (full 0):
 garbage-first heap   total 262144K, used 42790K [0x00000000f0000000, 0x00000000f0100800, 0x0000000100000000)
  region size 1024K, 2 young (2048K), 2 survivors (2048K)
 Metaspace       used 65090K, capacity 69784K, committed 69888K, reserved 1110016K
  class space    used 8396K, capacity 9199K, committed 9216K, reserved 1048576K
}
{Heap before GC invocations=397 (full 0):
 garbage-first heap   total 262144K, used 197414K [0x00000000f0000000, 0x00000000f0100800, 0x0000000100000000)
  region size 1024K, 153 young (156672K), 2 survivors (2048K)
 Metaspace       used 65091K, capacity 69784K, committed 69888K, reserved 1110016K
  class space    used 8396K, capacity 9199K, committed 9216K, reserved 1048576K
2022-09-12T02:25:06.821+0800: 269.739: [GC pause (G1 Evacuation Pause) (young) 192M->42362K(256M), 0.0052452 secs]
Heap after GC invocations=398 (full 0):
 garbage-first heap   total 262144K, used 42362K [0x00000000f0000000, 0x00000000f0100800, 0x0000000100000000)
  region size 1024K, 2 young (2048K), 2 survivors (2048K)
 Metaspace       used 65091K, capacity 69784K, committed 69888K, reserved 1110016K
  class space    used 8396K, capacity 9199K, committed 9216K, reserved 1048576K
}
{Heap before GC invocations=398 (full 0):
 garbage-first heap   total 262144K, used 196986K [0x00000000f0000000, 0x00000000f0100800, 0x0000000100000000)
  region size 1024K, 153 young (156672K), 2 survivors (2048K)
 Metaspace       used 65091K, capacity 69784K, committed 69888K, reserved 1110016K
  class space    used 8396K, capacity 9199K, committed 9216K, reserved 1048576K
2022-09-12T02:25:07.368+0800: 270.286: [GC pause (G1 Evacuation Pause) (young) 192M->42733K(256M), 0.0053206 secs]
Heap after GC invocations=399 (full 0):
 garbage-first heap   total 262144K, used 42733K [0x00000000f0000000, 0x00000000f0100800, 0x0000000100000000)
  region size 1024K, 2 young (2048K), 2 survivors (2048K)
 Metaspace       used 65091K, capacity 69784K, committed 69888K, reserved 1110016K
  class space    used 8396K, capacity 9199K, committed 9216K, reserved 1048576K
}
{Heap before GC invocations=399 (full 0):
 garbage-first heap   total 262144K, used 197357K [0x00000000f0000000, 0x00000000f0100800, 0x0000000100000000)
  region size 1024K, 153 young (156672K), 2 survivors (2048K)
 Metaspace       used 65091K, capacity 69784K, committed 69888K, reserved 1110016K
  class space    used 8396K, capacity 9199K, committed 9216K, reserved 1048576K
2022-09-12T02:25:07.898+0800: 270.816: [GC pause (G1 Evacuation Pause) (young) 192M->42794K(256M), 0.0053808 secs]
Heap after GC invocations=400 (full 0):
 garbage-first heap   total 262144K, used 42794K [0x00000000f0000000, 0x00000000f0100800, 0x0000000100000000)
  region size 1024K, 2 young (2048K), 2 survivors (2048K)
 Metaspace       used 65091K, capacity 69784K, committed 69888K, reserved 1110016K
  class space    used 8396K, capacity 9199K, committed 9216K, reserved 1048576K
}
{Heap before GC invocations=400 (full 0):
 garbage-first heap   total 262144K, used 197418K [0x00000000f0000000, 0x00000000f0100800, 0x0000000100000000)
  region size 1024K, 153 young (156672K), 2 survivors (2048K)
 Metaspace       used 65091K, capacity 69784K, committed 69888K, reserved 1110016K
  class space    used 8396K, capacity 9199K, committed 9216K, reserved 1048576K
2022-09-12T02:25:08.431+0800: 271.349: [GC pause (G1 Evacuation Pause) (young) 192M->42372K(256M), 0.0055354 secs]
Heap after GC invocations=401 (full 0):
 garbage-first heap   total 262144K, used 42372K [0x00000000f0000000, 0x00000000f0100800, 0x0000000100000000)
  region size 1024K, 2 young (2048K), 2 survivors (2048K)
 Metaspace       used 65091K, capacity 69784K, committed 69888K, reserved 1110016K
  class space    used 8396K, capacity 9199K, committed 9216K, reserved 1048576K
}
{Heap before GC invocations=401 (full 0):
 garbage-first heap   total 262144K, used 196996K [0x00000000f0000000, 0x00000000f0100800, 0x0000000100000000)
  region size 1024K, 153 young (156672K), 2 survivors (2048K)
 Metaspace       used 65091K, capacity 69784K, committed 69888K, reserved 1110016K
  class space    used 8396K, capacity 9199K, committed 9216K, reserved 1048576K
2022-09-12T02:25:08.962+0800: 271.880: [GC pause (G1 Evacuation Pause) (young) 192M->42730K(256M), 0.0053038 secs]
Heap after GC invocations=402 (full 0):
 garbage-first heap   total 262144K, used 42730K [0x00000000f0000000, 0x00000000f0100800, 0x0000000100000000)
  region size 1024K, 2 young (2048K), 2 survivors (2048K)
 Metaspace       used 65091K, capacity 69784K, committed 69888K, reserved 1110016K
  class space    used 8396K, capacity 9199K, committed 9216K, reserved 1048576K
}
{Heap before GC invocations=402 (full 0):
 garbage-first heap   total 262144K, used 197354K [0x00000000f0000000, 0x00000000f0100800, 0x0000000100000000)
  region size 1024K, 153 young (156672K), 2 survivors (2048K)
 Metaspace       used 65091K, capacity 69784K, committed 69888K, reserved 1110016K
  class space    used 8396K, capacity 9199K, committed 9216K, reserved 1048576K
2022-09-12T02:25:09.496+0800: 272.414: [GC pause (G1 Evacuation Pause) (young) 192M->42790K(256M), 0.0052482 secs]
Heap after GC invocations=403 (full 0):
 garbage-first heap   total 262144K, used 42790K [0x00000000f0000000, 0x00000000f0100800, 0x0000000100000000)
  region size 1024K, 2 young (2048K), 2 survivors (2048K)
 Metaspace       used 65091K, capacity 69784K, committed 69888K, reserved 1110016K
  class space    used 8396K, capacity 9199K, committed 9216K, reserved 1048576K
}
{Heap before GC invocations=403 (full 0):
 garbage-first heap   total 262144K, used 197414K [0x00000000f0000000, 0x00000000f0100800, 0x0000000100000000)
  region size 1024K, 153 young (156672K), 2 survivors (2048K)
 Metaspace       used 65091K, capacity 69784K, committed 69888K, reserved 1110016K
  class space    used 8396K, capacity 9199K, committed 9216K, reserved 1048576K
2022-09-12T02:25:10.028+0800: 272.946: [GC pause (G1 Evacuation Pause) (young) 192M->42219K(256M), 0.0053075 secs]
Heap after GC invocations=404 (full 0):
 garbage-first heap   total 262144K, used 42219K [0x00000000f0000000, 0x00000000f0100800, 0x0000000100000000)
  region size 1024K, 2 young (2048K), 2 survivors (2048K)
 Metaspace       used 65091K, capacity 69784K, committed 69888K, reserved 1110016K
  class space    used 8396K, capacity 9199K, committed 9216K, reserved 1048576K
}
{Heap before GC invocations=404 (full 0):
 garbage-first heap   total 262144K, used 196843K [0x00000000f0000000, 0x00000000f0100800, 0x0000000100000000)
  region size 1024K, 153 young (156672K), 2 survivors (2048K)
 Metaspace       used 65091K, capacity 69784K, committed 69888K, reserved 1110016K
  class space    used 8396K, capacity 9199K, committed 9216K, reserved 1048576K
2022-09-12T02:25:10.559+0800: 273.476: [GC pause (G1 Evacuation Pause) (young) 192M->42503K(256M), 0.0061705 secs]
Heap after GC invocations=405 (full 0):
 garbage-first heap   total 262144K, used 42503K [0x00000000f0000000, 0x00000000f0100800, 0x0000000100000000)
  region size 1024K, 2 young (2048K), 2 survivors (2048K)
 Metaspace       used 65091K, capacity 69784K, committed 69888K, reserved 1110016K
  class space    used 8396K, capacity 9199K, committed 9216K, reserved 1048576K
}
{Heap before GC invocations=405 (full 0):
 garbage-first heap   total 262144K, used 197127K [0x00000000f0000000, 0x00000000f0100800, 0x0000000100000000)
  region size 1024K, 153 young (156672K), 2 survivors (2048K)
 Metaspace       used 65091K, capacity 69784K, committed 69888K, reserved 1110016K
  class space    used 8396K, capacity 9199K, committed 9216K, reserved 1048576K
2022-09-12T02:25:11.091+0800: 274.009: [GC pause (G1 Evacuation Pause) (young) 192M->42792K(256M), 0.0054366 secs]
Heap after GC invocations=406 (full 0):
 garbage-first heap   total 262144K, used 42792K [0x00000000f0000000, 0x00000000f0100800, 0x0000000100000000)
  region size 1024K, 2 young (2048K), 2 survivors (2048K)
 Metaspace       used 65091K, capacity 69784K, committed 69888K, reserved 1110016K
  class space    used 8396K, capacity 9199K, committed 9216K, reserved 1048576K
}
{Heap before GC invocations=406 (full 0):
 garbage-first heap   total 262144K, used 197416K [0x00000000f0000000, 0x00000000f0100800, 0x0000000100000000)
  region size 1024K, 153 young (156672K), 2 survivors (2048K)
 Metaspace       used 65093K, capacity 69784K, committed 69888K, reserved 1110016K
  class space    used 8396K, capacity 9199K, committed 9216K, reserved 1048576K
2022-09-12T02:25:11.623+0800: 274.541: [GC pause (G1 Evacuation Pause) (young) 192M->42378K(256M), 0.0053750 secs]
Heap after GC invocations=407 (full 0):
 garbage-first heap   total 262144K, used 42378K [0x00000000f0000000, 0x00000000f0100800, 0x0000000100000000)
  region size 1024K, 2 young (2048K), 2 survivors (2048K)
 Metaspace       used 65093K, capacity 69784K, committed 69888K, reserved 1110016K
  class space    used 8396K, capacity 9199K, committed 9216K, reserved 1048576K
}
{Heap before GC invocations=407 (full 0):
 garbage-first heap   total 262144K, used 197002K [0x00000000f0000000, 0x00000000f0100800, 0x0000000100000000)
  region size 1024K, 153 young (156672K), 2 survivors (2048K)
 Metaspace       used 65093K, capacity 69784K, committed 69888K, reserved 1110016K
  class space    used 8396K, capacity 9199K, committed 9216K, reserved 1048576K
2022-09-12T02:25:12.176+0800: 275.094: [GC pause (G1 Evacuation Pause) (young) 192M->42731K(256M), 0.0052506 secs]
Heap after GC invocations=408 (full 0):
 garbage-first heap   total 262144K, used 42731K [0x00000000f0000000, 0x00000000f0100800, 0x0000000100000000)
  region size 1024K, 2 young (2048K), 2 survivors (2048K)
 Metaspace       used 65093K, capacity 69784K, committed 69888K, reserved 1110016K
  class space    used 8396K, capacity 9199K, committed 9216K, reserved 1048576K
}
{Heap before GC invocations=408 (full 0):
 garbage-first heap   total 262144K, used 197355K [0x00000000f0000000, 0x00000000f0100800, 0x0000000100000000)
  region size 1024K, 153 young (156672K), 2 survivors (2048K)
 Metaspace       used 65093K, capacity 69784K, committed 69888K, reserved 1110016K
  class space    used 8396K, capacity 9199K, committed 9216K, reserved 1048576K
2022-09-12T02:25:12.709+0800: 275.627: [GC pause (G1 Evacuation Pause) (young) 192M->42795K(256M), 0.0053928 secs]
Heap after GC invocations=409 (full 0):
 garbage-first heap   total 262144K, used 42795K [0x00000000f0000000, 0x00000000f0100800, 0x0000000100000000)
  region size 1024K, 2 young (2048K), 2 survivors (2048K)
 Metaspace       used 65093K, capacity 69784K, committed 69888K, reserved 1110016K
  class space    used 8396K, capacity 9199K, committed 9216K, reserved 1048576K
}
{Heap before GC invocations=409 (full 0):
 garbage-first heap   total 262144K, used 197419K [0x00000000f0000000, 0x00000000f0100800, 0x0000000100000000)
  region size 1024K, 153 young (156672K), 2 survivors (2048K)
 Metaspace       used 65093K, capacity 69784K, committed 69888K, reserved 1110016K
  class space    used 8396K, capacity 9199K, committed 9216K, reserved 1048576K
2022-09-12T02:25:13.241+0800: 276.159: [GC pause (G1 Evacuation Pause) (young) 192M->42524K(256M), 0.0056560 secs]
Heap after GC invocations=410 (full 0):
 garbage-first heap   total 262144K, used 42524K [0x00000000f0000000, 0x00000000f0100800, 0x0000000100000000)
  region size 1024K, 2 young (2048K), 2 survivors (2048K)
 Metaspace       used 65093K, capacity 69784K, committed 69888K, reserved 1110016K
  class space    used 8396K, capacity 9199K, committed 9216K, reserved 1048576K
}
{Heap before GC invocations=410 (full 0):
 garbage-first heap   total 262144K, used 197148K [0x00000000f0000000, 0x00000000f0100800, 0x0000000100000000)
  region size 1024K, 153 young (156672K), 2 survivors (2048K)
 Metaspace       used 65093K, capacity 69784K, committed 69888K, reserved 1110016K
  class space    used 8396K, capacity 9199K, committed 9216K, reserved 1048576K
2022-09-12T02:25:13.774+0800: 276.692: [GC pause (G1 Evacuation Pause) (young) 192M->42512K(256M), 0.0061046 secs]
Heap after GC invocations=411 (full 0):
 garbage-first heap   total 262144K, used 42512K [0x00000000f0000000, 0x00000000f0100800, 0x0000000100000000)
  region size 1024K, 2 young (2048K), 2 survivors (2048K)
 Metaspace       used 65093K, capacity 69784K, committed 69888K, reserved 1110016K
  class space    used 8396K, capacity 9199K, committed 9216K, reserved 1048576K
}
{Heap before GC invocations=411 (full 0):
 garbage-first heap   total 262144K, used 197136K [0x00000000f0000000, 0x00000000f0100800, 0x0000000100000000)
  region size 1024K, 153 young (156672K), 2 survivors (2048K)
 Metaspace       used 65093K, capacity 69784K, committed 69888K, reserved 1110016K
  class space    used 8396K, capacity 9199K, committed 9216K, reserved 1048576K
2022-09-12T02:25:14.307+0800: 277.225: [GC pause (G1 Evacuation Pause) (young) 192M->42773K(256M), 0.0053930 secs]
Heap after GC invocations=412 (full 0):
 garbage-first heap   total 262144K, used 42773K [0x00000000f0000000, 0x00000000f0100800, 0x0000000100000000)
  region size 1024K, 2 young (2048K), 2 survivors (2048K)
 Metaspace       used 65093K, capacity 69784K, committed 69888K, reserved 1110016K
  class space    used 8396K, capacity 9199K, committed 9216K, reserved 1048576K
}
{Heap before GC invocations=412 (full 0):
 garbage-first heap   total 262144K, used 197397K [0x00000000f0000000, 0x00000000f0100800, 0x0000000100000000)
  region size 1024K, 153 young (156672K), 2 survivors (2048K)
 Metaspace       used 65093K, capacity 69784K, committed 69888K, reserved 1110016K
  class space    used 8396K, capacity 9199K, committed 9216K, reserved 1048576K
2022-09-12T02:25:14.838+0800: 277.756: [GC pause (G1 Evacuation Pause) (young) 192M->42810K(256M), 0.0053394 secs]
Heap after GC invocations=413 (full 0):
 garbage-first heap   total 262144K, used 42810K [0x00000000f0000000, 0x00000000f0100800, 0x0000000100000000)
  region size 1024K, 2 young (2048K), 2 survivors (2048K)
 Metaspace       used 65093K, capacity 69784K, committed 69888K, reserved 1110016K
  class space    used 8396K, capacity 9199K, committed 9216K, reserved 1048576K
}
{Heap before GC invocations=413 (full 0):
 garbage-first heap   total 262144K, used 197434K [0x00000000f0000000, 0x00000000f0100800, 0x0000000100000000)
  region size 1024K, 153 young (156672K), 2 survivors (2048K)
 Metaspace       used 65093K, capacity 69784K, committed 69888K, reserved 1110016K
  class space    used 8396K, capacity 9199K, committed 9216K, reserved 1048576K
2022-09-12T02:25:15.369+0800: 278.287: [GC pause (G1 Evacuation Pause) (young) 192M->42381K(256M), 0.0051593 secs]
Heap after GC invocations=414 (full 0):
 garbage-first heap   total 262144K, used 42381K [0x00000000f0000000, 0x00000000f0100800, 0x0000000100000000)
  region size 1024K, 2 young (2048K), 2 survivors (2048K)
 Metaspace       used 65093K, capacity 69784K, committed 69888K, reserved 1110016K
  class space    used 8396K, capacity 9199K, committed 9216K, reserved 1048576K
}
{Heap before GC invocations=414 (full 0):
 garbage-first heap   total 262144K, used 197005K [0x00000000f0000000, 0x00000000f0100800, 0x0000000100000000)
  region size 1024K, 153 young (156672K), 2 survivors (2048K)
 Metaspace       used 65093K, capacity 69784K, committed 69888K, reserved 1110016K
  class space    used 8396K, capacity 9199K, committed 9216K, reserved 1048576K
2022-09-12T02:25:15.909+0800: 278.826: [GC pause (G1 Evacuation Pause) (young) 192M->42731K(256M), 0.0053674 secs]
Heap after GC invocations=415 (full 0):
 garbage-first heap   total 262144K, used 42731K [0x00000000f0000000, 0x00000000f0100800, 0x0000000100000000)
  region size 1024K, 2 young (2048K), 2 survivors (2048K)
 Metaspace       used 65093K, capacity 69784K, committed 69888K, reserved 1110016K
  class space    used 8396K, capacity 9199K, committed 9216K, reserved 1048576K
}
{Heap before GC invocations=415 (full 0):
 garbage-first heap   total 262144K, used 197355K [0x00000000f0000000, 0x00000000f0100800, 0x0000000100000000)
  region size 1024K, 153 young (156672K), 2 survivors (2048K)
 Metaspace       used 65093K, capacity 69784K, committed 69888K, reserved 1110016K
  class space    used 8396K, capacity 9199K, committed 9216K, reserved 1048576K
2022-09-12T02:25:16.457+0800: 279.375: [GC pause (G1 Evacuation Pause) (young) 192M->42794K(256M), 0.0053754 secs]
Heap after GC invocations=416 (full 0):
 garbage-first heap   total 262144K, used 42794K [0x00000000f0000000, 0x00000000f0100800, 0x0000000100000000)
  region size 1024K, 2 young (2048K), 2 survivors (2048K)
 Metaspace       used 65093K, capacity 69784K, committed 69888K, reserved 1110016K
  class space    used 8396K, capacity 9199K, committed 9216K, reserved 1048576K
}
{Heap before GC invocations=416 (full 0):
 garbage-first heap   total 262144K, used 197418K [0x00000000f0000000, 0x00000000f0100800, 0x0000000100000000)
  region size 1024K, 153 young (156672K), 2 survivors (2048K)
 Metaspace       used 65093K, capacity 69784K, committed 69888K, reserved 1110016K
  class space    used 8396K, capacity 9199K, committed 9216K, reserved 1048576K
2022-09-12T02:25:16.987+0800: 279.905: [GC pause (G1 Evacuation Pause) (young) 192M->42375K(256M), 0.0051100 secs]
Heap after GC invocations=417 (full 0):
 garbage-first heap   total 262144K, used 42375K [0x00000000f0000000, 0x00000000f0100800, 0x0000000100000000)
  region size 1024K, 2 young (2048K), 2 survivors (2048K)
 Metaspace       used 65093K, capacity 69784K, committed 69888K, reserved 1110016K
  class space    used 8396K, capacity 9199K, committed 9216K, reserved 1048576K
}
{Heap before GC invocations=417 (full 0):
 garbage-first heap   total 262144K, used 196999K [0x00000000f0000000, 0x00000000f0100800, 0x0000000100000000)
  region size 1024K, 153 young (156672K), 2 survivors (2048K)
 Metaspace       used 65093K, capacity 69784K, committed 69888K, reserved 1110016K
  class space    used 8396K, capacity 9199K, committed 9216K, reserved 1048576K
2022-09-12T02:25:17.519+0800: 280.437: [GC pause (G1 Evacuation Pause) (young) 192M->42725K(256M), 0.0052735 secs]
Heap after GC invocations=418 (full 0):
 garbage-first heap   total 262144K, used 42725K [0x00000000f0000000, 0x00000000f0100800, 0x0000000100000000)
  region size 1024K, 2 young (2048K), 2 survivors (2048K)
 Metaspace       used 65093K, capacity 69784K, committed 69888K, reserved 1110016K
  class space    used 8396K, capacity 9199K, committed 9216K, reserved 1048576K
}
{Heap before GC invocations=418 (full 0):
 garbage-first heap   total 262144K, used 197349K [0x00000000f0000000, 0x00000000f0100800, 0x0000000100000000)
  region size 1024K, 153 young (156672K), 2 survivors (2048K)
 Metaspace       used 65094K, capacity 69784K, committed 69888K, reserved 1110016K
  class space    used 8396K, capacity 9199K, committed 9216K, reserved 1048576K
2022-09-12T02:25:18.052+0800: 280.970: [GC pause (G1 Evacuation Pause) (young) 192M->42793K(256M), 0.0053304 secs]
Heap after GC invocations=419 (full 0):
 garbage-first heap   total 262144K, used 42793K [0x00000000f0000000, 0x00000000f0100800, 0x0000000100000000)
  region size 1024K, 2 young (2048K), 2 survivors (2048K)
 Metaspace       used 65094K, capacity 69784K, committed 69888K, reserved 1110016K
  class space    used 8396K, capacity 9199K, committed 9216K, reserved 1048576K
}
{Heap before GC invocations=419 (full 0):
 garbage-first heap   total 262144K, used 197417K [0x00000000f0000000, 0x00000000f0100800, 0x0000000100000000)
  region size 1024K, 153 young (156672K), 2 survivors (2048K)
 Metaspace       used 65094K, capacity 69784K, committed 69888K, reserved 1110016K
  class space    used 8396K, capacity 9199K, committed 9216K, reserved 1048576K
2022-09-12T02:25:18.584+0800: 281.501: [GC pause (G1 Evacuation Pause) (young) 192M->42380K(256M), 0.0052534 secs]
Heap after GC invocations=420 (full 0):
 garbage-first heap   total 262144K, used 42380K [0x00000000f0000000, 0x00000000f0100800, 0x0000000100000000)
  region size 1024K, 2 young (2048K), 2 survivors (2048K)
 Metaspace       used 65094K, capacity 69784K, committed 69888K, reserved 1110016K
  class space    used 8396K, capacity 9199K, committed 9216K, reserved 1048576K
}
{Heap before GC invocations=420 (full 0):
 garbage-first heap   total 262144K, used 197004K [0x00000000f0000000, 0x00000000f0100800, 0x0000000100000000)
  region size 1024K, 153 young (156672K), 2 survivors (2048K)
 Metaspace       used 65094K, capacity 69784K, committed 69888K, reserved 1110016K
  class space    used 8396K, capacity 9199K, committed 9216K, reserved 1048576K
2022-09-12T02:25:19.113+0800: 282.031: [GC pause (G1 Evacuation Pause) (young) 192M->42739K(256M), 0.0053272 secs]
Heap after GC invocations=421 (full 0):
 garbage-first heap   total 262144K, used 42739K [0x00000000f0000000, 0x00000000f0100800, 0x0000000100000000)
  region size 1024K, 2 young (2048K), 2 survivors (2048K)
 Metaspace       used 65094K, capacity 69784K, committed 69888K, reserved 1110016K
  class space    used 8396K, capacity 9199K, committed 9216K, reserved 1048576K
}
{Heap before GC invocations=421 (full 0):
 garbage-first heap   total 262144K, used 197363K [0x00000000f0000000, 0x00000000f0100800, 0x0000000100000000)
  region size 1024K, 153 young (156672K), 2 survivors (2048K)
 Metaspace       used 65094K, capacity 69784K, committed 69888K, reserved 1110016K
  class space    used 8396K, capacity 9199K, committed 9216K, reserved 1048576K
2022-09-12T02:25:19.644+0800: 282.561: [GC pause (G1 Evacuation Pause) (young) 192M->42817K(256M), 0.0053149 secs]
Heap after GC invocations=422 (full 0):
 garbage-first heap   total 262144K, used 42817K [0x00000000f0000000, 0x00000000f0100800, 0x0000000100000000)
  region size 1024K, 2 young (2048K), 2 survivors (2048K)
 Metaspace       used 65094K, capacity 69784K, committed 69888K, reserved 1110016K
  class space    used 8396K, capacity 9199K, committed 9216K, reserved 1048576K
}
{Heap before GC invocations=422 (full 0):
 garbage-first heap   total 262144K, used 197441K [0x00000000f0000000, 0x00000000f0100800, 0x0000000100000000)
  region size 1024K, 153 young (156672K), 2 survivors (2048K)
 Metaspace       used 65094K, capacity 69784K, committed 69888K, reserved 1110016K
  class space    used 8396K, capacity 9199K, committed 9216K, reserved 1048576K
2022-09-12T02:25:20.175+0800: 283.093: [GC pause (G1 Evacuation Pause) (young) 192M->42387K(256M), 0.0054248 secs]
Heap after GC invocations=423 (full 0):
 garbage-first heap   total 262144K, used 42387K [0x00000000f0000000, 0x00000000f0100800, 0x0000000100000000)
  region size 1024K, 2 young (2048K), 2 survivors (2048K)
 Metaspace       used 65094K, capacity 69784K, committed 69888K, reserved 1110016K
  class space    used 8396K, capacity 9199K, committed 9216K, reserved 1048576K
}
{Heap before GC invocations=423 (full 0):
 garbage-first heap   total 262144K, used 197011K [0x00000000f0000000, 0x00000000f0100800, 0x0000000100000000)
  region size 1024K, 153 young (156672K), 2 survivors (2048K)
 Metaspace       used 65094K, capacity 69784K, committed 69888K, reserved 1110016K
  class space    used 8396K, capacity 9199K, committed 9216K, reserved 1048576K
2022-09-12T02:25:20.722+0800: 283.640: [GC pause (G1 Evacuation Pause) (young) 192M->42763K(256M), 0.0052311 secs]
Heap after GC invocations=424 (full 0):
 garbage-first heap   total 262144K, used 42763K [0x00000000f0000000, 0x00000000f0100800, 0x0000000100000000)
  region size 1024K, 2 young (2048K), 2 survivors (2048K)
 Metaspace       used 65094K, capacity 69784K, committed 69888K, reserved 1110016K
  class space    used 8396K, capacity 9199K, committed 9216K, reserved 1048576K
}
{Heap before GC invocations=424 (full 0):
 garbage-first heap   total 262144K, used 197387K [0x00000000f0000000, 0x00000000f0100800, 0x0000000100000000)
  region size 1024K, 153 young (156672K), 2 survivors (2048K)
 Metaspace       used 65094K, capacity 69784K, committed 69888K, reserved 1110016K
  class space    used 8396K, capacity 9199K, committed 9216K, reserved 1048576K
2022-09-12T02:25:21.254+0800: 284.172: [GC pause (G1 Evacuation Pause) (young) 192M->42799K(256M), 0.0053942 secs]
Heap after GC invocations=425 (full 0):
 garbage-first heap   total 262144K, used 42799K [0x00000000f0000000, 0x00000000f0100800, 0x0000000100000000)
  region size 1024K, 2 young (2048K), 2 survivors (2048K)
 Metaspace       used 65094K, capacity 69784K, committed 69888K, reserved 1110016K
  class space    used 8396K, capacity 9199K, committed 9216K, reserved 1048576K
}
{Heap before GC invocations=425 (full 0):
 garbage-first heap   total 262144K, used 197423K [0x00000000f0000000, 0x00000000f0100800, 0x0000000100000000)
  region size 1024K, 153 young (156672K), 2 survivors (2048K)
 Metaspace       used 65094K, capacity 69784K, committed 69888K, reserved 1110016K
  class space    used 8396K, capacity 9199K, committed 9216K, reserved 1048576K
2022-09-12T02:25:21.785+0800: 284.703: [GC pause (G1 Evacuation Pause) (young) 192M->42827K(256M), 0.0053280 secs]
Heap after GC invocations=426 (full 0):
 garbage-first heap   total 262144K, used 42827K [0x00000000f0000000, 0x00000000f0100800, 0x0000000100000000)
  region size 1024K, 2 young (2048K), 2 survivors (2048K)
 Metaspace       used 65094K, capacity 69784K, committed 69888K, reserved 1110016K
  class space    used 8396K, capacity 9199K, committed 9216K, reserved 1048576K
}
{Heap before GC invocations=426 (full 0):
 garbage-first heap   total 262144K, used 197451K [0x00000000f0000000, 0x00000000f0100800, 0x0000000100000000)
  region size 1024K, 153 young (156672K), 2 survivors (2048K)
 Metaspace       used 65094K, capacity 69784K, committed 69888K, reserved 1110016K
  class space    used 8396K, capacity 9199K, committed 9216K, reserved 1048576K
2022-09-12T02:25:22.317+0800: 285.235: [GC pause (G1 Evacuation Pause) (young) 192M->42394K(256M), 0.0053553 secs]
Heap after GC invocations=427 (full 0):
 garbage-first heap   total 262144K, used 42394K [0x00000000f0000000, 0x00000000f0100800, 0x0000000100000000)
  region size 1024K, 2 young (2048K), 2 survivors (2048K)
 Metaspace       used 65094K, capacity 69784K, committed 69888K, reserved 1110016K
  class space    used 8396K, capacity 9199K, committed 9216K, reserved 1048576K
}
{Heap before GC invocations=427 (full 0):
 garbage-first heap   total 262144K, used 197018K [0x00000000f0000000, 0x00000000f0100800, 0x0000000100000000)
  region size 1024K, 153 young (156672K), 2 survivors (2048K)
 Metaspace       used 65094K, capacity 69784K, committed 69888K, reserved 1110016K
  class space    used 8396K, capacity 9199K, committed 9216K, reserved 1048576K
2022-09-12T02:25:22.849+0800: 285.767: [GC pause (G1 Evacuation Pause) (young) 192M->42749K(256M), 0.0050952 secs]
Heap after GC invocations=428 (full 0):
 garbage-first heap   total 262144K, used 42749K [0x00000000f0000000, 0x00000000f0100800, 0x0000000100000000)
  region size 1024K, 2 young (2048K), 2 survivors (2048K)
 Metaspace       used 65094K, capacity 69784K, committed 69888K, reserved 1110016K
  class space    used 8396K, capacity 9199K, committed 9216K, reserved 1048576K
}
{Heap before GC invocations=428 (full 0):
 garbage-first heap   total 262144K, used 197373K [0x00000000f0000000, 0x00000000f0100800, 0x0000000100000000)
  region size 1024K, 153 young (156672K), 2 survivors (2048K)
 Metaspace       used 65094K, capacity 69784K, committed 69888K, reserved 1110016K
  class space    used 8396K, capacity 9199K, committed 9216K, reserved 1048576K
2022-09-12T02:25:23.382+0800: 286.300: [GC pause (G1 Evacuation Pause) (young) 192M->42796K(256M), 0.0053069 secs]
Heap after GC invocations=429 (full 0):
 garbage-first heap   total 262144K, used 42796K [0x00000000f0000000, 0x00000000f0100800, 0x0000000100000000)
  region size 1024K, 2 young (2048K), 2 survivors (2048K)
 Metaspace       used 65094K, capacity 69784K, committed 69888K, reserved 1110016K
  class space    used 8396K, capacity 9199K, committed 9216K, reserved 1048576K
}
{Heap before GC invocations=429 (full 0):
 garbage-first heap   total 262144K, used 197420K [0x00000000f0000000, 0x00000000f0100800, 0x0000000100000000)
  region size 1024K, 153 young (156672K), 2 survivors (2048K)
 Metaspace       used 65094K, capacity 69784K, committed 69888K, reserved 1110016K
  class space    used 8396K, capacity 9199K, committed 9216K, reserved 1048576K
2022-09-12T02:25:23.914+0800: 286.832: [GC pause (G1 Evacuation Pause) (young) 192M->42538K(256M), 0.0052317 secs]
Heap after GC invocations=430 (full 0):
 garbage-first heap   total 262144K, used 42538K [0x00000000f0000000, 0x00000000f0100800, 0x0000000100000000)
  region size 1024K, 2 young (2048K), 2 survivors (2048K)
 Metaspace       used 65094K, capacity 69784K, committed 69888K, reserved 1110016K
  class space    used 8396K, capacity 9199K, committed 9216K, reserved 1048576K
}
{Heap before GC invocations=430 (full 0):
 garbage-first heap   total 262144K, used 197162K [0x00000000f0000000, 0x00000000f0100800, 0x0000000100000000)
  region size 1024K, 153 young (156672K), 2 survivors (2048K)
 Metaspace       used 65094K, capacity 69784K, committed 69888K, reserved 1110016K
  class space    used 8396K, capacity 9199K, committed 9216K, reserved 1048576K
2022-09-12T02:25:24.446+0800: 287.364: [GC pause (G1 Evacuation Pause) (young) 192M->42763K(256M), 0.0052773 secs]
Heap after GC invocations=431 (full 0):
 garbage-first heap   total 262144K, used 42763K [0x00000000f0000000, 0x00000000f0100800, 0x0000000100000000)
  region size 1024K, 2 young (2048K), 2 survivors (2048K)
 Metaspace       used 65094K, capacity 69784K, committed 69888K, reserved 1110016K
  class space    used 8396K, capacity 9199K, committed 9216K, reserved 1048576K
}
{Heap before GC invocations=431 (full 0):
 garbage-first heap   total 262144K, used 197387K [0x00000000f0000000, 0x00000000f0100800, 0x0000000100000000)
  region size 1024K, 153 young (156672K), 2 survivors (2048K)
 Metaspace       used 65094K, capacity 69784K, committed 69888K, reserved 1110016K
  class space    used 8396K, capacity 9199K, committed 9216K, reserved 1048576K
2022-09-12T02:25:24.992+0800: 287.910: [GC pause (G1 Evacuation Pause) (young) 192M->42821K(256M), 0.0053823 secs]
Heap after GC invocations=432 (full 0):
 garbage-first heap   total 262144K, used 42821K [0x00000000f0000000, 0x00000000f0100800, 0x0000000100000000)
  region size 1024K, 2 young (2048K), 2 survivors (2048K)
 Metaspace       used 65094K, capacity 69784K, committed 69888K, reserved 1110016K
  class space    used 8396K, capacity 9199K, committed 9216K, reserved 1048576K
}
{Heap before GC invocations=432 (full 0):
 garbage-first heap   total 262144K, used 197445K [0x00000000f0000000, 0x00000000f0100800, 0x0000000100000000)
  region size 1024K, 153 young (156672K), 2 survivors (2048K)
 Metaspace       used 65094K, capacity 69784K, committed 69888K, reserved 1110016K
  class space    used 8396K, capacity 9199K, committed 9216K, reserved 1048576K
2022-09-12T02:25:25.522+0800: 288.440: [GC pause (G1 Evacuation Pause) (young) 192M->42393K(256M), 0.0054831 secs]
Heap after GC invocations=433 (full 0):
 garbage-first heap   total 262144K, used 42393K [0x00000000f0000000, 0x00000000f0100800, 0x0000000100000000)
  region size 1024K, 2 young (2048K), 2 survivors (2048K)
 Metaspace       used 65094K, capacity 69784K, committed 69888K, reserved 1110016K
  class space    used 8396K, capacity 9199K, committed 9216K, reserved 1048576K
}
{Heap before GC invocations=433 (full 0):
 garbage-first heap   total 262144K, used 197017K [0x00000000f0000000, 0x00000000f0100800, 0x0000000100000000)
  region size 1024K, 153 young (156672K), 2 survivors (2048K)
 Metaspace       used 65094K, capacity 69784K, committed 69888K, reserved 1110016K
  class space    used 8396K, capacity 9199K, committed 9216K, reserved 1048576K
2022-09-12T02:25:26.052+0800: 288.970: [GC pause (G1 Evacuation Pause) (young) 192M->42755K(256M), 0.0054387 secs]
Heap after GC invocations=434 (full 0):
 garbage-first heap   total 262144K, used 42755K [0x00000000f0000000, 0x00000000f0100800, 0x0000000100000000)
  region size 1024K, 2 young (2048K), 2 survivors (2048K)
 Metaspace       used 65094K, capacity 69784K, committed 69888K, reserved 1110016K
  class space    used 8396K, capacity 9199K, committed 9216K, reserved 1048576K
}
{Heap before GC invocations=434 (full 0):
 garbage-first heap   total 262144K, used 197379K [0x00000000f0000000, 0x00000000f0100800, 0x0000000100000000)
  region size 1024K, 153 young (156672K), 2 survivors (2048K)
 Metaspace       used 65094K, capacity 69784K, committed 69888K, reserved 1110016K
  class space    used 8396K, capacity 9199K, committed 9216K, reserved 1048576K
2022-09-12T02:25:26.581+0800: 289.499: [GC pause (G1 Evacuation Pause) (young) 192M->42815K(256M), 0.0052254 secs]
Heap after GC invocations=435 (full 0):
 garbage-first heap   total 262144K, used 42815K [0x00000000f0000000, 0x00000000f0100800, 0x0000000100000000)
  region size 1024K, 2 young (2048K), 2 survivors (2048K)
 Metaspace       used 65094K, capacity 69784K, committed 69888K, reserved 1110016K
  class space    used 8396K, capacity 9199K, committed 9216K, reserved 1048576K
}
{Heap before GC invocations=435 (full 0):
 garbage-first heap   total 262144K, used 197439K [0x00000000f0000000, 0x00000000f0100800, 0x0000000100000000)
  region size 1024K, 153 young (156672K), 2 survivors (2048K)
 Metaspace       used 65094K, capacity 69784K, committed 69888K, reserved 1110016K
  class space    used 8396K, capacity 9199K, committed 9216K, reserved 1048576K
2022-09-12T02:25:27.113+0800: 290.031: [GC pause (G1 Evacuation Pause) (young) 192M->42392K(256M), 0.0053238 secs]
Heap after GC invocations=436 (full 0):
 garbage-first heap   total 262144K, used 42392K [0x00000000f0000000, 0x00000000f0100800, 0x0000000100000000)
  region size 1024K, 2 young (2048K), 2 survivors (2048K)
 Metaspace       used 65094K, capacity 69784K, committed 69888K, reserved 1110016K
  class space    used 8396K, capacity 9199K, committed 9216K, reserved 1048576K
}
{Heap before GC invocations=436 (full 0):
 garbage-first heap   total 262144K, used 197016K [0x00000000f0000000, 0x00000000f0100800, 0x0000000100000000)
  region size 1024K, 153 young (156672K), 2 survivors (2048K)
 Metaspace       used 65094K, capacity 69784K, committed 69888K, reserved 1110016K
  class space    used 8396K, capacity 9199K, committed 9216K, reserved 1048576K
2022-09-12T02:25:27.644+0800: 290.562: [GC pause (G1 Evacuation Pause) (young) 192M->42760K(256M), 0.0053100 secs]
Heap after GC invocations=437 (full 0):
 garbage-first heap   total 262144K, used 42760K [0x00000000f0000000, 0x00000000f0100800, 0x0000000100000000)
  region size 1024K, 2 young (2048K), 2 survivors (2048K)
 Metaspace       used 65094K, capacity 69784K, committed 69888K, reserved 1110016K
  class space    used 8396K, capacity 9199K, committed 9216K, reserved 1048576K
}
{Heap before GC invocations=437 (full 0):
 garbage-first heap   total 262144K, used 197384K [0x00000000f0000000, 0x00000000f0100800, 0x0000000100000000)
  region size 1024K, 153 young (156672K), 2 survivors (2048K)
 Metaspace       used 65094K, capacity 69784K, committed 69888K, reserved 1110016K
  class space    used 8396K, capacity 9199K, committed 9216K, reserved 1048576K
2022-09-12T02:25:28.175+0800: 291.092: [GC pause (G1 Evacuation Pause) (young) 192M->42798K(256M), 0.0053995 secs]
Heap after GC invocations=438 (full 0):
 garbage-first heap   total 262144K, used 42798K [0x00000000f0000000, 0x00000000f0100800, 0x0000000100000000)
  region size 1024K, 2 young (2048K), 2 survivors (2048K)
 Metaspace       used 65094K, capacity 69784K, committed 69888K, reserved 1110016K
  class space    used 8396K, capacity 9199K, committed 9216K, reserved 1048576K
}
{Heap before GC invocations=438 (full 0):
 garbage-first heap   total 262144K, used 197422K [0x00000000f0000000, 0x00000000f0100800, 0x0000000100000000)
  region size 1024K, 153 young (156672K), 2 survivors (2048K)
 Metaspace       used 65094K, capacity 69784K, committed 69888K, reserved 1110016K
  class space    used 8396K, capacity 9199K, committed 9216K, reserved 1048576K
2022-09-12T02:25:28.704+0800: 291.622: [GC pause (G1 Evacuation Pause) (young) 192M->42833K(256M), 0.0053186 secs]
Heap after GC invocations=439 (full 0):
 garbage-first heap   total 262144K, used 42833K [0x00000000f0000000, 0x00000000f0100800, 0x0000000100000000)
  region size 1024K, 2 young (2048K), 2 survivors (2048K)
 Metaspace       used 65094K, capacity 69784K, committed 69888K, reserved 1110016K
  class space    used 8396K, capacity 9199K, committed 9216K, reserved 1048576K
}
{Heap before GC invocations=439 (full 0):
 garbage-first heap   total 262144K, used 197457K [0x00000000f0000000, 0x00000000f0100800, 0x0000000100000000)
  region size 1024K, 153 young (156672K), 2 survivors (2048K)
 Metaspace       used 65095K, capacity 69784K, committed 69888K, reserved 1110016K
  class space    used 8396K, capacity 9199K, committed 9216K, reserved 1048576K
2022-09-12T02:25:29.252+0800: 292.170: [GC pause (G1 Evacuation Pause) (young) 192M->41684K(256M), 0.0043790 secs]
Heap after GC invocations=440 (full 0):
 garbage-first heap   total 262144K, used 41684K [0x00000000f0000000, 0x00000000f0100800, 0x0000000100000000)
  region size 1024K, 1 young (1024K), 1 survivors (1024K)
 Metaspace       used 65095K, capacity 69784K, committed 69888K, reserved 1110016K
  class space    used 8396K, capacity 9199K, committed 9216K, reserved 1048576K
}
{Heap before GC invocations=440 (full 0):
 garbage-first heap   total 262144K, used 197332K [0x00000000f0000000, 0x00000000f0100800, 0x0000000100000000)
  region size 1024K, 153 young (156672K), 1 survivors (1024K)
 Metaspace       used 65095K, capacity 69784K, committed 69888K, reserved 1110016K
  class space    used 8396K, capacity 9199K, committed 9216K, reserved 1048576K
2022-09-12T02:25:29.778+0800: 292.696: [GC pause (G1 Evacuation Pause) (young) 192M->42488K(256M), 0.0060538 secs]
Heap after GC invocations=441 (full 0):
 garbage-first heap   total 262144K, used 42488K [0x00000000f0000000, 0x00000000f0100800, 0x0000000100000000)
  region size 1024K, 2 young (2048K), 2 survivors (2048K)
 Metaspace       used 65095K, capacity 69784K, committed 69888K, reserved 1110016K
  class space    used 8396K, capacity 9199K, committed 9216K, reserved 1048576K
}
{Heap before GC invocations=441 (full 0):
 garbage-first heap   total 262144K, used 197112K [0x00000000f0000000, 0x00000000f0100800, 0x0000000100000000)
  region size 1024K, 153 young (156672K), 2 survivors (2048K)
 Metaspace       used 65095K, capacity 69784K, committed 69888K, reserved 1110016K
  class space    used 8396K, capacity 9199K, committed 9216K, reserved 1048576K
2022-09-12T02:25:30.313+0800: 293.230: [GC pause (G1 Evacuation Pause) (young) 192M->42753K(256M), 0.0053660 secs]
Heap after GC invocations=442 (full 0):
 garbage-first heap   total 262144K, used 42753K [0x00000000f0000000, 0x00000000f0100800, 0x0000000100000000)
  region size 1024K, 2 young (2048K), 2 survivors (2048K)
 Metaspace       used 65095K, capacity 69784K, committed 69888K, reserved 1110016K
  class space    used 8396K, capacity 9199K, committed 9216K, reserved 1048576K
}
{Heap before GC invocations=442 (full 0):
 garbage-first heap   total 262144K, used 197377K [0x00000000f0000000, 0x00000000f0100800, 0x0000000100000000)
  region size 1024K, 153 young (156672K), 2 survivors (2048K)
 Metaspace       used 65095K, capacity 69784K, committed 69888K, reserved 1110016K
  class space    used 8396K, capacity 9199K, committed 9216K, reserved 1048576K
2022-09-12T02:25:30.843+0800: 293.761: [GC pause (G1 Evacuation Pause) (young) 192M->42824K(256M), 0.0052935 secs]
Heap after GC invocations=443 (full 0):
 garbage-first heap   total 262144K, used 42824K [0x00000000f0000000, 0x00000000f0100800, 0x0000000100000000)
  region size 1024K, 2 young (2048K), 2 survivors (2048K)
 Metaspace       used 65095K, capacity 69784K, committed 69888K, reserved 1110016K
  class space    used 8396K, capacity 9199K, committed 9216K, reserved 1048576K
}
{Heap before GC invocations=443 (full 0):
 garbage-first heap   total 262144K, used 197448K [0x00000000f0000000, 0x00000000f0100800, 0x0000000100000000)
  region size 1024K, 153 young (156672K), 2 survivors (2048K)
 Metaspace       used 65095K, capacity 69784K, committed 69888K, reserved 1110016K
  class space    used 8396K, capacity 9199K, committed 9216K, reserved 1048576K
2022-09-12T02:25:31.383+0800: 294.301: [GC pause (G1 Evacuation Pause) (young) 192M->42395K(256M), 0.0052770 secs]
Heap after GC invocations=444 (full 0):
 garbage-first heap   total 262144K, used 42395K [0x00000000f0000000, 0x00000000f0100800, 0x0000000100000000)
  region size 1024K, 2 young (2048K), 2 survivors (2048K)
 Metaspace       used 65095K, capacity 69784K, committed 69888K, reserved 1110016K
  class space    used 8396K, capacity 9199K, committed 9216K, reserved 1048576K
}
{Heap before GC invocations=444 (full 0):
 garbage-first heap   total 262144K, used 197019K [0x00000000f0000000, 0x00000000f0100800, 0x0000000100000000)
  region size 1024K, 153 young (156672K), 2 survivors (2048K)
 Metaspace       used 65095K, capacity 69784K, committed 69888K, reserved 1110016K
  class space    used 8396K, capacity 9199K, committed 9216K, reserved 1048576K
2022-09-12T02:25:31.914+0800: 294.832: [GC pause (G1 Evacuation Pause) (young) 192M->42751K(256M), 0.0053704 secs]
Heap after GC invocations=445 (full 0):
 garbage-first heap   total 262144K, used 42751K [0x00000000f0000000, 0x00000000f0100800, 0x0000000100000000)
  region size 1024K, 2 young (2048K), 2 survivors (2048K)
 Metaspace       used 65095K, capacity 69784K, committed 69888K, reserved 1110016K
  class space    used 8396K, capacity 9199K, committed 9216K, reserved 1048576K
}
{Heap before GC invocations=445 (full 0):
 garbage-first heap   total 262144K, used 197375K [0x00000000f0000000, 0x00000000f0100800, 0x0000000100000000)
  region size 1024K, 153 young (156672K), 2 survivors (2048K)
 Metaspace       used 65095K, capacity 69784K, committed 69888K, reserved 1110016K
  class space    used 8396K, capacity 9199K, committed 9216K, reserved 1048576K
2022-09-12T02:25:32.445+0800: 295.363: [GC pause (G1 Evacuation Pause) (young) 192M->42811K(256M), 0.0054671 secs]
Heap after GC invocations=446 (full 0):
 garbage-first heap   total 262144K, used 42811K [0x00000000f0000000, 0x00000000f0100800, 0x0000000100000000)
  region size 1024K, 2 young (2048K), 2 survivors (2048K)
 Metaspace       used 65095K, capacity 69784K, committed 69888K, reserved 1110016K
  class space    used 8396K, capacity 9199K, committed 9216K, reserved 1048576K
}
{Heap before GC invocations=446 (full 0):
 garbage-first heap   total 262144K, used 197435K [0x00000000f0000000, 0x00000000f0100800, 0x0000000100000000)
  region size 1024K, 153 young (156672K), 2 survivors (2048K)
 Metaspace       used 65095K, capacity 69784K, committed 69888K, reserved 1110016K
  class space    used 8396K, capacity 9199K, committed 9216K, reserved 1048576K
2022-09-12T02:25:32.975+0800: 295.893: [GC pause (G1 Evacuation Pause) (young) 192M->42387K(256M), 0.0053176 secs]
Heap after GC invocations=447 (full 0):
 garbage-first heap   total 262144K, used 42387K [0x00000000f0000000, 0x00000000f0100800, 0x0000000100000000)
  region size 1024K, 2 young (2048K), 2 survivors (2048K)
 Metaspace       used 65095K, capacity 69784K, committed 69888K, reserved 1110016K
  class space    used 8396K, capacity 9199K, committed 9216K, reserved 1048576K
}
{Heap before GC invocations=447 (full 0):
 garbage-first heap   total 262144K, used 197011K [0x00000000f0000000, 0x00000000f0100800, 0x0000000100000000)
  region size 1024K, 153 young (156672K), 2 survivors (2048K)
 Metaspace       used 65095K, capacity 69784K, committed 69888K, reserved 1110016K
  class space    used 8396K, capacity 9199K, committed 9216K, reserved 1048576K
2022-09-12T02:25:33.509+0800: 296.427: [GC pause (G1 Evacuation Pause) (young) 192M->42750K(256M), 0.0053836 secs]
Heap after GC invocations=448 (full 0):
 garbage-first heap   total 262144K, used 42750K [0x00000000f0000000, 0x00000000f0100800, 0x0000000100000000)
  region size 1024K, 2 young (2048K), 2 survivors (2048K)
 Metaspace       used 65095K, capacity 69784K, committed 69888K, reserved 1110016K
  class space    used 8396K, capacity 9199K, committed 9216K, reserved 1048576K
}
{Heap before GC invocations=448 (full 0):
 garbage-first heap   total 262144K, used 197374K [0x00000000f0000000, 0x00000000f0100800, 0x0000000100000000)
  region size 1024K, 153 young (156672K), 2 survivors (2048K)
 Metaspace       used 65095K, capacity 69784K, committed 69888K, reserved 1110016K
  class space    used 8396K, capacity 9199K, committed 9216K, reserved 1048576K
2022-09-12T02:25:34.052+0800: 296.970: [GC pause (G1 Evacuation Pause) (young) 192M->42801K(256M), 0.0053416 secs]
Heap after GC invocations=449 (full 0):
 garbage-first heap   total 262144K, used 42801K [0x00000000f0000000, 0x00000000f0100800, 0x0000000100000000)
  region size 1024K, 2 young (2048K), 2 survivors (2048K)
 Metaspace       used 65095K, capacity 69784K, committed 69888K, reserved 1110016K
  class space    used 8396K, capacity 9199K, committed 9216K, reserved 1048576K
}
{Heap before GC invocations=449 (full 0):
 garbage-first heap   total 262144K, used 197425K [0x00000000f0000000, 0x00000000f0100800, 0x0000000100000000)
  region size 1024K, 153 young (156672K), 2 survivors (2048K)
 Metaspace       used 65095K, capacity 69784K, committed 69888K, reserved 1110016K
  class space    used 8396K, capacity 9199K, committed 9216K, reserved 1048576K
2022-09-12T02:25:34.583+0800: 297.500: [GC pause (G1 Evacuation Pause) (young) 192M->42550K(256M), 0.0066178 secs]
Heap after GC invocations=450 (full 0):
 garbage-first heap   total 262144K, used 42550K [0x00000000f0000000, 0x00000000f0100800, 0x0000000100000000)
  region size 1024K, 2 young (2048K), 2 survivors (2048K)
 Metaspace       used 65095K, capacity 69784K, committed 69888K, reserved 1110016K
  class space    used 8396K, capacity 9199K, committed 9216K, reserved 1048576K
}
{Heap before GC invocations=450 (full 0):
 garbage-first heap   total 262144K, used 197174K [0x00000000f0000000, 0x00000000f0100800, 0x0000000100000000)
  region size 1024K, 153 young (156672K), 2 survivors (2048K)
 Metaspace       used 65095K, capacity 69784K, committed 69888K, reserved 1110016K
  class space    used 8396K, capacity 9199K, committed 9216K, reserved 1048576K
2022-09-12T02:25:35.115+0800: 298.033: [GC pause (G1 Evacuation Pause) (young) 192M->42757K(256M), 0.0053440 secs]
Heap after GC invocations=451 (full 0):
 garbage-first heap   total 262144K, used 42757K [0x00000000f0000000, 0x00000000f0100800, 0x0000000100000000)
  region size 1024K, 2 young (2048K), 2 survivors (2048K)
 Metaspace       used 65095K, capacity 69784K, committed 69888K, reserved 1110016K
  class space    used 8396K, capacity 9199K, committed 9216K, reserved 1048576K
}
{Heap before GC invocations=451 (full 0):
 garbage-first heap   total 262144K, used 197381K [0x00000000f0000000, 0x00000000f0100800, 0x0000000100000000)
  region size 1024K, 153 young (156672K), 2 survivors (2048K)
 Metaspace       used 65095K, capacity 69784K, committed 69888K, reserved 1110016K
  class space    used 8396K, capacity 9199K, committed 9216K, reserved 1048576K
2022-09-12T02:25:35.645+0800: 298.563: [GC pause (G1 Evacuation Pause) (young) 192M->42570K(256M), 0.0055346 secs]
Heap after GC invocations=452 (full 0):
 garbage-first heap   total 262144K, used 42570K [0x00000000f0000000, 0x00000000f0100800, 0x0000000100000000)
  region size 1024K, 2 young (2048K), 2 survivors (2048K)
 Metaspace       used 65095K, capacity 69784K, committed 69888K, reserved 1110016K
  class space    used 8396K, capacity 9199K, committed 9216K, reserved 1048576K
}
{Heap before GC invocations=452 (full 0):
 garbage-first heap   total 262144K, used 197194K [0x00000000f0000000, 0x00000000f0100800, 0x0000000100000000)
  region size 1024K, 153 young (156672K), 2 survivors (2048K)
 Metaspace       used 65095K, capacity 69784K, committed 69888K, reserved 1110016K
  class space    used 8396K, capacity 9199K, committed 9216K, reserved 1048576K
2022-09-12T02:25:36.175+0800: 299.093: [GC pause (G1 Evacuation Pause) (young) 192M->42821K(256M), 0.0053473 secs]
Heap after GC invocations=453 (full 0):
 garbage-first heap   total 262144K, used 42821K [0x00000000f0000000, 0x00000000f0100800, 0x0000000100000000)
  region size 1024K, 2 young (2048K), 2 survivors (2048K)
 Metaspace       used 65095K, capacity 69784K, committed 69888K, reserved 1110016K
  class space    used 8396K, capacity 9199K, committed 9216K, reserved 1048576K
}
{Heap before GC invocations=453 (full 0):
 garbage-first heap   total 262144K, used 197445K [0x00000000f0000000, 0x00000000f0100800, 0x0000000100000000)
  region size 1024K, 153 young (156672K), 2 survivors (2048K)
 Metaspace       used 65095K, capacity 69784K, committed 69888K, reserved 1110016K
  class space    used 8396K, capacity 9199K, committed 9216K, reserved 1048576K
2022-09-12T02:25:36.708+0800: 299.626: [GC pause (G1 Evacuation Pause) (young) 192M->42401K(256M), 0.0052517 secs]
Heap after GC invocations=454 (full 0):
 garbage-first heap   total 262144K, used 42401K [0x00000000f0000000, 0x00000000f0100800, 0x0000000100000000)
  region size 1024K, 2 young (2048K), 2 survivors (2048K)
 Metaspace       used 65095K, capacity 69784K, committed 69888K, reserved 1110016K
  class space    used 8396K, capacity 9199K, committed 9216K, reserved 1048576K
}
{Heap before GC invocations=454 (full 0):
 garbage-first heap   total 262144K, used 197025K [0x00000000f0000000, 0x00000000f0100800, 0x0000000100000000)
  region size 1024K, 153 young (156672K), 2 survivors (2048K)
 Metaspace       used 65095K, capacity 69784K, committed 69888K, reserved 1110016K
  class space    used 8396K, capacity 9199K, committed 9216K, reserved 1048576K
2022-09-12T02:25:37.238+0800: 300.156: [GC pause (G1 Evacuation Pause) (young) 192M->42760K(256M), 0.0053785 secs]
Heap after GC invocations=455 (full 0):
 garbage-first heap   total 262144K, used 42760K [0x00000000f0000000, 0x00000000f0100800, 0x0000000100000000)
  region size 1024K, 2 young (2048K), 2 survivors (2048K)
 Metaspace       used 65095K, capacity 69784K, committed 69888K, reserved 1110016K
  class space    used 8396K, capacity 9199K, committed 9216K, reserved 1048576K
}
{Heap before GC invocations=455 (full 0):
 garbage-first heap   total 262144K, used 197384K [0x00000000f0000000, 0x00000000f0100800, 0x0000000100000000)
  region size 1024K, 153 young (156672K), 2 survivors (2048K)
 Metaspace       used 65095K, capacity 69784K, committed 69888K, reserved 1110016K
  class space    used 8396K, capacity 9199K, committed 9216K, reserved 1048576K
2022-09-12T02:25:37.770+0800: 300.688: [GC pause (G1 Evacuation Pause) (young) 192M->42817K(256M), 0.0054066 secs]
Heap after GC invocations=456 (full 0):
 garbage-first heap   total 262144K, used 42817K [0x00000000f0000000, 0x00000000f0100800, 0x0000000100000000)
  region size 1024K, 2 young (2048K), 2 survivors (2048K)
 Metaspace       used 65095K, capacity 69784K, committed 69888K, reserved 1110016K
  class space    used 8396K, capacity 9199K, committed 9216K, reserved 1048576K
}
{Heap before GC invocations=456 (full 0):
 garbage-first heap   total 262144K, used 197441K [0x00000000f0000000, 0x00000000f0100800, 0x0000000100000000)
  region size 1024K, 153 young (156672K), 2 survivors (2048K)
 Metaspace       used 65095K, capacity 69784K, committed 69888K, reserved 1110016K
  class space    used 8396K, capacity 9199K, committed 9216K, reserved 1048576K
2022-09-12T02:25:38.313+0800: 301.231: [GC pause (G1 Evacuation Pause) (young) 192M->42399K(256M), 0.0053650 secs]
Heap after GC invocations=457 (full 0):
 garbage-first heap   total 262144K, used 42399K [0x00000000f0000000, 0x00000000f0100800, 0x0000000100000000)
  region size 1024K, 2 young (2048K), 2 survivors (2048K)
 Metaspace       used 65095K, capacity 69784K, committed 69888K, reserved 1110016K
  class space    used 8396K, capacity 9199K, committed 9216K, reserved 1048576K
}
{Heap before GC invocations=457 (full 0):
 garbage-first heap   total 262144K, used 197023K [0x00000000f0000000, 0x00000000f0100800, 0x0000000100000000)
  region size 1024K, 153 young (156672K), 2 survivors (2048K)
 Metaspace       used 65095K, capacity 69784K, committed 69888K, reserved 1110016K
  class space    used 8396K, capacity 9199K, committed 9216K, reserved 1048576K
2022-09-12T02:25:38.843+0800: 301.761: [GC pause (G1 Evacuation Pause) (young) 192M->42769K(256M), 0.0051585 secs]
Heap after GC invocations=458 (full 0):
 garbage-first heap   total 262144K, used 42769K [0x00000000f0000000, 0x00000000f0100800, 0x0000000100000000)
  region size 1024K, 2 young (2048K), 2 survivors (2048K)
 Metaspace       used 65095K, capacity 69784K, committed 69888K, reserved 1110016K
  class space    used 8396K, capacity 9199K, committed 9216K, reserved 1048576K
}
{Heap before GC invocations=458 (full 0):
 garbage-first heap   total 262144K, used 197393K [0x00000000f0000000, 0x00000000f0100800, 0x0000000100000000)
  region size 1024K, 153 young (156672K), 2 survivors (2048K)
 Metaspace       used 65095K, capacity 69784K, committed 69888K, reserved 1110016K
  class space    used 8396K, capacity 9199K, committed 9216K, reserved 1048576K
2022-09-12T02:25:39.373+0800: 302.291: [GC pause (G1 Evacuation Pause) (young) 192M->42803K(256M), 0.0052352 secs]
Heap after GC invocations=459 (full 0):
 garbage-first heap   total 262144K, used 42803K [0x00000000f0000000, 0x00000000f0100800, 0x0000000100000000)
  region size 1024K, 2 young (2048K), 2 survivors (2048K)
 Metaspace       used 65095K, capacity 69784K, committed 69888K, reserved 1110016K
  class space    used 8396K, capacity 9199K, committed 9216K, reserved 1048576K
}
{Heap before GC invocations=459 (full 0):
 garbage-first heap   total 262144K, used 197427K [0x00000000f0000000, 0x00000000f0100800, 0x0000000100000000)
  region size 1024K, 153 young (156672K), 2 survivors (2048K)
 Metaspace       used 65095K, capacity 69784K, committed 69888K, reserved 1110016K
  class space    used 8396K, capacity 9199K, committed 9216K, reserved 1048576K
2022-09-12T02:25:39.906+0800: 302.824: [GC pause (G1 Evacuation Pause) (young) 192M->42393K(256M), 0.0054021 secs]
Heap after GC invocations=460 (full 0):
 garbage-first heap   total 262144K, used 42393K [0x00000000f0000000, 0x00000000f0100800, 0x0000000100000000)
  region size 1024K, 2 young (2048K), 2 survivors (2048K)
 Metaspace       used 65095K, capacity 69784K, committed 69888K, reserved 1110016K
  class space    used 8396K, capacity 9199K, committed 9216K, reserved 1048576K
}
{Heap before GC invocations=460 (full 0):
 garbage-first heap   total 262144K, used 197017K [0x00000000f0000000, 0x00000000f0100800, 0x0000000100000000)
  region size 1024K, 153 young (156672K), 2 survivors (2048K)
 Metaspace       used 65095K, capacity 69784K, committed 69888K, reserved 1110016K
  class space    used 8396K, capacity 9199K, committed 9216K, reserved 1048576K
2022-09-12T02:25:40.437+0800: 303.355: [GC pause (G1 Evacuation Pause) (young) 192M->42762K(256M), 0.0053127 secs]
Heap after GC invocations=461 (full 0):
 garbage-first heap   total 262144K, used 42762K [0x00000000f0000000, 0x00000000f0100800, 0x0000000100000000)
  region size 1024K, 2 young (2048K), 2 survivors (2048K)
 Metaspace       used 65095K, capacity 69784K, committed 69888K, reserved 1110016K
  class space    used 8396K, capacity 9199K, committed 9216K, reserved 1048576K
}
{Heap before GC invocations=461 (full 0):
 garbage-first heap   total 262144K, used 197386K [0x00000000f0000000, 0x00000000f0100800, 0x0000000100000000)
  region size 1024K, 153 young (156672K), 2 survivors (2048K)
 Metaspace       used 65095K, capacity 69784K, committed 69888K, reserved 1110016K
  class space    used 8396K, capacity 9199K, committed 9216K, reserved 1048576K
2022-09-12T02:25:40.970+0800: 303.888: [GC pause (G1 Evacuation Pause) (young) 192M->42821K(256M), 0.0052172 secs]
Heap after GC invocations=462 (full 0):
 garbage-first heap   total 262144K, used 42821K [0x00000000f0000000, 0x00000000f0100800, 0x0000000100000000)
  region size 1024K, 2 young (2048K), 2 survivors (2048K)
 Metaspace       used 65095K, capacity 69784K, committed 69888K, reserved 1110016K
  class space    used 8396K, capacity 9199K, committed 9216K, reserved 1048576K
}
{Heap before GC invocations=462 (full 0):
 garbage-first heap   total 262144K, used 197445K [0x00000000f0000000, 0x00000000f0100800, 0x0000000100000000)
  region size 1024K, 153 young (156672K), 2 survivors (2048K)
 Metaspace       used 65096K, capacity 69784K, committed 69888K, reserved 1110016K
  class space    used 8396K, capacity 9199K, committed 9216K, reserved 1048576K
2022-09-12T02:25:41.503+0800: 304.421: [GC pause (G1 Evacuation Pause) (young) 192M->42400K(256M), 0.0052207 secs]
Heap after GC invocations=463 (full 0):
 garbage-first heap   total 262144K, used 42400K [0x00000000f0000000, 0x00000000f0100800, 0x0000000100000000)
  region size 1024K, 2 young (2048K), 2 survivors (2048K)
 Metaspace       used 65096K, capacity 69784K, committed 69888K, reserved 1110016K
  class space    used 8396K, capacity 9199K, committed 9216K, reserved 1048576K
}
{Heap before GC invocations=463 (full 0):
 garbage-first heap   total 262144K, used 197024K [0x00000000f0000000, 0x00000000f0100800, 0x0000000100000000)
  region size 1024K, 153 young (156672K), 2 survivors (2048K)
 Metaspace       used 65096K, capacity 69784K, committed 69888K, reserved 1110016K
  class space    used 8396K, capacity 9199K, committed 9216K, reserved 1048576K
2022-09-12T02:25:42.041+0800: 304.959: [GC pause (G1 Evacuation Pause) (young) 192M->42760K(256M), 0.0052705 secs]
Heap after GC invocations=464 (full 0):
 garbage-first heap   total 262144K, used 42760K [0x00000000f0000000, 0x00000000f0100800, 0x0000000100000000)
  region size 1024K, 2 young (2048K), 2 survivors (2048K)
 Metaspace       used 65096K, capacity 69784K, committed 69888K, reserved 1110016K
  class space    used 8396K, capacity 9199K, committed 9216K, reserved 1048576K
}
{Heap before GC invocations=464 (full 0):
 garbage-first heap   total 262144K, used 197384K [0x00000000f0000000, 0x00000000f0100800, 0x0000000100000000)
  region size 1024K, 153 young (156672K), 2 survivors (2048K)
 Metaspace       used 65096K, capacity 69784K, committed 69888K, reserved 1110016K
  class space    used 8396K, capacity 9199K, committed 9216K, reserved 1048576K
2022-09-12T02:25:42.583+0800: 305.500: [GC pause (G1 Evacuation Pause) (young) 192M->42812K(256M), 0.0053140 secs]
Heap after GC invocations=465 (full 0):
 garbage-first heap   total 262144K, used 42812K [0x00000000f0000000, 0x00000000f0100800, 0x0000000100000000)
  region size 1024K, 2 young (2048K), 2 survivors (2048K)
 Metaspace       used 65096K, capacity 69784K, committed 69888K, reserved 1110016K
  class space    used 8396K, capacity 9199K, committed 9216K, reserved 1048576K
}
{Heap before GC invocations=465 (full 0):
 garbage-first heap   total 262144K, used 197436K [0x00000000f0000000, 0x00000000f0100800, 0x0000000100000000)
  region size 1024K, 153 young (156672K), 2 survivors (2048K)
 Metaspace       used 65096K, capacity 69784K, committed 69888K, reserved 1110016K
  class space    used 8396K, capacity 9199K, committed 9216K, reserved 1048576K
2022-09-12T02:25:43.113+0800: 306.031: [GC pause (G1 Evacuation Pause) (young) 192M->42396K(256M), 0.0054315 secs]
Heap after GC invocations=466 (full 0):
 garbage-first heap   total 262144K, used 42396K [0x00000000f0000000, 0x00000000f0100800, 0x0000000100000000)
  region size 1024K, 2 young (2048K), 2 survivors (2048K)
 Metaspace       used 65096K, capacity 69784K, committed 69888K, reserved 1110016K
  class space    used 8396K, capacity 9199K, committed 9216K, reserved 1048576K
}
{Heap before GC invocations=466 (full 0):
 garbage-first heap   total 262144K, used 197020K [0x00000000f0000000, 0x00000000f0100800, 0x0000000100000000)
  region size 1024K, 153 young (156672K), 2 survivors (2048K)
 Metaspace       used 65096K, capacity 69784K, committed 69888K, reserved 1110016K
  class space    used 8396K, capacity 9199K, committed 9216K, reserved 1048576K
2022-09-12T02:25:43.644+0800: 306.562: [GC pause (G1 Evacuation Pause) (young) 192M->42761K(256M), 0.0053022 secs]
Heap after GC invocations=467 (full 0):
 garbage-first heap   total 262144K, used 42761K [0x00000000f0000000, 0x00000000f0100800, 0x0000000100000000)
  region size 1024K, 2 young (2048K), 2 survivors (2048K)
 Metaspace       used 65096K, capacity 69784K, committed 69888K, reserved 1110016K
  class space    used 8396K, capacity 9199K, committed 9216K, reserved 1048576K
}
{Heap before GC invocations=467 (full 0):
 garbage-first heap   total 262144K, used 197385K [0x00000000f0000000, 0x00000000f0100800, 0x0000000100000000)
  region size 1024K, 153 young (156672K), 2 survivors (2048K)
 Metaspace       used 65096K, capacity 69784K, committed 69888K, reserved 1110016K
  class space    used 8396K, capacity 9199K, committed 9216K, reserved 1048576K
2022-09-12T02:25:44.176+0800: 307.093: [GC pause (G1 Evacuation Pause) (young) 192M->42821K(256M), 0.0053304 secs]
Heap after GC invocations=468 (full 0):
 garbage-first heap   total 262144K, used 42821K [0x00000000f0000000, 0x00000000f0100800, 0x0000000100000000)
  region size 1024K, 2 young (2048K), 2 survivors (2048K)
 Metaspace       used 65096K, capacity 69784K, committed 69888K, reserved 1110016K
  class space    used 8396K, capacity 9199K, committed 9216K, reserved 1048576K
}
{Heap before GC invocations=468 (full 0):
 garbage-first heap   total 262144K, used 197445K [0x00000000f0000000, 0x00000000f0100800, 0x0000000100000000)
  region size 1024K, 153 young (156672K), 2 survivors (2048K)
 Metaspace       used 65096K, capacity 69784K, committed 69888K, reserved 1110016K
  class space    used 8396K, capacity 9199K, committed 9216K, reserved 1048576K
2022-09-12T02:25:44.706+0800: 307.623: [GC pause (G1 Evacuation Pause) (young) 192M->42548K(256M), 0.0054536 secs]
Heap after GC invocations=469 (full 0):
 garbage-first heap   total 262144K, used 42548K [0x00000000f0000000, 0x00000000f0100800, 0x0000000100000000)
  region size 1024K, 2 young (2048K), 2 survivors (2048K)
 Metaspace       used 65096K, capacity 69784K, committed 69888K, reserved 1110016K
  class space    used 8396K, capacity 9199K, committed 9216K, reserved 1048576K
}
{Heap before GC invocations=469 (full 0):
 garbage-first heap   total 262144K, used 197172K [0x00000000f0000000, 0x00000000f0100800, 0x0000000100000000)
  region size 1024K, 153 young (156672K), 2 survivors (2048K)
 Metaspace       used 65096K, capacity 69784K, committed 69888K, reserved 1110016K
  class space    used 8396K, capacity 9199K, committed 9216K, reserved 1048576K
2022-09-12T02:25:45.237+0800: 308.154: [GC pause (G1 Evacuation Pause) (young) 192M->42762K(256M), 0.0053997 secs]
Heap after GC invocations=470 (full 0):
 garbage-first heap   total 262144K, used 42762K [0x00000000f0000000, 0x00000000f0100800, 0x0000000100000000)
  region size 1024K, 2 young (2048K), 2 survivors (2048K)
 Metaspace       used 65096K, capacity 69784K, committed 69888K, reserved 1110016K
  class space    used 8396K, capacity 9199K, committed 9216K, reserved 1048576K
}
{Heap before GC invocations=470 (full 0):
 garbage-first heap   total 262144K, used 197386K [0x00000000f0000000, 0x00000000f0100800, 0x0000000100000000)
  region size 1024K, 153 young (156672K), 2 survivors (2048K)
 Metaspace       used 65096K, capacity 69784K, committed 69888K, reserved 1110016K
  class space    used 8396K, capacity 9199K, committed 9216K, reserved 1048576K
2022-09-12T02:25:45.768+0800: 308.686: [GC pause (G1 Evacuation Pause) (young) 192M->42819K(256M), 0.0053118 secs]
Heap after GC invocations=471 (full 0):
 garbage-first heap   total 262144K, used 42819K [0x00000000f0000000, 0x00000000f0100800, 0x0000000100000000)
  region size 1024K, 2 young (2048K), 2 survivors (2048K)
 Metaspace       used 65096K, capacity 69784K, committed 69888K, reserved 1110016K
  class space    used 8396K, capacity 9199K, committed 9216K, reserved 1048576K
}
{Heap before GC invocations=471 (full 0):
 garbage-first heap   total 262144K, used 197443K [0x00000000f0000000, 0x00000000f0100800, 0x0000000100000000)
  region size 1024K, 153 young (156672K), 2 survivors (2048K)
 Metaspace       used 65096K, capacity 69784K, committed 69888K, reserved 1110016K
  class space    used 8396K, capacity 9199K, committed 9216K, reserved 1048576K
2022-09-12T02:25:46.306+0800: 309.224: [GC pause (G1 Evacuation Pause) (young) 192M->42398K(256M), 0.0054310 secs]
Heap after GC invocations=472 (full 0):
 garbage-first heap   total 262144K, used 42398K [0x00000000f0000000, 0x00000000f0100800, 0x0000000100000000)
  region size 1024K, 2 young (2048K), 2 survivors (2048K)
 Metaspace       used 65096K, capacity 69784K, committed 69888K, reserved 1110016K
  class space    used 8396K, capacity 9199K, committed 9216K, reserved 1048576K
}
{Heap before GC invocations=472 (full 0):
 garbage-first heap   total 262144K, used 197022K [0x00000000f0000000, 0x00000000f0100800, 0x0000000100000000)
  region size 1024K, 153 young (156672K), 2 survivors (2048K)
 Metaspace       used 65096K, capacity 69784K, committed 69888K, reserved 1110016K
  class space    used 8396K, capacity 9199K, committed 9216K, reserved 1048576K
2022-09-12T02:25:46.848+0800: 309.766: [GC pause (G1 Evacuation Pause) (young) 192M->42764K(256M), 0.0052320 secs]
Heap after GC invocations=473 (full 0):
 garbage-first heap   total 262144K, used 42764K [0x00000000f0000000, 0x00000000f0100800, 0x0000000100000000)
  region size 1024K, 2 young (2048K), 2 survivors (2048K)
 Metaspace       used 65096K, capacity 69784K, committed 69888K, reserved 1110016K
  class space    used 8396K, capacity 9199K, committed 9216K, reserved 1048576K
}
{Heap before GC invocations=473 (full 0):
 garbage-first heap   total 262144K, used 197388K [0x00000000f0000000, 0x00000000f0100800, 0x0000000100000000)
  region size 1024K, 153 young (156672K), 2 survivors (2048K)
 Metaspace       used 65096K, capacity 69784K, committed 69888K, reserved 1110016K
  class space    used 8396K, capacity 9199K, committed 9216K, reserved 1048576K
2022-09-12T02:25:47.378+0800: 310.296: [GC pause (G1 Evacuation Pause) (young) 192M->42820K(256M), 0.0053187 secs]
Heap after GC invocations=474 (full 0):
 garbage-first heap   total 262144K, used 42820K [0x00000000f0000000, 0x00000000f0100800, 0x0000000100000000)
  region size 1024K, 2 young (2048K), 2 survivors (2048K)
 Metaspace       used 65096K, capacity 69784K, committed 69888K, reserved 1110016K
  class space    used 8396K, capacity 9199K, committed 9216K, reserved 1048576K
}
{Heap before GC invocations=474 (full 0):
 garbage-first heap   total 262144K, used 197444K [0x00000000f0000000, 0x00000000f0100800, 0x0000000100000000)
  region size 1024K, 153 young (156672K), 2 survivors (2048K)
 Metaspace       used 65096K, capacity 69784K, committed 69888K, reserved 1110016K
  class space    used 8396K, capacity 9199K, committed 9216K, reserved 1048576K
2022-09-12T02:25:47.908+0800: 310.826: [GC pause (G1 Evacuation Pause) (young) 192M->42394K(256M), 0.0053147 secs]
Heap after GC invocations=475 (full 0):
 garbage-first heap   total 262144K, used 42394K [0x00000000f0000000, 0x00000000f0100800, 0x0000000100000000)
  region size 1024K, 2 young (2048K), 2 survivors (2048K)
 Metaspace       used 65096K, capacity 69784K, committed 69888K, reserved 1110016K
  class space    used 8396K, capacity 9199K, committed 9216K, reserved 1048576K
}
{Heap before GC invocations=475 (full 0):
 garbage-first heap   total 262144K, used 197018K [0x00000000f0000000, 0x00000000f0100800, 0x0000000100000000)
  region size 1024K, 153 young (156672K), 2 survivors (2048K)
 Metaspace       used 65096K, capacity 69784K, committed 69888K, reserved 1110016K
  class space    used 8396K, capacity 9199K, committed 9216K, reserved 1048576K
2022-09-12T02:25:48.439+0800: 311.356: [GC pause (G1 Evacuation Pause) (young) 192M->42758K(256M), 0.0054734 secs]
Heap after GC invocations=476 (full 0):
 garbage-first heap   total 262144K, used 42758K [0x00000000f0000000, 0x00000000f0100800, 0x0000000100000000)
  region size 1024K, 2 young (2048K), 2 survivors (2048K)
 Metaspace       used 65096K, capacity 69784K, committed 69888K, reserved 1110016K
  class space    used 8396K, capacity 9199K, committed 9216K, reserved 1048576K
}
{Heap before GC invocations=476 (full 0):
 garbage-first heap   total 262144K, used 197382K [0x00000000f0000000, 0x00000000f0100800, 0x0000000100000000)
  region size 1024K, 153 young (156672K), 2 survivors (2048K)
 Metaspace       used 65096K, capacity 69784K, committed 69888K, reserved 1110016K
  class space    used 8396K, capacity 9199K, committed 9216K, reserved 1048576K
2022-09-12T02:25:48.970+0800: 311.888: [GC pause (G1 Evacuation Pause) (young) 192M->42826K(256M), 0.0051918 secs]
Heap after GC invocations=477 (full 0):
 garbage-first heap   total 262144K, used 42826K [0x00000000f0000000, 0x00000000f0100800, 0x0000000100000000)
  region size 1024K, 2 young (2048K), 2 survivors (2048K)
 Metaspace       used 65096K, capacity 69784K, committed 69888K, reserved 1110016K
  class space    used 8396K, capacity 9199K, committed 9216K, reserved 1048576K
}
{Heap before GC invocations=477 (full 0):
 garbage-first heap   total 262144K, used 197450K [0x00000000f0000000, 0x00000000f0100800, 0x0000000100000000)
  region size 1024K, 153 young (156672K), 2 survivors (2048K)
 Metaspace       used 65096K, capacity 69784K, committed 69888K, reserved 1110016K
  class space    used 8396K, capacity 9199K, committed 9216K, reserved 1048576K
2022-09-12T02:25:49.499+0800: 312.417: [GC pause (G1 Evacuation Pause) (young) 192M->42405K(256M), 0.0052335 secs]
Heap after GC invocations=478 (full 0):
 garbage-first heap   total 262144K, used 42405K [0x00000000f0000000, 0x00000000f0100800, 0x0000000100000000)
  region size 1024K, 2 young (2048K), 2 survivors (2048K)
 Metaspace       used 65096K, capacity 69784K, committed 69888K, reserved 1110016K
  class space    used 8396K, capacity 9199K, committed 9216K, reserved 1048576K
}
{Heap before GC invocations=478 (full 0):
 garbage-first heap   total 262144K, used 197029K [0x00000000f0000000, 0x00000000f0100800, 0x0000000100000000)
  region size 1024K, 153 young (156672K), 2 survivors (2048K)
 Metaspace       used 65096K, capacity 69784K, committed 69888K, reserved 1110016K
  class space    used 8396K, capacity 9199K, committed 9216K, reserved 1048576K
2022-09-12T02:25:50.028+0800: 312.946: [GC pause (G1 Evacuation Pause) (young) 192M->42763K(256M), 0.0054324 secs]
Heap after GC invocations=479 (full 0):
 garbage-first heap   total 262144K, used 42763K [0x00000000f0000000, 0x00000000f0100800, 0x0000000100000000)
  region size 1024K, 2 young (2048K), 2 survivors (2048K)
 Metaspace       used 65096K, capacity 69784K, committed 69888K, reserved 1110016K
  class space    used 8396K, capacity 9199K, committed 9216K, reserved 1048576K
}
{Heap before GC invocations=479 (full 0):
 garbage-first heap   total 262144K, used 197387K [0x00000000f0000000, 0x00000000f0100800, 0x0000000100000000)
  region size 1024K, 153 young (156672K), 2 survivors (2048K)
 Metaspace       used 65096K, capacity 69784K, committed 69888K, reserved 1110016K
  class space    used 8396K, capacity 9199K, committed 9216K, reserved 1048576K
2022-09-12T02:25:50.559+0800: 313.476: [GC pause (G1 Evacuation Pause) (young) 192M->42821K(256M), 0.0053247 secs]
Heap after GC invocations=480 (full 0):
 garbage-first heap   total 262144K, used 42821K [0x00000000f0000000, 0x00000000f0100800, 0x0000000100000000)
  region size 1024K, 2 young (2048K), 2 survivors (2048K)
 Metaspace       used 65096K, capacity 69784K, committed 69888K, reserved 1110016K
  class space    used 8396K, capacity 9199K, committed 9216K, reserved 1048576K
}
{Heap before GC invocations=480 (full 0):
 garbage-first heap   total 262144K, used 197445K [0x00000000f0000000, 0x00000000f0100800, 0x0000000100000000)
  region size 1024K, 153 young (156672K), 2 survivors (2048K)
 Metaspace       used 65096K, capacity 69784K, committed 69888K, reserved 1110016K
  class space    used 8396K, capacity 9199K, committed 9216K, reserved 1048576K
2022-09-12T02:25:51.106+0800: 314.024: [GC pause (G1 Evacuation Pause) (young) 192M->42406K(256M), 0.0053386 secs]
Heap after GC invocations=481 (full 0):
 garbage-first heap   total 262144K, used 42406K [0x00000000f0000000, 0x00000000f0100800, 0x0000000100000000)
  region size 1024K, 2 young (2048K), 2 survivors (2048K)
 Metaspace       used 65096K, capacity 69784K, committed 69888K, reserved 1110016K
  class space    used 8396K, capacity 9199K, committed 9216K, reserved 1048576K
}
{Heap before GC invocations=481 (full 0):
 garbage-first heap   total 262144K, used 197030K [0x00000000f0000000, 0x00000000f0100800, 0x0000000100000000)
  region size 1024K, 153 young (156672K), 2 survivors (2048K)
 Metaspace       used 65096K, capacity 69784K, committed 69888K, reserved 1110016K
  class space    used 8396K, capacity 9199K, committed 9216K, reserved 1048576K
2022-09-12T02:25:51.635+0800: 314.553: [GC pause (G1 Evacuation Pause) (young) 192M->42767K(256M), 0.0051857 secs]
Heap after GC invocations=482 (full 0):
 garbage-first heap   total 262144K, used 42767K [0x00000000f0000000, 0x00000000f0100800, 0x0000000100000000)
  region size 1024K, 2 young (2048K), 2 survivors (2048K)
 Metaspace       used 65096K, capacity 69784K, committed 69888K, reserved 1110016K
  class space    used 8396K, capacity 9199K, committed 9216K, reserved 1048576K
}
{Heap before GC invocations=482 (full 0):
 garbage-first heap   total 262144K, used 197391K [0x00000000f0000000, 0x00000000f0100800, 0x0000000100000000)
  region size 1024K, 153 young (156672K), 2 survivors (2048K)
 Metaspace       used 65096K, capacity 69784K, committed 69888K, reserved 1110016K
  class space    used 8396K, capacity 9199K, committed 9216K, reserved 1048576K
2022-09-12T02:25:52.165+0800: 315.083: [GC pause (G1 Evacuation Pause) (young) 192M->42823K(256M), 0.0052355 secs]
Heap after GC invocations=483 (full 0):
 garbage-first heap   total 262144K, used 42823K [0x00000000f0000000, 0x00000000f0100800, 0x0000000100000000)
  region size 1024K, 2 young (2048K), 2 survivors (2048K)
 Metaspace       used 65096K, capacity 69784K, committed 69888K, reserved 1110016K
  class space    used 8396K, capacity 9199K, committed 9216K, reserved 1048576K
}
{Heap before GC invocations=483 (full 0):
 garbage-first heap   total 262144K, used 197447K [0x00000000f0000000, 0x00000000f0100800, 0x0000000100000000)
  region size 1024K, 153 young (156672K), 2 survivors (2048K)
 Metaspace       used 65096K, capacity 69784K, committed 69888K, reserved 1110016K
  class space    used 8396K, capacity 9199K, committed 9216K, reserved 1048576K
2022-09-12T02:25:52.694+0800: 315.612: [GC pause (G1 Evacuation Pause) (young) 192M->42402K(256M), 0.0051999 secs]
Heap after GC invocations=484 (full 0):
 garbage-first heap   total 262144K, used 42402K [0x00000000f0000000, 0x00000000f0100800, 0x0000000100000000)
  region size 1024K, 2 young (2048K), 2 survivors (2048K)
 Metaspace       used 65096K, capacity 69784K, committed 69888K, reserved 1110016K
  class space    used 8396K, capacity 9199K, committed 9216K, reserved 1048576K
}
{Heap before GC invocations=484 (full 0):
 garbage-first heap   total 262144K, used 197026K [0x00000000f0000000, 0x00000000f0100800, 0x0000000100000000)
  region size 1024K, 153 young (156672K), 2 survivors (2048K)
 Metaspace       used 65096K, capacity 69784K, committed 69888K, reserved 1110016K
  class space    used 8396K, capacity 9199K, committed 9216K, reserved 1048576K
2022-09-12T02:25:53.223+0800: 316.141: [GC pause (G1 Evacuation Pause) (young) 192M->42756K(256M), 0.0051626 secs]
Heap after GC invocations=485 (full 0):
 garbage-first heap   total 262144K, used 42756K [0x00000000f0000000, 0x00000000f0100800, 0x0000000100000000)
  region size 1024K, 2 young (2048K), 2 survivors (2048K)
 Metaspace       used 65096K, capacity 69784K, committed 69888K, reserved 1110016K
  class space    used 8396K, capacity 9199K, committed 9216K, reserved 1048576K
}
{Heap before GC invocations=485 (full 0):
 garbage-first heap   total 262144K, used 197380K [0x00000000f0000000, 0x00000000f0100800, 0x0000000100000000)
  region size 1024K, 153 young (156672K), 2 survivors (2048K)
 Metaspace       used 65096K, capacity 69784K, committed 69888K, reserved 1110016K
  class space    used 8396K, capacity 9199K, committed 9216K, reserved 1048576K
2022-09-12T02:25:53.753+0800: 316.671: [GC pause (G1 Evacuation Pause) (young) 192M->42819K(256M), 0.0052743 secs]
Heap after GC invocations=486 (full 0):
 garbage-first heap   total 262144K, used 42819K [0x00000000f0000000, 0x00000000f0100800, 0x0000000100000000)
  region size 1024K, 2 young (2048K), 2 survivors (2048K)
 Metaspace       used 65096K, capacity 69784K, committed 69888K, reserved 1110016K
  class space    used 8396K, capacity 9199K, committed 9216K, reserved 1048576K
}
{Heap before GC invocations=486 (full 0):
 garbage-first heap   total 262144K, used 197443K [0x00000000f0000000, 0x00000000f0100800, 0x0000000100000000)
  region size 1024K, 153 young (156672K), 2 survivors (2048K)
 Metaspace       used 65096K, capacity 69784K, committed 69888K, reserved 1110016K
  class space    used 8396K, capacity 9199K, committed 9216K, reserved 1048576K
2022-09-12T02:25:54.286+0800: 317.204: [GC pause (G1 Evacuation Pause) (young) 192M->42405K(256M), 0.0052192 secs]
Heap after GC invocations=487 (full 0):
 garbage-first heap   total 262144K, used 42405K [0x00000000f0000000, 0x00000000f0100800, 0x0000000100000000)
  region size 1024K, 2 young (2048K), 2 survivors (2048K)
 Metaspace       used 65096K, capacity 69784K, committed 69888K, reserved 1110016K
  class space    used 8396K, capacity 9199K, committed 9216K, reserved 1048576K
}
{Heap before GC invocations=487 (full 0):
 garbage-first heap   total 262144K, used 197029K [0x00000000f0000000, 0x00000000f0100800, 0x0000000100000000)
  region size 1024K, 153 young (156672K), 2 survivors (2048K)
 Metaspace       used 65096K, capacity 69784K, committed 69888K, reserved 1110016K
  class space    used 8396K, capacity 9199K, committed 9216K, reserved 1048576K
2022-09-12T02:25:54.816+0800: 317.734: [GC pause (G1 Evacuation Pause) (young) 192M->42753K(256M), 0.0051904 secs]
Heap after GC invocations=488 (full 0):
 garbage-first heap   total 262144K, used 42753K [0x00000000f0000000, 0x00000000f0100800, 0x0000000100000000)
  region size 1024K, 2 young (2048K), 2 survivors (2048K)
 Metaspace       used 65096K, capacity 69784K, committed 69888K, reserved 1110016K
  class space    used 8396K, capacity 9199K, committed 9216K, reserved 1048576K
}
{Heap before GC invocations=488 (full 0):
 garbage-first heap   total 262144K, used 197377K [0x00000000f0000000, 0x00000000f0100800, 0x0000000100000000)
  region size 1024K, 153 young (156672K), 2 survivors (2048K)
 Metaspace       used 65096K, capacity 69784K, committed 69888K, reserved 1110016K
  class space    used 8396K, capacity 9199K, committed 9216K, reserved 1048576K
2022-09-12T02:25:55.357+0800: 318.275: [GC pause (G1 Evacuation Pause) (young) 192M->42796K(256M), 0.0052676 secs]
Heap after GC invocations=489 (full 0):
 garbage-first heap   total 262144K, used 42796K [0x00000000f0000000, 0x00000000f0100800, 0x0000000100000000)
  region size 1024K, 2 young (2048K), 2 survivors (2048K)
 Metaspace       used 65096K, capacity 69784K, committed 69888K, reserved 1110016K
  class space    used 8396K, capacity 9199K, committed 9216K, reserved 1048576K
}
{Heap before GC invocations=489 (full 0):
 garbage-first heap   total 262144K, used 197420K [0x00000000f0000000, 0x00000000f0100800, 0x0000000100000000)
  region size 1024K, 153 young (156672K), 2 survivors (2048K)
 Metaspace       used 65096K, capacity 69784K, committed 69888K, reserved 1110016K
  class space    used 8396K, capacity 9199K, committed 9216K, reserved 1048576K
2022-09-12T02:25:55.887+0800: 318.805: [GC pause (G1 Evacuation Pause) (young) 192M->42824K(256M), 0.0051968 secs]
Heap after GC invocations=490 (full 0):
 garbage-first heap   total 262144K, used 42824K [0x00000000f0000000, 0x00000000f0100800, 0x0000000100000000)
  region size 1024K, 2 young (2048K), 2 survivors (2048K)
 Metaspace       used 65096K, capacity 69784K, committed 69888K, reserved 1110016K
  class space    used 8396K, capacity 9199K, committed 9216K, reserved 1048576K
}
{Heap before GC invocations=490 (full 0):
 garbage-first heap   total 262144K, used 197448K [0x00000000f0000000, 0x00000000f0100800, 0x0000000100000000)
  region size 1024K, 153 young (156672K), 2 survivors (2048K)
 Metaspace       used 65096K, capacity 69784K, committed 69888K, reserved 1110016K
  class space    used 8396K, capacity 9199K, committed 9216K, reserved 1048576K
2022-09-12T02:25:56.420+0800: 319.338: [GC pause (G1 Evacuation Pause) (young) 192M->42562K(256M), 0.0053303 secs]
Heap after GC invocations=491 (full 0):
 garbage-first heap   total 262144K, used 42562K [0x00000000f0000000, 0x00000000f0100800, 0x0000000100000000)
  region size 1024K, 2 young (2048K), 2 survivors (2048K)
 Metaspace       used 65096K, capacity 69784K, committed 69888K, reserved 1110016K
  class space    used 8396K, capacity 9199K, committed 9216K, reserved 1048576K
}
{Heap before GC invocations=491 (full 0):
 garbage-first heap   total 262144K, used 197186K [0x00000000f0000000, 0x00000000f0100800, 0x0000000100000000)
  region size 1024K, 153 young (156672K), 2 survivors (2048K)
 Metaspace       used 65096K, capacity 69784K, committed 69888K, reserved 1110016K
  class space    used 8396K, capacity 9199K, committed 9216K, reserved 1048576K
2022-09-12T02:25:56.951+0800: 319.869: [GC pause (G1 Evacuation Pause) (young) 192M->42781K(256M), 0.0052603 secs]
Heap after GC invocations=492 (full 0):
 garbage-first heap   total 262144K, used 42781K [0x00000000f0000000, 0x00000000f0100800, 0x0000000100000000)
  region size 1024K, 2 young (2048K), 2 survivors (2048K)
 Metaspace       used 65096K, capacity 69784K, committed 69888K, reserved 1110016K
  class space    used 8396K, capacity 9199K, committed 9216K, reserved 1048576K
}
{Heap before GC invocations=492 (full 0):
 garbage-first heap   total 262144K, used 197405K [0x00000000f0000000, 0x00000000f0100800, 0x0000000100000000)
  region size 1024K, 153 young (156672K), 2 survivors (2048K)
 Metaspace       used 65096K, capacity 69784K, committed 69888K, reserved 1110016K
  class space    used 8396K, capacity 9199K, committed 9216K, reserved 1048576K
2022-09-12T02:25:57.482+0800: 320.400: [GC pause (G1 Evacuation Pause) (young) 192M->42814K(256M), 0.0053183 secs]
Heap after GC invocations=493 (full 0):
 garbage-first heap   total 262144K, used 42814K [0x00000000f0000000, 0x00000000f0100800, 0x0000000100000000)
  region size 1024K, 2 young (2048K), 2 survivors (2048K)
 Metaspace       used 65096K, capacity 69784K, committed 69888K, reserved 1110016K
  class space    used 8396K, capacity 9199K, committed 9216K, reserved 1048576K
}
{Heap before GC invocations=493 (full 0):
 garbage-first heap   total 262144K, used 197438K [0x00000000f0000000, 0x00000000f0100800, 0x0000000100000000)
  region size 1024K, 153 young (156672K), 2 survivors (2048K)
 Metaspace       used 65096K, capacity 69784K, committed 69888K, reserved 1110016K
  class space    used 8396K, capacity 9199K, committed 9216K, reserved 1048576K
2022-09-12T02:25:58.014+0800: 320.932: [GC pause (G1 Evacuation Pause) (young) 192M->42403K(256M), 0.0053274 secs]
Heap after GC invocations=494 (full 0):
 garbage-first heap   total 262144K, used 42403K [0x00000000f0000000, 0x00000000f0100800, 0x0000000100000000)
  region size 1024K, 2 young (2048K), 2 survivors (2048K)
 Metaspace       used 65096K, capacity 69784K, committed 69888K, reserved 1110016K
  class space    used 8396K, capacity 9199K, committed 9216K, reserved 1048576K
}
{Heap before GC invocations=494 (full 0):
 garbage-first heap   total 262144K, used 197027K [0x00000000f0000000, 0x00000000f0100800, 0x0000000100000000)
  region size 1024K, 153 young (156672K), 2 survivors (2048K)
 Metaspace       used 65096K, capacity 69784K, committed 69888K, reserved 1110016K
  class space    used 8396K, capacity 9199K, committed 9216K, reserved 1048576K
2022-09-12T02:25:58.546+0800: 321.464: [GC pause (G1 Evacuation Pause) (young) 192M->42775K(256M), 0.0055523 secs]
Heap after GC invocations=495 (full 0):
 garbage-first heap   total 262144K, used 42775K [0x00000000f0000000, 0x00000000f0100800, 0x0000000100000000)
  region size 1024K, 2 young (2048K), 2 survivors (2048K)
 Metaspace       used 65096K, capacity 69784K, committed 69888K, reserved 1110016K
  class space    used 8396K, capacity 9199K, committed 9216K, reserved 1048576K
}
{Heap before GC invocations=495 (full 0):
 garbage-first heap   total 262144K, used 197399K [0x00000000f0000000, 0x00000000f0100800, 0x0000000100000000)
  region size 1024K, 153 young (156672K), 2 survivors (2048K)
 Metaspace       used 65096K, capacity 69784K, committed 69888K, reserved 1110016K
  class space    used 8396K, capacity 9199K, committed 9216K, reserved 1048576K
2022-09-12T02:25:59.076+0800: 321.994: [GC pause (G1 Evacuation Pause) (young) 192M->42823K(256M), 0.0051633 secs]
Heap after GC invocations=496 (full 0):
 garbage-first heap   total 262144K, used 42823K [0x00000000f0000000, 0x00000000f0100800, 0x0000000100000000)
  region size 1024K, 2 young (2048K), 2 survivors (2048K)
 Metaspace       used 65096K, capacity 69784K, committed 69888K, reserved 1110016K
  class space    used 8396K, capacity 9199K, committed 9216K, reserved 1048576K
}
{Heap before GC invocations=496 (full 0):
 garbage-first heap   total 262144K, used 197447K [0x00000000f0000000, 0x00000000f0100800, 0x0000000100000000)
  region size 1024K, 153 young (156672K), 2 survivors (2048K)
 Metaspace       used 65096K, capacity 69784K, committed 69888K, reserved 1110016K
  class space    used 8396K, capacity 9199K, committed 9216K, reserved 1048576K
2022-09-12T02:25:59.614+0800: 322.532: [GC pause (G1 Evacuation Pause) (young) 192M->42405K(256M), 0.0052441 secs]
Heap after GC invocations=497 (full 0):
 garbage-first heap   total 262144K, used 42405K [0x00000000f0000000, 0x00000000f0100800, 0x0000000100000000)
  region size 1024K, 2 young (2048K), 2 survivors (2048K)
 Metaspace       used 65096K, capacity 69784K, committed 69888K, reserved 1110016K
  class space    used 8396K, capacity 9199K, committed 9216K, reserved 1048576K
}
{Heap before GC invocations=497 (full 0):
 garbage-first heap   total 262144K, used 197029K [0x00000000f0000000, 0x00000000f0100800, 0x0000000100000000)
  region size 1024K, 153 young (156672K), 2 survivors (2048K)
 Metaspace       used 65096K, capacity 69784K, committed 69888K, reserved 1110016K
  class space    used 8396K, capacity 9199K, committed 9216K, reserved 1048576K
2022-09-12T02:26:00.148+0800: 323.066: [GC pause (G1 Evacuation Pause) (young) 192M->42771K(256M), 0.0054623 secs]
Heap after GC invocations=498 (full 0):
 garbage-first heap   total 262144K, used 42771K [0x00000000f0000000, 0x00000000f0100800, 0x0000000100000000)
  region size 1024K, 2 young (2048K), 2 survivors (2048K)
 Metaspace       used 65096K, capacity 69784K, committed 69888K, reserved 1110016K
  class space    used 8396K, capacity 9199K, committed 9216K, reserved 1048576K
}
{Heap before GC invocations=498 (full 0):
 garbage-first heap   total 262144K, used 197395K [0x00000000f0000000, 0x00000000f0100800, 0x0000000100000000)
  region size 1024K, 153 young (156672K), 2 survivors (2048K)
 Metaspace       used 65096K, capacity 69784K, committed 69888K, reserved 1110016K
  class space    used 8396K, capacity 9199K, committed 9216K, reserved 1048576K
2022-09-12T02:26:00.680+0800: 323.597: [GC pause (G1 Evacuation Pause) (young) 192M->42819K(256M), 0.0053385 secs]
Heap after GC invocations=499 (full 0):
 garbage-first heap   total 262144K, used 42819K [0x00000000f0000000, 0x00000000f0100800, 0x0000000100000000)
  region size 1024K, 2 young (2048K), 2 survivors (2048K)
 Metaspace       used 65096K, capacity 69784K, committed 69888K, reserved 1110016K
  class space    used 8396K, capacity 9199K, committed 9216K, reserved 1048576K
}
{Heap before GC invocations=499 (full 0):
 garbage-first heap   total 262144K, used 197443K [0x00000000f0000000, 0x00000000f0100800, 0x0000000100000000)
  region size 1024K, 153 young (156672K), 2 survivors (2048K)
 Metaspace       used 65096K, capacity 69784K, committed 69888K, reserved 1110016K
  class space    used 8396K, capacity 9199K, committed 9216K, reserved 1048576K
2022-09-12T02:26:01.217+0800: 324.135: [GC pause (G1 Evacuation Pause) (young) 192M->42405K(256M), 0.0053693 secs]
Heap after GC invocations=500 (full 0):
 garbage-first heap   total 262144K, used 42405K [0x00000000f0000000, 0x00000000f0100800, 0x0000000100000000)
  region size 1024K, 2 young (2048K), 2 survivors (2048K)
 Metaspace       used 65096K, capacity 69784K, committed 69888K, reserved 1110016K
  class space    used 8396K, capacity 9199K, committed 9216K, reserved 1048576K
}
{Heap before GC invocations=500 (full 0):
 garbage-first heap   total 262144K, used 197029K [0x00000000f0000000, 0x00000000f0100800, 0x0000000100000000)
  region size 1024K, 153 young (156672K), 2 survivors (2048K)
 Metaspace       used 65096K, capacity 69784K, committed 69888K, reserved 1110016K
  class space    used 8396K, capacity 9199K, committed 9216K, reserved 1048576K
2022-09-12T02:26:01.748+0800: 324.666: [GC pause (G1 Evacuation Pause) (young) 192M->42759K(256M), 0.0052873 secs]
Heap after GC invocations=501 (full 0):
 garbage-first heap   total 262144K, used 42759K [0x00000000f0000000, 0x00000000f0100800, 0x0000000100000000)
  region size 1024K, 2 young (2048K), 2 survivors (2048K)
 Metaspace       used 65096K, capacity 69784K, committed 69888K, reserved 1110016K
  class space    used 8396K, capacity 9199K, committed 9216K, reserved 1048576K
}
{Heap before GC invocations=501 (full 0):
 garbage-first heap   total 262144K, used 197383K [0x00000000f0000000, 0x00000000f0100800, 0x0000000100000000)
  region size 1024K, 153 young (156672K), 2 survivors (2048K)
 Metaspace       used 65096K, capacity 69784K, committed 69888K, reserved 1110016K
  class space    used 8396K, capacity 9199K, committed 9216K, reserved 1048576K
2022-09-12T02:26:02.280+0800: 325.198: [GC pause (G1 Evacuation Pause) (young) 192M->42821K(256M), 0.0052000 secs]
Heap after GC invocations=502 (full 0):
 garbage-first heap   total 262144K, used 42821K [0x00000000f0000000, 0x00000000f0100800, 0x0000000100000000)
  region size 1024K, 2 young (2048K), 2 survivors (2048K)
 Metaspace       used 65096K, capacity 69784K, committed 69888K, reserved 1110016K
  class space    used 8396K, capacity 9199K, committed 9216K, reserved 1048576K
}
{Heap before GC invocations=502 (full 0):
 garbage-first heap   total 262144K, used 197445K [0x00000000f0000000, 0x00000000f0100800, 0x0000000100000000)
  region size 1024K, 153 young (156672K), 2 survivors (2048K)
 Metaspace       used 65096K, capacity 69784K, committed 69888K, reserved 1110016K
  class space    used 8396K, capacity 9199K, committed 9216K, reserved 1048576K
2022-09-12T02:26:02.811+0800: 325.729: [GC pause (G1 Evacuation Pause) (young) 192M->42401K(256M), 0.0053527 secs]
Heap after GC invocations=503 (full 0):
 garbage-first heap   total 262144K, used 42401K [0x00000000f0000000, 0x00000000f0100800, 0x0000000100000000)
  region size 1024K, 2 young (2048K), 2 survivors (2048K)
 Metaspace       used 65096K, capacity 69784K, committed 69888K, reserved 1110016K
  class space    used 8396K, capacity 9199K, committed 9216K, reserved 1048576K
}
{Heap before GC invocations=503 (full 0):
 garbage-first heap   total 262144K, used 197025K [0x00000000f0000000, 0x00000000f0100800, 0x0000000100000000)
  region size 1024K, 153 young (156672K), 2 survivors (2048K)
 Metaspace       used 65096K, capacity 69784K, committed 69888K, reserved 1110016K
  class space    used 8396K, capacity 9199K, committed 9216K, reserved 1048576K
2022-09-12T02:26:03.344+0800: 326.262: [GC pause (G1 Evacuation Pause) (young) 192M->42780K(256M), 0.0051031 secs]
Heap after GC invocations=504 (full 0):
 garbage-first heap   total 262144K, used 42780K [0x00000000f0000000, 0x00000000f0100800, 0x0000000100000000)
  region size 1024K, 2 young (2048K), 2 survivors (2048K)
 Metaspace       used 65096K, capacity 69784K, committed 69888K, reserved 1110016K
  class space    used 8396K, capacity 9199K, committed 9216K, reserved 1048576K
}
{Heap before GC invocations=504 (full 0):
 garbage-first heap   total 262144K, used 197404K [0x00000000f0000000, 0x00000000f0100800, 0x0000000100000000)
  region size 1024K, 153 young (156672K), 2 survivors (2048K)
 Metaspace       used 65096K, capacity 69784K, committed 69888K, reserved 1110016K
  class space    used 8396K, capacity 9199K, committed 9216K, reserved 1048576K
2022-09-12T02:26:03.885+0800: 326.803: [GC pause (G1 Evacuation Pause) (young) 192M->42820K(256M), 0.0053395 secs]
Heap after GC invocations=505 (full 0):
 garbage-first heap   total 262144K, used 42820K [0x00000000f0000000, 0x00000000f0100800, 0x0000000100000000)
  region size 1024K, 2 young (2048K), 2 survivors (2048K)
 Metaspace       used 65096K, capacity 69784K, committed 69888K, reserved 1110016K
  class space    used 8396K, capacity 9199K, committed 9216K, reserved 1048576K
}
{Heap before GC invocations=505 (full 0):
 garbage-first heap   total 262144K, used 197444K [0x00000000f0000000, 0x00000000f0100800, 0x0000000100000000)
  region size 1024K, 153 young (156672K), 2 survivors (2048K)
 Metaspace       used 65096K, capacity 69784K, committed 69888K, reserved 1110016K
  class space    used 8396K, capacity 9199K, committed 9216K, reserved 1048576K
2022-09-12T02:26:04.415+0800: 327.333: [GC pause (G1 Evacuation Pause) (young) 192M->42409K(256M), 0.0052509 secs]
Heap after GC invocations=506 (full 0):
 garbage-first heap   total 262144K, used 42409K [0x00000000f0000000, 0x00000000f0100800, 0x0000000100000000)
  region size 1024K, 2 young (2048K), 2 survivors (2048K)
 Metaspace       used 65096K, capacity 69784K, committed 69888K, reserved 1110016K
  class space    used 8396K, capacity 9199K, committed 9216K, reserved 1048576K
}
{Heap before GC invocations=506 (full 0):
 garbage-first heap   total 262144K, used 197033K [0x00000000f0000000, 0x00000000f0100800, 0x0000000100000000)
  region size 1024K, 153 young (156672K), 2 survivors (2048K)
 Metaspace       used 65096K, capacity 69784K, committed 69888K, reserved 1110016K
  class space    used 8396K, capacity 9199K, committed 9216K, reserved 1048576K
2022-09-12T02:26:04.948+0800: 327.866: [GC pause (G1 Evacuation Pause) (young) 192M->42780K(256M), 0.0052736 secs]
Heap after GC invocations=507 (full 0):
 garbage-first heap   total 262144K, used 42780K [0x00000000f0000000, 0x00000000f0100800, 0x0000000100000000)
  region size 1024K, 2 young (2048K), 2 survivors (2048K)
 Metaspace       used 65096K, capacity 69784K, committed 69888K, reserved 1110016K
  class space    used 8396K, capacity 9199K, committed 9216K, reserved 1048576K
}
{Heap before GC invocations=507 (full 0):
 garbage-first heap   total 262144K, used 197404K [0x00000000f0000000, 0x00000000f0100800, 0x0000000100000000)
  region size 1024K, 153 young (156672K), 2 survivors (2048K)
 Metaspace       used 65096K, capacity 69784K, committed 69888K, reserved 1110016K
  class space    used 8396K, capacity 9199K, committed 9216K, reserved 1048576K
2022-09-12T02:26:05.479+0800: 328.397: [GC pause (G1 Evacuation Pause) (young) 192M->42833K(256M), 0.0052740 secs]
Heap after GC invocations=508 (full 0):
 garbage-first heap   total 262144K, used 42833K [0x00000000f0000000, 0x00000000f0100800, 0x0000000100000000)
  region size 1024K, 2 young (2048K), 2 survivors (2048K)
 Metaspace       used 65096K, capacity 69784K, committed 69888K, reserved 1110016K
  class space    used 8396K, capacity 9199K, committed 9216K, reserved 1048576K
}
{Heap before GC invocations=508 (full 0):
 garbage-first heap   total 262144K, used 197457K [0x00000000f0000000, 0x00000000f0100800, 0x0000000100000000)
  region size 1024K, 153 young (156672K), 2 survivors (2048K)
 Metaspace       used 65096K, capacity 69784K, committed 69888K, reserved 1110016K
  class space    used 8396K, capacity 9199K, committed 9216K, reserved 1048576K
2022-09-12T02:26:06.010+0800: 328.928: [GC pause (G1 Evacuation Pause) (young) 192M->42411K(256M), 0.0053527 secs]
Heap after GC invocations=509 (full 0):
 garbage-first heap   total 262144K, used 42411K [0x00000000f0000000, 0x00000000f0100800, 0x0000000100000000)
  region size 1024K, 2 young (2048K), 2 survivors (2048K)
 Metaspace       used 65096K, capacity 69784K, committed 69888K, reserved 1110016K
  class space    used 8396K, capacity 9199K, committed 9216K, reserved 1048576K
}
{Heap before GC invocations=509 (full 0):
 garbage-first heap   total 262144K, used 197035K [0x00000000f0000000, 0x00000000f0100800, 0x0000000100000000)
  region size 1024K, 153 young (156672K), 2 survivors (2048K)
 Metaspace       used 65096K, capacity 69784K, committed 69888K, reserved 1110016K
  class space    used 8396K, capacity 9199K, committed 9216K, reserved 1048576K
2022-09-12T02:26:06.541+0800: 329.458: [GC pause (G1 Evacuation Pause) (young) 192M->42767K(256M), 0.0053526 secs]
Heap after GC invocations=510 (full 0):
 garbage-first heap   total 262144K, used 42767K [0x00000000f0000000, 0x00000000f0100800, 0x0000000100000000)
  region size 1024K, 2 young (2048K), 2 survivors (2048K)
 Metaspace       used 65096K, capacity 69784K, committed 69888K, reserved 1110016K
  class space    used 8396K, capacity 9199K, committed 9216K, reserved 1048576K
}
{Heap before GC invocations=510 (full 0):
 garbage-first heap   total 262144K, used 197391K [0x00000000f0000000, 0x00000000f0100800, 0x0000000100000000)
  region size 1024K, 153 young (156672K), 2 survivors (2048K)
 Metaspace       used 65096K, capacity 69784K, committed 69888K, reserved 1110016K
  class space    used 8396K, capacity 9199K, committed 9216K, reserved 1048576K
2022-09-12T02:26:07.073+0800: 329.991: [GC pause (G1 Evacuation Pause) (young) 192M->42825K(256M), 0.0053444 secs]
Heap after GC invocations=511 (full 0):
 garbage-first heap   total 262144K, used 42825K [0x00000000f0000000, 0x00000000f0100800, 0x0000000100000000)
  region size 1024K, 2 young (2048K), 2 survivors (2048K)
 Metaspace       used 65096K, capacity 69784K, committed 69888K, reserved 1110016K
  class space    used 8396K, capacity 9199K, committed 9216K, reserved 1048576K
}
{Heap before GC invocations=511 (full 0):
 garbage-first heap   total 262144K, used 197449K [0x00000000f0000000, 0x00000000f0100800, 0x0000000100000000)
  region size 1024K, 153 young (156672K), 2 survivors (2048K)
 Metaspace       used 65096K, capacity 69784K, committed 69888K, reserved 1110016K
  class space    used 8396K, capacity 9199K, committed 9216K, reserved 1048576K
2022-09-12T02:26:07.620+0800: 330.538: [GC pause (G1 Evacuation Pause) (young) 192M->42415K(256M), 0.0053560 secs]
Heap after GC invocations=512 (full 0):
 garbage-first heap   total 262144K, used 42415K [0x00000000f0000000, 0x00000000f0100800, 0x0000000100000000)
  region size 1024K, 2 young (2048K), 2 survivors (2048K)
 Metaspace       used 65096K, capacity 69784K, committed 69888K, reserved 1110016K
  class space    used 8396K, capacity 9199K, committed 9216K, reserved 1048576K
}
{Heap before GC invocations=512 (full 0):
 garbage-first heap   total 262144K, used 197039K [0x00000000f0000000, 0x00000000f0100800, 0x0000000100000000)
  region size 1024K, 153 young (156672K), 2 survivors (2048K)
 Metaspace       used 65096K, capacity 69784K, committed 69888K, reserved 1110016K
  class space    used 8396K, capacity 9199K, committed 9216K, reserved 1048576K
2022-09-12T02:26:08.153+0800: 331.071: [GC pause (G1 Evacuation Pause) (young) 192M->42789K(256M), 0.0052895 secs]
Heap after GC invocations=513 (full 0):
 garbage-first heap   total 262144K, used 42789K [0x00000000f0000000, 0x00000000f0100800, 0x0000000100000000)
  region size 1024K, 2 young (2048K), 2 survivors (2048K)
 Metaspace       used 65096K, capacity 69784K, committed 69888K, reserved 1110016K
  class space    used 8396K, capacity 9199K, committed 9216K, reserved 1048576K
}
{Heap before GC invocations=513 (full 0):
 garbage-first heap   total 262144K, used 197413K [0x00000000f0000000, 0x00000000f0100800, 0x0000000100000000)
  region size 1024K, 153 young (156672K), 2 survivors (2048K)
 Metaspace       used 65096K, capacity 69784K, committed 69888K, reserved 1110016K
  class space    used 8396K, capacity 9199K, committed 9216K, reserved 1048576K
2022-09-12T02:26:08.686+0800: 331.604: [GC pause (G1 Evacuation Pause) (young) 192M->42834K(256M), 0.0052989 secs]
Heap after GC invocations=514 (full 0):
 garbage-first heap   total 262144K, used 42834K [0x00000000f0000000, 0x00000000f0100800, 0x0000000100000000)
  region size 1024K, 2 young (2048K), 2 survivors (2048K)
 Metaspace       used 65096K, capacity 69784K, committed 69888K, reserved 1110016K
  class space    used 8396K, capacity 9199K, committed 9216K, reserved 1048576K
}
{Heap before GC invocations=514 (full 0):
 garbage-first heap   total 262144K, used 197458K [0x00000000f0000000, 0x00000000f0100800, 0x0000000100000000)
  region size 1024K, 153 young (156672K), 2 survivors (2048K)
 Metaspace       used 65096K, capacity 69784K, committed 69888K, reserved 1110016K
  class space    used 8396K, capacity 9199K, committed 9216K, reserved 1048576K
2022-09-12T02:26:09.216+0800: 332.134: [GC pause (G1 Evacuation Pause) (young) 192M->42412K(256M), 0.0052177 secs]
Heap after GC invocations=515 (full 0):
 garbage-first heap   total 262144K, used 42412K [0x00000000f0000000, 0x00000000f0100800, 0x0000000100000000)
  region size 1024K, 2 young (2048K), 2 survivors (2048K)
 Metaspace       used 65096K, capacity 69784K, committed 69888K, reserved 1110016K
  class space    used 8396K, capacity 9199K, committed 9216K, reserved 1048576K
}
{Heap before GC invocations=515 (full 0):
 garbage-first heap   total 262144K, used 197036K [0x00000000f0000000, 0x00000000f0100800, 0x0000000100000000)
  region size 1024K, 153 young (156672K), 2 survivors (2048K)
 Metaspace       used 65096K, capacity 69784K, committed 69888K, reserved 1110016K
  class space    used 8396K, capacity 9199K, committed 9216K, reserved 1048576K
2022-09-12T02:26:09.748+0800: 332.666: [GC pause (G1 Evacuation Pause) (young) 192M->42784K(256M), 0.0052573 secs]
Heap after GC invocations=516 (full 0):
 garbage-first heap   total 262144K, used 42784K [0x00000000f0000000, 0x00000000f0100800, 0x0000000100000000)
  region size 1024K, 2 young (2048K), 2 survivors (2048K)
 Metaspace       used 65096K, capacity 69784K, committed 69888K, reserved 1110016K
  class space    used 8396K, capacity 9199K, committed 9216K, reserved 1048576K
}
{Heap before GC invocations=516 (full 0):
 garbage-first heap   total 262144K, used 197408K [0x00000000f0000000, 0x00000000f0100800, 0x0000000100000000)
  region size 1024K, 153 young (156672K), 2 survivors (2048K)
 Metaspace       used 65096K, capacity 69784K, committed 69888K, reserved 1110016K
  class space    used 8396K, capacity 9199K, committed 9216K, reserved 1048576K
2022-09-12T02:26:10.280+0800: 333.198: [GC pause (G1 Evacuation Pause) (young) 192M->42839K(256M), 0.0053120 secs]
Heap after GC invocations=517 (full 0):
 garbage-first heap   total 262144K, used 42839K [0x00000000f0000000, 0x00000000f0100800, 0x0000000100000000)
  region size 1024K, 2 young (2048K), 2 survivors (2048K)
 Metaspace       used 65096K, capacity 69784K, committed 69888K, reserved 1110016K
  class space    used 8396K, capacity 9199K, committed 9216K, reserved 1048576K
}
{Heap before GC invocations=517 (full 0):
 garbage-first heap   total 262144K, used 197463K [0x00000000f0000000, 0x00000000f0100800, 0x0000000100000000)
  region size 1024K, 153 young (156672K), 2 survivors (2048K)
 Metaspace       used 65117K, capacity 69848K, committed 69888K, reserved 1110016K
  class space    used 8396K, capacity 9199K, committed 9216K, reserved 1048576K
2022-09-12T02:26:10.810+0800: 333.728: [GC pause (G1 Evacuation Pause) (young) 192M->42563K(256M), 0.0052974 secs]
Heap after GC invocations=518 (full 0):
 garbage-first heap   total 262144K, used 42563K [0x00000000f0000000, 0x00000000f0100800, 0x0000000100000000)
  region size 1024K, 2 young (2048K), 2 survivors (2048K)
 Metaspace       used 65117K, capacity 69848K, committed 69888K, reserved 1110016K
  class space    used 8396K, capacity 9199K, committed 9216K, reserved 1048576K
}
{Heap before GC invocations=518 (full 0):
 garbage-first heap   total 262144K, used 197187K [0x00000000f0000000, 0x00000000f0100800, 0x0000000100000000)
  region size 1024K, 153 young (156672K), 2 survivors (2048K)
 Metaspace       used 65117K, capacity 69848K, committed 69888K, reserved 1110016K
  class space    used 8396K, capacity 9199K, committed 9216K, reserved 1048576K
2022-09-12T02:26:11.344+0800: 334.262: [GC pause (G1 Evacuation Pause) (young) 192M->42778K(256M), 0.0052571 secs]
Heap after GC invocations=519 (full 0):
 garbage-first heap   total 262144K, used 42778K [0x00000000f0000000, 0x00000000f0100800, 0x0000000100000000)
  region size 1024K, 2 young (2048K), 2 survivors (2048K)
 Metaspace       used 65117K, capacity 69848K, committed 69888K, reserved 1110016K
  class space    used 8396K, capacity 9199K, committed 9216K, reserved 1048576K
}
{Heap before GC invocations=519 (full 0):
 garbage-first heap   total 262144K, used 197402K [0x00000000f0000000, 0x00000000f0100800, 0x0000000100000000)
  region size 1024K, 153 young (156672K), 2 survivors (2048K)
 Metaspace       used 65118K, capacity 69848K, committed 69888K, reserved 1110016K
  class space    used 8396K, capacity 9199K, committed 9216K, reserved 1048576K
2022-09-12T02:26:11.891+0800: 334.809: [GC pause (G1 Evacuation Pause) (young) 192M->42830K(256M), 0.0052412 secs]
Heap after GC invocations=520 (full 0):
 garbage-first heap   total 262144K, used 42830K [0x00000000f0000000, 0x00000000f0100800, 0x0000000100000000)
  region size 1024K, 2 young (2048K), 2 survivors (2048K)
 Metaspace       used 65118K, capacity 69848K, committed 69888K, reserved 1110016K
  class space    used 8396K, capacity 9199K, committed 9216K, reserved 1048576K
}
{Heap before GC invocations=520 (full 0):
 garbage-first heap   total 262144K, used 197454K [0x00000000f0000000, 0x00000000f0100800, 0x0000000100000000)
  region size 1024K, 153 young (156672K), 2 survivors (2048K)
 Metaspace       used 65118K, capacity 69848K, committed 69888K, reserved 1110016K
  class space    used 8396K, capacity 9199K, committed 9216K, reserved 1048576K
2022-09-12T02:26:12.424+0800: 335.342: [GC pause (G1 Evacuation Pause) (young) 192M->42417K(256M), 0.0052411 secs]
Heap after GC invocations=521 (full 0):
 garbage-first heap   total 262144K, used 42417K [0x00000000f0000000, 0x00000000f0100800, 0x0000000100000000)
  region size 1024K, 2 young (2048K), 2 survivors (2048K)
 Metaspace       used 65118K, capacity 69848K, committed 69888K, reserved 1110016K
  class space    used 8396K, capacity 9199K, committed 9216K, reserved 1048576K
}
{Heap before GC invocations=521 (full 0):
 garbage-first heap   total 262144K, used 197041K [0x00000000f0000000, 0x00000000f0100800, 0x0000000100000000)
  region size 1024K, 153 young (156672K), 2 survivors (2048K)
 Metaspace       used 65118K, capacity 69848K, committed 69888K, reserved 1110016K
  class space    used 8396K, capacity 9199K, committed 9216K, reserved 1048576K
2022-09-12T02:26:12.956+0800: 335.874: [GC pause (G1 Evacuation Pause) (young) 192M->42782K(256M), 0.0052755 secs]
Heap after GC invocations=522 (full 0):
 garbage-first heap   total 262144K, used 42782K [0x00000000f0000000, 0x00000000f0100800, 0x0000000100000000)
  region size 1024K, 2 young (2048K), 2 survivors (2048K)
 Metaspace       used 65118K, capacity 69848K, committed 69888K, reserved 1110016K
  class space    used 8396K, capacity 9199K, committed 9216K, reserved 1048576K
}
{Heap before GC invocations=522 (full 0):
 garbage-first heap   total 262144K, used 197406K [0x00000000f0000000, 0x00000000f0100800, 0x0000000100000000)
  region size 1024K, 153 young (156672K), 2 survivors (2048K)
 Metaspace       used 65118K, capacity 69848K, committed 69888K, reserved 1110016K
  class space    used 8396K, capacity 9199K, committed 9216K, reserved 1048576K
2022-09-12T02:26:13.487+0800: 336.405: [GC pause (G1 Evacuation Pause) (young) 192M->42851K(256M), 0.0053309 secs]
Heap after GC invocations=523 (full 0):
 garbage-first heap   total 262144K, used 42851K [0x00000000f0000000, 0x00000000f0100800, 0x0000000100000000)
  region size 1024K, 2 young (2048K), 2 survivors (2048K)
 Metaspace       used 65118K, capacity 69848K, committed 69888K, reserved 1110016K
  class space    used 8396K, capacity 9199K, committed 9216K, reserved 1048576K
}
{Heap before GC invocations=523 (full 0):
 garbage-first heap   total 262144K, used 197475K [0x00000000f0000000, 0x00000000f0100800, 0x0000000100000000)
  region size 1024K, 153 young (156672K), 2 survivors (2048K)
 Metaspace       used 65118K, capacity 69848K, committed 69888K, reserved 1110016K
  class space    used 8396K, capacity 9199K, committed 9216K, reserved 1048576K
2022-09-12T02:26:14.018+0800: 336.936: [GC pause (G1 Evacuation Pause) (young) 192M->42421K(256M), 0.0051900 secs]
Heap after GC invocations=524 (full 0):
 garbage-first heap   total 262144K, used 42421K [0x00000000f0000000, 0x00000000f0100800, 0x0000000100000000)
  region size 1024K, 2 young (2048K), 2 survivors (2048K)
 Metaspace       used 65118K, capacity 69848K, committed 69888K, reserved 1110016K
  class space    used 8396K, capacity 9199K, committed 9216K, reserved 1048576K
}
{Heap before GC invocations=524 (full 0):
 garbage-first heap   total 262144K, used 197045K [0x00000000f0000000, 0x00000000f0100800, 0x0000000100000000)
  region size 1024K, 153 young (156672K), 2 survivors (2048K)
 Metaspace       used 65118K, capacity 69848K, committed 69888K, reserved 1110016K
  class space    used 8396K, capacity 9199K, committed 9216K, reserved 1048576K
2022-09-12T02:26:14.548+0800: 337.466: [GC pause (G1 Evacuation Pause) (young) 192M->42786K(256M), 0.0053328 secs]
Heap after GC invocations=525 (full 0):
 garbage-first heap   total 262144K, used 42786K [0x00000000f0000000, 0x00000000f0100800, 0x0000000100000000)
  region size 1024K, 2 young (2048K), 2 survivors (2048K)
 Metaspace       used 65118K, capacity 69848K, committed 69888K, reserved 1110016K
  class space    used 8396K, capacity 9199K, committed 9216K, reserved 1048576K
}
{Heap before GC invocations=525 (full 0):
 garbage-first heap   total 262144K, used 197410K [0x00000000f0000000, 0x00000000f0100800, 0x0000000100000000)
  region size 1024K, 153 young (156672K), 2 survivors (2048K)
 Metaspace       used 65118K, capacity 69848K, committed 69888K, reserved 1110016K
  class space    used 8396K, capacity 9199K, committed 9216K, reserved 1048576K
2022-09-12T02:26:15.078+0800: 337.996: [GC pause (G1 Evacuation Pause) (young) 192M->42822K(256M), 0.0053092 secs]
Heap after GC invocations=526 (full 0):
 garbage-first heap   total 262144K, used 42822K [0x00000000f0000000, 0x00000000f0100800, 0x0000000100000000)
  region size 1024K, 2 young (2048K), 2 survivors (2048K)
 Metaspace       used 65118K, capacity 69848K, committed 69888K, reserved 1110016K
  class space    used 8396K, capacity 9199K, committed 9216K, reserved 1048576K
}
{Heap before GC invocations=526 (full 0):
 garbage-first heap   total 262144K, used 197446K [0x00000000f0000000, 0x00000000f0100800, 0x0000000100000000)
  region size 1024K, 153 young (156672K), 2 survivors (2048K)
 Metaspace       used 65118K, capacity 69848K, committed 69888K, reserved 1110016K
  class space    used 8396K, capacity 9199K, committed 9216K, reserved 1048576K
2022-09-12T02:26:15.607+0800: 338.525: [GC pause (G1 Evacuation Pause) (young) 192M->42562K(256M), 0.0054222 secs]
Heap after GC invocations=527 (full 0):
 garbage-first heap   total 262144K, used 42562K [0x00000000f0000000, 0x00000000f0100800, 0x0000000100000000)
  region size 1024K, 2 young (2048K), 2 survivors (2048K)
 Metaspace       used 65118K, capacity 69848K, committed 69888K, reserved 1110016K
  class space    used 8396K, capacity 9199K, committed 9216K, reserved 1048576K
}
{Heap before GC invocations=527 (full 0):
 garbage-first heap   total 262144K, used 197186K [0x00000000f0000000, 0x00000000f0100800, 0x0000000100000000)
  region size 1024K, 153 young (156672K), 2 survivors (2048K)
 Metaspace       used 65118K, capacity 69848K, committed 69888K, reserved 1110016K
  class space    used 8396K, capacity 9199K, committed 9216K, reserved 1048576K
2022-09-12T02:26:16.163+0800: 339.081: [GC pause (G1 Evacuation Pause) (young) 192M->42787K(256M), 0.0052617 secs]
Heap after GC invocations=528 (full 0):
 garbage-first heap   total 262144K, used 42787K [0x00000000f0000000, 0x00000000f0100800, 0x0000000100000000)
  region size 1024K, 2 young (2048K), 2 survivors (2048K)
 Metaspace       used 65118K, capacity 69848K, committed 69888K, reserved 1110016K
  class space    used 8396K, capacity 9199K, committed 9216K, reserved 1048576K
}
{Heap before GC invocations=528 (full 0):
 garbage-first heap   total 262144K, used 197411K [0x00000000f0000000, 0x00000000f0100800, 0x0000000100000000)
  region size 1024K, 153 young (156672K), 2 survivors (2048K)
 Metaspace       used 65118K, capacity 69848K, committed 69888K, reserved 1110016K
  class space    used 8396K, capacity 9199K, committed 9216K, reserved 1048576K
2022-09-12T02:26:16.692+0800: 339.610: [GC pause (G1 Evacuation Pause) (young) 192M->42398K(256M), 0.0052567 secs]
Heap after GC invocations=529 (full 0):
 garbage-first heap   total 262144K, used 42398K [0x00000000f0000000, 0x00000000f0100800, 0x0000000100000000)
  region size 1024K, 2 young (2048K), 2 survivors (2048K)
 Metaspace       used 65118K, capacity 69848K, committed 69888K, reserved 1110016K
  class space    used 8396K, capacity 9199K, committed 9216K, reserved 1048576K
}
{Heap before GC invocations=529 (full 0):
 garbage-first heap   total 262144K, used 197022K [0x00000000f0000000, 0x00000000f0100800, 0x0000000100000000)
  region size 1024K, 153 young (156672K), 2 survivors (2048K)
 Metaspace       used 65118K, capacity 69848K, committed 69888K, reserved 1110016K
  class space    used 8396K, capacity 9199K, committed 9216K, reserved 1048576K
2022-09-12T02:26:17.224+0800: 340.142: [GC pause (G1 Evacuation Pause) (young) 192M->42764K(256M), 0.0053602 secs]
Heap after GC invocations=530 (full 0):
 garbage-first heap   total 262144K, used 42764K [0x00000000f0000000, 0x00000000f0100800, 0x0000000100000000)
  region size 1024K, 2 young (2048K), 2 survivors (2048K)
 Metaspace       used 65118K, capacity 69848K, committed 69888K, reserved 1110016K
  class space    used 8396K, capacity 9199K, committed 9216K, reserved 1048576K
}
{Heap before GC invocations=530 (full 0):
 garbage-first heap   total 262144K, used 197388K [0x00000000f0000000, 0x00000000f0100800, 0x0000000100000000)
  region size 1024K, 153 young (156672K), 2 survivors (2048K)
 Metaspace       used 65118K, capacity 69848K, committed 69888K, reserved 1110016K
  class space    used 8396K, capacity 9199K, committed 9216K, reserved 1048576K
2022-09-12T02:26:17.756+0800: 340.674: [GC pause (G1 Evacuation Pause) (young) 192M->42828K(256M), 0.0053959 secs]
Heap after GC invocations=531 (full 0):
 garbage-first heap   total 262144K, used 42828K [0x00000000f0000000, 0x00000000f0100800, 0x0000000100000000)
  region size 1024K, 2 young (2048K), 2 survivors (2048K)
 Metaspace       used 65118K, capacity 69848K, committed 69888K, reserved 1110016K
  class space    used 8396K, capacity 9199K, committed 9216K, reserved 1048576K
}
{Heap before GC invocations=531 (full 0):
 garbage-first heap   total 262144K, used 197452K [0x00000000f0000000, 0x00000000f0100800, 0x0000000100000000)
  region size 1024K, 153 young (156672K), 2 survivors (2048K)
 Metaspace       used 65118K, capacity 69848K, committed 69888K, reserved 1110016K
  class space    used 8396K, capacity 9199K, committed 9216K, reserved 1048576K
2022-09-12T02:26:18.288+0800: 341.206: [GC pause (G1 Evacuation Pause) (young) 192M->42413K(256M), 0.0052733 secs]
Heap after GC invocations=532 (full 0):
 garbage-first heap   total 262144K, used 42413K [0x00000000f0000000, 0x00000000f0100800, 0x0000000100000000)
  region size 1024K, 2 young (2048K), 2 survivors (2048K)
 Metaspace       used 65118K, capacity 69848K, committed 69888K, reserved 1110016K
  class space    used 8396K, capacity 9199K, committed 9216K, reserved 1048576K
}
{Heap before GC invocations=532 (full 0):
 garbage-first heap   total 262144K, used 197037K [0x00000000f0000000, 0x00000000f0100800, 0x0000000100000000)
  region size 1024K, 153 young (156672K), 2 survivors (2048K)
 Metaspace       used 65118K, capacity 69848K, committed 69888K, reserved 1110016K
  class space    used 8396K, capacity 9199K, committed 9216K, reserved 1048576K
2022-09-12T02:26:18.819+0800: 341.737: [GC pause (G1 Evacuation Pause) (young) 192M->42795K(256M), 0.0053267 secs]
Heap after GC invocations=533 (full 0):
 garbage-first heap   total 262144K, used 42795K [0x00000000f0000000, 0x00000000f0100800, 0x0000000100000000)
  region size 1024K, 2 young (2048K), 2 survivors (2048K)
 Metaspace       used 65118K, capacity 69848K, committed 69888K, reserved 1110016K
  class space    used 8396K, capacity 9199K, committed 9216K, reserved 1048576K
}
{Heap before GC invocations=533 (full 0):
 garbage-first heap   total 262144K, used 197419K [0x00000000f0000000, 0x00000000f0100800, 0x0000000100000000)
  region size 1024K, 153 young (156672K), 2 survivors (2048K)
 Metaspace       used 65118K, capacity 69848K, committed 69888K, reserved 1110016K
  class space    used 8396K, capacity 9199K, committed 9216K, reserved 1048576K
2022-09-12T02:26:19.350+0800: 342.268: [GC pause (G1 Evacuation Pause) (young) 192M->42837K(256M), 0.0052101 secs]
Heap after GC invocations=534 (full 0):
 garbage-first heap   total 262144K, used 42837K [0x00000000f0000000, 0x00000000f0100800, 0x0000000100000000)
  region size 1024K, 2 young (2048K), 2 survivors (2048K)
 Metaspace       used 65118K, capacity 69848K, committed 69888K, reserved 1110016K
  class space    used 8396K, capacity 9199K, committed 9216K, reserved 1048576K
}
{Heap before GC invocations=534 (full 0):
 garbage-first heap   total 262144K, used 197461K [0x00000000f0000000, 0x00000000f0100800, 0x0000000100000000)
  region size 1024K, 153 young (156672K), 2 survivors (2048K)
 Metaspace       used 65118K, capacity 69848K, committed 69888K, reserved 1110016K
  class space    used 8396K, capacity 9199K, committed 9216K, reserved 1048576K
2022-09-12T02:26:19.891+0800: 342.809: [GC pause (G1 Evacuation Pause) (young) 192M->42421K(256M), 0.0053923 secs]
Heap after GC invocations=535 (full 0):
 garbage-first heap   total 262144K, used 42421K [0x00000000f0000000, 0x00000000f0100800, 0x0000000100000000)
  region size 1024K, 2 young (2048K), 2 survivors (2048K)
 Metaspace       used 65118K, capacity 69848K, committed 69888K, reserved 1110016K
  class space    used 8396K, capacity 9199K, committed 9216K, reserved 1048576K
}
{Heap before GC invocations=535 (full 0):
 garbage-first heap   total 262144K, used 197045K [0x00000000f0000000, 0x00000000f0100800, 0x0000000100000000)
  region size 1024K, 153 young (156672K), 2 survivors (2048K)
 Metaspace       used 65118K, capacity 69848K, committed 69888K, reserved 1110016K
  class space    used 8396K, capacity 9199K, committed 9216K, reserved 1048576K
2022-09-12T02:26:20.426+0800: 343.343: [GC pause (G1 Evacuation Pause) (young) 192M->42788K(256M), 0.0051942 secs]
Heap after GC invocations=536 (full 0):
 garbage-first heap   total 262144K, used 42788K [0x00000000f0000000, 0x00000000f0100800, 0x0000000100000000)
  region size 1024K, 2 young (2048K), 2 survivors (2048K)
 Metaspace       used 65118K, capacity 69848K, committed 69888K, reserved 1110016K
  class space    used 8396K, capacity 9199K, committed 9216K, reserved 1048576K
}
{Heap before GC invocations=536 (full 0):
 garbage-first heap   total 262144K, used 197412K [0x00000000f0000000, 0x00000000f0100800, 0x0000000100000000)
  region size 1024K, 153 young (156672K), 2 survivors (2048K)
 Metaspace       used 65118K, capacity 69848K, committed 69888K, reserved 1110016K
  class space    used 8396K, capacity 9199K, committed 9216K, reserved 1048576K
2022-09-12T02:26:20.957+0800: 343.875: [GC pause (G1 Evacuation Pause) (young) 192M->42832K(256M), 0.0053607 secs]
Heap after GC invocations=537 (full 0):
 garbage-first heap   total 262144K, used 42832K [0x00000000f0000000, 0x00000000f0100800, 0x0000000100000000)
  region size 1024K, 2 young (2048K), 2 survivors (2048K)
 Metaspace       used 65118K, capacity 69848K, committed 69888K, reserved 1110016K
  class space    used 8396K, capacity 9199K, committed 9216K, reserved 1048576K
}
{Heap before GC invocations=537 (full 0):
 garbage-first heap   total 262144K, used 197456K [0x00000000f0000000, 0x00000000f0100800, 0x0000000100000000)
  region size 1024K, 153 young (156672K), 2 survivors (2048K)
 Metaspace       used 65118K, capacity 69848K, committed 69888K, reserved 1110016K
  class space    used 8396K, capacity 9199K, committed 9216K, reserved 1048576K
2022-09-12T02:26:21.488+0800: 344.406: [GC pause (G1 Evacuation Pause) (young) 192M->42422K(256M), 0.0052021 secs]
Heap after GC invocations=538 (full 0):
 garbage-first heap   total 262144K, used 42422K [0x00000000f0000000, 0x00000000f0100800, 0x0000000100000000)
  region size 1024K, 2 young (2048K), 2 survivors (2048K)
 Metaspace       used 65118K, capacity 69848K, committed 69888K, reserved 1110016K
  class space    used 8396K, capacity 9199K, committed 9216K, reserved 1048576K
}
{Heap before GC invocations=538 (full 0):
 garbage-first heap   total 262144K, used 197046K [0x00000000f0000000, 0x00000000f0100800, 0x0000000100000000)
  region size 1024K, 153 young (156672K), 2 survivors (2048K)
 Metaspace       used 65118K, capacity 69848K, committed 69888K, reserved 1110016K
  class space    used 8396K, capacity 9199K, committed 9216K, reserved 1048576K
2022-09-12T02:26:22.019+0800: 344.937: [GC pause (G1 Evacuation Pause) (young) 192M->42780K(256M), 0.0053397 secs]
Heap after GC invocations=539 (full 0):
 garbage-first heap   total 262144K, used 42780K [0x00000000f0000000, 0x00000000f0100800, 0x0000000100000000)
  region size 1024K, 2 young (2048K), 2 survivors (2048K)
 Metaspace       used 65118K, capacity 69848K, committed 69888K, reserved 1110016K
  class space    used 8396K, capacity 9199K, committed 9216K, reserved 1048576K
}
{Heap before GC invocations=539 (full 0):
 garbage-first heap   total 262144K, used 197404K [0x00000000f0000000, 0x00000000f0100800, 0x0000000100000000)
  region size 1024K, 153 young (156672K), 2 survivors (2048K)
 Metaspace       used 65118K, capacity 69848K, committed 69888K, reserved 1110016K
  class space    used 8396K, capacity 9199K, committed 9216K, reserved 1048576K
2022-09-12T02:26:22.552+0800: 345.470: [GC pause (G1 Evacuation Pause) (young) 192M->42845K(256M), 0.0053868 secs]
Heap after GC invocations=540 (full 0):
 garbage-first heap   total 262144K, used 42845K [0x00000000f0000000, 0x00000000f0100800, 0x0000000100000000)
  region size 1024K, 2 young (2048K), 2 survivors (2048K)
 Metaspace       used 65118K, capacity 69848K, committed 69888K, reserved 1110016K
  class space    used 8396K, capacity 9199K, committed 9216K, reserved 1048576K
}
{Heap before GC invocations=540 (full 0):
 garbage-first heap   total 262144K, used 197469K [0x00000000f0000000, 0x00000000f0100800, 0x0000000100000000)
  region size 1024K, 153 young (156672K), 2 survivors (2048K)
 Metaspace       used 65118K, capacity 69848K, committed 69888K, reserved 1110016K
  class space    used 8396K, capacity 9199K, committed 9216K, reserved 1048576K
2022-09-12T02:26:23.084+0800: 346.002: [GC pause (G1 Evacuation Pause) (young) 192M->42426K(256M), 0.0052327 secs]
Heap after GC invocations=541 (full 0):
 garbage-first heap   total 262144K, used 42426K [0x00000000f0000000, 0x00000000f0100800, 0x0000000100000000)
  region size 1024K, 2 young (2048K), 2 survivors (2048K)
 Metaspace       used 65118K, capacity 69848K, committed 69888K, reserved 1110016K
  class space    used 8396K, capacity 9199K, committed 9216K, reserved 1048576K
}
{Heap before GC invocations=541 (full 0):
 garbage-first heap   total 262144K, used 197050K [0x00000000f0000000, 0x00000000f0100800, 0x0000000100000000)
  region size 1024K, 153 young (156672K), 2 survivors (2048K)
 Metaspace       used 65118K, capacity 69848K, committed 69888K, reserved 1110016K
  class space    used 8396K, capacity 9199K, committed 9216K, reserved 1048576K
2022-09-12T02:26:23.616+0800: 346.534: [GC pause (G1 Evacuation Pause) (young) 192M->42785K(256M), 0.0052616 secs]
Heap after GC invocations=542 (full 0):
 garbage-first heap   total 262144K, used 42785K [0x00000000f0000000, 0x00000000f0100800, 0x0000000100000000)
  region size 1024K, 2 young (2048K), 2 survivors (2048K)
 Metaspace       used 65118K, capacity 69848K, committed 69888K, reserved 1110016K
  class space    used 8396K, capacity 9199K, committed 9216K, reserved 1048576K
}
{Heap before GC invocations=542 (full 0):
 garbage-first heap   total 262144K, used 197409K [0x00000000f0000000, 0x00000000f0100800, 0x0000000100000000)
  region size 1024K, 153 young (156672K), 2 survivors (2048K)
 Metaspace       used 65118K, capacity 69848K, committed 69888K, reserved 1110016K
  class space    used 8396K, capacity 9199K, committed 9216K, reserved 1048576K
2022-09-12T02:26:24.155+0800: 347.073: [GC pause (G1 Evacuation Pause) (young) 192M->42838K(256M), 0.0053395 secs]
Heap after GC invocations=543 (full 0):
 garbage-first heap   total 262144K, used 42838K [0x00000000f0000000, 0x00000000f0100800, 0x0000000100000000)
  region size 1024K, 2 young (2048K), 2 survivors (2048K)
 Metaspace       used 65118K, capacity 69848K, committed 69888K, reserved 1110016K
  class space    used 8396K, capacity 9199K, committed 9216K, reserved 1048576K
}
{Heap before GC invocations=543 (full 0):
 garbage-first heap   total 262144K, used 197462K [0x00000000f0000000, 0x00000000f0100800, 0x0000000100000000)
  region size 1024K, 153 young (156672K), 2 survivors (2048K)
 Metaspace       used 65118K, capacity 69848K, committed 69888K, reserved 1110016K
  class space    used 8396K, capacity 9199K, committed 9216K, reserved 1048576K
2022-09-12T02:26:24.688+0800: 347.606: [GC pause (G1 Evacuation Pause) (young) 192M->42425K(256M), 0.0053347 secs]
Heap after GC invocations=544 (full 0):
 garbage-first heap   total 262144K, used 42425K [0x00000000f0000000, 0x00000000f0100800, 0x0000000100000000)
  region size 1024K, 2 young (2048K), 2 survivors (2048K)
 Metaspace       used 65118K, capacity 69848K, committed 69888K, reserved 1110016K
  class space    used 8396K, capacity 9199K, committed 9216K, reserved 1048576K
}
{Heap before GC invocations=544 (full 0):
 garbage-first heap   total 262144K, used 197049K [0x00000000f0000000, 0x00000000f0100800, 0x0000000100000000)
  region size 1024K, 153 young (156672K), 2 survivors (2048K)
 Metaspace       used 65118K, capacity 69848K, committed 69888K, reserved 1110016K
  class space    used 8396K, capacity 9199K, committed 9216K, reserved 1048576K
2022-09-12T02:26:25.220+0800: 348.138: [GC pause (G1 Evacuation Pause) (young) 192M->42790K(256M), 0.0051059 secs]
Heap after GC invocations=545 (full 0):
 garbage-first heap   total 262144K, used 42790K [0x00000000f0000000, 0x00000000f0100800, 0x0000000100000000)
  region size 1024K, 2 young (2048K), 2 survivors (2048K)
 Metaspace       used 65118K, capacity 69848K, committed 69888K, reserved 1110016K
  class space    used 8396K, capacity 9199K, committed 9216K, reserved 1048576K
}
{Heap before GC invocations=545 (full 0):
 garbage-first heap   total 262144K, used 197414K [0x00000000f0000000, 0x00000000f0100800, 0x0000000100000000)
  region size 1024K, 153 young (156672K), 2 survivors (2048K)
 Metaspace       used 65118K, capacity 69848K, committed 69888K, reserved 1110016K
  class space    used 8396K, capacity 9199K, committed 9216K, reserved 1048576K
2022-09-12T02:26:25.751+0800: 348.668: [GC pause (G1 Evacuation Pause) (young) 192M->42832K(256M), 0.0053319 secs]
Heap after GC invocations=546 (full 0):
 garbage-first heap   total 262144K, used 42832K [0x00000000f0000000, 0x00000000f0100800, 0x0000000100000000)
  region size 1024K, 2 young (2048K), 2 survivors (2048K)
 Metaspace       used 65118K, capacity 69848K, committed 69888K, reserved 1110016K
  class space    used 8396K, capacity 9199K, committed 9216K, reserved 1048576K
}
{Heap before GC invocations=546 (full 0):
 garbage-first heap   total 262144K, used 197456K [0x00000000f0000000, 0x00000000f0100800, 0x0000000100000000)
  region size 1024K, 153 young (156672K), 2 survivors (2048K)
 Metaspace       used 65118K, capacity 69848K, committed 69888K, reserved 1110016K
  class space    used 8396K, capacity 9199K, committed 9216K, reserved 1048576K
2022-09-12T02:26:26.279+0800: 349.197: [GC pause (G1 Evacuation Pause) (young) 192M->42424K(256M), 0.0052764 secs]
Heap after GC invocations=547 (full 0):
 garbage-first heap   total 262144K, used 42424K [0x00000000f0000000, 0x00000000f0100800, 0x0000000100000000)
  region size 1024K, 2 young (2048K), 2 survivors (2048K)
 Metaspace       used 65118K, capacity 69848K, committed 69888K, reserved 1110016K
  class space    used 8396K, capacity 9199K, committed 9216K, reserved 1048576K
}
{Heap before GC invocations=547 (full 0):
 garbage-first heap   total 262144K, used 197048K [0x00000000f0000000, 0x00000000f0100800, 0x0000000100000000)
  region size 1024K, 153 young (156672K), 2 survivors (2048K)
 Metaspace       used 65118K, capacity 69848K, committed 69888K, reserved 1110016K
  class space    used 8396K, capacity 9199K, committed 9216K, reserved 1048576K
2022-09-12T02:26:26.806+0800: 349.724: [GC pause (G1 Evacuation Pause) (young) 192M->42806K(256M), 0.0052919 secs]
Heap after GC invocations=548 (full 0):
 garbage-first heap   total 262144K, used 42806K [0x00000000f0000000, 0x00000000f0100800, 0x0000000100000000)
  region size 1024K, 2 young (2048K), 2 survivors (2048K)
 Metaspace       used 65118K, capacity 69848K, committed 69888K, reserved 1110016K
  class space    used 8396K, capacity 9199K, committed 9216K, reserved 1048576K
}
{Heap before GC invocations=548 (full 0):
 garbage-first heap   total 262144K, used 197430K [0x00000000f0000000, 0x00000000f0100800, 0x0000000100000000)
  region size 1024K, 153 young (156672K), 2 survivors (2048K)
 Metaspace       used 65118K, capacity 69848K, committed 69888K, reserved 1110016K
  class space    used 8396K, capacity 9199K, committed 9216K, reserved 1048576K
2022-09-12T02:26:27.338+0800: 350.256: [GC pause (G1 Evacuation Pause) (young) 192M->42864K(256M), 0.0051706 secs]
Heap after GC invocations=549 (full 0):
 garbage-first heap   total 262144K, used 42864K [0x00000000f0000000, 0x00000000f0100800, 0x0000000100000000)
  region size 1024K, 2 young (2048K), 2 survivors (2048K)
 Metaspace       used 65118K, capacity 69848K, committed 69888K, reserved 1110016K
  class space    used 8396K, capacity 9199K, committed 9216K, reserved 1048576K
}
{Heap before GC invocations=549 (full 0):
 garbage-first heap   total 262144K, used 197488K [0x00000000f0000000, 0x00000000f0100800, 0x0000000100000000)
  region size 1024K, 153 young (156672K), 2 survivors (2048K)
 Metaspace       used 65118K, capacity 69848K, committed 69888K, reserved 1110016K
  class space    used 8396K, capacity 9199K, committed 9216K, reserved 1048576K
2022-09-12T02:26:27.869+0800: 350.787: [GC pause (G1 Evacuation Pause) (young) 192M->42423K(256M), 0.0053558 secs]
Heap after GC invocations=550 (full 0):
 garbage-first heap   total 262144K, used 42423K [0x00000000f0000000, 0x00000000f0100800, 0x0000000100000000)
  region size 1024K, 2 young (2048K), 2 survivors (2048K)
 Metaspace       used 65118K, capacity 69848K, committed 69888K, reserved 1110016K
  class space    used 8396K, capacity 9199K, committed 9216K, reserved 1048576K
}
{Heap before GC invocations=550 (full 0):
 garbage-first heap   total 262144K, used 197047K [0x00000000f0000000, 0x00000000f0100800, 0x0000000100000000)
  region size 1024K, 153 young (156672K), 2 survivors (2048K)
 Metaspace       used 65118K, capacity 69848K, committed 69888K, reserved 1110016K
  class space    used 8396K, capacity 9199K, committed 9216K, reserved 1048576K
2022-09-12T02:26:28.410+0800: 351.328: [GC pause (G1 Evacuation Pause) (young) 192M->42780K(256M), 0.0054844 secs]
Heap after GC invocations=551 (full 0):
 garbage-first heap   total 262144K, used 42780K [0x00000000f0000000, 0x00000000f0100800, 0x0000000100000000)
  region size 1024K, 2 young (2048K), 2 survivors (2048K)
 Metaspace       used 65118K, capacity 69848K, committed 69888K, reserved 1110016K
  class space    used 8396K, capacity 9199K, committed 9216K, reserved 1048576K
}
{Heap before GC invocations=551 (full 0):
 garbage-first heap   total 262144K, used 197404K [0x00000000f0000000, 0x00000000f0100800, 0x0000000100000000)
  region size 1024K, 153 young (156672K), 2 survivors (2048K)
 Metaspace       used 65118K, capacity 69848K, committed 69888K, reserved 1110016K
  class space    used 8396K, capacity 9199K, committed 9216K, reserved 1048576K
2022-09-12T02:26:28.943+0800: 351.861: [GC pause (G1 Evacuation Pause) (young) 192M->42838K(256M), 0.0053648 secs]
Heap after GC invocations=552 (full 0):
 garbage-first heap   total 262144K, used 42838K [0x00000000f0000000, 0x00000000f0100800, 0x0000000100000000)
  region size 1024K, 2 young (2048K), 2 survivors (2048K)
 Metaspace       used 65118K, capacity 69848K, committed 69888K, reserved 1110016K
  class space    used 8396K, capacity 9199K, committed 9216K, reserved 1048576K
}
{Heap before GC invocations=552 (full 0):
 garbage-first heap   total 262144K, used 197462K [0x00000000f0000000, 0x00000000f0100800, 0x0000000100000000)
  region size 1024K, 153 young (156672K), 2 survivors (2048K)
 Metaspace       used 65118K, capacity 69848K, committed 69888K, reserved 1110016K
  class space    used 8396K, capacity 9199K, committed 9216K, reserved 1048576K
2022-09-12T02:26:29.475+0800: 352.393: [GC pause (G1 Evacuation Pause) (young) 192M->42426K(256M), 0.0052025 secs]
Heap after GC invocations=553 (full 0):
 garbage-first heap   total 262144K, used 42426K [0x00000000f0000000, 0x00000000f0100800, 0x0000000100000000)
  region size 1024K, 2 young (2048K), 2 survivors (2048K)
 Metaspace       used 65118K, capacity 69848K, committed 69888K, reserved 1110016K
  class space    used 8396K, capacity 9199K, committed 9216K, reserved 1048576K
}
{Heap before GC invocations=553 (full 0):
 garbage-first heap   total 262144K, used 197050K [0x00000000f0000000, 0x00000000f0100800, 0x0000000100000000)
  region size 1024K, 153 young (156672K), 2 survivors (2048K)
 Metaspace       used 65118K, capacity 69848K, committed 69888K, reserved 1110016K
  class space    used 8396K, capacity 9199K, committed 9216K, reserved 1048576K
2022-09-12T02:26:30.008+0800: 352.925: [GC pause (G1 Evacuation Pause) (young) 192M->42779K(256M), 0.0054652 secs]
Heap after GC invocations=554 (full 0):
 garbage-first heap   total 262144K, used 42779K [0x00000000f0000000, 0x00000000f0100800, 0x0000000100000000)
  region size 1024K, 2 young (2048K), 2 survivors (2048K)
 Metaspace       used 65118K, capacity 69848K, committed 69888K, reserved 1110016K
  class space    used 8396K, capacity 9199K, committed 9216K, reserved 1048576K
}
{Heap before GC invocations=554 (full 0):
 garbage-first heap   total 262144K, used 197403K [0x00000000f0000000, 0x00000000f0100800, 0x0000000100000000)
  region size 1024K, 153 young (156672K), 2 survivors (2048K)
 Metaspace       used 65118K, capacity 69848K, committed 69888K, reserved 1110016K
  class space    used 8396K, capacity 9199K, committed 9216K, reserved 1048576K
2022-09-12T02:26:30.539+0800: 353.456: [GC pause (G1 Evacuation Pause) (young) 192M->42843K(256M), 0.0053944 secs]
Heap after GC invocations=555 (full 0):
 garbage-first heap   total 262144K, used 42843K [0x00000000f0000000, 0x00000000f0100800, 0x0000000100000000)
  region size 1024K, 2 young (2048K), 2 survivors (2048K)
 Metaspace       used 65118K, capacity 69848K, committed 69888K, reserved 1110016K
  class space    used 8396K, capacity 9199K, committed 9216K, reserved 1048576K
}
{Heap before GC invocations=555 (full 0):
 garbage-first heap   total 262144K, used 197467K [0x00000000f0000000, 0x00000000f0100800, 0x0000000100000000)
  region size 1024K, 153 young (156672K), 2 survivors (2048K)
 Metaspace       used 65118K, capacity 69848K, committed 69888K, reserved 1110016K
  class space    used 8396K, capacity 9199K, committed 9216K, reserved 1048576K
2022-09-12T02:26:31.079+0800: 353.997: [GC pause (G1 Evacuation Pause) (young) 192M->42426K(256M), 0.0052120 secs]
Heap after GC invocations=556 (full 0):
 garbage-first heap   total 262144K, used 42426K [0x00000000f0000000, 0x00000000f0100800, 0x0000000100000000)
  region size 1024K, 2 young (2048K), 2 survivors (2048K)
 Metaspace       used 65118K, capacity 69848K, committed 69888K, reserved 1110016K
  class space    used 8396K, capacity 9199K, committed 9216K, reserved 1048576K
}
{Heap before GC invocations=556 (full 0):
 garbage-first heap   total 262144K, used 197050K [0x00000000f0000000, 0x00000000f0100800, 0x0000000100000000)
  region size 1024K, 153 young (156672K), 2 survivors (2048K)
 Metaspace       used 65118K, capacity 69848K, committed 69888K, reserved 1110016K
  class space    used 8396K, capacity 9199K, committed 9216K, reserved 1048576K
2022-09-12T02:26:31.607+0800: 354.525: [GC pause (G1 Evacuation Pause) (young) 192M->42795K(256M), 0.0053725 secs]
Heap after GC invocations=557 (full 0):
 garbage-first heap   total 262144K, used 42795K [0x00000000f0000000, 0x00000000f0100800, 0x0000000100000000)
  region size 1024K, 2 young (2048K), 2 survivors (2048K)
 Metaspace       used 65118K, capacity 69848K, committed 69888K, reserved 1110016K
  class space    used 8396K, capacity 9199K, committed 9216K, reserved 1048576K
}
{Heap before GC invocations=557 (full 0):
 garbage-first heap   total 262144K, used 197419K [0x00000000f0000000, 0x00000000f0100800, 0x0000000100000000)
  region size 1024K, 153 young (156672K), 2 survivors (2048K)
 Metaspace       used 65118K, capacity 69848K, committed 69888K, reserved 1110016K
  class space    used 8396K, capacity 9199K, committed 9216K, reserved 1048576K
2022-09-12T02:26:32.146+0800: 355.064: [GC pause (G1 Evacuation Pause) (young) 192M->42835K(256M), 0.0054110 secs]
Heap after GC invocations=558 (full 0):
 garbage-first heap   total 262144K, used 42835K [0x00000000f0000000, 0x00000000f0100800, 0x0000000100000000)
  region size 1024K, 2 young (2048K), 2 survivors (2048K)
 Metaspace       used 65118K, capacity 69848K, committed 69888K, reserved 1110016K
  class space    used 8396K, capacity 9199K, committed 9216K, reserved 1048576K
}
{Heap before GC invocations=558 (full 0):
 garbage-first heap   total 262144K, used 197459K [0x00000000f0000000, 0x00000000f0100800, 0x0000000100000000)
  region size 1024K, 153 young (156672K), 2 survivors (2048K)
 Metaspace       used 65118K, capacity 69848K, committed 69888K, reserved 1110016K
  class space    used 8396K, capacity 9199K, committed 9216K, reserved 1048576K
2022-09-12T02:26:32.675+0800: 355.593: [GC pause (G1 Evacuation Pause) (young) 192M->42427K(256M), 0.0052178 secs]
Heap after GC invocations=559 (full 0):
 garbage-first heap   total 262144K, used 42427K [0x00000000f0000000, 0x00000000f0100800, 0x0000000100000000)
  region size 1024K, 2 young (2048K), 2 survivors (2048K)
 Metaspace       used 65118K, capacity 69848K, committed 69888K, reserved 1110016K
  class space    used 8396K, capacity 9199K, committed 9216K, reserved 1048576K
}
{Heap before GC invocations=559 (full 0):
 garbage-first heap   total 262144K, used 197051K [0x00000000f0000000, 0x00000000f0100800, 0x0000000100000000)
  region size 1024K, 153 young (156672K), 2 survivors (2048K)
 Metaspace       used 65118K, capacity 69848K, committed 69888K, reserved 1110016K
  class space    used 8396K, capacity 9199K, committed 9216K, reserved 1048576K
2022-09-12T02:26:33.206+0800: 356.123: [GC pause (G1 Evacuation Pause) (young) 192M->42795K(256M), 0.0053189 secs]
Heap after GC invocations=560 (full 0):
 garbage-first heap   total 262144K, used 42795K [0x00000000f0000000, 0x00000000f0100800, 0x0000000100000000)
  region size 1024K, 2 young (2048K), 2 survivors (2048K)
 Metaspace       used 65118K, capacity 69848K, committed 69888K, reserved 1110016K
  class space    used 8396K, capacity 9199K, committed 9216K, reserved 1048576K
}
{Heap before GC invocations=560 (full 0):
 garbage-first heap   total 262144K, used 197419K [0x00000000f0000000, 0x00000000f0100800, 0x0000000100000000)
  region size 1024K, 153 young (156672K), 2 survivors (2048K)
 Metaspace       used 65118K, capacity 69848K, committed 69888K, reserved 1110016K
  class space    used 8396K, capacity 9199K, committed 9216K, reserved 1048576K
2022-09-12T02:26:33.736+0800: 356.653: [GC pause (G1 Evacuation Pause) (young) 192M->42843K(256M), 0.0052708 secs]
Heap after GC invocations=561 (full 0):
 garbage-first heap   total 262144K, used 42843K [0x00000000f0000000, 0x00000000f0100800, 0x0000000100000000)
  region size 1024K, 2 young (2048K), 2 survivors (2048K)
 Metaspace       used 65118K, capacity 69848K, committed 69888K, reserved 1110016K
  class space    used 8396K, capacity 9199K, committed 9216K, reserved 1048576K
}
{Heap before GC invocations=561 (full 0):
 garbage-first heap   total 262144K, used 197467K [0x00000000f0000000, 0x00000000f0100800, 0x0000000100000000)
  region size 1024K, 153 young (156672K), 2 survivors (2048K)
 Metaspace       used 65118K, capacity 69848K, committed 69888K, reserved 1110016K
  class space    used 8396K, capacity 9199K, committed 9216K, reserved 1048576K
2022-09-12T02:26:34.265+0800: 357.183: [GC pause (G1 Evacuation Pause) (young) 192M->42428K(256M), 0.0051956 secs]
Heap after GC invocations=562 (full 0):
 garbage-first heap   total 262144K, used 42428K [0x00000000f0000000, 0x00000000f0100800, 0x0000000100000000)
  region size 1024K, 2 young (2048K), 2 survivors (2048K)
 Metaspace       used 65118K, capacity 69848K, committed 69888K, reserved 1110016K
  class space    used 8396K, capacity 9199K, committed 9216K, reserved 1048576K
}
{Heap before GC invocations=562 (full 0):
 garbage-first heap   total 262144K, used 197052K [0x00000000f0000000, 0x00000000f0100800, 0x0000000100000000)
  region size 1024K, 153 young (156672K), 2 survivors (2048K)
 Metaspace       used 65118K, capacity 69848K, committed 69888K, reserved 1110016K
  class space    used 8396K, capacity 9199K, committed 9216K, reserved 1048576K
2022-09-12T02:26:34.794+0800: 357.712: [GC pause (G1 Evacuation Pause) (young) 192M->42787K(256M), 0.0052213 secs]
Heap after GC invocations=563 (full 0):
 garbage-first heap   total 262144K, used 42787K [0x00000000f0000000, 0x00000000f0100800, 0x0000000100000000)
  region size 1024K, 2 young (2048K), 2 survivors (2048K)
 Metaspace       used 65118K, capacity 69848K, committed 69888K, reserved 1110016K
  class space    used 8396K, capacity 9199K, committed 9216K, reserved 1048576K
}
{Heap before GC invocations=563 (full 0):
 garbage-first heap   total 262144K, used 197411K [0x00000000f0000000, 0x00000000f0100800, 0x0000000100000000)
  region size 1024K, 153 young (156672K), 2 survivors (2048K)
 Metaspace       used 65118K, capacity 69848K, committed 69888K, reserved 1110016K
  class space    used 8396K, capacity 9199K, committed 9216K, reserved 1048576K
2022-09-12T02:26:35.324+0800: 358.242: [GC pause (G1 Evacuation Pause) (young) 192M->42862K(256M), 0.0052363 secs]
Heap after GC invocations=564 (full 0):
 garbage-first heap   total 262144K, used 42862K [0x00000000f0000000, 0x00000000f0100800, 0x0000000100000000)
  region size 1024K, 2 young (2048K), 2 survivors (2048K)
 Metaspace       used 65118K, capacity 69848K, committed 69888K, reserved 1110016K
  class space    used 8396K, capacity 9199K, committed 9216K, reserved 1048576K
}
{Heap before GC invocations=564 (full 0):
 garbage-first heap   total 262144K, used 197486K [0x00000000f0000000, 0x00000000f0100800, 0x0000000100000000)
  region size 1024K, 153 young (156672K), 2 survivors (2048K)
 Metaspace       used 65118K, capacity 69848K, committed 69888K, reserved 1110016K
  class space    used 8396K, capacity 9199K, committed 9216K, reserved 1048576K
2022-09-12T02:26:35.854+0800: 358.772: [GC pause (G1 Evacuation Pause) (young) 192M->42437K(256M), 0.0052996 secs]
Heap after GC invocations=565 (full 0):
 garbage-first heap   total 262144K, used 42437K [0x00000000f0000000, 0x00000000f0100800, 0x0000000100000000)
  region size 1024K, 2 young (2048K), 2 survivors (2048K)
 Metaspace       used 65118K, capacity 69848K, committed 69888K, reserved 1110016K
  class space    used 8396K, capacity 9199K, committed 9216K, reserved 1048576K
}
{Heap before GC invocations=565 (full 0):
 garbage-first heap   total 262144K, used 197061K [0x00000000f0000000, 0x00000000f0100800, 0x0000000100000000)
  region size 1024K, 153 young (156672K), 2 survivors (2048K)
 Metaspace       used 65118K, capacity 69848K, committed 69888K, reserved 1110016K
  class space    used 8396K, capacity 9199K, committed 9216K, reserved 1048576K
2022-09-12T02:26:36.399+0800: 359.317: [GC pause (G1 Evacuation Pause) (young) 192M->42799K(256M), 0.0051652 secs]
Heap after GC invocations=566 (full 0):
 garbage-first heap   total 262144K, used 42799K [0x00000000f0000000, 0x00000000f0100800, 0x0000000100000000)
  region size 1024K, 2 young (2048K), 2 survivors (2048K)
 Metaspace       used 65118K, capacity 69848K, committed 69888K, reserved 1110016K
  class space    used 8396K, capacity 9199K, committed 9216K, reserved 1048576K
}
{Heap before GC invocations=566 (full 0):
 garbage-first heap   total 262144K, used 197423K [0x00000000f0000000, 0x00000000f0100800, 0x0000000100000000)
  region size 1024K, 153 young (156672K), 2 survivors (2048K)
 Metaspace       used 65118K, capacity 69848K, committed 69888K, reserved 1110016K
  class space    used 8396K, capacity 9199K, committed 9216K, reserved 1048576K
2022-09-12T02:26:36.929+0800: 359.847: [GC pause (G1 Evacuation Pause) (young) 192M->42859K(256M), 0.0052199 secs]
Heap after GC invocations=567 (full 0):
 garbage-first heap   total 262144K, used 42859K [0x00000000f0000000, 0x00000000f0100800, 0x0000000100000000)
  region size 1024K, 2 young (2048K), 2 survivors (2048K)
 Metaspace       used 65118K, capacity 69848K, committed 69888K, reserved 1110016K
  class space    used 8396K, capacity 9199K, committed 9216K, reserved 1048576K
}
{Heap before GC invocations=567 (full 0):
 garbage-first heap   total 262144K, used 197483K [0x00000000f0000000, 0x00000000f0100800, 0x0000000100000000)
  region size 1024K, 153 young (156672K), 2 survivors (2048K)
 Metaspace       used 65118K, capacity 69848K, committed 69888K, reserved 1110016K
  class space    used 8396K, capacity 9199K, committed 9216K, reserved 1048576K
2022-09-12T02:26:37.460+0800: 360.378: [GC pause (G1 Evacuation Pause) (young) 192M->42432K(256M), 0.0052129 secs]
Heap after GC invocations=568 (full 0):
 garbage-first heap   total 262144K, used 42432K [0x00000000f0000000, 0x00000000f0100800, 0x0000000100000000)
  region size 1024K, 2 young (2048K), 2 survivors (2048K)
 Metaspace       used 65118K, capacity 69848K, committed 69888K, reserved 1110016K
  class space    used 8396K, capacity 9199K, committed 9216K, reserved 1048576K
}
{Heap before GC invocations=568 (full 0):
 garbage-first heap   total 262144K, used 197056K [0x00000000f0000000, 0x00000000f0100800, 0x0000000100000000)
  region size 1024K, 153 young (156672K), 2 survivors (2048K)
 Metaspace       used 65118K, capacity 69848K, committed 69888K, reserved 1110016K
  class space    used 8396K, capacity 9199K, committed 9216K, reserved 1048576K
2022-09-12T02:26:37.990+0800: 360.908: [GC pause (G1 Evacuation Pause) (young) 192M->42799K(256M), 0.0052625 secs]
Heap after GC invocations=569 (full 0):
 garbage-first heap   total 262144K, used 42799K [0x00000000f0000000, 0x00000000f0100800, 0x0000000100000000)
  region size 1024K, 2 young (2048K), 2 survivors (2048K)
 Metaspace       used 65118K, capacity 69848K, committed 69888K, reserved 1110016K
  class space    used 8396K, capacity 9199K, committed 9216K, reserved 1048576K
}
{Heap before GC invocations=569 (full 0):
 garbage-first heap   total 262144K, used 197423K [0x00000000f0000000, 0x00000000f0100800, 0x0000000100000000)
  region size 1024K, 153 young (156672K), 2 survivors (2048K)
 Metaspace       used 65118K, capacity 69848K, committed 69888K, reserved 1110016K
  class space    used 8396K, capacity 9199K, committed 9216K, reserved 1048576K
2022-09-12T02:26:38.520+0800: 361.438: [GC pause (G1 Evacuation Pause) (young) 192M->42859K(256M), 0.0054100 secs]
Heap after GC invocations=570 (full 0):
 garbage-first heap   total 262144K, used 42859K [0x00000000f0000000, 0x00000000f0100800, 0x0000000100000000)
  region size 1024K, 2 young (2048K), 2 survivors (2048K)
 Metaspace       used 65118K, capacity 69848K, committed 69888K, reserved 1110016K
  class space    used 8396K, capacity 9199K, committed 9216K, reserved 1048576K
}
{Heap before GC invocations=570 (full 0):
 garbage-first heap   total 262144K, used 197483K [0x00000000f0000000, 0x00000000f0100800, 0x0000000100000000)
  region size 1024K, 153 young (156672K), 2 survivors (2048K)
 Metaspace       used 65118K, capacity 69848K, committed 69888K, reserved 1110016K
  class space    used 8396K, capacity 9199K, committed 9216K, reserved 1048576K
2022-09-12T02:26:39.052+0800: 361.970: [GC pause (G1 Evacuation Pause) (young) 192M->42430K(256M), 0.0053181 secs]
Heap after GC invocations=571 (full 0):
 garbage-first heap   total 262144K, used 42430K [0x00000000f0000000, 0x00000000f0100800, 0x0000000100000000)
  region size 1024K, 2 young (2048K), 2 survivors (2048K)
 Metaspace       used 65118K, capacity 69848K, committed 69888K, reserved 1110016K
  class space    used 8396K, capacity 9199K, committed 9216K, reserved 1048576K
}
{Heap before GC invocations=571 (full 0):
 garbage-first heap   total 262144K, used 197054K [0x00000000f0000000, 0x00000000f0100800, 0x0000000100000000)
  region size 1024K, 153 young (156672K), 2 survivors (2048K)
 Metaspace       used 65118K, capacity 69848K, committed 69888K, reserved 1110016K
  class space    used 8396K, capacity 9199K, committed 9216K, reserved 1048576K
2022-09-12T02:26:39.582+0800: 362.500: [GC pause (G1 Evacuation Pause) (young) 192M->42798K(256M), 0.0052245 secs]
Heap after GC invocations=572 (full 0):
 garbage-first heap   total 262144K, used 42798K [0x00000000f0000000, 0x00000000f0100800, 0x0000000100000000)
  region size 1024K, 2 young (2048K), 2 survivors (2048K)
 Metaspace       used 65118K, capacity 69848K, committed 69888K, reserved 1110016K
  class space    used 8396K, capacity 9199K, committed 9216K, reserved 1048576K
}
{Heap before GC invocations=572 (full 0):
 garbage-first heap   total 262144K, used 197422K [0x00000000f0000000, 0x00000000f0100800, 0x0000000100000000)
  region size 1024K, 153 young (156672K), 2 survivors (2048K)
 Metaspace       used 65118K, capacity 69848K, committed 69888K, reserved 1110016K
  class space    used 8396K, capacity 9199K, committed 9216K, reserved 1048576K
2022-09-12T02:26:40.129+0800: 363.047: [GC pause (G1 Evacuation Pause) (young) 192M->42852K(256M), 0.0053823 secs]
Heap after GC invocations=573 (full 0):
 garbage-first heap   total 262144K, used 42852K [0x00000000f0000000, 0x00000000f0100800, 0x0000000100000000)
  region size 1024K, 2 young (2048K), 2 survivors (2048K)
 Metaspace       used 65118K, capacity 69848K, committed 69888K, reserved 1110016K
  class space    used 8396K, capacity 9199K, committed 9216K, reserved 1048576K
}
{Heap before GC invocations=573 (full 0):
 garbage-first heap   total 262144K, used 197476K [0x00000000f0000000, 0x00000000f0100800, 0x0000000100000000)
  region size 1024K, 153 young (156672K), 2 survivors (2048K)
 Metaspace       used 65118K, capacity 69848K, committed 69888K, reserved 1110016K
  class space    used 8396K, capacity 9199K, committed 9216K, reserved 1048576K
2022-09-12T02:26:40.659+0800: 363.577: [GC pause (G1 Evacuation Pause) (young) 192M->42578K(256M), 0.0053343 secs]
Heap after GC invocations=574 (full 0):
 garbage-first heap   total 262144K, used 42578K [0x00000000f0000000, 0x00000000f0100800, 0x0000000100000000)
  region size 1024K, 2 young (2048K), 2 survivors (2048K)
 Metaspace       used 65118K, capacity 69848K, committed 69888K, reserved 1110016K
  class space    used 8396K, capacity 9199K, committed 9216K, reserved 1048576K
}
{Heap before GC invocations=574 (full 0):
 garbage-first heap   total 262144K, used 197202K [0x00000000f0000000, 0x00000000f0100800, 0x0000000100000000)
  region size 1024K, 153 young (156672K), 2 survivors (2048K)
 Metaspace       used 65118K, capacity 69848K, committed 69888K, reserved 1110016K
  class space    used 8396K, capacity 9199K, committed 9216K, reserved 1048576K
2022-09-12T02:26:41.191+0800: 364.108: [GC pause (G1 Evacuation Pause) (young) 192M->42800K(256M), 0.0054678 secs]
Heap after GC invocations=575 (full 0):
 garbage-first heap   total 262144K, used 42800K [0x00000000f0000000, 0x00000000f0100800, 0x0000000100000000)
  region size 1024K, 2 young (2048K), 2 survivors (2048K)
 Metaspace       used 65118K, capacity 69848K, committed 69888K, reserved 1110016K
  class space    used 8396K, capacity 9199K, committed 9216K, reserved 1048576K
}
{Heap before GC invocations=575 (full 0):
 garbage-first heap   total 262144K, used 197424K [0x00000000f0000000, 0x00000000f0100800, 0x0000000100000000)
  region size 1024K, 153 young (156672K), 2 survivors (2048K)
 Metaspace       used 65119K, capacity 69848K, committed 69888K, reserved 1110016K
  class space    used 8396K, capacity 9199K, committed 9216K, reserved 1048576K
2022-09-12T02:26:41.724+0800: 364.642: [GC pause (G1 Evacuation Pause) (young) 192M->42855K(256M), 0.0052645 secs]
Heap after GC invocations=576 (full 0):
 garbage-first heap   total 262144K, used 42855K [0x00000000f0000000, 0x00000000f0100800, 0x0000000100000000)
  region size 1024K, 2 young (2048K), 2 survivors (2048K)
 Metaspace       used 65119K, capacity 69848K, committed 69888K, reserved 1110016K
  class space    used 8396K, capacity 9199K, committed 9216K, reserved 1048576K
}
{Heap before GC invocations=576 (full 0):
 garbage-first heap   total 262144K, used 197479K [0x00000000f0000000, 0x00000000f0100800, 0x0000000100000000)
  region size 1024K, 153 young (156672K), 2 survivors (2048K)
 Metaspace       used 65119K, capacity 69848K, committed 69888K, reserved 1110016K
  class space    used 8396K, capacity 9199K, committed 9216K, reserved 1048576K
2022-09-12T02:26:42.259+0800: 365.177: [GC pause (G1 Evacuation Pause) (young) 192M->42432K(256M), 0.0052199 secs]
Heap after GC invocations=577 (full 0):
 garbage-first heap   total 262144K, used 42432K [0x00000000f0000000, 0x00000000f0100800, 0x0000000100000000)
  region size 1024K, 2 young (2048K), 2 survivors (2048K)
 Metaspace       used 65119K, capacity 69848K, committed 69888K, reserved 1110016K
  class space    used 8396K, capacity 9199K, committed 9216K, reserved 1048576K
}
{Heap before GC invocations=577 (full 0):
 garbage-first heap   total 262144K, used 197056K [0x00000000f0000000, 0x00000000f0100800, 0x0000000100000000)
  region size 1024K, 153 young (156672K), 2 survivors (2048K)
 Metaspace       used 65119K, capacity 69848K, committed 69888K, reserved 1110016K
  class space    used 8396K, capacity 9199K, committed 9216K, reserved 1048576K
2022-09-12T02:26:42.793+0800: 365.711: [GC pause (G1 Evacuation Pause) (young) 192M->42788K(256M), 0.0055147 secs]
Heap after GC invocations=578 (full 0):
 garbage-first heap   total 262144K, used 42788K [0x00000000f0000000, 0x00000000f0100800, 0x0000000100000000)
  region size 1024K, 2 young (2048K), 2 survivors (2048K)
 Metaspace       used 65119K, capacity 69848K, committed 69888K, reserved 1110016K
  class space    used 8396K, capacity 9199K, committed 9216K, reserved 1048576K
}
{Heap before GC invocations=578 (full 0):
 garbage-first heap   total 262144K, used 197412K [0x00000000f0000000, 0x00000000f0100800, 0x0000000100000000)
  region size 1024K, 153 young (156672K), 2 survivors (2048K)
 Metaspace       used 65119K, capacity 69848K, committed 69888K, reserved 1110016K
  class space    used 8396K, capacity 9199K, committed 9216K, reserved 1048576K
2022-09-12T02:26:43.325+0800: 366.243: [GC pause (G1 Evacuation Pause) (young) 192M->42853K(256M), 0.0053538 secs]
Heap after GC invocations=579 (full 0):
 garbage-first heap   total 262144K, used 42853K [0x00000000f0000000, 0x00000000f0100800, 0x0000000100000000)
  region size 1024K, 2 young (2048K), 2 survivors (2048K)
 Metaspace       used 65119K, capacity 69848K, committed 69888K, reserved 1110016K
  class space    used 8396K, capacity 9199K, committed 9216K, reserved 1048576K
}
{Heap before GC invocations=579 (full 0):
 garbage-first heap   total 262144K, used 197477K [0x00000000f0000000, 0x00000000f0100800, 0x0000000100000000)
  region size 1024K, 153 young (156672K), 2 survivors (2048K)
 Metaspace       used 65119K, capacity 69848K, committed 69888K, reserved 1110016K
  class space    used 8396K, capacity 9199K, committed 9216K, reserved 1048576K
2022-09-12T02:26:43.856+0800: 366.774: [GC pause (G1 Evacuation Pause) (young) 192M->42435K(256M), 0.0053050 secs]
Heap after GC invocations=580 (full 0):
 garbage-first heap   total 262144K, used 42435K [0x00000000f0000000, 0x00000000f0100800, 0x0000000100000000)
  region size 1024K, 2 young (2048K), 2 survivors (2048K)
 Metaspace       used 65119K, capacity 69848K, committed 69888K, reserved 1110016K
  class space    used 8396K, capacity 9199K, committed 9216K, reserved 1048576K
}
{Heap before GC invocations=580 (full 0):
 garbage-first heap   total 262144K, used 197059K [0x00000000f0000000, 0x00000000f0100800, 0x0000000100000000)
  region size 1024K, 153 young (156672K), 2 survivors (2048K)
 Metaspace       used 65119K, capacity 69848K, committed 69888K, reserved 1110016K
  class space    used 8396K, capacity 9199K, committed 9216K, reserved 1048576K
2022-09-12T02:26:44.401+0800: 367.319: [GC pause (G1 Evacuation Pause) (young) 192M->42801K(256M), 0.0052047 secs]
Heap after GC invocations=581 (full 0):
 garbage-first heap   total 262144K, used 42801K [0x00000000f0000000, 0x00000000f0100800, 0x0000000100000000)
  region size 1024K, 2 young (2048K), 2 survivors (2048K)
 Metaspace       used 65119K, capacity 69848K, committed 69888K, reserved 1110016K
  class space    used 8396K, capacity 9199K, committed 9216K, reserved 1048576K
}
{Heap before GC invocations=581 (full 0):
 garbage-first heap   total 262144K, used 197425K [0x00000000f0000000, 0x00000000f0100800, 0x0000000100000000)
  region size 1024K, 153 young (156672K), 2 survivors (2048K)
 Metaspace       used 65119K, capacity 69848K, committed 69888K, reserved 1110016K
  class space    used 8396K, capacity 9199K, committed 9216K, reserved 1048576K
2022-09-12T02:26:44.932+0800: 367.850: [GC pause (G1 Evacuation Pause) (young) 192M->42847K(256M), 0.0054161 secs]
Heap after GC invocations=582 (full 0):
 garbage-first heap   total 262144K, used 42847K [0x00000000f0000000, 0x00000000f0100800, 0x0000000100000000)
  region size 1024K, 2 young (2048K), 2 survivors (2048K)
 Metaspace       used 65119K, capacity 69848K, committed 69888K, reserved 1110016K
  class space    used 8396K, capacity 9199K, committed 9216K, reserved 1048576K
}
{Heap before GC invocations=582 (full 0):
 garbage-first heap   total 262144K, used 197471K [0x00000000f0000000, 0x00000000f0100800, 0x0000000100000000)
  region size 1024K, 153 young (156672K), 2 survivors (2048K)
 Metaspace       used 65119K, capacity 69848K, committed 69888K, reserved 1110016K
  class space    used 8396K, capacity 9199K, committed 9216K, reserved 1048576K
2022-09-12T02:26:45.465+0800: 368.383: [GC pause (G1 Evacuation Pause) (young) 192M->42436K(256M), 0.0053107 secs]
Heap after GC invocations=583 (full 0):
 garbage-first heap   total 262144K, used 42436K [0x00000000f0000000, 0x00000000f0100800, 0x0000000100000000)
  region size 1024K, 2 young (2048K), 2 survivors (2048K)
 Metaspace       used 65119K, capacity 69848K, committed 69888K, reserved 1110016K
  class space    used 8396K, capacity 9199K, committed 9216K, reserved 1048576K
}
{Heap before GC invocations=583 (full 0):
 garbage-first heap   total 262144K, used 197060K [0x00000000f0000000, 0x00000000f0100800, 0x0000000100000000)
  region size 1024K, 153 young (156672K), 2 survivors (2048K)
 Metaspace       used 65119K, capacity 69848K, committed 69888K, reserved 1110016K
  class space    used 8396K, capacity 9199K, committed 9216K, reserved 1048576K
2022-09-12T02:26:46.003+0800: 368.921: [GC pause (G1 Evacuation Pause) (young) 192M->42802K(256M), 0.0054440 secs]
Heap after GC invocations=584 (full 0):
 garbage-first heap   total 262144K, used 42802K [0x00000000f0000000, 0x00000000f0100800, 0x0000000100000000)
  region size 1024K, 2 young (2048K), 2 survivors (2048K)
 Metaspace       used 65119K, capacity 69848K, committed 69888K, reserved 1110016K
  class space    used 8396K, capacity 9199K, committed 9216K, reserved 1048576K
}
{Heap before GC invocations=584 (full 0):
 garbage-first heap   total 262144K, used 197426K [0x00000000f0000000, 0x00000000f0100800, 0x0000000100000000)
  region size 1024K, 153 young (156672K), 2 survivors (2048K)
 Metaspace       used 65119K, capacity 69848K, committed 69888K, reserved 1110016K
  class space    used 8396K, capacity 9199K, committed 9216K, reserved 1048576K
2022-09-12T02:26:46.535+0800: 369.453: [GC pause (G1 Evacuation Pause) (young) 192M->42852K(256M), 0.0052003 secs]
Heap after GC invocations=585 (full 0):
 garbage-first heap   total 262144K, used 42852K [0x00000000f0000000, 0x00000000f0100800, 0x0000000100000000)
  region size 1024K, 2 young (2048K), 2 survivors (2048K)
 Metaspace       used 65119K, capacity 69848K, committed 69888K, reserved 1110016K
  class space    used 8396K, capacity 9199K, committed 9216K, reserved 1048576K
}
{Heap before GC invocations=585 (full 0):
 garbage-first heap   total 262144K, used 197476K [0x00000000f0000000, 0x00000000f0100800, 0x0000000100000000)
  region size 1024K, 153 young (156672K), 2 survivors (2048K)
 Metaspace       used 65119K, capacity 69848K, committed 69888K, reserved 1110016K
  class space    used 8396K, capacity 9199K, committed 9216K, reserved 1048576K
2022-09-12T02:26:47.065+0800: 369.983: [GC pause (G1 Evacuation Pause) (young) 192M->42431K(256M), 0.0052657 secs]
Heap after GC invocations=586 (full 0):
 garbage-first heap   total 262144K, used 42431K [0x00000000f0000000, 0x00000000f0100800, 0x0000000100000000)
  region size 1024K, 2 young (2048K), 2 survivors (2048K)
 Metaspace       used 65119K, capacity 69848K, committed 69888K, reserved 1110016K
  class space    used 8396K, capacity 9199K, committed 9216K, reserved 1048576K
}
{Heap before GC invocations=586 (full 0):
 garbage-first heap   total 262144K, used 197055K [0x00000000f0000000, 0x00000000f0100800, 0x0000000100000000)
  region size 1024K, 153 young (156672K), 2 survivors (2048K)
 Metaspace       used 65119K, capacity 69848K, committed 69888K, reserved 1110016K
  class space    used 8396K, capacity 9199K, committed 9216K, reserved 1048576K
2022-09-12T02:26:47.594+0800: 370.512: [GC pause (G1 Evacuation Pause) (young) 192M->42800K(256M), 0.0052167 secs]
Heap after GC invocations=587 (full 0):
 garbage-first heap   total 262144K, used 42800K [0x00000000f0000000, 0x00000000f0100800, 0x0000000100000000)
  region size 1024K, 2 young (2048K), 2 survivors (2048K)
 Metaspace       used 65119K, capacity 69848K, committed 69888K, reserved 1110016K
  class space    used 8396K, capacity 9199K, committed 9216K, reserved 1048576K
}
{Heap before GC invocations=587 (full 0):
 garbage-first heap   total 262144K, used 197424K [0x00000000f0000000, 0x00000000f0100800, 0x0000000100000000)
  region size 1024K, 153 young (156672K), 2 survivors (2048K)
 Metaspace       used 65119K, capacity 69848K, committed 69888K, reserved 1110016K
  class space    used 8396K, capacity 9199K, committed 9216K, reserved 1048576K
2022-09-12T02:26:48.141+0800: 371.059: [GC pause (G1 Evacuation Pause) (young) 192M->42858K(256M), 0.0052706 secs]
Heap after GC invocations=588 (full 0):
 garbage-first heap   total 262144K, used 42858K [0x00000000f0000000, 0x00000000f0100800, 0x0000000100000000)
  region size 1024K, 2 young (2048K), 2 survivors (2048K)
 Metaspace       used 65119K, capacity 69848K, committed 69888K, reserved 1110016K
  class space    used 8396K, capacity 9199K, committed 9216K, reserved 1048576K
}
{Heap before GC invocations=588 (full 0):
 garbage-first heap   total 262144K, used 197482K [0x00000000f0000000, 0x00000000f0100800, 0x0000000100000000)
  region size 1024K, 153 young (156672K), 2 survivors (2048K)
 Metaspace       used 65119K, capacity 69848K, committed 69888K, reserved 1110016K
  class space    used 8396K, capacity 9199K, committed 9216K, reserved 1048576K
2022-09-12T02:26:48.675+0800: 371.593: [GC pause (G1 Evacuation Pause) (young) 192M->42430K(256M), 0.0053047 secs]
Heap after GC invocations=589 (full 0):
 garbage-first heap   total 262144K, used 42430K [0x00000000f0000000, 0x00000000f0100800, 0x0000000100000000)
  region size 1024K, 2 young (2048K), 2 survivors (2048K)
 Metaspace       used 65119K, capacity 69848K, committed 69888K, reserved 1110016K
  class space    used 8396K, capacity 9199K, committed 9216K, reserved 1048576K
}
{Heap before GC invocations=589 (full 0):
 garbage-first heap   total 262144K, used 197054K [0x00000000f0000000, 0x00000000f0100800, 0x0000000100000000)
  region size 1024K, 153 young (156672K), 2 survivors (2048K)
 Metaspace       used 65120K, capacity 69848K, committed 69888K, reserved 1110016K
  class space    used 8396K, capacity 9199K, committed 9216K, reserved 1048576K
2022-09-12T02:26:49.204+0800: 372.122: [GC pause (G1 Evacuation Pause) (young) 192M->42794K(256M), 0.0051942 secs]
Heap after GC invocations=590 (full 0):
 garbage-first heap   total 262144K, used 42794K [0x00000000f0000000, 0x00000000f0100800, 0x0000000100000000)
  region size 1024K, 2 young (2048K), 2 survivors (2048K)
 Metaspace       used 65120K, capacity 69848K, committed 69888K, reserved 1110016K
  class space    used 8396K, capacity 9199K, committed 9216K, reserved 1048576K
}
{Heap before GC invocations=590 (full 0):
 garbage-first heap   total 262144K, used 197418K [0x00000000f0000000, 0x00000000f0100800, 0x0000000100000000)
  region size 1024K, 153 young (156672K), 2 survivors (2048K)
 Metaspace       used 65120K, capacity 69848K, committed 69888K, reserved 1110016K
  class space    used 8396K, capacity 9199K, committed 9216K, reserved 1048576K
2022-09-12T02:26:49.734+0800: 372.651: [GC pause (G1 Evacuation Pause) (young) 192M->42860K(256M), 0.0052734 secs]
Heap after GC invocations=591 (full 0):
 garbage-first heap   total 262144K, used 42860K [0x00000000f0000000, 0x00000000f0100800, 0x0000000100000000)
  region size 1024K, 2 young (2048K), 2 survivors (2048K)
 Metaspace       used 65120K, capacity 69848K, committed 69888K, reserved 1110016K
  class space    used 8396K, capacity 9199K, committed 9216K, reserved 1048576K
}
{Heap before GC invocations=591 (full 0):
 garbage-first heap   total 262144K, used 197484K [0x00000000f0000000, 0x00000000f0100800, 0x0000000100000000)
  region size 1024K, 153 young (156672K), 2 survivors (2048K)
 Metaspace       used 65120K, capacity 69848K, committed 69888K, reserved 1110016K
  class space    used 8396K, capacity 9199K, committed 9216K, reserved 1048576K
2022-09-12T02:26:50.263+0800: 373.180: [GC pause (G1 Evacuation Pause) (young) 192M->42442K(256M), 0.0054124 secs]
Heap after GC invocations=592 (full 0):
 garbage-first heap   total 262144K, used 42442K [0x00000000f0000000, 0x00000000f0100800, 0x0000000100000000)
  region size 1024K, 2 young (2048K), 2 survivors (2048K)
 Metaspace       used 65120K, capacity 69848K, committed 69888K, reserved 1110016K
  class space    used 8396K, capacity 9199K, committed 9216K, reserved 1048576K
}
{Heap before GC invocations=592 (full 0):
 garbage-first heap   total 262144K, used 197066K [0x00000000f0000000, 0x00000000f0100800, 0x0000000100000000)
  region size 1024K, 153 young (156672K), 2 survivors (2048K)
 Metaspace       used 65120K, capacity 69848K, committed 69888K, reserved 1110016K
  class space    used 8396K, capacity 9199K, committed 9216K, reserved 1048576K
2022-09-12T02:26:50.792+0800: 373.710: [GC pause (G1 Evacuation Pause) (young) 192M->42798K(256M), 0.0051962 secs]
Heap after GC invocations=593 (full 0):
 garbage-first heap   total 262144K, used 42798K [0x00000000f0000000, 0x00000000f0100800, 0x0000000100000000)
  region size 1024K, 2 young (2048K), 2 survivors (2048K)
 Metaspace       used 65120K, capacity 69848K, committed 69888K, reserved 1110016K
  class space    used 8396K, capacity 9199K, committed 9216K, reserved 1048576K
}
{Heap before GC invocations=593 (full 0):
 garbage-first heap   total 262144K, used 197422K [0x00000000f0000000, 0x00000000f0100800, 0x0000000100000000)
  region size 1024K, 153 young (156672K), 2 survivors (2048K)
 Metaspace       used 65120K, capacity 69848K, committed 69888K, reserved 1110016K
  class space    used 8396K, capacity 9199K, committed 9216K, reserved 1048576K
2022-09-12T02:26:51.323+0800: 374.241: [GC pause (G1 Evacuation Pause) (young) 192M->42843K(256M), 0.0052847 secs]
Heap after GC invocations=594 (full 0):
 garbage-first heap   total 262144K, used 42843K [0x00000000f0000000, 0x00000000f0100800, 0x0000000100000000)
  region size 1024K, 2 young (2048K), 2 survivors (2048K)
 Metaspace       used 65120K, capacity 69848K, committed 69888K, reserved 1110016K
  class space    used 8396K, capacity 9199K, committed 9216K, reserved 1048576K
}
{Heap before GC invocations=594 (full 0):
 garbage-first heap   total 262144K, used 197467K [0x00000000f0000000, 0x00000000f0100800, 0x0000000100000000)
  region size 1024K, 153 young (156672K), 2 survivors (2048K)
 Metaspace       used 65120K, capacity 69848K, committed 69888K, reserved 1110016K
  class space    used 8396K, capacity 9199K, committed 9216K, reserved 1048576K
2022-09-12T02:26:51.875+0800: 374.793: [GC pause (G1 Evacuation Pause) (young) 192M->42094K(256M), 0.0042046 secs]
Heap after GC invocations=595 (full 0):
 garbage-first heap   total 262144K, used 42094K [0x00000000f0000000, 0x00000000f0100800, 0x0000000100000000)
  region size 1024K, 1 young (1024K), 1 survivors (1024K)
 Metaspace       used 65120K, capacity 69848K, committed 69888K, reserved 1110016K
  class space    used 8396K, capacity 9199K, committed 9216K, reserved 1048576K
}
{Heap before GC invocations=595 (full 0):
 garbage-first heap   total 262144K, used 197742K [0x00000000f0000000, 0x00000000f0100800, 0x0000000100000000)
  region size 1024K, 153 young (156672K), 1 survivors (1024K)
 Metaspace       used 65120K, capacity 69848K, committed 69888K, reserved 1110016K
  class space    used 8396K, capacity 9199K, committed 9216K, reserved 1048576K
2022-09-12T02:26:52.400+0800: 375.318: [GC pause (G1 Evacuation Pause) (young) 193M->42234K(256M), 0.0053681 secs]
Heap after GC invocations=596 (full 0):
 garbage-first heap   total 262144K, used 42234K [0x00000000f0000000, 0x00000000f0100800, 0x0000000100000000)
  region size 1024K, 2 young (2048K), 2 survivors (2048K)
 Metaspace       used 65120K, capacity 69848K, committed 69888K, reserved 1110016K
  class space    used 8396K, capacity 9199K, committed 9216K, reserved 1048576K
}
{Heap before GC invocations=596 (full 0):
 garbage-first heap   total 262144K, used 196858K [0x00000000f0000000, 0x00000000f0100800, 0x0000000100000000)
  region size 1024K, 153 young (156672K), 2 survivors (2048K)
 Metaspace       used 65120K, capacity 69848K, committed 69888K, reserved 1110016K
  class space    used 8396K, capacity 9199K, committed 9216K, reserved 1048576K
2022-09-12T02:26:52.932+0800: 375.850: [GC pause (G1 Evacuation Pause) (young) 192M->42774K(256M), 0.0053584 secs]
Heap after GC invocations=597 (full 0):
 garbage-first heap   total 262144K, used 42774K [0x00000000f0000000, 0x00000000f0100800, 0x0000000100000000)
  region size 1024K, 2 young (2048K), 2 survivors (2048K)
 Metaspace       used 65120K, capacity 69848K, committed 69888K, reserved 1110016K
  class space    used 8396K, capacity 9199K, committed 9216K, reserved 1048576K
}
{Heap before GC invocations=597 (full 0):
 garbage-first heap   total 262144K, used 197398K [0x00000000f0000000, 0x00000000f0100800, 0x0000000100000000)
  region size 1024K, 153 young (156672K), 2 survivors (2048K)
 Metaspace       used 65120K, capacity 69848K, committed 69888K, reserved 1110016K
  class space    used 8396K, capacity 9199K, committed 9216K, reserved 1048576K
2022-09-12T02:26:53.464+0800: 376.382: [GC pause (G1 Evacuation Pause) (young) 192M->42850K(256M), 0.0052695 secs]
Heap after GC invocations=598 (full 0):
 garbage-first heap   total 262144K, used 42850K [0x00000000f0000000, 0x00000000f0100800, 0x0000000100000000)
  region size 1024K, 2 young (2048K), 2 survivors (2048K)
 Metaspace       used 65120K, capacity 69848K, committed 69888K, reserved 1110016K
  class space    used 8396K, capacity 9199K, committed 9216K, reserved 1048576K
}
{Heap before GC invocations=598 (full 0):
 garbage-first heap   total 262144K, used 197474K [0x00000000f0000000, 0x00000000f0100800, 0x0000000100000000)
  region size 1024K, 153 young (156672K), 2 survivors (2048K)
 Metaspace       used 65120K, capacity 69848K, committed 69888K, reserved 1110016K
  class space    used 8396K, capacity 9199K, committed 9216K, reserved 1048576K
2022-09-12T02:26:53.994+0800: 376.912: [GC pause (G1 Evacuation Pause) (young) 192M->42441K(256M), 0.0052205 secs]
Heap after GC invocations=599 (full 0):
 garbage-first heap   total 262144K, used 42441K [0x00000000f0000000, 0x00000000f0100800, 0x0000000100000000)
  region size 1024K, 2 young (2048K), 2 survivors (2048K)
 Metaspace       used 65120K, capacity 69848K, committed 69888K, reserved 1110016K
  class space    used 8396K, capacity 9199K, committed 9216K, reserved 1048576K
}
{Heap before GC invocations=599 (full 0):
 garbage-first heap   total 262144K, used 197065K [0x00000000f0000000, 0x00000000f0100800, 0x0000000100000000)
  region size 1024K, 153 young (156672K), 2 survivors (2048K)
 Metaspace       used 65120K, capacity 69848K, committed 69888K, reserved 1110016K
  class space    used 8396K, capacity 9199K, committed 9216K, reserved 1048576K
2022-09-12T02:26:54.527+0800: 377.444: [GC pause (G1 Evacuation Pause) (young) 192M->42811K(256M), 0.0053954 secs]
Heap after GC invocations=600 (full 0):
 garbage-first heap   total 262144K, used 42811K [0x00000000f0000000, 0x00000000f0100800, 0x0000000100000000)
  region size 1024K, 2 young (2048K), 2 survivors (2048K)
 Metaspace       used 65120K, capacity 69848K, committed 69888K, reserved 1110016K
  class space    used 8396K, capacity 9199K, committed 9216K, reserved 1048576K
}
{Heap before GC invocations=600 (full 0):
 garbage-first heap   total 262144K, used 197435K [0x00000000f0000000, 0x00000000f0100800, 0x0000000100000000)
  region size 1024K, 153 young (156672K), 2 survivors (2048K)
 Metaspace       used 65120K, capacity 69848K, committed 69888K, reserved 1110016K
  class space    used 8396K, capacity 9199K, committed 9216K, reserved 1048576K
2022-09-12T02:26:55.060+0800: 377.978: [GC pause (G1 Evacuation Pause) (young) 192M->42869K(256M), 0.0053132 secs]
Heap after GC invocations=601 (full 0):
 garbage-first heap   total 262144K, used 42869K [0x00000000f0000000, 0x00000000f0100800, 0x0000000100000000)
  region size 1024K, 2 young (2048K), 2 survivors (2048K)
 Metaspace       used 65120K, capacity 69848K, committed 69888K, reserved 1110016K
  class space    used 8396K, capacity 9199K, committed 9216K, reserved 1048576K
}
{Heap before GC invocations=601 (full 0):
 garbage-first heap   total 262144K, used 197493K [0x00000000f0000000, 0x00000000f0100800, 0x0000000100000000)
  region size 1024K, 153 young (156672K), 2 survivors (2048K)
 Metaspace       used 65120K, capacity 69848K, committed 69888K, reserved 1110016K
  class space    used 8396K, capacity 9199K, committed 9216K, reserved 1048576K
2022-09-12T02:26:55.590+0800: 378.508: [GC pause (G1 Evacuation Pause) (young) 192M->42447K(256M), 0.0052951 secs]
Heap after GC invocations=602 (full 0):
 garbage-first heap   total 262144K, used 42447K [0x00000000f0000000, 0x00000000f0100800, 0x0000000100000000)
  region size 1024K, 2 young (2048K), 2 survivors (2048K)
 Metaspace       used 65120K, capacity 69848K, committed 69888K, reserved 1110016K
  class space    used 8396K, capacity 9199K, committed 9216K, reserved 1048576K
}
{Heap before GC invocations=602 (full 0):
 garbage-first heap   total 262144K, used 197071K [0x00000000f0000000, 0x00000000f0100800, 0x0000000100000000)
  region size 1024K, 153 young (156672K), 2 survivors (2048K)
 Metaspace       used 65120K, capacity 69848K, committed 69888K, reserved 1110016K
  class space    used 8396K, capacity 9199K, committed 9216K, reserved 1048576K
2022-09-12T02:26:56.134+0800: 379.052: [GC pause (G1 Evacuation Pause) (young) 192M->42804K(256M), 0.0053397 secs]
Heap after GC invocations=603 (full 0):
 garbage-first heap   total 262144K, used 42804K [0x00000000f0000000, 0x00000000f0100800, 0x0000000100000000)
  region size 1024K, 2 young (2048K), 2 survivors (2048K)
 Metaspace       used 65120K, capacity 69848K, committed 69888K, reserved 1110016K
  class space    used 8396K, capacity 9199K, committed 9216K, reserved 1048576K
}
{Heap before GC invocations=603 (full 0):
 garbage-first heap   total 262144K, used 197428K [0x00000000f0000000, 0x00000000f0100800, 0x0000000100000000)
  region size 1024K, 153 young (156672K), 2 survivors (2048K)
 Metaspace       used 65120K, capacity 69848K, committed 69888K, reserved 1110016K
  class space    used 8396K, capacity 9199K, committed 9216K, reserved 1048576K
2022-09-12T02:26:56.660+0800: 379.578: [GC pause (G1 Evacuation Pause) (young) 192M->42862K(256M), 0.0051393 secs]
Heap after GC invocations=604 (full 0):
 garbage-first heap   total 262144K, used 42862K [0x00000000f0000000, 0x00000000f0100800, 0x0000000100000000)
  region size 1024K, 2 young (2048K), 2 survivors (2048K)
 Metaspace       used 65120K, capacity 69848K, committed 69888K, reserved 1110016K
  class space    used 8396K, capacity 9199K, committed 9216K, reserved 1048576K
}
{Heap before GC invocations=604 (full 0):
 garbage-first heap   total 262144K, used 197486K [0x00000000f0000000, 0x00000000f0100800, 0x0000000100000000)
  region size 1024K, 153 young (156672K), 2 survivors (2048K)
 Metaspace       used 65120K, capacity 69848K, committed 69888K, reserved 1110016K
  class space    used 8396K, capacity 9199K, committed 9216K, reserved 1048576K
2022-09-12T02:26:57.190+0800: 380.108: [GC pause (G1 Evacuation Pause) (young) 192M->42438K(256M), 0.0052030 secs]
Heap after GC invocations=605 (full 0):
 garbage-first heap   total 262144K, used 42438K [0x00000000f0000000, 0x00000000f0100800, 0x0000000100000000)
  region size 1024K, 2 young (2048K), 2 survivors (2048K)
 Metaspace       used 65120K, capacity 69848K, committed 69888K, reserved 1110016K
  class space    used 8396K, capacity 9199K, committed 9216K, reserved 1048576K
}
{Heap before GC invocations=605 (full 0):
 garbage-first heap   total 262144K, used 197062K [0x00000000f0000000, 0x00000000f0100800, 0x0000000100000000)
  region size 1024K, 153 young (156672K), 2 survivors (2048K)
 Metaspace       used 65120K, capacity 69848K, committed 69888K, reserved 1110016K
  class space    used 8396K, capacity 9199K, committed 9216K, reserved 1048576K
2022-09-12T02:26:57.718+0800: 380.636: [GC pause (G1 Evacuation Pause) (young) 192M->42791K(256M), 0.0052807 secs]
Heap after GC invocations=606 (full 0):
 garbage-first heap   total 262144K, used 42791K [0x00000000f0000000, 0x00000000f0100800, 0x0000000100000000)
  region size 1024K, 2 young (2048K), 2 survivors (2048K)
 Metaspace       used 65120K, capacity 69848K, committed 69888K, reserved 1110016K
  class space    used 8396K, capacity 9199K, committed 9216K, reserved 1048576K
}
{Heap before GC invocations=606 (full 0):
 garbage-first heap   total 262144K, used 197415K [0x00000000f0000000, 0x00000000f0100800, 0x0000000100000000)
  region size 1024K, 153 young (156672K), 2 survivors (2048K)
 Metaspace       used 65120K, capacity 69848K, committed 69888K, reserved 1110016K
  class space    used 8396K, capacity 9199K, committed 9216K, reserved 1048576K
2022-09-12T02:26:58.248+0800: 381.166: [GC pause (G1 Evacuation Pause) (young) 192M->42860K(256M), 0.0051952 secs]
Heap after GC invocations=607 (full 0):
 garbage-first heap   total 262144K, used 42860K [0x00000000f0000000, 0x00000000f0100800, 0x0000000100000000)
  region size 1024K, 2 young (2048K), 2 survivors (2048K)
 Metaspace       used 65120K, capacity 69848K, committed 69888K, reserved 1110016K
  class space    used 8396K, capacity 9199K, committed 9216K, reserved 1048576K
}
{Heap before GC invocations=607 (full 0):
 garbage-first heap   total 262144K, used 197484K [0x00000000f0000000, 0x00000000f0100800, 0x0000000100000000)
  region size 1024K, 153 young (156672K), 2 survivors (2048K)
 Metaspace       used 65120K, capacity 69848K, committed 69888K, reserved 1110016K
  class space    used 8396K, capacity 9199K, committed 9216K, reserved 1048576K
2022-09-12T02:26:58.781+0800: 381.699: [GC pause (G1 Evacuation Pause) (young) 192M->42439K(256M), 0.0051155 secs]
Heap after GC invocations=608 (full 0):
 garbage-first heap   total 262144K, used 42439K [0x00000000f0000000, 0x00000000f0100800, 0x0000000100000000)
  region size 1024K, 2 young (2048K), 2 survivors (2048K)
 Metaspace       used 65120K, capacity 69848K, committed 69888K, reserved 1110016K
  class space    used 8396K, capacity 9199K, committed 9216K, reserved 1048576K
}
{Heap before GC invocations=608 (full 0):
 garbage-first heap   total 262144K, used 197063K [0x00000000f0000000, 0x00000000f0100800, 0x0000000100000000)
  region size 1024K, 153 young (156672K), 2 survivors (2048K)
 Metaspace       used 65120K, capacity 69848K, committed 69888K, reserved 1110016K
  class space    used 8396K, capacity 9199K, committed 9216K, reserved 1048576K
2022-09-12T02:26:59.312+0800: 382.229: [GC pause (G1 Evacuation Pause) (young) 192M->42815K(256M), 0.0051874 secs]
Heap after GC invocations=609 (full 0):
 garbage-first heap   total 262144K, used 42815K [0x00000000f0000000, 0x00000000f0100800, 0x0000000100000000)
  region size 1024K, 2 young (2048K), 2 survivors (2048K)
 Metaspace       used 65120K, capacity 69848K, committed 69888K, reserved 1110016K
  class space    used 8396K, capacity 9199K, committed 9216K, reserved 1048576K
}
{Heap before GC invocations=609 (full 0):
 garbage-first heap   total 262144K, used 197439K [0x00000000f0000000, 0x00000000f0100800, 0x0000000100000000)
  region size 1024K, 153 young (156672K), 2 survivors (2048K)
 Metaspace       used 65120K, capacity 69848K, committed 69888K, reserved 1110016K
  class space    used 8396K, capacity 9199K, committed 9216K, reserved 1048576K
2022-09-12T02:26:59.852+0800: 382.770: [GC pause (G1 Evacuation Pause) (young) 192M->42849K(256M), 0.0051561 secs]
Heap after GC invocations=610 (full 0):
 garbage-first heap   total 262144K, used 42849K [0x00000000f0000000, 0x00000000f0100800, 0x0000000100000000)
  region size 1024K, 2 young (2048K), 2 survivors (2048K)
 Metaspace       used 65120K, capacity 69848K, committed 69888K, reserved 1110016K
  class space    used 8396K, capacity 9199K, committed 9216K, reserved 1048576K
}
{Heap before GC invocations=610 (full 0):
 garbage-first heap   total 262144K, used 197473K [0x00000000f0000000, 0x00000000f0100800, 0x0000000100000000)
  region size 1024K, 153 young (156672K), 2 survivors (2048K)
 Metaspace       used 65120K, capacity 69848K, committed 69888K, reserved 1110016K
  class space    used 8396K, capacity 9199K, committed 9216K, reserved 1048576K
2022-09-12T02:27:00.384+0800: 383.302: [GC pause (G1 Evacuation Pause) (young) 192M->42878K(256M), 0.0051971 secs]
Heap after GC invocations=611 (full 0):
 garbage-first heap   total 262144K, used 42878K [0x00000000f0000000, 0x00000000f0100800, 0x0000000100000000)
  region size 1024K, 2 young (2048K), 2 survivors (2048K)
 Metaspace       used 65120K, capacity 69848K, committed 69888K, reserved 1110016K
  class space    used 8396K, capacity 9199K, committed 9216K, reserved 1048576K
}
{Heap before GC invocations=611 (full 0):
 garbage-first heap   total 262144K, used 197502K [0x00000000f0000000, 0x00000000f0100800, 0x0000000100000000)
  region size 1024K, 153 young (156672K), 2 survivors (2048K)
 Metaspace       used 65120K, capacity 69848K, committed 69888K, reserved 1110016K
  class space    used 8396K, capacity 9199K, committed 9216K, reserved 1048576K
2022-09-12T02:27:00.915+0800: 383.833: [GC pause (G1 Evacuation Pause) (young) 192M->42450K(256M), 0.0053231 secs]
Heap after GC invocations=612 (full 0):
 garbage-first heap   total 262144K, used 42450K [0x00000000f0000000, 0x00000000f0100800, 0x0000000100000000)
  region size 1024K, 2 young (2048K), 2 survivors (2048K)
 Metaspace       used 65120K, capacity 69848K, committed 69888K, reserved 1110016K
  class space    used 8396K, capacity 9199K, committed 9216K, reserved 1048576K
}
{Heap before GC invocations=612 (full 0):
 garbage-first heap   total 262144K, used 197074K [0x00000000f0000000, 0x00000000f0100800, 0x0000000100000000)
  region size 1024K, 153 young (156672K), 2 survivors (2048K)
 Metaspace       used 65120K, capacity 69848K, committed 69888K, reserved 1110016K
  class space    used 8396K, capacity 9199K, committed 9216K, reserved 1048576K
2022-09-12T02:27:01.454+0800: 384.372: [GC pause (G1 Evacuation Pause) (young) 192M->42797K(256M), 0.0051498 secs]
Heap after GC invocations=613 (full 0):
 garbage-first heap   total 262144K, used 42797K [0x00000000f0000000, 0x00000000f0100800, 0x0000000100000000)
  region size 1024K, 2 young (2048K), 2 survivors (2048K)
 Metaspace       used 65120K, capacity 69848K, committed 69888K, reserved 1110016K
  class space    used 8396K, capacity 9199K, committed 9216K, reserved 1048576K
}
{Heap before GC invocations=613 (full 0):
 garbage-first heap   total 262144K, used 197421K [0x00000000f0000000, 0x00000000f0100800, 0x0000000100000000)
  region size 1024K, 153 young (156672K), 2 survivors (2048K)
 Metaspace       used 65120K, capacity 69848K, committed 69888K, reserved 1110016K
  class space    used 8396K, capacity 9199K, committed 9216K, reserved 1048576K
2022-09-12T02:27:01.985+0800: 384.903: [GC pause (G1 Evacuation Pause) (young) 192M->42847K(256M), 0.0053554 secs]
Heap after GC invocations=614 (full 0):
 garbage-first heap   total 262144K, used 42847K [0x00000000f0000000, 0x00000000f0100800, 0x0000000100000000)
  region size 1024K, 2 young (2048K), 2 survivors (2048K)
 Metaspace       used 65120K, capacity 69848K, committed 69888K, reserved 1110016K
  class space    used 8396K, capacity 9199K, committed 9216K, reserved 1048576K
}
{Heap before GC invocations=614 (full 0):
 garbage-first heap   total 262144K, used 197471K [0x00000000f0000000, 0x00000000f0100800, 0x0000000100000000)
  region size 1024K, 153 young (156672K), 2 survivors (2048K)
 Metaspace       used 65120K, capacity 69848K, committed 69888K, reserved 1110016K
  class space    used 8396K, capacity 9199K, committed 9216K, reserved 1048576K
2022-09-12T02:27:02.515+0800: 385.433: [GC pause (G1 Evacuation Pause) (young) 192M->42884K(256M), 0.0052692 secs]
Heap after GC invocations=615 (full 0):
 garbage-first heap   total 262144K, used 42884K [0x00000000f0000000, 0x00000000f0100800, 0x0000000100000000)
  region size 1024K, 2 young (2048K), 2 survivors (2048K)
 Metaspace       used 65120K, capacity 69848K, committed 69888K, reserved 1110016K
  class space    used 8396K, capacity 9199K, committed 9216K, reserved 1048576K
}
{Heap before GC invocations=615 (full 0):
 garbage-first heap   total 262144K, used 197508K [0x00000000f0000000, 0x00000000f0100800, 0x0000000100000000)
  region size 1024K, 153 young (156672K), 2 survivors (2048K)
 Metaspace       used 65120K, capacity 69848K, committed 69888K, reserved 1110016K
  class space    used 8396K, capacity 9199K, committed 9216K, reserved 1048576K
2022-09-12T02:27:03.046+0800: 385.964: [GC pause (G1 Evacuation Pause) (young) 192M->42447K(256M), 0.0053378 secs]
Heap after GC invocations=616 (full 0):
 garbage-first heap   total 262144K, used 42447K [0x00000000f0000000, 0x00000000f0100800, 0x0000000100000000)
  region size 1024K, 2 young (2048K), 2 survivors (2048K)
 Metaspace       used 65120K, capacity 69848K, committed 69888K, reserved 1110016K
  class space    used 8396K, capacity 9199K, committed 9216K, reserved 1048576K
}
{Heap before GC invocations=616 (full 0):
 garbage-first heap   total 262144K, used 197071K [0x00000000f0000000, 0x00000000f0100800, 0x0000000100000000)
  region size 1024K, 153 young (156672K), 2 survivors (2048K)
 Metaspace       used 65120K, capacity 69848K, committed 69888K, reserved 1110016K
  class space    used 8396K, capacity 9199K, committed 9216K, reserved 1048576K
2022-09-12T02:27:03.585+0800: 386.503: [GC pause (G1 Evacuation Pause) (young) 192M->42808K(256M), 0.0052311 secs]
Heap after GC invocations=617 (full 0):
 garbage-first heap   total 262144K, used 42808K [0x00000000f0000000, 0x00000000f0100800, 0x0000000100000000)
  region size 1024K, 2 young (2048K), 2 survivors (2048K)
 Metaspace       used 65120K, capacity 69848K, committed 69888K, reserved 1110016K
  class space    used 8396K, capacity 9199K, committed 9216K, reserved 1048576K
}
{Heap before GC invocations=617 (full 0):
 garbage-first heap   total 262144K, used 197432K [0x00000000f0000000, 0x00000000f0100800, 0x0000000100000000)
  region size 1024K, 153 young (156672K), 2 survivors (2048K)
 Metaspace       used 65120K, capacity 69848K, committed 69888K, reserved 1110016K
  class space    used 8396K, capacity 9199K, committed 9216K, reserved 1048576K
2022-09-12T02:27:04.118+0800: 387.036: [GC pause (G1 Evacuation Pause) (young) 192M->42867K(256M), 0.0052384 secs]
Heap after GC invocations=618 (full 0):
 garbage-first heap   total 262144K, used 42867K [0x00000000f0000000, 0x00000000f0100800, 0x0000000100000000)
  region size 1024K, 2 young (2048K), 2 survivors (2048K)
 Metaspace       used 65120K, capacity 69848K, committed 69888K, reserved 1110016K
  class space    used 8396K, capacity 9199K, committed 9216K, reserved 1048576K
}
{Heap before GC invocations=618 (full 0):
 garbage-first heap   total 262144K, used 197491K [0x00000000f0000000, 0x00000000f0100800, 0x0000000100000000)
  region size 1024K, 153 young (156672K), 2 survivors (2048K)
 Metaspace       used 65120K, capacity 69848K, committed 69888K, reserved 1110016K
  class space    used 8396K, capacity 9199K, committed 9216K, reserved 1048576K
2022-09-12T02:27:04.649+0800: 387.566: [GC pause (G1 Evacuation Pause) (young) 192M->42451K(256M), 0.0052781 secs]
Heap after GC invocations=619 (full 0):
 garbage-first heap   total 262144K, used 42451K [0x00000000f0000000, 0x00000000f0100800, 0x0000000100000000)
  region size 1024K, 2 young (2048K), 2 survivors (2048K)
 Metaspace       used 65120K, capacity 69848K, committed 69888K, reserved 1110016K
  class space    used 8396K, capacity 9199K, committed 9216K, reserved 1048576K
}
{Heap before GC invocations=619 (full 0):
 garbage-first heap   total 262144K, used 197075K [0x00000000f0000000, 0x00000000f0100800, 0x0000000100000000)
  region size 1024K, 153 young (156672K), 2 survivors (2048K)
 Metaspace       used 65120K, capacity 69848K, committed 69888K, reserved 1110016K
  class space    used 8396K, capacity 9199K, committed 9216K, reserved 1048576K
2022-09-12T02:27:05.182+0800: 388.100: [GC pause (G1 Evacuation Pause) (young) 192M->42818K(256M), 0.0052753 secs]
Heap after GC invocations=620 (full 0):
 garbage-first heap   total 262144K, used 42818K [0x00000000f0000000, 0x00000000f0100800, 0x0000000100000000)
  region size 1024K, 2 young (2048K), 2 survivors (2048K)
 Metaspace       used 65120K, capacity 69848K, committed 69888K, reserved 1110016K
  class space    used 8396K, capacity 9199K, committed 9216K, reserved 1048576K
}
{Heap before GC invocations=620 (full 0):
 garbage-first heap   total 262144K, used 197442K [0x00000000f0000000, 0x00000000f0100800, 0x0000000100000000)
  region size 1024K, 153 young (156672K), 2 survivors (2048K)
 Metaspace       used 65120K, capacity 69848K, committed 69888K, reserved 1110016K
  class space    used 8396K, capacity 9199K, committed 9216K, reserved 1048576K
2022-09-12T02:27:05.713+0800: 388.631: [GC pause (G1 Evacuation Pause) (young) 192M->42615K(256M), 0.0063982 secs]
Heap after GC invocations=621 (full 0):
 garbage-first heap   total 262144K, used 42615K [0x00000000f0000000, 0x00000000f0100800, 0x0000000100000000)
  region size 1024K, 2 young (2048K), 2 survivors (2048K)
 Metaspace       used 65120K, capacity 69848K, committed 69888K, reserved 1110016K
  class space    used 8396K, capacity 9199K, committed 9216K, reserved 1048576K
}
{Heap before GC invocations=621 (full 0):
 garbage-first heap   total 262144K, used 197239K [0x00000000f0000000, 0x00000000f0100800, 0x0000000100000000)
  region size 1024K, 153 young (156672K), 2 survivors (2048K)
 Metaspace       used 65120K, capacity 69848K, committed 69888K, reserved 1110016K
  class space    used 8396K, capacity 9199K, committed 9216K, reserved 1048576K
2022-09-12T02:27:06.245+0800: 389.163: [GC pause (G1 Evacuation Pause) (young) 192M->42884K(256M), 0.0052629 secs]
Heap after GC invocations=622 (full 0):
 garbage-first heap   total 262144K, used 42884K [0x00000000f0000000, 0x00000000f0100800, 0x0000000100000000)
  region size 1024K, 2 young (2048K), 2 survivors (2048K)
 Metaspace       used 65120K, capacity 69848K, committed 69888K, reserved 1110016K
  class space    used 8396K, capacity 9199K, committed 9216K, reserved 1048576K
}
{Heap before GC invocations=622 (full 0):
 garbage-first heap   total 262144K, used 197508K [0x00000000f0000000, 0x00000000f0100800, 0x0000000100000000)
  region size 1024K, 153 young (156672K), 2 survivors (2048K)
 Metaspace       used 65120K, capacity 69848K, committed 69888K, reserved 1110016K
  class space    used 8396K, capacity 9199K, committed 9216K, reserved 1048576K
2022-09-12T02:27:06.777+0800: 389.694: [GC pause (G1 Evacuation Pause) (young) 192M->42445K(256M), 0.0052065 secs]
Heap after GC invocations=623 (full 0):
 garbage-first heap   total 262144K, used 42445K [0x00000000f0000000, 0x00000000f0100800, 0x0000000100000000)
  region size 1024K, 2 young (2048K), 2 survivors (2048K)
 Metaspace       used 65120K, capacity 69848K, committed 69888K, reserved 1110016K
  class space    used 8396K, capacity 9199K, committed 9216K, reserved 1048576K
}
{Heap before GC invocations=623 (full 0):
 garbage-first heap   total 262144K, used 197069K [0x00000000f0000000, 0x00000000f0100800, 0x0000000100000000)
  region size 1024K, 153 young (156672K), 2 survivors (2048K)
 Metaspace       used 65120K, capacity 69848K, committed 69888K, reserved 1110016K
  class space    used 8396K, capacity 9199K, committed 9216K, reserved 1048576K
2022-09-12T02:27:07.324+0800: 390.242: [GC pause (G1 Evacuation Pause) (young) 192M->42760K(256M), 0.0053210 secs]
Heap after GC invocations=624 (full 0):
 garbage-first heap   total 262144K, used 42760K [0x00000000f0000000, 0x00000000f0100800, 0x0000000100000000)
  region size 1024K, 2 young (2048K), 2 survivors (2048K)
 Metaspace       used 65120K, capacity 69848K, committed 69888K, reserved 1110016K
  class space    used 8396K, capacity 9199K, committed 9216K, reserved 1048576K
}
{Heap before GC invocations=624 (full 0):
 garbage-first heap   total 262144K, used 197384K [0x00000000f0000000, 0x00000000f0100800, 0x0000000100000000)
  region size 1024K, 153 young (156672K), 2 survivors (2048K)
 Metaspace       used 65120K, capacity 69848K, committed 69888K, reserved 1110016K
  class space    used 8396K, capacity 9199K, committed 9216K, reserved 1048576K
2022-09-12T02:27:07.855+0800: 390.773: [GC pause (G1 Evacuation Pause) (young) 192M->42864K(256M), 0.0052555 secs]
Heap after GC invocations=625 (full 0):
 garbage-first heap   total 262144K, used 42864K [0x00000000f0000000, 0x00000000f0100800, 0x0000000100000000)
  region size 1024K, 2 young (2048K), 2 survivors (2048K)
 Metaspace       used 65120K, capacity 69848K, committed 69888K, reserved 1110016K
  class space    used 8396K, capacity 9199K, committed 9216K, reserved 1048576K
}
{Heap before GC invocations=625 (full 0):
 garbage-first heap   total 262144K, used 197488K [0x00000000f0000000, 0x00000000f0100800, 0x0000000100000000)
  region size 1024K, 153 young (156672K), 2 survivors (2048K)
 Metaspace       used 65120K, capacity 69848K, committed 69888K, reserved 1110016K
  class space    used 8396K, capacity 9199K, committed 9216K, reserved 1048576K
2022-09-12T02:27:08.388+0800: 391.306: [GC pause (G1 Evacuation Pause) (young) 192M->42438K(256M), 0.0054501 secs]
Heap after GC invocations=626 (full 0):
 garbage-first heap   total 262144K, used 42438K [0x00000000f0000000, 0x00000000f0100800, 0x0000000100000000)
  region size 1024K, 2 young (2048K), 2 survivors (2048K)
 Metaspace       used 65120K, capacity 69848K, committed 69888K, reserved 1110016K
  class space    used 8396K, capacity 9199K, committed 9216K, reserved 1048576K
}
{Heap before GC invocations=626 (full 0):
 garbage-first heap   total 262144K, used 197062K [0x00000000f0000000, 0x00000000f0100800, 0x0000000100000000)
  region size 1024K, 153 young (156672K), 2 survivors (2048K)
 Metaspace       used 65120K, capacity 69848K, committed 69888K, reserved 1110016K
  class space    used 8396K, capacity 9199K, committed 9216K, reserved 1048576K
2022-09-12T02:27:08.918+0800: 391.836: [GC pause (G1 Evacuation Pause) (young) 192M->42803K(256M), 0.0053542 secs]
Heap after GC invocations=627 (full 0):
 garbage-first heap   total 262144K, used 42803K [0x00000000f0000000, 0x00000000f0100800, 0x0000000100000000)
  region size 1024K, 2 young (2048K), 2 survivors (2048K)
 Metaspace       used 65120K, capacity 69848K, committed 69888K, reserved 1110016K
  class space    used 8396K, capacity 9199K, committed 9216K, reserved 1048576K
}
{Heap before GC invocations=627 (full 0):
 garbage-first heap   total 262144K, used 197427K [0x00000000f0000000, 0x00000000f0100800, 0x0000000100000000)
  region size 1024K, 153 young (156672K), 2 survivors (2048K)
 Metaspace       used 65120K, capacity 69848K, committed 69888K, reserved 1110016K
  class space    used 8396K, capacity 9199K, committed 9216K, reserved 1048576K
2022-09-12T02:27:09.449+0800: 392.367: [GC pause (G1 Evacuation Pause) (young) 192M->42869K(256M), 0.0052478 secs]
Heap after GC invocations=628 (full 0):
 garbage-first heap   total 262144K, used 42869K [0x00000000f0000000, 0x00000000f0100800, 0x0000000100000000)
  region size 1024K, 2 young (2048K), 2 survivors (2048K)
 Metaspace       used 65120K, capacity 69848K, committed 69888K, reserved 1110016K
  class space    used 8396K, capacity 9199K, committed 9216K, reserved 1048576K
}
{Heap before GC invocations=628 (full 0):
 garbage-first heap   total 262144K, used 197493K [0x00000000f0000000, 0x00000000f0100800, 0x0000000100000000)
  region size 1024K, 153 young (156672K), 2 survivors (2048K)
 Metaspace       used 65120K, capacity 69848K, committed 69888K, reserved 1110016K
  class space    used 8396K, capacity 9199K, committed 9216K, reserved 1048576K
2022-09-12T02:27:09.981+0800: 392.899: [GC pause (G1 Evacuation Pause) (young) 192M->42448K(256M), 0.0054762 secs]
Heap after GC invocations=629 (full 0):
 garbage-first heap   total 262144K, used 42448K [0x00000000f0000000, 0x00000000f0100800, 0x0000000100000000)
  region size 1024K, 2 young (2048K), 2 survivors (2048K)
 Metaspace       used 65120K, capacity 69848K, committed 69888K, reserved 1110016K
  class space    used 8396K, capacity 9199K, committed 9216K, reserved 1048576K
}
{Heap before GC invocations=629 (full 0):
 garbage-first heap   total 262144K, used 197072K [0x00000000f0000000, 0x00000000f0100800, 0x0000000100000000)
  region size 1024K, 153 young (156672K), 2 survivors (2048K)
 Metaspace       used 65120K, capacity 69848K, committed 69888K, reserved 1110016K
  class space    used 8396K, capacity 9199K, committed 9216K, reserved 1048576K
2022-09-12T02:27:10.512+0800: 393.430: [GC pause (G1 Evacuation Pause) (young) 192M->42817K(256M), 0.0052218 secs]
Heap after GC invocations=630 (full 0):
 garbage-first heap   total 262144K, used 42817K [0x00000000f0000000, 0x00000000f0100800, 0x0000000100000000)
  region size 1024K, 2 young (2048K), 2 survivors (2048K)
 Metaspace       used 65120K, capacity 69848K, committed 69888K, reserved 1110016K
  class space    used 8396K, capacity 9199K, committed 9216K, reserved 1048576K
}
{Heap before GC invocations=630 (full 0):
 garbage-first heap   total 262144K, used 197441K [0x00000000f0000000, 0x00000000f0100800, 0x0000000100000000)
  region size 1024K, 153 young (156672K), 2 survivors (2048K)
 Metaspace       used 65120K, capacity 69848K, committed 69888K, reserved 1110016K
  class space    used 8396K, capacity 9199K, committed 9216K, reserved 1048576K
2022-09-12T02:27:11.056+0800: 393.974: [GC pause (G1 Evacuation Pause) (young) 192M->42870K(256M), 0.0051987 secs]
Heap after GC invocations=631 (full 0):
 garbage-first heap   total 262144K, used 42870K [0x00000000f0000000, 0x00000000f0100800, 0x0000000100000000)
  region size 1024K, 2 young (2048K), 2 survivors (2048K)
 Metaspace       used 65120K, capacity 69848K, committed 69888K, reserved 1110016K
  class space    used 8396K, capacity 9199K, committed 9216K, reserved 1048576K
}
{Heap before GC invocations=631 (full 0):
 garbage-first heap   total 262144K, used 197494K [0x00000000f0000000, 0x00000000f0100800, 0x0000000100000000)
  region size 1024K, 153 young (156672K), 2 survivors (2048K)
 Metaspace       used 65120K, capacity 69848K, committed 69888K, reserved 1110016K
  class space    used 8396K, capacity 9199K, committed 9216K, reserved 1048576K
2022-09-12T02:27:11.588+0800: 394.506: [GC pause (G1 Evacuation Pause) (young) 192M->42451K(256M), 0.0051977 secs]
Heap after GC invocations=632 (full 0):
 garbage-first heap   total 262144K, used 42451K [0x00000000f0000000, 0x00000000f0100800, 0x0000000100000000)
  region size 1024K, 2 young (2048K), 2 survivors (2048K)
 Metaspace       used 65120K, capacity 69848K, committed 69888K, reserved 1110016K
  class space    used 8396K, capacity 9199K, committed 9216K, reserved 1048576K
}
{Heap before GC invocations=632 (full 0):
 garbage-first heap   total 262144K, used 197075K [0x00000000f0000000, 0x00000000f0100800, 0x0000000100000000)
  region size 1024K, 153 young (156672K), 2 survivors (2048K)
 Metaspace       used 65120K, capacity 69848K, committed 69888K, reserved 1110016K
  class space    used 8396K, capacity 9199K, committed 9216K, reserved 1048576K
2022-09-12T02:27:12.137+0800: 395.055: [GC pause (G1 Evacuation Pause) (young) 192M->42587K(256M), 0.0056833 secs]
Heap after GC invocations=633 (full 0):
 garbage-first heap   total 262144K, used 42587K [0x00000000f0000000, 0x00000000f0100800, 0x0000000100000000)
  region size 1024K, 2 young (2048K), 2 survivors (2048K)
 Metaspace       used 65120K, capacity 69848K, committed 69888K, reserved 1110016K
  class space    used 8396K, capacity 9199K, committed 9216K, reserved 1048576K
}
{Heap before GC invocations=633 (full 0):
 garbage-first heap   total 262144K, used 197211K [0x00000000f0000000, 0x00000000f0100800, 0x0000000100000000)
  region size 1024K, 153 young (156672K), 2 survivors (2048K)
 Metaspace       used 65120K, capacity 69848K, committed 69888K, reserved 1110016K
  class space    used 8396K, capacity 9199K, committed 9216K, reserved 1048576K
2022-09-12T02:27:12.669+0800: 395.587: [GC pause (G1 Evacuation Pause) (young) 192M->42866K(256M), 0.0051003 secs]
Heap after GC invocations=634 (full 0):
 garbage-first heap   total 262144K, used 42866K [0x00000000f0000000, 0x00000000f0100800, 0x0000000100000000)
  region size 1024K, 2 young (2048K), 2 survivors (2048K)
 Metaspace       used 65120K, capacity 69848K, committed 69888K, reserved 1110016K
  class space    used 8396K, capacity 9199K, committed 9216K, reserved 1048576K
}
{Heap before GC invocations=634 (full 0):
 garbage-first heap   total 262144K, used 197490K [0x00000000f0000000, 0x00000000f0100800, 0x0000000100000000)
  region size 1024K, 153 young (156672K), 2 survivors (2048K)
 Metaspace       used 65120K, capacity 69848K, committed 69888K, reserved 1110016K
  class space    used 8396K, capacity 9199K, committed 9216K, reserved 1048576K
2022-09-12T02:27:13.199+0800: 396.117: [GC pause (G1 Evacuation Pause) (young) 192M->42448K(256M), 0.0052429 secs]
Heap after GC invocations=635 (full 0):
 garbage-first heap   total 262144K, used 42448K [0x00000000f0000000, 0x00000000f0100800, 0x0000000100000000)
  region size 1024K, 2 young (2048K), 2 survivors (2048K)
 Metaspace       used 65120K, capacity 69848K, committed 69888K, reserved 1110016K
  class space    used 8396K, capacity 9199K, committed 9216K, reserved 1048576K
}
{Heap before GC invocations=635 (full 0):
 garbage-first heap   total 262144K, used 197072K [0x00000000f0000000, 0x00000000f0100800, 0x0000000100000000)
  region size 1024K, 153 young (156672K), 2 survivors (2048K)
 Metaspace       used 65120K, capacity 69848K, committed 69888K, reserved 1110016K
  class space    used 8396K, capacity 9199K, committed 9216K, reserved 1048576K
2022-09-12T02:27:13.729+0800: 396.647: [GC pause (G1 Evacuation Pause) (young) 192M->42822K(256M), 0.0051532 secs]
Heap after GC invocations=636 (full 0):
 garbage-first heap   total 262144K, used 42822K [0x00000000f0000000, 0x00000000f0100800, 0x0000000100000000)
  region size 1024K, 2 young (2048K), 2 survivors (2048K)
 Metaspace       used 65120K, capacity 69848K, committed 69888K, reserved 1110016K
  class space    used 8396K, capacity 9199K, committed 9216K, reserved 1048576K
}
{Heap before GC invocations=636 (full 0):
 garbage-first heap   total 262144K, used 197446K [0x00000000f0000000, 0x00000000f0100800, 0x0000000100000000)
  region size 1024K, 153 young (156672K), 2 survivors (2048K)
 Metaspace       used 65120K, capacity 69848K, committed 69888K, reserved 1110016K
  class space    used 8396K, capacity 9199K, committed 9216K, reserved 1048576K
2022-09-12T02:27:14.258+0800: 397.176: [GC pause (G1 Evacuation Pause) (young) 192M->42884K(256M), 0.0052140 secs]
Heap after GC invocations=637 (full 0):
 garbage-first heap   total 262144K, used 42884K [0x00000000f0000000, 0x00000000f0100800, 0x0000000100000000)
  region size 1024K, 2 young (2048K), 2 survivors (2048K)
 Metaspace       used 65120K, capacity 69848K, committed 69888K, reserved 1110016K
  class space    used 8396K, capacity 9199K, committed 9216K, reserved 1048576K
}
{Heap before GC invocations=637 (full 0):
 garbage-first heap   total 262144K, used 197508K [0x00000000f0000000, 0x00000000f0100800, 0x0000000100000000)
  region size 1024K, 153 young (156672K), 2 survivors (2048K)
 Metaspace       used 65120K, capacity 69848K, committed 69888K, reserved 1110016K
  class space    used 8396K, capacity 9199K, committed 9216K, reserved 1048576K
2022-09-12T02:27:14.787+0800: 397.705: [GC pause (G1 Evacuation Pause) (young) 192M->42449K(256M), 0.0052650 secs]
Heap after GC invocations=638 (full 0):
 garbage-first heap   total 262144K, used 42449K [0x00000000f0000000, 0x00000000f0100800, 0x0000000100000000)
  region size 1024K, 2 young (2048K), 2 survivors (2048K)
 Metaspace       used 65120K, capacity 69848K, committed 69888K, reserved 1110016K
  class space    used 8396K, capacity 9199K, committed 9216K, reserved 1048576K
}
{Heap before GC invocations=638 (full 0):
 garbage-first heap   total 262144K, used 197073K [0x00000000f0000000, 0x00000000f0100800, 0x0000000100000000)
  region size 1024K, 153 young (156672K), 2 survivors (2048K)
 Metaspace       used 65120K, capacity 69848K, committed 69888K, reserved 1110016K
  class space    used 8396K, capacity 9199K, committed 9216K, reserved 1048576K
2022-09-12T02:27:15.329+0800: 398.247: [GC pause (G1 Evacuation Pause) (young) 192M->42819K(256M), 0.0052289 secs]
Heap after GC invocations=639 (full 0):
 garbage-first heap   total 262144K, used 42819K [0x00000000f0000000, 0x00000000f0100800, 0x0000000100000000)
  region size 1024K, 2 young (2048K), 2 survivors (2048K)
 Metaspace       used 65120K, capacity 69848K, committed 69888K, reserved 1110016K
  class space    used 8396K, capacity 9199K, committed 9216K, reserved 1048576K
}
{Heap before GC invocations=639 (full 0):
 garbage-first heap   total 262144K, used 197443K [0x00000000f0000000, 0x00000000f0100800, 0x0000000100000000)
  region size 1024K, 153 young (156672K), 2 survivors (2048K)
 Metaspace       used 65120K, capacity 69848K, committed 69888K, reserved 1110016K
  class space    used 8396K, capacity 9199K, committed 9216K, reserved 1048576K
2022-09-12T02:27:15.858+0800: 398.776: [GC pause (G1 Evacuation Pause) (young) 192M->42867K(256M), 0.0051950 secs]
Heap after GC invocations=640 (full 0):
 garbage-first heap   total 262144K, used 42867K [0x00000000f0000000, 0x00000000f0100800, 0x0000000100000000)
  region size 1024K, 2 young (2048K), 2 survivors (2048K)
 Metaspace       used 65120K, capacity 69848K, committed 69888K, reserved 1110016K
  class space    used 8396K, capacity 9199K, committed 9216K, reserved 1048576K
}
{Heap before GC invocations=640 (full 0):
 garbage-first heap   total 262144K, used 197491K [0x00000000f0000000, 0x00000000f0100800, 0x0000000100000000)
  region size 1024K, 153 young (156672K), 2 survivors (2048K)
 Metaspace       used 65120K, capacity 69848K, committed 69888K, reserved 1110016K
  class space    used 8396K, capacity 9199K, committed 9216K, reserved 1048576K
2022-09-12T02:27:16.398+0800: 399.316: [GC pause (G1 Evacuation Pause) (young) 192M->42448K(256M), 0.0052172 secs]
Heap after GC invocations=641 (full 0):
 garbage-first heap   total 262144K, used 42448K [0x00000000f0000000, 0x00000000f0100800, 0x0000000100000000)
  region size 1024K, 2 young (2048K), 2 survivors (2048K)
 Metaspace       used 65120K, capacity 69848K, committed 69888K, reserved 1110016K
  class space    used 8396K, capacity 9199K, committed 9216K, reserved 1048576K
}
{Heap before GC invocations=641 (full 0):
 garbage-first heap   total 262144K, used 197072K [0x00000000f0000000, 0x00000000f0100800, 0x0000000100000000)
  region size 1024K, 153 young (156672K), 2 survivors (2048K)
 Metaspace       used 65120K, capacity 69848K, committed 69888K, reserved 1110016K
  class space    used 8396K, capacity 9199K, committed 9216K, reserved 1048576K
2022-09-12T02:27:16.929+0800: 399.847: [GC pause (G1 Evacuation Pause) (young) 192M->42808K(256M), 0.0051659 secs]
Heap after GC invocations=642 (full 0):
 garbage-first heap   total 262144K, used 42808K [0x00000000f0000000, 0x00000000f0100800, 0x0000000100000000)
  region size 1024K, 2 young (2048K), 2 survivors (2048K)
 Metaspace       used 65120K, capacity 69848K, committed 69888K, reserved 1110016K
  class space    used 8396K, capacity 9199K, committed 9216K, reserved 1048576K
}
{Heap before GC invocations=642 (full 0):
 garbage-first heap   total 262144K, used 197432K [0x00000000f0000000, 0x00000000f0100800, 0x0000000100000000)
  region size 1024K, 153 young (156672K), 2 survivors (2048K)
 Metaspace       used 65120K, capacity 69848K, committed 69888K, reserved 1110016K
  class space    used 8396K, capacity 9199K, committed 9216K, reserved 1048576K
2022-09-12T02:27:17.459+0800: 400.376: [GC pause (G1 Evacuation Pause) (young) 192M->42860K(256M), 0.0052187 secs]
Heap after GC invocations=643 (full 0):
 garbage-first heap   total 262144K, used 42860K [0x00000000f0000000, 0x00000000f0100800, 0x0000000100000000)
  region size 1024K, 2 young (2048K), 2 survivors (2048K)
 Metaspace       used 65120K, capacity 69848K, committed 69888K, reserved 1110016K
  class space    used 8396K, capacity 9199K, committed 9216K, reserved 1048576K
}
{Heap before GC invocations=643 (full 0):
 garbage-first heap   total 262144K, used 197484K [0x00000000f0000000, 0x00000000f0100800, 0x0000000100000000)
  region size 1024K, 153 young (156672K), 2 survivors (2048K)
 Metaspace       used 65120K, capacity 69848K, committed 69888K, reserved 1110016K
  class space    used 8396K, capacity 9199K, committed 9216K, reserved 1048576K
2022-09-12T02:27:17.989+0800: 400.907: [GC pause (G1 Evacuation Pause) (young) 192M->42446K(256M), 0.0051721 secs]
Heap after GC invocations=644 (full 0):
 garbage-first heap   total 262144K, used 42446K [0x00000000f0000000, 0x00000000f0100800, 0x0000000100000000)
  region size 1024K, 2 young (2048K), 2 survivors (2048K)
 Metaspace       used 65120K, capacity 69848K, committed 69888K, reserved 1110016K
  class space    used 8396K, capacity 9199K, committed 9216K, reserved 1048576K
}
{Heap before GC invocations=644 (full 0):
 garbage-first heap   total 262144K, used 197070K [0x00000000f0000000, 0x00000000f0100800, 0x0000000100000000)
  region size 1024K, 153 young (156672K), 2 survivors (2048K)
 Metaspace       used 65120K, capacity 69848K, committed 69888K, reserved 1110016K
  class space    used 8396K, capacity 9199K, committed 9216K, reserved 1048576K
2022-09-12T02:27:18.528+0800: 401.445: [GC pause (G1 Evacuation Pause) (young) 192M->42797K(256M), 0.0049966 secs]
Heap after GC invocations=645 (full 0):
 garbage-first heap   total 262144K, used 42797K [0x00000000f0000000, 0x00000000f0100800, 0x0000000100000000)
  region size 1024K, 2 young (2048K), 2 survivors (2048K)
 Metaspace       used 65120K, capacity 69848K, committed 69888K, reserved 1110016K
  class space    used 8396K, capacity 9199K, committed 9216K, reserved 1048576K
}
{Heap before GC invocations=645 (full 0):
 garbage-first heap   total 262144K, used 197421K [0x00000000f0000000, 0x00000000f0100800, 0x0000000100000000)
  region size 1024K, 153 young (156672K), 2 survivors (2048K)
 Metaspace       used 65120K, capacity 69848K, committed 69888K, reserved 1110016K
  class space    used 8396K, capacity 9199K, committed 9216K, reserved 1048576K
2022-09-12T02:27:19.056+0800: 401.974: [GC pause (G1 Evacuation Pause) (young) 192M->42546K(256M), 0.0051569 secs]
Heap after GC invocations=646 (full 0):
 garbage-first heap   total 262144K, used 42546K [0x00000000f0000000, 0x00000000f0100800, 0x0000000100000000)
  region size 1024K, 2 young (2048K), 2 survivors (2048K)
 Metaspace       used 65120K, capacity 69848K, committed 69888K, reserved 1110016K
  class space    used 8396K, capacity 9199K, committed 9216K, reserved 1048576K
}
{Heap before GC invocations=646 (full 0):
 garbage-first heap   total 262144K, used 197170K [0x00000000f0000000, 0x00000000f0100800, 0x0000000100000000)
  region size 1024K, 153 young (156672K), 2 survivors (2048K)
 Metaspace       used 65120K, capacity 69848K, committed 69888K, reserved 1110016K
  class space    used 8396K, capacity 9199K, committed 9216K, reserved 1048576K
2022-09-12T02:27:19.585+0800: 402.502: [GC pause (G1 Evacuation Pause) (young) 192M->42589K(256M), 0.0056126 secs]
Heap after GC invocations=647 (full 0):
 garbage-first heap   total 262144K, used 42589K [0x00000000f0000000, 0x00000000f0100800, 0x0000000100000000)
  region size 1024K, 2 young (2048K), 2 survivors (2048K)
 Metaspace       used 65120K, capacity 69848K, committed 69888K, reserved 1110016K
  class space    used 8396K, capacity 9199K, committed 9216K, reserved 1048576K
}
{Heap before GC invocations=647 (full 0):
 garbage-first heap   total 262144K, used 197213K [0x00000000f0000000, 0x00000000f0100800, 0x0000000100000000)
  region size 1024K, 153 young (156672K), 2 survivors (2048K)
 Metaspace       used 65120K, capacity 69848K, committed 69888K, reserved 1110016K
  class space    used 8396K, capacity 9199K, committed 9216K, reserved 1048576K
2022-09-12T02:27:20.115+0800: 403.033: [GC pause (G1 Evacuation Pause) (young) 192M->42878K(256M), 0.0054796 secs]
Heap after GC invocations=648 (full 0):
 garbage-first heap   total 262144K, used 42878K [0x00000000f0000000, 0x00000000f0100800, 0x0000000100000000)
  region size 1024K, 2 young (2048K), 2 survivors (2048K)
 Metaspace       used 65120K, capacity 69848K, committed 69888K, reserved 1110016K
  class space    used 8396K, capacity 9199K, committed 9216K, reserved 1048576K
}
{Heap before GC invocations=648 (full 0):
 garbage-first heap   total 262144K, used 197502K [0x00000000f0000000, 0x00000000f0100800, 0x0000000100000000)
  region size 1024K, 153 young (156672K), 2 survivors (2048K)
 Metaspace       used 65120K, capacity 69848K, committed 69888K, reserved 1110016K
  class space    used 8396K, capacity 9199K, committed 9216K, reserved 1048576K
2022-09-12T02:27:20.647+0800: 403.565: [GC pause (G1 Evacuation Pause) (young) 192M->42463K(256M), 0.0052018 secs]
Heap after GC invocations=649 (full 0):
 garbage-first heap   total 262144K, used 42463K [0x00000000f0000000, 0x00000000f0100800, 0x0000000100000000)
  region size 1024K, 2 young (2048K), 2 survivors (2048K)
 Metaspace       used 65120K, capacity 69848K, committed 69888K, reserved 1110016K
  class space    used 8396K, capacity 9199K, committed 9216K, reserved 1048576K
}
{Heap before GC invocations=649 (full 0):
 garbage-first heap   total 262144K, used 197087K [0x00000000f0000000, 0x00000000f0100800, 0x0000000100000000)
  region size 1024K, 153 young (156672K), 2 survivors (2048K)
 Metaspace       used 65120K, capacity 69848K, committed 69888K, reserved 1110016K
  class space    used 8396K, capacity 9199K, committed 9216K, reserved 1048576K
2022-09-12T02:27:21.176+0800: 404.094: [GC pause (G1 Evacuation Pause) (young) 192M->42823K(256M), 0.0051961 secs]
Heap after GC invocations=650 (full 0):
 garbage-first heap   total 262144K, used 42823K [0x00000000f0000000, 0x00000000f0100800, 0x0000000100000000)
  region size 1024K, 2 young (2048K), 2 survivors (2048K)
 Metaspace       used 65120K, capacity 69848K, committed 69888K, reserved 1110016K
  class space    used 8396K, capacity 9199K, committed 9216K, reserved 1048576K
}
{Heap before GC invocations=650 (full 0):
 garbage-first heap   total 262144K, used 197447K [0x00000000f0000000, 0x00000000f0100800, 0x0000000100000000)
  region size 1024K, 153 young (156672K), 2 survivors (2048K)
 Metaspace       used 65120K, capacity 69848K, committed 69888K, reserved 1110016K
  class space    used 8396K, capacity 9199K, committed 9216K, reserved 1048576K
2022-09-12T02:27:21.706+0800: 404.623: [GC pause (G1 Evacuation Pause) (young) 192M->42870K(256M), 0.0051589 secs]
Heap after GC invocations=651 (full 0):
 garbage-first heap   total 262144K, used 42870K [0x00000000f0000000, 0x00000000f0100800, 0x0000000100000000)
  region size 1024K, 2 young (2048K), 2 survivors (2048K)
 Metaspace       used 65120K, capacity 69848K, committed 69888K, reserved 1110016K
  class space    used 8396K, capacity 9199K, committed 9216K, reserved 1048576K
}
{Heap before GC invocations=651 (full 0):
 garbage-first heap   total 262144K, used 197494K [0x00000000f0000000, 0x00000000f0100800, 0x0000000100000000)
  region size 1024K, 153 young (156672K), 2 survivors (2048K)
 Metaspace       used 65120K, capacity 69848K, committed 69888K, reserved 1110016K
  class space    used 8396K, capacity 9199K, committed 9216K, reserved 1048576K
2022-09-12T02:27:22.236+0800: 405.153: [GC pause (G1 Evacuation Pause) (young) 192M->42613K(256M), 0.0052136 secs]
Heap after GC invocations=652 (full 0):
 garbage-first heap   total 262144K, used 42613K [0x00000000f0000000, 0x00000000f0100800, 0x0000000100000000)
  region size 1024K, 2 young (2048K), 2 survivors (2048K)
 Metaspace       used 65120K, capacity 69848K, committed 69888K, reserved 1110016K
  class space    used 8396K, capacity 9199K, committed 9216K, reserved 1048576K
}
{Heap before GC invocations=652 (full 0):
 garbage-first heap   total 262144K, used 197237K [0x00000000f0000000, 0x00000000f0100800, 0x0000000100000000)
  region size 1024K, 153 young (156672K), 2 survivors (2048K)
 Metaspace       used 65120K, capacity 69848K, committed 69888K, reserved 1110016K
  class space    used 8396K, capacity 9199K, committed 9216K, reserved 1048576K
2022-09-12T02:27:22.772+0800: 405.689: [GC pause (G1 Evacuation Pause) (young) 192M->42838K(256M), 0.0051233 secs]
Heap after GC invocations=653 (full 0):
 garbage-first heap   total 262144K, used 42838K [0x00000000f0000000, 0x00000000f0100800, 0x0000000100000000)
  region size 1024K, 2 young (2048K), 2 survivors (2048K)
 Metaspace       used 65120K, capacity 69848K, committed 69888K, reserved 1110016K
  class space    used 8396K, capacity 9199K, committed 9216K, reserved 1048576K
}
{Heap before GC invocations=653 (full 0):
 garbage-first heap   total 262144K, used 197462K [0x00000000f0000000, 0x00000000f0100800, 0x0000000100000000)
  region size 1024K, 153 young (156672K), 2 survivors (2048K)
 Metaspace       used 65120K, capacity 69848K, committed 69888K, reserved 1110016K
  class space    used 8396K, capacity 9199K, committed 9216K, reserved 1048576K
2022-09-12T02:27:23.302+0800: 406.220: [GC pause (G1 Evacuation Pause) (young) 192M->42884K(256M), 0.0051626 secs]
Heap after GC invocations=654 (full 0):
 garbage-first heap   total 262144K, used 42884K [0x00000000f0000000, 0x00000000f0100800, 0x0000000100000000)
  region size 1024K, 2 young (2048K), 2 survivors (2048K)
 Metaspace       used 65120K, capacity 69848K, committed 69888K, reserved 1110016K
  class space    used 8396K, capacity 9199K, committed 9216K, reserved 1048576K
}
{Heap before GC invocations=654 (full 0):
 garbage-first heap   total 262144K, used 197508K [0x00000000f0000000, 0x00000000f0100800, 0x0000000100000000)
  region size 1024K, 153 young (156672K), 2 survivors (2048K)
 Metaspace       used 65120K, capacity 69848K, committed 69888K, reserved 1110016K
  class space    used 8396K, capacity 9199K, committed 9216K, reserved 1048576K
2022-09-12T02:27:23.831+0800: 406.749: [GC pause (G1 Evacuation Pause) (young) 192M->42459K(256M), 0.0052061 secs]
Heap after GC invocations=655 (full 0):
 garbage-first heap   total 262144K, used 42459K [0x00000000f0000000, 0x00000000f0100800, 0x0000000100000000)
  region size 1024K, 2 young (2048K), 2 survivors (2048K)
 Metaspace       used 65120K, capacity 69848K, committed 69888K, reserved 1110016K
  class space    used 8396K, capacity 9199K, committed 9216K, reserved 1048576K
}
{Heap before GC invocations=655 (full 0):
 garbage-first heap   total 262144K, used 197083K [0x00000000f0000000, 0x00000000f0100800, 0x0000000100000000)
  region size 1024K, 153 young (156672K), 2 survivors (2048K)
 Metaspace       used 65120K, capacity 69848K, committed 69888K, reserved 1110016K
  class space    used 8396K, capacity 9199K, committed 9216K, reserved 1048576K
2022-09-12T02:27:24.361+0800: 407.279: [GC pause (G1 Evacuation Pause) (young) 192M->42825K(256M), 0.0050966 secs]
Heap after GC invocations=656 (full 0):
 garbage-first heap   total 262144K, used 42825K [0x00000000f0000000, 0x00000000f0100800, 0x0000000100000000)
  region size 1024K, 2 young (2048K), 2 survivors (2048K)
 Metaspace       used 65120K, capacity 69848K, committed 69888K, reserved 1110016K
  class space    used 8396K, capacity 9199K, committed 9216K, reserved 1048576K
}
{Heap before GC invocations=656 (full 0):
 garbage-first heap   total 262144K, used 197449K [0x00000000f0000000, 0x00000000f0100800, 0x0000000100000000)
  region size 1024K, 153 young (156672K), 2 survivors (2048K)
 Metaspace       used 65120K, capacity 69848K, committed 69888K, reserved 1110016K
  class space    used 8396K, capacity 9199K, committed 9216K, reserved 1048576K
2022-09-12T02:27:24.892+0800: 407.810: [GC pause (G1 Evacuation Pause) (young) 192M->42867K(256M), 0.0050896 secs]
Heap after GC invocations=657 (full 0):
 garbage-first heap   total 262144K, used 42867K [0x00000000f0000000, 0x00000000f0100800, 0x0000000100000000)
  region size 1024K, 2 young (2048K), 2 survivors (2048K)
 Metaspace       used 65120K, capacity 69848K, committed 69888K, reserved 1110016K
  class space    used 8396K, capacity 9199K, committed 9216K, reserved 1048576K
}
{Heap before GC invocations=657 (full 0):
 garbage-first heap   total 262144K, used 197491K [0x00000000f0000000, 0x00000000f0100800, 0x0000000100000000)
  region size 1024K, 153 young (156672K), 2 survivors (2048K)
 Metaspace       used 65120K, capacity 69848K, committed 69888K, reserved 1110016K
  class space    used 8396K, capacity 9199K, committed 9216K, reserved 1048576K
2022-09-12T02:27:25.424+0800: 408.342: [GC pause (G1 Evacuation Pause) (young) 192M->42455K(256M), 0.0051024 secs]
Heap after GC invocations=658 (full 0):
 garbage-first heap   total 262144K, used 42455K [0x00000000f0000000, 0x00000000f0100800, 0x0000000100000000)
  region size 1024K, 2 young (2048K), 2 survivors (2048K)
 Metaspace       used 65120K, capacity 69848K, committed 69888K, reserved 1110016K
  class space    used 8396K, capacity 9199K, committed 9216K, reserved 1048576K
}
{Heap before GC invocations=658 (full 0):
 garbage-first heap   total 262144K, used 197079K [0x00000000f0000000, 0x00000000f0100800, 0x0000000100000000)
  region size 1024K, 153 young (156672K), 2 survivors (2048K)
 Metaspace       used 65120K, capacity 69848K, committed 69888K, reserved 1110016K
  class space    used 8396K, capacity 9199K, committed 9216K, reserved 1048576K
2022-09-12T02:27:25.960+0800: 408.877: [GC pause (G1 Evacuation Pause) (young) 192M->42599K(256M), 0.0055059 secs]
Heap after GC invocations=659 (full 0):
 garbage-first heap   total 262144K, used 42599K [0x00000000f0000000, 0x00000000f0100800, 0x0000000100000000)
  region size 1024K, 2 young (2048K), 2 survivors (2048K)
 Metaspace       used 65120K, capacity 69848K, committed 69888K, reserved 1110016K
  class space    used 8396K, capacity 9199K, committed 9216K, reserved 1048576K
}
{Heap before GC invocations=659 (full 0):
 garbage-first heap   total 262144K, used 197223K [0x00000000f0000000, 0x00000000f0100800, 0x0000000100000000)
  region size 1024K, 153 young (156672K), 2 survivors (2048K)
 Metaspace       used 65122K, capacity 69848K, committed 69888K, reserved 1110016K
  class space    used 8396K, capacity 9199K, committed 9216K, reserved 1048576K
2022-09-12T02:27:26.486+0800: 409.404: [GC pause (G1 Evacuation Pause) (young) 192M->42866K(256M), 0.0052095 secs]
Heap after GC invocations=660 (full 0):
 garbage-first heap   total 262144K, used 42866K [0x00000000f0000000, 0x00000000f0100800, 0x0000000100000000)
  region size 1024K, 2 young (2048K), 2 survivors (2048K)
 Metaspace       used 65122K, capacity 69848K, committed 69888K, reserved 1110016K
  class space    used 8396K, capacity 9199K, committed 9216K, reserved 1048576K
}
{Heap before GC invocations=660 (full 0):
 garbage-first heap   total 262144K, used 197490K [0x00000000f0000000, 0x00000000f0100800, 0x0000000100000000)
  region size 1024K, 153 young (156672K), 2 survivors (2048K)
 Metaspace       used 65122K, capacity 69848K, committed 69888K, reserved 1110016K
  class space    used 8396K, capacity 9199K, committed 9216K, reserved 1048576K
2022-09-12T02:27:27.016+0800: 409.934: [GC pause (G1 Evacuation Pause) (young) 192M->42611K(256M), 0.0051802 secs]
Heap after GC invocations=661 (full 0):
 garbage-first heap   total 262144K, used 42611K [0x00000000f0000000, 0x00000000f0100800, 0x0000000100000000)
  region size 1024K, 2 young (2048K), 2 survivors (2048K)
 Metaspace       used 65122K, capacity 69848K, committed 69888K, reserved 1110016K
  class space    used 8396K, capacity 9199K, committed 9216K, reserved 1048576K
}
{Heap before GC invocations=661 (full 0):
 garbage-first heap   total 262144K, used 197235K [0x00000000f0000000, 0x00000000f0100800, 0x0000000100000000)
  region size 1024K, 153 young (156672K), 2 survivors (2048K)
 Metaspace       used 65122K, capacity 69848K, committed 69888K, reserved 1110016K
  class space    used 8396K, capacity 9199K, committed 9216K, reserved 1048576K
2022-09-12T02:27:27.548+0800: 410.466: [GC pause (G1 Evacuation Pause) (young) 192M->42839K(256M), 0.0052693 secs]
Heap after GC invocations=662 (full 0):
 garbage-first heap   total 262144K, used 42839K [0x00000000f0000000, 0x00000000f0100800, 0x0000000100000000)
  region size 1024K, 2 young (2048K), 2 survivors (2048K)
 Metaspace       used 65122K, capacity 69848K, committed 69888K, reserved 1110016K
  class space    used 8396K, capacity 9199K, committed 9216K, reserved 1048576K
}
{Heap before GC invocations=662 (full 0):
 garbage-first heap   total 262144K, used 197463K [0x00000000f0000000, 0x00000000f0100800, 0x0000000100000000)
  region size 1024K, 153 young (156672K), 2 survivors (2048K)
 Metaspace       used 65122K, capacity 69848K, committed 69888K, reserved 1110016K
  class space    used 8396K, capacity 9199K, committed 9216K, reserved 1048576K
2022-09-12T02:27:28.078+0800: 410.996: [GC pause (G1 Evacuation Pause) (young) 192M->42878K(256M), 0.0051952 secs]
Heap after GC invocations=663 (full 0):
 garbage-first heap   total 262144K, used 42878K [0x00000000f0000000, 0x00000000f0100800, 0x0000000100000000)
  region size 1024K, 2 young (2048K), 2 survivors (2048K)
 Metaspace       used 65122K, capacity 69848K, committed 69888K, reserved 1110016K
  class space    used 8396K, capacity 9199K, committed 9216K, reserved 1048576K
}
{Heap before GC invocations=663 (full 0):
 garbage-first heap   total 262144K, used 197502K [0x00000000f0000000, 0x00000000f0100800, 0x0000000100000000)
  region size 1024K, 153 young (156672K), 2 survivors (2048K)
 Metaspace       used 65122K, capacity 69848K, committed 69888K, reserved 1110016K
  class space    used 8396K, capacity 9199K, committed 9216K, reserved 1048576K
2022-09-12T02:27:28.609+0800: 411.527: [GC pause (G1 Evacuation Pause) (young) 192M->42910K(256M), 0.0053546 secs]
Heap after GC invocations=664 (full 0):
 garbage-first heap   total 262144K, used 42910K [0x00000000f0000000, 0x00000000f0100800, 0x0000000100000000)
  region size 1024K, 2 young (2048K), 2 survivors (2048K)
 Metaspace       used 65122K, capacity 69848K, committed 69888K, reserved 1110016K
  class space    used 8396K, capacity 9199K, committed 9216K, reserved 1048576K
}
{Heap before GC invocations=664 (full 0):
 garbage-first heap   total 262144K, used 197534K [0x00000000f0000000, 0x00000000f0100800, 0x0000000100000000)
  region size 1024K, 153 young (156672K), 2 survivors (2048K)
 Metaspace       used 65122K, capacity 69848K, committed 69888K, reserved 1110016K
  class space    used 8396K, capacity 9199K, committed 9216K, reserved 1048576K
2022-09-12T02:27:29.139+0800: 412.056: [GC pause (G1 Evacuation Pause) (young) 192M->42470K(256M), 0.0051845 secs]
Heap after GC invocations=665 (full 0):
 garbage-first heap   total 262144K, used 42470K [0x00000000f0000000, 0x00000000f0100800, 0x0000000100000000)
  region size 1024K, 2 young (2048K), 2 survivors (2048K)
 Metaspace       used 65122K, capacity 69848K, committed 69888K, reserved 1110016K
  class space    used 8396K, capacity 9199K, committed 9216K, reserved 1048576K
}
{Heap before GC invocations=665 (full 0):
 garbage-first heap   total 262144K, used 197094K [0x00000000f0000000, 0x00000000f0100800, 0x0000000100000000)
  region size 1024K, 153 young (156672K), 2 survivors (2048K)
 Metaspace       used 65122K, capacity 69848K, committed 69888K, reserved 1110016K
  class space    used 8396K, capacity 9199K, committed 9216K, reserved 1048576K
2022-09-12T02:27:29.685+0800: 412.602: [GC pause (G1 Evacuation Pause) (young) 192M->42833K(256M), 0.0051982 secs]
Heap after GC invocations=666 (full 0):
 garbage-first heap   total 262144K, used 42833K [0x00000000f0000000, 0x00000000f0100800, 0x0000000100000000)
  region size 1024K, 2 young (2048K), 2 survivors (2048K)
 Metaspace       used 65122K, capacity 69848K, committed 69888K, reserved 1110016K
  class space    used 8396K, capacity 9199K, committed 9216K, reserved 1048576K
}
{Heap before GC invocations=666 (full 0):
 garbage-first heap   total 262144K, used 197457K [0x00000000f0000000, 0x00000000f0100800, 0x0000000100000000)
  region size 1024K, 153 young (156672K), 2 survivors (2048K)
 Metaspace       used 65122K, capacity 69848K, committed 69888K, reserved 1110016K
  class space    used 8396K, capacity 9199K, committed 9216K, reserved 1048576K
2022-09-12T02:27:30.216+0800: 413.134: [GC pause (G1 Evacuation Pause) (young) 192M->42878K(256M), 0.0053279 secs]
Heap after GC invocations=667 (full 0):
 garbage-first heap   total 262144K, used 42878K [0x00000000f0000000, 0x00000000f0100800, 0x0000000100000000)
  region size 1024K, 2 young (2048K), 2 survivors (2048K)
 Metaspace       used 65122K, capacity 69848K, committed 69888K, reserved 1110016K
  class space    used 8396K, capacity 9199K, committed 9216K, reserved 1048576K
}
{Heap before GC invocations=667 (full 0):
 garbage-first heap   total 262144K, used 197502K [0x00000000f0000000, 0x00000000f0100800, 0x0000000100000000)
  region size 1024K, 153 young (156672K), 2 survivors (2048K)
 Metaspace       used 65122K, capacity 69848K, committed 69888K, reserved 1110016K
  class space    used 8396K, capacity 9199K, committed 9216K, reserved 1048576K
2022-09-12T02:27:30.746+0800: 413.664: [GC pause (G1 Evacuation Pause) (young) 192M->42462K(256M), 0.0052612 secs]
Heap after GC invocations=668 (full 0):
 garbage-first heap   total 262144K, used 42462K [0x00000000f0000000, 0x00000000f0100800, 0x0000000100000000)
  region size 1024K, 2 young (2048K), 2 survivors (2048K)
 Metaspace       used 65122K, capacity 69848K, committed 69888K, reserved 1110016K
  class space    used 8396K, capacity 9199K, committed 9216K, reserved 1048576K
}
{Heap before GC invocations=668 (full 0):
 garbage-first heap   total 262144K, used 197086K [0x00000000f0000000, 0x00000000f0100800, 0x0000000100000000)
  region size 1024K, 153 young (156672K), 2 survivors (2048K)
 Metaspace       used 65122K, capacity 69848K, committed 69888K, reserved 1110016K
  class space    used 8396K, capacity 9199K, committed 9216K, reserved 1048576K
2022-09-12T02:27:31.286+0800: 414.204: [GC pause (G1 Evacuation Pause) (young) 192M->42604K(256M), 0.0052980 secs]
Heap after GC invocations=669 (full 0):
 garbage-first heap   total 262144K, used 42604K [0x00000000f0000000, 0x00000000f0100800, 0x0000000100000000)
  region size 1024K, 2 young (2048K), 2 survivors (2048K)
 Metaspace       used 65122K, capacity 69848K, committed 69888K, reserved 1110016K
  class space    used 8396K, capacity 9199K, committed 9216K, reserved 1048576K
}
{Heap before GC invocations=669 (full 0):
 garbage-first heap   total 262144K, used 197228K [0x00000000f0000000, 0x00000000f0100800, 0x0000000100000000)
  region size 1024K, 153 young (156672K), 2 survivors (2048K)
 Metaspace       used 65122K, capacity 69848K, committed 69888K, reserved 1110016K
  class space    used 8396K, capacity 9199K, committed 9216K, reserved 1048576K
2022-09-12T02:27:31.819+0800: 414.736: [GC pause (G1 Evacuation Pause) (young) 192M->42876K(256M), 0.0052279 secs]
Heap after GC invocations=670 (full 0):
 garbage-first heap   total 262144K, used 42876K [0x00000000f0000000, 0x00000000f0100800, 0x0000000100000000)
  region size 1024K, 2 young (2048K), 2 survivors (2048K)
 Metaspace       used 65122K, capacity 69848K, committed 69888K, reserved 1110016K
  class space    used 8396K, capacity 9199K, committed 9216K, reserved 1048576K
}
{Heap before GC invocations=670 (full 0):
 garbage-first heap   total 262144K, used 197500K [0x00000000f0000000, 0x00000000f0100800, 0x0000000100000000)
  region size 1024K, 153 young (156672K), 2 survivors (2048K)
 Metaspace       used 65122K, capacity 69848K, committed 69888K, reserved 1110016K
  class space    used 8396K, capacity 9199K, committed 9216K, reserved 1048576K
2022-09-12T02:27:32.351+0800: 415.269: [GC pause (G1 Evacuation Pause) (young) 192M->42461K(256M), 0.0050964 secs]
Heap after GC invocations=671 (full 0):
 garbage-first heap   total 262144K, used 42461K [0x00000000f0000000, 0x00000000f0100800, 0x0000000100000000)
  region size 1024K, 2 young (2048K), 2 survivors (2048K)
 Metaspace       used 65122K, capacity 69848K, committed 69888K, reserved 1110016K
  class space    used 8396K, capacity 9199K, committed 9216K, reserved 1048576K
}
{Heap before GC invocations=671 (full 0):
 garbage-first heap   total 262144K, used 197085K [0x00000000f0000000, 0x00000000f0100800, 0x0000000100000000)
  region size 1024K, 153 young (156672K), 2 survivors (2048K)
 Metaspace       used 65122K, capacity 69848K, committed 69888K, reserved 1110016K
  class space    used 8396K, capacity 9199K, committed 9216K, reserved 1048576K
2022-09-12T02:27:32.882+0800: 415.799: [GC pause (G1 Evacuation Pause) (young) 192M->42824K(256M), 0.0052901 secs]
Heap after GC invocations=672 (full 0):
 garbage-first heap   total 262144K, used 42824K [0x00000000f0000000, 0x00000000f0100800, 0x0000000100000000)
  region size 1024K, 2 young (2048K), 2 survivors (2048K)
 Metaspace       used 65122K, capacity 69848K, committed 69888K, reserved 1110016K
  class space    used 8396K, capacity 9199K, committed 9216K, reserved 1048576K
}
{Heap before GC invocations=672 (full 0):
 garbage-first heap   total 262144K, used 197448K [0x00000000f0000000, 0x00000000f0100800, 0x0000000100000000)
  region size 1024K, 153 young (156672K), 2 survivors (2048K)
 Metaspace       used 65122K, capacity 69848K, committed 69888K, reserved 1110016K
  class space    used 8396K, capacity 9199K, committed 9216K, reserved 1048576K
2022-09-12T02:27:33.421+0800: 416.339: [GC pause (G1 Evacuation Pause) (young) 192M->42888K(256M), 0.0052218 secs]
Heap after GC invocations=673 (full 0):
 garbage-first heap   total 262144K, used 42888K [0x00000000f0000000, 0x00000000f0100800, 0x0000000100000000)
  region size 1024K, 2 young (2048K), 2 survivors (2048K)
 Metaspace       used 65122K, capacity 69848K, committed 69888K, reserved 1110016K
  class space    used 8396K, capacity 9199K, committed 9216K, reserved 1048576K
}
{Heap before GC invocations=673 (full 0):
 garbage-first heap   total 262144K, used 197512K [0x00000000f0000000, 0x00000000f0100800, 0x0000000100000000)
  region size 1024K, 153 young (156672K), 2 survivors (2048K)
 Metaspace       used 65122K, capacity 69848K, committed 69888K, reserved 1110016K
  class space    used 8396K, capacity 9199K, committed 9216K, reserved 1048576K
2022-09-12T02:27:33.950+0800: 416.868: [GC pause (G1 Evacuation Pause) (young) 192M->42466K(256M), 0.0050633 secs]
Heap after GC invocations=674 (full 0):
 garbage-first heap   total 262144K, used 42466K [0x00000000f0000000, 0x00000000f0100800, 0x0000000100000000)
  region size 1024K, 2 young (2048K), 2 survivors (2048K)
 Metaspace       used 65122K, capacity 69848K, committed 69888K, reserved 1110016K
  class space    used 8396K, capacity 9199K, committed 9216K, reserved 1048576K
}
{Heap before GC invocations=674 (full 0):
 garbage-first heap   total 262144K, used 197090K [0x00000000f0000000, 0x00000000f0100800, 0x0000000100000000)
  region size 1024K, 153 young (156672K), 2 survivors (2048K)
 Metaspace       used 65122K, capacity 69848K, committed 69888K, reserved 1110016K
  class space    used 8396K, capacity 9199K, committed 9216K, reserved 1048576K
2022-09-12T02:27:34.482+0800: 417.400: [GC pause (G1 Evacuation Pause) (young) 192M->42830K(256M), 0.0051943 secs]
Heap after GC invocations=675 (full 0):
 garbage-first heap   total 262144K, used 42830K [0x00000000f0000000, 0x00000000f0100800, 0x0000000100000000)
  region size 1024K, 2 young (2048K), 2 survivors (2048K)
 Metaspace       used 65122K, capacity 69848K, committed 69888K, reserved 1110016K
  class space    used 8396K, capacity 9199K, committed 9216K, reserved 1048576K
}
{Heap before GC invocations=675 (full 0):
 garbage-first heap   total 262144K, used 197454K [0x00000000f0000000, 0x00000000f0100800, 0x0000000100000000)
  region size 1024K, 153 young (156672K), 2 survivors (2048K)
 Metaspace       used 65122K, capacity 69848K, committed 69888K, reserved 1110016K
  class space    used 8396K, capacity 9199K, committed 9216K, reserved 1048576K
2022-09-12T02:27:35.013+0800: 417.931: [GC pause (G1 Evacuation Pause) (young) 192M->42879K(256M), 0.0051291 secs]
Heap after GC invocations=676 (full 0):
 garbage-first heap   total 262144K, used 42879K [0x00000000f0000000, 0x00000000f0100800, 0x0000000100000000)
  region size 1024K, 2 young (2048K), 2 survivors (2048K)
 Metaspace       used 65122K, capacity 69848K, committed 69888K, reserved 1110016K
  class space    used 8396K, capacity 9199K, committed 9216K, reserved 1048576K
}
{Heap before GC invocations=676 (full 0):
 garbage-first heap   total 262144K, used 197503K [0x00000000f0000000, 0x00000000f0100800, 0x0000000100000000)
  region size 1024K, 153 young (156672K), 2 survivors (2048K)
 Metaspace       used 65122K, capacity 69848K, committed 69888K, reserved 1110016K
  class space    used 8396K, capacity 9199K, committed 9216K, reserved 1048576K
2022-09-12T02:27:35.543+0800: 418.461: [GC pause (G1 Evacuation Pause) (young) 192M->42461K(256M), 0.0051565 secs]
Heap after GC invocations=677 (full 0):
 garbage-first heap   total 262144K, used 42461K [0x00000000f0000000, 0x00000000f0100800, 0x0000000100000000)
  region size 1024K, 2 young (2048K), 2 survivors (2048K)
 Metaspace       used 65122K, capacity 69848K, committed 69888K, reserved 1110016K
  class space    used 8396K, capacity 9199K, committed 9216K, reserved 1048576K
}
{Heap before GC invocations=677 (full 0):
 garbage-first heap   total 262144K, used 197085K [0x00000000f0000000, 0x00000000f0100800, 0x0000000100000000)
  region size 1024K, 153 young (156672K), 2 survivors (2048K)
 Metaspace       used 65122K, capacity 69848K, committed 69888K, reserved 1110016K
  class space    used 8396K, capacity 9199K, committed 9216K, reserved 1048576K
2022-09-12T02:27:36.073+0800: 418.991: [GC pause (G1 Evacuation Pause) (young) 192M->42822K(256M), 0.0053403 secs]
Heap after GC invocations=678 (full 0):
 garbage-first heap   total 262144K, used 42822K [0x00000000f0000000, 0x00000000f0100800, 0x0000000100000000)
  region size 1024K, 2 young (2048K), 2 survivors (2048K)
 Metaspace       used 65122K, capacity 69848K, committed 69888K, reserved 1110016K
  class space    used 8396K, capacity 9199K, committed 9216K, reserved 1048576K
}
{Heap before GC invocations=678 (full 0):
 garbage-first heap   total 262144K, used 197446K [0x00000000f0000000, 0x00000000f0100800, 0x0000000100000000)
  region size 1024K, 153 young (156672K), 2 survivors (2048K)
 Metaspace       used 65122K, capacity 69848K, committed 69888K, reserved 1110016K
  class space    used 8396K, capacity 9199K, committed 9216K, reserved 1048576K
2022-09-12T02:27:36.605+0800: 419.523: [GC pause (G1 Evacuation Pause) (young) 192M->42861K(256M), 0.0052515 secs]
Heap after GC invocations=679 (full 0):
 garbage-first heap   total 262144K, used 42861K [0x00000000f0000000, 0x00000000f0100800, 0x0000000100000000)
  region size 1024K, 2 young (2048K), 2 survivors (2048K)
 Metaspace       used 65122K, capacity 69848K, committed 69888K, reserved 1110016K
  class space    used 8396K, capacity 9199K, committed 9216K, reserved 1048576K
}
{Heap before GC invocations=679 (full 0):
 garbage-first heap   total 262144K, used 197485K [0x00000000f0000000, 0x00000000f0100800, 0x0000000100000000)
  region size 1024K, 153 young (156672K), 2 survivors (2048K)
 Metaspace       used 65122K, capacity 69848K, committed 69888K, reserved 1110016K
  class space    used 8396K, capacity 9199K, committed 9216K, reserved 1048576K
2022-09-12T02:27:37.145+0800: 420.063: [GC pause (G1 Evacuation Pause) (young) 192M->42895K(256M), 0.0052245 secs]
Heap after GC invocations=680 (full 0):
 garbage-first heap   total 262144K, used 42895K [0x00000000f0000000, 0x00000000f0100800, 0x0000000100000000)
  region size 1024K, 2 young (2048K), 2 survivors (2048K)
 Metaspace       used 65122K, capacity 69848K, committed 69888K, reserved 1110016K
  class space    used 8396K, capacity 9199K, committed 9216K, reserved 1048576K
}
{Heap before GC invocations=680 (full 0):
 garbage-first heap   total 262144K, used 197519K [0x00000000f0000000, 0x00000000f0100800, 0x0000000100000000)
  region size 1024K, 153 young (156672K), 2 survivors (2048K)
 Metaspace       used 65122K, capacity 69848K, committed 69888K, reserved 1110016K
  class space    used 8396K, capacity 9199K, committed 9216K, reserved 1048576K
2022-09-12T02:27:37.676+0800: 420.594: [GC pause (G1 Evacuation Pause) (young) 192M->42468K(256M), 0.0053174 secs]
Heap after GC invocations=681 (full 0):
 garbage-first heap   total 262144K, used 42468K [0x00000000f0000000, 0x00000000f0100800, 0x0000000100000000)
  region size 1024K, 2 young (2048K), 2 survivors (2048K)
 Metaspace       used 65122K, capacity 69848K, committed 69888K, reserved 1110016K
  class space    used 8396K, capacity 9199K, committed 9216K, reserved 1048576K
}
{Heap before GC invocations=681 (full 0):
 garbage-first heap   total 262144K, used 197092K [0x00000000f0000000, 0x00000000f0100800, 0x0000000100000000)
  region size 1024K, 153 young (156672K), 2 survivors (2048K)
 Metaspace       used 65122K, capacity 69848K, committed 69888K, reserved 1110016K
  class space    used 8396K, capacity 9199K, committed 9216K, reserved 1048576K
2022-09-12T02:27:38.206+0800: 421.123: [GC pause (G1 Evacuation Pause) (young) 192M->42840K(256M), 0.0051246 secs]
Heap after GC invocations=682 (full 0):
 garbage-first heap   total 262144K, used 42840K [0x00000000f0000000, 0x00000000f0100800, 0x0000000100000000)
  region size 1024K, 2 young (2048K), 2 survivors (2048K)
 Metaspace       used 65122K, capacity 69848K, committed 69888K, reserved 1110016K
  class space    used 8396K, capacity 9199K, committed 9216K, reserved 1048576K
}
{Heap before GC invocations=682 (full 0):
 garbage-first heap   total 262144K, used 197464K [0x00000000f0000000, 0x00000000f0100800, 0x0000000100000000)
  region size 1024K, 153 young (156672K), 2 survivors (2048K)
 Metaspace       used 65122K, capacity 69848K, committed 69888K, reserved 1110016K
  class space    used 8396K, capacity 9199K, committed 9216K, reserved 1048576K
2022-09-12T02:27:38.735+0800: 421.653: [GC pause (G1 Evacuation Pause) (young) 192M->42881K(256M), 0.0052610 secs]
Heap after GC invocations=683 (full 0):
 garbage-first heap   total 262144K, used 42881K [0x00000000f0000000, 0x00000000f0100800, 0x0000000100000000)
  region size 1024K, 2 young (2048K), 2 survivors (2048K)
 Metaspace       used 65122K, capacity 69848K, committed 69888K, reserved 1110016K
  class space    used 8396K, capacity 9199K, committed 9216K, reserved 1048576K
}
{Heap before GC invocations=683 (full 0):
 garbage-first heap   total 262144K, used 197505K [0x00000000f0000000, 0x00000000f0100800, 0x0000000100000000)
  region size 1024K, 153 young (156672K), 2 survivors (2048K)
 Metaspace       used 65122K, capacity 69848K, committed 69888K, reserved 1110016K
  class space    used 8396K, capacity 9199K, committed 9216K, reserved 1048576K
2022-09-12T02:27:39.265+0800: 422.183: [GC pause (G1 Evacuation Pause) (young) 192M->42461K(256M), 0.0051979 secs]
Heap after GC invocations=684 (full 0):
 garbage-first heap   total 262144K, used 42461K [0x00000000f0000000, 0x00000000f0100800, 0x0000000100000000)
  region size 1024K, 2 young (2048K), 2 survivors (2048K)
 Metaspace       used 65122K, capacity 69848K, committed 69888K, reserved 1110016K
  class space    used 8396K, capacity 9199K, committed 9216K, reserved 1048576K
}
{Heap before GC invocations=684 (full 0):
 garbage-first heap   total 262144K, used 197085K [0x00000000f0000000, 0x00000000f0100800, 0x0000000100000000)
  region size 1024K, 153 young (156672K), 2 survivors (2048K)
 Metaspace       used 65122K, capacity 69848K, committed 69888K, reserved 1110016K
  class space    used 8396K, capacity 9199K, committed 9216K, reserved 1048576K
2022-09-12T02:27:39.797+0800: 422.715: [GC pause (G1 Evacuation Pause) (young) 192M->42614K(256M), 0.0110387 secs]
Heap after GC invocations=685 (full 0):
 garbage-first heap   total 262144K, used 42614K [0x00000000f0000000, 0x00000000f0100800, 0x0000000100000000)
  region size 1024K, 2 young (2048K), 2 survivors (2048K)
 Metaspace       used 65122K, capacity 69848K, committed 69888K, reserved 1110016K
  class space    used 8396K, capacity 9199K, committed 9216K, reserved 1048576K
}
{Heap before GC invocations=685 (full 0):
 garbage-first heap   total 262144K, used 197238K [0x00000000f0000000, 0x00000000f0100800, 0x0000000100000000)
  region size 1024K, 153 young (156672K), 2 survivors (2048K)
 Metaspace       used 65122K, capacity 69848K, committed 69888K, reserved 1110016K
  class space    used 8396K, capacity 9199K, committed 9216K, reserved 1048576K
2022-09-12T02:27:40.334+0800: 423.252: [GC pause (G1 Evacuation Pause) (young) 192M->42893K(256M), 0.0051983 secs]
Heap after GC invocations=686 (full 0):
 garbage-first heap   total 262144K, used 42893K [0x00000000f0000000, 0x00000000f0100800, 0x0000000100000000)
  region size 1024K, 2 young (2048K), 2 survivors (2048K)
 Metaspace       used 65122K, capacity 69848K, committed 69888K, reserved 1110016K
  class space    used 8396K, capacity 9199K, committed 9216K, reserved 1048576K
}
{Heap before GC invocations=686 (full 0):
 garbage-first heap   total 262144K, used 197517K [0x00000000f0000000, 0x00000000f0100800, 0x0000000100000000)
  region size 1024K, 153 young (156672K), 2 survivors (2048K)
 Metaspace       used 65122K, capacity 69848K, committed 69888K, reserved 1110016K
  class space    used 8396K, capacity 9199K, committed 9216K, reserved 1048576K
2022-09-12T02:27:40.875+0800: 423.793: [GC pause (G1 Evacuation Pause) (young) 192M->42471K(256M), 0.0052165 secs]
Heap after GC invocations=687 (full 0):
 garbage-first heap   total 262144K, used 42471K [0x00000000f0000000, 0x00000000f0100800, 0x0000000100000000)
  region size 1024K, 2 young (2048K), 2 survivors (2048K)
 Metaspace       used 65122K, capacity 69848K, committed 69888K, reserved 1110016K
  class space    used 8396K, capacity 9199K, committed 9216K, reserved 1048576K
}
{Heap before GC invocations=687 (full 0):
 garbage-first heap   total 262144K, used 197095K [0x00000000f0000000, 0x00000000f0100800, 0x0000000100000000)
  region size 1024K, 153 young (156672K), 2 survivors (2048K)
 Metaspace       used 65122K, capacity 69848K, committed 69888K, reserved 1110016K
  class space    used 8396K, capacity 9199K, committed 9216K, reserved 1048576K
2022-09-12T02:27:41.408+0800: 424.326: [GC pause (G1 Evacuation Pause) (young) 192M->42824K(256M), 0.0051775 secs]
Heap after GC invocations=688 (full 0):
 garbage-first heap   total 262144K, used 42824K [0x00000000f0000000, 0x00000000f0100800, 0x0000000100000000)
  region size 1024K, 2 young (2048K), 2 survivors (2048K)
 Metaspace       used 65122K, capacity 69848K, committed 69888K, reserved 1110016K
  class space    used 8396K, capacity 9199K, committed 9216K, reserved 1048576K
}
{Heap before GC invocations=688 (full 0):
 garbage-first heap   total 262144K, used 197448K [0x00000000f0000000, 0x00000000f0100800, 0x0000000100000000)
  region size 1024K, 153 young (156672K), 2 survivors (2048K)
 Metaspace       used 65122K, capacity 69848K, committed 69888K, reserved 1110016K
  class space    used 8396K, capacity 9199K, committed 9216K, reserved 1048576K
2022-09-12T02:27:41.942+0800: 424.859: [GC pause (G1 Evacuation Pause) (young) 192M->42871K(256M), 0.0051763 secs]
Heap after GC invocations=689 (full 0):
 garbage-first heap   total 262144K, used 42871K [0x00000000f0000000, 0x00000000f0100800, 0x0000000100000000)
  region size 1024K, 2 young (2048K), 2 survivors (2048K)
 Metaspace       used 65122K, capacity 69848K, committed 69888K, reserved 1110016K
  class space    used 8396K, capacity 9199K, committed 9216K, reserved 1048576K
}
{Heap before GC invocations=689 (full 0):
 garbage-first heap   total 262144K, used 197495K [0x00000000f0000000, 0x00000000f0100800, 0x0000000100000000)
  region size 1024K, 153 young (156672K), 2 survivors (2048K)
 Metaspace       used 65122K, capacity 69848K, committed 69888K, reserved 1110016K
  class space    used 8396K, capacity 9199K, committed 9216K, reserved 1048576K
2022-09-12T02:27:42.475+0800: 425.393: [GC pause (G1 Evacuation Pause) (young) 192M->42619K(256M), 0.0052348 secs]
Heap after GC invocations=690 (full 0):
 garbage-first heap   total 262144K, used 42619K [0x00000000f0000000, 0x00000000f0100800, 0x0000000100000000)
  region size 1024K, 2 young (2048K), 2 survivors (2048K)
 Metaspace       used 65122K, capacity 69848K, committed 69888K, reserved 1110016K
  class space    used 8396K, capacity 9199K, committed 9216K, reserved 1048576K
}
{Heap before GC invocations=690 (full 0):
 garbage-first heap   total 262144K, used 197243K [0x00000000f0000000, 0x00000000f0100800, 0x0000000100000000)
  region size 1024K, 153 young (156672K), 2 survivors (2048K)
 Metaspace       used 65122K, capacity 69848K, committed 69888K, reserved 1110016K
  class space    used 8396K, capacity 9199K, committed 9216K, reserved 1048576K
2022-09-12T02:27:43.009+0800: 425.927: [GC pause (G1 Evacuation Pause) (young) 192M->42853K(256M), 0.0052107 secs]
Heap after GC invocations=691 (full 0):
 garbage-first heap   total 262144K, used 42853K [0x00000000f0000000, 0x00000000f0100800, 0x0000000100000000)
  region size 1024K, 2 young (2048K), 2 survivors (2048K)
 Metaspace       used 65122K, capacity 69848K, committed 69888K, reserved 1110016K
  class space    used 8396K, capacity 9199K, committed 9216K, reserved 1048576K
}
{Heap before GC invocations=691 (full 0):
 garbage-first heap   total 262144K, used 197477K [0x00000000f0000000, 0x00000000f0100800, 0x0000000100000000)
  region size 1024K, 153 young (156672K), 2 survivors (2048K)
 Metaspace       used 65122K, capacity 69848K, committed 69888K, reserved 1110016K
  class space    used 8396K, capacity 9199K, committed 9216K, reserved 1048576K
2022-09-12T02:27:43.540+0800: 426.458: [GC pause (G1 Evacuation Pause) (young) 192M->42910K(256M), 0.0052655 secs]
Heap after GC invocations=692 (full 0):
 garbage-first heap   total 262144K, used 42910K [0x00000000f0000000, 0x00000000f0100800, 0x0000000100000000)
  region size 1024K, 2 young (2048K), 2 survivors (2048K)
 Metaspace       used 65122K, capacity 69848K, committed 69888K, reserved 1110016K
  class space    used 8396K, capacity 9199K, committed 9216K, reserved 1048576K
}
{Heap before GC invocations=692 (full 0):
 garbage-first heap   total 262144K, used 197534K [0x00000000f0000000, 0x00000000f0100800, 0x0000000100000000)
  region size 1024K, 153 young (156672K), 2 survivors (2048K)
 Metaspace       used 65122K, capacity 69848K, committed 69888K, reserved 1110016K
  class space    used 8396K, capacity 9199K, committed 9216K, reserved 1048576K
2022-09-12T02:27:44.082+0800: 427.000: [GC pause (G1 Evacuation Pause) (young) 192M->42481K(256M), 0.0050789 secs]
Heap after GC invocations=693 (full 0):
 garbage-first heap   total 262144K, used 42481K [0x00000000f0000000, 0x00000000f0100800, 0x0000000100000000)
  region size 1024K, 2 young (2048K), 2 survivors (2048K)
 Metaspace       used 65122K, capacity 69848K, committed 69888K, reserved 1110016K
  class space    used 8396K, capacity 9199K, committed 9216K, reserved 1048576K
}
{Heap before GC invocations=693 (full 0):
 garbage-first heap   total 262144K, used 197105K [0x00000000f0000000, 0x00000000f0100800, 0x0000000100000000)
  region size 1024K, 153 young (156672K), 2 survivors (2048K)
 Metaspace       used 65122K, capacity 69848K, committed 69888K, reserved 1110016K
  class space    used 8396K, capacity 9199K, committed 9216K, reserved 1048576K
2022-09-12T02:27:44.611+0800: 427.529: [GC pause (G1 Evacuation Pause) (young) 192M->42829K(256M), 0.0051625 secs]
Heap after GC invocations=694 (full 0):
 garbage-first heap   total 262144K, used 42829K [0x00000000f0000000, 0x00000000f0100800, 0x0000000100000000)
  region size 1024K, 2 young (2048K), 2 survivors (2048K)
 Metaspace       used 65122K, capacity 69848K, committed 69888K, reserved 1110016K
  class space    used 8396K, capacity 9199K, committed 9216K, reserved 1048576K
}
{Heap before GC invocations=694 (full 0):
 garbage-first heap   total 262144K, used 197453K [0x00000000f0000000, 0x00000000f0100800, 0x0000000100000000)
  region size 1024K, 153 young (156672K), 2 survivors (2048K)
 Metaspace       used 65122K, capacity 69848K, committed 69888K, reserved 1110016K
  class space    used 8396K, capacity 9199K, committed 9216K, reserved 1048576K
2022-09-12T02:27:45.141+0800: 428.059: [GC pause (G1 Evacuation Pause) (young) 192M->42902K(256M), 0.0051415 secs]
Heap after GC invocations=695 (full 0):
 garbage-first heap   total 262144K, used 42902K [0x00000000f0000000, 0x00000000f0100800, 0x0000000100000000)
  region size 1024K, 2 young (2048K), 2 survivors (2048K)
 Metaspace       used 65122K, capacity 69848K, committed 69888K, reserved 1110016K
  class space    used 8396K, capacity 9199K, committed 9216K, reserved 1048576K
}
{Heap before GC invocations=695 (full 0):
 garbage-first heap   total 262144K, used 197526K [0x00000000f0000000, 0x00000000f0100800, 0x0000000100000000)
  region size 1024K, 153 young (156672K), 2 survivors (2048K)
 Metaspace       used 65122K, capacity 69848K, committed 69888K, reserved 1110016K
  class space    used 8396K, capacity 9199K, committed 9216K, reserved 1048576K
2022-09-12T02:27:45.673+0800: 428.591: [GC pause (G1 Evacuation Pause) (young) 192M->42479K(256M), 0.0052785 secs]
Heap after GC invocations=696 (full 0):
 garbage-first heap   total 262144K, used 42479K [0x00000000f0000000, 0x00000000f0100800, 0x0000000100000000)
  region size 1024K, 2 young (2048K), 2 survivors (2048K)
 Metaspace       used 65122K, capacity 69848K, committed 69888K, reserved 1110016K
  class space    used 8396K, capacity 9199K, committed 9216K, reserved 1048576K
}
{Heap before GC invocations=696 (full 0):
 garbage-first heap   total 262144K, used 197103K [0x00000000f0000000, 0x00000000f0100800, 0x0000000100000000)
  region size 1024K, 153 young (156672K), 2 survivors (2048K)
 Metaspace       used 65122K, capacity 69848K, committed 69888K, reserved 1110016K
  class space    used 8396K, capacity 9199K, committed 9216K, reserved 1048576K
2022-09-12T02:27:46.211+0800: 429.129: [GC pause (G1 Evacuation Pause) (young) 192M->42848K(256M), 0.0052812 secs]
Heap after GC invocations=697 (full 0):
 garbage-first heap   total 262144K, used 42848K [0x00000000f0000000, 0x00000000f0100800, 0x0000000100000000)
  region size 1024K, 2 young (2048K), 2 survivors (2048K)
 Metaspace       used 65122K, capacity 69848K, committed 69888K, reserved 1110016K
  class space    used 8396K, capacity 9199K, committed 9216K, reserved 1048576K
}
{Heap before GC invocations=697 (full 0):
 garbage-first heap   total 262144K, used 197472K [0x00000000f0000000, 0x00000000f0100800, 0x0000000100000000)
  region size 1024K, 153 young (156672K), 2 survivors (2048K)
 Metaspace       used 65122K, capacity 69848K, committed 69888K, reserved 1110016K
  class space    used 8396K, capacity 9199K, committed 9216K, reserved 1048576K
2022-09-12T02:27:46.740+0800: 429.658: [GC pause (G1 Evacuation Pause) (young) 192M->42905K(256M), 0.0051129 secs]
Heap after GC invocations=698 (full 0):
 garbage-first heap   total 262144K, used 42905K [0x00000000f0000000, 0x00000000f0100800, 0x0000000100000000)
  region size 1024K, 2 young (2048K), 2 survivors (2048K)
 Metaspace       used 65122K, capacity 69848K, committed 69888K, reserved 1110016K
  class space    used 8396K, capacity 9199K, committed 9216K, reserved 1048576K
}
{Heap before GC invocations=698 (full 0):
 garbage-first heap   total 262144K, used 197529K [0x00000000f0000000, 0x00000000f0100800, 0x0000000100000000)
  region size 1024K, 153 young (156672K), 2 survivors (2048K)
 Metaspace       used 65122K, capacity 69848K, committed 69888K, reserved 1110016K
  class space    used 8396K, capacity 9199K, committed 9216K, reserved 1048576K
2022-09-12T02:27:47.271+0800: 430.189: [GC pause (G1 Evacuation Pause) (young) 192M->42475K(256M), 0.0052543 secs]
Heap after GC invocations=699 (full 0):
 garbage-first heap   total 262144K, used 42475K [0x00000000f0000000, 0x00000000f0100800, 0x0000000100000000)
  region size 1024K, 2 young (2048K), 2 survivors (2048K)
 Metaspace       used 65122K, capacity 69848K, committed 69888K, reserved 1110016K
  class space    used 8396K, capacity 9199K, committed 9216K, reserved 1048576K
}
{Heap before GC invocations=699 (full 0):
 garbage-first heap   total 262144K, used 197099K [0x00000000f0000000, 0x00000000f0100800, 0x0000000100000000)
  region size 1024K, 153 young (156672K), 2 survivors (2048K)
 Metaspace       used 65122K, capacity 69848K, committed 69888K, reserved 1110016K
  class space    used 8396K, capacity 9199K, committed 9216K, reserved 1048576K
2022-09-12T02:27:47.813+0800: 430.731: [GC pause (G1 Evacuation Pause) (young) 192M->42847K(256M), 0.0052228 secs]
Heap after GC invocations=700 (full 0):
 garbage-first heap   total 262144K, used 42847K [0x00000000f0000000, 0x00000000f0100800, 0x0000000100000000)
  region size 1024K, 2 young (2048K), 2 survivors (2048K)
 Metaspace       used 65122K, capacity 69848K, committed 69888K, reserved 1110016K
  class space    used 8396K, capacity 9199K, committed 9216K, reserved 1048576K
}
{Heap before GC invocations=700 (full 0):
 garbage-first heap   total 262144K, used 197471K [0x00000000f0000000, 0x00000000f0100800, 0x0000000100000000)
  region size 1024K, 153 young (156672K), 2 survivors (2048K)
 Metaspace       used 65122K, capacity 69848K, committed 69888K, reserved 1110016K
  class space    used 8396K, capacity 9199K, committed 9216K, reserved 1048576K
2022-09-12T02:27:48.344+0800: 431.262: [GC pause (G1 Evacuation Pause) (young) 192M->42902K(256M), 0.0052290 secs]
Heap after GC invocations=701 (full 0):
 garbage-first heap   total 262144K, used 42902K [0x00000000f0000000, 0x00000000f0100800, 0x0000000100000000)
  region size 1024K, 2 young (2048K), 2 survivors (2048K)
 Metaspace       used 65122K, capacity 69848K, committed 69888K, reserved 1110016K
  class space    used 8396K, capacity 9199K, committed 9216K, reserved 1048576K
}
{Heap before GC invocations=701 (full 0):
 garbage-first heap   total 262144K, used 197526K [0x00000000f0000000, 0x00000000f0100800, 0x0000000100000000)
  region size 1024K, 153 young (156672K), 2 survivors (2048K)
 Metaspace       used 65122K, capacity 69848K, committed 69888K, reserved 1110016K
  class space    used 8396K, capacity 9199K, committed 9216K, reserved 1048576K
2022-09-12T02:27:48.878+0800: 431.796: [GC pause (G1 Evacuation Pause) (young) 192M->42478K(256M), 0.0054837 secs]
Heap after GC invocations=702 (full 0):
 garbage-first heap   total 262144K, used 42478K [0x00000000f0000000, 0x00000000f0100800, 0x0000000100000000)
  region size 1024K, 2 young (2048K), 2 survivors (2048K)
 Metaspace       used 65122K, capacity 69848K, committed 69888K, reserved 1110016K
  class space    used 8396K, capacity 9199K, committed 9216K, reserved 1048576K
}
{Heap before GC invocations=702 (full 0):
 garbage-first heap   total 262144K, used 197102K [0x00000000f0000000, 0x00000000f0100800, 0x0000000100000000)
  region size 1024K, 153 young (156672K), 2 survivors (2048K)
 Metaspace       used 65122K, capacity 69848K, committed 69888K, reserved 1110016K
  class space    used 8396K, capacity 9199K, committed 9216K, reserved 1048576K
2022-09-12T02:27:49.409+0800: 432.327: [GC pause (G1 Evacuation Pause) (young) 192M->42860K(256M), 0.0051177 secs]
Heap after GC invocations=703 (full 0):
 garbage-first heap   total 262144K, used 42860K [0x00000000f0000000, 0x00000000f0100800, 0x0000000100000000)
  region size 1024K, 2 young (2048K), 2 survivors (2048K)
 Metaspace       used 65122K, capacity 69848K, committed 69888K, reserved 1110016K
  class space    used 8396K, capacity 9199K, committed 9216K, reserved 1048576K
}
{Heap before GC invocations=703 (full 0):
 garbage-first heap   total 262144K, used 197484K [0x00000000f0000000, 0x00000000f0100800, 0x0000000100000000)
  region size 1024K, 153 young (156672K), 2 survivors (2048K)
 Metaspace       used 65122K, capacity 69848K, committed 69888K, reserved 1110016K
  class space    used 8396K, capacity 9199K, committed 9216K, reserved 1048576K
2022-09-12T02:27:49.940+0800: 432.858: [GC pause (G1 Evacuation Pause) (young) 192M->42896K(256M), 0.0054618 secs]
Heap after GC invocations=704 (full 0):
 garbage-first heap   total 262144K, used 42896K [0x00000000f0000000, 0x00000000f0100800, 0x0000000100000000)
  region size 1024K, 2 young (2048K), 2 survivors (2048K)
 Metaspace       used 65122K, capacity 69848K, committed 69888K, reserved 1110016K
  class space    used 8396K, capacity 9199K, committed 9216K, reserved 1048576K
}
{Heap before GC invocations=704 (full 0):
 garbage-first heap   total 262144K, used 197520K [0x00000000f0000000, 0x00000000f0100800, 0x0000000100000000)
  region size 1024K, 153 young (156672K), 2 survivors (2048K)
 Metaspace       used 65122K, capacity 69848K, committed 69888K, reserved 1110016K
  class space    used 8396K, capacity 9199K, committed 9216K, reserved 1048576K
2022-09-12T02:27:50.474+0800: 433.392: [GC pause (G1 Evacuation Pause) (young) 192M->42486K(256M), 0.0051195 secs]
Heap after GC invocations=705 (full 0):
 garbage-first heap   total 262144K, used 42486K [0x00000000f0000000, 0x00000000f0100800, 0x0000000100000000)
  region size 1024K, 2 young (2048K), 2 survivors (2048K)
 Metaspace       used 65122K, capacity 69848K, committed 69888K, reserved 1110016K
  class space    used 8396K, capacity 9199K, committed 9216K, reserved 1048576K
}
{Heap before GC invocations=705 (full 0):
 garbage-first heap   total 262144K, used 197110K [0x00000000f0000000, 0x00000000f0100800, 0x0000000100000000)
  region size 1024K, 153 young (156672K), 2 survivors (2048K)
 Metaspace       used 65122K, capacity 69848K, committed 69888K, reserved 1110016K
  class space    used 8396K, capacity 9199K, committed 9216K, reserved 1048576K
2022-09-12T02:27:51.004+0800: 433.922: [GC pause (G1 Evacuation Pause) (young) 192M->42848K(256M), 0.0053329 secs]
Heap after GC invocations=706 (full 0):
 garbage-first heap   total 262144K, used 42848K [0x00000000f0000000, 0x00000000f0100800, 0x0000000100000000)
  region size 1024K, 2 young (2048K), 2 survivors (2048K)
 Metaspace       used 65122K, capacity 69848K, committed 69888K, reserved 1110016K
  class space    used 8396K, capacity 9199K, committed 9216K, reserved 1048576K
}
{Heap before GC invocations=706 (full 0):
 garbage-first heap   total 262144K, used 197472K [0x00000000f0000000, 0x00000000f0100800, 0x0000000100000000)
  region size 1024K, 153 young (156672K), 2 survivors (2048K)
 Metaspace       used 65122K, capacity 69848K, committed 69888K, reserved 1110016K
  class space    used 8396K, capacity 9199K, committed 9216K, reserved 1048576K
2022-09-12T02:27:51.544+0800: 434.462: [GC pause (G1 Evacuation Pause) (young) 192M->42661K(256M), 0.0052826 secs]
Heap after GC invocations=707 (full 0):
 garbage-first heap   total 262144K, used 42661K [0x00000000f0000000, 0x00000000f0100800, 0x0000000100000000)
  region size 1024K, 2 young (2048K), 2 survivors (2048K)
 Metaspace       used 65122K, capacity 69848K, committed 69888K, reserved 1110016K
  class space    used 8396K, capacity 9199K, committed 9216K, reserved 1048576K
}
{Heap before GC invocations=707 (full 0):
 garbage-first heap   total 262144K, used 197285K [0x00000000f0000000, 0x00000000f0100800, 0x0000000100000000)
  region size 1024K, 153 young (156672K), 2 survivors (2048K)
 Metaspace       used 65122K, capacity 69848K, committed 69888K, reserved 1110016K
  class space    used 8396K, capacity 9199K, committed 9216K, reserved 1048576K
2022-09-12T02:27:52.074+0800: 434.992: [GC pause (G1 Evacuation Pause) (young) 192M->42926K(256M), 0.0051554 secs]
Heap after GC invocations=708 (full 0):
 garbage-first heap   total 262144K, used 42926K [0x00000000f0000000, 0x00000000f0100800, 0x0000000100000000)
  region size 1024K, 2 young (2048K), 2 survivors (2048K)
 Metaspace       used 65122K, capacity 69848K, committed 69888K, reserved 1110016K
  class space    used 8396K, capacity 9199K, committed 9216K, reserved 1048576K
}
{Heap before GC invocations=708 (full 0):
 garbage-first heap   total 262144K, used 197550K [0x00000000f0000000, 0x00000000f0100800, 0x0000000100000000)
  region size 1024K, 153 young (156672K), 2 survivors (2048K)
 Metaspace       used 65122K, capacity 69848K, committed 69888K, reserved 1110016K
  class space    used 8396K, capacity 9199K, committed 9216K, reserved 1048576K
2022-09-12T02:27:52.606+0800: 435.524: [GC pause (G1 Evacuation Pause) (young) 192M->42484K(256M), 0.0051650 secs]
Heap after GC invocations=709 (full 0):
 garbage-first heap   total 262144K, used 42484K [0x00000000f0000000, 0x00000000f0100800, 0x0000000100000000)
  region size 1024K, 2 young (2048K), 2 survivors (2048K)
 Metaspace       used 65122K, capacity 69848K, committed 69888K, reserved 1110016K
  class space    used 8396K, capacity 9199K, committed 9216K, reserved 1048576K
}
{Heap before GC invocations=709 (full 0):
 garbage-first heap   total 262144K, used 197108K [0x00000000f0000000, 0x00000000f0100800, 0x0000000100000000)
  region size 1024K, 153 young (156672K), 2 survivors (2048K)
 Metaspace       used 65122K, capacity 69848K, committed 69888K, reserved 1110016K
  class space    used 8396K, capacity 9199K, committed 9216K, reserved 1048576K
2022-09-12T02:27:53.136+0800: 436.054: [GC pause (G1 Evacuation Pause) (young) 192M->42860K(256M), 0.0051777 secs]
Heap after GC invocations=710 (full 0):
 garbage-first heap   total 262144K, used 42860K [0x00000000f0000000, 0x00000000f0100800, 0x0000000100000000)
  region size 1024K, 2 young (2048K), 2 survivors (2048K)
 Metaspace       used 65122K, capacity 69848K, committed 69888K, reserved 1110016K
  class space    used 8396K, capacity 9199K, committed 9216K, reserved 1048576K
}
{Heap before GC invocations=710 (full 0):
 garbage-first heap   total 262144K, used 197484K [0x00000000f0000000, 0x00000000f0100800, 0x0000000100000000)
  region size 1024K, 153 young (156672K), 2 survivors (2048K)
 Metaspace       used 65122K, capacity 69848K, committed 69888K, reserved 1110016K
  class space    used 8396K, capacity 9199K, committed 9216K, reserved 1048576K
2022-09-12T02:27:53.668+0800: 436.586: [GC pause (G1 Evacuation Pause) (young) 192M->42911K(256M), 0.0051815 secs]
Heap after GC invocations=711 (full 0):
 garbage-first heap   total 262144K, used 42911K [0x00000000f0000000, 0x00000000f0100800, 0x0000000100000000)
  region size 1024K, 2 young (2048K), 2 survivors (2048K)
 Metaspace       used 65122K, capacity 69848K, committed 69888K, reserved 1110016K
  class space    used 8396K, capacity 9199K, committed 9216K, reserved 1048576K
}
{Heap before GC invocations=711 (full 0):
 garbage-first heap   total 262144K, used 197535K [0x00000000f0000000, 0x00000000f0100800, 0x0000000100000000)
  region size 1024K, 153 young (156672K), 2 survivors (2048K)
 Metaspace       used 65122K, capacity 69848K, committed 69888K, reserved 1110016K
  class space    used 8396K, capacity 9199K, committed 9216K, reserved 1048576K
2022-09-12T02:27:54.198+0800: 437.116: [GC pause (G1 Evacuation Pause) (young) 192M->42486K(256M), 0.0051532 secs]
Heap after GC invocations=712 (full 0):
 garbage-first heap   total 262144K, used 42486K [0x00000000f0000000, 0x00000000f0100800, 0x0000000100000000)
  region size 1024K, 2 young (2048K), 2 survivors (2048K)
 Metaspace       used 65122K, capacity 69848K, committed 69888K, reserved 1110016K
  class space    used 8396K, capacity 9199K, committed 9216K, reserved 1048576K
}
{Heap before GC invocations=712 (full 0):
 garbage-first heap   total 262144K, used 197110K [0x00000000f0000000, 0x00000000f0100800, 0x0000000100000000)
  region size 1024K, 153 young (156672K), 2 survivors (2048K)
 Metaspace       used 65122K, capacity 69848K, committed 69888K, reserved 1110016K
  class space    used 8396K, capacity 9199K, committed 9216K, reserved 1048576K
2022-09-12T02:27:54.739+0800: 437.657: [GC pause (G1 Evacuation Pause) (young) 192M->42840K(256M), 0.0052201 secs]
Heap after GC invocations=713 (full 0):
 garbage-first heap   total 262144K, used 42840K [0x00000000f0000000, 0x00000000f0100800, 0x0000000100000000)
  region size 1024K, 2 young (2048K), 2 survivors (2048K)
 Metaspace       used 65122K, capacity 69848K, committed 69888K, reserved 1110016K
  class space    used 8396K, capacity 9199K, committed 9216K, reserved 1048576K
}
{Heap before GC invocations=713 (full 0):
 garbage-first heap   total 262144K, used 197464K [0x00000000f0000000, 0x00000000f0100800, 0x0000000100000000)
  region size 1024K, 153 young (156672K), 2 survivors (2048K)
 Metaspace       used 65122K, capacity 69848K, committed 69888K, reserved 1110016K
  class space    used 8396K, capacity 9199K, committed 9216K, reserved 1048576K
2022-09-12T02:27:55.272+0800: 438.189: [GC pause (G1 Evacuation Pause) (young) 192M->42896K(256M), 0.0053275 secs]
Heap after GC invocations=714 (full 0):
 garbage-first heap   total 262144K, used 42896K [0x00000000f0000000, 0x00000000f0100800, 0x0000000100000000)
  region size 1024K, 2 young (2048K), 2 survivors (2048K)
 Metaspace       used 65122K, capacity 69848K, committed 69888K, reserved 1110016K
  class space    used 8396K, capacity 9199K, committed 9216K, reserved 1048576K
}
{Heap before GC invocations=714 (full 0):
 garbage-first heap   total 262144K, used 197520K [0x00000000f0000000, 0x00000000f0100800, 0x0000000100000000)
  region size 1024K, 153 young (156672K), 2 survivors (2048K)
 Metaspace       used 65122K, capacity 69848K, committed 69888K, reserved 1110016K
  class space    used 8396K, capacity 9199K, committed 9216K, reserved 1048576K
2022-09-12T02:27:55.801+0800: 438.719: [GC pause (G1 Evacuation Pause) (young) 192M->42481K(256M), 0.0051270 secs]
Heap after GC invocations=715 (full 0):
 garbage-first heap   total 262144K, used 42481K [0x00000000f0000000, 0x00000000f0100800, 0x0000000100000000)
  region size 1024K, 2 young (2048K), 2 survivors (2048K)
 Metaspace       used 65122K, capacity 69848K, committed 69888K, reserved 1110016K
  class space    used 8396K, capacity 9199K, committed 9216K, reserved 1048576K
}
{Heap before GC invocations=715 (full 0):
 garbage-first heap   total 262144K, used 197105K [0x00000000f0000000, 0x00000000f0100800, 0x0000000100000000)
  region size 1024K, 153 young (156672K), 2 survivors (2048K)
 Metaspace       used 65122K, capacity 69848K, committed 69888K, reserved 1110016K
  class space    used 8396K, capacity 9199K, committed 9216K, reserved 1048576K
2022-09-12T02:27:56.331+0800: 439.249: [GC pause (G1 Evacuation Pause) (young) 192M->42847K(256M), 0.0050144 secs]
Heap after GC invocations=716 (full 0):
 garbage-first heap   total 262144K, used 42847K [0x00000000f0000000, 0x00000000f0100800, 0x0000000100000000)
  region size 1024K, 2 young (2048K), 2 survivors (2048K)
 Metaspace       used 65122K, capacity 69848K, committed 69888K, reserved 1110016K
  class space    used 8396K, capacity 9199K, committed 9216K, reserved 1048576K
}
{Heap before GC invocations=716 (full 0):
 garbage-first heap   total 262144K, used 197471K [0x00000000f0000000, 0x00000000f0100800, 0x0000000100000000)
  region size 1024K, 153 young (156672K), 2 survivors (2048K)
 Metaspace       used 65124K, capacity 69848K, committed 69888K, reserved 1110016K
  class space    used 8396K, capacity 9199K, committed 9216K, reserved 1048576K
2022-09-12T02:27:56.859+0800: 439.777: [GC pause (G1 Evacuation Pause) (young) 192M->42889K(256M), 0.0053210 secs]
Heap after GC invocations=717 (full 0):
 garbage-first heap   total 262144K, used 42889K [0x00000000f0000000, 0x00000000f0100800, 0x0000000100000000)
  region size 1024K, 2 young (2048K), 2 survivors (2048K)
 Metaspace       used 65124K, capacity 69848K, committed 69888K, reserved 1110016K
  class space    used 8396K, capacity 9199K, committed 9216K, reserved 1048576K
}
{Heap before GC invocations=717 (full 0):
 garbage-first heap   total 262144K, used 197513K [0x00000000f0000000, 0x00000000f0100800, 0x0000000100000000)
  region size 1024K, 153 young (156672K), 2 survivors (2048K)
 Metaspace       used 65124K, capacity 69848K, committed 69888K, reserved 1110016K
  class space    used 8396K, capacity 9199K, committed 9216K, reserved 1048576K
2022-09-12T02:27:57.390+0800: 440.308: [GC pause (G1 Evacuation Pause) (young) 192M->42917K(256M), 0.0053064 secs]
Heap after GC invocations=718 (full 0):
 garbage-first heap   total 262144K, used 42917K [0x00000000f0000000, 0x00000000f0100800, 0x0000000100000000)
  region size 1024K, 2 young (2048K), 2 survivors (2048K)
 Metaspace       used 65124K, capacity 69848K, committed 69888K, reserved 1110016K
  class space    used 8396K, capacity 9199K, committed 9216K, reserved 1048576K
}
{Heap before GC invocations=718 (full 0):
 garbage-first heap   total 262144K, used 197541K [0x00000000f0000000, 0x00000000f0100800, 0x0000000100000000)
  region size 1024K, 153 young (156672K), 2 survivors (2048K)
 Metaspace       used 65124K, capacity 69848K, committed 69888K, reserved 1110016K
  class space    used 8396K, capacity 9199K, committed 9216K, reserved 1048576K
2022-09-12T02:27:57.920+0800: 440.838: [GC pause (G1 Evacuation Pause) (young) 192M->42485K(256M), 0.0052266 secs]
Heap after GC invocations=719 (full 0):
 garbage-first heap   total 262144K, used 42485K [0x00000000f0000000, 0x00000000f0100800, 0x0000000100000000)
  region size 1024K, 2 young (2048K), 2 survivors (2048K)
 Metaspace       used 65124K, capacity 69848K, committed 69888K, reserved 1110016K
  class space    used 8396K, capacity 9199K, committed 9216K, reserved 1048576K
}
{Heap before GC invocations=719 (full 0):
 garbage-first heap   total 262144K, used 197109K [0x00000000f0000000, 0x00000000f0100800, 0x0000000100000000)
  region size 1024K, 153 young (156672K), 2 survivors (2048K)
 Metaspace       used 65124K, capacity 69848K, committed 69888K, reserved 1110016K
  class space    used 8396K, capacity 9199K, committed 9216K, reserved 1048576K
2022-09-12T02:27:58.457+0800: 441.375: [GC pause (G1 Evacuation Pause) (young) 192M->42860K(256M), 0.0054249 secs]
Heap after GC invocations=720 (full 0):
 garbage-first heap   total 262144K, used 42860K [0x00000000f0000000, 0x00000000f0100800, 0x0000000100000000)
  region size 1024K, 2 young (2048K), 2 survivors (2048K)
 Metaspace       used 65124K, capacity 69848K, committed 69888K, reserved 1110016K
  class space    used 8396K, capacity 9199K, committed 9216K, reserved 1048576K
}
{Heap before GC invocations=720 (full 0):
 garbage-first heap   total 262144K, used 197484K [0x00000000f0000000, 0x00000000f0100800, 0x0000000100000000)
  region size 1024K, 153 young (156672K), 2 survivors (2048K)
 Metaspace       used 65124K, capacity 69848K, committed 69888K, reserved 1110016K
  class space    used 8396K, capacity 9199K, committed 9216K, reserved 1048576K
2022-09-12T02:27:58.987+0800: 441.905: [GC pause (G1 Evacuation Pause) (young) 192M->42909K(256M), 0.0052988 secs]
Heap after GC invocations=721 (full 0):
 garbage-first heap   total 262144K, used 42909K [0x00000000f0000000, 0x00000000f0100800, 0x0000000100000000)
  region size 1024K, 2 young (2048K), 2 survivors (2048K)
 Metaspace       used 65124K, capacity 69848K, committed 69888K, reserved 1110016K
  class space    used 8396K, capacity 9199K, committed 9216K, reserved 1048576K
}
{Heap before GC invocations=721 (full 0):
 garbage-first heap   total 262144K, used 197533K [0x00000000f0000000, 0x00000000f0100800, 0x0000000100000000)
  region size 1024K, 153 young (156672K), 2 survivors (2048K)
 Metaspace       used 65124K, capacity 69848K, committed 69888K, reserved 1110016K
  class space    used 8396K, capacity 9199K, committed 9216K, reserved 1048576K
2022-09-12T02:27:59.517+0800: 442.434: [GC pause (G1 Evacuation Pause) (young) 192M->42639K(256M), 0.0052614 secs]
Heap after GC invocations=722 (full 0):
 garbage-first heap   total 262144K, used 42639K [0x00000000f0000000, 0x00000000f0100800, 0x0000000100000000)
  region size 1024K, 2 young (2048K), 2 survivors (2048K)
 Metaspace       used 65124K, capacity 69848K, committed 69888K, reserved 1110016K
  class space    used 8396K, capacity 9199K, committed 9216K, reserved 1048576K
}
{Heap before GC invocations=722 (full 0):
 garbage-first heap   total 262144K, used 197263K [0x00000000f0000000, 0x00000000f0100800, 0x0000000100000000)
  region size 1024K, 153 young (156672K), 2 survivors (2048K)
 Metaspace       used 65124K, capacity 69848K, committed 69888K, reserved 1110016K
  class space    used 8396K, capacity 9199K, committed 9216K, reserved 1048576K
2022-09-12T02:28:00.050+0800: 442.968: [GC pause (G1 Evacuation Pause) (young) 192M->42861K(256M), 0.0054030 secs]
Heap after GC invocations=723 (full 0):
 garbage-first heap   total 262144K, used 42861K [0x00000000f0000000, 0x00000000f0100800, 0x0000000100000000)
  region size 1024K, 2 young (2048K), 2 survivors (2048K)
 Metaspace       used 65124K, capacity 69848K, committed 69888K, reserved 1110016K
  class space    used 8396K, capacity 9199K, committed 9216K, reserved 1048576K
}
{Heap before GC invocations=723 (full 0):
 garbage-first heap   total 262144K, used 197485K [0x00000000f0000000, 0x00000000f0100800, 0x0000000100000000)
  region size 1024K, 153 young (156672K), 2 survivors (2048K)
 Metaspace       used 65124K, capacity 69848K, committed 69888K, reserved 1110016K
  class space    used 8396K, capacity 9199K, committed 9216K, reserved 1048576K
2022-09-12T02:28:00.580+0800: 443.498: [GC pause (G1 Evacuation Pause) (young) 192M->42900K(256M), 0.0051097 secs]
Heap after GC invocations=724 (full 0):
 garbage-first heap   total 262144K, used 42900K [0x00000000f0000000, 0x00000000f0100800, 0x0000000100000000)
  region size 1024K, 2 young (2048K), 2 survivors (2048K)
 Metaspace       used 65124K, capacity 69848K, committed 69888K, reserved 1110016K
  class space    used 8396K, capacity 9199K, committed 9216K, reserved 1048576K
}
{Heap before GC invocations=724 (full 0):
 garbage-first heap   total 262144K, used 197524K [0x00000000f0000000, 0x00000000f0100800, 0x0000000100000000)
  region size 1024K, 153 young (156672K), 2 survivors (2048K)
 Metaspace       used 65124K, capacity 69848K, committed 69888K, reserved 1110016K
  class space    used 8396K, capacity 9199K, committed 9216K, reserved 1048576K
2022-09-12T02:28:01.117+0800: 444.035: [GC pause (G1 Evacuation Pause) (young) 192M->42634K(256M), 0.0052406 secs]
Heap after GC invocations=725 (full 0):
 garbage-first heap   total 262144K, used 42634K [0x00000000f0000000, 0x00000000f0100800, 0x0000000100000000)
  region size 1024K, 2 young (2048K), 2 survivors (2048K)
 Metaspace       used 65124K, capacity 69848K, committed 69888K, reserved 1110016K
  class space    used 8396K, capacity 9199K, committed 9216K, reserved 1048576K
}
{Heap before GC invocations=725 (full 0):
 garbage-first heap   total 262144K, used 197258K [0x00000000f0000000, 0x00000000f0100800, 0x0000000100000000)
  region size 1024K, 153 young (156672K), 2 survivors (2048K)
 Metaspace       used 65124K, capacity 69848K, committed 69888K, reserved 1110016K
  class space    used 8396K, capacity 9199K, committed 9216K, reserved 1048576K
2022-09-12T02:28:01.655+0800: 444.573: [GC pause (G1 Evacuation Pause) (young) 192M->42855K(256M), 0.0053329 secs]
Heap after GC invocations=726 (full 0):
 garbage-first heap   total 262144K, used 42855K [0x00000000f0000000, 0x00000000f0100800, 0x0000000100000000)
  region size 1024K, 2 young (2048K), 2 survivors (2048K)
 Metaspace       used 65124K, capacity 69848K, committed 69888K, reserved 1110016K
  class space    used 8396K, capacity 9199K, committed 9216K, reserved 1048576K
}
{Heap before GC invocations=726 (full 0):
 garbage-first heap   total 262144K, used 197479K [0x00000000f0000000, 0x00000000f0100800, 0x0000000100000000)
  region size 1024K, 153 young (156672K), 2 survivors (2048K)
 Metaspace       used 65124K, capacity 69848K, committed 69888K, reserved 1110016K
  class space    used 8396K, capacity 9199K, committed 9216K, reserved 1048576K
2022-09-12T02:28:02.185+0800: 445.103: [GC pause (G1 Evacuation Pause) (young) 192M->42907K(256M), 0.0051838 secs]
Heap after GC invocations=727 (full 0):
 garbage-first heap   total 262144K, used 42907K [0x00000000f0000000, 0x00000000f0100800, 0x0000000100000000)
  region size 1024K, 2 young (2048K), 2 survivors (2048K)
 Metaspace       used 65124K, capacity 69848K, committed 69888K, reserved 1110016K
  class space    used 8396K, capacity 9199K, committed 9216K, reserved 1048576K
}
{Heap before GC invocations=727 (full 0):
 garbage-first heap   total 262144K, used 197531K [0x00000000f0000000, 0x00000000f0100800, 0x0000000100000000)
  region size 1024K, 153 young (156672K), 2 survivors (2048K)
 Metaspace       used 65124K, capacity 69848K, committed 69888K, reserved 1110016K
  class space    used 8396K, capacity 9199K, committed 9216K, reserved 1048576K
2022-09-12T02:28:02.714+0800: 445.631: [GC pause (G1 Evacuation Pause) (young) 192M->42483K(256M), 0.0052399 secs]
Heap after GC invocations=728 (full 0):
 garbage-first heap   total 262144K, used 42483K [0x00000000f0000000, 0x00000000f0100800, 0x0000000100000000)
  region size 1024K, 2 young (2048K), 2 survivors (2048K)
 Metaspace       used 65124K, capacity 69848K, committed 69888K, reserved 1110016K
  class space    used 8396K, capacity 9199K, committed 9216K, reserved 1048576K
}
{Heap before GC invocations=728 (full 0):
 garbage-first heap   total 262144K, used 197107K [0x00000000f0000000, 0x00000000f0100800, 0x0000000100000000)
  region size 1024K, 153 young (156672K), 2 survivors (2048K)
 Metaspace       used 65124K, capacity 69848K, committed 69888K, reserved 1110016K
  class space    used 8396K, capacity 9199K, committed 9216K, reserved 1048576K
2022-09-12T02:28:03.244+0800: 446.161: [GC pause (G1 Evacuation Pause) (young) 192M->42847K(256M), 0.0052831 secs]
Heap after GC invocations=729 (full 0):
 garbage-first heap   total 262144K, used 42847K [0x00000000f0000000, 0x00000000f0100800, 0x0000000100000000)
  region size 1024K, 2 young (2048K), 2 survivors (2048K)
 Metaspace       used 65124K, capacity 69848K, committed 69888K, reserved 1110016K
  class space    used 8396K, capacity 9199K, committed 9216K, reserved 1048576K
}
{Heap before GC invocations=729 (full 0):
 garbage-first heap   total 262144K, used 197471K [0x00000000f0000000, 0x00000000f0100800, 0x0000000100000000)
  region size 1024K, 153 young (156672K), 2 survivors (2048K)
 Metaspace       used 65124K, capacity 69848K, committed 69888K, reserved 1110016K
  class space    used 8396K, capacity 9199K, committed 9216K, reserved 1048576K
2022-09-12T02:28:03.775+0800: 446.693: [GC pause (G1 Evacuation Pause) (young) 192M->42906K(256M), 0.0052576 secs]
Heap after GC invocations=730 (full 0):
 garbage-first heap   total 262144K, used 42906K [0x00000000f0000000, 0x00000000f0100800, 0x0000000100000000)
  region size 1024K, 2 young (2048K), 2 survivors (2048K)
 Metaspace       used 65124K, capacity 69848K, committed 69888K, reserved 1110016K
  class space    used 8396K, capacity 9199K, committed 9216K, reserved 1048576K
}
{Heap before GC invocations=730 (full 0):
 garbage-first heap   total 262144K, used 197530K [0x00000000f0000000, 0x00000000f0100800, 0x0000000100000000)
  region size 1024K, 153 young (156672K), 2 survivors (2048K)
 Metaspace       used 65124K, capacity 69848K, committed 69888K, reserved 1110016K
  class space    used 8396K, capacity 9199K, committed 9216K, reserved 1048576K
2022-09-12T02:28:04.308+0800: 447.226: [GC pause (G1 Evacuation Pause) (young) 192M->42486K(256M), 0.0051605 secs]
Heap after GC invocations=731 (full 0):
 garbage-first heap   total 262144K, used 42486K [0x00000000f0000000, 0x00000000f0100800, 0x0000000100000000)
  region size 1024K, 2 young (2048K), 2 survivors (2048K)
 Metaspace       used 65124K, capacity 69848K, committed 69888K, reserved 1110016K
  class space    used 8396K, capacity 9199K, committed 9216K, reserved 1048576K
}
{Heap before GC invocations=731 (full 0):
 garbage-first heap   total 262144K, used 197110K [0x00000000f0000000, 0x00000000f0100800, 0x0000000100000000)
  region size 1024K, 153 young (156672K), 2 survivors (2048K)
 Metaspace       used 65124K, capacity 69848K, committed 69888K, reserved 1110016K
  class space    used 8396K, capacity 9199K, committed 9216K, reserved 1048576K
2022-09-12T02:28:04.840+0800: 447.757: [GC pause (G1 Evacuation Pause) (young) 192M->42861K(256M), 0.0051364 secs]
Heap after GC invocations=732 (full 0):
 garbage-first heap   total 262144K, used 42861K [0x00000000f0000000, 0x00000000f0100800, 0x0000000100000000)
  region size 1024K, 2 young (2048K), 2 survivors (2048K)
 Metaspace       used 65124K, capacity 69848K, committed 69888K, reserved 1110016K
  class space    used 8396K, capacity 9199K, committed 9216K, reserved 1048576K
}
{Heap before GC invocations=732 (full 0):
 garbage-first heap   total 262144K, used 197485K [0x00000000f0000000, 0x00000000f0100800, 0x0000000100000000)
  region size 1024K, 153 young (156672K), 2 survivors (2048K)
 Metaspace       used 65124K, capacity 69848K, committed 69888K, reserved 1110016K
  class space    used 8396K, capacity 9199K, committed 9216K, reserved 1048576K
2022-09-12T02:28:05.381+0800: 448.299: [GC pause (G1 Evacuation Pause) (young) 192M->42915K(256M), 0.0050976 secs]
Heap after GC invocations=733 (full 0):
 garbage-first heap   total 262144K, used 42915K [0x00000000f0000000, 0x00000000f0100800, 0x0000000100000000)
  region size 1024K, 2 young (2048K), 2 survivors (2048K)
 Metaspace       used 65124K, capacity 69848K, committed 69888K, reserved 1110016K
  class space    used 8396K, capacity 9199K, committed 9216K, reserved 1048576K
}
{Heap before GC invocations=733 (full 0):
 garbage-first heap   total 262144K, used 197539K [0x00000000f0000000, 0x00000000f0100800, 0x0000000100000000)
  region size 1024K, 153 young (156672K), 2 survivors (2048K)
 Metaspace       used 65124K, capacity 69848K, committed 69888K, reserved 1110016K
  class space    used 8396K, capacity 9199K, committed 9216K, reserved 1048576K
2022-09-12T02:28:05.911+0800: 448.829: [GC pause (G1 Evacuation Pause) (young) 192M->42492K(256M), 0.0052949 secs]
Heap after GC invocations=734 (full 0):
 garbage-first heap   total 262144K, used 42492K [0x00000000f0000000, 0x00000000f0100800, 0x0000000100000000)
  region size 1024K, 2 young (2048K), 2 survivors (2048K)
 Metaspace       used 65124K, capacity 69848K, committed 69888K, reserved 1110016K
  class space    used 8396K, capacity 9199K, committed 9216K, reserved 1048576K
}
{Heap before GC invocations=734 (full 0):
 garbage-first heap   total 262144K, used 197116K [0x00000000f0000000, 0x00000000f0100800, 0x0000000100000000)
  region size 1024K, 153 young (156672K), 2 survivors (2048K)
 Metaspace       used 65124K, capacity 69848K, committed 69888K, reserved 1110016K
  class space    used 8396K, capacity 9199K, committed 9216K, reserved 1048576K
2022-09-12T02:28:06.442+0800: 449.360: [GC pause (G1 Evacuation Pause) (young) 192M->42866K(256M), 0.0052086 secs]
Heap after GC invocations=735 (full 0):
 garbage-first heap   total 262144K, used 42866K [0x00000000f0000000, 0x00000000f0100800, 0x0000000100000000)
  region size 1024K, 2 young (2048K), 2 survivors (2048K)
 Metaspace       used 65124K, capacity 69848K, committed 69888K, reserved 1110016K
  class space    used 8396K, capacity 9199K, committed 9216K, reserved 1048576K
}
{Heap before GC invocations=735 (full 0):
 garbage-first heap   total 262144K, used 197490K [0x00000000f0000000, 0x00000000f0100800, 0x0000000100000000)
  region size 1024K, 153 young (156672K), 2 survivors (2048K)
 Metaspace       used 65124K, capacity 69848K, committed 69888K, reserved 1110016K
  class space    used 8396K, capacity 9199K, committed 9216K, reserved 1048576K
2022-09-12T02:28:06.973+0800: 449.891: [GC pause (G1 Evacuation Pause) (young) 192M->42893K(256M), 0.0050041 secs]
Heap after GC invocations=736 (full 0):
 garbage-first heap   total 262144K, used 42893K [0x00000000f0000000, 0x00000000f0100800, 0x0000000100000000)
  region size 1024K, 2 young (2048K), 2 survivors (2048K)
 Metaspace       used 65124K, capacity 69848K, committed 69888K, reserved 1110016K
  class space    used 8396K, capacity 9199K, committed 9216K, reserved 1048576K
}
{Heap before GC invocations=736 (full 0):
 garbage-first heap   total 262144K, used 197517K [0x00000000f0000000, 0x00000000f0100800, 0x0000000100000000)
  region size 1024K, 153 young (156672K), 2 survivors (2048K)
 Metaspace       used 65124K, capacity 69848K, committed 69888K, reserved 1110016K
  class space    used 8396K, capacity 9199K, committed 9216K, reserved 1048576K
2022-09-12T02:28:07.503+0800: 450.421: [GC pause (G1 Evacuation Pause) (young) 192M->42921K(256M), 0.0051900 secs]
Heap after GC invocations=737 (full 0):
 garbage-first heap   total 262144K, used 42921K [0x00000000f0000000, 0x00000000f0100800, 0x0000000100000000)
  region size 1024K, 2 young (2048K), 2 survivors (2048K)
 Metaspace       used 65124K, capacity 69848K, committed 69888K, reserved 1110016K
  class space    used 8396K, capacity 9199K, committed 9216K, reserved 1048576K
}
{Heap before GC invocations=737 (full 0):
 garbage-first heap   total 262144K, used 197545K [0x00000000f0000000, 0x00000000f0100800, 0x0000000100000000)
  region size 1024K, 153 young (156672K), 2 survivors (2048K)
 Metaspace       used 65124K, capacity 69848K, committed 69888K, reserved 1110016K
  class space    used 8396K, capacity 9199K, committed 9216K, reserved 1048576K
2022-09-12T02:28:08.037+0800: 450.954: [GC pause (G1 Evacuation Pause) (young) 192M->42495K(256M), 0.0051507 secs]
Heap after GC invocations=738 (full 0):
 garbage-first heap   total 262144K, used 42495K [0x00000000f0000000, 0x00000000f0100800, 0x0000000100000000)
  region size 1024K, 2 young (2048K), 2 survivors (2048K)
 Metaspace       used 65124K, capacity 69848K, committed 69888K, reserved 1110016K
  class space    used 8396K, capacity 9199K, committed 9216K, reserved 1048576K
}
{Heap before GC invocations=738 (full 0):
 garbage-first heap   total 262144K, used 197119K [0x00000000f0000000, 0x00000000f0100800, 0x0000000100000000)
  region size 1024K, 153 young (156672K), 2 survivors (2048K)
 Metaspace       used 65124K, capacity 69848K, committed 69888K, reserved 1110016K
  class space    used 8396K, capacity 9199K, committed 9216K, reserved 1048576K
2022-09-12T02:28:08.581+0800: 451.499: [GC pause (G1 Evacuation Pause) (young) 192M->42848K(256M), 0.0053055 secs]
Heap after GC invocations=739 (full 0):
 garbage-first heap   total 262144K, used 42848K [0x00000000f0000000, 0x00000000f0100800, 0x0000000100000000)
  region size 1024K, 2 young (2048K), 2 survivors (2048K)
 Metaspace       used 65124K, capacity 69848K, committed 69888K, reserved 1110016K
  class space    used 8396K, capacity 9199K, committed 9216K, reserved 1048576K
}
{Heap before GC invocations=739 (full 0):
 garbage-first heap   total 262144K, used 197472K [0x00000000f0000000, 0x00000000f0100800, 0x0000000100000000)
  region size 1024K, 153 young (156672K), 2 survivors (2048K)
 Metaspace       used 65124K, capacity 69848K, committed 69888K, reserved 1110016K
  class space    used 8396K, capacity 9199K, committed 9216K, reserved 1048576K
2022-09-12T02:28:09.111+0800: 452.029: [GC pause (G1 Evacuation Pause) (young) 192M->42916K(256M), 0.0052223 secs]
Heap after GC invocations=740 (full 0):
 garbage-first heap   total 262144K, used 42916K [0x00000000f0000000, 0x00000000f0100800, 0x0000000100000000)
  region size 1024K, 2 young (2048K), 2 survivors (2048K)
 Metaspace       used 65124K, capacity 69848K, committed 69888K, reserved 1110016K
  class space    used 8396K, capacity 9199K, committed 9216K, reserved 1048576K
}
{Heap before GC invocations=740 (full 0):
 garbage-first heap   total 262144K, used 197540K [0x00000000f0000000, 0x00000000f0100800, 0x0000000100000000)
  region size 1024K, 153 young (156672K), 2 survivors (2048K)
 Metaspace       used 65124K, capacity 69848K, committed 69888K, reserved 1110016K
  class space    used 8396K, capacity 9199K, committed 9216K, reserved 1048576K
2022-09-12T02:28:09.641+0800: 452.559: [GC pause (G1 Evacuation Pause) (young) 192M->42653K(256M), 0.0051201 secs]
Heap after GC invocations=741 (full 0):
 garbage-first heap   total 262144K, used 42653K [0x00000000f0000000, 0x00000000f0100800, 0x0000000100000000)
  region size 1024K, 2 young (2048K), 2 survivors (2048K)
 Metaspace       used 65124K, capacity 69848K, committed 69888K, reserved 1110016K
  class space    used 8396K, capacity 9199K, committed 9216K, reserved 1048576K
}
{Heap before GC invocations=741 (full 0):
 garbage-first heap   total 262144K, used 197277K [0x00000000f0000000, 0x00000000f0100800, 0x0000000100000000)
  region size 1024K, 153 young (156672K), 2 survivors (2048K)
 Metaspace       used 65124K, capacity 69848K, committed 69888K, reserved 1110016K
  class space    used 8396K, capacity 9199K, committed 9216K, reserved 1048576K
2022-09-12T02:28:10.172+0800: 453.090: [GC pause (G1 Evacuation Pause) (young) 192M->42863K(256M), 0.0053696 secs]
Heap after GC invocations=742 (full 0):
 garbage-first heap   total 262144K, used 42863K [0x00000000f0000000, 0x00000000f0100800, 0x0000000100000000)
  region size 1024K, 2 young (2048K), 2 survivors (2048K)
 Metaspace       used 65124K, capacity 69848K, committed 69888K, reserved 1110016K
  class space    used 8396K, capacity 9199K, committed 9216K, reserved 1048576K
}
{Heap before GC invocations=742 (full 0):
 garbage-first heap   total 262144K, used 197487K [0x00000000f0000000, 0x00000000f0100800, 0x0000000100000000)
  region size 1024K, 153 young (156672K), 2 survivors (2048K)
 Metaspace       used 65124K, capacity 69848K, committed 69888K, reserved 1110016K
  class space    used 8396K, capacity 9199K, committed 9216K, reserved 1048576K
2022-09-12T02:28:10.702+0800: 453.620: [GC pause (G1 Evacuation Pause) (young) 192M->42926K(256M), 0.0052358 secs]
Heap after GC invocations=743 (full 0):
 garbage-first heap   total 262144K, used 42926K [0x00000000f0000000, 0x00000000f0100800, 0x0000000100000000)
  region size 1024K, 2 young (2048K), 2 survivors (2048K)
 Metaspace       used 65124K, capacity 69848K, committed 69888K, reserved 1110016K
  class space    used 8396K, capacity 9199K, committed 9216K, reserved 1048576K
}
{Heap before GC invocations=743 (full 0):
 garbage-first heap   total 262144K, used 197550K [0x00000000f0000000, 0x00000000f0100800, 0x0000000100000000)
  region size 1024K, 153 young (156672K), 2 survivors (2048K)
 Metaspace       used 65124K, capacity 69848K, committed 69888K, reserved 1110016K
  class space    used 8396K, capacity 9199K, committed 9216K, reserved 1048576K
2022-09-12T02:28:11.234+0800: 454.152: [GC pause (G1 Evacuation Pause) (young) 192M->42498K(256M), 0.0051840 secs]
Heap after GC invocations=744 (full 0):
 garbage-first heap   total 262144K, used 42498K [0x00000000f0000000, 0x00000000f0100800, 0x0000000100000000)
  region size 1024K, 2 young (2048K), 2 survivors (2048K)
 Metaspace       used 65124K, capacity 69848K, committed 69888K, reserved 1110016K
  class space    used 8396K, capacity 9199K, committed 9216K, reserved 1048576K
}
{Heap before GC invocations=744 (full 0):
 garbage-first heap   total 262144K, used 197122K [0x00000000f0000000, 0x00000000f0100800, 0x0000000100000000)
  region size 1024K, 153 young (156672K), 2 survivors (2048K)
 Metaspace       used 65124K, capacity 69848K, committed 69888K, reserved 1110016K
  class space    used 8396K, capacity 9199K, committed 9216K, reserved 1048576K
2022-09-12T02:28:11.765+0800: 454.682: [GC pause (G1 Evacuation Pause) (young) 192M->42866K(256M), 0.0050960 secs]
Heap after GC invocations=745 (full 0):
 garbage-first heap   total 262144K, used 42866K [0x00000000f0000000, 0x00000000f0100800, 0x0000000100000000)
  region size 1024K, 2 young (2048K), 2 survivors (2048K)
 Metaspace       used 65124K, capacity 69848K, committed 69888K, reserved 1110016K
  class space    used 8396K, capacity 9199K, committed 9216K, reserved 1048576K
}
{Heap before GC invocations=745 (full 0):
 garbage-first heap   total 262144K, used 197490K [0x00000000f0000000, 0x00000000f0100800, 0x0000000100000000)
  region size 1024K, 153 young (156672K), 2 survivors (2048K)
 Metaspace       used 65124K, capacity 69848K, committed 69888K, reserved 1110016K
  class space    used 8396K, capacity 9199K, committed 9216K, reserved 1048576K
2022-09-12T02:28:12.306+0800: 455.224: [GC pause (G1 Evacuation Pause) (young) 192M->42903K(256M), 0.0052285 secs]
Heap after GC invocations=746 (full 0):
 garbage-first heap   total 262144K, used 42903K [0x00000000f0000000, 0x00000000f0100800, 0x0000000100000000)
  region size 1024K, 2 young (2048K), 2 survivors (2048K)
 Metaspace       used 65124K, capacity 69848K, committed 69888K, reserved 1110016K
  class space    used 8396K, capacity 9199K, committed 9216K, reserved 1048576K
}
{Heap before GC invocations=746 (full 0):
 garbage-first heap   total 262144K, used 197527K [0x00000000f0000000, 0x00000000f0100800, 0x0000000100000000)
  region size 1024K, 153 young (156672K), 2 survivors (2048K)
 Metaspace       used 65124K, capacity 69848K, committed 69888K, reserved 1110016K
  class space    used 8396K, capacity 9199K, committed 9216K, reserved 1048576K
2022-09-12T02:28:12.838+0800: 455.756: [GC pause (G1 Evacuation Pause) (young) 192M->42930K(256M), 0.0053289 secs]
Heap after GC invocations=747 (full 0):
 garbage-first heap   total 262144K, used 42930K [0x00000000f0000000, 0x00000000f0100800, 0x0000000100000000)
  region size 1024K, 2 young (2048K), 2 survivors (2048K)
 Metaspace       used 65124K, capacity 69848K, committed 69888K, reserved 1110016K
  class space    used 8396K, capacity 9199K, committed 9216K, reserved 1048576K
}
{Heap before GC invocations=747 (full 0):
 garbage-first heap   total 262144K, used 197554K [0x00000000f0000000, 0x00000000f0100800, 0x0000000100000000)
  region size 1024K, 153 young (156672K), 2 survivors (2048K)
 Metaspace       used 65124K, capacity 69848K, committed 69888K, reserved 1110016K
  class space    used 8396K, capacity 9199K, committed 9216K, reserved 1048576K
2022-09-12T02:28:13.369+0800: 456.287: [GC pause (G1 Evacuation Pause) (young) 192M->42651K(256M), 0.0051505 secs]
Heap after GC invocations=748 (full 0):
 garbage-first heap   total 262144K, used 42651K [0x00000000f0000000, 0x00000000f0100800, 0x0000000100000000)
  region size 1024K, 2 young (2048K), 2 survivors (2048K)
 Metaspace       used 65124K, capacity 69848K, committed 69888K, reserved 1110016K
  class space    used 8396K, capacity 9199K, committed 9216K, reserved 1048576K
}
{Heap before GC invocations=748 (full 0):
 garbage-first heap   total 262144K, used 197275K [0x00000000f0000000, 0x00000000f0100800, 0x0000000100000000)
  region size 1024K, 153 young (156672K), 2 survivors (2048K)
 Metaspace       used 65124K, capacity 69848K, committed 69888K, reserved 1110016K
  class space    used 8396K, capacity 9199K, committed 9216K, reserved 1048576K
2022-09-12T02:28:13.900+0800: 456.818: [GC pause (G1 Evacuation Pause) (young) 192M->42874K(256M), 0.0051383 secs]
Heap after GC invocations=749 (full 0):
 garbage-first heap   total 262144K, used 42874K [0x00000000f0000000, 0x00000000f0100800, 0x0000000100000000)
  region size 1024K, 2 young (2048K), 2 survivors (2048K)
 Metaspace       used 65124K, capacity 69848K, committed 69888K, reserved 1110016K
  class space    used 8396K, capacity 9199K, committed 9216K, reserved 1048576K
}
{Heap before GC invocations=749 (full 0):
 garbage-first heap   total 262144K, used 197498K [0x00000000f0000000, 0x00000000f0100800, 0x0000000100000000)
  region size 1024K, 153 young (156672K), 2 survivors (2048K)
 Metaspace       used 65124K, capacity 69848K, committed 69888K, reserved 1110016K
  class space    used 8396K, capacity 9199K, committed 9216K, reserved 1048576K
2022-09-12T02:28:14.432+0800: 457.350: [GC pause (G1 Evacuation Pause) (young) 192M->42918K(256M), 0.0052935 secs]
Heap after GC invocations=750 (full 0):
 garbage-first heap   total 262144K, used 42918K [0x00000000f0000000, 0x00000000f0100800, 0x0000000100000000)
  region size 1024K, 2 young (2048K), 2 survivors (2048K)
 Metaspace       used 65124K, capacity 69848K, committed 69888K, reserved 1110016K
  class space    used 8396K, capacity 9199K, committed 9216K, reserved 1048576K
}
{Heap before GC invocations=750 (full 0):
 garbage-first heap   total 262144K, used 197542K [0x00000000f0000000, 0x00000000f0100800, 0x0000000100000000)
  region size 1024K, 153 young (156672K), 2 survivors (2048K)
 Metaspace       used 65124K, capacity 69848K, committed 69888K, reserved 1110016K
  class space    used 8396K, capacity 9199K, committed 9216K, reserved 1048576K
2022-09-12T02:28:14.962+0800: 457.880: [GC pause (G1 Evacuation Pause) (young) 192M->42496K(256M), 0.0052822 secs]
Heap after GC invocations=751 (full 0):
 garbage-first heap   total 262144K, used 42496K [0x00000000f0000000, 0x00000000f0100800, 0x0000000100000000)
  region size 1024K, 2 young (2048K), 2 survivors (2048K)
 Metaspace       used 65124K, capacity 69848K, committed 69888K, reserved 1110016K
  class space    used 8396K, capacity 9199K, committed 9216K, reserved 1048576K
}
{Heap before GC invocations=751 (full 0):
 garbage-first heap   total 262144K, used 197120K [0x00000000f0000000, 0x00000000f0100800, 0x0000000100000000)
  region size 1024K, 153 young (156672K), 2 survivors (2048K)
 Metaspace       used 65124K, capacity 69848K, committed 69888K, reserved 1110016K
  class space    used 8396K, capacity 9199K, committed 9216K, reserved 1048576K
2022-09-12T02:28:15.505+0800: 458.423: [GC pause (G1 Evacuation Pause) (young) 192M->42879K(256M), 0.0052145 secs]
Heap after GC invocations=752 (full 0):
 garbage-first heap   total 262144K, used 42879K [0x00000000f0000000, 0x00000000f0100800, 0x0000000100000000)
  region size 1024K, 2 young (2048K), 2 survivors (2048K)
 Metaspace       used 65124K, capacity 69848K, committed 69888K, reserved 1110016K
  class space    used 8396K, capacity 9199K, committed 9216K, reserved 1048576K
}
{Heap before GC invocations=752 (full 0):
 garbage-first heap   total 262144K, used 197503K [0x00000000f0000000, 0x00000000f0100800, 0x0000000100000000)
  region size 1024K, 153 young (156672K), 2 survivors (2048K)
 Metaspace       used 65124K, capacity 69848K, committed 69888K, reserved 1110016K
  class space    used 8396K, capacity 9199K, committed 9216K, reserved 1048576K
2022-09-12T02:28:16.037+0800: 458.955: [GC pause (G1 Evacuation Pause) (young) 192M->42918K(256M), 0.0053173 secs]
Heap after GC invocations=753 (full 0):
 garbage-first heap   total 262144K, used 42918K [0x00000000f0000000, 0x00000000f0100800, 0x0000000100000000)
  region size 1024K, 2 young (2048K), 2 survivors (2048K)
 Metaspace       used 65124K, capacity 69848K, committed 69888K, reserved 1110016K
  class space    used 8396K, capacity 9199K, committed 9216K, reserved 1048576K
}
{Heap before GC invocations=753 (full 0):
 garbage-first heap   total 262144K, used 197542K [0x00000000f0000000, 0x00000000f0100800, 0x0000000100000000)
  region size 1024K, 153 young (156672K), 2 survivors (2048K)
 Metaspace       used 65124K, capacity 69848K, committed 69888K, reserved 1110016K
  class space    used 8396K, capacity 9199K, committed 9216K, reserved 1048576K
2022-09-12T02:28:16.576+0800: 459.494: [GC pause (G1 Evacuation Pause) (young) 192M->42499K(256M), 0.0051844 secs]
Heap after GC invocations=754 (full 0):
 garbage-first heap   total 262144K, used 42499K [0x00000000f0000000, 0x00000000f0100800, 0x0000000100000000)
  region size 1024K, 2 young (2048K), 2 survivors (2048K)
 Metaspace       used 65124K, capacity 69848K, committed 69888K, reserved 1110016K
  class space    used 8396K, capacity 9199K, committed 9216K, reserved 1048576K
}
{Heap before GC invocations=754 (full 0):
 garbage-first heap   total 262144K, used 197123K [0x00000000f0000000, 0x00000000f0100800, 0x0000000100000000)
  region size 1024K, 153 young (156672K), 2 survivors (2048K)
 Metaspace       used 65125K, capacity 69848K, committed 69888K, reserved 1110016K
  class space    used 8396K, capacity 9199K, committed 9216K, reserved 1048576K
2022-09-12T02:28:17.106+0800: 460.024: [GC pause (G1 Evacuation Pause) (young) 192M->42881K(256M), 0.0051477 secs]
Heap after GC invocations=755 (full 0):
 garbage-first heap   total 262144K, used 42881K [0x00000000f0000000, 0x00000000f0100800, 0x0000000100000000)
  region size 1024K, 2 young (2048K), 2 survivors (2048K)
 Metaspace       used 65125K, capacity 69848K, committed 69888K, reserved 1110016K
  class space    used 8396K, capacity 9199K, committed 9216K, reserved 1048576K
}
{Heap before GC invocations=755 (full 0):
 garbage-first heap   total 262144K, used 197505K [0x00000000f0000000, 0x00000000f0100800, 0x0000000100000000)
  region size 1024K, 153 young (156672K), 2 survivors (2048K)
 Metaspace       used 65125K, capacity 69848K, committed 69888K, reserved 1110016K
  class space    used 8396K, capacity 9199K, committed 9216K, reserved 1048576K
2022-09-12T02:28:17.636+0800: 460.554: [GC pause (G1 Evacuation Pause) (young) 192M->42915K(256M), 0.0053098 secs]
Heap after GC invocations=756 (full 0):
 garbage-first heap   total 262144K, used 42915K [0x00000000f0000000, 0x00000000f0100800, 0x0000000100000000)
  region size 1024K, 2 young (2048K), 2 survivors (2048K)
 Metaspace       used 65125K, capacity 69848K, committed 69888K, reserved 1110016K
  class space    used 8396K, capacity 9199K, committed 9216K, reserved 1048576K
}
{Heap before GC invocations=756 (full 0):
 garbage-first heap   total 262144K, used 197539K [0x00000000f0000000, 0x00000000f0100800, 0x0000000100000000)
  region size 1024K, 153 young (156672K), 2 survivors (2048K)
 Metaspace       used 65125K, capacity 69848K, committed 69888K, reserved 1110016K
  class space    used 8396K, capacity 9199K, committed 9216K, reserved 1048576K
2022-09-12T02:28:18.167+0800: 461.085: [GC pause (G1 Evacuation Pause) (young) 192M->42650K(256M), 0.0052543 secs]
Heap after GC invocations=757 (full 0):
 garbage-first heap   total 262144K, used 42650K [0x00000000f0000000, 0x00000000f0100800, 0x0000000100000000)
  region size 1024K, 2 young (2048K), 2 survivors (2048K)
 Metaspace       used 65125K, capacity 69848K, committed 69888K, reserved 1110016K
  class space    used 8396K, capacity 9199K, committed 9216K, reserved 1048576K
}
{Heap before GC invocations=757 (full 0):
 garbage-first heap   total 262144K, used 197274K [0x00000000f0000000, 0x00000000f0100800, 0x0000000100000000)
  region size 1024K, 153 young (156672K), 2 survivors (2048K)
 Metaspace       used 65125K, capacity 69848K, committed 69888K, reserved 1110016K
  class space    used 8396K, capacity 9199K, committed 9216K, reserved 1048576K
2022-09-12T02:28:18.704+0800: 461.622: [GC pause (G1 Evacuation Pause) (young) 192M->42861K(256M), 0.0054072 secs]
Heap after GC invocations=758 (full 0):
 garbage-first heap   total 262144K, used 42861K [0x00000000f0000000, 0x00000000f0100800, 0x0000000100000000)
  region size 1024K, 2 young (2048K), 2 survivors (2048K)
 Metaspace       used 65125K, capacity 69848K, committed 69888K, reserved 1110016K
  class space    used 8396K, capacity 9199K, committed 9216K, reserved 1048576K
}
{Heap before GC invocations=758 (full 0):
 garbage-first heap   total 262144K, used 197485K [0x00000000f0000000, 0x00000000f0100800, 0x0000000100000000)
  region size 1024K, 153 young (156672K), 2 survivors (2048K)
 Metaspace       used 65125K, capacity 69848K, committed 69888K, reserved 1110016K
  class space    used 8396K, capacity 9199K, committed 9216K, reserved 1048576K
2022-09-12T02:28:19.235+0800: 462.153: [GC pause (G1 Evacuation Pause) (young) 192M->42917K(256M), 0.0051795 secs]
Heap after GC invocations=759 (full 0):
 garbage-first heap   total 262144K, used 42917K [0x00000000f0000000, 0x00000000f0100800, 0x0000000100000000)
  region size 1024K, 2 young (2048K), 2 survivors (2048K)
 Metaspace       used 65125K, capacity 69848K, committed 69888K, reserved 1110016K
  class space    used 8396K, capacity 9199K, committed 9216K, reserved 1048576K
}
{Heap before GC invocations=759 (full 0):
 garbage-first heap   total 262144K, used 197541K [0x00000000f0000000, 0x00000000f0100800, 0x0000000100000000)
  region size 1024K, 153 young (156672K), 2 survivors (2048K)
 Metaspace       used 65125K, capacity 69848K, committed 69888K, reserved 1110016K
  class space    used 8396K, capacity 9199K, committed 9216K, reserved 1048576K
2022-09-12T02:28:19.764+0800: 462.682: [GC pause (G1 Evacuation Pause) (young) 192M->42507K(256M), 0.0051395 secs]
Heap after GC invocations=760 (full 0):
 garbage-first heap   total 262144K, used 42507K [0x00000000f0000000, 0x00000000f0100800, 0x0000000100000000)
  region size 1024K, 2 young (2048K), 2 survivors (2048K)
 Metaspace       used 65125K, capacity 69848K, committed 69888K, reserved 1110016K
  class space    used 8396K, capacity 9199K, committed 9216K, reserved 1048576K
}
{Heap before GC invocations=760 (full 0):
 garbage-first heap   total 262144K, used 197131K [0x00000000f0000000, 0x00000000f0100800, 0x0000000100000000)
  region size 1024K, 153 young (156672K), 2 survivors (2048K)
 Metaspace       used 65125K, capacity 69848K, committed 69888K, reserved 1110016K
  class space    used 8396K, capacity 9199K, committed 9216K, reserved 1048576K
2022-09-12T02:28:20.293+0800: 463.211: [GC pause (G1 Evacuation Pause) (young) 192M->42865K(256M), 0.0052106 secs]
Heap after GC invocations=761 (full 0):
 garbage-first heap   total 262144K, used 42865K [0x00000000f0000000, 0x00000000f0100800, 0x0000000100000000)
  region size 1024K, 2 young (2048K), 2 survivors (2048K)
 Metaspace       used 65125K, capacity 69848K, committed 69888K, reserved 1110016K
  class space    used 8396K, capacity 9199K, committed 9216K, reserved 1048576K
}
{Heap before GC invocations=761 (full 0):
 garbage-first heap   total 262144K, used 197489K [0x00000000f0000000, 0x00000000f0100800, 0x0000000100000000)
  region size 1024K, 153 young (156672K), 2 survivors (2048K)
 Metaspace       used 65125K, capacity 69848K, committed 69888K, reserved 1110016K
  class space    used 8396K, capacity 9199K, committed 9216K, reserved 1048576K
2022-09-12T02:28:20.825+0800: 463.743: [GC pause (G1 Evacuation Pause) (young) 192M->42912K(256M), 0.0051813 secs]
Heap after GC invocations=762 (full 0):
 garbage-first heap   total 262144K, used 42912K [0x00000000f0000000, 0x00000000f0100800, 0x0000000100000000)
  region size 1024K, 2 young (2048K), 2 survivors (2048K)
 Metaspace       used 65125K, capacity 69848K, committed 69888K, reserved 1110016K
  class space    used 8396K, capacity 9199K, committed 9216K, reserved 1048576K
}
{Heap before GC invocations=762 (full 0):
 garbage-first heap   total 262144K, used 197536K [0x00000000f0000000, 0x00000000f0100800, 0x0000000100000000)
  region size 1024K, 153 young (156672K), 2 survivors (2048K)
 Metaspace       used 65125K, capacity 69848K, committed 69888K, reserved 1110016K
  class space    used 8396K, capacity 9199K, committed 9216K, reserved 1048576K
2022-09-12T02:28:21.355+0800: 464.273: [GC pause (G1 Evacuation Pause) (young) 192M->42505K(256M), 0.0050745 secs]
Heap after GC invocations=763 (full 0):
 garbage-first heap   total 262144K, used 42505K [0x00000000f0000000, 0x00000000f0100800, 0x0000000100000000)
  region size 1024K, 2 young (2048K), 2 survivors (2048K)
 Metaspace       used 65125K, capacity 69848K, committed 69888K, reserved 1110016K
  class space    used 8396K, capacity 9199K, committed 9216K, reserved 1048576K
}
{Heap before GC invocations=763 (full 0):
 garbage-first heap   total 262144K, used 197129K [0x00000000f0000000, 0x00000000f0100800, 0x0000000100000000)
  region size 1024K, 153 young (156672K), 2 survivors (2048K)
 Metaspace       used 65125K, capacity 69848K, committed 69888K, reserved 1110016K
  class space    used 8396K, capacity 9199K, committed 9216K, reserved 1048576K
2022-09-12T02:28:21.893+0800: 464.811: [GC pause (G1 Evacuation Pause) (young) 192M->42863K(256M), 0.0053191 secs]
Heap after GC invocations=764 (full 0):
 garbage-first heap   total 262144K, used 42863K [0x00000000f0000000, 0x00000000f0100800, 0x0000000100000000)
  region size 1024K, 2 young (2048K), 2 survivors (2048K)
 Metaspace       used 65125K, capacity 69848K, committed 69888K, reserved 1110016K
  class space    used 8396K, capacity 9199K, committed 9216K, reserved 1048576K
}
{Heap before GC invocations=764 (full 0):
 garbage-first heap   total 262144K, used 197487K [0x00000000f0000000, 0x00000000f0100800, 0x0000000100000000)
  region size 1024K, 153 young (156672K), 2 survivors (2048K)
 Metaspace       used 65125K, capacity 69848K, committed 69888K, reserved 1110016K
  class space    used 8396K, capacity 9199K, committed 9216K, reserved 1048576K
2022-09-12T02:28:22.423+0800: 465.341: [GC pause (G1 Evacuation Pause) (young) 192M->42915K(256M), 0.0052883 secs]
Heap after GC invocations=765 (full 0):
 garbage-first heap   total 262144K, used 42915K [0x00000000f0000000, 0x00000000f0100800, 0x0000000100000000)
  region size 1024K, 2 young (2048K), 2 survivors (2048K)
 Metaspace       used 65125K, capacity 69848K, committed 69888K, reserved 1110016K
  class space    used 8396K, capacity 9199K, committed 9216K, reserved 1048576K
}
{Heap before GC invocations=765 (full 0):
 garbage-first heap   total 262144K, used 197539K [0x00000000f0000000, 0x00000000f0100800, 0x0000000100000000)
  region size 1024K, 153 young (156672K), 2 survivors (2048K)
 Metaspace       used 65125K, capacity 69848K, committed 69888K, reserved 1110016K
  class space    used 8396K, capacity 9199K, committed 9216K, reserved 1048576K
2022-09-12T02:28:22.953+0800: 465.871: [GC pause (G1 Evacuation Pause) (young) 192M->42647K(256M), 0.0053124 secs]
Heap after GC invocations=766 (full 0):
 garbage-first heap   total 262144K, used 42647K [0x00000000f0000000, 0x00000000f0100800, 0x0000000100000000)
  region size 1024K, 2 young (2048K), 2 survivors (2048K)
 Metaspace       used 65125K, capacity 69848K, committed 69888K, reserved 1110016K
  class space    used 8396K, capacity 9199K, committed 9216K, reserved 1048576K
}
{Heap before GC invocations=766 (full 0):
 garbage-first heap   total 262144K, used 197271K [0x00000000f0000000, 0x00000000f0100800, 0x0000000100000000)
  region size 1024K, 153 young (156672K), 2 survivors (2048K)
 Metaspace       used 65125K, capacity 69848K, committed 69888K, reserved 1110016K
  class space    used 8396K, capacity 9199K, committed 9216K, reserved 1048576K
2022-09-12T02:28:23.484+0800: 466.402: [GC pause (G1 Evacuation Pause) (young) 192M->42869K(256M), 0.0052172 secs]
Heap after GC invocations=767 (full 0):
 garbage-first heap   total 262144K, used 42869K [0x00000000f0000000, 0x00000000f0100800, 0x0000000100000000)
  region size 1024K, 2 young (2048K), 2 survivors (2048K)
 Metaspace       used 65125K, capacity 69848K, committed 69888K, reserved 1110016K
  class space    used 8396K, capacity 9199K, committed 9216K, reserved 1048576K
}
{Heap before GC invocations=767 (full 0):
 garbage-first heap   total 262144K, used 197493K [0x00000000f0000000, 0x00000000f0100800, 0x0000000100000000)
  region size 1024K, 153 young (156672K), 2 survivors (2048K)
 Metaspace       used 65125K, capacity 69848K, committed 69888K, reserved 1110016K
  class space    used 8396K, capacity 9199K, committed 9216K, reserved 1048576K
2022-09-12T02:28:24.017+0800: 466.935: [GC pause (G1 Evacuation Pause) (young) 192M->42931K(256M), 0.0051635 secs]
Heap after GC invocations=768 (full 0):
 garbage-first heap   total 262144K, used 42931K [0x00000000f0000000, 0x00000000f0100800, 0x0000000100000000)
  region size 1024K, 2 young (2048K), 2 survivors (2048K)
 Metaspace       used 65125K, capacity 69848K, committed 69888K, reserved 1110016K
  class space    used 8396K, capacity 9199K, committed 9216K, reserved 1048576K
}
{Heap before GC invocations=768 (full 0):
 garbage-first heap   total 262144K, used 197555K [0x00000000f0000000, 0x00000000f0100800, 0x0000000100000000)
  region size 1024K, 153 young (156672K), 2 survivors (2048K)
 Metaspace       used 65125K, capacity 69848K, committed 69888K, reserved 1110016K
  class space    used 8396K, capacity 9199K, committed 9216K, reserved 1048576K
2022-09-12T02:28:24.547+0800: 467.465: [GC pause (G1 Evacuation Pause) (young) 192M->42506K(256M), 0.0051106 secs]
Heap after GC invocations=769 (full 0):
 garbage-first heap   total 262144K, used 42506K [0x00000000f0000000, 0x00000000f0100800, 0x0000000100000000)
  region size 1024K, 2 young (2048K), 2 survivors (2048K)
 Metaspace       used 65125K, capacity 69848K, committed 69888K, reserved 1110016K
  class space    used 8396K, capacity 9199K, committed 9216K, reserved 1048576K
}
{Heap before GC invocations=769 (full 0):
 garbage-first heap   total 262144K, used 197130K [0x00000000f0000000, 0x00000000f0100800, 0x0000000100000000)
  region size 1024K, 153 young (156672K), 2 survivors (2048K)
 Metaspace       used 65125K, capacity 69848K, committed 69888K, reserved 1110016K
  class space    used 8396K, capacity 9199K, committed 9216K, reserved 1048576K
2022-09-12T02:28:25.083+0800: 468.000: [GC pause (G1 Evacuation Pause) (young) 192M->42872K(256M), 0.0053183 secs]
Heap after GC invocations=770 (full 0):
 garbage-first heap   total 262144K, used 42872K [0x00000000f0000000, 0x00000000f0100800, 0x0000000100000000)
  region size 1024K, 2 young (2048K), 2 survivors (2048K)
 Metaspace       used 65125K, capacity 69848K, committed 69888K, reserved 1110016K
  class space    used 8396K, capacity 9199K, committed 9216K, reserved 1048576K
}
{Heap before GC invocations=770 (full 0):
 garbage-first heap   total 262144K, used 197496K [0x00000000f0000000, 0x00000000f0100800, 0x0000000100000000)
  region size 1024K, 153 young (156672K), 2 survivors (2048K)
 Metaspace       used 65125K, capacity 69848K, committed 69888K, reserved 1110016K
  class space    used 8396K, capacity 9199K, committed 9216K, reserved 1048576K
2022-09-12T02:28:25.627+0800: 468.545: [GC pause (G1 Evacuation Pause) (young) 192M->42925K(256M), 0.0053724 secs]
Heap after GC invocations=771 (full 0):
 garbage-first heap   total 262144K, used 42925K [0x00000000f0000000, 0x00000000f0100800, 0x0000000100000000)
  region size 1024K, 2 young (2048K), 2 survivors (2048K)
 Metaspace       used 65125K, capacity 69848K, committed 69888K, reserved 1110016K
  class space    used 8396K, capacity 9199K, committed 9216K, reserved 1048576K
}
{Heap before GC invocations=771 (full 0):
 garbage-first heap   total 262144K, used 197549K [0x00000000f0000000, 0x00000000f0100800, 0x0000000100000000)
  region size 1024K, 153 young (156672K), 2 survivors (2048K)
 Metaspace       used 65125K, capacity 69848K, committed 69888K, reserved 1110016K
  class space    used 8396K, capacity 9199K, committed 9216K, reserved 1048576K
2022-09-12T02:28:26.159+0800: 469.077: [GC pause (G1 Evacuation Pause) (young) 192M->42508K(256M), 0.0053345 secs]
Heap after GC invocations=772 (full 0):
 garbage-first heap   total 262144K, used 42508K [0x00000000f0000000, 0x00000000f0100800, 0x0000000100000000)
  region size 1024K, 2 young (2048K), 2 survivors (2048K)
 Metaspace       used 65125K, capacity 69848K, committed 69888K, reserved 1110016K
  class space    used 8396K, capacity 9199K, committed 9216K, reserved 1048576K
}
{Heap before GC invocations=772 (full 0):
 garbage-first heap   total 262144K, used 197132K [0x00000000f0000000, 0x00000000f0100800, 0x0000000100000000)
  region size 1024K, 153 young (156672K), 2 survivors (2048K)
 Metaspace       used 65125K, capacity 69848K, committed 69888K, reserved 1110016K
  class space    used 8396K, capacity 9199K, committed 9216K, reserved 1048576K
2022-09-12T02:28:26.686+0800: 469.604: [GC pause (G1 Evacuation Pause) (young) 192M->42872K(256M), 0.0053210 secs]
Heap after GC invocations=773 (full 0):
 garbage-first heap   total 262144K, used 42872K [0x00000000f0000000, 0x00000000f0100800, 0x0000000100000000)
  region size 1024K, 2 young (2048K), 2 survivors (2048K)
 Metaspace       used 65125K, capacity 69848K, committed 69888K, reserved 1110016K
  class space    used 8396K, capacity 9199K, committed 9216K, reserved 1048576K
}
{Heap before GC invocations=773 (full 0):
 garbage-first heap   total 262144K, used 197496K [0x00000000f0000000, 0x00000000f0100800, 0x0000000100000000)
  region size 1024K, 153 young (156672K), 2 survivors (2048K)
 Metaspace       used 65125K, capacity 69848K, committed 69888K, reserved 1110016K
  class space    used 8396K, capacity 9199K, committed 9216K, reserved 1048576K
2022-09-12T02:28:27.217+0800: 470.135: [GC pause (G1 Evacuation Pause) (young) 192M->42914K(256M), 0.0052857 secs]
Heap after GC invocations=774 (full 0):
 garbage-first heap   total 262144K, used 42914K [0x00000000f0000000, 0x00000000f0100800, 0x0000000100000000)
  region size 1024K, 2 young (2048K), 2 survivors (2048K)
 Metaspace       used 65125K, capacity 69848K, committed 69888K, reserved 1110016K
  class space    used 8396K, capacity 9199K, committed 9216K, reserved 1048576K
}
{Heap before GC invocations=774 (full 0):
 garbage-first heap   total 262144K, used 197538K [0x00000000f0000000, 0x00000000f0100800, 0x0000000100000000)
  region size 1024K, 153 young (156672K), 2 survivors (2048K)
 Metaspace       used 65125K, capacity 69848K, committed 69888K, reserved 1110016K
  class space    used 8396K, capacity 9199K, committed 9216K, reserved 1048576K
2022-09-12T02:28:27.747+0800: 470.665: [GC pause (G1 Evacuation Pause) (young) 192M->42502K(256M), 0.0052855 secs]
Heap after GC invocations=775 (full 0):
 garbage-first heap   total 262144K, used 42502K [0x00000000f0000000, 0x00000000f0100800, 0x0000000100000000)
  region size 1024K, 2 young (2048K), 2 survivors (2048K)
 Metaspace       used 65125K, capacity 69848K, committed 69888K, reserved 1110016K
  class space    used 8396K, capacity 9199K, committed 9216K, reserved 1048576K
}
{Heap before GC invocations=775 (full 0):
 garbage-first heap   total 262144K, used 197126K [0x00000000f0000000, 0x00000000f0100800, 0x0000000100000000)
  region size 1024K, 153 young (156672K), 2 survivors (2048K)
 Metaspace       used 65125K, capacity 69848K, committed 69888K, reserved 1110016K
  class space    used 8396K, capacity 9199K, committed 9216K, reserved 1048576K
2022-09-12T02:28:28.276+0800: 471.194: [GC pause (G1 Evacuation Pause) (young) 192M->42840K(256M), 0.0052488 secs]
Heap after GC invocations=776 (full 0):
 garbage-first heap   total 262144K, used 42840K [0x00000000f0000000, 0x00000000f0100800, 0x0000000100000000)
  region size 1024K, 2 young (2048K), 2 survivors (2048K)
 Metaspace       used 65125K, capacity 69848K, committed 69888K, reserved 1110016K
  class space    used 8396K, capacity 9199K, committed 9216K, reserved 1048576K
}
{Heap before GC invocations=776 (full 0):
 garbage-first heap   total 262144K, used 197464K [0x00000000f0000000, 0x00000000f0100800, 0x0000000100000000)
  region size 1024K, 153 young (156672K), 2 survivors (2048K)
 Metaspace       used 65125K, capacity 69848K, committed 69888K, reserved 1110016K
  class space    used 8396K, capacity 9199K, committed 9216K, reserved 1048576K
2022-09-12T02:28:28.814+0800: 471.732: [GC pause (G1 Evacuation Pause) (young) 192M->42912K(256M), 0.0053050 secs]
Heap after GC invocations=777 (full 0):
 garbage-first heap   total 262144K, used 42912K [0x00000000f0000000, 0x00000000f0100800, 0x0000000100000000)
  region size 1024K, 2 young (2048K), 2 survivors (2048K)
 Metaspace       used 65125K, capacity 69848K, committed 69888K, reserved 1110016K
  class space    used 8396K, capacity 9199K, committed 9216K, reserved 1048576K
}
{Heap before GC invocations=777 (full 0):
 garbage-first heap   total 262144K, used 197536K [0x00000000f0000000, 0x00000000f0100800, 0x0000000100000000)
  region size 1024K, 153 young (156672K), 2 survivors (2048K)
 Metaspace       used 65125K, capacity 69848K, committed 69888K, reserved 1110016K
  class space    used 8396K, capacity 9199K, committed 9216K, reserved 1048576K
2022-09-12T02:28:29.344+0800: 472.262: [GC pause (G1 Evacuation Pause) (young) 192M->42940K(256M), 0.0051622 secs]
Heap after GC invocations=778 (full 0):
 garbage-first heap   total 262144K, used 42940K [0x00000000f0000000, 0x00000000f0100800, 0x0000000100000000)
  region size 1024K, 2 young (2048K), 2 survivors (2048K)
 Metaspace       used 65125K, capacity 69848K, committed 69888K, reserved 1110016K
  class space    used 8396K, capacity 9199K, committed 9216K, reserved 1048576K
}
{Heap before GC invocations=778 (full 0):
 garbage-first heap   total 262144K, used 197564K [0x00000000f0000000, 0x00000000f0100800, 0x0000000100000000)
  region size 1024K, 153 young (156672K), 2 survivors (2048K)
 Metaspace       used 65125K, capacity 69848K, committed 69888K, reserved 1110016K
  class space    used 8396K, capacity 9199K, committed 9216K, reserved 1048576K
2022-09-12T02:28:29.880+0800: 472.798: [GC pause (G1 Evacuation Pause) (young) 192M->42507K(256M), 0.0052279 secs]
Heap after GC invocations=779 (full 0):
 garbage-first heap   total 262144K, used 42507K [0x00000000f0000000, 0x00000000f0100800, 0x0000000100000000)
  region size 1024K, 2 young (2048K), 2 survivors (2048K)
 Metaspace       used 65125K, capacity 69848K, committed 69888K, reserved 1110016K
  class space    used 8396K, capacity 9199K, committed 9216K, reserved 1048576K
}
{Heap before GC invocations=779 (full 0):
 garbage-first heap   total 262144K, used 197131K [0x00000000f0000000, 0x00000000f0100800, 0x0000000100000000)
  region size 1024K, 153 young (156672K), 2 survivors (2048K)
 Metaspace       used 65125K, capacity 69848K, committed 69888K, reserved 1110016K
  class space    used 8396K, capacity 9199K, committed 9216K, reserved 1048576K
2022-09-12T02:28:30.410+0800: 473.328: [GC pause (G1 Evacuation Pause) (young) 192M->42875K(256M), 0.0051917 secs]
Heap after GC invocations=780 (full 0):
 garbage-first heap   total 262144K, used 42875K [0x00000000f0000000, 0x00000000f0100800, 0x0000000100000000)
  region size 1024K, 2 young (2048K), 2 survivors (2048K)
 Metaspace       used 65125K, capacity 69848K, committed 69888K, reserved 1110016K
  class space    used 8396K, capacity 9199K, committed 9216K, reserved 1048576K
}
{Heap before GC invocations=780 (full 0):
 garbage-first heap   total 262144K, used 197499K [0x00000000f0000000, 0x00000000f0100800, 0x0000000100000000)
  region size 1024K, 153 young (156672K), 2 survivors (2048K)
 Metaspace       used 65125K, capacity 69848K, committed 69888K, reserved 1110016K
  class space    used 8396K, capacity 9199K, committed 9216K, reserved 1048576K
2022-09-12T02:28:30.939+0800: 473.857: [GC pause (G1 Evacuation Pause) (young) 192M->42920K(256M), 0.0051829 secs]
Heap after GC invocations=781 (full 0):
 garbage-first heap   total 262144K, used 42920K [0x00000000f0000000, 0x00000000f0100800, 0x0000000100000000)
  region size 1024K, 2 young (2048K), 2 survivors (2048K)
 Metaspace       used 65125K, capacity 69848K, committed 69888K, reserved 1110016K
  class space    used 8396K, capacity 9199K, committed 9216K, reserved 1048576K
}
{Heap before GC invocations=781 (full 0):
 garbage-first heap   total 262144K, used 197544K [0x00000000f0000000, 0x00000000f0100800, 0x0000000100000000)
  region size 1024K, 153 young (156672K), 2 survivors (2048K)
 Metaspace       used 65125K, capacity 69848K, committed 69888K, reserved 1110016K
  class space    used 8396K, capacity 9199K, committed 9216K, reserved 1048576K
2022-09-12T02:28:31.479+0800: 474.397: [GC pause (G1 Evacuation Pause) (young) 192M->42505K(256M), 0.0051405 secs]
Heap after GC invocations=782 (full 0):
 garbage-first heap   total 262144K, used 42505K [0x00000000f0000000, 0x00000000f0100800, 0x0000000100000000)
  region size 1024K, 2 young (2048K), 2 survivors (2048K)
 Metaspace       used 65125K, capacity 69848K, committed 69888K, reserved 1110016K
  class space    used 8396K, capacity 9199K, committed 9216K, reserved 1048576K
}
{Heap before GC invocations=782 (full 0):
 garbage-first heap   total 262144K, used 197129K [0x00000000f0000000, 0x00000000f0100800, 0x0000000100000000)
  region size 1024K, 153 young (156672K), 2 survivors (2048K)
 Metaspace       used 65125K, capacity 69848K, committed 69888K, reserved 1110016K
  class space    used 8396K, capacity 9199K, committed 9216K, reserved 1048576K
2022-09-12T02:28:32.017+0800: 474.935: [GC pause (G1 Evacuation Pause) (young) 192M->42872K(256M), 0.0053180 secs]
Heap after GC invocations=783 (full 0):
 garbage-first heap   total 262144K, used 42872K [0x00000000f0000000, 0x00000000f0100800, 0x0000000100000000)
  region size 1024K, 2 young (2048K), 2 survivors (2048K)
 Metaspace       used 65125K, capacity 69848K, committed 69888K, reserved 1110016K
  class space    used 8396K, capacity 9199K, committed 9216K, reserved 1048576K
}
{Heap before GC invocations=783 (full 0):
 garbage-first heap   total 262144K, used 197496K [0x00000000f0000000, 0x00000000f0100800, 0x0000000100000000)
  region size 1024K, 153 young (156672K), 2 survivors (2048K)
 Metaspace       used 65125K, capacity 69848K, committed 69888K, reserved 1110016K
  class space    used 8396K, capacity 9199K, committed 9216K, reserved 1048576K
2022-09-12T02:28:32.546+0800: 475.464: [GC pause (G1 Evacuation Pause) (young) 192M->42930K(256M), 0.0052262 secs]
Heap after GC invocations=784 (full 0):
 garbage-first heap   total 262144K, used 42930K [0x00000000f0000000, 0x00000000f0100800, 0x0000000100000000)
  region size 1024K, 2 young (2048K), 2 survivors (2048K)
 Metaspace       used 65125K, capacity 69848K, committed 69888K, reserved 1110016K
  class space    used 8396K, capacity 9199K, committed 9216K, reserved 1048576K
}
{Heap before GC invocations=784 (full 0):
 garbage-first heap   total 262144K, used 197554K [0x00000000f0000000, 0x00000000f0100800, 0x0000000100000000)
  region size 1024K, 153 young (156672K), 2 survivors (2048K)
 Metaspace       used 65125K, capacity 69848K, committed 69888K, reserved 1110016K
  class space    used 8396K, capacity 9199K, committed 9216K, reserved 1048576K
2022-09-12T02:28:33.075+0800: 475.993: [GC pause (G1 Evacuation Pause) (young) 192M->42505K(256M), 0.0052502 secs]
Heap after GC invocations=785 (full 0):
 garbage-first heap   total 262144K, used 42505K [0x00000000f0000000, 0x00000000f0100800, 0x0000000100000000)
  region size 1024K, 2 young (2048K), 2 survivors (2048K)
 Metaspace       used 65125K, capacity 69848K, committed 69888K, reserved 1110016K
  class space    used 8396K, capacity 9199K, committed 9216K, reserved 1048576K
}
{Heap before GC invocations=785 (full 0):
 garbage-first heap   total 262144K, used 197129K [0x00000000f0000000, 0x00000000f0100800, 0x0000000100000000)
  region size 1024K, 153 young (156672K), 2 survivors (2048K)
 Metaspace       used 65125K, capacity 69848K, committed 69888K, reserved 1110016K
  class space    used 8396K, capacity 9199K, committed 9216K, reserved 1048576K
2022-09-12T02:28:33.604+0800: 476.522: [GC pause (G1 Evacuation Pause) (young) 192M->42863K(256M), 0.0052363 secs]
Heap after GC invocations=786 (full 0):
 garbage-first heap   total 262144K, used 42863K [0x00000000f0000000, 0x00000000f0100800, 0x0000000100000000)
  region size 1024K, 2 young (2048K), 2 survivors (2048K)
 Metaspace       used 65125K, capacity 69848K, committed 69888K, reserved 1110016K
  class space    used 8396K, capacity 9199K, committed 9216K, reserved 1048576K
}
{Heap before GC invocations=786 (full 0):
 garbage-first heap   total 262144K, used 197487K [0x00000000f0000000, 0x00000000f0100800, 0x0000000100000000)
  region size 1024K, 153 young (156672K), 2 survivors (2048K)
 Metaspace       used 65125K, capacity 69848K, committed 69888K, reserved 1110016K
  class space    used 8396K, capacity 9199K, committed 9216K, reserved 1048576K
2022-09-12T02:28:34.134+0800: 477.052: [GC pause (G1 Evacuation Pause) (young) 192M->42926K(256M), 0.0051497 secs]
Heap after GC invocations=787 (full 0):
 garbage-first heap   total 262144K, used 42926K [0x00000000f0000000, 0x00000000f0100800, 0x0000000100000000)
  region size 1024K, 2 young (2048K), 2 survivors (2048K)
 Metaspace       used 65125K, capacity 69848K, committed 69888K, reserved 1110016K
  class space    used 8396K, capacity 9199K, committed 9216K, reserved 1048576K
}
{Heap before GC invocations=787 (full 0):
 garbage-first heap   total 262144K, used 197550K [0x00000000f0000000, 0x00000000f0100800, 0x0000000100000000)
  region size 1024K, 153 young (156672K), 2 survivors (2048K)
 Metaspace       used 65125K, capacity 69848K, committed 69888K, reserved 1110016K
  class space    used 8396K, capacity 9199K, committed 9216K, reserved 1048576K
2022-09-12T02:28:34.664+0800: 477.582: [GC pause (G1 Evacuation Pause) (young) 192M->42510K(256M), 0.0052137 secs]
Heap after GC invocations=788 (full 0):
 garbage-first heap   total 262144K, used 42510K [0x00000000f0000000, 0x00000000f0100800, 0x0000000100000000)
  region size 1024K, 2 young (2048K), 2 survivors (2048K)
 Metaspace       used 65125K, capacity 69848K, committed 69888K, reserved 1110016K
  class space    used 8396K, capacity 9199K, committed 9216K, reserved 1048576K
}
{Heap before GC invocations=788 (full 0):
 garbage-first heap   total 262144K, used 197134K [0x00000000f0000000, 0x00000000f0100800, 0x0000000100000000)
  region size 1024K, 153 young (156672K), 2 survivors (2048K)
 Metaspace       used 65125K, capacity 69848K, committed 69888K, reserved 1110016K
  class space    used 8396K, capacity 9199K, committed 9216K, reserved 1048576K
2022-09-12T02:28:35.197+0800: 478.115: [GC pause (G1 Evacuation Pause) (young) 192M->42876K(256M), 0.0053295 secs]
Heap after GC invocations=789 (full 0):
 garbage-first heap   total 262144K, used 42876K [0x00000000f0000000, 0x00000000f0100800, 0x0000000100000000)
  region size 1024K, 2 young (2048K), 2 survivors (2048K)
 Metaspace       used 65125K, capacity 69848K, committed 69888K, reserved 1110016K
  class space    used 8396K, capacity 9199K, committed 9216K, reserved 1048576K
}
{Heap before GC invocations=789 (full 0):
 garbage-first heap   total 262144K, used 197500K [0x00000000f0000000, 0x00000000f0100800, 0x0000000100000000)
  region size 1024K, 153 young (156672K), 2 survivors (2048K)
 Metaspace       used 65125K, capacity 69848K, committed 69888K, reserved 1110016K
  class space    used 8396K, capacity 9199K, committed 9216K, reserved 1048576K
2022-09-12T02:28:35.727+0800: 478.645: [GC pause (G1 Evacuation Pause) (young) 192M->42935K(256M), 0.0052264 secs]
Heap after GC invocations=790 (full 0):
 garbage-first heap   total 262144K, used 42935K [0x00000000f0000000, 0x00000000f0100800, 0x0000000100000000)
  region size 1024K, 2 young (2048K), 2 survivors (2048K)
 Metaspace       used 65125K, capacity 69848K, committed 69888K, reserved 1110016K
  class space    used 8396K, capacity 9199K, committed 9216K, reserved 1048576K
}
{Heap before GC invocations=790 (full 0):
 garbage-first heap   total 262144K, used 197559K [0x00000000f0000000, 0x00000000f0100800, 0x0000000100000000)
  region size 1024K, 153 young (156672K), 2 survivors (2048K)
 Metaspace       used 65125K, capacity 69848K, committed 69888K, reserved 1110016K
  class space    used 8396K, capacity 9199K, committed 9216K, reserved 1048576K
2022-09-12T02:28:36.258+0800: 479.175: [GC pause (G1 Evacuation Pause) (young) 192M->42513K(256M), 0.0052681 secs]
Heap after GC invocations=791 (full 0):
 garbage-first heap   total 262144K, used 42513K [0x00000000f0000000, 0x00000000f0100800, 0x0000000100000000)
  region size 1024K, 2 young (2048K), 2 survivors (2048K)
 Metaspace       used 65125K, capacity 69848K, committed 69888K, reserved 1110016K
  class space    used 8396K, capacity 9199K, committed 9216K, reserved 1048576K
}
{Heap before GC invocations=791 (full 0):
 garbage-first heap   total 262144K, used 197137K [0x00000000f0000000, 0x00000000f0100800, 0x0000000100000000)
  region size 1024K, 153 young (156672K), 2 survivors (2048K)
 Metaspace       used 65125K, capacity 69848K, committed 69888K, reserved 1110016K
  class space    used 8396K, capacity 9199K, committed 9216K, reserved 1048576K
2022-09-12T02:28:36.789+0800: 479.707: [GC pause (G1 Evacuation Pause) (young) 192M->42878K(256M), 0.0051558 secs]
Heap after GC invocations=792 (full 0):
 garbage-first heap   total 262144K, used 42878K [0x00000000f0000000, 0x00000000f0100800, 0x0000000100000000)
  region size 1024K, 2 young (2048K), 2 survivors (2048K)
 Metaspace       used 65125K, capacity 69848K, committed 69888K, reserved 1110016K
  class space    used 8396K, capacity 9199K, committed 9216K, reserved 1048576K
}
{Heap before GC invocations=792 (full 0):
 garbage-first heap   total 262144K, used 197502K [0x00000000f0000000, 0x00000000f0100800, 0x0000000100000000)
  region size 1024K, 153 young (156672K), 2 survivors (2048K)
 Metaspace       used 65125K, capacity 69848K, committed 69888K, reserved 1110016K
  class space    used 8396K, capacity 9199K, committed 9216K, reserved 1048576K
2022-09-12T02:28:37.320+0800: 480.238: [GC pause (G1 Evacuation Pause) (young) 192M->42928K(256M), 0.0052533 secs]
Heap after GC invocations=793 (full 0):
 garbage-first heap   total 262144K, used 42928K [0x00000000f0000000, 0x00000000f0100800, 0x0000000100000000)
  region size 1024K, 2 young (2048K), 2 survivors (2048K)
 Metaspace       used 65125K, capacity 69848K, committed 69888K, reserved 1110016K
  class space    used 8396K, capacity 9199K, committed 9216K, reserved 1048576K
}
{Heap before GC invocations=793 (full 0):
 garbage-first heap   total 262144K, used 197552K [0x00000000f0000000, 0x00000000f0100800, 0x0000000100000000)
  region size 1024K, 153 young (156672K), 2 survivors (2048K)
 Metaspace       used 65125K, capacity 69848K, committed 69888K, reserved 1110016K
  class space    used 8396K, capacity 9199K, committed 9216K, reserved 1048576K
2022-09-12T02:28:37.849+0800: 480.767: [GC pause (G1 Evacuation Pause) (young) 192M->42517K(256M), 0.0052821 secs]
Heap after GC invocations=794 (full 0):
 garbage-first heap   total 262144K, used 42517K [0x00000000f0000000, 0x00000000f0100800, 0x0000000100000000)
  region size 1024K, 2 young (2048K), 2 survivors (2048K)
 Metaspace       used 65125K, capacity 69848K, committed 69888K, reserved 1110016K
  class space    used 8396K, capacity 9199K, committed 9216K, reserved 1048576K
}
{Heap before GC invocations=794 (full 0):
 garbage-first heap   total 262144K, used 197141K [0x00000000f0000000, 0x00000000f0100800, 0x0000000100000000)
  region size 1024K, 153 young (156672K), 2 survivors (2048K)
 Metaspace       used 65125K, capacity 69848K, committed 69888K, reserved 1110016K
  class space    used 8396K, capacity 9199K, committed 9216K, reserved 1048576K
2022-09-12T02:28:38.390+0800: 481.308: [GC pause (G1 Evacuation Pause) (young) 192M->42886K(256M), 0.0052875 secs]
Heap after GC invocations=795 (full 0):
 garbage-first heap   total 262144K, used 42886K [0x00000000f0000000, 0x00000000f0100800, 0x0000000100000000)
  region size 1024K, 2 young (2048K), 2 survivors (2048K)
 Metaspace       used 65125K, capacity 69848K, committed 69888K, reserved 1110016K
  class space    used 8396K, capacity 9199K, committed 9216K, reserved 1048576K
}
{Heap before GC invocations=795 (full 0):
 garbage-first heap   total 262144K, used 197510K [0x00000000f0000000, 0x00000000f0100800, 0x0000000100000000)
  region size 1024K, 153 young (156672K), 2 survivors (2048K)
 Metaspace       used 65125K, capacity 69848K, committed 69888K, reserved 1110016K
  class space    used 8396K, capacity 9199K, committed 9216K, reserved 1048576K
2022-09-12T02:28:38.920+0800: 481.838: [GC pause (G1 Evacuation Pause) (young) 192M->42939K(256M), 0.0052011 secs]
Heap after GC invocations=796 (full 0):
 garbage-first heap   total 262144K, used 42939K [0x00000000f0000000, 0x00000000f0100800, 0x0000000100000000)
  region size 1024K, 2 young (2048K), 2 survivors (2048K)
 Metaspace       used 65125K, capacity 69848K, committed 69888K, reserved 1110016K
  class space    used 8396K, capacity 9199K, committed 9216K, reserved 1048576K
}
{Heap before GC invocations=796 (full 0):
 garbage-first heap   total 262144K, used 197563K [0x00000000f0000000, 0x00000000f0100800, 0x0000000100000000)
  region size 1024K, 153 young (156672K), 2 survivors (2048K)
 Metaspace       used 65125K, capacity 69848K, committed 69888K, reserved 1110016K
  class space    used 8396K, capacity 9199K, committed 9216K, reserved 1048576K
2022-09-12T02:28:39.450+0800: 482.368: [GC pause (G1 Evacuation Pause) (young) 192M->42514K(256M), 0.0052247 secs]
Heap after GC invocations=797 (full 0):
 garbage-first heap   total 262144K, used 42514K [0x00000000f0000000, 0x00000000f0100800, 0x0000000100000000)
  region size 1024K, 2 young (2048K), 2 survivors (2048K)
 Metaspace       used 65125K, capacity 69848K, committed 69888K, reserved 1110016K
  class space    used 8396K, capacity 9199K, committed 9216K, reserved 1048576K
}
{Heap before GC invocations=797 (full 0):
 garbage-first heap   total 262144K, used 197138K [0x00000000f0000000, 0x00000000f0100800, 0x0000000100000000)
  region size 1024K, 153 young (156672K), 2 survivors (2048K)
 Metaspace       used 65125K, capacity 69848K, committed 69888K, reserved 1110016K
  class space    used 8396K, capacity 9199K, committed 9216K, reserved 1048576K
2022-09-12T02:28:39.980+0800: 482.898: [GC pause (G1 Evacuation Pause) (young) 192M->42878K(256M), 0.0053976 secs]
Heap after GC invocations=798 (full 0):
 garbage-first heap   total 262144K, used 42878K [0x00000000f0000000, 0x00000000f0100800, 0x0000000100000000)
  region size 1024K, 2 young (2048K), 2 survivors (2048K)
 Metaspace       used 65125K, capacity 69848K, committed 69888K, reserved 1110016K
  class space    used 8396K, capacity 9199K, committed 9216K, reserved 1048576K
}
{Heap before GC invocations=798 (full 0):
 garbage-first heap   total 262144K, used 197502K [0x00000000f0000000, 0x00000000f0100800, 0x0000000100000000)
  region size 1024K, 153 young (156672K), 2 survivors (2048K)
 Metaspace       used 65125K, capacity 69848K, committed 69888K, reserved 1110016K
  class space    used 8396K, capacity 9199K, committed 9216K, reserved 1048576K
2022-09-12T02:28:40.510+0800: 483.428: [GC pause (G1 Evacuation Pause) (young) 192M->42925K(256M), 0.0052438 secs]
Heap after GC invocations=799 (full 0):
 garbage-first heap   total 262144K, used 42925K [0x00000000f0000000, 0x00000000f0100800, 0x0000000100000000)
  region size 1024K, 2 young (2048K), 2 survivors (2048K)
 Metaspace       used 65125K, capacity 69848K, committed 69888K, reserved 1110016K
  class space    used 8396K, capacity 9199K, committed 9216K, reserved 1048576K
}
{Heap before GC invocations=799 (full 0):
 garbage-first heap   total 262144K, used 197549K [0x00000000f0000000, 0x00000000f0100800, 0x0000000100000000)
  region size 1024K, 153 young (156672K), 2 survivors (2048K)
 Metaspace       used 65125K, capacity 69848K, committed 69888K, reserved 1110016K
  class space    used 8396K, capacity 9199K, committed 9216K, reserved 1048576K
2022-09-12T02:28:41.039+0800: 483.957: [GC pause (G1 Evacuation Pause) (young) 192M->42511K(256M), 0.0052224 secs]
Heap after GC invocations=800 (full 0):
 garbage-first heap   total 262144K, used 42511K [0x00000000f0000000, 0x00000000f0100800, 0x0000000100000000)
  region size 1024K, 2 young (2048K), 2 survivors (2048K)
 Metaspace       used 65125K, capacity 69848K, committed 69888K, reserved 1110016K
  class space    used 8396K, capacity 9199K, committed 9216K, reserved 1048576K
}
{Heap before GC invocations=800 (full 0):
 garbage-first heap   total 262144K, used 197135K [0x00000000f0000000, 0x00000000f0100800, 0x0000000100000000)
  region size 1024K, 153 young (156672K), 2 survivors (2048K)
 Metaspace       used 65128K, capacity 69848K, committed 69888K, reserved 1110016K
  class space    used 8396K, capacity 9199K, committed 9216K, reserved 1048576K
2022-09-12T02:28:41.578+0800: 484.496: [GC pause (G1 Evacuation Pause) (young) 192M->42876K(256M), 0.0052640 secs]
Heap after GC invocations=801 (full 0):
 garbage-first heap   total 262144K, used 42876K [0x00000000f0000000, 0x00000000f0100800, 0x0000000100000000)
  region size 1024K, 2 young (2048K), 2 survivors (2048K)
 Metaspace       used 65128K, capacity 69848K, committed 69888K, reserved 1110016K
  class space    used 8396K, capacity 9199K, committed 9216K, reserved 1048576K
}
{Heap before GC invocations=801 (full 0):
 garbage-first heap   total 262144K, used 197500K [0x00000000f0000000, 0x00000000f0100800, 0x0000000100000000)
  region size 1024K, 153 young (156672K), 2 survivors (2048K)
 Metaspace       used 65128K, capacity 69848K, committed 69888K, reserved 1110016K
  class space    used 8396K, capacity 9199K, committed 9216K, reserved 1048576K
2022-09-12T02:28:42.112+0800: 485.030: [GC pause (G1 Evacuation Pause) (young) 192M->42948K(256M), 0.0053309 secs]
Heap after GC invocations=802 (full 0):
 garbage-first heap   total 262144K, used 42948K [0x00000000f0000000, 0x00000000f0100800, 0x0000000100000000)
  region size 1024K, 2 young (2048K), 2 survivors (2048K)
 Metaspace       used 65128K, capacity 69848K, committed 69888K, reserved 1110016K
  class space    used 8396K, capacity 9199K, committed 9216K, reserved 1048576K
}
{Heap before GC invocations=802 (full 0):
 garbage-first heap   total 262144K, used 197572K [0x00000000f0000000, 0x00000000f0100800, 0x0000000100000000)
  region size 1024K, 153 young (156672K), 2 survivors (2048K)
 Metaspace       used 65128K, capacity 69848K, committed 69888K, reserved 1110016K
  class space    used 8396K, capacity 9199K, committed 9216K, reserved 1048576K
2022-09-12T02:28:42.644+0800: 485.562: [GC pause (G1 Evacuation Pause) (young) 192M->42523K(256M), 0.0051259 secs]
Heap after GC invocations=803 (full 0):
 garbage-first heap   total 262144K, used 42523K [0x00000000f0000000, 0x00000000f0100800, 0x0000000100000000)
  region size 1024K, 2 young (2048K), 2 survivors (2048K)
 Metaspace       used 65128K, capacity 69848K, committed 69888K, reserved 1110016K
  class space    used 8396K, capacity 9199K, committed 9216K, reserved 1048576K
}
{Heap before GC invocations=803 (full 0):
 garbage-first heap   total 262144K, used 197147K [0x00000000f0000000, 0x00000000f0100800, 0x0000000100000000)
  region size 1024K, 153 young (156672K), 2 survivors (2048K)
 Metaspace       used 65128K, capacity 69848K, committed 69888K, reserved 1110016K
  class space    used 8396K, capacity 9199K, committed 9216K, reserved 1048576K
2022-09-12T02:28:43.175+0800: 486.093: [GC pause (G1 Evacuation Pause) (young) 192M->42893K(256M), 0.0051494 secs]
Heap after GC invocations=804 (full 0):
 garbage-first heap   total 262144K, used 42893K [0x00000000f0000000, 0x00000000f0100800, 0x0000000100000000)
  region size 1024K, 2 young (2048K), 2 survivors (2048K)
 Metaspace       used 65128K, capacity 69848K, committed 69888K, reserved 1110016K
  class space    used 8396K, capacity 9199K, committed 9216K, reserved 1048576K
}
{Heap before GC invocations=804 (full 0):
 garbage-first heap   total 262144K, used 197517K [0x00000000f0000000, 0x00000000f0100800, 0x0000000100000000)
  region size 1024K, 153 young (156672K), 2 survivors (2048K)
 Metaspace       used 65128K, capacity 69848K, committed 69888K, reserved 1110016K
  class space    used 8396K, capacity 9199K, committed 9216K, reserved 1048576K
2022-09-12T02:28:43.704+0800: 486.622: [GC pause (G1 Evacuation Pause) (young) 192M->42943K(256M), 0.0051201 secs]
Heap after GC invocations=805 (full 0):
 garbage-first heap   total 262144K, used 42943K [0x00000000f0000000, 0x00000000f0100800, 0x0000000100000000)
  region size 1024K, 2 young (2048K), 2 survivors (2048K)
 Metaspace       used 65128K, capacity 69848K, committed 69888K, reserved 1110016K
  class space    used 8396K, capacity 9199K, committed 9216K, reserved 1048576K
}
{Heap before GC invocations=805 (full 0):
 garbage-first heap   total 262144K, used 197567K [0x00000000f0000000, 0x00000000f0100800, 0x0000000100000000)
  region size 1024K, 153 young (156672K), 2 survivors (2048K)
 Metaspace       used 65128K, capacity 69848K, committed 69888K, reserved 1110016K
  class space    used 8396K, capacity 9199K, committed 9216K, reserved 1048576K
2022-09-12T02:28:44.235+0800: 487.152: [GC pause (G1 Evacuation Pause) (young) 192M->42519K(256M), 0.0053021 secs]
Heap after GC invocations=806 (full 0):
 garbage-first heap   total 262144K, used 42519K [0x00000000f0000000, 0x00000000f0100800, 0x0000000100000000)
  region size 1024K, 2 young (2048K), 2 survivors (2048K)
 Metaspace       used 65128K, capacity 69848K, committed 69888K, reserved 1110016K
  class space    used 8396K, capacity 9199K, committed 9216K, reserved 1048576K
}
{Heap before GC invocations=806 (full 0):
 garbage-first heap   total 262144K, used 197143K [0x00000000f0000000, 0x00000000f0100800, 0x0000000100000000)
  region size 1024K, 153 young (156672K), 2 survivors (2048K)
 Metaspace       used 65128K, capacity 69848K, committed 69888K, reserved 1110016K
  class space    used 8396K, capacity 9199K, committed 9216K, reserved 1048576K
2022-09-12T02:28:44.768+0800: 487.685: [GC pause (G1 Evacuation Pause) (young) 192M->42897K(256M), 0.0052272 secs]
Heap after GC invocations=807 (full 0):
 garbage-first heap   total 262144K, used 42897K [0x00000000f0000000, 0x00000000f0100800, 0x0000000100000000)
  region size 1024K, 2 young (2048K), 2 survivors (2048K)
 Metaspace       used 65128K, capacity 69848K, committed 69888K, reserved 1110016K
  class space    used 8396K, capacity 9199K, committed 9216K, reserved 1048576K
}
{Heap before GC invocations=807 (full 0):
 garbage-first heap   total 262144K, used 197521K [0x00000000f0000000, 0x00000000f0100800, 0x0000000100000000)
  region size 1024K, 153 young (156672K), 2 survivors (2048K)
 Metaspace       used 65128K, capacity 69848K, committed 69888K, reserved 1110016K
  class space    used 8396K, capacity 9199K, committed 9216K, reserved 1048576K
2022-09-12T02:28:45.297+0800: 488.215: [GC pause (G1 Evacuation Pause) (young) 192M->42708K(256M), 0.0051941 secs]
Heap after GC invocations=808 (full 0):
 garbage-first heap   total 262144K, used 42708K [0x00000000f0000000, 0x00000000f0100800, 0x0000000100000000)
  region size 1024K, 2 young (2048K), 2 survivors (2048K)
 Metaspace       used 65128K, capacity 69848K, committed 69888K, reserved 1110016K
  class space    used 8396K, capacity 9199K, committed 9216K, reserved 1048576K
}
{Heap before GC invocations=808 (full 0):
 garbage-first heap   total 262144K, used 197332K [0x00000000f0000000, 0x00000000f0100800, 0x0000000100000000)
  region size 1024K, 153 young (156672K), 2 survivors (2048K)
 Metaspace       used 65128K, capacity 69848K, committed 69888K, reserved 1110016K
  class space    used 8396K, capacity 9199K, committed 9216K, reserved 1048576K
2022-09-12T02:28:45.827+0800: 488.745: [GC pause (G1 Evacuation Pause) (young) 192M->42948K(256M), 0.0053062 secs]
Heap after GC invocations=809 (full 0):
 garbage-first heap   total 262144K, used 42948K [0x00000000f0000000, 0x00000000f0100800, 0x0000000100000000)
  region size 1024K, 2 young (2048K), 2 survivors (2048K)
 Metaspace       used 65128K, capacity 69848K, committed 69888K, reserved 1110016K
  class space    used 8396K, capacity 9199K, committed 9216K, reserved 1048576K
}
{Heap before GC invocations=809 (full 0):
 garbage-first heap   total 262144K, used 197572K [0x00000000f0000000, 0x00000000f0100800, 0x0000000100000000)
  region size 1024K, 153 young (156672K), 2 survivors (2048K)
 Metaspace       used 65128K, capacity 69848K, committed 69888K, reserved 1110016K
  class space    used 8396K, capacity 9199K, committed 9216K, reserved 1048576K
2022-09-12T02:28:46.364+0800: 489.282: [GC pause (G1 Evacuation Pause) (young) 192M->42518K(256M), 0.0051742 secs]
Heap after GC invocations=810 (full 0):
 garbage-first heap   total 262144K, used 42518K [0x00000000f0000000, 0x00000000f0100800, 0x0000000100000000)
  region size 1024K, 2 young (2048K), 2 survivors (2048K)
 Metaspace       used 65128K, capacity 69848K, committed 69888K, reserved 1110016K
  class space    used 8396K, capacity 9199K, committed 9216K, reserved 1048576K
}
{Heap before GC invocations=810 (full 0):
 garbage-first heap   total 262144K, used 197142K [0x00000000f0000000, 0x00000000f0100800, 0x0000000100000000)
  region size 1024K, 153 young (156672K), 2 survivors (2048K)
 Metaspace       used 65128K, capacity 69848K, committed 69888K, reserved 1110016K
  class space    used 8396K, capacity 9199K, committed 9216K, reserved 1048576K
2022-09-12T02:28:46.895+0800: 489.813: [GC pause (G1 Evacuation Pause) (young) 192M->42883K(256M), 0.0051637 secs]
Heap after GC invocations=811 (full 0):
 garbage-first heap   total 262144K, used 42883K [0x00000000f0000000, 0x00000000f0100800, 0x0000000100000000)
  region size 1024K, 2 young (2048K), 2 survivors (2048K)
 Metaspace       used 65128K, capacity 69848K, committed 69888K, reserved 1110016K
  class space    used 8396K, capacity 9199K, committed 9216K, reserved 1048576K
}
{Heap before GC invocations=811 (full 0):
 garbage-first heap   total 262144K, used 197507K [0x00000000f0000000, 0x00000000f0100800, 0x0000000100000000)
  region size 1024K, 153 young (156672K), 2 survivors (2048K)
 Metaspace       used 65128K, capacity 69848K, committed 69888K, reserved 1110016K
  class space    used 8396K, capacity 9199K, committed 9216K, reserved 1048576K
2022-09-12T02:28:47.425+0800: 490.343: [GC pause (G1 Evacuation Pause) (young) 192M->42934K(256M), 0.0051097 secs]
Heap after GC invocations=812 (full 0):
 garbage-first heap   total 262144K, used 42934K [0x00000000f0000000, 0x00000000f0100800, 0x0000000100000000)
  region size 1024K, 2 young (2048K), 2 survivors (2048K)
 Metaspace       used 65128K, capacity 69848K, committed 69888K, reserved 1110016K
  class space    used 8396K, capacity 9199K, committed 9216K, reserved 1048576K
}
{Heap before GC invocations=812 (full 0):
 garbage-first heap   total 262144K, used 197558K [0x00000000f0000000, 0x00000000f0100800, 0x0000000100000000)
  region size 1024K, 153 young (156672K), 2 survivors (2048K)
 Metaspace       used 65128K, capacity 69848K, committed 69888K, reserved 1110016K
  class space    used 8396K, capacity 9199K, committed 9216K, reserved 1048576K
2022-09-12T02:28:47.957+0800: 490.875: [GC pause (G1 Evacuation Pause) (young) 192M->42521K(256M), 0.0053166 secs]
Heap after GC invocations=813 (full 0):
 garbage-first heap   total 262144K, used 42521K [0x00000000f0000000, 0x00000000f0100800, 0x0000000100000000)
  region size 1024K, 2 young (2048K), 2 survivors (2048K)
 Metaspace       used 65128K, capacity 69848K, committed 69888K, reserved 1110016K
  class space    used 8396K, capacity 9199K, committed 9216K, reserved 1048576K
}
{Heap before GC invocations=813 (full 0):
 garbage-first heap   total 262144K, used 197145K [0x00000000f0000000, 0x00000000f0100800, 0x0000000100000000)
  region size 1024K, 153 young (156672K), 2 survivors (2048K)
 Metaspace       used 65128K, capacity 69848K, committed 69888K, reserved 1110016K
  class space    used 8396K, capacity 9199K, committed 9216K, reserved 1048576K
2022-09-12T02:28:48.487+0800: 491.405: [GC pause (G1 Evacuation Pause) (young) 192M->42887K(256M), 0.0053195 secs]
Heap after GC invocations=814 (full 0):
 garbage-first heap   total 262144K, used 42887K [0x00000000f0000000, 0x00000000f0100800, 0x0000000100000000)
  region size 1024K, 2 young (2048K), 2 survivors (2048K)
 Metaspace       used 65128K, capacity 69848K, committed 69888K, reserved 1110016K
  class space    used 8396K, capacity 9199K, committed 9216K, reserved 1048576K
}
{Heap before GC invocations=814 (full 0):
 garbage-first heap   total 262144K, used 197511K [0x00000000f0000000, 0x00000000f0100800, 0x0000000100000000)
  region size 1024K, 153 young (156672K), 2 survivors (2048K)
 Metaspace       used 65128K, capacity 69848K, committed 69888K, reserved 1110016K
  class space    used 8396K, capacity 9199K, committed 9216K, reserved 1048576K
2022-09-12T02:28:49.019+0800: 491.937: [GC pause (G1 Evacuation Pause) (young) 192M->42932K(256M), 0.0051445 secs]
Heap after GC invocations=815 (full 0):
 garbage-first heap   total 262144K, used 42932K [0x00000000f0000000, 0x00000000f0100800, 0x0000000100000000)
  region size 1024K, 2 young (2048K), 2 survivors (2048K)
 Metaspace       used 65128K, capacity 69848K, committed 69888K, reserved 1110016K
  class space    used 8396K, capacity 9199K, committed 9216K, reserved 1048576K
}
{Heap before GC invocations=815 (full 0):
 garbage-first heap   total 262144K, used 197556K [0x00000000f0000000, 0x00000000f0100800, 0x0000000100000000)
  region size 1024K, 153 young (156672K), 2 survivors (2048K)
 Metaspace       used 65128K, capacity 69848K, committed 69888K, reserved 1110016K
  class space    used 8396K, capacity 9199K, committed 9216K, reserved 1048576K
2022-09-12T02:28:49.549+0800: 492.467: [GC pause (G1 Evacuation Pause) (young) 192M->42528K(256M), 0.0051256 secs]
Heap after GC invocations=816 (full 0):
 garbage-first heap   total 262144K, used 42528K [0x00000000f0000000, 0x00000000f0100800, 0x0000000100000000)
  region size 1024K, 2 young (2048K), 2 survivors (2048K)
 Metaspace       used 65128K, capacity 69848K, committed 69888K, reserved 1110016K
  class space    used 8396K, capacity 9199K, committed 9216K, reserved 1048576K
}
{Heap before GC invocations=816 (full 0):
 garbage-first heap   total 262144K, used 197152K [0x00000000f0000000, 0x00000000f0100800, 0x0000000100000000)
  region size 1024K, 153 young (156672K), 2 survivors (2048K)
 Metaspace       used 65128K, capacity 69848K, committed 69888K, reserved 1110016K
  class space    used 8396K, capacity 9199K, committed 9216K, reserved 1048576K
2022-09-12T02:28:50.080+0800: 492.998: [GC pause (G1 Evacuation Pause) (young) 192M->42888K(256M), 0.0053988 secs]
Heap after GC invocations=817 (full 0):
 garbage-first heap   total 262144K, used 42888K [0x00000000f0000000, 0x00000000f0100800, 0x0000000100000000)
  region size 1024K, 2 young (2048K), 2 survivors (2048K)
 Metaspace       used 65128K, capacity 69848K, committed 69888K, reserved 1110016K
  class space    used 8396K, capacity 9199K, committed 9216K, reserved 1048576K
}
{Heap before GC invocations=817 (full 0):
 garbage-first heap   total 262144K, used 197512K [0x00000000f0000000, 0x00000000f0100800, 0x0000000100000000)
  region size 1024K, 153 young (156672K), 2 survivors (2048K)
 Metaspace       used 65128K, capacity 69848K, committed 69888K, reserved 1110016K
  class space    used 8396K, capacity 9199K, committed 9216K, reserved 1048576K
2022-09-12T02:28:50.611+0800: 493.529: [GC pause (G1 Evacuation Pause) (young) 192M->42934K(256M), 0.0051073 secs]
Heap after GC invocations=818 (full 0):
 garbage-first heap   total 262144K, used 42934K [0x00000000f0000000, 0x00000000f0100800, 0x0000000100000000)
  region size 1024K, 2 young (2048K), 2 survivors (2048K)
 Metaspace       used 65128K, capacity 69848K, committed 69888K, reserved 1110016K
  class space    used 8396K, capacity 9199K, committed 9216K, reserved 1048576K
}
{Heap before GC invocations=818 (full 0):
 garbage-first heap   total 262144K, used 197558K [0x00000000f0000000, 0x00000000f0100800, 0x0000000100000000)
  region size 1024K, 153 young (156672K), 2 survivors (2048K)
 Metaspace       used 65128K, capacity 69848K, committed 69888K, reserved 1110016K
  class space    used 8396K, capacity 9199K, committed 9216K, reserved 1048576K
2022-09-12T02:28:51.145+0800: 494.063: [GC pause (G1 Evacuation Pause) (young) 192M->42521K(256M), 0.0053176 secs]
Heap after GC invocations=819 (full 0):
 garbage-first heap   total 262144K, used 42521K [0x00000000f0000000, 0x00000000f0100800, 0x0000000100000000)
  region size 1024K, 2 young (2048K), 2 survivors (2048K)
 Metaspace       used 65128K, capacity 69848K, committed 69888K, reserved 1110016K
  class space    used 8396K, capacity 9199K, committed 9216K, reserved 1048576K
}
{Heap before GC invocations=819 (full 0):
 garbage-first heap   total 262144K, used 197145K [0x00000000f0000000, 0x00000000f0100800, 0x0000000100000000)
  region size 1024K, 153 young (156672K), 2 survivors (2048K)
 Metaspace       used 65128K, capacity 69848K, committed 69888K, reserved 1110016K
  class space    used 8396K, capacity 9199K, committed 9216K, reserved 1048576K
2022-09-12T02:28:51.674+0800: 494.592: [GC pause (G1 Evacuation Pause) (young) 192M->42888K(256M), 0.0052300 secs]
Heap after GC invocations=820 (full 0):
 garbage-first heap   total 262144K, used 42888K [0x00000000f0000000, 0x00000000f0100800, 0x0000000100000000)
  region size 1024K, 2 young (2048K), 2 survivors (2048K)
 Metaspace       used 65128K, capacity 69848K, committed 69888K, reserved 1110016K
  class space    used 8396K, capacity 9199K, committed 9216K, reserved 1048576K
}
{Heap before GC invocations=820 (full 0):
 garbage-first heap   total 262144K, used 197512K [0x00000000f0000000, 0x00000000f0100800, 0x0000000100000000)
  region size 1024K, 153 young (156672K), 2 survivors (2048K)
 Metaspace       used 65128K, capacity 69848K, committed 69888K, reserved 1110016K
  class space    used 8396K, capacity 9199K, committed 9216K, reserved 1048576K
2022-09-12T02:28:52.204+0800: 495.122: [GC pause (G1 Evacuation Pause) (young) 192M->42948K(256M), 0.0052982 secs]
Heap after GC invocations=821 (full 0):
 garbage-first heap   total 262144K, used 42948K [0x00000000f0000000, 0x00000000f0100800, 0x0000000100000000)
  region size 1024K, 2 young (2048K), 2 survivors (2048K)
 Metaspace       used 65128K, capacity 69848K, committed 69888K, reserved 1110016K
  class space    used 8396K, capacity 9199K, committed 9216K, reserved 1048576K
}
{Heap before GC invocations=821 (full 0):
 garbage-first heap   total 262144K, used 197572K [0x00000000f0000000, 0x00000000f0100800, 0x0000000100000000)
  region size 1024K, 153 young (156672K), 2 survivors (2048K)
 Metaspace       used 65128K, capacity 69848K, committed 69888K, reserved 1110016K
  class space    used 8396K, capacity 9199K, committed 9216K, reserved 1048576K
2022-09-12T02:28:52.734+0800: 495.652: [GC pause (G1 Evacuation Pause) (young) 192M->42530K(256M), 0.0052516 secs]
Heap after GC invocations=822 (full 0):
 garbage-first heap   total 262144K, used 42530K [0x00000000f0000000, 0x00000000f0100800, 0x0000000100000000)
  region size 1024K, 2 young (2048K), 2 survivors (2048K)
 Metaspace       used 65128K, capacity 69848K, committed 69888K, reserved 1110016K
  class space    used 8396K, capacity 9199K, committed 9216K, reserved 1048576K
}
{Heap before GC invocations=822 (full 0):
 garbage-first heap   total 262144K, used 197154K [0x00000000f0000000, 0x00000000f0100800, 0x0000000100000000)
  region size 1024K, 153 young (156672K), 2 survivors (2048K)
 Metaspace       used 65128K, capacity 69848K, committed 69888K, reserved 1110016K
  class space    used 8396K, capacity 9199K, committed 9216K, reserved 1048576K
2022-09-12T02:28:53.266+0800: 496.184: [GC pause (G1 Evacuation Pause) (young) 192M->42901K(256M), 0.0050706 secs]
Heap after GC invocations=823 (full 0):
 garbage-first heap   total 262144K, used 42901K [0x00000000f0000000, 0x00000000f0100800, 0x0000000100000000)
  region size 1024K, 2 young (2048K), 2 survivors (2048K)
 Metaspace       used 65128K, capacity 69848K, committed 69888K, reserved 1110016K
  class space    used 8396K, capacity 9199K, committed 9216K, reserved 1048576K
}
{Heap before GC invocations=823 (full 0):
 garbage-first heap   total 262144K, used 197525K [0x00000000f0000000, 0x00000000f0100800, 0x0000000100000000)
  region size 1024K, 153 young (156672K), 2 survivors (2048K)
 Metaspace       used 65128K, capacity 69848K, committed 69888K, reserved 1110016K
  class space    used 8396K, capacity 9199K, committed 9216K, reserved 1048576K
2022-09-12T02:28:53.799+0800: 496.717: [GC pause (G1 Evacuation Pause) (young) 192M->42947K(256M), 0.0051893 secs]
Heap after GC invocations=824 (full 0):
 garbage-first heap   total 262144K, used 42947K [0x00000000f0000000, 0x00000000f0100800, 0x0000000100000000)
  region size 1024K, 2 young (2048K), 2 survivors (2048K)
 Metaspace       used 65128K, capacity 69848K, committed 69888K, reserved 1110016K
  class space    used 8396K, capacity 9199K, committed 9216K, reserved 1048576K
}
{Heap before GC invocations=824 (full 0):
 garbage-first heap   total 262144K, used 197571K [0x00000000f0000000, 0x00000000f0100800, 0x0000000100000000)
  region size 1024K, 153 young (156672K), 2 survivors (2048K)
 Metaspace       used 65128K, capacity 69848K, committed 69888K, reserved 1110016K
  class space    used 8396K, capacity 9199K, committed 9216K, reserved 1048576K
2022-09-12T02:28:54.340+0800: 497.258: [GC pause (G1 Evacuation Pause) (young) 192M->42676K(256M), 0.0051664 secs]
Heap after GC invocations=825 (full 0):
 garbage-first heap   total 262144K, used 42676K [0x00000000f0000000, 0x00000000f0100800, 0x0000000100000000)
  region size 1024K, 2 young (2048K), 2 survivors (2048K)
 Metaspace       used 65128K, capacity 69848K, committed 69888K, reserved 1110016K
  class space    used 8396K, capacity 9199K, committed 9216K, reserved 1048576K
}
{Heap before GC invocations=825 (full 0):
 garbage-first heap   total 262144K, used 197300K [0x00000000f0000000, 0x00000000f0100800, 0x0000000100000000)
  region size 1024K, 153 young (156672K), 2 survivors (2048K)
 Metaspace       used 65128K, capacity 69848K, committed 69888K, reserved 1110016K
  class space    used 8396K, capacity 9199K, committed 9216K, reserved 1048576K
2022-09-12T02:28:54.872+0800: 497.790: [GC pause (G1 Evacuation Pause) (young) 192M->42893K(256M), 0.0052877 secs]
Heap after GC invocations=826 (full 0):
 garbage-first heap   total 262144K, used 42893K [0x00000000f0000000, 0x00000000f0100800, 0x0000000100000000)
  region size 1024K, 2 young (2048K), 2 survivors (2048K)
 Metaspace       used 65128K, capacity 69848K, committed 69888K, reserved 1110016K
  class space    used 8396K, capacity 9199K, committed 9216K, reserved 1048576K
}
{Heap before GC invocations=826 (full 0):
 garbage-first heap   total 262144K, used 197517K [0x00000000f0000000, 0x00000000f0100800, 0x0000000100000000)
  region size 1024K, 153 young (156672K), 2 survivors (2048K)
 Metaspace       used 65128K, capacity 69848K, committed 69888K, reserved 1110016K
  class space    used 8396K, capacity 9199K, committed 9216K, reserved 1048576K
2022-09-12T02:28:55.405+0800: 498.323: [GC pause (G1 Evacuation Pause) (young) 192M->42947K(256M), 0.0051729 secs]
Heap after GC invocations=827 (full 0):
 garbage-first heap   total 262144K, used 42947K [0x00000000f0000000, 0x00000000f0100800, 0x0000000100000000)
  region size 1024K, 2 young (2048K), 2 survivors (2048K)
 Metaspace       used 65128K, capacity 69848K, committed 69888K, reserved 1110016K
  class space    used 8396K, capacity 9199K, committed 9216K, reserved 1048576K
}
{Heap before GC invocations=827 (full 0):
 garbage-first heap   total 262144K, used 197571K [0x00000000f0000000, 0x00000000f0100800, 0x0000000100000000)
  region size 1024K, 153 young (156672K), 2 survivors (2048K)
 Metaspace       used 65128K, capacity 69848K, committed 69888K, reserved 1110016K
  class space    used 8396K, capacity 9199K, committed 9216K, reserved 1048576K
2022-09-12T02:28:55.937+0800: 498.855: [GC pause (G1 Evacuation Pause) (young) 192M->42530K(256M), 0.0052280 secs]
Heap after GC invocations=828 (full 0):
 garbage-first heap   total 262144K, used 42530K [0x00000000f0000000, 0x00000000f0100800, 0x0000000100000000)
  region size 1024K, 2 young (2048K), 2 survivors (2048K)
 Metaspace       used 65128K, capacity 69848K, committed 69888K, reserved 1110016K
  class space    used 8396K, capacity 9199K, committed 9216K, reserved 1048576K
}
{Heap before GC invocations=828 (full 0):
 garbage-first heap   total 262144K, used 197154K [0x00000000f0000000, 0x00000000f0100800, 0x0000000100000000)
  region size 1024K, 153 young (156672K), 2 survivors (2048K)
 Metaspace       used 65128K, capacity 69848K, committed 69888K, reserved 1110016K
  class space    used 8396K, capacity 9199K, committed 9216K, reserved 1048576K
2022-09-12T02:28:56.467+0800: 499.385: [GC pause (G1 Evacuation Pause) (young) 192M->42888K(256M), 0.0051675 secs]
Heap after GC invocations=829 (full 0):
 garbage-first heap   total 262144K, used 42888K [0x00000000f0000000, 0x00000000f0100800, 0x0000000100000000)
  region size 1024K, 2 young (2048K), 2 survivors (2048K)
 Metaspace       used 65128K, capacity 69848K, committed 69888K, reserved 1110016K
  class space    used 8396K, capacity 9199K, committed 9216K, reserved 1048576K
}
{Heap before GC invocations=829 (full 0):
 garbage-first heap   total 262144K, used 197512K [0x00000000f0000000, 0x00000000f0100800, 0x0000000100000000)
  region size 1024K, 153 young (156672K), 2 survivors (2048K)
 Metaspace       used 65128K, capacity 69848K, committed 69888K, reserved 1110016K
  class space    used 8396K, capacity 9199K, committed 9216K, reserved 1048576K
2022-09-12T02:28:57.008+0800: 499.925: [GC pause (G1 Evacuation Pause) (young) 192M->42936K(256M), 0.0052869 secs]
Heap after GC invocations=830 (full 0):
 garbage-first heap   total 262144K, used 42936K [0x00000000f0000000, 0x00000000f0100800, 0x0000000100000000)
  region size 1024K, 2 young (2048K), 2 survivors (2048K)
 Metaspace       used 65128K, capacity 69848K, committed 69888K, reserved 1110016K
  class space    used 8396K, capacity 9199K, committed 9216K, reserved 1048576K
}
{Heap before GC invocations=830 (full 0):
 garbage-first heap   total 262144K, used 197560K [0x00000000f0000000, 0x00000000f0100800, 0x0000000100000000)
  region size 1024K, 153 young (156672K), 2 survivors (2048K)
 Metaspace       used 65128K, capacity 69848K, committed 69888K, reserved 1110016K
  class space    used 8396K, capacity 9199K, committed 9216K, reserved 1048576K
2022-09-12T02:28:57.539+0800: 500.456: [GC pause (G1 Evacuation Pause) (young) 192M->42964K(256M), 0.0051357 secs]
Heap after GC invocations=831 (full 0):
 garbage-first heap   total 262144K, used 42964K [0x00000000f0000000, 0x00000000f0100800, 0x0000000100000000)
  region size 1024K, 2 young (2048K), 2 survivors (2048K)
 Metaspace       used 65128K, capacity 69848K, committed 69888K, reserved 1110016K
  class space    used 8396K, capacity 9199K, committed 9216K, reserved 1048576K
}
{Heap before GC invocations=831 (full 0):
 garbage-first heap   total 262144K, used 197588K [0x00000000f0000000, 0x00000000f0100800, 0x0000000100000000)
  region size 1024K, 153 young (156672K), 2 survivors (2048K)
 Metaspace       used 65128K, capacity 69848K, committed 69888K, reserved 1110016K
  class space    used 8396K, capacity 9199K, committed 9216K, reserved 1048576K
2022-09-12T02:28:58.067+0800: 500.985: [GC pause (G1 Evacuation Pause) (young) 192M->42530K(256M), 0.0052265 secs]
Heap after GC invocations=832 (full 0):
 garbage-first heap   total 262144K, used 42530K [0x00000000f0000000, 0x00000000f0100800, 0x0000000100000000)
  region size 1024K, 2 young (2048K), 2 survivors (2048K)
 Metaspace       used 65128K, capacity 69848K, committed 69888K, reserved 1110016K
  class space    used 8396K, capacity 9199K, committed 9216K, reserved 1048576K
}
{Heap before GC invocations=832 (full 0):
 garbage-first heap   total 262144K, used 197154K [0x00000000f0000000, 0x00000000f0100800, 0x0000000100000000)
  region size 1024K, 153 young (156672K), 2 survivors (2048K)
 Metaspace       used 65128K, capacity 69848K, committed 69888K, reserved 1110016K
  class space    used 8396K, capacity 9199K, committed 9216K, reserved 1048576K
2022-09-12T02:28:58.599+0800: 501.517: [GC pause (G1 Evacuation Pause) (young) 192M->42900K(256M), 0.0052337 secs]
Heap after GC invocations=833 (full 0):
 garbage-first heap   total 262144K, used 42900K [0x00000000f0000000, 0x00000000f0100800, 0x0000000100000000)
  region size 1024K, 2 young (2048K), 2 survivors (2048K)
 Metaspace       used 65128K, capacity 69848K, committed 69888K, reserved 1110016K
  class space    used 8396K, capacity 9199K, committed 9216K, reserved 1048576K
}
{Heap before GC invocations=833 (full 0):
 garbage-first heap   total 262144K, used 197524K [0x00000000f0000000, 0x00000000f0100800, 0x0000000100000000)
  region size 1024K, 153 young (156672K), 2 survivors (2048K)
 Metaspace       used 65128K, capacity 69848K, committed 69888K, reserved 1110016K
  class space    used 8396K, capacity 9199K, committed 9216K, reserved 1048576K
2022-09-12T02:28:59.130+0800: 502.048: [GC pause (G1 Evacuation Pause) (young) 192M->42935K(256M), 0.0052095 secs]
Heap after GC invocations=834 (full 0):
 garbage-first heap   total 262144K, used 42935K [0x00000000f0000000, 0x00000000f0100800, 0x0000000100000000)
  region size 1024K, 2 young (2048K), 2 survivors (2048K)
 Metaspace       used 65128K, capacity 69848K, committed 69888K, reserved 1110016K
  class space    used 8396K, capacity 9199K, committed 9216K, reserved 1048576K
}
{Heap before GC invocations=834 (full 0):
 garbage-first heap   total 262144K, used 197559K [0x00000000f0000000, 0x00000000f0100800, 0x0000000100000000)
  region size 1024K, 153 young (156672K), 2 survivors (2048K)
 Metaspace       used 65128K, capacity 69848K, committed 69888K, reserved 1110016K
  class space    used 8396K, capacity 9199K, committed 9216K, reserved 1048576K
2022-09-12T02:28:59.659+0800: 502.577: [GC pause (G1 Evacuation Pause) (young) 192M->42527K(256M), 0.0052036 secs]
Heap after GC invocations=835 (full 0):
 garbage-first heap   total 262144K, used 42527K [0x00000000f0000000, 0x00000000f0100800, 0x0000000100000000)
  region size 1024K, 2 young (2048K), 2 survivors (2048K)
 Metaspace       used 65128K, capacity 69848K, committed 69888K, reserved 1110016K
  class space    used 8396K, capacity 9199K, committed 9216K, reserved 1048576K
}
{Heap before GC invocations=835 (full 0):
 garbage-first heap   total 262144K, used 197151K [0x00000000f0000000, 0x00000000f0100800, 0x0000000100000000)
  region size 1024K, 153 young (156672K), 2 survivors (2048K)
 Metaspace       used 65128K, capacity 69848K, committed 69888K, reserved 1110016K
  class space    used 8396K, capacity 9199K, committed 9216K, reserved 1048576K
2022-09-12T02:29:00.198+0800: 503.116: [GC pause (G1 Evacuation Pause) (young) 192M->42900K(256M), 0.0054226 secs]
Heap after GC invocations=836 (full 0):
 garbage-first heap   total 262144K, used 42900K [0x00000000f0000000, 0x00000000f0100800, 0x0000000100000000)
  region size 1024K, 2 young (2048K), 2 survivors (2048K)
 Metaspace       used 65128K, capacity 69848K, committed 69888K, reserved 1110016K
  class space    used 8396K, capacity 9199K, committed 9216K, reserved 1048576K
}
{Heap before GC invocations=836 (full 0):
 garbage-first heap   total 262144K, used 197524K [0x00000000f0000000, 0x00000000f0100800, 0x0000000100000000)
  region size 1024K, 153 young (156672K), 2 survivors (2048K)
 Metaspace       used 65128K, capacity 69848K, committed 69888K, reserved 1110016K
  class space    used 8396K, capacity 9199K, committed 9216K, reserved 1048576K
2022-09-12T02:29:00.733+0800: 503.651: [GC pause (G1 Evacuation Pause) (young) 192M->42949K(256M), 0.0051779 secs]
Heap after GC invocations=837 (full 0):
 garbage-first heap   total 262144K, used 42949K [0x00000000f0000000, 0x00000000f0100800, 0x0000000100000000)
  region size 1024K, 2 young (2048K), 2 survivors (2048K)
 Metaspace       used 65128K, capacity 69848K, committed 69888K, reserved 1110016K
  class space    used 8396K, capacity 9199K, committed 9216K, reserved 1048576K
}
{Heap before GC invocations=837 (full 0):
 garbage-first heap   total 262144K, used 197573K [0x00000000f0000000, 0x00000000f0100800, 0x0000000100000000)
  region size 1024K, 153 young (156672K), 2 survivors (2048K)
 Metaspace       used 65128K, capacity 69848K, committed 69888K, reserved 1110016K
  class space    used 8396K, capacity 9199K, committed 9216K, reserved 1048576K
2022-09-12T02:29:01.271+0800: 504.189: [GC pause (G1 Evacuation Pause) (young) 192M->42531K(256M), 0.0052247 secs]
Heap after GC invocations=838 (full 0):
 garbage-first heap   total 262144K, used 42531K [0x00000000f0000000, 0x00000000f0100800, 0x0000000100000000)
  region size 1024K, 2 young (2048K), 2 survivors (2048K)
 Metaspace       used 65128K, capacity 69848K, committed 69888K, reserved 1110016K
  class space    used 8396K, capacity 9199K, committed 9216K, reserved 1048576K
}
{Heap before GC invocations=838 (full 0):
 garbage-first heap   total 262144K, used 197155K [0x00000000f0000000, 0x00000000f0100800, 0x0000000100000000)
  region size 1024K, 153 young (156672K), 2 survivors (2048K)
 Metaspace       used 65128K, capacity 69848K, committed 69888K, reserved 1110016K
  class space    used 8396K, capacity 9199K, committed 9216K, reserved 1048576K
2022-09-12T02:29:01.802+0800: 504.720: [GC pause (G1 Evacuation Pause) (young) 192M->42879K(256M), 0.0053675 secs]
Heap after GC invocations=839 (full 0):
 garbage-first heap   total 262144K, used 42879K [0x00000000f0000000, 0x00000000f0100800, 0x0000000100000000)
  region size 1024K, 2 young (2048K), 2 survivors (2048K)
 Metaspace       used 65128K, capacity 69848K, committed 69888K, reserved 1110016K
  class space    used 8396K, capacity 9199K, committed 9216K, reserved 1048576K
}
{Heap before GC invocations=839 (full 0):
 garbage-first heap   total 262144K, used 197503K [0x00000000f0000000, 0x00000000f0100800, 0x0000000100000000)
  region size 1024K, 153 young (156672K), 2 survivors (2048K)
 Metaspace       used 65128K, capacity 69848K, committed 69888K, reserved 1110016K
  class space    used 8396K, capacity 9199K, committed 9216K, reserved 1048576K
2022-09-12T02:29:02.335+0800: 505.252: [GC pause (G1 Evacuation Pause) (young) 192M->42945K(256M), 0.0052910 secs]
Heap after GC invocations=840 (full 0):
 garbage-first heap   total 262144K, used 42945K [0x00000000f0000000, 0x00000000f0100800, 0x0000000100000000)
  region size 1024K, 2 young (2048K), 2 survivors (2048K)
 Metaspace       used 65128K, capacity 69848K, committed 69888K, reserved 1110016K
  class space    used 8396K, capacity 9199K, committed 9216K, reserved 1048576K
}
{Heap before GC invocations=840 (full 0):
 garbage-first heap   total 262144K, used 197569K [0x00000000f0000000, 0x00000000f0100800, 0x0000000100000000)
  region size 1024K, 153 young (156672K), 2 survivors (2048K)
 Metaspace       used 65128K, capacity 69848K, committed 69888K, reserved 1110016K
  class space    used 8396K, capacity 9199K, committed 9216K, reserved 1048576K
2022-09-12T02:29:02.866+0800: 505.784: [GC pause (G1 Evacuation Pause) (young) 192M->42529K(256M), 0.0052395 secs]
Heap after GC invocations=841 (full 0):
 garbage-first heap   total 262144K, used 42529K [0x00000000f0000000, 0x00000000f0100800, 0x0000000100000000)
  region size 1024K, 2 young (2048K), 2 survivors (2048K)
 Metaspace       used 65128K, capacity 69848K, committed 69888K, reserved 1110016K
  class space    used 8396K, capacity 9199K, committed 9216K, reserved 1048576K
}
{Heap before GC invocations=841 (full 0):
 garbage-first heap   total 262144K, used 197153K [0x00000000f0000000, 0x00000000f0100800, 0x0000000100000000)
  region size 1024K, 153 young (156672K), 2 survivors (2048K)
 Metaspace       used 65128K, capacity 69848K, committed 69888K, reserved 1110016K
  class space    used 8396K, capacity 9199K, committed 9216K, reserved 1048576K
2022-09-12T02:29:03.403+0800: 506.321: [GC pause (G1 Evacuation Pause) (young) 192M->42898K(256M), 0.0052009 secs]
Heap after GC invocations=842 (full 0):
 garbage-first heap   total 262144K, used 42898K [0x00000000f0000000, 0x00000000f0100800, 0x0000000100000000)
  region size 1024K, 2 young (2048K), 2 survivors (2048K)
 Metaspace       used 65128K, capacity 69848K, committed 69888K, reserved 1110016K
  class space    used 8396K, capacity 9199K, committed 9216K, reserved 1048576K
}
{Heap before GC invocations=842 (full 0):
 garbage-first heap   total 262144K, used 197522K [0x00000000f0000000, 0x00000000f0100800, 0x0000000100000000)
  region size 1024K, 153 young (156672K), 2 survivors (2048K)
 Metaspace       used 65128K, capacity 69848K, committed 69888K, reserved 1110016K
  class space    used 8396K, capacity 9199K, committed 9216K, reserved 1048576K
2022-09-12T02:29:03.935+0800: 506.853: [GC pause (G1 Evacuation Pause) (young) 192M->42948K(256M), 0.0052881 secs]
Heap after GC invocations=843 (full 0):
 garbage-first heap   total 262144K, used 42948K [0x00000000f0000000, 0x00000000f0100800, 0x0000000100000000)
  region size 1024K, 2 young (2048K), 2 survivors (2048K)
 Metaspace       used 65128K, capacity 69848K, committed 69888K, reserved 1110016K
  class space    used 8396K, capacity 9199K, committed 9216K, reserved 1048576K
}
{Heap before GC invocations=843 (full 0):
 garbage-first heap   total 262144K, used 197572K [0x00000000f0000000, 0x00000000f0100800, 0x0000000100000000)
  region size 1024K, 153 young (156672K), 2 survivors (2048K)
 Metaspace       used 65128K, capacity 69848K, committed 69888K, reserved 1110016K
  class space    used 8396K, capacity 9199K, committed 9216K, reserved 1048576K
2022-09-12T02:29:04.467+0800: 507.385: [GC pause (G1 Evacuation Pause) (young) 192M->42540K(256M), 0.0051915 secs]
Heap after GC invocations=844 (full 0):
 garbage-first heap   total 262144K, used 42540K [0x00000000f0000000, 0x00000000f0100800, 0x0000000100000000)
  region size 1024K, 2 young (2048K), 2 survivors (2048K)
 Metaspace       used 65128K, capacity 69848K, committed 69888K, reserved 1110016K
  class space    used 8396K, capacity 9199K, committed 9216K, reserved 1048576K
}
{Heap before GC invocations=844 (full 0):
 garbage-first heap   total 262144K, used 197164K [0x00000000f0000000, 0x00000000f0100800, 0x0000000100000000)
  region size 1024K, 153 young (156672K), 2 survivors (2048K)
 Metaspace       used 65128K, capacity 69848K, committed 69888K, reserved 1110016K
  class space    used 8396K, capacity 9199K, committed 9216K, reserved 1048576K
2022-09-12T02:29:04.999+0800: 507.917: [GC pause (G1 Evacuation Pause) (young) 192M->42894K(256M), 0.0051788 secs]
Heap after GC invocations=845 (full 0):
 garbage-first heap   total 262144K, used 42894K [0x00000000f0000000, 0x00000000f0100800, 0x0000000100000000)
  region size 1024K, 2 young (2048K), 2 survivors (2048K)
 Metaspace       used 65128K, capacity 69848K, committed 69888K, reserved 1110016K
  class space    used 8396K, capacity 9199K, committed 9216K, reserved 1048576K
}
{Heap before GC invocations=845 (full 0):
 garbage-first heap   total 262144K, used 197518K [0x00000000f0000000, 0x00000000f0100800, 0x0000000100000000)
  region size 1024K, 153 young (156672K), 2 survivors (2048K)
 Metaspace       used 65128K, capacity 69848K, committed 69888K, reserved 1110016K
  class space    used 8396K, capacity 9199K, committed 9216K, reserved 1048576K
2022-09-12T02:29:05.530+0800: 508.448: [GC pause (G1 Evacuation Pause) (young) 192M->42947K(256M), 0.0052036 secs]
Heap after GC invocations=846 (full 0):
 garbage-first heap   total 262144K, used 42947K [0x00000000f0000000, 0x00000000f0100800, 0x0000000100000000)
  region size 1024K, 2 young (2048K), 2 survivors (2048K)
 Metaspace       used 65128K, capacity 69848K, committed 69888K, reserved 1110016K
  class space    used 8396K, capacity 9199K, committed 9216K, reserved 1048576K
}
{Heap before GC invocations=846 (full 0):
 garbage-first heap   total 262144K, used 197571K [0x00000000f0000000, 0x00000000f0100800, 0x0000000100000000)
  region size 1024K, 153 young (156672K), 2 survivors (2048K)
 Metaspace       used 65128K, capacity 69848K, committed 69888K, reserved 1110016K
  class space    used 8396K, capacity 9199K, committed 9216K, reserved 1048576K
2022-09-12T02:29:06.069+0800: 508.987: [GC pause (G1 Evacuation Pause) (young) 192M->42536K(256M), 0.0053243 secs]
Heap after GC invocations=847 (full 0):
 garbage-first heap   total 262144K, used 42536K [0x00000000f0000000, 0x00000000f0100800, 0x0000000100000000)
  region size 1024K, 2 young (2048K), 2 survivors (2048K)
 Metaspace       used 65128K, capacity 69848K, committed 69888K, reserved 1110016K
  class space    used 8396K, capacity 9199K, committed 9216K, reserved 1048576K
}
{Heap before GC invocations=847 (full 0):
 garbage-first heap   total 262144K, used 197160K [0x00000000f0000000, 0x00000000f0100800, 0x0000000100000000)
  region size 1024K, 153 young (156672K), 2 survivors (2048K)
 Metaspace       used 65128K, capacity 69848K, committed 69888K, reserved 1110016K
  class space    used 8396K, capacity 9199K, committed 9216K, reserved 1048576K
2022-09-12T02:29:06.602+0800: 509.520: [GC pause (G1 Evacuation Pause) (young) 192M->42909K(256M), 0.0051700 secs]
Heap after GC invocations=848 (full 0):
 garbage-first heap   total 262144K, used 42909K [0x00000000f0000000, 0x00000000f0100800, 0x0000000100000000)
  region size 1024K, 2 young (2048K), 2 survivors (2048K)
 Metaspace       used 65128K, capacity 69848K, committed 69888K, reserved 1110016K
  class space    used 8396K, capacity 9199K, committed 9216K, reserved 1048576K
}
{Heap before GC invocations=848 (full 0):
 garbage-first heap   total 262144K, used 197533K [0x00000000f0000000, 0x00000000f0100800, 0x0000000100000000)
  region size 1024K, 153 young (156672K), 2 survivors (2048K)
 Metaspace       used 65128K, capacity 69848K, committed 69888K, reserved 1110016K
  class space    used 8396K, capacity 9199K, committed 9216K, reserved 1048576K
2022-09-12T02:29:07.131+0800: 510.049: [GC pause (G1 Evacuation Pause) (young) 192M->42961K(256M), 0.0051994 secs]
Heap after GC invocations=849 (full 0):
 garbage-first heap   total 262144K, used 42961K [0x00000000f0000000, 0x00000000f0100800, 0x0000000100000000)
  region size 1024K, 2 young (2048K), 2 survivors (2048K)
 Metaspace       used 65128K, capacity 69848K, committed 69888K, reserved 1110016K
  class space    used 8396K, capacity 9199K, committed 9216K, reserved 1048576K
}
{Heap before GC invocations=849 (full 0):
 garbage-first heap   total 262144K, used 197585K [0x00000000f0000000, 0x00000000f0100800, 0x0000000100000000)
  region size 1024K, 153 young (156672K), 2 survivors (2048K)
 Metaspace       used 65128K, capacity 69848K, committed 69888K, reserved 1110016K
  class space    used 8396K, capacity 9199K, committed 9216K, reserved 1048576K
2022-09-12T02:29:07.660+0800: 510.578: [GC pause (G1 Evacuation Pause) (young) 192M->42542K(256M), 0.0051037 secs]
Heap after GC invocations=850 (full 0):
 garbage-first heap   total 262144K, used 42542K [0x00000000f0000000, 0x00000000f0100800, 0x0000000100000000)
  region size 1024K, 2 young (2048K), 2 survivors (2048K)
 Metaspace       used 65128K, capacity 69848K, committed 69888K, reserved 1110016K
  class space    used 8396K, capacity 9199K, committed 9216K, reserved 1048576K
}
{Heap before GC invocations=850 (full 0):
 garbage-first heap   total 262144K, used 197166K [0x00000000f0000000, 0x00000000f0100800, 0x0000000100000000)
  region size 1024K, 153 young (156672K), 2 survivors (2048K)
 Metaspace       used 65128K, capacity 69848K, committed 69888K, reserved 1110016K
  class space    used 8396K, capacity 9199K, committed 9216K, reserved 1048576K
2022-09-12T02:29:08.191+0800: 511.109: [GC pause (G1 Evacuation Pause) (young) 192M->42907K(256M), 0.0051384 secs]
Heap after GC invocations=851 (full 0):
 garbage-first heap   total 262144K, used 42907K [0x00000000f0000000, 0x00000000f0100800, 0x0000000100000000)
  region size 1024K, 2 young (2048K), 2 survivors (2048K)
 Metaspace       used 65128K, capacity 69848K, committed 69888K, reserved 1110016K
  class space    used 8396K, capacity 9199K, committed 9216K, reserved 1048576K
}
{Heap before GC invocations=851 (full 0):
 garbage-first heap   total 262144K, used 197531K [0x00000000f0000000, 0x00000000f0100800, 0x0000000100000000)
  region size 1024K, 153 young (156672K), 2 survivors (2048K)
 Metaspace       used 65128K, capacity 69848K, committed 69888K, reserved 1110016K
  class space    used 8396K, capacity 9199K, committed 9216K, reserved 1048576K
2022-09-12T02:29:08.724+0800: 511.642: [GC pause (G1 Evacuation Pause) (young) 192M->42947K(256M), 0.0054625 secs]
Heap after GC invocations=852 (full 0):
 garbage-first heap   total 262144K, used 42947K [0x00000000f0000000, 0x00000000f0100800, 0x0000000100000000)
  region size 1024K, 2 young (2048K), 2 survivors (2048K)
 Metaspace       used 65128K, capacity 69848K, committed 69888K, reserved 1110016K
  class space    used 8396K, capacity 9199K, committed 9216K, reserved 1048576K
}
{Heap before GC invocations=852 (full 0):
 garbage-first heap   total 262144K, used 197571K [0x00000000f0000000, 0x00000000f0100800, 0x0000000100000000)
  region size 1024K, 153 young (156672K), 2 survivors (2048K)
 Metaspace       used 65128K, capacity 69848K, committed 69888K, reserved 1110016K
  class space    used 8396K, capacity 9199K, committed 9216K, reserved 1048576K
2022-09-12T02:29:09.255+0800: 512.173: [GC pause (G1 Evacuation Pause) (young) 192M->42984K(256M), 0.0052903 secs]
Heap after GC invocations=853 (full 0):
 garbage-first heap   total 262144K, used 42984K [0x00000000f0000000, 0x00000000f0100800, 0x0000000100000000)
  region size 1024K, 2 young (2048K), 2 survivors (2048K)
 Metaspace       used 65128K, capacity 69848K, committed 69888K, reserved 1110016K
  class space    used 8396K, capacity 9199K, committed 9216K, reserved 1048576K
}
{Heap before GC invocations=853 (full 0):
 garbage-first heap   total 262144K, used 197608K [0x00000000f0000000, 0x00000000f0100800, 0x0000000100000000)
  region size 1024K, 153 young (156672K), 2 survivors (2048K)
 Metaspace       used 65128K, capacity 69848K, committed 69888K, reserved 1110016K
  class space    used 8396K, capacity 9199K, committed 9216K, reserved 1048576K
2022-09-12T02:29:09.784+0800: 512.702: [GC pause (G1 Evacuation Pause) (young) 192M->42537K(256M), 0.0051891 secs]
Heap after GC invocations=854 (full 0):
 garbage-first heap   total 262144K, used 42537K [0x00000000f0000000, 0x00000000f0100800, 0x0000000100000000)
  region size 1024K, 2 young (2048K), 2 survivors (2048K)
 Metaspace       used 65128K, capacity 69848K, committed 69888K, reserved 1110016K
  class space    used 8396K, capacity 9199K, committed 9216K, reserved 1048576K
}
{Heap before GC invocations=854 (full 0):
 garbage-first heap   total 262144K, used 197161K [0x00000000f0000000, 0x00000000f0100800, 0x0000000100000000)
  region size 1024K, 153 young (156672K), 2 survivors (2048K)
 Metaspace       used 65128K, capacity 69848K, committed 69888K, reserved 1110016K
  class space    used 8396K, capacity 9199K, committed 9216K, reserved 1048576K
2022-09-12T02:29:10.316+0800: 513.233: [GC pause (G1 Evacuation Pause) (young) 192M->42897K(256M), 0.0052213 secs]
Heap after GC invocations=855 (full 0):
 garbage-first heap   total 262144K, used 42897K [0x00000000f0000000, 0x00000000f0100800, 0x0000000100000000)
  region size 1024K, 2 young (2048K), 2 survivors (2048K)
 Metaspace       used 65128K, capacity 69848K, committed 69888K, reserved 1110016K
  class space    used 8396K, capacity 9199K, committed 9216K, reserved 1048576K
}
{Heap before GC invocations=855 (full 0):
 garbage-first heap   total 262144K, used 197521K [0x00000000f0000000, 0x00000000f0100800, 0x0000000100000000)
  region size 1024K, 153 young (156672K), 2 survivors (2048K)
 Metaspace       used 65128K, capacity 69848K, committed 69888K, reserved 1110016K
  class space    used 8396K, capacity 9199K, committed 9216K, reserved 1048576K
2022-09-12T02:29:10.844+0800: 513.762: [GC pause (G1 Evacuation Pause) (young) 192M->42939K(256M), 0.0051422 secs]
Heap after GC invocations=856 (full 0):
 garbage-first heap   total 262144K, used 42939K [0x00000000f0000000, 0x00000000f0100800, 0x0000000100000000)
  region size 1024K, 2 young (2048K), 2 survivors (2048K)
 Metaspace       used 65128K, capacity 69848K, committed 69888K, reserved 1110016K
  class space    used 8396K, capacity 9199K, committed 9216K, reserved 1048576K
}
{Heap before GC invocations=856 (full 0):
 garbage-first heap   total 262144K, used 197563K [0x00000000f0000000, 0x00000000f0100800, 0x0000000100000000)
  region size 1024K, 153 young (156672K), 2 survivors (2048K)
 Metaspace       used 65128K, capacity 69848K, committed 69888K, reserved 1110016K
  class space    used 8396K, capacity 9199K, committed 9216K, reserved 1048576K
2022-09-12T02:29:11.376+0800: 514.294: [GC pause (G1 Evacuation Pause) (young) 192M->42971K(256M), 0.0050525 secs]
Heap after GC invocations=857 (full 0):
 garbage-first heap   total 262144K, used 42971K [0x00000000f0000000, 0x00000000f0100800, 0x0000000100000000)
  region size 1024K, 2 young (2048K), 2 survivors (2048K)
 Metaspace       used 65128K, capacity 69848K, committed 69888K, reserved 1110016K
  class space    used 8396K, capacity 9199K, committed 9216K, reserved 1048576K
}
{Heap before GC invocations=857 (full 0):
 garbage-first heap   total 262144K, used 197595K [0x00000000f0000000, 0x00000000f0100800, 0x0000000100000000)
  region size 1024K, 153 young (156672K), 2 survivors (2048K)
 Metaspace       used 65128K, capacity 69848K, committed 69888K, reserved 1110016K
  class space    used 8396K, capacity 9199K, committed 9216K, reserved 1048576K
2022-09-12T02:29:11.916+0800: 514.834: [GC pause (G1 Evacuation Pause) (young) 192M->41816K(256M), 0.0038489 secs]
Heap after GC invocations=858 (full 0):
 garbage-first heap   total 262144K, used 41816K [0x00000000f0000000, 0x00000000f0100800, 0x0000000100000000)
  region size 1024K, 1 young (1024K), 1 survivors (1024K)
 Metaspace       used 65128K, capacity 69848K, committed 69888K, reserved 1110016K
  class space    used 8396K, capacity 9199K, committed 9216K, reserved 1048576K
}
{Heap before GC invocations=858 (full 0):
 garbage-first heap   total 262144K, used 197464K [0x00000000f0000000, 0x00000000f0100800, 0x0000000100000000)
  region size 1024K, 153 young (156672K), 1 survivors (1024K)
 Metaspace       used 65128K, capacity 69848K, committed 69888K, reserved 1110016K
  class space    used 8396K, capacity 9199K, committed 9216K, reserved 1048576K
2022-09-12T02:29:12.444+0800: 515.362: [GC pause (G1 Evacuation Pause) (young) 192M->42364K(256M), 0.0051475 secs]
Heap after GC invocations=859 (full 0):
 garbage-first heap   total 262144K, used 42364K [0x00000000f0000000, 0x00000000f0100800, 0x0000000100000000)
  region size 1024K, 2 young (2048K), 2 survivors (2048K)
 Metaspace       used 65128K, capacity 69848K, committed 69888K, reserved 1110016K
  class space    used 8396K, capacity 9199K, committed 9216K, reserved 1048576K
}
{Heap before GC invocations=859 (full 0):
 garbage-first heap   total 262144K, used 196988K [0x00000000f0000000, 0x00000000f0100800, 0x0000000100000000)
  region size 1024K, 153 young (156672K), 2 survivors (2048K)
 Metaspace       used 65128K, capacity 69848K, committed 69888K, reserved 1110016K
  class space    used 8396K, capacity 9199K, committed 9216K, reserved 1048576K
2022-09-12T02:29:12.974+0800: 515.892: [GC pause (G1 Evacuation Pause) (young) 192M->42849K(256M), 0.0052106 secs]
Heap after GC invocations=860 (full 0):
 garbage-first heap   total 262144K, used 42849K [0x00000000f0000000, 0x00000000f0100800, 0x0000000100000000)
  region size 1024K, 2 young (2048K), 2 survivors (2048K)
 Metaspace       used 65128K, capacity 69848K, committed 69888K, reserved 1110016K
  class space    used 8396K, capacity 9199K, committed 9216K, reserved 1048576K
}
{Heap before GC invocations=860 (full 0):
 garbage-first heap   total 262144K, used 197473K [0x00000000f0000000, 0x00000000f0100800, 0x0000000100000000)
  region size 1024K, 153 young (156672K), 2 survivors (2048K)
 Metaspace       used 65128K, capacity 69848K, committed 69888K, reserved 1110016K
  class space    used 8396K, capacity 9199K, committed 9216K, reserved 1048576K
2022-09-12T02:29:13.504+0800: 516.422: [GC pause (G1 Evacuation Pause) (young) 192M->42939K(256M), 0.0051764 secs]
Heap after GC invocations=861 (full 0):
 garbage-first heap   total 262144K, used 42939K [0x00000000f0000000, 0x00000000f0100800, 0x0000000100000000)
  region size 1024K, 2 young (2048K), 2 survivors (2048K)
 Metaspace       used 65128K, capacity 69848K, committed 69888K, reserved 1110016K
  class space    used 8396K, capacity 9199K, committed 9216K, reserved 1048576K
}
{Heap before GC invocations=861 (full 0):
 garbage-first heap   total 262144K, used 197563K [0x00000000f0000000, 0x00000000f0100800, 0x0000000100000000)
  region size 1024K, 153 young (156672K), 2 survivors (2048K)
 Metaspace       used 65128K, capacity 69848K, committed 69888K, reserved 1110016K
  class space    used 8396K, capacity 9199K, committed 9216K, reserved 1048576K
2022-09-12T02:29:14.035+0800: 516.953: [GC pause (G1 Evacuation Pause) (young) 192M->42972K(256M), 0.0050610 secs]
Heap after GC invocations=862 (full 0):
 garbage-first heap   total 262144K, used 42972K [0x00000000f0000000, 0x00000000f0100800, 0x0000000100000000)
  region size 1024K, 2 young (2048K), 2 survivors (2048K)
 Metaspace       used 65128K, capacity 69848K, committed 69888K, reserved 1110016K
  class space    used 8396K, capacity 9199K, committed 9216K, reserved 1048576K
}
{Heap before GC invocations=862 (full 0):
 garbage-first heap   total 262144K, used 197596K [0x00000000f0000000, 0x00000000f0100800, 0x0000000100000000)
  region size 1024K, 153 young (156672K), 2 survivors (2048K)
 Metaspace       used 65128K, capacity 69848K, committed 69888K, reserved 1110016K
  class space    used 8396K, capacity 9199K, committed 9216K, reserved 1048576K
2022-09-12T02:29:14.565+0800: 517.483: [GC pause (G1 Evacuation Pause) (young) 192M->42538K(256M), 0.0051993 secs]
Heap after GC invocations=863 (full 0):
 garbage-first heap   total 262144K, used 42538K [0x00000000f0000000, 0x00000000f0100800, 0x0000000100000000)
  region size 1024K, 2 young (2048K), 2 survivors (2048K)
 Metaspace       used 65128K, capacity 69848K, committed 69888K, reserved 1110016K
  class space    used 8396K, capacity 9199K, committed 9216K, reserved 1048576K
}
{Heap before GC invocations=863 (full 0):
 garbage-first heap   total 262144K, used 197162K [0x00000000f0000000, 0x00000000f0100800, 0x0000000100000000)
  region size 1024K, 153 young (156672K), 2 survivors (2048K)
 Metaspace       used 65128K, capacity 69848K, committed 69888K, reserved 1110016K
  class space    used 8396K, capacity 9199K, committed 9216K, reserved 1048576K
2022-09-12T02:29:15.099+0800: 518.017: [GC pause (G1 Evacuation Pause) (young) 192M->42907K(256M), 0.0052242 secs]
Heap after GC invocations=864 (full 0):
 garbage-first heap   total 262144K, used 42907K [0x00000000f0000000, 0x00000000f0100800, 0x0000000100000000)
  region size 1024K, 2 young (2048K), 2 survivors (2048K)
 Metaspace       used 65128K, capacity 69848K, committed 69888K, reserved 1110016K
  class space    used 8396K, capacity 9199K, committed 9216K, reserved 1048576K
}
{Heap before GC invocations=864 (full 0):
 garbage-first heap   total 262144K, used 197531K [0x00000000f0000000, 0x00000000f0100800, 0x0000000100000000)
  region size 1024K, 153 young (156672K), 2 survivors (2048K)
 Metaspace       used 65128K, capacity 69848K, committed 69888K, reserved 1110016K
  class space    used 8396K, capacity 9199K, committed 9216K, reserved 1048576K
2022-09-12T02:29:15.629+0800: 518.547: [GC pause (G1 Evacuation Pause) (young) 192M->42970K(256M), 0.0052513 secs]
Heap after GC invocations=865 (full 0):
 garbage-first heap   total 262144K, used 42970K [0x00000000f0000000, 0x00000000f0100800, 0x0000000100000000)
  region size 1024K, 2 young (2048K), 2 survivors (2048K)
 Metaspace       used 65128K, capacity 69848K, committed 69888K, reserved 1110016K
  class space    used 8396K, capacity 9199K, committed 9216K, reserved 1048576K
}
{Heap before GC invocations=865 (full 0):
 garbage-first heap   total 262144K, used 197594K [0x00000000f0000000, 0x00000000f0100800, 0x0000000100000000)
  region size 1024K, 153 young (156672K), 2 survivors (2048K)
 Metaspace       used 65128K, capacity 69848K, committed 69888K, reserved 1110016K
  class space    used 8396K, capacity 9199K, committed 9216K, reserved 1048576K
2022-09-12T02:29:16.168+0800: 519.086: [GC pause (G1 Evacuation Pause) (young) 192M->42541K(256M), 0.0051832 secs]
Heap after GC invocations=866 (full 0):
 garbage-first heap   total 262144K, used 42541K [0x00000000f0000000, 0x00000000f0100800, 0x0000000100000000)
  region size 1024K, 2 young (2048K), 2 survivors (2048K)
 Metaspace       used 65128K, capacity 69848K, committed 69888K, reserved 1110016K
  class space    used 8396K, capacity 9199K, committed 9216K, reserved 1048576K
}
{Heap before GC invocations=866 (full 0):
 garbage-first heap   total 262144K, used 197165K [0x00000000f0000000, 0x00000000f0100800, 0x0000000100000000)
  region size 1024K, 153 young (156672K), 2 survivors (2048K)
 Metaspace       used 65128K, capacity 69848K, committed 69888K, reserved 1110016K
  class space    used 8396K, capacity 9199K, committed 9216K, reserved 1048576K
2022-09-12T02:29:16.698+0800: 519.616: [GC pause (G1 Evacuation Pause) (young) 192M->42899K(256M), 0.0051641 secs]
Heap after GC invocations=867 (full 0):
 garbage-first heap   total 262144K, used 42899K [0x00000000f0000000, 0x00000000f0100800, 0x0000000100000000)
  region size 1024K, 2 young (2048K), 2 survivors (2048K)
 Metaspace       used 65128K, capacity 69848K, committed 69888K, reserved 1110016K
  class space    used 8396K, capacity 9199K, committed 9216K, reserved 1048576K
}
{Heap before GC invocations=867 (full 0):
 garbage-first heap   total 262144K, used 197523K [0x00000000f0000000, 0x00000000f0100800, 0x0000000100000000)
  region size 1024K, 153 young (156672K), 2 survivors (2048K)
 Metaspace       used 65128K, capacity 69848K, committed 69888K, reserved 1110016K
  class space    used 8396K, capacity 9199K, committed 9216K, reserved 1048576K
2022-09-12T02:29:17.227+0800: 520.145: [GC pause (G1 Evacuation Pause) (young) 192M->42949K(256M), 0.0053051 secs]
Heap after GC invocations=868 (full 0):
 garbage-first heap   total 262144K, used 42949K [0x00000000f0000000, 0x00000000f0100800, 0x0000000100000000)
  region size 1024K, 2 young (2048K), 2 survivors (2048K)
 Metaspace       used 65128K, capacity 69848K, committed 69888K, reserved 1110016K
  class space    used 8396K, capacity 9199K, committed 9216K, reserved 1048576K
}
{Heap before GC invocations=868 (full 0):
 garbage-first heap   total 262144K, used 197573K [0x00000000f0000000, 0x00000000f0100800, 0x0000000100000000)
  region size 1024K, 153 young (156672K), 2 survivors (2048K)
 Metaspace       used 65128K, capacity 69848K, committed 69888K, reserved 1110016K
  class space    used 8396K, capacity 9199K, committed 9216K, reserved 1048576K
2022-09-12T02:29:17.758+0800: 520.676: [GC pause (G1 Evacuation Pause) (young) 192M->42537K(256M), 0.0051446 secs]
Heap after GC invocations=869 (full 0):
 garbage-first heap   total 262144K, used 42537K [0x00000000f0000000, 0x00000000f0100800, 0x0000000100000000)
  region size 1024K, 2 young (2048K), 2 survivors (2048K)
 Metaspace       used 65128K, capacity 69848K, committed 69888K, reserved 1110016K
  class space    used 8396K, capacity 9199K, committed 9216K, reserved 1048576K
}
{Heap before GC invocations=869 (full 0):
 garbage-first heap   total 262144K, used 197161K [0x00000000f0000000, 0x00000000f0100800, 0x0000000100000000)
  region size 1024K, 153 young (156672K), 2 survivors (2048K)
 Metaspace       used 65128K, capacity 69848K, committed 69888K, reserved 1110016K
  class space    used 8396K, capacity 9199K, committed 9216K, reserved 1048576K
2022-09-12T02:29:18.298+0800: 521.216: [GC pause (G1 Evacuation Pause) (young) 192M->42904K(256M), 0.0051552 secs]
Heap after GC invocations=870 (full 0):
 garbage-first heap   total 262144K, used 42904K [0x00000000f0000000, 0x00000000f0100800, 0x0000000100000000)
  region size 1024K, 2 young (2048K), 2 survivors (2048K)
 Metaspace       used 65128K, capacity 69848K, committed 69888K, reserved 1110016K
  class space    used 8396K, capacity 9199K, committed 9216K, reserved 1048576K
}
{Heap before GC invocations=870 (full 0):
 garbage-first heap   total 262144K, used 197528K [0x00000000f0000000, 0x00000000f0100800, 0x0000000100000000)
  region size 1024K, 153 young (156672K), 2 survivors (2048K)
 Metaspace       used 65128K, capacity 69848K, committed 69888K, reserved 1110016K
  class space    used 8396K, capacity 9199K, committed 9216K, reserved 1048576K
2022-09-12T02:29:18.827+0800: 521.745: [GC pause (G1 Evacuation Pause) (young) 192M->42950K(256M), 0.0051818 secs]
Heap after GC invocations=871 (full 0):
 garbage-first heap   total 262144K, used 42950K [0x00000000f0000000, 0x00000000f0100800, 0x0000000100000000)
  region size 1024K, 2 young (2048K), 2 survivors (2048K)
 Metaspace       used 65128K, capacity 69848K, committed 69888K, reserved 1110016K
  class space    used 8396K, capacity 9199K, committed 9216K, reserved 1048576K
}
{Heap before GC invocations=871 (full 0):
 garbage-first heap   total 262144K, used 197574K [0x00000000f0000000, 0x00000000f0100800, 0x0000000100000000)
  region size 1024K, 153 young (156672K), 2 survivors (2048K)
 Metaspace       used 65128K, capacity 69848K, committed 69888K, reserved 1110016K
  class space    used 8396K, capacity 9199K, committed 9216K, reserved 1048576K
2022-09-12T02:29:19.356+0800: 522.274: [GC pause (G1 Evacuation Pause) (young) 192M->42533K(256M), 0.0052147 secs]
Heap after GC invocations=872 (full 0):
 garbage-first heap   total 262144K, used 42533K [0x00000000f0000000, 0x00000000f0100800, 0x0000000100000000)
  region size 1024K, 2 young (2048K), 2 survivors (2048K)
 Metaspace       used 65128K, capacity 69848K, committed 69888K, reserved 1110016K
  class space    used 8396K, capacity 9199K, committed 9216K, reserved 1048576K
}
{Heap before GC invocations=872 (full 0):
 garbage-first heap   total 262144K, used 197157K [0x00000000f0000000, 0x00000000f0100800, 0x0000000100000000)
  region size 1024K, 153 young (156672K), 2 survivors (2048K)
 Metaspace       used 65128K, capacity 69848K, committed 69888K, reserved 1110016K
  class space    used 8396K, capacity 9199K, committed 9216K, reserved 1048576K
2022-09-12T02:29:19.885+0800: 522.803: [GC pause (G1 Evacuation Pause) (young) 192M->42917K(256M), 0.0053157 secs]
Heap after GC invocations=873 (full 0):
 garbage-first heap   total 262144K, used 42917K [0x00000000f0000000, 0x00000000f0100800, 0x0000000100000000)
  region size 1024K, 2 young (2048K), 2 survivors (2048K)
 Metaspace       used 65128K, capacity 69848K, committed 69888K, reserved 1110016K
  class space    used 8396K, capacity 9199K, committed 9216K, reserved 1048576K
}
{Heap before GC invocations=873 (full 0):
 garbage-first heap   total 262144K, used 197541K [0x00000000f0000000, 0x00000000f0100800, 0x0000000100000000)
  region size 1024K, 153 young (156672K), 2 survivors (2048K)
 Metaspace       used 65128K, capacity 69848K, committed 69888K, reserved 1110016K
  class space    used 8396K, capacity 9199K, committed 9216K, reserved 1048576K
2022-09-12T02:29:20.415+0800: 523.333: [GC pause (G1 Evacuation Pause) (young) 192M->42729K(256M), 0.0085949 secs]
Heap after GC invocations=874 (full 0):
 garbage-first heap   total 262144K, used 42729K [0x00000000f0000000, 0x00000000f0100800, 0x0000000100000000)
  region size 1024K, 2 young (2048K), 2 survivors (2048K)
 Metaspace       used 65128K, capacity 69848K, committed 69888K, reserved 1110016K
  class space    used 8396K, capacity 9199K, committed 9216K, reserved 1048576K
}
{Heap before GC invocations=874 (full 0):
 garbage-first heap   total 262144K, used 197353K [0x00000000f0000000, 0x00000000f0100800, 0x0000000100000000)
  region size 1024K, 153 young (156672K), 2 survivors (2048K)
 Metaspace       used 65128K, capacity 69848K, committed 69888K, reserved 1110016K
  class space    used 8396K, capacity 9199K, committed 9216K, reserved 1048576K
2022-09-12T02:29:20.955+0800: 523.873: [GC pause (G1 Evacuation Pause) (young) 192M->42980K(256M), 0.0051462 secs]
Heap after GC invocations=875 (full 0):
 garbage-first heap   total 262144K, used 42980K [0x00000000f0000000, 0x00000000f0100800, 0x0000000100000000)
  region size 1024K, 2 young (2048K), 2 survivors (2048K)
 Metaspace       used 65128K, capacity 69848K, committed 69888K, reserved 1110016K
  class space    used 8396K, capacity 9199K, committed 9216K, reserved 1048576K
}
{Heap before GC invocations=875 (full 0):
 garbage-first heap   total 262144K, used 197604K [0x00000000f0000000, 0x00000000f0100800, 0x0000000100000000)
  region size 1024K, 153 young (156672K), 2 survivors (2048K)
 Metaspace       used 65128K, capacity 69848K, committed 69888K, reserved 1110016K
  class space    used 8396K, capacity 9199K, committed 9216K, reserved 1048576K
2022-09-12T02:29:21.484+0800: 524.402: [GC pause (G1 Evacuation Pause) (young) 192M->42548K(256M), 0.0072488 secs]
Heap after GC invocations=876 (full 0):
 garbage-first heap   total 262144K, used 42548K [0x00000000f0000000, 0x00000000f0100800, 0x0000000100000000)
  region size 1024K, 2 young (2048K), 2 survivors (2048K)
 Metaspace       used 65128K, capacity 69848K, committed 69888K, reserved 1110016K
  class space    used 8396K, capacity 9199K, committed 9216K, reserved 1048576K
}
{Heap before GC invocations=876 (full 0):
 garbage-first heap   total 262144K, used 197172K [0x00000000f0000000, 0x00000000f0100800, 0x0000000100000000)
  region size 1024K, 153 young (156672K), 2 survivors (2048K)
 Metaspace       used 65128K, capacity 69848K, committed 69888K, reserved 1110016K
  class space    used 8396K, capacity 9199K, committed 9216K, reserved 1048576K
2022-09-12T02:29:22.015+0800: 524.933: [GC pause (G1 Evacuation Pause) (young) 192M->42916K(256M), 0.0051825 secs]
Heap after GC invocations=877 (full 0):
 garbage-first heap   total 262144K, used 42916K [0x00000000f0000000, 0x00000000f0100800, 0x0000000100000000)
  region size 1024K, 2 young (2048K), 2 survivors (2048K)
 Metaspace       used 65128K, capacity 69848K, committed 69888K, reserved 1110016K
  class space    used 8396K, capacity 9199K, committed 9216K, reserved 1048576K
}
{Heap before GC invocations=877 (full 0):
 garbage-first heap   total 262144K, used 197540K [0x00000000f0000000, 0x00000000f0100800, 0x0000000100000000)
  region size 1024K, 153 young (156672K), 2 survivors (2048K)
 Metaspace       used 65128K, capacity 69848K, committed 69888K, reserved 1110016K
  class space    used 8396K, capacity 9199K, committed 9216K, reserved 1048576K
2022-09-12T02:29:22.546+0800: 525.464: [GC pause (G1 Evacuation Pause) (young) 192M->42968K(256M), 0.0052251 secs]
Heap after GC invocations=878 (full 0):
 garbage-first heap   total 262144K, used 42968K [0x00000000f0000000, 0x00000000f0100800, 0x0000000100000000)
  region size 1024K, 2 young (2048K), 2 survivors (2048K)
 Metaspace       used 65128K, capacity 69848K, committed 69888K, reserved 1110016K
  class space    used 8396K, capacity 9199K, committed 9216K, reserved 1048576K
}
{Heap before GC invocations=878 (full 0):
 garbage-first heap   total 262144K, used 197592K [0x00000000f0000000, 0x00000000f0100800, 0x0000000100000000)
  region size 1024K, 153 young (156672K), 2 survivors (2048K)
 Metaspace       used 65128K, capacity 69848K, committed 69888K, reserved 1110016K
  class space    used 8396K, capacity 9199K, committed 9216K, reserved 1048576K
2022-09-12T02:29:23.077+0800: 525.995: [GC pause (G1 Evacuation Pause) (young) 192M->42552K(256M), 0.0051600 secs]
Heap after GC invocations=879 (full 0):
 garbage-first heap   total 262144K, used 42552K [0x00000000f0000000, 0x00000000f0100800, 0x0000000100000000)
  region size 1024K, 2 young (2048K), 2 survivors (2048K)
 Metaspace       used 65128K, capacity 69848K, committed 69888K, reserved 1110016K
  class space    used 8396K, capacity 9199K, committed 9216K, reserved 1048576K
}
{Heap before GC invocations=879 (full 0):
 garbage-first heap   total 262144K, used 197176K [0x00000000f0000000, 0x00000000f0100800, 0x0000000100000000)
  region size 1024K, 153 young (156672K), 2 survivors (2048K)
 Metaspace       used 65128K, capacity 69848K, committed 69888K, reserved 1110016K
  class space    used 8396K, capacity 9199K, committed 9216K, reserved 1048576K
2022-09-12T02:29:23.614+0800: 526.532: [GC pause (G1 Evacuation Pause) (young) 192M->42905K(256M), 0.0051907 secs]
Heap after GC invocations=880 (full 0):
 garbage-first heap   total 262144K, used 42905K [0x00000000f0000000, 0x00000000f0100800, 0x0000000100000000)
  region size 1024K, 2 young (2048K), 2 survivors (2048K)
 Metaspace       used 65128K, capacity 69848K, committed 69888K, reserved 1110016K
  class space    used 8396K, capacity 9199K, committed 9216K, reserved 1048576K
}
{Heap before GC invocations=880 (full 0):
 garbage-first heap   total 262144K, used 197529K [0x00000000f0000000, 0x00000000f0100800, 0x0000000100000000)
  region size 1024K, 153 young (156672K), 2 survivors (2048K)
 Metaspace       used 65128K, capacity 69848K, committed 69888K, reserved 1110016K
  class space    used 8396K, capacity 9199K, committed 9216K, reserved 1048576K
2022-09-12T02:29:24.144+0800: 527.062: [GC pause (G1 Evacuation Pause) (young) 192M->42961K(256M), 0.0051330 secs]
Heap after GC invocations=881 (full 0):
 garbage-first heap   total 262144K, used 42961K [0x00000000f0000000, 0x00000000f0100800, 0x0000000100000000)
  region size 1024K, 2 young (2048K), 2 survivors (2048K)
 Metaspace       used 65128K, capacity 69848K, committed 69888K, reserved 1110016K
  class space    used 8396K, capacity 9199K, committed 9216K, reserved 1048576K
}
{Heap before GC invocations=881 (full 0):
 garbage-first heap   total 262144K, used 197585K [0x00000000f0000000, 0x00000000f0100800, 0x0000000100000000)
  region size 1024K, 153 young (156672K), 2 survivors (2048K)
 Metaspace       used 65128K, capacity 69848K, committed 69888K, reserved 1110016K
  class space    used 8396K, capacity 9199K, committed 9216K, reserved 1048576K
2022-09-12T02:29:24.674+0800: 527.592: [GC pause (G1 Evacuation Pause) (young) 192M->42541K(256M), 0.0051509 secs]
Heap after GC invocations=882 (full 0):
 garbage-first heap   total 262144K, used 42541K [0x00000000f0000000, 0x00000000f0100800, 0x0000000100000000)
  region size 1024K, 2 young (2048K), 2 survivors (2048K)
 Metaspace       used 65128K, capacity 69848K, committed 69888K, reserved 1110016K
  class space    used 8396K, capacity 9199K, committed 9216K, reserved 1048576K
}
{Heap before GC invocations=882 (full 0):
 garbage-first heap   total 262144K, used 197165K [0x00000000f0000000, 0x00000000f0100800, 0x0000000100000000)
  region size 1024K, 153 young (156672K), 2 survivors (2048K)
 Metaspace       used 65128K, capacity 69848K, committed 69888K, reserved 1110016K
  class space    used 8396K, capacity 9199K, committed 9216K, reserved 1048576K
2022-09-12T02:29:25.208+0800: 528.126: [GC pause (G1 Evacuation Pause) (young) 192M->42899K(256M), 0.0052584 secs]
Heap after GC invocations=883 (full 0):
 garbage-first heap   total 262144K, used 42899K [0x00000000f0000000, 0x00000000f0100800, 0x0000000100000000)
  region size 1024K, 2 young (2048K), 2 survivors (2048K)
 Metaspace       used 65128K, capacity 69848K, committed 69888K, reserved 1110016K
  class space    used 8396K, capacity 9199K, committed 9216K, reserved 1048576K
}
{Heap before GC invocations=883 (full 0):
 garbage-first heap   total 262144K, used 197523K [0x00000000f0000000, 0x00000000f0100800, 0x0000000100000000)
  region size 1024K, 153 young (156672K), 2 survivors (2048K)
 Metaspace       used 65128K, capacity 69848K, committed 69888K, reserved 1110016K
  class space    used 8396K, capacity 9199K, committed 9216K, reserved 1048576K
2022-09-12T02:29:25.738+0800: 528.656: [GC pause (G1 Evacuation Pause) (young) 192M->42971K(256M), 0.0051935 secs]
Heap after GC invocations=884 (full 0):
 garbage-first heap   total 262144K, used 42971K [0x00000000f0000000, 0x00000000f0100800, 0x0000000100000000)
  region size 1024K, 2 young (2048K), 2 survivors (2048K)
 Metaspace       used 65128K, capacity 69848K, committed 69888K, reserved 1110016K
  class space    used 8396K, capacity 9199K, committed 9216K, reserved 1048576K
}
{Heap before GC invocations=884 (full 0):
 garbage-first heap   total 262144K, used 197595K [0x00000000f0000000, 0x00000000f0100800, 0x0000000100000000)
  region size 1024K, 153 young (156672K), 2 survivors (2048K)
 Metaspace       used 65128K, capacity 69848K, committed 69888K, reserved 1110016K
  class space    used 8396K, capacity 9199K, committed 9216K, reserved 1048576K
2022-09-12T02:29:26.267+0800: 529.185: [GC pause (G1 Evacuation Pause) (young) 192M->42546K(256M), 0.0051213 secs]
Heap after GC invocations=885 (full 0):
 garbage-first heap   total 262144K, used 42546K [0x00000000f0000000, 0x00000000f0100800, 0x0000000100000000)
  region size 1024K, 2 young (2048K), 2 survivors (2048K)
 Metaspace       used 65128K, capacity 69848K, committed 69888K, reserved 1110016K
  class space    used 8396K, capacity 9199K, committed 9216K, reserved 1048576K
}
{Heap before GC invocations=885 (full 0):
 garbage-first heap   total 262144K, used 197170K [0x00000000f0000000, 0x00000000f0100800, 0x0000000100000000)
  region size 1024K, 153 young (156672K), 2 survivors (2048K)
 Metaspace       used 65128K, capacity 69848K, committed 69888K, reserved 1110016K
  class space    used 8396K, capacity 9199K, committed 9216K, reserved 1048576K
2022-09-12T02:29:26.795+0800: 529.713: [GC pause (G1 Evacuation Pause) (young) 192M->42897K(256M), 0.0051702 secs]
Heap after GC invocations=886 (full 0):
 garbage-first heap   total 262144K, used 42897K [0x00000000f0000000, 0x00000000f0100800, 0x0000000100000000)
  region size 1024K, 2 young (2048K), 2 survivors (2048K)
 Metaspace       used 65128K, capacity 69848K, committed 69888K, reserved 1110016K
  class space    used 8396K, capacity 9199K, committed 9216K, reserved 1048576K
}
{Heap before GC invocations=886 (full 0):
 garbage-first heap   total 262144K, used 197521K [0x00000000f0000000, 0x00000000f0100800, 0x0000000100000000)
  region size 1024K, 153 young (156672K), 2 survivors (2048K)
 Metaspace       used 65128K, capacity 69848K, committed 69888K, reserved 1110016K
  class space    used 8396K, capacity 9199K, committed 9216K, reserved 1048576K
2022-09-12T02:29:27.326+0800: 530.244: [GC pause (G1 Evacuation Pause) (young) 192M->42963K(256M), 0.0052211 secs]
Heap after GC invocations=887 (full 0):
 garbage-first heap   total 262144K, used 42963K [0x00000000f0000000, 0x00000000f0100800, 0x0000000100000000)
  region size 1024K, 2 young (2048K), 2 survivors (2048K)
 Metaspace       used 65128K, capacity 69848K, committed 69888K, reserved 1110016K
  class space    used 8396K, capacity 9199K, committed 9216K, reserved 1048576K
}
{Heap before GC invocations=887 (full 0):
 garbage-first heap   total 262144K, used 197587K [0x00000000f0000000, 0x00000000f0100800, 0x0000000100000000)
  region size 1024K, 153 young (156672K), 2 survivors (2048K)
 Metaspace       used 65128K, capacity 69848K, committed 69888K, reserved 1110016K
  class space    used 8396K, capacity 9199K, committed 9216K, reserved 1048576K
2022-09-12T02:29:27.855+0800: 530.773: [GC pause (G1 Evacuation Pause) (young) 192M->42542K(256M), 0.0053468 secs]
Heap after GC invocations=888 (full 0):
 garbage-first heap   total 262144K, used 42542K [0x00000000f0000000, 0x00000000f0100800, 0x0000000100000000)
  region size 1024K, 2 young (2048K), 2 survivors (2048K)
 Metaspace       used 65128K, capacity 69848K, committed 69888K, reserved 1110016K
  class space    used 8396K, capacity 9199K, committed 9216K, reserved 1048576K
}
{Heap before GC invocations=888 (full 0):
 garbage-first heap   total 262144K, used 197166K [0x00000000f0000000, 0x00000000f0100800, 0x0000000100000000)
  region size 1024K, 153 young (156672K), 2 survivors (2048K)
 Metaspace       used 65128K, capacity 69848K, committed 69888K, reserved 1110016K
  class space    used 8396K, capacity 9199K, committed 9216K, reserved 1048576K
2022-09-12T02:29:28.384+0800: 531.302: [GC pause (G1 Evacuation Pause) (young) 192M->42912K(256M), 0.0052264 secs]
Heap after GC invocations=889 (full 0):
 garbage-first heap   total 262144K, used 42912K [0x00000000f0000000, 0x00000000f0100800, 0x0000000100000000)
  region size 1024K, 2 young (2048K), 2 survivors (2048K)
 Metaspace       used 65128K, capacity 69848K, committed 69888K, reserved 1110016K
  class space    used 8396K, capacity 9199K, committed 9216K, reserved 1048576K
}
{Heap before GC invocations=889 (full 0):
 garbage-first heap   total 262144K, used 197536K [0x00000000f0000000, 0x00000000f0100800, 0x0000000100000000)
  region size 1024K, 153 young (156672K), 2 survivors (2048K)
 Metaspace       used 65128K, capacity 69848K, committed 69888K, reserved 1110016K
  class space    used 8396K, capacity 9199K, committed 9216K, reserved 1048576K
2022-09-12T02:29:28.916+0800: 531.834: [GC pause (G1 Evacuation Pause) (young) 192M->42958K(256M), 0.0051666 secs]
Heap after GC invocations=890 (full 0):
 garbage-first heap   total 262144K, used 42958K [0x00000000f0000000, 0x00000000f0100800, 0x0000000100000000)
  region size 1024K, 2 young (2048K), 2 survivors (2048K)
 Metaspace       used 65128K, capacity 69848K, committed 69888K, reserved 1110016K
  class space    used 8396K, capacity 9199K, committed 9216K, reserved 1048576K
}
{Heap before GC invocations=890 (full 0):
 garbage-first heap   total 262144K, used 197582K [0x00000000f0000000, 0x00000000f0100800, 0x0000000100000000)
  region size 1024K, 153 young (156672K), 2 survivors (2048K)
 Metaspace       used 65128K, capacity 69848K, committed 69888K, reserved 1110016K
  class space    used 8396K, capacity 9199K, committed 9216K, reserved 1048576K
2022-09-12T02:29:29.447+0800: 532.365: [GC pause (G1 Evacuation Pause) (young) 192M->42545K(256M), 0.0051696 secs]
Heap after GC invocations=891 (full 0):
 garbage-first heap   total 262144K, used 42545K [0x00000000f0000000, 0x00000000f0100800, 0x0000000100000000)
  region size 1024K, 2 young (2048K), 2 survivors (2048K)
 Metaspace       used 65128K, capacity 69848K, committed 69888K, reserved 1110016K
  class space    used 8396K, capacity 9199K, committed 9216K, reserved 1048576K
}
{Heap before GC invocations=891 (full 0):
 garbage-first heap   total 262144K, used 197169K [0x00000000f0000000, 0x00000000f0100800, 0x0000000100000000)
  region size 1024K, 153 young (156672K), 2 survivors (2048K)
 Metaspace       used 65128K, capacity 69848K, committed 69888K, reserved 1110016K
  class space    used 8396K, capacity 9199K, committed 9216K, reserved 1048576K
2022-09-12T02:29:29.979+0800: 532.897: [GC pause (G1 Evacuation Pause) (young) 192M->42905K(256M), 0.0052880 secs]
Heap after GC invocations=892 (full 0):
 garbage-first heap   total 262144K, used 42905K [0x00000000f0000000, 0x00000000f0100800, 0x0000000100000000)
  region size 1024K, 2 young (2048K), 2 survivors (2048K)
 Metaspace       used 65128K, capacity 69848K, committed 69888K, reserved 1110016K
  class space    used 8396K, capacity 9199K, committed 9216K, reserved 1048576K
}
{Heap before GC invocations=892 (full 0):
 garbage-first heap   total 262144K, used 197529K [0x00000000f0000000, 0x00000000f0100800, 0x0000000100000000)
  region size 1024K, 153 young (156672K), 2 survivors (2048K)
 Metaspace       used 65128K, capacity 69848K, committed 69888K, reserved 1110016K
  class space    used 8396K, capacity 9199K, committed 9216K, reserved 1048576K
2022-09-12T02:29:30.510+0800: 533.428: [GC pause (G1 Evacuation Pause) (young) 192M->42973K(256M), 0.0051685 secs]
Heap after GC invocations=893 (full 0):
 garbage-first heap   total 262144K, used 42973K [0x00000000f0000000, 0x00000000f0100800, 0x0000000100000000)
  region size 1024K, 2 young (2048K), 2 survivors (2048K)
 Metaspace       used 65128K, capacity 69848K, committed 69888K, reserved 1110016K
  class space    used 8396K, capacity 9199K, committed 9216K, reserved 1048576K
}
{Heap before GC invocations=893 (full 0):
 garbage-first heap   total 262144K, used 197597K [0x00000000f0000000, 0x00000000f0100800, 0x0000000100000000)
  region size 1024K, 153 young (156672K), 2 survivors (2048K)
 Metaspace       used 65128K, capacity 69848K, committed 69888K, reserved 1110016K
  class space    used 8396K, capacity 9199K, committed 9216K, reserved 1048576K
2022-09-12T02:29:31.041+0800: 533.959: [GC pause (G1 Evacuation Pause) (young) 192M->42694K(256M), 0.0049999 secs]
Heap after GC invocations=894 (full 0):
 garbage-first heap   total 262144K, used 42694K [0x00000000f0000000, 0x00000000f0100800, 0x0000000100000000)
  region size 1024K, 2 young (2048K), 2 survivors (2048K)
 Metaspace       used 65128K, capacity 69848K, committed 69888K, reserved 1110016K
  class space    used 8396K, capacity 9199K, committed 9216K, reserved 1048576K
}
{Heap before GC invocations=894 (full 0):
 garbage-first heap   total 262144K, used 197318K [0x00000000f0000000, 0x00000000f0100800, 0x0000000100000000)
  region size 1024K, 153 young (156672K), 2 survivors (2048K)
 Metaspace       used 65128K, capacity 69848K, committed 69888K, reserved 1110016K
  class space    used 8396K, capacity 9199K, committed 9216K, reserved 1048576K
2022-09-12T02:29:31.582+0800: 534.500: [GC pause (G1 Evacuation Pause) (young) 192M->42919K(256M), 0.0051523 secs]
Heap after GC invocations=895 (full 0):
 garbage-first heap   total 262144K, used 42919K [0x00000000f0000000, 0x00000000f0100800, 0x0000000100000000)
  region size 1024K, 2 young (2048K), 2 survivors (2048K)
 Metaspace       used 65128K, capacity 69848K, committed 69888K, reserved 1110016K
  class space    used 8396K, capacity 9199K, committed 9216K, reserved 1048576K
}
{Heap before GC invocations=895 (full 0):
 garbage-first heap   total 262144K, used 197543K [0x00000000f0000000, 0x00000000f0100800, 0x0000000100000000)
  region size 1024K, 153 young (156672K), 2 survivors (2048K)
 Metaspace       used 65128K, capacity 69848K, committed 69888K, reserved 1110016K
  class space    used 8396K, capacity 9199K, committed 9216K, reserved 1048576K
2022-09-12T02:29:32.121+0800: 535.039: [GC pause (G1 Evacuation Pause) (young) 192M->42966K(256M), 0.0052179 secs]
Heap after GC invocations=896 (full 0):
 garbage-first heap   total 262144K, used 42966K [0x00000000f0000000, 0x00000000f0100800, 0x0000000100000000)
  region size 1024K, 2 young (2048K), 2 survivors (2048K)
 Metaspace       used 65128K, capacity 69848K, committed 69888K, reserved 1110016K
  class space    used 8396K, capacity 9199K, committed 9216K, reserved 1048576K
}
{Heap before GC invocations=896 (full 0):
 garbage-first heap   total 262144K, used 197590K [0x00000000f0000000, 0x00000000f0100800, 0x0000000100000000)
  region size 1024K, 153 young (156672K), 2 survivors (2048K)
 Metaspace       used 65128K, capacity 69848K, committed 69888K, reserved 1110016K
  class space    used 8396K, capacity 9199K, committed 9216K, reserved 1048576K
2022-09-12T02:29:32.652+0800: 535.570: [GC pause (G1 Evacuation Pause) (young) 192M->42701K(256M), 0.0052083 secs]
Heap after GC invocations=897 (full 0):
 garbage-first heap   total 262144K, used 42701K [0x00000000f0000000, 0x00000000f0100800, 0x0000000100000000)
  region size 1024K, 2 young (2048K), 2 survivors (2048K)
 Metaspace       used 65128K, capacity 69848K, committed 69888K, reserved 1110016K
  class space    used 8396K, capacity 9199K, committed 9216K, reserved 1048576K
}
{Heap before GC invocations=897 (full 0):
 garbage-first heap   total 262144K, used 197325K [0x00000000f0000000, 0x00000000f0100800, 0x0000000100000000)
  region size 1024K, 153 young (156672K), 2 survivors (2048K)
 Metaspace       used 65128K, capacity 69848K, committed 69888K, reserved 1110016K
  class space    used 8396K, capacity 9199K, committed 9216K, reserved 1048576K
2022-09-12T02:29:33.184+0800: 536.102: [GC pause (G1 Evacuation Pause) (young) 192M->42917K(256M), 0.0051844 secs]
Heap after GC invocations=898 (full 0):
 garbage-first heap   total 262144K, used 42917K [0x00000000f0000000, 0x00000000f0100800, 0x0000000100000000)
  region size 1024K, 2 young (2048K), 2 survivors (2048K)
 Metaspace       used 65128K, capacity 69848K, committed 69888K, reserved 1110016K
  class space    used 8396K, capacity 9199K, committed 9216K, reserved 1048576K
}
{Heap before GC invocations=898 (full 0):
 garbage-first heap   total 262144K, used 197541K [0x00000000f0000000, 0x00000000f0100800, 0x0000000100000000)
  region size 1024K, 153 young (156672K), 2 survivors (2048K)
 Metaspace       used 65128K, capacity 69848K, committed 69888K, reserved 1110016K
  class space    used 8396K, capacity 9199K, committed 9216K, reserved 1048576K
2022-09-12T02:29:33.717+0800: 536.634: [GC pause (G1 Evacuation Pause) (young) 192M->42971K(256M), 0.0051607 secs]
Heap after GC invocations=899 (full 0):
 garbage-first heap   total 262144K, used 42971K [0x00000000f0000000, 0x00000000f0100800, 0x0000000100000000)
  region size 1024K, 2 young (2048K), 2 survivors (2048K)
 Metaspace       used 65128K, capacity 69848K, committed 69888K, reserved 1110016K
  class space    used 8396K, capacity 9199K, committed 9216K, reserved 1048576K
}
{Heap before GC invocations=899 (full 0):
 garbage-first heap   total 262144K, used 197595K [0x00000000f0000000, 0x00000000f0100800, 0x0000000100000000)
  region size 1024K, 153 young (156672K), 2 survivors (2048K)
 Metaspace       used 65128K, capacity 69848K, committed 69888K, reserved 1110016K
  class space    used 8396K, capacity 9199K, committed 9216K, reserved 1048576K
2022-09-12T02:29:34.246+0800: 537.164: [GC pause (G1 Evacuation Pause) (young) 192M->42549K(256M), 0.0052548 secs]
Heap after GC invocations=900 (full 0):
 garbage-first heap   total 262144K, used 42549K [0x00000000f0000000, 0x00000000f0100800, 0x0000000100000000)
  region size 1024K, 2 young (2048K), 2 survivors (2048K)
 Metaspace       used 65128K, capacity 69848K, committed 69888K, reserved 1110016K
  class space    used 8396K, capacity 9199K, committed 9216K, reserved 1048576K
}
{Heap before GC invocations=900 (full 0):
 garbage-first heap   total 262144K, used 197173K [0x00000000f0000000, 0x00000000f0100800, 0x0000000100000000)
  region size 1024K, 153 young (156672K), 2 survivors (2048K)
 Metaspace       used 65128K, capacity 69848K, committed 69888K, reserved 1110016K
  class space    used 8396K, capacity 9199K, committed 9216K, reserved 1048576K
2022-09-12T02:29:34.777+0800: 537.695: [GC pause (G1 Evacuation Pause) (young) 192M->42910K(256M), 0.0052364 secs]
Heap after GC invocations=901 (full 0):
 garbage-first heap   total 262144K, used 42910K [0x00000000f0000000, 0x00000000f0100800, 0x0000000100000000)
  region size 1024K, 2 young (2048K), 2 survivors (2048K)
 Metaspace       used 65128K, capacity 69848K, committed 69888K, reserved 1110016K
  class space    used 8396K, capacity 9199K, committed 9216K, reserved 1048576K
}
{Heap before GC invocations=901 (full 0):
 garbage-first heap   total 262144K, used 197534K [0x00000000f0000000, 0x00000000f0100800, 0x0000000100000000)
  region size 1024K, 153 young (156672K), 2 survivors (2048K)
 Metaspace       used 65128K, capacity 69848K, committed 69888K, reserved 1110016K
  class space    used 8396K, capacity 9199K, committed 9216K, reserved 1048576K
2022-09-12T02:29:35.308+0800: 538.226: [GC pause (G1 Evacuation Pause) (young) 192M->42961K(256M), 0.0052441 secs]
Heap after GC invocations=902 (full 0):
 garbage-first heap   total 262144K, used 42961K [0x00000000f0000000, 0x00000000f0100800, 0x0000000100000000)
  region size 1024K, 2 young (2048K), 2 survivors (2048K)
 Metaspace       used 65128K, capacity 69848K, committed 69888K, reserved 1110016K
  class space    used 8396K, capacity 9199K, committed 9216K, reserved 1048576K
}
{Heap before GC invocations=902 (full 0):
 garbage-first heap   total 262144K, used 197585K [0x00000000f0000000, 0x00000000f0100800, 0x0000000100000000)
  region size 1024K, 153 young (156672K), 2 survivors (2048K)
 Metaspace       used 65128K, capacity 69848K, committed 69888K, reserved 1110016K
  class space    used 8396K, capacity 9199K, committed 9216K, reserved 1048576K
2022-09-12T02:29:35.839+0800: 538.757: [GC pause (G1 Evacuation Pause) (young) 192M->42998K(256M), 0.0053051 secs]
Heap after GC invocations=903 (full 0):
 garbage-first heap   total 262144K, used 42998K [0x00000000f0000000, 0x00000000f0100800, 0x0000000100000000)
  region size 1024K, 2 young (2048K), 2 survivors (2048K)
 Metaspace       used 65128K, capacity 69848K, committed 69888K, reserved 1110016K
  class space    used 8396K, capacity 9199K, committed 9216K, reserved 1048576K
}
{Heap before GC invocations=903 (full 0):
 garbage-first heap   total 262144K, used 197622K [0x00000000f0000000, 0x00000000f0100800, 0x0000000100000000)
  region size 1024K, 153 young (156672K), 2 survivors (2048K)
 Metaspace       used 65128K, capacity 69848K, committed 69888K, reserved 1110016K
  class space    used 8396K, capacity 9199K, committed 9216K, reserved 1048576K
2022-09-12T02:29:36.370+0800: 539.288: [GC pause (G1 Evacuation Pause) (young) 192M->42560K(256M), 0.0053338 secs]
Heap after GC invocations=904 (full 0):
 garbage-first heap   total 262144K, used 42560K [0x00000000f0000000, 0x00000000f0100800, 0x0000000100000000)
  region size 1024K, 2 young (2048K), 2 survivors (2048K)
 Metaspace       used 65128K, capacity 69848K, committed 69888K, reserved 1110016K
  class space    used 8396K, capacity 9199K, committed 9216K, reserved 1048576K
}
{Heap before GC invocations=904 (full 0):
 garbage-first heap   total 262144K, used 197184K [0x00000000f0000000, 0x00000000f0100800, 0x0000000100000000)
  region size 1024K, 153 young (156672K), 2 survivors (2048K)
 Metaspace       used 65128K, capacity 69848K, committed 69888K, reserved 1110016K
  class space    used 8396K, capacity 9199K, committed 9216K, reserved 1048576K
2022-09-12T02:29:36.903+0800: 539.821: [GC pause (G1 Evacuation Pause) (young) 192M->42919K(256M), 0.0053117 secs]
Heap after GC invocations=905 (full 0):
 garbage-first heap   total 262144K, used 42919K [0x00000000f0000000, 0x00000000f0100800, 0x0000000100000000)
  region size 1024K, 2 young (2048K), 2 survivors (2048K)
 Metaspace       used 65128K, capacity 69848K, committed 69888K, reserved 1110016K
  class space    used 8396K, capacity 9199K, committed 9216K, reserved 1048576K
}
{Heap before GC invocations=905 (full 0):
 garbage-first heap   total 262144K, used 197543K [0x00000000f0000000, 0x00000000f0100800, 0x0000000100000000)
  region size 1024K, 153 young (156672K), 2 survivors (2048K)
 Metaspace       used 65128K, capacity 69848K, committed 69888K, reserved 1110016K
  class space    used 8396K, capacity 9199K, committed 9216K, reserved 1048576K
2022-09-12T02:29:37.433+0800: 540.351: [GC pause (G1 Evacuation Pause) (young) 192M->42957K(256M), 0.0052688 secs]
Heap after GC invocations=906 (full 0):
 garbage-first heap   total 262144K, used 42957K [0x00000000f0000000, 0x00000000f0100800, 0x0000000100000000)
  region size 1024K, 2 young (2048K), 2 survivors (2048K)
 Metaspace       used 65128K, capacity 69848K, committed 69888K, reserved 1110016K
  class space    used 8396K, capacity 9199K, committed 9216K, reserved 1048576K
}
{Heap before GC invocations=906 (full 0):
 garbage-first heap   total 262144K, used 197581K [0x00000000f0000000, 0x00000000f0100800, 0x0000000100000000)
  region size 1024K, 153 young (156672K), 2 survivors (2048K)
 Metaspace       used 65128K, capacity 69848K, committed 69888K, reserved 1110016K
  class space    used 8396K, capacity 9199K, committed 9216K, reserved 1048576K
2022-09-12T02:29:37.969+0800: 540.887: [GC pause (G1 Evacuation Pause) (young) 192M->42549K(256M), 0.0051918 secs]
Heap after GC invocations=907 (full 0):
 garbage-first heap   total 262144K, used 42549K [0x00000000f0000000, 0x00000000f0100800, 0x0000000100000000)
  region size 1024K, 2 young (2048K), 2 survivors (2048K)
 Metaspace       used 65128K, capacity 69848K, committed 69888K, reserved 1110016K
  class space    used 8396K, capacity 9199K, committed 9216K, reserved 1048576K
}
{Heap before GC invocations=907 (full 0):
 garbage-first heap   total 262144K, used 197173K [0x00000000f0000000, 0x00000000f0100800, 0x0000000100000000)
  region size 1024K, 153 young (156672K), 2 survivors (2048K)
 Metaspace       used 65128K, capacity 69848K, committed 69888K, reserved 1110016K
  class space    used 8396K, capacity 9199K, committed 9216K, reserved 1048576K
2022-09-12T02:29:38.501+0800: 541.419: [GC pause (G1 Evacuation Pause) (young) 192M->42912K(256M), 0.0053510 secs]
Heap after GC invocations=908 (full 0):
 garbage-first heap   total 262144K, used 42912K [0x00000000f0000000, 0x00000000f0100800, 0x0000000100000000)
  region size 1024K, 2 young (2048K), 2 survivors (2048K)
 Metaspace       used 65128K, capacity 69848K, committed 69888K, reserved 1110016K
  class space    used 8396K, capacity 9199K, committed 9216K, reserved 1048576K
}
{Heap before GC invocations=908 (full 0):
 garbage-first heap   total 262144K, used 197536K [0x00000000f0000000, 0x00000000f0100800, 0x0000000100000000)
  region size 1024K, 153 young (156672K), 2 survivors (2048K)
 Metaspace       used 65128K, capacity 69848K, committed 69888K, reserved 1110016K
  class space    used 8396K, capacity 9199K, committed 9216K, reserved 1048576K
2022-09-12T02:29:39.031+0800: 541.949: [GC pause (G1 Evacuation Pause) (young) 192M->42959K(256M), 0.0052542 secs]
Heap after GC invocations=909 (full 0):
 garbage-first heap   total 262144K, used 42959K [0x00000000f0000000, 0x00000000f0100800, 0x0000000100000000)
  region size 1024K, 2 young (2048K), 2 survivors (2048K)
 Metaspace       used 65128K, capacity 69848K, committed 69888K, reserved 1110016K
  class space    used 8396K, capacity 9199K, committed 9216K, reserved 1048576K
}
{Heap before GC invocations=909 (full 0):
 garbage-first heap   total 262144K, used 197583K [0x00000000f0000000, 0x00000000f0100800, 0x0000000100000000)
  region size 1024K, 153 young (156672K), 2 survivors (2048K)
 Metaspace       used 65128K, capacity 69848K, committed 69888K, reserved 1110016K
  class space    used 8396K, capacity 9199K, committed 9216K, reserved 1048576K
2022-09-12T02:29:39.560+0800: 542.478: [GC pause (G1 Evacuation Pause) (young) 192M->42993K(256M), 0.0051824 secs]
Heap after GC invocations=910 (full 0):
 garbage-first heap   total 262144K, used 42993K [0x00000000f0000000, 0x00000000f0100800, 0x0000000100000000)
  region size 1024K, 2 young (2048K), 2 survivors (2048K)
 Metaspace       used 65128K, capacity 69848K, committed 69888K, reserved 1110016K
  class space    used 8396K, capacity 9199K, committed 9216K, reserved 1048576K
}
{Heap before GC invocations=910 (full 0):
 garbage-first heap   total 262144K, used 197617K [0x00000000f0000000, 0x00000000f0100800, 0x0000000100000000)
  region size 1024K, 153 young (156672K), 2 survivors (2048K)
 Metaspace       used 65128K, capacity 69848K, committed 69888K, reserved 1110016K
  class space    used 8396K, capacity 9199K, committed 9216K, reserved 1048576K
2022-09-12T02:29:40.091+0800: 543.009: [GC pause (G1 Evacuation Pause) (young) 192M->42553K(256M), 0.0053749 secs]
Heap after GC invocations=911 (full 0):
 garbage-first heap   total 262144K, used 42553K [0x00000000f0000000, 0x00000000f0100800, 0x0000000100000000)
  region size 1024K, 2 young (2048K), 2 survivors (2048K)
 Metaspace       used 65128K, capacity 69848K, committed 69888K, reserved 1110016K
  class space    used 8396K, capacity 9199K, committed 9216K, reserved 1048576K
}
{Heap before GC invocations=911 (full 0):
 garbage-first heap   total 262144K, used 197177K [0x00000000f0000000, 0x00000000f0100800, 0x0000000100000000)
  region size 1024K, 153 young (156672K), 2 survivors (2048K)
 Metaspace       used 65128K, capacity 69848K, committed 69888K, reserved 1110016K
  class space    used 8396K, capacity 9199K, committed 9216K, reserved 1048576K
2022-09-12T02:29:40.620+0800: 543.538: [GC pause (G1 Evacuation Pause) (young) 192M->42924K(256M), 0.0052552 secs]
Heap after GC invocations=912 (full 0):
 garbage-first heap   total 262144K, used 42924K [0x00000000f0000000, 0x00000000f0100800, 0x0000000100000000)
  region size 1024K, 2 young (2048K), 2 survivors (2048K)
 Metaspace       used 65128K, capacity 69848K, committed 69888K, reserved 1110016K
  class space    used 8396K, capacity 9199K, committed 9216K, reserved 1048576K
}
{Heap before GC invocations=912 (full 0):
 garbage-first heap   total 262144K, used 197548K [0x00000000f0000000, 0x00000000f0100800, 0x0000000100000000)
  region size 1024K, 153 young (156672K), 2 survivors (2048K)
 Metaspace       used 65128K, capacity 69848K, committed 69888K, reserved 1110016K
  class space    used 8396K, capacity 9199K, committed 9216K, reserved 1048576K
2022-09-12T02:29:41.151+0800: 544.069: [GC pause (G1 Evacuation Pause) (young) 192M->42979K(256M), 0.0053195 secs]
Heap after GC invocations=913 (full 0):
 garbage-first heap   total 262144K, used 42979K [0x00000000f0000000, 0x00000000f0100800, 0x0000000100000000)
  region size 1024K, 2 young (2048K), 2 survivors (2048K)
 Metaspace       used 65128K, capacity 69848K, committed 69888K, reserved 1110016K
  class space    used 8396K, capacity 9199K, committed 9216K, reserved 1048576K
}
{Heap before GC invocations=913 (full 0):
 garbage-first heap   total 262144K, used 197603K [0x00000000f0000000, 0x00000000f0100800, 0x0000000100000000)
  region size 1024K, 153 young (156672K), 2 survivors (2048K)
 Metaspace       used 65129K, capacity 69848K, committed 69888K, reserved 1110016K
  class space    used 8396K, capacity 9199K, committed 9216K, reserved 1048576K
2022-09-12T02:29:41.685+0800: 544.602: [GC pause (G1 Evacuation Pause) (young) 192M->42558K(256M), 0.0052568 secs]
Heap after GC invocations=914 (full 0):
 garbage-first heap   total 262144K, used 42558K [0x00000000f0000000, 0x00000000f0100800, 0x0000000100000000)
  region size 1024K, 2 young (2048K), 2 survivors (2048K)
 Metaspace       used 65129K, capacity 69848K, committed 69888K, reserved 1110016K
  class space    used 8396K, capacity 9199K, committed 9216K, reserved 1048576K
}
{Heap before GC invocations=914 (full 0):
 garbage-first heap   total 262144K, used 197182K [0x00000000f0000000, 0x00000000f0100800, 0x0000000100000000)
  region size 1024K, 153 young (156672K), 2 survivors (2048K)
 Metaspace       used 65129K, capacity 69848K, committed 69888K, reserved 1110016K
  class space    used 8396K, capacity 9199K, committed 9216K, reserved 1048576K
2022-09-12T02:29:42.218+0800: 545.136: [GC pause (G1 Evacuation Pause) (young) 192M->42927K(256M), 0.0052398 secs]
Heap after GC invocations=915 (full 0):
 garbage-first heap   total 262144K, used 42927K [0x00000000f0000000, 0x00000000f0100800, 0x0000000100000000)
  region size 1024K, 2 young (2048K), 2 survivors (2048K)
 Metaspace       used 65129K, capacity 69848K, committed 69888K, reserved 1110016K
  class space    used 8396K, capacity 9199K, committed 9216K, reserved 1048576K
}
{Heap before GC invocations=915 (full 0):
 garbage-first heap   total 262144K, used 197551K [0x00000000f0000000, 0x00000000f0100800, 0x0000000100000000)
  region size 1024K, 153 young (156672K), 2 survivors (2048K)
 Metaspace       used 65129K, capacity 69848K, committed 69888K, reserved 1110016K
  class space    used 8396K, capacity 9199K, committed 9216K, reserved 1048576K
2022-09-12T02:29:42.751+0800: 545.669: [GC pause (G1 Evacuation Pause) (young) 192M->42980K(256M), 0.0052841 secs]
Heap after GC invocations=916 (full 0):
 garbage-first heap   total 262144K, used 42980K [0x00000000f0000000, 0x00000000f0100800, 0x0000000100000000)
  region size 1024K, 2 young (2048K), 2 survivors (2048K)
 Metaspace       used 65129K, capacity 69848K, committed 69888K, reserved 1110016K
  class space    used 8396K, capacity 9199K, committed 9216K, reserved 1048576K
}
{Heap before GC invocations=916 (full 0):
 garbage-first heap   total 262144K, used 197604K [0x00000000f0000000, 0x00000000f0100800, 0x0000000100000000)
  region size 1024K, 153 young (156672K), 2 survivors (2048K)
 Metaspace       used 65129K, capacity 69848K, committed 69888K, reserved 1110016K
  class space    used 8396K, capacity 9199K, committed 9216K, reserved 1048576K
2022-09-12T02:29:43.284+0800: 546.202: [GC pause (G1 Evacuation Pause) (young) 192M->42560K(256M), 0.0051211 secs]
Heap after GC invocations=917 (full 0):
 garbage-first heap   total 262144K, used 42560K [0x00000000f0000000, 0x00000000f0100800, 0x0000000100000000)
  region size 1024K, 2 young (2048K), 2 survivors (2048K)
 Metaspace       used 65129K, capacity 69848K, committed 69888K, reserved 1110016K
  class space    used 8396K, capacity 9199K, committed 9216K, reserved 1048576K
}
{Heap before GC invocations=917 (full 0):
 garbage-first heap   total 262144K, used 197184K [0x00000000f0000000, 0x00000000f0100800, 0x0000000100000000)
  region size 1024K, 153 young (156672K), 2 survivors (2048K)
 Metaspace       used 65129K, capacity 69848K, committed 69888K, reserved 1110016K
  class space    used 8396K, capacity 9199K, committed 9216K, reserved 1048576K
2022-09-12T02:29:43.817+0800: 546.735: [GC pause (G1 Evacuation Pause) (young) 192M->42926K(256M), 0.0051559 secs]
Heap after GC invocations=918 (full 0):
 garbage-first heap   total 262144K, used 42926K [0x00000000f0000000, 0x00000000f0100800, 0x0000000100000000)
  region size 1024K, 2 young (2048K), 2 survivors (2048K)
 Metaspace       used 65129K, capacity 69848K, committed 69888K, reserved 1110016K
  class space    used 8396K, capacity 9199K, committed 9216K, reserved 1048576K
}
{Heap before GC invocations=918 (full 0):
 garbage-first heap   total 262144K, used 197550K [0x00000000f0000000, 0x00000000f0100800, 0x0000000100000000)
  region size 1024K, 153 young (156672K), 2 survivors (2048K)
 Metaspace       used 65129K, capacity 69848K, committed 69888K, reserved 1110016K
  class space    used 8396K, capacity 9199K, committed 9216K, reserved 1048576K
2022-09-12T02:29:44.349+0800: 547.267: [GC pause (G1 Evacuation Pause) (young) 192M->42983K(256M), 0.0051903 secs]
Heap after GC invocations=919 (full 0):
 garbage-first heap   total 262144K, used 42983K [0x00000000f0000000, 0x00000000f0100800, 0x0000000100000000)
  region size 1024K, 2 young (2048K), 2 survivors (2048K)
 Metaspace       used 65129K, capacity 69848K, committed 69888K, reserved 1110016K
  class space    used 8396K, capacity 9199K, committed 9216K, reserved 1048576K
}
{Heap before GC invocations=919 (full 0):
 garbage-first heap   total 262144K, used 197607K [0x00000000f0000000, 0x00000000f0100800, 0x0000000100000000)
  region size 1024K, 153 young (156672K), 2 survivors (2048K)
 Metaspace       used 65129K, capacity 69848K, committed 69888K, reserved 1110016K
  class space    used 8396K, capacity 9199K, committed 9216K, reserved 1048576K
2022-09-12T02:29:44.879+0800: 547.797: [GC pause (G1 Evacuation Pause) (young) 192M->42560K(256M), 0.0051493 secs]
Heap after GC invocations=920 (full 0):
 garbage-first heap   total 262144K, used 42560K [0x00000000f0000000, 0x00000000f0100800, 0x0000000100000000)
  region size 1024K, 2 young (2048K), 2 survivors (2048K)
 Metaspace       used 65129K, capacity 69848K, committed 69888K, reserved 1110016K
  class space    used 8396K, capacity 9199K, committed 9216K, reserved 1048576K
}
{Heap before GC invocations=920 (full 0):
 garbage-first heap   total 262144K, used 197184K [0x00000000f0000000, 0x00000000f0100800, 0x0000000100000000)
  region size 1024K, 153 young (156672K), 2 survivors (2048K)
 Metaspace       used 65129K, capacity 69848K, committed 69888K, reserved 1110016K
  class space    used 8396K, capacity 9199K, committed 9216K, reserved 1048576K
2022-09-12T02:29:45.409+0800: 548.327: [GC pause (G1 Evacuation Pause) (young) 192M->42932K(256M), 0.0051213 secs]
Heap after GC invocations=921 (full 0):
 garbage-first heap   total 262144K, used 42932K [0x00000000f0000000, 0x00000000f0100800, 0x0000000100000000)
  region size 1024K, 2 young (2048K), 2 survivors (2048K)
 Metaspace       used 65129K, capacity 69848K, committed 69888K, reserved 1110016K
  class space    used 8396K, capacity 9199K, committed 9216K, reserved 1048576K
}
{Heap before GC invocations=921 (full 0):
 garbage-first heap   total 262144K, used 197556K [0x00000000f0000000, 0x00000000f0100800, 0x0000000100000000)
  region size 1024K, 153 young (156672K), 2 survivors (2048K)
 Metaspace       used 65129K, capacity 69848K, committed 69888K, reserved 1110016K
  class space    used 8396K, capacity 9199K, committed 9216K, reserved 1048576K
2022-09-12T02:29:45.941+0800: 548.859: [GC pause (G1 Evacuation Pause) (young) 192M->42972K(256M), 0.0053508 secs]
Heap after GC invocations=922 (full 0):
 garbage-first heap   total 262144K, used 42972K [0x00000000f0000000, 0x00000000f0100800, 0x0000000100000000)
  region size 1024K, 2 young (2048K), 2 survivors (2048K)
 Metaspace       used 65129K, capacity 69848K, committed 69888K, reserved 1110016K
  class space    used 8396K, capacity 9199K, committed 9216K, reserved 1048576K
}
{Heap before GC invocations=922 (full 0):
 garbage-first heap   total 262144K, used 197596K [0x00000000f0000000, 0x00000000f0100800, 0x0000000100000000)
  region size 1024K, 153 young (156672K), 2 survivors (2048K)
 Metaspace       used 65129K, capacity 69848K, committed 69888K, reserved 1110016K
  class space    used 8396K, capacity 9199K, committed 9216K, reserved 1048576K
2022-09-12T02:29:46.478+0800: 549.396: [GC pause (G1 Evacuation Pause) (young) 192M->42706K(256M), 0.0051855 secs]
Heap after GC invocations=923 (full 0):
 garbage-first heap   total 262144K, used 42706K [0x00000000f0000000, 0x00000000f0100800, 0x0000000100000000)
  region size 1024K, 2 young (2048K), 2 survivors (2048K)
 Metaspace       used 65129K, capacity 69848K, committed 69888K, reserved 1110016K
  class space    used 8396K, capacity 9199K, committed 9216K, reserved 1048576K
}
{Heap before GC invocations=923 (full 0):
 garbage-first heap   total 262144K, used 197330K [0x00000000f0000000, 0x00000000f0100800, 0x0000000100000000)
  region size 1024K, 153 young (156672K), 2 survivors (2048K)
 Metaspace       used 65129K, capacity 69848K, committed 69888K, reserved 1110016K
  class space    used 8396K, capacity 9199K, committed 9216K, reserved 1048576K
2022-09-12T02:29:47.007+0800: 549.925: [GC pause (G1 Evacuation Pause) (young) 192M->42923K(256M), 0.0051396 secs]
Heap after GC invocations=924 (full 0):
 garbage-first heap   total 262144K, used 42923K [0x00000000f0000000, 0x00000000f0100800, 0x0000000100000000)
  region size 1024K, 2 young (2048K), 2 survivors (2048K)
 Metaspace       used 65129K, capacity 69848K, committed 69888K, reserved 1110016K
  class space    used 8396K, capacity 9199K, committed 9216K, reserved 1048576K
}
{Heap before GC invocations=924 (full 0):
 garbage-first heap   total 262144K, used 197547K [0x00000000f0000000, 0x00000000f0100800, 0x0000000100000000)
  region size 1024K, 153 young (156672K), 2 survivors (2048K)
 Metaspace       used 65129K, capacity 69848K, committed 69888K, reserved 1110016K
  class space    used 8396K, capacity 9199K, committed 9216K, reserved 1048576K
2022-09-12T02:29:47.537+0800: 550.455: [GC pause (G1 Evacuation Pause) (young) 192M->42983K(256M), 0.0051570 secs]
Heap after GC invocations=925 (full 0):
 garbage-first heap   total 262144K, used 42983K [0x00000000f0000000, 0x00000000f0100800, 0x0000000100000000)
  region size 1024K, 2 young (2048K), 2 survivors (2048K)
 Metaspace       used 65129K, capacity 69848K, committed 69888K, reserved 1110016K
  class space    used 8396K, capacity 9199K, committed 9216K, reserved 1048576K
}
{Heap before GC invocations=925 (full 0):
 garbage-first heap   total 262144K, used 197607K [0x00000000f0000000, 0x00000000f0100800, 0x0000000100000000)
  region size 1024K, 153 young (156672K), 2 survivors (2048K)
 Metaspace       used 65129K, capacity 69848K, committed 69888K, reserved 1110016K
  class space    used 8396K, capacity 9199K, committed 9216K, reserved 1048576K
2022-09-12T02:29:48.066+0800: 550.984: [GC pause (G1 Evacuation Pause) (young) 192M->42557K(256M), 0.0051329 secs]
Heap after GC invocations=926 (full 0):
 garbage-first heap   total 262144K, used 42557K [0x00000000f0000000, 0x00000000f0100800, 0x0000000100000000)
  region size 1024K, 2 young (2048K), 2 survivors (2048K)
 Metaspace       used 65129K, capacity 69848K, committed 69888K, reserved 1110016K
  class space    used 8396K, capacity 9199K, committed 9216K, reserved 1048576K
}
{Heap before GC invocations=926 (full 0):
 garbage-first heap   total 262144K, used 197181K [0x00000000f0000000, 0x00000000f0100800, 0x0000000100000000)
  region size 1024K, 153 young (156672K), 2 survivors (2048K)
 Metaspace       used 65129K, capacity 69848K, committed 69888K, reserved 1110016K
  class space    used 8396K, capacity 9199K, committed 9216K, reserved 1048576K
2022-09-12T02:29:48.599+0800: 551.517: [GC pause (G1 Evacuation Pause) (young) 192M->42904K(256M), 0.0077333 secs]
Heap after GC invocations=927 (full 0):
 garbage-first heap   total 262144K, used 42904K [0x00000000f0000000, 0x00000000f0100800, 0x0000000100000000)
  region size 1024K, 2 young (2048K), 2 survivors (2048K)
 Metaspace       used 65129K, capacity 69848K, committed 69888K, reserved 1110016K
  class space    used 8396K, capacity 9199K, committed 9216K, reserved 1048576K
}
{Heap before GC invocations=927 (full 0):
 garbage-first heap   total 262144K, used 197528K [0x00000000f0000000, 0x00000000f0100800, 0x0000000100000000)
  region size 1024K, 153 young (156672K), 2 survivors (2048K)
 Metaspace       used 65129K, capacity 69848K, committed 69888K, reserved 1110016K
  class space    used 8396K, capacity 9199K, committed 9216K, reserved 1048576K
2022-09-12T02:29:49.131+0800: 552.048: [GC pause (G1 Evacuation Pause) (young) 192M->42965K(256M), 0.0053478 secs]
Heap after GC invocations=928 (full 0):
 garbage-first heap   total 262144K, used 42965K [0x00000000f0000000, 0x00000000f0100800, 0x0000000100000000)
  region size 1024K, 2 young (2048K), 2 survivors (2048K)
 Metaspace       used 65129K, capacity 69848K, committed 69888K, reserved 1110016K
  class space    used 8396K, capacity 9199K, committed 9216K, reserved 1048576K
}
{Heap before GC invocations=928 (full 0):
 garbage-first heap   total 262144K, used 197589K [0x00000000f0000000, 0x00000000f0100800, 0x0000000100000000)
  region size 1024K, 153 young (156672K), 2 survivors (2048K)
 Metaspace       used 65129K, capacity 69848K, committed 69888K, reserved 1110016K
  class space    used 8396K, capacity 9199K, committed 9216K, reserved 1048576K
2022-09-12T02:29:49.661+0800: 552.579: [GC pause (G1 Evacuation Pause) (young) 192M->42998K(256M), 0.0051655 secs]
Heap after GC invocations=929 (full 0):
 garbage-first heap   total 262144K, used 42998K [0x00000000f0000000, 0x00000000f0100800, 0x0000000100000000)
  region size 1024K, 2 young (2048K), 2 survivors (2048K)
 Metaspace       used 65129K, capacity 69848K, committed 69888K, reserved 1110016K
  class space    used 8396K, capacity 9199K, committed 9216K, reserved 1048576K
}
{Heap before GC invocations=929 (full 0):
 garbage-first heap   total 262144K, used 197622K [0x00000000f0000000, 0x00000000f0100800, 0x0000000100000000)
  region size 1024K, 153 young (156672K), 2 survivors (2048K)
 Metaspace       used 65129K, capacity 69848K, committed 69888K, reserved 1110016K
  class space    used 8396K, capacity 9199K, committed 9216K, reserved 1048576K
2022-09-12T02:29:50.191+0800: 553.109: [GC pause (G1 Evacuation Pause) (young) 192M->42565K(256M), 0.0052823 secs]
Heap after GC invocations=930 (full 0):
 garbage-first heap   total 262144K, used 42565K [0x00000000f0000000, 0x00000000f0100800, 0x0000000100000000)
  region size 1024K, 2 young (2048K), 2 survivors (2048K)
 Metaspace       used 65129K, capacity 69848K, committed 69888K, reserved 1110016K
  class space    used 8396K, capacity 9199K, committed 9216K, reserved 1048576K
}
{Heap before GC invocations=930 (full 0):
 garbage-first heap   total 262144K, used 197189K [0x00000000f0000000, 0x00000000f0100800, 0x0000000100000000)
  region size 1024K, 153 young (156672K), 2 survivors (2048K)
 Metaspace       used 65129K, capacity 69848K, committed 69888K, reserved 1110016K
  class space    used 8396K, capacity 9199K, committed 9216K, reserved 1048576K
2022-09-12T02:29:50.720+0800: 553.638: [GC pause (G1 Evacuation Pause) (young) 192M->42927K(256M), 0.0052650 secs]
Heap after GC invocations=931 (full 0):
 garbage-first heap   total 262144K, used 42927K [0x00000000f0000000, 0x00000000f0100800, 0x0000000100000000)
  region size 1024K, 2 young (2048K), 2 survivors (2048K)
 Metaspace       used 65129K, capacity 69848K, committed 69888K, reserved 1110016K
  class space    used 8396K, capacity 9199K, committed 9216K, reserved 1048576K
}
{Heap before GC invocations=931 (full 0):
 garbage-first heap   total 262144K, used 197551K [0x00000000f0000000, 0x00000000f0100800, 0x0000000100000000)
  region size 1024K, 153 young (156672K), 2 survivors (2048K)
 Metaspace       used 65129K, capacity 69848K, committed 69888K, reserved 1110016K
  class space    used 8396K, capacity 9199K, committed 9216K, reserved 1048576K
2022-09-12T02:29:51.255+0800: 554.173: [GC pause (G1 Evacuation Pause) (young) 192M->42984K(256M), 0.0052520 secs]
Heap after GC invocations=932 (full 0):
 garbage-first heap   total 262144K, used 42984K [0x00000000f0000000, 0x00000000f0100800, 0x0000000100000000)
  region size 1024K, 2 young (2048K), 2 survivors (2048K)
 Metaspace       used 65129K, capacity 69848K, committed 69888K, reserved 1110016K
  class space    used 8396K, capacity 9199K, committed 9216K, reserved 1048576K
}
{Heap before GC invocations=932 (full 0):
 garbage-first heap   total 262144K, used 197608K [0x00000000f0000000, 0x00000000f0100800, 0x0000000100000000)
  region size 1024K, 153 young (156672K), 2 survivors (2048K)
 Metaspace       used 65129K, capacity 69848K, committed 69888K, reserved 1110016K
  class space    used 8396K, capacity 9199K, committed 9216K, reserved 1048576K
2022-09-12T02:29:51.787+0800: 554.705: [GC pause (G1 Evacuation Pause) (young) 192M->42566K(256M), 0.0051905 secs]
Heap after GC invocations=933 (full 0):
 garbage-first heap   total 262144K, used 42566K [0x00000000f0000000, 0x00000000f0100800, 0x0000000100000000)
  region size 1024K, 2 young (2048K), 2 survivors (2048K)
 Metaspace       used 65129K, capacity 69848K, committed 69888K, reserved 1110016K
  class space    used 8396K, capacity 9199K, committed 9216K, reserved 1048576K
}
{Heap before GC invocations=933 (full 0):
 garbage-first heap   total 262144K, used 197190K [0x00000000f0000000, 0x00000000f0100800, 0x0000000100000000)
  region size 1024K, 153 young (156672K), 2 survivors (2048K)
 Metaspace       used 65129K, capacity 69848K, committed 69888K, reserved 1110016K
  class space    used 8396K, capacity 9199K, committed 9216K, reserved 1048576K
2022-09-12T02:29:52.318+0800: 555.236: [GC pause (G1 Evacuation Pause) (young) 192M->42922K(256M), 0.0056419 secs]
Heap after GC invocations=934 (full 0):
 garbage-first heap   total 262144K, used 42922K [0x00000000f0000000, 0x00000000f0100800, 0x0000000100000000)
  region size 1024K, 2 young (2048K), 2 survivors (2048K)
 Metaspace       used 65129K, capacity 69848K, committed 69888K, reserved 1110016K
  class space    used 8396K, capacity 9199K, committed 9216K, reserved 1048576K
}
{Heap before GC invocations=934 (full 0):
 garbage-first heap   total 262144K, used 197546K [0x00000000f0000000, 0x00000000f0100800, 0x0000000100000000)
  region size 1024K, 153 young (156672K), 2 survivors (2048K)
 Metaspace       used 65129K, capacity 69848K, committed 69888K, reserved 1110016K
  class space    used 8396K, capacity 9199K, committed 9216K, reserved 1048576K
2022-09-12T02:29:52.850+0800: 555.768: [GC pause (G1 Evacuation Pause) (young) 192M->42981K(256M), 0.0051571 secs]
Heap after GC invocations=935 (full 0):
 garbage-first heap   total 262144K, used 42981K [0x00000000f0000000, 0x00000000f0100800, 0x0000000100000000)
  region size 1024K, 2 young (2048K), 2 survivors (2048K)
 Metaspace       used 65129K, capacity 69848K, committed 69888K, reserved 1110016K
  class space    used 8396K, capacity 9199K, committed 9216K, reserved 1048576K
}
{Heap before GC invocations=935 (full 0):
 garbage-first heap   total 262144K, used 197605K [0x00000000f0000000, 0x00000000f0100800, 0x0000000100000000)
  region size 1024K, 153 young (156672K), 2 survivors (2048K)
 Metaspace       used 65129K, capacity 69848K, committed 69888K, reserved 1110016K
  class space    used 8396K, capacity 9199K, committed 9216K, reserved 1048576K
2022-09-12T02:29:53.381+0800: 556.299: [GC pause (G1 Evacuation Pause) (young) 192M->42561K(256M), 0.0052811 secs]
Heap after GC invocations=936 (full 0):
 garbage-first heap   total 262144K, used 42561K [0x00000000f0000000, 0x00000000f0100800, 0x0000000100000000)
  region size 1024K, 2 young (2048K), 2 survivors (2048K)
 Metaspace       used 65129K, capacity 69848K, committed 69888K, reserved 1110016K
  class space    used 8396K, capacity 9199K, committed 9216K, reserved 1048576K
}
{Heap before GC invocations=936 (full 0):
 garbage-first heap   total 262144K, used 197185K [0x00000000f0000000, 0x00000000f0100800, 0x0000000100000000)
  region size 1024K, 153 young (156672K), 2 survivors (2048K)
 Metaspace       used 65129K, capacity 69848K, committed 69888K, reserved 1110016K
  class space    used 8396K, capacity 9199K, committed 9216K, reserved 1048576K
2022-09-12T02:29:53.914+0800: 556.832: [GC pause (G1 Evacuation Pause) (young) 192M->42939K(256M), 0.0050607 secs]
Heap after GC invocations=937 (full 0):
 garbage-first heap   total 262144K, used 42939K [0x00000000f0000000, 0x00000000f0100800, 0x0000000100000000)
  region size 1024K, 2 young (2048K), 2 survivors (2048K)
 Metaspace       used 65129K, capacity 69848K, committed 69888K, reserved 1110016K
  class space    used 8396K, capacity 9199K, committed 9216K, reserved 1048576K
}
{Heap before GC invocations=937 (full 0):
 garbage-first heap   total 262144K, used 197563K [0x00000000f0000000, 0x00000000f0100800, 0x0000000100000000)
  region size 1024K, 153 young (156672K), 2 survivors (2048K)
 Metaspace       used 65129K, capacity 69848K, committed 69888K, reserved 1110016K
  class space    used 8396K, capacity 9199K, committed 9216K, reserved 1048576K
2022-09-12T02:29:54.448+0800: 557.366: [GC pause (G1 Evacuation Pause) (young) 192M->42977K(256M), 0.0051290 secs]
Heap after GC invocations=938 (full 0):
 garbage-first heap   total 262144K, used 42977K [0x00000000f0000000, 0x00000000f0100800, 0x0000000100000000)
  region size 1024K, 2 young (2048K), 2 survivors (2048K)
 Metaspace       used 65129K, capacity 69848K, committed 69888K, reserved 1110016K
  class space    used 8396K, capacity 9199K, committed 9216K, reserved 1048576K
}
{Heap before GC invocations=938 (full 0):
 garbage-first heap   total 262144K, used 197601K [0x00000000f0000000, 0x00000000f0100800, 0x0000000100000000)
  region size 1024K, 153 young (156672K), 2 survivors (2048K)
 Metaspace       used 65129K, capacity 69848K, committed 69888K, reserved 1110016K
  class space    used 8396K, capacity 9199K, committed 9216K, reserved 1048576K
2022-09-12T02:29:54.980+0800: 557.898: [GC pause (G1 Evacuation Pause) (young) 192M->42564K(256M), 0.0052046 secs]
Heap after GC invocations=939 (full 0):
 garbage-first heap   total 262144K, used 42564K [0x00000000f0000000, 0x00000000f0100800, 0x0000000100000000)
  region size 1024K, 2 young (2048K), 2 survivors (2048K)
 Metaspace       used 65129K, capacity 69848K, committed 69888K, reserved 1110016K
  class space    used 8396K, capacity 9199K, committed 9216K, reserved 1048576K
}
{Heap before GC invocations=939 (full 0):
 garbage-first heap   total 262144K, used 197188K [0x00000000f0000000, 0x00000000f0100800, 0x0000000100000000)
  region size 1024K, 153 young (156672K), 2 survivors (2048K)
 Metaspace       used 65129K, capacity 69848K, committed 69888K, reserved 1110016K
  class space    used 8396K, capacity 9199K, committed 9216K, reserved 1048576K
2022-09-12T02:29:55.510+0800: 558.428: [GC pause (G1 Evacuation Pause) (young) 192M->42908K(256M), 0.0052168 secs]
Heap after GC invocations=940 (full 0):
 garbage-first heap   total 262144K, used 42908K [0x00000000f0000000, 0x00000000f0100800, 0x0000000100000000)
  region size 1024K, 2 young (2048K), 2 survivors (2048K)
 Metaspace       used 65129K, capacity 69848K, committed 69888K, reserved 1110016K
  class space    used 8396K, capacity 9199K, committed 9216K, reserved 1048576K
}
{Heap before GC invocations=940 (full 0):
 garbage-first heap   total 262144K, used 197532K [0x00000000f0000000, 0x00000000f0100800, 0x0000000100000000)
  region size 1024K, 153 young (156672K), 2 survivors (2048K)
 Metaspace       used 65129K, capacity 69848K, committed 69888K, reserved 1110016K
  class space    used 8396K, capacity 9199K, committed 9216K, reserved 1048576K
2022-09-12T02:29:56.039+0800: 558.957: [GC pause (G1 Evacuation Pause) (young) 192M->42966K(256M), 0.0055056 secs]
Heap after GC invocations=941 (full 0):
 garbage-first heap   total 262144K, used 42966K [0x00000000f0000000, 0x00000000f0100800, 0x0000000100000000)
  region size 1024K, 2 young (2048K), 2 survivors (2048K)
 Metaspace       used 65129K, capacity 69848K, committed 69888K, reserved 1110016K
  class space    used 8396K, capacity 9199K, committed 9216K, reserved 1048576K
}
{Heap before GC invocations=941 (full 0):
 garbage-first heap   total 262144K, used 197590K [0x00000000f0000000, 0x00000000f0100800, 0x0000000100000000)
  region size 1024K, 153 young (156672K), 2 survivors (2048K)
 Metaspace       used 65129K, capacity 69848K, committed 69888K, reserved 1110016K
  class space    used 8396K, capacity 9199K, committed 9216K, reserved 1048576K
2022-09-12T02:29:56.572+0800: 559.490: [GC pause (G1 Evacuation Pause) (young) 192M->42562K(256M), 0.0052718 secs]
Heap after GC invocations=942 (full 0):
 garbage-first heap   total 262144K, used 42562K [0x00000000f0000000, 0x00000000f0100800, 0x0000000100000000)
  region size 1024K, 2 young (2048K), 2 survivors (2048K)
 Metaspace       used 65129K, capacity 69848K, committed 69888K, reserved 1110016K
  class space    used 8396K, capacity 9199K, committed 9216K, reserved 1048576K
}
{Heap before GC invocations=942 (full 0):
 garbage-first heap   total 262144K, used 197186K [0x00000000f0000000, 0x00000000f0100800, 0x0000000100000000)
  region size 1024K, 153 young (156672K), 2 survivors (2048K)
 Metaspace       used 65129K, capacity 69848K, committed 69888K, reserved 1110016K
  class space    used 8396K, capacity 9199K, committed 9216K, reserved 1048576K
2022-09-12T02:29:57.103+0800: 560.021: [GC pause (G1 Evacuation Pause) (young) 192M->42923K(256M), 0.0052714 secs]
Heap after GC invocations=943 (full 0):
 garbage-first heap   total 262144K, used 42923K [0x00000000f0000000, 0x00000000f0100800, 0x0000000100000000)
  region size 1024K, 2 young (2048K), 2 survivors (2048K)
 Metaspace       used 65129K, capacity 69848K, committed 69888K, reserved 1110016K
  class space    used 8396K, capacity 9199K, committed 9216K, reserved 1048576K
}
{Heap before GC invocations=943 (full 0):
 garbage-first heap   total 262144K, used 197547K [0x00000000f0000000, 0x00000000f0100800, 0x0000000100000000)
  region size 1024K, 153 young (156672K), 2 survivors (2048K)
 Metaspace       used 65129K, capacity 69848K, committed 69888K, reserved 1110016K
  class space    used 8396K, capacity 9199K, committed 9216K, reserved 1048576K
2022-09-12T02:29:57.635+0800: 560.553: [GC pause (G1 Evacuation Pause) (young) 192M->42967K(256M), 0.0053020 secs]
Heap after GC invocations=944 (full 0):
 garbage-first heap   total 262144K, used 42967K [0x00000000f0000000, 0x00000000f0100800, 0x0000000100000000)
  region size 1024K, 2 young (2048K), 2 survivors (2048K)
 Metaspace       used 65129K, capacity 69848K, committed 69888K, reserved 1110016K
  class space    used 8396K, capacity 9199K, committed 9216K, reserved 1048576K
}
{Heap before GC invocations=944 (full 0):
 garbage-first heap   total 262144K, used 197591K [0x00000000f0000000, 0x00000000f0100800, 0x0000000100000000)
  region size 1024K, 153 young (156672K), 2 survivors (2048K)
 Metaspace       used 65129K, capacity 69848K, committed 69888K, reserved 1110016K
  class space    used 8396K, capacity 9199K, committed 9216K, reserved 1048576K
2022-09-12T02:29:58.166+0800: 561.084: [GC pause (G1 Evacuation Pause) (young) 192M->42557K(256M), 0.0052917 secs]
Heap after GC invocations=945 (full 0):
 garbage-first heap   total 262144K, used 42557K [0x00000000f0000000, 0x00000000f0100800, 0x0000000100000000)
  region size 1024K, 2 young (2048K), 2 survivors (2048K)
 Metaspace       used 65129K, capacity 69848K, committed 69888K, reserved 1110016K
  class space    used 8396K, capacity 9199K, committed 9216K, reserved 1048576K
}
{Heap before GC invocations=945 (full 0):
 garbage-first heap   total 262144K, used 197181K [0x00000000f0000000, 0x00000000f0100800, 0x0000000100000000)
  region size 1024K, 153 young (156672K), 2 survivors (2048K)
 Metaspace       used 65129K, capacity 69848K, committed 69888K, reserved 1110016K
  class space    used 8396K, capacity 9199K, committed 9216K, reserved 1048576K
2022-09-12T02:29:58.697+0800: 561.615: [GC pause (G1 Evacuation Pause) (young) 192M->42930K(256M), 0.0054206 secs]
Heap after GC invocations=946 (full 0):
 garbage-first heap   total 262144K, used 42930K [0x00000000f0000000, 0x00000000f0100800, 0x0000000100000000)
  region size 1024K, 2 young (2048K), 2 survivors (2048K)
 Metaspace       used 65129K, capacity 69848K, committed 69888K, reserved 1110016K
  class space    used 8396K, capacity 9199K, committed 9216K, reserved 1048576K
}
{Heap before GC invocations=946 (full 0):
 garbage-first heap   total 262144K, used 197554K [0x00000000f0000000, 0x00000000f0100800, 0x0000000100000000)
  region size 1024K, 153 young (156672K), 2 survivors (2048K)
 Metaspace       used 65129K, capacity 69848K, committed 69888K, reserved 1110016K
  class space    used 8396K, capacity 9199K, committed 9216K, reserved 1048576K
2022-09-12T02:29:59.231+0800: 562.149: [GC pause (G1 Evacuation Pause) (young) 192M->42968K(256M), 0.0053239 secs]
Heap after GC invocations=947 (full 0):
 garbage-first heap   total 262144K, used 42968K [0x00000000f0000000, 0x00000000f0100800, 0x0000000100000000)
  region size 1024K, 2 young (2048K), 2 survivors (2048K)
 Metaspace       used 65129K, capacity 69848K, committed 69888K, reserved 1110016K
  class space    used 8396K, capacity 9199K, committed 9216K, reserved 1048576K
}
{Heap before GC invocations=947 (full 0):
 garbage-first heap   total 262144K, used 197592K [0x00000000f0000000, 0x00000000f0100800, 0x0000000100000000)
  region size 1024K, 153 young (156672K), 2 survivors (2048K)
 Metaspace       used 65129K, capacity 69848K, committed 69888K, reserved 1110016K
  class space    used 8396K, capacity 9199K, committed 9216K, reserved 1048576K
2022-09-12T02:29:59.766+0800: 562.684: [GC pause (G1 Evacuation Pause) (young) 192M->42710K(256M), 0.0052452 secs]
Heap after GC invocations=948 (full 0):
 garbage-first heap   total 262144K, used 42710K [0x00000000f0000000, 0x00000000f0100800, 0x0000000100000000)
  region size 1024K, 2 young (2048K), 2 survivors (2048K)
 Metaspace       used 65129K, capacity 69848K, committed 69888K, reserved 1110016K
  class space    used 8396K, capacity 9199K, committed 9216K, reserved 1048576K
}
{Heap before GC invocations=948 (full 0):
 garbage-first heap   total 262144K, used 197334K [0x00000000f0000000, 0x00000000f0100800, 0x0000000100000000)
  region size 1024K, 153 young (156672K), 2 survivors (2048K)
 Metaspace       used 65129K, capacity 69848K, committed 69888K, reserved 1110016K
  class space    used 8396K, capacity 9199K, committed 9216K, reserved 1048576K
2022-09-12T02:30:00.296+0800: 563.214: [GC pause (G1 Evacuation Pause) (young) 192M->42925K(256M), 0.0053103 secs]
Heap after GC invocations=949 (full 0):
 garbage-first heap   total 262144K, used 42925K [0x00000000f0000000, 0x00000000f0100800, 0x0000000100000000)
  region size 1024K, 2 young (2048K), 2 survivors (2048K)
 Metaspace       used 65129K, capacity 69848K, committed 69888K, reserved 1110016K
  class space    used 8396K, capacity 9199K, committed 9216K, reserved 1048576K
}
{Heap before GC invocations=949 (full 0):
 garbage-first heap   total 262144K, used 197549K [0x00000000f0000000, 0x00000000f0100800, 0x0000000100000000)
  region size 1024K, 153 young (156672K), 2 survivors (2048K)
 Metaspace       used 65129K, capacity 69848K, committed 69888K, reserved 1110016K
  class space    used 8396K, capacity 9199K, committed 9216K, reserved 1048576K
2022-09-12T02:30:00.825+0800: 563.742: [GC pause (G1 Evacuation Pause) (young) 192M->42989K(256M), 0.0052862 secs]
Heap after GC invocations=950 (full 0):
 garbage-first heap   total 262144K, used 42989K [0x00000000f0000000, 0x00000000f0100800, 0x0000000100000000)
  region size 1024K, 2 young (2048K), 2 survivors (2048K)
 Metaspace       used 65129K, capacity 69848K, committed 69888K, reserved 1110016K
  class space    used 8396K, capacity 9199K, committed 9216K, reserved 1048576K
}
{Heap before GC invocations=950 (full 0):
 garbage-first heap   total 262144K, used 197613K [0x00000000f0000000, 0x00000000f0100800, 0x0000000100000000)
  region size 1024K, 153 young (156672K), 2 survivors (2048K)
 Metaspace       used 65129K, capacity 69848K, committed 69888K, reserved 1110016K
  class space    used 8396K, capacity 9199K, committed 9216K, reserved 1048576K
2022-09-12T02:30:01.366+0800: 564.284: [GC pause (G1 Evacuation Pause) (young) 192M->42724K(256M), 0.0070640 secs]
Heap after GC invocations=951 (full 0):
 garbage-first heap   total 262144K, used 42724K [0x00000000f0000000, 0x00000000f0100800, 0x0000000100000000)
  region size 1024K, 2 young (2048K), 2 survivors (2048K)
 Metaspace       used 65129K, capacity 69848K, committed 69888K, reserved 1110016K
  class space    used 8396K, capacity 9199K, committed 9216K, reserved 1048576K
}
{Heap before GC invocations=951 (full 0):
 garbage-first heap   total 262144K, used 197348K [0x00000000f0000000, 0x00000000f0100800, 0x0000000100000000)
  region size 1024K, 153 young (156672K), 2 survivors (2048K)
 Metaspace       used 65129K, capacity 69848K, committed 69888K, reserved 1110016K
  class space    used 8396K, capacity 9199K, committed 9216K, reserved 1048576K
2022-09-12T02:30:01.898+0800: 564.816: [GC pause (G1 Evacuation Pause) (young) 192M->42892K(256M), 0.0052514 secs]
Heap after GC invocations=952 (full 0):
 garbage-first heap   total 262144K, used 42892K [0x00000000f0000000, 0x00000000f0100800, 0x0000000100000000)
  region size 1024K, 2 young (2048K), 2 survivors (2048K)
 Metaspace       used 65129K, capacity 69848K, committed 69888K, reserved 1110016K
  class space    used 8396K, capacity 9199K, committed 9216K, reserved 1048576K
}
{Heap before GC invocations=952 (full 0):
 garbage-first heap   total 262144K, used 197516K [0x00000000f0000000, 0x00000000f0100800, 0x0000000100000000)
  region size 1024K, 153 young (156672K), 2 survivors (2048K)
 Metaspace       used 65129K, capacity 69848K, committed 69888K, reserved 1110016K
  class space    used 8396K, capacity 9199K, committed 9216K, reserved 1048576K
2022-09-12T02:30:02.426+0800: 565.344: [GC pause (G1 Evacuation Pause) (young) 192M->42968K(256M), 0.0051170 secs]
Heap after GC invocations=953 (full 0):
 garbage-first heap   total 262144K, used 42968K [0x00000000f0000000, 0x00000000f0100800, 0x0000000100000000)
  region size 1024K, 2 young (2048K), 2 survivors (2048K)
 Metaspace       used 65129K, capacity 69848K, committed 69888K, reserved 1110016K
  class space    used 8396K, capacity 9199K, committed 9216K, reserved 1048576K
}
{Heap before GC invocations=953 (full 0):
 garbage-first heap   total 262144K, used 197592K [0x00000000f0000000, 0x00000000f0100800, 0x0000000100000000)
  region size 1024K, 153 young (156672K), 2 survivors (2048K)
 Metaspace       used 65129K, capacity 69848K, committed 69888K, reserved 1110016K
  class space    used 8396K, capacity 9199K, committed 9216K, reserved 1048576K
2022-09-12T02:30:02.955+0800: 565.873: [GC pause (G1 Evacuation Pause) (young) 192M->42715K(256M), 0.0052046 secs]
Heap after GC invocations=954 (full 0):
 garbage-first heap   total 262144K, used 42715K [0x00000000f0000000, 0x00000000f0100800, 0x0000000100000000)
  region size 1024K, 2 young (2048K), 2 survivors (2048K)
 Metaspace       used 65129K, capacity 69848K, committed 69888K, reserved 1110016K
  class space    used 8396K, capacity 9199K, committed 9216K, reserved 1048576K
}
{Heap before GC invocations=954 (full 0):
 garbage-first heap   total 262144K, used 197339K [0x00000000f0000000, 0x00000000f0100800, 0x0000000100000000)
  region size 1024K, 153 young (156672K), 2 survivors (2048K)
 Metaspace       used 65129K, capacity 69848K, committed 69888K, reserved 1110016K
  class space    used 8396K, capacity 9199K, committed 9216K, reserved 1048576K
2022-09-12T02:30:03.485+0800: 566.403: [GC pause (G1 Evacuation Pause) (young) 192M->42939K(256M), 0.0052145 secs]
Heap after GC invocations=955 (full 0):
 garbage-first heap   total 262144K, used 42939K [0x00000000f0000000, 0x00000000f0100800, 0x0000000100000000)
  region size 1024K, 2 young (2048K), 2 survivors (2048K)
 Metaspace       used 65129K, capacity 69848K, committed 69888K, reserved 1110016K
  class space    used 8396K, capacity 9199K, committed 9216K, reserved 1048576K
}
{Heap before GC invocations=955 (full 0):
 garbage-first heap   total 262144K, used 197563K [0x00000000f0000000, 0x00000000f0100800, 0x0000000100000000)
  region size 1024K, 153 young (156672K), 2 survivors (2048K)
 Metaspace       used 65129K, capacity 69848K, committed 69888K, reserved 1110016K
  class space    used 8396K, capacity 9199K, committed 9216K, reserved 1048576K
2022-09-12T02:30:04.021+0800: 566.939: [GC pause (G1 Evacuation Pause) (young) 192M->42985K(256M), 0.0051683 secs]
Heap after GC invocations=956 (full 0):
 garbage-first heap   total 262144K, used 42985K [0x00000000f0000000, 0x00000000f0100800, 0x0000000100000000)
  region size 1024K, 2 young (2048K), 2 survivors (2048K)
 Metaspace       used 65129K, capacity 69848K, committed 69888K, reserved 1110016K
  class space    used 8396K, capacity 9199K, committed 9216K, reserved 1048576K
}
{Heap before GC invocations=956 (full 0):
 garbage-first heap   total 262144K, used 197609K [0x00000000f0000000, 0x00000000f0100800, 0x0000000100000000)
  region size 1024K, 153 young (156672K), 2 survivors (2048K)
 Metaspace       used 65129K, capacity 69848K, committed 69888K, reserved 1110016K
  class space    used 8396K, capacity 9199K, committed 9216K, reserved 1048576K
2022-09-12T02:30:04.553+0800: 567.471: [GC pause (G1 Evacuation Pause) (young) 192M->42575K(256M), 0.0051443 secs]
Heap after GC invocations=957 (full 0):
 garbage-first heap   total 262144K, used 42575K [0x00000000f0000000, 0x00000000f0100800, 0x0000000100000000)
  region size 1024K, 2 young (2048K), 2 survivors (2048K)
 Metaspace       used 65129K, capacity 69848K, committed 69888K, reserved 1110016K
  class space    used 8396K, capacity 9199K, committed 9216K, reserved 1048576K
}
{Heap before GC invocations=957 (full 0):
 garbage-first heap   total 262144K, used 197199K [0x00000000f0000000, 0x00000000f0100800, 0x0000000100000000)
  region size 1024K, 153 young (156672K), 2 survivors (2048K)
 Metaspace       used 65129K, capacity 69848K, committed 69888K, reserved 1110016K
  class space    used 8396K, capacity 9199K, committed 9216K, reserved 1048576K
2022-09-12T02:30:05.085+0800: 568.002: [GC pause (G1 Evacuation Pause) (young) 192M->42946K(256M), 0.0051893 secs]
Heap after GC invocations=958 (full 0):
 garbage-first heap   total 262144K, used 42946K [0x00000000f0000000, 0x00000000f0100800, 0x0000000100000000)
  region size 1024K, 2 young (2048K), 2 survivors (2048K)
 Metaspace       used 65129K, capacity 69848K, committed 69888K, reserved 1110016K
  class space    used 8396K, capacity 9199K, committed 9216K, reserved 1048576K
}
{Heap before GC invocations=958 (full 0):
 garbage-first heap   total 262144K, used 197570K [0x00000000f0000000, 0x00000000f0100800, 0x0000000100000000)
  region size 1024K, 153 young (156672K), 2 survivors (2048K)
 Metaspace       used 65129K, capacity 69848K, committed 69888K, reserved 1110016K
  class space    used 8396K, capacity 9199K, committed 9216K, reserved 1048576K
2022-09-12T02:30:05.617+0800: 568.535: [GC pause (G1 Evacuation Pause) (young) 192M->42982K(256M), 0.0053393 secs]
Heap after GC invocations=959 (full 0):
 garbage-first heap   total 262144K, used 42982K [0x00000000f0000000, 0x00000000f0100800, 0x0000000100000000)
  region size 1024K, 2 young (2048K), 2 survivors (2048K)
 Metaspace       used 65129K, capacity 69848K, committed 69888K, reserved 1110016K
  class space    used 8396K, capacity 9199K, committed 9216K, reserved 1048576K
}
{Heap before GC invocations=959 (full 0):
 garbage-first heap   total 262144K, used 197606K [0x00000000f0000000, 0x00000000f0100800, 0x0000000100000000)
  region size 1024K, 153 young (156672K), 2 survivors (2048K)
 Metaspace       used 65129K, capacity 69848K, committed 69888K, reserved 1110016K
  class space    used 8396K, capacity 9199K, committed 9216K, reserved 1048576K
2022-09-12T02:30:06.148+0800: 569.066: [GC pause (G1 Evacuation Pause) (young) 192M->43015K(256M), 0.0051470 secs]
Heap after GC invocations=960 (full 0):
 garbage-first heap   total 262144K, used 43015K [0x00000000f0000000, 0x00000000f0100800, 0x0000000100000000)
  region size 1024K, 2 young (2048K), 2 survivors (2048K)
 Metaspace       used 65129K, capacity 69848K, committed 69888K, reserved 1110016K
  class space    used 8396K, capacity 9199K, committed 9216K, reserved 1048576K
}
{Heap before GC invocations=960 (full 0):
 garbage-first heap   total 262144K, used 197639K [0x00000000f0000000, 0x00000000f0100800, 0x0000000100000000)
  region size 1024K, 153 young (156672K), 2 survivors (2048K)
 Metaspace       used 65129K, capacity 69848K, committed 69888K, reserved 1110016K
  class space    used 8396K, capacity 9199K, committed 9216K, reserved 1048576K
2022-09-12T02:30:06.683+0800: 569.601: [GC pause (G1 Evacuation Pause) (young) 193M->42575K(256M), 0.0050718 secs]
Heap after GC invocations=961 (full 0):
 garbage-first heap   total 262144K, used 42575K [0x00000000f0000000, 0x00000000f0100800, 0x0000000100000000)
  region size 1024K, 2 young (2048K), 2 survivors (2048K)
 Metaspace       used 65129K, capacity 69848K, committed 69888K, reserved 1110016K
  class space    used 8396K, capacity 9199K, committed 9216K, reserved 1048576K
}
{Heap before GC invocations=961 (full 0):
 garbage-first heap   total 262144K, used 197199K [0x00000000f0000000, 0x00000000f0100800, 0x0000000100000000)
  region size 1024K, 153 young (156672K), 2 survivors (2048K)
 Metaspace       used 65129K, capacity 69848K, committed 69888K, reserved 1110016K
  class space    used 8396K, capacity 9199K, committed 9216K, reserved 1048576K
2022-09-12T02:30:07.213+0800: 570.131: [GC pause (G1 Evacuation Pause) (young) 192M->42931K(256M), 0.0051905 secs]
Heap after GC invocations=962 (full 0):
 garbage-first heap   total 262144K, used 42931K [0x00000000f0000000, 0x00000000f0100800, 0x0000000100000000)
  region size 1024K, 2 young (2048K), 2 survivors (2048K)
 Metaspace       used 65129K, capacity 69848K, committed 69888K, reserved 1110016K
  class space    used 8396K, capacity 9199K, committed 9216K, reserved 1048576K
}
{Heap before GC invocations=962 (full 0):
 garbage-first heap   total 262144K, used 197555K [0x00000000f0000000, 0x00000000f0100800, 0x0000000100000000)
  region size 1024K, 153 young (156672K), 2 survivors (2048K)
 Metaspace       used 65129K, capacity 69848K, committed 69888K, reserved 1110016K
  class space    used 8396K, capacity 9199K, committed 9216K, reserved 1048576K
2022-09-12T02:30:07.745+0800: 570.663: [GC pause (G1 Evacuation Pause) (young) 192M->42985K(256M), 0.0051190 secs]
Heap after GC invocations=963 (full 0):
 garbage-first heap   total 262144K, used 42985K [0x00000000f0000000, 0x00000000f0100800, 0x0000000100000000)
  region size 1024K, 2 young (2048K), 2 survivors (2048K)
 Metaspace       used 65129K, capacity 69848K, committed 69888K, reserved 1110016K
  class space    used 8396K, capacity 9199K, committed 9216K, reserved 1048576K
}
{Heap before GC invocations=963 (full 0):
 garbage-first heap   total 262144K, used 197609K [0x00000000f0000000, 0x00000000f0100800, 0x0000000100000000)
  region size 1024K, 153 young (156672K), 2 survivors (2048K)
 Metaspace       used 65129K, capacity 69848K, committed 69888K, reserved 1110016K
  class space    used 8396K, capacity 9199K, committed 9216K, reserved 1048576K
2022-09-12T02:30:08.278+0800: 571.195: [GC pause (G1 Evacuation Pause) (young) 192M->42564K(256M), 0.0052034 secs]
Heap after GC invocations=964 (full 0):
 garbage-first heap   total 262144K, used 42564K [0x00000000f0000000, 0x00000000f0100800, 0x0000000100000000)
  region size 1024K, 2 young (2048K), 2 survivors (2048K)
 Metaspace       used 65129K, capacity 69848K, committed 69888K, reserved 1110016K
  class space    used 8396K, capacity 9199K, committed 9216K, reserved 1048576K
}
{Heap before GC invocations=964 (full 0):
 garbage-first heap   total 262144K, used 197188K [0x00000000f0000000, 0x00000000f0100800, 0x0000000100000000)
  region size 1024K, 153 young (156672K), 2 survivors (2048K)
 Metaspace       used 65129K, capacity 69848K, committed 69888K, reserved 1110016K
  class space    used 8396K, capacity 9199K, committed 9216K, reserved 1048576K
2022-09-12T02:30:08.809+0800: 571.727: [GC pause (G1 Evacuation Pause) (young) 192M->42916K(256M), 0.0051043 secs]
Heap after GC invocations=965 (full 0):
 garbage-first heap   total 262144K, used 42916K [0x00000000f0000000, 0x00000000f0100800, 0x0000000100000000)
  region size 1024K, 2 young (2048K), 2 survivors (2048K)
 Metaspace       used 65129K, capacity 69848K, committed 69888K, reserved 1110016K
  class space    used 8396K, capacity 9199K, committed 9216K, reserved 1048576K
}
{Heap before GC invocations=965 (full 0):
 garbage-first heap   total 262144K, used 197540K [0x00000000f0000000, 0x00000000f0100800, 0x0000000100000000)
  region size 1024K, 153 young (156672K), 2 survivors (2048K)
 Metaspace       used 65129K, capacity 69848K, committed 69888K, reserved 1110016K
  class space    used 8396K, capacity 9199K, committed 9216K, reserved 1048576K
2022-09-12T02:30:09.340+0800: 572.258: [GC pause (G1 Evacuation Pause) (young) 192M->42983K(256M), 0.0051558 secs]
Heap after GC invocations=966 (full 0):
 garbage-first heap   total 262144K, used 42983K [0x00000000f0000000, 0x00000000f0100800, 0x0000000100000000)
  region size 1024K, 2 young (2048K), 2 survivors (2048K)
 Metaspace       used 65129K, capacity 69848K, committed 69888K, reserved 1110016K
  class space    used 8396K, capacity 9199K, committed 9216K, reserved 1048576K
}
{Heap before GC invocations=966 (full 0):
 garbage-first heap   total 262144K, used 197607K [0x00000000f0000000, 0x00000000f0100800, 0x0000000100000000)
  region size 1024K, 153 young (156672K), 2 survivors (2048K)
 Metaspace       used 65129K, capacity 69848K, committed 69888K, reserved 1110016K
  class space    used 8396K, capacity 9199K, committed 9216K, reserved 1048576K
2022-09-12T02:30:09.868+0800: 572.786: [GC pause (G1 Evacuation Pause) (young) 192M->42715K(256M), 0.0051600 secs]
Heap after GC invocations=967 (full 0):
 garbage-first heap   total 262144K, used 42715K [0x00000000f0000000, 0x00000000f0100800, 0x0000000100000000)
  region size 1024K, 2 young (2048K), 2 survivors (2048K)
 Metaspace       used 65129K, capacity 69848K, committed 69888K, reserved 1110016K
  class space    used 8396K, capacity 9199K, committed 9216K, reserved 1048576K
}
{Heap before GC invocations=967 (full 0):
 garbage-first heap   total 262144K, used 197339K [0x00000000f0000000, 0x00000000f0100800, 0x0000000100000000)
  region size 1024K, 153 young (156672K), 2 survivors (2048K)
 Metaspace       used 65129K, capacity 69848K, committed 69888K, reserved 1110016K
  class space    used 8396K, capacity 9199K, committed 9216K, reserved 1048576K
2022-09-12T02:30:10.401+0800: 573.319: [GC pause (G1 Evacuation Pause) (young) 192M->42946K(256M), 0.0052354 secs]
Heap after GC invocations=968 (full 0):
 garbage-first heap   total 262144K, used 42946K [0x00000000f0000000, 0x00000000f0100800, 0x0000000100000000)
  region size 1024K, 2 young (2048K), 2 survivors (2048K)
 Metaspace       used 65129K, capacity 69848K, committed 69888K, reserved 1110016K
  class space    used 8396K, capacity 9199K, committed 9216K, reserved 1048576K
}
{Heap before GC invocations=968 (full 0):
 garbage-first heap   total 262144K, used 197570K [0x00000000f0000000, 0x00000000f0100800, 0x0000000100000000)
  region size 1024K, 153 young (156672K), 2 survivors (2048K)
 Metaspace       used 65129K, capacity 69848K, committed 69888K, reserved 1110016K
  class space    used 8396K, capacity 9199K, committed 9216K, reserved 1048576K
2022-09-12T02:30:10.931+0800: 573.849: [GC pause (G1 Evacuation Pause) (young) 192M->42997K(256M), 0.0051673 secs]
Heap after GC invocations=969 (full 0):
 garbage-first heap   total 262144K, used 42997K [0x00000000f0000000, 0x00000000f0100800, 0x0000000100000000)
  region size 1024K, 2 young (2048K), 2 survivors (2048K)
 Metaspace       used 65129K, capacity 69848K, committed 69888K, reserved 1110016K
  class space    used 8396K, capacity 9199K, committed 9216K, reserved 1048576K
}
{Heap before GC invocations=969 (full 0):
 garbage-first heap   total 262144K, used 197621K [0x00000000f0000000, 0x00000000f0100800, 0x0000000100000000)
  region size 1024K, 153 young (156672K), 2 survivors (2048K)
 Metaspace       used 65137K, capacity 69848K, committed 69888K, reserved 1110016K
  class space    used 8396K, capacity 9199K, committed 9216K, reserved 1048576K
2022-09-12T02:30:11.464+0800: 574.382: [GC pause (G1 Evacuation Pause) (young) 192M->42575K(256M), 0.0052161 secs]
Heap after GC invocations=970 (full 0):
 garbage-first heap   total 262144K, used 42575K [0x00000000f0000000, 0x00000000f0100800, 0x0000000100000000)
  region size 1024K, 2 young (2048K), 2 survivors (2048K)
 Metaspace       used 65137K, capacity 69848K, committed 69888K, reserved 1110016K
  class space    used 8396K, capacity 9199K, committed 9216K, reserved 1048576K
}
{Heap before GC invocations=970 (full 0):
 garbage-first heap   total 262144K, used 197199K [0x00000000f0000000, 0x00000000f0100800, 0x0000000100000000)
  region size 1024K, 153 young (156672K), 2 survivors (2048K)
 Metaspace       used 65137K, capacity 69848K, committed 69888K, reserved 1110016K
  class space    used 8396K, capacity 9199K, committed 9216K, reserved 1048576K
2022-09-12T02:30:11.998+0800: 574.916: [GC pause (G1 Evacuation Pause) (young) 192M->42933K(256M), 0.0051681 secs]
Heap after GC invocations=971 (full 0):
 garbage-first heap   total 262144K, used 42933K [0x00000000f0000000, 0x00000000f0100800, 0x0000000100000000)
  region size 1024K, 2 young (2048K), 2 survivors (2048K)
 Metaspace       used 65137K, capacity 69848K, committed 69888K, reserved 1110016K
  class space    used 8396K, capacity 9199K, committed 9216K, reserved 1048576K
}
{Heap before GC invocations=971 (full 0):
 garbage-first heap   total 262144K, used 197557K [0x00000000f0000000, 0x00000000f0100800, 0x0000000100000000)
  region size 1024K, 153 young (156672K), 2 survivors (2048K)
 Metaspace       used 65137K, capacity 69848K, committed 69888K, reserved 1110016K
  class space    used 8396K, capacity 9199K, committed 9216K, reserved 1048576K
2022-09-12T02:30:12.532+0800: 575.450: [GC pause (G1 Evacuation Pause) (young) 192M->42988K(256M), 0.0051554 secs]
Heap after GC invocations=972 (full 0):
 garbage-first heap   total 262144K, used 42988K [0x00000000f0000000, 0x00000000f0100800, 0x0000000100000000)
  region size 1024K, 2 young (2048K), 2 survivors (2048K)
 Metaspace       used 65137K, capacity 69848K, committed 69888K, reserved 1110016K
  class space    used 8396K, capacity 9199K, committed 9216K, reserved 1048576K
}
{Heap before GC invocations=972 (full 0):
 garbage-first heap   total 262144K, used 197612K [0x00000000f0000000, 0x00000000f0100800, 0x0000000100000000)
  region size 1024K, 153 young (156672K), 2 survivors (2048K)
 Metaspace       used 65137K, capacity 69848K, committed 69888K, reserved 1110016K
  class space    used 8396K, capacity 9199K, committed 9216K, reserved 1048576K
2022-09-12T02:30:13.062+0800: 575.980: [GC pause (G1 Evacuation Pause) (young) 192M->42573K(256M), 0.0052015 secs]
Heap after GC invocations=973 (full 0):
 garbage-first heap   total 262144K, used 42573K [0x00000000f0000000, 0x00000000f0100800, 0x0000000100000000)
  region size 1024K, 2 young (2048K), 2 survivors (2048K)
 Metaspace       used 65137K, capacity 69848K, committed 69888K, reserved 1110016K
  class space    used 8396K, capacity 9199K, committed 9216K, reserved 1048576K
}
{Heap before GC invocations=973 (full 0):
 garbage-first heap   total 262144K, used 197197K [0x00000000f0000000, 0x00000000f0100800, 0x0000000100000000)
  region size 1024K, 153 young (156672K), 2 survivors (2048K)
 Metaspace       used 65137K, capacity 69848K, committed 69888K, reserved 1110016K
  class space    used 8396K, capacity 9199K, committed 9216K, reserved 1048576K
2022-09-12T02:30:13.595+0800: 576.513: [GC pause (G1 Evacuation Pause) (young) 192M->42938K(256M), 0.0052274 secs]
Heap after GC invocations=974 (full 0):
 garbage-first heap   total 262144K, used 42938K [0x00000000f0000000, 0x00000000f0100800, 0x0000000100000000)
  region size 1024K, 2 young (2048K), 2 survivors (2048K)
 Metaspace       used 65137K, capacity 69848K, committed 69888K, reserved 1110016K
  class space    used 8396K, capacity 9199K, committed 9216K, reserved 1048576K
}
{Heap before GC invocations=974 (full 0):
 garbage-first heap   total 262144K, used 197562K [0x00000000f0000000, 0x00000000f0100800, 0x0000000100000000)
  region size 1024K, 153 young (156672K), 2 survivors (2048K)
 Metaspace       used 65137K, capacity 69848K, committed 69888K, reserved 1110016K
  class space    used 8396K, capacity 9199K, committed 9216K, reserved 1048576K
2022-09-12T02:30:14.125+0800: 577.043: [GC pause (G1 Evacuation Pause) (young) 192M->42978K(256M), 0.0051689 secs]
Heap after GC invocations=975 (full 0):
 garbage-first heap   total 262144K, used 42978K [0x00000000f0000000, 0x00000000f0100800, 0x0000000100000000)
  region size 1024K, 2 young (2048K), 2 survivors (2048K)
 Metaspace       used 65137K, capacity 69848K, committed 69888K, reserved 1110016K
  class space    used 8396K, capacity 9199K, committed 9216K, reserved 1048576K
}
{Heap before GC invocations=975 (full 0):
 garbage-first heap   total 262144K, used 197602K [0x00000000f0000000, 0x00000000f0100800, 0x0000000100000000)
  region size 1024K, 153 young (156672K), 2 survivors (2048K)
 Metaspace       used 65137K, capacity 69848K, committed 69888K, reserved 1110016K
  class space    used 8396K, capacity 9199K, committed 9216K, reserved 1048576K
2022-09-12T02:30:14.656+0800: 577.573: [GC pause (G1 Evacuation Pause) (young) 192M->42419K(256M), 0.0051422 secs]
Heap after GC invocations=976 (full 0):
 garbage-first heap   total 262144K, used 42419K [0x00000000f0000000, 0x00000000f0100800, 0x0000000100000000)
  region size 1024K, 2 young (2048K), 2 survivors (2048K)
 Metaspace       used 65137K, capacity 69848K, committed 69888K, reserved 1110016K
  class space    used 8396K, capacity 9199K, committed 9216K, reserved 1048576K
}
{Heap before GC invocations=976 (full 0):
 garbage-first heap   total 262144K, used 197043K [0x00000000f0000000, 0x00000000f0100800, 0x0000000100000000)
  region size 1024K, 153 young (156672K), 2 survivors (2048K)
 Metaspace       used 65137K, capacity 69848K, committed 69888K, reserved 1110016K
  class space    used 8396K, capacity 9199K, committed 9216K, reserved 1048576K
2022-09-12T02:30:15.186+0800: 578.104: [GC pause (G1 Evacuation Pause) (young) 192M->42911K(256M), 0.0052810 secs]
Heap after GC invocations=977 (full 0):
 garbage-first heap   total 262144K, used 42911K [0x00000000f0000000, 0x00000000f0100800, 0x0000000100000000)
  region size 1024K, 2 young (2048K), 2 survivors (2048K)
 Metaspace       used 65137K, capacity 69848K, committed 69888K, reserved 1110016K
  class space    used 8396K, capacity 9199K, committed 9216K, reserved 1048576K
}
{Heap before GC invocations=977 (full 0):
 garbage-first heap   total 262144K, used 197535K [0x00000000f0000000, 0x00000000f0100800, 0x0000000100000000)
  region size 1024K, 153 young (156672K), 2 survivors (2048K)
 Metaspace       used 65137K, capacity 69848K, committed 69888K, reserved 1110016K
  class space    used 8396K, capacity 9199K, committed 9216K, reserved 1048576K
2022-09-12T02:30:15.715+0800: 578.633: [GC pause (G1 Evacuation Pause) (young) 192M->42989K(256M), 0.0051852 secs]
Heap after GC invocations=978 (full 0):
 garbage-first heap   total 262144K, used 42989K [0x00000000f0000000, 0x00000000f0100800, 0x0000000100000000)
  region size 1024K, 2 young (2048K), 2 survivors (2048K)
 Metaspace       used 65137K, capacity 69848K, committed 69888K, reserved 1110016K
  class space    used 8396K, capacity 9199K, committed 9216K, reserved 1048576K
}
{Heap before GC invocations=978 (full 0):
 garbage-first heap   total 262144K, used 197613K [0x00000000f0000000, 0x00000000f0100800, 0x0000000100000000)
  region size 1024K, 153 young (156672K), 2 survivors (2048K)
 Metaspace       used 65137K, capacity 69848K, committed 69888K, reserved 1110016K
  class space    used 8396K, capacity 9199K, committed 9216K, reserved 1048576K
2022-09-12T02:30:16.256+0800: 579.174: [GC pause (G1 Evacuation Pause) (young) 192M->42572K(256M), 0.0052471 secs]
Heap after GC invocations=979 (full 0):
 garbage-first heap   total 262144K, used 42572K [0x00000000f0000000, 0x00000000f0100800, 0x0000000100000000)
  region size 1024K, 2 young (2048K), 2 survivors (2048K)
 Metaspace       used 65137K, capacity 69848K, committed 69888K, reserved 1110016K
  class space    used 8396K, capacity 9199K, committed 9216K, reserved 1048576K
}
{Heap before GC invocations=979 (full 0):
 garbage-first heap   total 262144K, used 197196K [0x00000000f0000000, 0x00000000f0100800, 0x0000000100000000)
  region size 1024K, 153 young (156672K), 2 survivors (2048K)
 Metaspace       used 65137K, capacity 69848K, committed 69888K, reserved 1110016K
  class space    used 8396K, capacity 9199K, committed 9216K, reserved 1048576K
2022-09-12T02:30:16.787+0800: 579.705: [GC pause (G1 Evacuation Pause) (young) 192M->42939K(256M), 0.0051080 secs]
Heap after GC invocations=980 (full 0):
 garbage-first heap   total 262144K, used 42939K [0x00000000f0000000, 0x00000000f0100800, 0x0000000100000000)
  region size 1024K, 2 young (2048K), 2 survivors (2048K)
 Metaspace       used 65137K, capacity 69848K, committed 69888K, reserved 1110016K
  class space    used 8396K, capacity 9199K, committed 9216K, reserved 1048576K
}
{Heap before GC invocations=980 (full 0):
 garbage-first heap   total 262144K, used 197563K [0x00000000f0000000, 0x00000000f0100800, 0x0000000100000000)
  region size 1024K, 153 young (156672K), 2 survivors (2048K)
 Metaspace       used 65137K, capacity 69848K, committed 69888K, reserved 1110016K
  class space    used 8396K, capacity 9199K, committed 9216K, reserved 1048576K
2022-09-12T02:30:17.330+0800: 580.248: [GC pause (G1 Evacuation Pause) (young) 192M->42986K(256M), 0.0051770 secs]
Heap after GC invocations=981 (full 0):
 garbage-first heap   total 262144K, used 42986K [0x00000000f0000000, 0x00000000f0100800, 0x0000000100000000)
  region size 1024K, 2 young (2048K), 2 survivors (2048K)
 Metaspace       used 65137K, capacity 69848K, committed 69888K, reserved 1110016K
  class space    used 8396K, capacity 9199K, committed 9216K, reserved 1048576K
}
{Heap before GC invocations=981 (full 0):
 garbage-first heap   total 262144K, used 197610K [0x00000000f0000000, 0x00000000f0100800, 0x0000000100000000)
  region size 1024K, 153 young (156672K), 2 survivors (2048K)
 Metaspace       used 65137K, capacity 69848K, committed 69888K, reserved 1110016K
  class space    used 8396K, capacity 9199K, committed 9216K, reserved 1048576K
2022-09-12T02:30:17.861+0800: 580.778: [GC pause (G1 Evacuation Pause) (young) 192M->42573K(256M), 0.0052099 secs]
Heap after GC invocations=982 (full 0):
 garbage-first heap   total 262144K, used 42573K [0x00000000f0000000, 0x00000000f0100800, 0x0000000100000000)
  region size 1024K, 2 young (2048K), 2 survivors (2048K)
 Metaspace       used 65137K, capacity 69848K, committed 69888K, reserved 1110016K
  class space    used 8396K, capacity 9199K, committed 9216K, reserved 1048576K
}
{Heap before GC invocations=982 (full 0):
 garbage-first heap   total 262144K, used 197197K [0x00000000f0000000, 0x00000000f0100800, 0x0000000100000000)
  region size 1024K, 153 young (156672K), 2 survivors (2048K)
 Metaspace       used 65137K, capacity 69848K, committed 69888K, reserved 1110016K
  class space    used 8396K, capacity 9199K, committed 9216K, reserved 1048576K
2022-09-12T02:30:18.392+0800: 581.309: [GC pause (G1 Evacuation Pause) (young) 192M->42937K(256M), 0.0053258 secs]
Heap after GC invocations=983 (full 0):
 garbage-first heap   total 262144K, used 42937K [0x00000000f0000000, 0x00000000f0100800, 0x0000000100000000)
  region size 1024K, 2 young (2048K), 2 survivors (2048K)
 Metaspace       used 65137K, capacity 69848K, committed 69888K, reserved 1110016K
  class space    used 8396K, capacity 9199K, committed 9216K, reserved 1048576K
}
{Heap before GC invocations=983 (full 0):
 garbage-first heap   total 262144K, used 197561K [0x00000000f0000000, 0x00000000f0100800, 0x0000000100000000)
  region size 1024K, 153 young (156672K), 2 survivors (2048K)
 Metaspace       used 65137K, capacity 69848K, committed 69888K, reserved 1110016K
  class space    used 8396K, capacity 9199K, committed 9216K, reserved 1048576K
2022-09-12T02:30:18.961+0800: 581.879: [GC pause (G1 Evacuation Pause) (young) 192M->42200K(256M), 0.0039239 secs]
Heap after GC invocations=984 (full 0):
 garbage-first heap   total 262144K, used 42200K [0x00000000f0000000, 0x00000000f0100800, 0x0000000100000000)
  region size 1024K, 1 young (1024K), 1 survivors (1024K)
 Metaspace       used 65137K, capacity 69848K, committed 69888K, reserved 1110016K
  class space    used 8396K, capacity 9199K, committed 9216K, reserved 1048576K
}
{Heap before GC invocations=984 (full 0):
 garbage-first heap   total 262144K, used 197848K [0x00000000f0000000, 0x00000000f0100800, 0x0000000100000000)
  region size 1024K, 153 young (156672K), 1 survivors (1024K)
 Metaspace       used 65137K, capacity 69848K, committed 69888K, reserved 1110016K
  class space    used 8396K, capacity 9199K, committed 9216K, reserved 1048576K
2022-09-12T02:30:19.485+0800: 582.403: [GC pause (G1 Evacuation Pause) (young) 193M->42423K(256M), 0.0052000 secs]
Heap after GC invocations=985 (full 0):
 garbage-first heap   total 262144K, used 42423K [0x00000000f0000000, 0x00000000f0100800, 0x0000000100000000)
  region size 1024K, 2 young (2048K), 2 survivors (2048K)
 Metaspace       used 65137K, capacity 69848K, committed 69888K, reserved 1110016K
  class space    used 8396K, capacity 9199K, committed 9216K, reserved 1048576K
}
{Heap before GC invocations=985 (full 0):
 garbage-first heap   total 262144K, used 197047K [0x00000000f0000000, 0x00000000f0100800, 0x0000000100000000)
  region size 1024K, 153 young (156672K), 2 survivors (2048K)
 Metaspace       used 65137K, capacity 69848K, committed 69888K, reserved 1110016K
  class space    used 8396K, capacity 9199K, committed 9216K, reserved 1048576K
2022-09-12T02:30:20.015+0800: 582.933: [GC pause (G1 Evacuation Pause) (young) 192M->42890K(256M), 0.0053085 secs]
Heap after GC invocations=986 (full 0):
 garbage-first heap   total 262144K, used 42890K [0x00000000f0000000, 0x00000000f0100800, 0x0000000100000000)
  region size 1024K, 2 young (2048K), 2 survivors (2048K)
 Metaspace       used 65137K, capacity 69848K, committed 69888K, reserved 1110016K
  class space    used 8396K, capacity 9199K, committed 9216K, reserved 1048576K
}
{Heap before GC invocations=986 (full 0):
 garbage-first heap   total 262144K, used 197514K [0x00000000f0000000, 0x00000000f0100800, 0x0000000100000000)
  region size 1024K, 153 young (156672K), 2 survivors (2048K)
 Metaspace       used 65137K, capacity 69848K, committed 69888K, reserved 1110016K
  class space    used 8396K, capacity 9199K, committed 9216K, reserved 1048576K
2022-09-12T02:30:20.549+0800: 583.467: [GC pause (G1 Evacuation Pause) (young) 192M->42989K(256M), 0.0052532 secs]
Heap after GC invocations=987 (full 0):
 garbage-first heap   total 262144K, used 42989K [0x00000000f0000000, 0x00000000f0100800, 0x0000000100000000)
  region size 1024K, 2 young (2048K), 2 survivors (2048K)
 Metaspace       used 65137K, capacity 69848K, committed 69888K, reserved 1110016K
  class space    used 8396K, capacity 9199K, committed 9216K, reserved 1048576K
}
{Heap before GC invocations=987 (full 0):
 garbage-first heap   total 262144K, used 197613K [0x00000000f0000000, 0x00000000f0100800, 0x0000000100000000)
  region size 1024K, 153 young (156672K), 2 survivors (2048K)
 Metaspace       used 65137K, capacity 69848K, committed 69888K, reserved 1110016K
  class space    used 8396K, capacity 9199K, committed 9216K, reserved 1048576K
2022-09-12T02:30:21.079+0800: 583.996: [GC pause (G1 Evacuation Pause) (young) 192M->42574K(256M), 0.0051512 secs]
Heap after GC invocations=988 (full 0):
 garbage-first heap   total 262144K, used 42574K [0x00000000f0000000, 0x00000000f0100800, 0x0000000100000000)
  region size 1024K, 2 young (2048K), 2 survivors (2048K)
 Metaspace       used 65137K, capacity 69848K, committed 69888K, reserved 1110016K
  class space    used 8396K, capacity 9199K, committed 9216K, reserved 1048576K
}
{Heap before GC invocations=988 (full 0):
 garbage-first heap   total 262144K, used 197198K [0x00000000f0000000, 0x00000000f0100800, 0x0000000100000000)
  region size 1024K, 153 young (156672K), 2 survivors (2048K)
 Metaspace       used 65137K, capacity 69848K, committed 69888K, reserved 1110016K
  class space    used 8396K, capacity 9199K, committed 9216K, reserved 1048576K
2022-09-12T02:30:21.608+0800: 584.525: [GC pause (G1 Evacuation Pause) (young) 192M->42935K(256M), 0.0053203 secs]
Heap after GC invocations=989 (full 0):
 garbage-first heap   total 262144K, used 42935K [0x00000000f0000000, 0x00000000f0100800, 0x0000000100000000)
  region size 1024K, 2 young (2048K), 2 survivors (2048K)
 Metaspace       used 65137K, capacity 69848K, committed 69888K, reserved 1110016K
  class space    used 8396K, capacity 9199K, committed 9216K, reserved 1048576K
}
{Heap before GC invocations=989 (full 0):
 garbage-first heap   total 262144K, used 197559K [0x00000000f0000000, 0x00000000f0100800, 0x0000000100000000)
  region size 1024K, 153 young (156672K), 2 survivors (2048K)
 Metaspace       used 65137K, capacity 69848K, committed 69888K, reserved 1110016K
  class space    used 8396K, capacity 9199K, committed 9216K, reserved 1048576K
2022-09-12T02:30:22.146+0800: 585.064: [GC pause (G1 Evacuation Pause) (young) 192M->42993K(256M), 0.0052821 secs]
Heap after GC invocations=990 (full 0):
 garbage-first heap   total 262144K, used 42993K [0x00000000f0000000, 0x00000000f0100800, 0x0000000100000000)
  region size 1024K, 2 young (2048K), 2 survivors (2048K)
 Metaspace       used 65137K, capacity 69848K, committed 69888K, reserved 1110016K
  class space    used 8396K, capacity 9199K, committed 9216K, reserved 1048576K
}
{Heap before GC invocations=990 (full 0):
 garbage-first heap   total 262144K, used 197617K [0x00000000f0000000, 0x00000000f0100800, 0x0000000100000000)
  region size 1024K, 153 young (156672K), 2 survivors (2048K)
 Metaspace       used 65137K, capacity 69848K, committed 69888K, reserved 1110016K
  class space    used 8396K, capacity 9199K, committed 9216K, reserved 1048576K
2022-09-12T02:30:22.679+0800: 585.597: [GC pause (G1 Evacuation Pause) (young) 192M->42427K(256M), 0.0052406 secs]
Heap after GC invocations=991 (full 0):
 garbage-first heap   total 262144K, used 42427K [0x00000000f0000000, 0x00000000f0100800, 0x0000000100000000)
  region size 1024K, 2 young (2048K), 2 survivors (2048K)
 Metaspace       used 65137K, capacity 69848K, committed 69888K, reserved 1110016K
  class space    used 8396K, capacity 9199K, committed 9216K, reserved 1048576K
}
{Heap before GC invocations=991 (full 0):
 garbage-first heap   total 262144K, used 197051K [0x00000000f0000000, 0x00000000f0100800, 0x0000000100000000)
  region size 1024K, 153 young (156672K), 2 survivors (2048K)
 Metaspace       used 65137K, capacity 69848K, committed 69888K, reserved 1110016K
  class space    used 8396K, capacity 9199K, committed 9216K, reserved 1048576K
2022-09-12T02:30:23.210+0800: 586.128: [GC pause (G1 Evacuation Pause) (young) 192M->42924K(256M), 0.0051462 secs]
Heap after GC invocations=992 (full 0):
 garbage-first heap   total 262144K, used 42924K [0x00000000f0000000, 0x00000000f0100800, 0x0000000100000000)
  region size 1024K, 2 young (2048K), 2 survivors (2048K)
 Metaspace       used 65137K, capacity 69848K, committed 69888K, reserved 1110016K
  class space    used 8396K, capacity 9199K, committed 9216K, reserved 1048576K
}
{Heap before GC invocations=992 (full 0):
 garbage-first heap   total 262144K, used 197548K [0x00000000f0000000, 0x00000000f0100800, 0x0000000100000000)
  region size 1024K, 153 young (156672K), 2 survivors (2048K)
 Metaspace       used 65137K, capacity 69848K, committed 69888K, reserved 1110016K
  class space    used 8396K, capacity 9199K, committed 9216K, reserved 1048576K
2022-09-12T02:30:23.741+0800: 586.659: [GC pause (G1 Evacuation Pause) (young) 192M->42987K(256M), 0.0052504 secs]
Heap after GC invocations=993 (full 0):
 garbage-first heap   total 262144K, used 42987K [0x00000000f0000000, 0x00000000f0100800, 0x0000000100000000)
  region size 1024K, 2 young (2048K), 2 survivors (2048K)
 Metaspace       used 65137K, capacity 69848K, committed 69888K, reserved 1110016K
  class space    used 8396K, capacity 9199K, committed 9216K, reserved 1048576K
}
{Heap before GC invocations=993 (full 0):
 garbage-first heap   total 262144K, used 197611K [0x00000000f0000000, 0x00000000f0100800, 0x0000000100000000)
  region size 1024K, 153 young (156672K), 2 survivors (2048K)
 Metaspace       used 65137K, capacity 69848K, committed 69888K, reserved 1110016K
  class space    used 8396K, capacity 9199K, committed 9216K, reserved 1048576K
2022-09-12T02:30:24.272+0800: 587.190: [GC pause (G1 Evacuation Pause) (young) 192M->42580K(256M), 0.0051457 secs]
Heap after GC invocations=994 (full 0):
 garbage-first heap   total 262144K, used 42580K [0x00000000f0000000, 0x00000000f0100800, 0x0000000100000000)
  region size 1024K, 2 young (2048K), 2 survivors (2048K)
 Metaspace       used 65137K, capacity 69848K, committed 69888K, reserved 1110016K
  class space    used 8396K, capacity 9199K, committed 9216K, reserved 1048576K
}
{Heap before GC invocations=994 (full 0):
 garbage-first heap   total 262144K, used 197204K [0x00000000f0000000, 0x00000000f0100800, 0x0000000100000000)
  region size 1024K, 153 young (156672K), 2 survivors (2048K)
 Metaspace       used 65137K, capacity 69848K, committed 69888K, reserved 1110016K
  class space    used 8396K, capacity 9199K, committed 9216K, reserved 1048576K
2022-09-12T02:30:24.804+0800: 587.722: [GC pause (G1 Evacuation Pause) (young) 192M->42931K(256M), 0.0050832 secs]
Heap after GC invocations=995 (full 0):
 garbage-first heap   total 262144K, used 42931K [0x00000000f0000000, 0x00000000f0100800, 0x0000000100000000)
  region size 1024K, 2 young (2048K), 2 survivors (2048K)
 Metaspace       used 65137K, capacity 69848K, committed 69888K, reserved 1110016K
  class space    used 8396K, capacity 9199K, committed 9216K, reserved 1048576K
}
{Heap before GC invocations=995 (full 0):
 garbage-first heap   total 262144K, used 197555K [0x00000000f0000000, 0x00000000f0100800, 0x0000000100000000)
  region size 1024K, 153 young (156672K), 2 survivors (2048K)
 Metaspace       used 65137K, capacity 69848K, committed 69888K, reserved 1110016K
  class space    used 8396K, capacity 9199K, committed 9216K, reserved 1048576K
2022-09-12T02:30:25.339+0800: 588.257: [GC pause (G1 Evacuation Pause) (young) 192M->42981K(256M), 0.0053460 secs]
Heap after GC invocations=996 (full 0):
 garbage-first heap   total 262144K, used 42981K [0x00000000f0000000, 0x00000000f0100800, 0x0000000100000000)
  region size 1024K, 2 young (2048K), 2 survivors (2048K)
 Metaspace       used 65137K, capacity 69848K, committed 69888K, reserved 1110016K
  class space    used 8396K, capacity 9199K, committed 9216K, reserved 1048576K
}
{Heap before GC invocations=996 (full 0):
 garbage-first heap   total 262144K, used 197605K [0x00000000f0000000, 0x00000000f0100800, 0x0000000100000000)
  region size 1024K, 153 young (156672K), 2 survivors (2048K)
 Metaspace       used 65137K, capacity 69848K, committed 69888K, reserved 1110016K
  class space    used 8396K, capacity 9199K, committed 9216K, reserved 1048576K
2022-09-12T02:30:25.869+0800: 588.787: [GC pause (G1 Evacuation Pause) (young) 192M->42579K(256M), 0.0053622 secs]
Heap after GC invocations=997 (full 0):
 garbage-first heap   total 262144K, used 42579K [0x00000000f0000000, 0x00000000f0100800, 0x0000000100000000)
  region size 1024K, 2 young (2048K), 2 survivors (2048K)
 Metaspace       used 65137K, capacity 69848K, committed 69888K, reserved 1110016K
  class space    used 8396K, capacity 9199K, committed 9216K, reserved 1048576K
}
{Heap before GC invocations=997 (full 0):
 garbage-first heap   total 262144K, used 197203K [0x00000000f0000000, 0x00000000f0100800, 0x0000000100000000)
  region size 1024K, 153 young (156672K), 2 survivors (2048K)
 Metaspace       used 65137K, capacity 69848K, committed 69888K, reserved 1110016K
  class space    used 8396K, capacity 9199K, committed 9216K, reserved 1048576K
2022-09-12T02:30:26.399+0800: 589.317: [GC pause (G1 Evacuation Pause) (young) 192M->42958K(256M), 0.0051305 secs]
Heap after GC invocations=998 (full 0):
 garbage-first heap   total 262144K, used 42958K [0x00000000f0000000, 0x00000000f0100800, 0x0000000100000000)
  region size 1024K, 2 young (2048K), 2 survivors (2048K)
 Metaspace       used 65137K, capacity 69848K, committed 69888K, reserved 1110016K
  class space    used 8396K, capacity 9199K, committed 9216K, reserved 1048576K
}
{Heap before GC invocations=998 (full 0):
 garbage-first heap   total 262144K, used 197582K [0x00000000f0000000, 0x00000000f0100800, 0x0000000100000000)
  region size 1024K, 153 young (156672K), 2 survivors (2048K)
 Metaspace       used 65138K, capacity 69848K, committed 69888K, reserved 1110016K
  class space    used 8396K, capacity 9199K, committed 9216K, reserved 1048576K
2022-09-12T02:30:26.926+0800: 589.844: [GC pause (G1 Evacuation Pause) (young) 192M->43002K(256M), 0.0052115 secs]
Heap after GC invocations=999 (full 0):
 garbage-first heap   total 262144K, used 43002K [0x00000000f0000000, 0x00000000f0100800, 0x0000000100000000)
  region size 1024K, 2 young (2048K), 2 survivors (2048K)
 Metaspace       used 65138K, capacity 69848K, committed 69888K, reserved 1110016K
  class space    used 8396K, capacity 9199K, committed 9216K, reserved 1048576K
}
{Heap before GC invocations=999 (full 0):
 garbage-first heap   total 262144K, used 197626K [0x00000000f0000000, 0x00000000f0100800, 0x0000000100000000)
  region size 1024K, 153 young (156672K), 2 survivors (2048K)
 Metaspace       used 65138K, capacity 69848K, committed 69888K, reserved 1110016K
  class space    used 8396K, capacity 9199K, committed 9216K, reserved 1048576K
2022-09-12T02:30:27.455+0800: 590.373: [GC pause (G1 Evacuation Pause) (young) 192M->42579K(256M), 0.0050883 secs]
Heap after GC invocations=1000 (full 0):
 garbage-first heap   total 262144K, used 42579K [0x00000000f0000000, 0x00000000f0100800, 0x0000000100000000)
  region size 1024K, 2 young (2048K), 2 survivors (2048K)
 Metaspace       used 65138K, capacity 69848K, committed 69888K, reserved 1110016K
  class space    used 8396K, capacity 9199K, committed 9216K, reserved 1048576K
}
{Heap before GC invocations=1000 (full 0):
 garbage-first heap   total 262144K, used 197203K [0x00000000f0000000, 0x00000000f0100800, 0x0000000100000000)
  region size 1024K, 153 young (156672K), 2 survivors (2048K)
 Metaspace       used 65138K, capacity 69848K, committed 69888K, reserved 1110016K
  class space    used 8396K, capacity 9199K, committed 9216K, reserved 1048576K
2022-09-12T02:30:27.984+0800: 590.902: [GC pause (G1 Evacuation Pause) (young) 192M->42936K(256M), 0.0051230 secs]
Heap after GC invocations=1001 (full 0):
 garbage-first heap   total 262144K, used 42936K [0x00000000f0000000, 0x00000000f0100800, 0x0000000100000000)
  region size 1024K, 2 young (2048K), 2 survivors (2048K)
 Metaspace       used 65138K, capacity 69848K, committed 69888K, reserved 1110016K
  class space    used 8396K, capacity 9199K, committed 9216K, reserved 1048576K
}
{Heap before GC invocations=1001 (full 0):
 garbage-first heap   total 262144K, used 197560K [0x00000000f0000000, 0x00000000f0100800, 0x0000000100000000)
  region size 1024K, 153 young (156672K), 2 survivors (2048K)
 Metaspace       used 65138K, capacity 69848K, committed 69888K, reserved 1110016K
  class space    used 8396K, capacity 9199K, committed 9216K, reserved 1048576K
2022-09-12T02:30:28.516+0800: 591.433: [GC pause (G1 Evacuation Pause) (young) 192M->42985K(256M), 0.0053272 secs]
Heap after GC invocations=1002 (full 0):
 garbage-first heap   total 262144K, used 42985K [0x00000000f0000000, 0x00000000f0100800, 0x0000000100000000)
  region size 1024K, 2 young (2048K), 2 survivors (2048K)
 Metaspace       used 65138K, capacity 69848K, committed 69888K, reserved 1110016K
  class space    used 8396K, capacity 9199K, committed 9216K, reserved 1048576K
}
{Heap before GC invocations=1002 (full 0):
 garbage-first heap   total 262144K, used 197609K [0x00000000f0000000, 0x00000000f0100800, 0x0000000100000000)
  region size 1024K, 153 young (156672K), 2 survivors (2048K)
 Metaspace       used 65138K, capacity 69848K, committed 69888K, reserved 1110016K
  class space    used 8396K, capacity 9199K, committed 9216K, reserved 1048576K
2022-09-12T02:30:29.046+0800: 591.964: [GC pause (G1 Evacuation Pause) (young) 192M->42577K(256M), 0.0052026 secs]
Heap after GC invocations=1003 (full 0):
 garbage-first heap   total 262144K, used 42577K [0x00000000f0000000, 0x00000000f0100800, 0x0000000100000000)
  region size 1024K, 2 young (2048K), 2 survivors (2048K)
 Metaspace       used 65138K, capacity 69848K, committed 69888K, reserved 1110016K
  class space    used 8396K, capacity 9199K, committed 9216K, reserved 1048576K
}
{Heap before GC invocations=1003 (full 0):
 garbage-first heap   total 262144K, used 197201K [0x00000000f0000000, 0x00000000f0100800, 0x0000000100000000)
  region size 1024K, 153 young (156672K), 2 survivors (2048K)
 Metaspace       used 65138K, capacity 69848K, committed 69888K, reserved 1110016K
  class space    used 8396K, capacity 9199K, committed 9216K, reserved 1048576K
2022-09-12T02:30:29.579+0800: 592.497: [GC pause (G1 Evacuation Pause) (young) 192M->42950K(256M), 0.0052140 secs]
Heap after GC invocations=1004 (full 0):
 garbage-first heap   total 262144K, used 42950K [0x00000000f0000000, 0x00000000f0100800, 0x0000000100000000)
  region size 1024K, 2 young (2048K), 2 survivors (2048K)
 Metaspace       used 65138K, capacity 69848K, committed 69888K, reserved 1110016K
  class space    used 8396K, capacity 9199K, committed 9216K, reserved 1048576K
}
{Heap before GC invocations=1004 (full 0):
 garbage-first heap   total 262144K, used 197574K [0x00000000f0000000, 0x00000000f0100800, 0x0000000100000000)
  region size 1024K, 153 young (156672K), 2 survivors (2048K)
 Metaspace       used 65138K, capacity 69848K, committed 69888K, reserved 1110016K
  class space    used 8396K, capacity 9199K, committed 9216K, reserved 1048576K
2022-09-12T02:30:30.111+0800: 593.029: [GC pause (G1 Evacuation Pause) (young) 192M->43000K(256M), 0.0054300 secs]
Heap after GC invocations=1005 (full 0):
 garbage-first heap   total 262144K, used 43000K [0x00000000f0000000, 0x00000000f0100800, 0x0000000100000000)
  region size 1024K, 2 young (2048K), 2 survivors (2048K)
 Metaspace       used 65138K, capacity 69848K, committed 69888K, reserved 1110016K
  class space    used 8396K, capacity 9199K, committed 9216K, reserved 1048576K
}
{Heap before GC invocations=1005 (full 0):
 garbage-first heap   total 262144K, used 197624K [0x00000000f0000000, 0x00000000f0100800, 0x0000000100000000)
  region size 1024K, 153 young (156672K), 2 survivors (2048K)
 Metaspace       used 65138K, capacity 69848K, committed 69888K, reserved 1110016K
  class space    used 8396K, capacity 9199K, committed 9216K, reserved 1048576K
2022-09-12T02:30:30.642+0800: 593.560: [GC pause (G1 Evacuation Pause) (young) 192M->42584K(256M), 0.0052247 secs]
Heap after GC invocations=1006 (full 0):
 garbage-first heap   total 262144K, used 42584K [0x00000000f0000000, 0x00000000f0100800, 0x0000000100000000)
  region size 1024K, 2 young (2048K), 2 survivors (2048K)
 Metaspace       used 65138K, capacity 69848K, committed 69888K, reserved 1110016K
  class space    used 8396K, capacity 9199K, committed 9216K, reserved 1048576K
}
{Heap before GC invocations=1006 (full 0):
 garbage-first heap   total 262144K, used 197208K [0x00000000f0000000, 0x00000000f0100800, 0x0000000100000000)
  region size 1024K, 153 young (156672K), 2 survivors (2048K)
 Metaspace       used 65138K, capacity 69848K, committed 69888K, reserved 1110016K
  class space    used 8396K, capacity 9199K, committed 9216K, reserved 1048576K
2022-09-12T02:30:31.176+0800: 594.094: [GC pause (G1 Evacuation Pause) (young) 192M->42938K(256M), 0.0051225 secs]
Heap after GC invocations=1007 (full 0):
 garbage-first heap   total 262144K, used 42938K [0x00000000f0000000, 0x00000000f0100800, 0x0000000100000000)
  region size 1024K, 2 young (2048K), 2 survivors (2048K)
 Metaspace       used 65138K, capacity 69848K, committed 69888K, reserved 1110016K
  class space    used 8396K, capacity 9199K, committed 9216K, reserved 1048576K
}
{Heap before GC invocations=1007 (full 0):
 garbage-first heap   total 262144K, used 197562K [0x00000000f0000000, 0x00000000f0100800, 0x0000000100000000)
  region size 1024K, 153 young (156672K), 2 survivors (2048K)
 Metaspace       used 65138K, capacity 69848K, committed 69888K, reserved 1110016K
  class space    used 8396K, capacity 9199K, committed 9216K, reserved 1048576K
2022-09-12T02:30:31.710+0800: 594.628: [GC pause (G1 Evacuation Pause) (young) 192M->42998K(256M), 0.0051301 secs]
Heap after GC invocations=1008 (full 0):
 garbage-first heap   total 262144K, used 42998K [0x00000000f0000000, 0x00000000f0100800, 0x0000000100000000)
  region size 1024K, 2 young (2048K), 2 survivors (2048K)
 Metaspace       used 65138K, capacity 69848K, committed 69888K, reserved 1110016K
  class space    used 8396K, capacity 9199K, committed 9216K, reserved 1048576K
}
{Heap before GC invocations=1008 (full 0):
 garbage-first heap   total 262144K, used 197622K [0x00000000f0000000, 0x00000000f0100800, 0x0000000100000000)
  region size 1024K, 153 young (156672K), 2 survivors (2048K)
 Metaspace       used 65138K, capacity 69848K, committed 69888K, reserved 1110016K
  class space    used 8396K, capacity 9199K, committed 9216K, reserved 1048576K
2022-09-12T02:30:32.241+0800: 595.159: [GC pause (G1 Evacuation Pause) (young) 192M->42581K(256M), 0.0053487 secs]
Heap after GC invocations=1009 (full 0):
 garbage-first heap   total 262144K, used 42581K [0x00000000f0000000, 0x00000000f0100800, 0x0000000100000000)
  region size 1024K, 2 young (2048K), 2 survivors (2048K)
 Metaspace       used 65138K, capacity 69848K, committed 69888K, reserved 1110016K
  class space    used 8396K, capacity 9199K, committed 9216K, reserved 1048576K
}
{Heap before GC invocations=1009 (full 0):
 garbage-first heap   total 262144K, used 197205K [0x00000000f0000000, 0x00000000f0100800, 0x0000000100000000)
  region size 1024K, 153 young (156672K), 2 survivors (2048K)
 Metaspace       used 65138K, capacity 69848K, committed 69888K, reserved 1110016K
  class space    used 8396K, capacity 9199K, committed 9216K, reserved 1048576K
2022-09-12T02:30:32.771+0800: 595.689: [GC pause (G1 Evacuation Pause) (young) 192M->42933K(256M), 0.0050163 secs]
Heap after GC invocations=1010 (full 0):
 garbage-first heap   total 262144K, used 42933K [0x00000000f0000000, 0x00000000f0100800, 0x0000000100000000)
  region size 1024K, 2 young (2048K), 2 survivors (2048K)
 Metaspace       used 65138K, capacity 69848K, committed 69888K, reserved 1110016K
  class space    used 8396K, capacity 9199K, committed 9216K, reserved 1048576K
}
{Heap before GC invocations=1010 (full 0):
 garbage-first heap   total 262144K, used 197557K [0x00000000f0000000, 0x00000000f0100800, 0x0000000100000000)
  region size 1024K, 153 young (156672K), 2 survivors (2048K)
 Metaspace       used 65138K, capacity 69848K, committed 69888K, reserved 1110016K
  class space    used 8396K, capacity 9199K, committed 9216K, reserved 1048576K
2022-09-12T02:30:33.301+0800: 596.219: [GC pause (G1 Evacuation Pause) (young) 192M->42962K(256M), 0.0052272 secs]
Heap after GC invocations=1011 (full 0):
 garbage-first heap   total 262144K, used 42962K [0x00000000f0000000, 0x00000000f0100800, 0x0000000100000000)
  region size 1024K, 2 young (2048K), 2 survivors (2048K)
 Metaspace       used 65138K, capacity 69848K, committed 69888K, reserved 1110016K
  class space    used 8396K, capacity 9199K, committed 9216K, reserved 1048576K
}
{Heap before GC invocations=1011 (full 0):
 garbage-first heap   total 262144K, used 197586K [0x00000000f0000000, 0x00000000f0100800, 0x0000000100000000)
  region size 1024K, 153 young (156672K), 2 survivors (2048K)
 Metaspace       used 65138K, capacity 69848K, committed 69888K, reserved 1110016K
  class space    used 8396K, capacity 9199K, committed 9216K, reserved 1048576K
2022-09-12T02:30:33.832+0800: 596.750: [GC pause (G1 Evacuation Pause) (young) 192M->43009K(256M), 0.0052379 secs]
Heap after GC invocations=1012 (full 0):
 garbage-first heap   total 262144K, used 43009K [0x00000000f0000000, 0x00000000f0100800, 0x0000000100000000)
  region size 1024K, 2 young (2048K), 2 survivors (2048K)
 Metaspace       used 65138K, capacity 69848K, committed 69888K, reserved 1110016K
  class space    used 8396K, capacity 9199K, committed 9216K, reserved 1048576K
}
{Heap before GC invocations=1012 (full 0):
 garbage-first heap   total 262144K, used 197633K [0x00000000f0000000, 0x00000000f0100800, 0x0000000100000000)
  region size 1024K, 153 young (156672K), 2 survivors (2048K)
 Metaspace       used 65138K, capacity 69848K, committed 69888K, reserved 1110016K
  class space    used 8396K, capacity 9199K, committed 9216K, reserved 1048576K
2022-09-12T02:30:34.362+0800: 597.280: [GC pause (G1 Evacuation Pause) (young) 193M->42579K(256M), 0.0052148 secs]
Heap after GC invocations=1013 (full 0):
 garbage-first heap   total 262144K, used 42579K [0x00000000f0000000, 0x00000000f0100800, 0x0000000100000000)
  region size 1024K, 2 young (2048K), 2 survivors (2048K)
 Metaspace       used 65138K, capacity 69848K, committed 69888K, reserved 1110016K
  class space    used 8396K, capacity 9199K, committed 9216K, reserved 1048576K
}
{Heap before GC invocations=1013 (full 0):
 garbage-first heap   total 262144K, used 197203K [0x00000000f0000000, 0x00000000f0100800, 0x0000000100000000)
  region size 1024K, 153 young (156672K), 2 survivors (2048K)
 Metaspace       used 65138K, capacity 69848K, committed 69888K, reserved 1110016K
  class space    used 8396K, capacity 9199K, committed 9216K, reserved 1048576K
2022-09-12T02:30:34.895+0800: 597.813: [GC pause (G1 Evacuation Pause) (young) 192M->42957K(256M), 0.0052077 secs]
Heap after GC invocations=1014 (full 0):
 garbage-first heap   total 262144K, used 42957K [0x00000000f0000000, 0x00000000f0100800, 0x0000000100000000)
  region size 1024K, 2 young (2048K), 2 survivors (2048K)
 Metaspace       used 65138K, capacity 69848K, committed 69888K, reserved 1110016K
  class space    used 8396K, capacity 9199K, committed 9216K, reserved 1048576K
}
{Heap before GC invocations=1014 (full 0):
 garbage-first heap   total 262144K, used 197581K [0x00000000f0000000, 0x00000000f0100800, 0x0000000100000000)
  region size 1024K, 153 young (156672K), 2 survivors (2048K)
 Metaspace       used 65138K, capacity 69848K, committed 69888K, reserved 1110016K
  class space    used 8396K, capacity 9199K, committed 9216K, reserved 1048576K
2022-09-12T02:30:35.427+0800: 598.345: [GC pause (G1 Evacuation Pause) (young) 192M->43016K(256M), 0.0051801 secs]
Heap after GC invocations=1015 (full 0):
 garbage-first heap   total 262144K, used 43016K [0x00000000f0000000, 0x00000000f0100800, 0x0000000100000000)
  region size 1024K, 2 young (2048K), 2 survivors (2048K)
 Metaspace       used 65138K, capacity 69848K, committed 69888K, reserved 1110016K
  class space    used 8396K, capacity 9199K, committed 9216K, reserved 1048576K
}
{Heap before GC invocations=1015 (full 0):
 garbage-first heap   total 262144K, used 197640K [0x00000000f0000000, 0x00000000f0100800, 0x0000000100000000)
  region size 1024K, 153 young (156672K), 2 survivors (2048K)
 Metaspace       used 65138K, capacity 69848K, committed 69888K, reserved 1110016K
  class space    used 8396K, capacity 9199K, committed 9216K, reserved 1048576K
2022-09-12T02:30:35.957+0800: 598.875: [GC pause (G1 Evacuation Pause) (young) 193M->42593K(256M), 0.0053789 secs]
Heap after GC invocations=1016 (full 0):
 garbage-first heap   total 262144K, used 42593K [0x00000000f0000000, 0x00000000f0100800, 0x0000000100000000)
  region size 1024K, 2 young (2048K), 2 survivors (2048K)
 Metaspace       used 65138K, capacity 69848K, committed 69888K, reserved 1110016K
  class space    used 8396K, capacity 9199K, committed 9216K, reserved 1048576K
}
{Heap before GC invocations=1016 (full 0):
 garbage-first heap   total 262144K, used 197217K [0x00000000f0000000, 0x00000000f0100800, 0x0000000100000000)
  region size 1024K, 153 young (156672K), 2 survivors (2048K)
 Metaspace       used 65138K, capacity 69848K, committed 69888K, reserved 1110016K
  class space    used 8396K, capacity 9199K, committed 9216K, reserved 1048576K
2022-09-12T02:30:36.490+0800: 599.408: [GC pause (G1 Evacuation Pause) (young) 192M->42955K(256M), 0.0052140 secs]
Heap after GC invocations=1017 (full 0):
 garbage-first heap   total 262144K, used 42955K [0x00000000f0000000, 0x00000000f0100800, 0x0000000100000000)
  region size 1024K, 2 young (2048K), 2 survivors (2048K)
 Metaspace       used 65138K, capacity 69848K, committed 69888K, reserved 1110016K
  class space    used 8396K, capacity 9199K, committed 9216K, reserved 1048576K
}
{Heap before GC invocations=1017 (full 0):
 garbage-first heap   total 262144K, used 197579K [0x00000000f0000000, 0x00000000f0100800, 0x0000000100000000)
  region size 1024K, 153 young (156672K), 2 survivors (2048K)
 Metaspace       used 65138K, capacity 69848K, committed 69888K, reserved 1110016K
  class space    used 8396K, capacity 9199K, committed 9216K, reserved 1048576K
2022-09-12T02:30:37.019+0800: 599.937: [GC pause (G1 Evacuation Pause) (young) 192M->43000K(256M), 0.0052386 secs]
Heap after GC invocations=1018 (full 0):
 garbage-first heap   total 262144K, used 43000K [0x00000000f0000000, 0x00000000f0100800, 0x0000000100000000)
  region size 1024K, 2 young (2048K), 2 survivors (2048K)
 Metaspace       used 65138K, capacity 69848K, committed 69888K, reserved 1110016K
  class space    used 8396K, capacity 9199K, committed 9216K, reserved 1048576K
}
{Heap before GC invocations=1018 (full 0):
 garbage-first heap   total 262144K, used 197624K [0x00000000f0000000, 0x00000000f0100800, 0x0000000100000000)
  region size 1024K, 153 young (156672K), 2 survivors (2048K)
 Metaspace       used 65138K, capacity 69848K, committed 69888K, reserved 1110016K
  class space    used 8396K, capacity 9199K, committed 9216K, reserved 1048576K
2022-09-12T02:30:37.549+0800: 600.467: [GC pause (G1 Evacuation Pause) (young) 192M->43030K(256M), 0.0051460 secs]
Heap after GC invocations=1019 (full 0):
 garbage-first heap   total 262144K, used 43030K [0x00000000f0000000, 0x00000000f0100800, 0x0000000100000000)
  region size 1024K, 2 young (2048K), 2 survivors (2048K)
 Metaspace       used 65138K, capacity 69848K, committed 69888K, reserved 1110016K
  class space    used 8396K, capacity 9199K, committed 9216K, reserved 1048576K
}
{Heap before GC invocations=1019 (full 0):
 garbage-first heap   total 262144K, used 197654K [0x00000000f0000000, 0x00000000f0100800, 0x0000000100000000)
  region size 1024K, 153 young (156672K), 2 survivors (2048K)
 Metaspace       used 65138K, capacity 69848K, committed 69888K, reserved 1110016K
  class space    used 8396K, capacity 9199K, committed 9216K, reserved 1048576K
2022-09-12T02:30:38.080+0800: 600.998: [GC pause (G1 Evacuation Pause) (young) 193M->42595K(256M), 0.0052053 secs]
Heap after GC invocations=1020 (full 0):
 garbage-first heap   total 262144K, used 42595K [0x00000000f0000000, 0x00000000f0100800, 0x0000000100000000)
  region size 1024K, 2 young (2048K), 2 survivors (2048K)
 Metaspace       used 65138K, capacity 69848K, committed 69888K, reserved 1110016K
  class space    used 8396K, capacity 9199K, committed 9216K, reserved 1048576K
}
{Heap before GC invocations=1020 (full 0):
 garbage-first heap   total 262144K, used 197219K [0x00000000f0000000, 0x00000000f0100800, 0x0000000100000000)
  region size 1024K, 153 young (156672K), 2 survivors (2048K)
 Metaspace       used 65138K, capacity 69848K, committed 69888K, reserved 1110016K
  class space    used 8396K, capacity 9199K, committed 9216K, reserved 1048576K
2022-09-12T02:30:38.610+0800: 601.528: [GC pause (G1 Evacuation Pause) (young) 192M->42958K(256M), 0.0052602 secs]
Heap after GC invocations=1021 (full 0):
 garbage-first heap   total 262144K, used 42958K [0x00000000f0000000, 0x00000000f0100800, 0x0000000100000000)
  region size 1024K, 2 young (2048K), 2 survivors (2048K)
 Metaspace       used 65138K, capacity 69848K, committed 69888K, reserved 1110016K
  class space    used 8396K, capacity 9199K, committed 9216K, reserved 1048576K
}
{Heap before GC invocations=1021 (full 0):
 garbage-first heap   total 262144K, used 197582K [0x00000000f0000000, 0x00000000f0100800, 0x0000000100000000)
  region size 1024K, 153 young (156672K), 2 survivors (2048K)
 Metaspace       used 65138K, capacity 69848K, committed 69888K, reserved 1110016K
  class space    used 8396K, capacity 9199K, committed 9216K, reserved 1048576K
2022-09-12T02:30:39.139+0800: 602.057: [GC pause (G1 Evacuation Pause) (young) 192M->43013K(256M), 0.0052016 secs]
Heap after GC invocations=1022 (full 0):
 garbage-first heap   total 262144K, used 43013K [0x00000000f0000000, 0x00000000f0100800, 0x0000000100000000)
  region size 1024K, 2 young (2048K), 2 survivors (2048K)
 Metaspace       used 65138K, capacity 69848K, committed 69888K, reserved 1110016K
  class space    used 8396K, capacity 9199K, committed 9216K, reserved 1048576K
}
{Heap before GC invocations=1022 (full 0):
 garbage-first heap   total 262144K, used 197637K [0x00000000f0000000, 0x00000000f0100800, 0x0000000100000000)
  region size 1024K, 153 young (156672K), 2 survivors (2048K)
 Metaspace       used 65138K, capacity 69848K, committed 69888K, reserved 1110016K
  class space    used 8396K, capacity 9199K, committed 9216K, reserved 1048576K
2022-09-12T02:30:39.668+0800: 602.586: [GC pause (G1 Evacuation Pause) (young) 193M->42738K(256M), 0.0052172 secs]
Heap after GC invocations=1023 (full 0):
 garbage-first heap   total 262144K, used 42738K [0x00000000f0000000, 0x00000000f0100800, 0x0000000100000000)
  region size 1024K, 2 young (2048K), 2 survivors (2048K)
 Metaspace       used 65138K, capacity 69848K, committed 69888K, reserved 1110016K
  class space    used 8396K, capacity 9199K, committed 9216K, reserved 1048576K
}
{Heap before GC invocations=1023 (full 0):
 garbage-first heap   total 262144K, used 197362K [0x00000000f0000000, 0x00000000f0100800, 0x0000000100000000)
  region size 1024K, 153 young (156672K), 2 survivors (2048K)
 Metaspace       used 65138K, capacity 69848K, committed 69888K, reserved 1110016K
  class space    used 8396K, capacity 9199K, committed 9216K, reserved 1048576K
2022-09-12T02:30:40.200+0800: 603.118: [GC pause (G1 Evacuation Pause) (young) 192M->42960K(256M), 0.0053277 secs]
Heap after GC invocations=1024 (full 0):
 garbage-first heap   total 262144K, used 42960K [0x00000000f0000000, 0x00000000f0100800, 0x0000000100000000)
  region size 1024K, 2 young (2048K), 2 survivors (2048K)
 Metaspace       used 65138K, capacity 69848K, committed 69888K, reserved 1110016K
  class space    used 8396K, capacity 9199K, committed 9216K, reserved 1048576K
}
{Heap before GC invocations=1024 (full 0):
 garbage-first heap   total 262144K, used 197584K [0x00000000f0000000, 0x00000000f0100800, 0x0000000100000000)
  region size 1024K, 153 young (156672K), 2 survivors (2048K)
 Metaspace       used 65138K, capacity 69848K, committed 69888K, reserved 1110016K
  class space    used 8396K, capacity 9199K, committed 9216K, reserved 1048576K
2022-09-12T02:30:40.730+0800: 603.647: [GC pause (G1 Evacuation Pause) (young) 192M->43010K(256M), 0.0052083 secs]
Heap after GC invocations=1025 (full 0):
 garbage-first heap   total 262144K, used 43010K [0x00000000f0000000, 0x00000000f0100800, 0x0000000100000000)
  region size 1024K, 2 young (2048K), 2 survivors (2048K)
 Metaspace       used 65138K, capacity 69848K, committed 69888K, reserved 1110016K
  class space    used 8396K, capacity 9199K, committed 9216K, reserved 1048576K
}
{Heap before GC invocations=1025 (full 0):
 garbage-first heap   total 262144K, used 197634K [0x00000000f0000000, 0x00000000f0100800, 0x0000000100000000)
  region size 1024K, 153 young (156672K), 2 survivors (2048K)
 Metaspace       used 65138K, capacity 69848K, committed 69888K, reserved 1110016K
  class space    used 8396K, capacity 9199K, committed 9216K, reserved 1048576K
2022-09-12T02:30:41.262+0800: 604.180: [GC pause (G1 Evacuation Pause) (young) 193M->42593K(256M), 0.0051861 secs]
Heap after GC invocations=1026 (full 0):
 garbage-first heap   total 262144K, used 42593K [0x00000000f0000000, 0x00000000f0100800, 0x0000000100000000)
  region size 1024K, 2 young (2048K), 2 survivors (2048K)
 Metaspace       used 65138K, capacity 69848K, committed 69888K, reserved 1110016K
  class space    used 8396K, capacity 9199K, committed 9216K, reserved 1048576K
}
{Heap before GC invocations=1026 (full 0):
 garbage-first heap   total 262144K, used 197217K [0x00000000f0000000, 0x00000000f0100800, 0x0000000100000000)
  region size 1024K, 153 young (156672K), 2 survivors (2048K)
 Metaspace       used 65139K, capacity 69848K, committed 69888K, reserved 1110016K
  class space    used 8396K, capacity 9199K, committed 9216K, reserved 1048576K
2022-09-12T02:30:41.795+0800: 604.713: [GC pause (G1 Evacuation Pause) (young) 192M->42945K(256M), 0.0051943 secs]
Heap after GC invocations=1027 (full 0):
 garbage-first heap   total 262144K, used 42945K [0x00000000f0000000, 0x00000000f0100800, 0x0000000100000000)
  region size 1024K, 2 young (2048K), 2 survivors (2048K)
 Metaspace       used 65139K, capacity 69848K, committed 69888K, reserved 1110016K
  class space    used 8396K, capacity 9199K, committed 9216K, reserved 1048576K
}
{Heap before GC invocations=1027 (full 0):
 garbage-first heap   total 262144K, used 197569K [0x00000000f0000000, 0x00000000f0100800, 0x0000000100000000)
  region size 1024K, 153 young (156672K), 2 survivors (2048K)
 Metaspace       used 65139K, capacity 69848K, committed 69888K, reserved 1110016K
  class space    used 8396K, capacity 9199K, committed 9216K, reserved 1048576K
2022-09-12T02:30:42.328+0800: 605.246: [GC pause (G1 Evacuation Pause) (young) 192M->43012K(256M), 0.0053146 secs]
Heap after GC invocations=1028 (full 0):
 garbage-first heap   total 262144K, used 43012K [0x00000000f0000000, 0x00000000f0100800, 0x0000000100000000)
  region size 1024K, 2 young (2048K), 2 survivors (2048K)
 Metaspace       used 65139K, capacity 69848K, committed 69888K, reserved 1110016K
  class space    used 8396K, capacity 9199K, committed 9216K, reserved 1048576K
}
{Heap before GC invocations=1028 (full 0):
 garbage-first heap   total 262144K, used 197636K [0x00000000f0000000, 0x00000000f0100800, 0x0000000100000000)
  region size 1024K, 153 young (156672K), 2 survivors (2048K)
 Metaspace       used 65139K, capacity 69848K, committed 69888K, reserved 1110016K
  class space    used 8396K, capacity 9199K, committed 9216K, reserved 1048576K
2022-09-12T02:30:42.860+0800: 605.778: [GC pause (G1 Evacuation Pause) (young) 193M->42595K(256M), 0.0052752 secs]
Heap after GC invocations=1029 (full 0):
 garbage-first heap   total 262144K, used 42595K [0x00000000f0000000, 0x00000000f0100800, 0x0000000100000000)
  region size 1024K, 2 young (2048K), 2 survivors (2048K)
 Metaspace       used 65139K, capacity 69848K, committed 69888K, reserved 1110016K
  class space    used 8396K, capacity 9199K, committed 9216K, reserved 1048576K
}
{Heap before GC invocations=1029 (full 0):
 garbage-first heap   total 262144K, used 197219K [0x00000000f0000000, 0x00000000f0100800, 0x0000000100000000)
  region size 1024K, 153 young (156672K), 2 survivors (2048K)
 Metaspace       used 65139K, capacity 69848K, committed 69888K, reserved 1110016K
  class space    used 8396K, capacity 9199K, committed 9216K, reserved 1048576K
2022-09-12T02:30:43.390+0800: 606.308: [GC pause (G1 Evacuation Pause) (young) 192M->42962K(256M), 0.0051262 secs]
Heap after GC invocations=1030 (full 0):
 garbage-first heap   total 262144K, used 42962K [0x00000000f0000000, 0x00000000f0100800, 0x0000000100000000)
  region size 1024K, 2 young (2048K), 2 survivors (2048K)
 Metaspace       used 65139K, capacity 69848K, committed 69888K, reserved 1110016K
  class space    used 8396K, capacity 9199K, committed 9216K, reserved 1048576K
}
{Heap before GC invocations=1030 (full 0):
 garbage-first heap   total 262144K, used 197586K [0x00000000f0000000, 0x00000000f0100800, 0x0000000100000000)
  region size 1024K, 153 young (156672K), 2 survivors (2048K)
 Metaspace       used 65139K, capacity 69848K, committed 69888K, reserved 1110016K
  class space    used 8396K, capacity 9199K, committed 9216K, reserved 1048576K
2022-09-12T02:30:43.919+0800: 606.837: [GC pause (G1 Evacuation Pause) (young) 192M->42993K(256M), 0.0050771 secs]
Heap after GC invocations=1031 (full 0):
 garbage-first heap   total 262144K, used 42993K [0x00000000f0000000, 0x00000000f0100800, 0x0000000100000000)
  region size 1024K, 2 young (2048K), 2 survivors (2048K)
 Metaspace       used 65139K, capacity 69848K, committed 69888K, reserved 1110016K
  class space    used 8396K, capacity 9199K, committed 9216K, reserved 1048576K
}
{Heap before GC invocations=1031 (full 0):
 garbage-first heap   total 262144K, used 197617K [0x00000000f0000000, 0x00000000f0100800, 0x0000000100000000)
  region size 1024K, 153 young (156672K), 2 survivors (2048K)
 Metaspace       used 65139K, capacity 69848K, committed 69888K, reserved 1110016K
  class space    used 8396K, capacity 9199K, committed 9216K, reserved 1048576K
2022-09-12T02:30:44.451+0800: 607.369: [GC pause (G1 Evacuation Pause) (young) 192M->42589K(256M), 0.0051529 secs]
Heap after GC invocations=1032 (full 0):
 garbage-first heap   total 262144K, used 42589K [0x00000000f0000000, 0x00000000f0100800, 0x0000000100000000)
  region size 1024K, 2 young (2048K), 2 survivors (2048K)
 Metaspace       used 65139K, capacity 69848K, committed 69888K, reserved 1110016K
  class space    used 8396K, capacity 9199K, committed 9216K, reserved 1048576K
}
{Heap before GC invocations=1032 (full 0):
 garbage-first heap   total 262144K, used 197213K [0x00000000f0000000, 0x00000000f0100800, 0x0000000100000000)
  region size 1024K, 153 young (156672K), 2 survivors (2048K)
 Metaspace       used 65139K, capacity 69848K, committed 69888K, reserved 1110016K
  class space    used 8396K, capacity 9199K, committed 9216K, reserved 1048576K
2022-09-12T02:30:44.982+0800: 607.899: [GC pause (G1 Evacuation Pause) (young) 192M->42950K(256M), 0.0051662 secs]
Heap after GC invocations=1033 (full 0):
 garbage-first heap   total 262144K, used 42950K [0x00000000f0000000, 0x00000000f0100800, 0x0000000100000000)
  region size 1024K, 2 young (2048K), 2 survivors (2048K)
 Metaspace       used 65139K, capacity 69848K, committed 69888K, reserved 1110016K
  class space    used 8396K, capacity 9199K, committed 9216K, reserved 1048576K
}
{Heap before GC invocations=1033 (full 0):
 garbage-first heap   total 262144K, used 197574K [0x00000000f0000000, 0x00000000f0100800, 0x0000000100000000)
  region size 1024K, 153 young (156672K), 2 survivors (2048K)
 Metaspace       used 65139K, capacity 69848K, committed 69888K, reserved 1110016K
  class space    used 8396K, capacity 9199K, committed 9216K, reserved 1048576K
2022-09-12T02:30:45.513+0800: 608.431: [GC pause (G1 Evacuation Pause) (young) 192M->43019K(256M), 0.0051402 secs]
Heap after GC invocations=1034 (full 0):
 garbage-first heap   total 262144K, used 43019K [0x00000000f0000000, 0x00000000f0100800, 0x0000000100000000)
  region size 1024K, 2 young (2048K), 2 survivors (2048K)
 Metaspace       used 65139K, capacity 69848K, committed 69888K, reserved 1110016K
  class space    used 8396K, capacity 9199K, committed 9216K, reserved 1048576K
}
{Heap before GC invocations=1034 (full 0):
 garbage-first heap   total 262144K, used 197643K [0x00000000f0000000, 0x00000000f0100800, 0x0000000100000000)
  region size 1024K, 153 young (156672K), 2 survivors (2048K)
 Metaspace       used 65139K, capacity 69848K, committed 69888K, reserved 1110016K
  class space    used 8396K, capacity 9199K, committed 9216K, reserved 1048576K
2022-09-12T02:30:46.049+0800: 608.967: [GC pause (G1 Evacuation Pause) (young) 193M->42590K(256M), 0.0053572 secs]
Heap after GC invocations=1035 (full 0):
 garbage-first heap   total 262144K, used 42590K [0x00000000f0000000, 0x00000000f0100800, 0x0000000100000000)
  region size 1024K, 2 young (2048K), 2 survivors (2048K)
 Metaspace       used 65139K, capacity 69848K, committed 69888K, reserved 1110016K
  class space    used 8396K, capacity 9199K, committed 9216K, reserved 1048576K
}
{Heap before GC invocations=1035 (full 0):
 garbage-first heap   total 262144K, used 197214K [0x00000000f0000000, 0x00000000f0100800, 0x0000000100000000)
  region size 1024K, 153 young (156672K), 2 survivors (2048K)
 Metaspace       used 65139K, capacity 69848K, committed 69888K, reserved 1110016K
  class space    used 8396K, capacity 9199K, committed 9216K, reserved 1048576K
2022-09-12T02:30:46.588+0800: 609.506: [GC pause (G1 Evacuation Pause) (young) 192M->42966K(256M), 0.0052289 secs]
Heap after GC invocations=1036 (full 0):
 garbage-first heap   total 262144K, used 42966K [0x00000000f0000000, 0x00000000f0100800, 0x0000000100000000)
  region size 1024K, 2 young (2048K), 2 survivors (2048K)
 Metaspace       used 65139K, capacity 69848K, committed 69888K, reserved 1110016K
  class space    used 8396K, capacity 9199K, committed 9216K, reserved 1048576K
}
{Heap before GC invocations=1036 (full 0):
 garbage-first heap   total 262144K, used 197590K [0x00000000f0000000, 0x00000000f0100800, 0x0000000100000000)
  region size 1024K, 153 young (156672K), 2 survivors (2048K)
 Metaspace       used 65139K, capacity 69848K, committed 69888K, reserved 1110016K
  class space    used 8396K, capacity 9199K, committed 9216K, reserved 1048576K
2022-09-12T02:30:47.119+0800: 610.037: [GC pause (G1 Evacuation Pause) (young) 192M->43014K(256M), 0.0052966 secs]
Heap after GC invocations=1037 (full 0):
 garbage-first heap   total 262144K, used 43014K [0x00000000f0000000, 0x00000000f0100800, 0x0000000100000000)
  region size 1024K, 2 young (2048K), 2 survivors (2048K)
 Metaspace       used 65139K, capacity 69848K, committed 69888K, reserved 1110016K
  class space    used 8396K, capacity 9199K, committed 9216K, reserved 1048576K
}
{Heap before GC invocations=1037 (full 0):
 garbage-first heap   total 262144K, used 197638K [0x00000000f0000000, 0x00000000f0100800, 0x0000000100000000)
  region size 1024K, 153 young (156672K), 2 survivors (2048K)
 Metaspace       used 65139K, capacity 69848K, committed 69888K, reserved 1110016K
  class space    used 8396K, capacity 9199K, committed 9216K, reserved 1048576K
2022-09-12T02:30:47.650+0800: 610.568: [GC pause (G1 Evacuation Pause) (young) 193M->42593K(256M), 0.0052709 secs]
Heap after GC invocations=1038 (full 0):
 garbage-first heap   total 262144K, used 42593K [0x00000000f0000000, 0x00000000f0100800, 0x0000000100000000)
  region size 1024K, 2 young (2048K), 2 survivors (2048K)
 Metaspace       used 65139K, capacity 69848K, committed 69888K, reserved 1110016K
  class space    used 8396K, capacity 9199K, committed 9216K, reserved 1048576K
}
{Heap before GC invocations=1038 (full 0):
 garbage-first heap   total 262144K, used 197217K [0x00000000f0000000, 0x00000000f0100800, 0x0000000100000000)
  region size 1024K, 153 young (156672K), 2 survivors (2048K)
 Metaspace       used 65139K, capacity 69848K, committed 69888K, reserved 1110016K
  class space    used 8396K, capacity 9199K, committed 9216K, reserved 1048576K
2022-09-12T02:30:48.180+0800: 611.098: [GC pause (G1 Evacuation Pause) (young) 192M->42960K(256M), 0.0051781 secs]
Heap after GC invocations=1039 (full 0):
 garbage-first heap   total 262144K, used 42960K [0x00000000f0000000, 0x00000000f0100800, 0x0000000100000000)
  region size 1024K, 2 young (2048K), 2 survivors (2048K)
 Metaspace       used 65139K, capacity 69848K, committed 69888K, reserved 1110016K
  class space    used 8396K, capacity 9199K, committed 9216K, reserved 1048576K
}
{Heap before GC invocations=1039 (full 0):
 garbage-first heap   total 262144K, used 197584K [0x00000000f0000000, 0x00000000f0100800, 0x0000000100000000)
  region size 1024K, 153 young (156672K), 2 survivors (2048K)
 Metaspace       used 65139K, capacity 69848K, committed 69888K, reserved 1110016K
  class space    used 8396K, capacity 9199K, committed 9216K, reserved 1048576K
2022-09-12T02:30:48.716+0800: 611.634: [GC pause (G1 Evacuation Pause) (young) 192M->42993K(256M), 0.0052993 secs]
Heap after GC invocations=1040 (full 0):
 garbage-first heap   total 262144K, used 42993K [0x00000000f0000000, 0x00000000f0100800, 0x0000000100000000)
  region size 1024K, 2 young (2048K), 2 survivors (2048K)
 Metaspace       used 65139K, capacity 69848K, committed 69888K, reserved 1110016K
  class space    used 8396K, capacity 9199K, committed 9216K, reserved 1048576K
}
{Heap before GC invocations=1040 (full 0):
 garbage-first heap   total 262144K, used 197617K [0x00000000f0000000, 0x00000000f0100800, 0x0000000100000000)
  region size 1024K, 153 young (156672K), 2 survivors (2048K)
 Metaspace       used 65139K, capacity 69848K, committed 69888K, reserved 1110016K
  class space    used 8396K, capacity 9199K, committed 9216K, reserved 1048576K
2022-09-12T02:30:49.247+0800: 612.165: [GC pause (G1 Evacuation Pause) (young) 192M->42587K(256M), 0.0052943 secs]
Heap after GC invocations=1041 (full 0):
 garbage-first heap   total 262144K, used 42587K [0x00000000f0000000, 0x00000000f0100800, 0x0000000100000000)
  region size 1024K, 2 young (2048K), 2 survivors (2048K)
 Metaspace       used 65139K, capacity 69848K, committed 69888K, reserved 1110016K
  class space    used 8396K, capacity 9199K, committed 9216K, reserved 1048576K
}
{Heap before GC invocations=1041 (full 0):
 garbage-first heap   total 262144K, used 197211K [0x00000000f0000000, 0x00000000f0100800, 0x0000000100000000)
  region size 1024K, 153 young (156672K), 2 survivors (2048K)
 Metaspace       used 65139K, capacity 69848K, committed 69888K, reserved 1110016K
  class space    used 8396K, capacity 9199K, committed 9216K, reserved 1048576K
2022-09-12T02:30:49.779+0800: 612.697: [GC pause (G1 Evacuation Pause) (young) 192M->42961K(256M), 0.0050612 secs]
Heap after GC invocations=1042 (full 0):
 garbage-first heap   total 262144K, used 42961K [0x00000000f0000000, 0x00000000f0100800, 0x0000000100000000)
  region size 1024K, 2 young (2048K), 2 survivors (2048K)
 Metaspace       used 65139K, capacity 69848K, committed 69888K, reserved 1110016K
  class space    used 8396K, capacity 9199K, committed 9216K, reserved 1048576K
}
{Heap before GC invocations=1042 (full 0):
 garbage-first heap   total 262144K, used 197585K [0x00000000f0000000, 0x00000000f0100800, 0x0000000100000000)
  region size 1024K, 153 young (156672K), 2 survivors (2048K)
 Metaspace       used 65139K, capacity 69848K, committed 69888K, reserved 1110016K
  class space    used 8396K, capacity 9199K, committed 9216K, reserved 1048576K
2022-09-12T02:30:50.310+0800: 613.228: [GC pause (G1 Evacuation Pause) (young) 192M->43003K(256M), 0.0052528 secs]
Heap after GC invocations=1043 (full 0):
 garbage-first heap   total 262144K, used 43003K [0x00000000f0000000, 0x00000000f0100800, 0x0000000100000000)
  region size 1024K, 2 young (2048K), 2 survivors (2048K)
 Metaspace       used 65139K, capacity 69848K, committed 69888K, reserved 1110016K
  class space    used 8396K, capacity 9199K, committed 9216K, reserved 1048576K
}
{Heap before GC invocations=1043 (full 0):
 garbage-first heap   total 262144K, used 197627K [0x00000000f0000000, 0x00000000f0100800, 0x0000000100000000)
  region size 1024K, 153 young (156672K), 2 survivors (2048K)
 Metaspace       used 65139K, capacity 69848K, committed 69888K, reserved 1110016K
  class space    used 8396K, capacity 9199K, committed 9216K, reserved 1048576K
2022-09-12T02:30:50.846+0800: 613.763: [GC pause (G1 Evacuation Pause) (young) 192M->42742K(256M), 0.0052021 secs]
Heap after GC invocations=1044 (full 0):
 garbage-first heap   total 262144K, used 42742K [0x00000000f0000000, 0x00000000f0100800, 0x0000000100000000)
  region size 1024K, 2 young (2048K), 2 survivors (2048K)
 Metaspace       used 65139K, capacity 69848K, committed 69888K, reserved 1110016K
  class space    used 8396K, capacity 9199K, committed 9216K, reserved 1048576K
}
{Heap before GC invocations=1044 (full 0):
 garbage-first heap   total 262144K, used 197366K [0x00000000f0000000, 0x00000000f0100800, 0x0000000100000000)
  region size 1024K, 153 young (156672K), 2 survivors (2048K)
 Metaspace       used 65139K, capacity 69848K, committed 69888K, reserved 1110016K
  class space    used 8396K, capacity 9199K, committed 9216K, reserved 1048576K
2022-09-12T02:30:51.375+0800: 614.293: [GC pause (G1 Evacuation Pause) (young) 192M->42969K(256M), 0.0052785 secs]
Heap after GC invocations=1045 (full 0):
 garbage-first heap   total 262144K, used 42969K [0x00000000f0000000, 0x00000000f0100800, 0x0000000100000000)
  region size 1024K, 2 young (2048K), 2 survivors (2048K)
 Metaspace       used 65139K, capacity 69848K, committed 69888K, reserved 1110016K
  class space    used 8396K, capacity 9199K, committed 9216K, reserved 1048576K
}
{Heap before GC invocations=1045 (full 0):
 garbage-first heap   total 262144K, used 197593K [0x00000000f0000000, 0x00000000f0100800, 0x0000000100000000)
  region size 1024K, 153 young (156672K), 2 survivors (2048K)
 Metaspace       used 65139K, capacity 69848K, committed 69888K, reserved 1110016K
  class space    used 8396K, capacity 9199K, committed 9216K, reserved 1048576K
2022-09-12T02:30:51.904+0800: 614.822: [GC pause (G1 Evacuation Pause) (young) 192M->43032K(256M), 0.0052410 secs]
Heap after GC invocations=1046 (full 0):
 garbage-first heap   total 262144K, used 43032K [0x00000000f0000000, 0x00000000f0100800, 0x0000000100000000)
  region size 1024K, 2 young (2048K), 2 survivors (2048K)
 Metaspace       used 65139K, capacity 69848K, committed 69888K, reserved 1110016K
  class space    used 8396K, capacity 9199K, committed 9216K, reserved 1048576K
}
{Heap before GC invocations=1046 (full 0):
 garbage-first heap   total 262144K, used 197656K [0x00000000f0000000, 0x00000000f0100800, 0x0000000100000000)
  region size 1024K, 153 young (156672K), 2 survivors (2048K)
 Metaspace       used 65139K, capacity 69848K, committed 69888K, reserved 1110016K
  class space    used 8396K, capacity 9199K, committed 9216K, reserved 1048576K
2022-09-12T02:30:52.434+0800: 615.352: [GC pause (G1 Evacuation Pause) (young) 193M->42599K(256M), 0.0052515 secs]
Heap after GC invocations=1047 (full 0):
 garbage-first heap   total 262144K, used 42599K [0x00000000f0000000, 0x00000000f0100800, 0x0000000100000000)
  region size 1024K, 2 young (2048K), 2 survivors (2048K)
 Metaspace       used 65139K, capacity 69848K, committed 69888K, reserved 1110016K
  class space    used 8396K, capacity 9199K, committed 9216K, reserved 1048576K
}
{Heap before GC invocations=1047 (full 0):
 garbage-first heap   total 262144K, used 197223K [0x00000000f0000000, 0x00000000f0100800, 0x0000000100000000)
  region size 1024K, 153 young (156672K), 2 survivors (2048K)
 Metaspace       used 65139K, capacity 69848K, committed 69888K, reserved 1110016K
  class space    used 8396K, capacity 9199K, committed 9216K, reserved 1048576K
2022-09-12T02:30:52.964+0800: 615.882: [GC pause (G1 Evacuation Pause) (young) 192M->42948K(256M), 0.0050773 secs]
Heap after GC invocations=1048 (full 0):
 garbage-first heap   total 262144K, used 42948K [0x00000000f0000000, 0x00000000f0100800, 0x0000000100000000)
  region size 1024K, 2 young (2048K), 2 survivors (2048K)
 Metaspace       used 65139K, capacity 69848K, committed 69888K, reserved 1110016K
  class space    used 8396K, capacity 9199K, committed 9216K, reserved 1048576K
}
{Heap before GC invocations=1048 (full 0):
 garbage-first heap   total 262144K, used 197572K [0x00000000f0000000, 0x00000000f0100800, 0x0000000100000000)
  region size 1024K, 153 young (156672K), 2 survivors (2048K)
 Metaspace       used 65139K, capacity 69848K, committed 69888K, reserved 1110016K
  class space    used 8396K, capacity 9199K, committed 9216K, reserved 1048576K
2022-09-12T02:30:53.498+0800: 616.415: [GC pause (G1 Evacuation Pause) (young) 192M->43009K(256M), 0.0051782 secs]
Heap after GC invocations=1049 (full 0):
 garbage-first heap   total 262144K, used 43009K [0x00000000f0000000, 0x00000000f0100800, 0x0000000100000000)
  region size 1024K, 2 young (2048K), 2 survivors (2048K)
 Metaspace       used 65139K, capacity 69848K, committed 69888K, reserved 1110016K
  class space    used 8396K, capacity 9199K, committed 9216K, reserved 1048576K
}
{Heap before GC invocations=1049 (full 0):
 garbage-first heap   total 262144K, used 197633K [0x00000000f0000000, 0x00000000f0100800, 0x0000000100000000)
  region size 1024K, 153 young (156672K), 2 survivors (2048K)
 Metaspace       used 65139K, capacity 69848K, committed 69888K, reserved 1110016K
  class space    used 8396K, capacity 9199K, committed 9216K, reserved 1048576K
2022-09-12T02:30:54.027+0800: 616.945: [GC pause (G1 Evacuation Pause) (young) 193M->42599K(256M), 0.0051290 secs]
Heap after GC invocations=1050 (full 0):
 garbage-first heap   total 262144K, used 42599K [0x00000000f0000000, 0x00000000f0100800, 0x0000000100000000)
  region size 1024K, 2 young (2048K), 2 survivors (2048K)
 Metaspace       used 65139K, capacity 69848K, committed 69888K, reserved 1110016K
  class space    used 8396K, capacity 9199K, committed 9216K, reserved 1048576K
}
{Heap before GC invocations=1050 (full 0):
 garbage-first heap   total 262144K, used 197223K [0x00000000f0000000, 0x00000000f0100800, 0x0000000100000000)
  region size 1024K, 153 young (156672K), 2 survivors (2048K)
 Metaspace       used 65139K, capacity 69848K, committed 69888K, reserved 1110016K
  class space    used 8396K, capacity 9199K, committed 9216K, reserved 1048576K
2022-09-12T02:30:54.561+0800: 617.479: [GC pause (G1 Evacuation Pause) (young) 192M->42962K(256M), 0.0057919 secs]
Heap after GC invocations=1051 (full 0):
 garbage-first heap   total 262144K, used 42962K [0x00000000f0000000, 0x00000000f0100800, 0x0000000100000000)
  region size 1024K, 2 young (2048K), 2 survivors (2048K)
 Metaspace       used 65139K, capacity 69848K, committed 69888K, reserved 1110016K
  class space    used 8396K, capacity 9199K, committed 9216K, reserved 1048576K
}
{Heap before GC invocations=1051 (full 0):
 garbage-first heap   total 262144K, used 197586K [0x00000000f0000000, 0x00000000f0100800, 0x0000000100000000)
  region size 1024K, 153 young (156672K), 2 survivors (2048K)
 Metaspace       used 65139K, capacity 69848K, committed 69888K, reserved 1110016K
  class space    used 8396K, capacity 9199K, committed 9216K, reserved 1048576K
2022-09-12T02:30:55.095+0800: 618.013: [GC pause (G1 Evacuation Pause) (young) 192M->43027K(256M), 0.0051198 secs]
Heap after GC invocations=1052 (full 0):
 garbage-first heap   total 262144K, used 43027K [0x00000000f0000000, 0x00000000f0100800, 0x0000000100000000)
  region size 1024K, 2 young (2048K), 2 survivors (2048K)
 Metaspace       used 65139K, capacity 69848K, committed 69888K, reserved 1110016K
  class space    used 8396K, capacity 9199K, committed 9216K, reserved 1048576K
}
{Heap before GC invocations=1052 (full 0):
 garbage-first heap   total 262144K, used 197651K [0x00000000f0000000, 0x00000000f0100800, 0x0000000100000000)
  region size 1024K, 153 young (156672K), 2 survivors (2048K)
 Metaspace       used 65139K, capacity 69848K, committed 69888K, reserved 1110016K
  class space    used 8396K, capacity 9199K, committed 9216K, reserved 1048576K
2022-09-12T02:30:55.629+0800: 618.547: [GC pause (G1 Evacuation Pause) (young) 193M->42591K(256M), 0.0051975 secs]
Heap after GC invocations=1053 (full 0):
 garbage-first heap   total 262144K, used 42591K [0x00000000f0000000, 0x00000000f0100800, 0x0000000100000000)
  region size 1024K, 2 young (2048K), 2 survivors (2048K)
 Metaspace       used 65139K, capacity 69848K, committed 69888K, reserved 1110016K
  class space    used 8396K, capacity 9199K, committed 9216K, reserved 1048576K
}
{Heap before GC invocations=1053 (full 0):
 garbage-first heap   total 262144K, used 197215K [0x00000000f0000000, 0x00000000f0100800, 0x0000000100000000)
  region size 1024K, 153 young (156672K), 2 survivors (2048K)
 Metaspace       used 65139K, capacity 69848K, committed 69888K, reserved 1110016K
  class space    used 8396K, capacity 9199K, committed 9216K, reserved 1048576K
2022-09-12T02:30:56.159+0800: 619.077: [GC pause (G1 Evacuation Pause) (young) 192M->42965K(256M), 0.0052644 secs]
Heap after GC invocations=1054 (full 0):
 garbage-first heap   total 262144K, used 42965K [0x00000000f0000000, 0x00000000f0100800, 0x0000000100000000)
  region size 1024K, 2 young (2048K), 2 survivors (2048K)
 Metaspace       used 65139K, capacity 69848K, committed 69888K, reserved 1110016K
  class space    used 8396K, capacity 9199K, committed 9216K, reserved 1048576K
}
{Heap before GC invocations=1054 (full 0):
 garbage-first heap   total 262144K, used 197589K [0x00000000f0000000, 0x00000000f0100800, 0x0000000100000000)
  region size 1024K, 153 young (156672K), 2 survivors (2048K)
 Metaspace       used 65139K, capacity 69848K, committed 69888K, reserved 1110016K
  class space    used 8396K, capacity 9199K, committed 9216K, reserved 1048576K
2022-09-12T02:30:56.687+0800: 619.605: [GC pause (G1 Evacuation Pause) (young) 192M->43022K(256M), 0.0051020 secs]
Heap after GC invocations=1055 (full 0):
 garbage-first heap   total 262144K, used 43022K [0x00000000f0000000, 0x00000000f0100800, 0x0000000100000000)
  region size 1024K, 2 young (2048K), 2 survivors (2048K)
 Metaspace       used 65139K, capacity 69848K, committed 69888K, reserved 1110016K
  class space    used 8396K, capacity 9199K, committed 9216K, reserved 1048576K
}
{Heap before GC invocations=1055 (full 0):
 garbage-first heap   total 262144K, used 197646K [0x00000000f0000000, 0x00000000f0100800, 0x0000000100000000)
  region size 1024K, 153 young (156672K), 2 survivors (2048K)
 Metaspace       used 65139K, capacity 69848K, committed 69888K, reserved 1110016K
  class space    used 8396K, capacity 9199K, committed 9216K, reserved 1048576K
2022-09-12T02:30:57.216+0800: 620.134: [GC pause (G1 Evacuation Pause) (young) 193M->42593K(256M), 0.0053251 secs]
Heap after GC invocations=1056 (full 0):
 garbage-first heap   total 262144K, used 42593K [0x00000000f0000000, 0x00000000f0100800, 0x0000000100000000)
  region size 1024K, 2 young (2048K), 2 survivors (2048K)
 Metaspace       used 65139K, capacity 69848K, committed 69888K, reserved 1110016K
  class space    used 8396K, capacity 9199K, committed 9216K, reserved 1048576K
}
{Heap before GC invocations=1056 (full 0):
 garbage-first heap   total 262144K, used 197217K [0x00000000f0000000, 0x00000000f0100800, 0x0000000100000000)
  region size 1024K, 153 young (156672K), 2 survivors (2048K)
 Metaspace       used 65139K, capacity 69848K, committed 69888K, reserved 1110016K
  class space    used 8396K, capacity 9199K, committed 9216K, reserved 1048576K
2022-09-12T02:30:57.747+0800: 620.665: [GC pause (G1 Evacuation Pause) (young) 192M->42970K(256M), 0.0051388 secs]
Heap after GC invocations=1057 (full 0):
 garbage-first heap   total 262144K, used 42970K [0x00000000f0000000, 0x00000000f0100800, 0x0000000100000000)
  region size 1024K, 2 young (2048K), 2 survivors (2048K)
 Metaspace       used 65139K, capacity 69848K, committed 69888K, reserved 1110016K
  class space    used 8396K, capacity 9199K, committed 9216K, reserved 1048576K
}
{Heap before GC invocations=1057 (full 0):
 garbage-first heap   total 262144K, used 197594K [0x00000000f0000000, 0x00000000f0100800, 0x0000000100000000)
  region size 1024K, 153 young (156672K), 2 survivors (2048K)
 Metaspace       used 65139K, capacity 69848K, committed 69888K, reserved 1110016K
  class space    used 8396K, capacity 9199K, committed 9216K, reserved 1048576K
2022-09-12T02:30:58.281+0800: 621.199: [GC pause (G1 Evacuation Pause) (young) 192M->43012K(256M), 0.0051777 secs]
Heap after GC invocations=1058 (full 0):
 garbage-first heap   total 262144K, used 43012K [0x00000000f0000000, 0x00000000f0100800, 0x0000000100000000)
  region size 1024K, 2 young (2048K), 2 survivors (2048K)
 Metaspace       used 65139K, capacity 69848K, committed 69888K, reserved 1110016K
  class space    used 8396K, capacity 9199K, committed 9216K, reserved 1048576K
}
{Heap before GC invocations=1058 (full 0):
 garbage-first heap   total 262144K, used 197636K [0x00000000f0000000, 0x00000000f0100800, 0x0000000100000000)
  region size 1024K, 153 young (156672K), 2 survivors (2048K)
 Metaspace       used 65139K, capacity 69848K, committed 69888K, reserved 1110016K
  class space    used 8396K, capacity 9199K, committed 9216K, reserved 1048576K
2022-09-12T02:30:58.811+0800: 621.728: [GC pause (G1 Evacuation Pause) (young) 193M->43042K(256M), 0.0052767 secs]
Heap after GC invocations=1059 (full 0):
 garbage-first heap   total 262144K, used 43042K [0x00000000f0000000, 0x00000000f0100800, 0x0000000100000000)
  region size 1024K, 2 young (2048K), 2 survivors (2048K)
 Metaspace       used 65139K, capacity 69848K, committed 69888K, reserved 1110016K
  class space    used 8396K, capacity 9199K, committed 9216K, reserved 1048576K
}
{Heap before GC invocations=1059 (full 0):
 garbage-first heap   total 262144K, used 197666K [0x00000000f0000000, 0x00000000f0100800, 0x0000000100000000)
  region size 1024K, 153 young (156672K), 2 survivors (2048K)
 Metaspace       used 65139K, capacity 69848K, committed 69888K, reserved 1110016K
  class space    used 8396K, capacity 9199K, committed 9216K, reserved 1048576K
2022-09-12T02:30:59.340+0800: 622.258: [GC pause (G1 Evacuation Pause) (young) 193M->42605K(256M), 0.0052441 secs]
Heap after GC invocations=1060 (full 0):
 garbage-first heap   total 262144K, used 42605K [0x00000000f0000000, 0x00000000f0100800, 0x0000000100000000)
  region size 1024K, 2 young (2048K), 2 survivors (2048K)
 Metaspace       used 65139K, capacity 69848K, committed 69888K, reserved 1110016K
  class space    used 8396K, capacity 9199K, committed 9216K, reserved 1048576K
}
{Heap before GC invocations=1060 (full 0):
 garbage-first heap   total 262144K, used 197229K [0x00000000f0000000, 0x00000000f0100800, 0x0000000100000000)
  region size 1024K, 153 young (156672K), 2 survivors (2048K)
 Metaspace       used 65139K, capacity 69848K, committed 69888K, reserved 1110016K
  class space    used 8396K, capacity 9199K, committed 9216K, reserved 1048576K
2022-09-12T02:30:59.872+0800: 622.790: [GC pause (G1 Evacuation Pause) (young) 192M->42965K(256M), 0.0052499 secs]
Heap after GC invocations=1061 (full 0):
 garbage-first heap   total 262144K, used 42965K [0x00000000f0000000, 0x00000000f0100800, 0x0000000100000000)
  region size 1024K, 2 young (2048K), 2 survivors (2048K)
 Metaspace       used 65139K, capacity 69848K, committed 69888K, reserved 1110016K
  class space    used 8396K, capacity 9199K, committed 9216K, reserved 1048576K
}
{Heap before GC invocations=1061 (full 0):
 garbage-first heap   total 262144K, used 197589K [0x00000000f0000000, 0x00000000f0100800, 0x0000000100000000)
  region size 1024K, 153 young (156672K), 2 survivors (2048K)
 Metaspace       used 65139K, capacity 69848K, committed 69888K, reserved 1110016K
  class space    used 8396K, capacity 9199K, committed 9216K, reserved 1048576K
2022-09-12T02:31:00.410+0800: 623.328: [GC pause (G1 Evacuation Pause) (young) 192M->43023K(256M), 0.0053401 secs]
Heap after GC invocations=1062 (full 0):
 garbage-first heap   total 262144K, used 43023K [0x00000000f0000000, 0x00000000f0100800, 0x0000000100000000)
  region size 1024K, 2 young (2048K), 2 survivors (2048K)
 Metaspace       used 65139K, capacity 69848K, committed 69888K, reserved 1110016K
  class space    used 8396K, capacity 9199K, committed 9216K, reserved 1048576K
}
{Heap before GC invocations=1062 (full 0):
 garbage-first heap   total 262144K, used 197647K [0x00000000f0000000, 0x00000000f0100800, 0x0000000100000000)
  region size 1024K, 153 young (156672K), 2 survivors (2048K)
 Metaspace       used 65139K, capacity 69848K, committed 69888K, reserved 1110016K
  class space    used 8396K, capacity 9199K, committed 9216K, reserved 1048576K
2022-09-12T02:31:00.940+0800: 623.858: [GC pause (G1 Evacuation Pause) (young) 193M->42597K(256M), 0.0051574 secs]
Heap after GC invocations=1063 (full 0):
 garbage-first heap   total 262144K, used 42597K [0x00000000f0000000, 0x00000000f0100800, 0x0000000100000000)
  region size 1024K, 2 young (2048K), 2 survivors (2048K)
 Metaspace       used 65139K, capacity 69848K, committed 69888K, reserved 1110016K
  class space    used 8396K, capacity 9199K, committed 9216K, reserved 1048576K
}
{Heap before GC invocations=1063 (full 0):
 garbage-first heap   total 262144K, used 197221K [0x00000000f0000000, 0x00000000f0100800, 0x0000000100000000)
  region size 1024K, 153 young (156672K), 2 survivors (2048K)
 Metaspace       used 65139K, capacity 69848K, committed 69888K, reserved 1110016K
  class space    used 8396K, capacity 9199K, committed 9216K, reserved 1048576K
2022-09-12T02:31:01.488+0800: 624.406: [GC pause (G1 Evacuation Pause) (young) 192M->42958K(256M), 0.0050943 secs]
Heap after GC invocations=1064 (full 0):
 garbage-first heap   total 262144K, used 42958K [0x00000000f0000000, 0x00000000f0100800, 0x0000000100000000)
  region size 1024K, 2 young (2048K), 2 survivors (2048K)
 Metaspace       used 65139K, capacity 69848K, committed 69888K, reserved 1110016K
  class space    used 8396K, capacity 9199K, committed 9216K, reserved 1048576K
}
{Heap before GC invocations=1064 (full 0):
 garbage-first heap   total 262144K, used 197582K [0x00000000f0000000, 0x00000000f0100800, 0x0000000100000000)
  region size 1024K, 153 young (156672K), 2 survivors (2048K)
 Metaspace       used 65139K, capacity 69848K, committed 69888K, reserved 1110016K
  class space    used 8396K, capacity 9199K, committed 9216K, reserved 1048576K
2022-09-12T02:31:02.017+0800: 624.935: [GC pause (G1 Evacuation Pause) (young) 192M->43002K(256M), 0.0052216 secs]
Heap after GC invocations=1065 (full 0):
 garbage-first heap   total 262144K, used 43002K [0x00000000f0000000, 0x00000000f0100800, 0x0000000100000000)
  region size 1024K, 2 young (2048K), 2 survivors (2048K)
 Metaspace       used 65139K, capacity 69848K, committed 69888K, reserved 1110016K
  class space    used 8396K, capacity 9199K, committed 9216K, reserved 1048576K
}
{Heap before GC invocations=1065 (full 0):
 garbage-first heap   total 262144K, used 197626K [0x00000000f0000000, 0x00000000f0100800, 0x0000000100000000)
  region size 1024K, 153 young (156672K), 2 survivors (2048K)
 Metaspace       used 65139K, capacity 69848K, committed 69888K, reserved 1110016K
  class space    used 8396K, capacity 9199K, committed 9216K, reserved 1048576K
2022-09-12T02:31:02.548+0800: 625.466: [GC pause (G1 Evacuation Pause) (young) 192M->42599K(256M), 0.0053593 secs]
Heap after GC invocations=1066 (full 0):
 garbage-first heap   total 262144K, used 42599K [0x00000000f0000000, 0x00000000f0100800, 0x0000000100000000)
  region size 1024K, 2 young (2048K), 2 survivors (2048K)
 Metaspace       used 65139K, capacity 69848K, committed 69888K, reserved 1110016K
  class space    used 8396K, capacity 9199K, committed 9216K, reserved 1048576K
}
{Heap before GC invocations=1066 (full 0):
 garbage-first heap   total 262144K, used 197223K [0x00000000f0000000, 0x00000000f0100800, 0x0000000100000000)
  region size 1024K, 153 young (156672K), 2 survivors (2048K)
 Metaspace       used 65139K, capacity 69848K, committed 69888K, reserved 1110016K
  class space    used 8396K, capacity 9199K, committed 9216K, reserved 1048576K
2022-09-12T02:31:03.092+0800: 626.009: [GC pause (G1 Evacuation Pause) (young) 192M->42965K(256M), 0.0051935 secs]
Heap after GC invocations=1067 (full 0):
 garbage-first heap   total 262144K, used 42965K [0x00000000f0000000, 0x00000000f0100800, 0x0000000100000000)
  region size 1024K, 2 young (2048K), 2 survivors (2048K)
 Metaspace       used 65139K, capacity 69848K, committed 69888K, reserved 1110016K
  class space    used 8396K, capacity 9199K, committed 9216K, reserved 1048576K
}
{Heap before GC invocations=1067 (full 0):
 garbage-first heap   total 262144K, used 197589K [0x00000000f0000000, 0x00000000f0100800, 0x0000000100000000)
  region size 1024K, 153 young (156672K), 2 survivors (2048K)
 Metaspace       used 65139K, capacity 69848K, committed 69888K, reserved 1110016K
  class space    used 8396K, capacity 9199K, committed 9216K, reserved 1048576K
2022-09-12T02:31:03.622+0800: 626.540: [GC pause (G1 Evacuation Pause) (young) 192M->43021K(256M), 0.0051551 secs]
Heap after GC invocations=1068 (full 0):
 garbage-first heap   total 262144K, used 43021K [0x00000000f0000000, 0x00000000f0100800, 0x0000000100000000)
  region size 1024K, 2 young (2048K), 2 survivors (2048K)
 Metaspace       used 65139K, capacity 69848K, committed 69888K, reserved 1110016K
  class space    used 8396K, capacity 9199K, committed 9216K, reserved 1048576K
}
{Heap before GC invocations=1068 (full 0):
 garbage-first heap   total 262144K, used 197645K [0x00000000f0000000, 0x00000000f0100800, 0x0000000100000000)
  region size 1024K, 153 young (156672K), 2 survivors (2048K)
 Metaspace       used 65139K, capacity 69848K, committed 69888K, reserved 1110016K
  class space    used 8396K, capacity 9199K, committed 9216K, reserved 1048576K
2022-09-12T02:31:04.154+0800: 627.072: [GC pause (G1 Evacuation Pause) (young) 193M->42604K(256M), 0.0050205 secs]
Heap after GC invocations=1069 (full 0):
 garbage-first heap   total 262144K, used 42604K [0x00000000f0000000, 0x00000000f0100800, 0x0000000100000000)
  region size 1024K, 2 young (2048K), 2 survivors (2048K)
 Metaspace       used 65139K, capacity 69848K, committed 69888K, reserved 1110016K
  class space    used 8396K, capacity 9199K, committed 9216K, reserved 1048576K
}
{Heap before GC invocations=1069 (full 0):
 garbage-first heap   total 262144K, used 197228K [0x00000000f0000000, 0x00000000f0100800, 0x0000000100000000)
  region size 1024K, 153 young (156672K), 2 survivors (2048K)
 Metaspace       used 65139K, capacity 69848K, committed 69888K, reserved 1110016K
  class space    used 8396K, capacity 9199K, committed 9216K, reserved 1048576K
2022-09-12T02:31:04.686+0800: 627.604: [GC pause (G1 Evacuation Pause) (young) 192M->42956K(256M), 0.0052296 secs]
Heap after GC invocations=1070 (full 0):
 garbage-first heap   total 262144K, used 42956K [0x00000000f0000000, 0x00000000f0100800, 0x0000000100000000)
  region size 1024K, 2 young (2048K), 2 survivors (2048K)
 Metaspace       used 65139K, capacity 69848K, committed 69888K, reserved 1110016K
  class space    used 8396K, capacity 9199K, committed 9216K, reserved 1048576K
}
{Heap before GC invocations=1070 (full 0):
 garbage-first heap   total 262144K, used 197580K [0x00000000f0000000, 0x00000000f0100800, 0x0000000100000000)
  region size 1024K, 153 young (156672K), 2 survivors (2048K)
 Metaspace       used 65139K, capacity 69848K, committed 69888K, reserved 1110016K
  class space    used 8396K, capacity 9199K, committed 9216K, reserved 1048576K
2022-09-12T02:31:05.221+0800: 628.138: [GC pause (G1 Evacuation Pause) (young) 192M->43027K(256M), 0.0051722 secs]
Heap after GC invocations=1071 (full 0):
 garbage-first heap   total 262144K, used 43027K [0x00000000f0000000, 0x00000000f0100800, 0x0000000100000000)
  region size 1024K, 2 young (2048K), 2 survivors (2048K)
 Metaspace       used 65139K, capacity 69848K, committed 69888K, reserved 1110016K
  class space    used 8396K, capacity 9199K, committed 9216K, reserved 1048576K
}
{Heap before GC invocations=1071 (full 0):
 garbage-first heap   total 262144K, used 197651K [0x00000000f0000000, 0x00000000f0100800, 0x0000000100000000)
  region size 1024K, 153 young (156672K), 2 survivors (2048K)
 Metaspace       used 65139K, capacity 69848K, committed 69888K, reserved 1110016K
  class space    used 8396K, capacity 9199K, committed 9216K, reserved 1048576K
2022-09-12T02:31:05.756+0800: 628.674: [GC pause (G1 Evacuation Pause) (young) 193M->42606K(256M), 0.0051844 secs]
Heap after GC invocations=1072 (full 0):
 garbage-first heap   total 262144K, used 42606K [0x00000000f0000000, 0x00000000f0100800, 0x0000000100000000)
  region size 1024K, 2 young (2048K), 2 survivors (2048K)
 Metaspace       used 65139K, capacity 69848K, committed 69888K, reserved 1110016K
  class space    used 8396K, capacity 9199K, committed 9216K, reserved 1048576K
}
{Heap before GC invocations=1072 (full 0):
 garbage-first heap   total 262144K, used 197230K [0x00000000f0000000, 0x00000000f0100800, 0x0000000100000000)
  region size 1024K, 153 young (156672K), 2 survivors (2048K)
 Metaspace       used 65139K, capacity 69848K, committed 69888K, reserved 1110016K
  class space    used 8396K, capacity 9199K, committed 9216K, reserved 1048576K
2022-09-12T02:31:06.292+0800: 629.210: [GC pause (G1 Evacuation Pause) (young) 192M->42975K(256M), 0.0051944 secs]
Heap after GC invocations=1073 (full 0):
 garbage-first heap   total 262144K, used 42975K [0x00000000f0000000, 0x00000000f0100800, 0x0000000100000000)
  region size 1024K, 2 young (2048K), 2 survivors (2048K)
 Metaspace       used 65139K, capacity 69848K, committed 69888K, reserved 1110016K
  class space    used 8396K, capacity 9199K, committed 9216K, reserved 1048576K
}
{Heap before GC invocations=1073 (full 0):
 garbage-first heap   total 262144K, used 197599K [0x00000000f0000000, 0x00000000f0100800, 0x0000000100000000)
  region size 1024K, 153 young (156672K), 2 survivors (2048K)
 Metaspace       used 65139K, capacity 69848K, committed 69888K, reserved 1110016K
  class space    used 8396K, capacity 9199K, committed 9216K, reserved 1048576K
2022-09-12T02:31:06.821+0800: 629.739: [GC pause (G1 Evacuation Pause) (young) 192M->43034K(256M), 0.0051368 secs]
Heap after GC invocations=1074 (full 0):
 garbage-first heap   total 262144K, used 43034K [0x00000000f0000000, 0x00000000f0100800, 0x0000000100000000)
  region size 1024K, 2 young (2048K), 2 survivors (2048K)
 Metaspace       used 65139K, capacity 69848K, committed 69888K, reserved 1110016K
  class space    used 8396K, capacity 9199K, committed 9216K, reserved 1048576K
}
{Heap before GC invocations=1074 (full 0):
 garbage-first heap   total 262144K, used 197658K [0x00000000f0000000, 0x00000000f0100800, 0x0000000100000000)
  region size 1024K, 153 young (156672K), 2 survivors (2048K)
 Metaspace       used 65139K, capacity 69848K, committed 69888K, reserved 1110016K
  class space    used 8396K, capacity 9199K, committed 9216K, reserved 1048576K
2022-09-12T02:31:07.352+0800: 630.270: [GC pause (G1 Evacuation Pause) (young) 193M->42605K(256M), 0.0051564 secs]
Heap after GC invocations=1075 (full 0):
 garbage-first heap   total 262144K, used 42605K [0x00000000f0000000, 0x00000000f0100800, 0x0000000100000000)
  region size 1024K, 2 young (2048K), 2 survivors (2048K)
 Metaspace       used 65139K, capacity 69848K, committed 69888K, reserved 1110016K
  class space    used 8396K, capacity 9199K, committed 9216K, reserved 1048576K
}
{Heap before GC invocations=1075 (full 0):
 garbage-first heap   total 262144K, used 197229K [0x00000000f0000000, 0x00000000f0100800, 0x0000000100000000)
  region size 1024K, 153 young (156672K), 2 survivors (2048K)
 Metaspace       used 65139K, capacity 69848K, committed 69888K, reserved 1110016K
  class space    used 8396K, capacity 9199K, committed 9216K, reserved 1048576K
2022-09-12T02:31:07.890+0800: 630.808: [GC pause (G1 Evacuation Pause) (young) 192M->42158K(256M), 0.0041130 secs]
Heap after GC invocations=1076 (full 0):
 garbage-first heap   total 262144K, used 42158K [0x00000000f0000000, 0x00000000f0100800, 0x0000000100000000)
  region size 1024K, 1 young (1024K), 1 survivors (1024K)
 Metaspace       used 65139K, capacity 69848K, committed 69888K, reserved 1110016K
  class space    used 8396K, capacity 9199K, committed 9216K, reserved 1048576K
}
{Heap before GC invocations=1076 (full 0):
 garbage-first heap   total 262144K, used 197806K [0x00000000f0000000, 0x00000000f0100800, 0x0000000100000000)
  region size 1024K, 153 young (156672K), 1 survivors (1024K)
 Metaspace       used 65139K, capacity 69848K, committed 69888K, reserved 1110016K
  class space    used 8396K, capacity 9199K, committed 9216K, reserved 1048576K
2022-09-12T02:31:08.416+0800: 631.334: [GC pause (G1 Evacuation Pause) (young) 193M->42448K(256M), 0.0052564 secs]
Heap after GC invocations=1077 (full 0):
 garbage-first heap   total 262144K, used 42448K [0x00000000f0000000, 0x00000000f0100800, 0x0000000100000000)
  region size 1024K, 2 young (2048K), 2 survivors (2048K)
 Metaspace       used 65139K, capacity 69848K, committed 69888K, reserved 1110016K
  class space    used 8396K, capacity 9199K, committed 9216K, reserved 1048576K
}
{Heap before GC invocations=1077 (full 0):
 garbage-first heap   total 262144K, used 197072K [0x00000000f0000000, 0x00000000f0100800, 0x0000000100000000)
  region size 1024K, 153 young (156672K), 2 survivors (2048K)
 Metaspace       used 65139K, capacity 69848K, committed 69888K, reserved 1110016K
  class space    used 8396K, capacity 9199K, committed 9216K, reserved 1048576K
2022-09-12T02:31:08.945+0800: 631.863: [GC pause (G1 Evacuation Pause) (young) 192M->42698K(256M), 0.0052201 secs]
Heap after GC invocations=1078 (full 0):
 garbage-first heap   total 262144K, used 42698K [0x00000000f0000000, 0x00000000f0100800, 0x0000000100000000)
  region size 1024K, 2 young (2048K), 2 survivors (2048K)
 Metaspace       used 65139K, capacity 69848K, committed 69888K, reserved 1110016K
  class space    used 8396K, capacity 9199K, committed 9216K, reserved 1048576K
}
{Heap before GC invocations=1078 (full 0):
 garbage-first heap   total 262144K, used 197322K [0x00000000f0000000, 0x00000000f0100800, 0x0000000100000000)
  region size 1024K, 153 young (156672K), 2 survivors (2048K)
 Metaspace       used 65139K, capacity 69848K, committed 69888K, reserved 1110016K
  class space    used 8396K, capacity 9199K, committed 9216K, reserved 1048576K
2022-09-12T02:31:09.474+0800: 632.392: [GC pause (G1 Evacuation Pause) (young) 192M->43010K(256M), 0.0050947 secs]
Heap after GC invocations=1079 (full 0):
 garbage-first heap   total 262144K, used 43010K [0x00000000f0000000, 0x00000000f0100800, 0x0000000100000000)
  region size 1024K, 2 young (2048K), 2 survivors (2048K)
 Metaspace       used 65139K, capacity 69848K, committed 69888K, reserved 1110016K
  class space    used 8396K, capacity 9199K, committed 9216K, reserved 1048576K
}
{Heap before GC invocations=1079 (full 0):
 garbage-first heap   total 262144K, used 197634K [0x00000000f0000000, 0x00000000f0100800, 0x0000000100000000)
  region size 1024K, 153 young (156672K), 2 survivors (2048K)
 Metaspace       used 65139K, capacity 69848K, committed 69888K, reserved 1110016K
  class space    used 8396K, capacity 9199K, committed 9216K, reserved 1048576K
2022-09-12T02:31:10.004+0800: 632.921: [GC pause (G1 Evacuation Pause) (young) 193M->42601K(256M), 0.0053212 secs]
Heap after GC invocations=1080 (full 0):
 garbage-first heap   total 262144K, used 42601K [0x00000000f0000000, 0x00000000f0100800, 0x0000000100000000)
  region size 1024K, 2 young (2048K), 2 survivors (2048K)
 Metaspace       used 65139K, capacity 69848K, committed 69888K, reserved 1110016K
  class space    used 8396K, capacity 9199K, committed 9216K, reserved 1048576K
}
{Heap before GC invocations=1080 (full 0):
 garbage-first heap   total 262144K, used 197225K [0x00000000f0000000, 0x00000000f0100800, 0x0000000100000000)
  region size 1024K, 153 young (156672K), 2 survivors (2048K)
 Metaspace       used 65139K, capacity 69848K, committed 69888K, reserved 1110016K
  class space    used 8396K, capacity 9199K, committed 9216K, reserved 1048576K
2022-09-12T02:31:10.537+0800: 633.455: [GC pause (G1 Evacuation Pause) (young) 192M->42954K(256M), 0.0052833 secs]
Heap after GC invocations=1081 (full 0):
 garbage-first heap   total 262144K, used 42954K [0x00000000f0000000, 0x00000000f0100800, 0x0000000100000000)
  region size 1024K, 2 young (2048K), 2 survivors (2048K)
 Metaspace       used 65139K, capacity 69848K, committed 69888K, reserved 1110016K
  class space    used 8396K, capacity 9199K, committed 9216K, reserved 1048576K
}
{Heap before GC invocations=1081 (full 0):
 garbage-first heap   total 262144K, used 197578K [0x00000000f0000000, 0x00000000f0100800, 0x0000000100000000)
  region size 1024K, 153 young (156672K), 2 survivors (2048K)
 Metaspace       used 65139K, capacity 69848K, committed 69888K, reserved 1110016K
  class space    used 8396K, capacity 9199K, committed 9216K, reserved 1048576K
2022-09-12T02:31:11.081+0800: 633.999: [GC pause (G1 Evacuation Pause) (young) 192M->42244K(256M), 0.0042070 secs]
Heap after GC invocations=1082 (full 0):
 garbage-first heap   total 262144K, used 42244K [0x00000000f0000000, 0x00000000f0100800, 0x0000000100000000)
  region size 1024K, 1 young (1024K), 1 survivors (1024K)
 Metaspace       used 65139K, capacity 69848K, committed 69888K, reserved 1110016K
  class space    used 8396K, capacity 9199K, committed 9216K, reserved 1048576K
}
{Heap before GC invocations=1082 (full 0):
 garbage-first heap   total 262144K, used 197892K [0x00000000f0000000, 0x00000000f0100800, 0x0000000100000000)
  region size 1024K, 153 young (156672K), 1 survivors (1024K)
 Metaspace       used 65140K, capacity 69848K, committed 69888K, reserved 1110016K
  class space    used 8396K, capacity 9199K, committed 9216K, reserved 1048576K
2022-09-12T02:31:11.609+0800: 634.526: [GC pause (G1 Evacuation Pause) (young) 193M->42398K(256M), 0.0053098 secs]
Heap after GC invocations=1083 (full 0):
 garbage-first heap   total 262144K, used 42398K [0x00000000f0000000, 0x00000000f0100800, 0x0000000100000000)
  region size 1024K, 2 young (2048K), 2 survivors (2048K)
 Metaspace       used 65140K, capacity 69848K, committed 69888K, reserved 1110016K
  class space    used 8396K, capacity 9199K, committed 9216K, reserved 1048576K
}
{Heap before GC invocations=1083 (full 0):
 garbage-first heap   total 262144K, used 197022K [0x00000000f0000000, 0x00000000f0100800, 0x0000000100000000)
  region size 1024K, 153 young (156672K), 2 survivors (2048K)
 Metaspace       used 65140K, capacity 69848K, committed 69888K, reserved 1110016K
  class space    used 8396K, capacity 9199K, committed 9216K, reserved 1048576K
2022-09-12T02:31:12.143+0800: 635.061: [GC pause (G1 Evacuation Pause) (young) 192M->42932K(256M), 0.0051651 secs]
Heap after GC invocations=1084 (full 0):
 garbage-first heap   total 262144K, used 42932K [0x00000000f0000000, 0x00000000f0100800, 0x0000000100000000)
  region size 1024K, 2 young (2048K), 2 survivors (2048K)
 Metaspace       used 65140K, capacity 69848K, committed 69888K, reserved 1110016K
  class space    used 8396K, capacity 9199K, committed 9216K, reserved 1048576K
}
{Heap before GC invocations=1084 (full 0):
 garbage-first heap   total 262144K, used 197556K [0x00000000f0000000, 0x00000000f0100800, 0x0000000100000000)
  region size 1024K, 153 young (156672K), 2 survivors (2048K)
 Metaspace       used 65140K, capacity 69848K, committed 69888K, reserved 1110016K
  class space    used 8396K, capacity 9199K, committed 9216K, reserved 1048576K
2022-09-12T02:31:12.676+0800: 635.594: [GC pause (G1 Evacuation Pause) (young) 192M->43012K(256M), 0.0052066 secs]
Heap after GC invocations=1085 (full 0):
 garbage-first heap   total 262144K, used 43012K [0x00000000f0000000, 0x00000000f0100800, 0x0000000100000000)
  region size 1024K, 2 young (2048K), 2 survivors (2048K)
 Metaspace       used 65140K, capacity 69848K, committed 69888K, reserved 1110016K
  class space    used 8396K, capacity 9199K, committed 9216K, reserved 1048576K
}
{Heap before GC invocations=1085 (full 0):
 garbage-first heap   total 262144K, used 197636K [0x00000000f0000000, 0x00000000f0100800, 0x0000000100000000)
  region size 1024K, 153 young (156672K), 2 survivors (2048K)
 Metaspace       used 65140K, capacity 69848K, committed 69888K, reserved 1110016K
  class space    used 8396K, capacity 9199K, committed 9216K, reserved 1048576K
2022-09-12T02:31:13.210+0800: 636.128: [GC pause (G1 Evacuation Pause) (young) 193M->42603K(256M), 0.0052243 secs]
Heap after GC invocations=1086 (full 0):
 garbage-first heap   total 262144K, used 42603K [0x00000000f0000000, 0x00000000f0100800, 0x0000000100000000)
  region size 1024K, 2 young (2048K), 2 survivors (2048K)
 Metaspace       used 65140K, capacity 69848K, committed 69888K, reserved 1110016K
  class space    used 8396K, capacity 9199K, committed 9216K, reserved 1048576K
}
{Heap before GC invocations=1086 (full 0):
 garbage-first heap   total 262144K, used 197227K [0x00000000f0000000, 0x00000000f0100800, 0x0000000100000000)
  region size 1024K, 153 young (156672K), 2 survivors (2048K)
 Metaspace       used 65140K, capacity 69848K, committed 69888K, reserved 1110016K
  class space    used 8396K, capacity 9199K, committed 9216K, reserved 1048576K
2022-09-12T02:31:13.740+0800: 636.657: [GC pause (G1 Evacuation Pause) (young) 192M->42954K(256M), 0.0052658 secs]
Heap after GC invocations=1087 (full 0):
 garbage-first heap   total 262144K, used 42954K [0x00000000f0000000, 0x00000000f0100800, 0x0000000100000000)
  region size 1024K, 2 young (2048K), 2 survivors (2048K)
 Metaspace       used 65140K, capacity 69848K, committed 69888K, reserved 1110016K
  class space    used 8396K, capacity 9199K, committed 9216K, reserved 1048576K
}
{Heap before GC invocations=1087 (full 0):
 garbage-first heap   total 262144K, used 197578K [0x00000000f0000000, 0x00000000f0100800, 0x0000000100000000)
  region size 1024K, 153 young (156672K), 2 survivors (2048K)
 Metaspace       used 65140K, capacity 69848K, committed 69888K, reserved 1110016K
  class space    used 8396K, capacity 9199K, committed 9216K, reserved 1048576K
2022-09-12T02:31:14.271+0800: 637.189: [GC pause (G1 Evacuation Pause) (young) 192M->43026K(256M), 0.0050839 secs]
Heap after GC invocations=1088 (full 0):
 garbage-first heap   total 262144K, used 43026K [0x00000000f0000000, 0x00000000f0100800, 0x0000000100000000)
  region size 1024K, 2 young (2048K), 2 survivors (2048K)
 Metaspace       used 65140K, capacity 69848K, committed 69888K, reserved 1110016K
  class space    used 8396K, capacity 9199K, committed 9216K, reserved 1048576K
}
{Heap before GC invocations=1088 (full 0):
 garbage-first heap   total 262144K, used 197650K [0x00000000f0000000, 0x00000000f0100800, 0x0000000100000000)
  region size 1024K, 153 young (156672K), 2 survivors (2048K)
 Metaspace       used 65140K, capacity 69848K, committed 69888K, reserved 1110016K
  class space    used 8396K, capacity 9199K, committed 9216K, reserved 1048576K
2022-09-12T02:31:14.800+0800: 637.718: [GC pause (G1 Evacuation Pause) (young) 193M->42745K(256M), 0.0051511 secs]
Heap after GC invocations=1089 (full 0):
 garbage-first heap   total 262144K, used 42745K [0x00000000f0000000, 0x00000000f0100800, 0x0000000100000000)
  region size 1024K, 2 young (2048K), 2 survivors (2048K)
 Metaspace       used 65140K, capacity 69848K, committed 69888K, reserved 1110016K
  class space    used 8396K, capacity 9199K, committed 9216K, reserved 1048576K
}
{Heap before GC invocations=1089 (full 0):
 garbage-first heap   total 262144K, used 197369K [0x00000000f0000000, 0x00000000f0100800, 0x0000000100000000)
  region size 1024K, 153 young (156672K), 2 survivors (2048K)
 Metaspace       used 65140K, capacity 69848K, committed 69888K, reserved 1110016K
  class space    used 8396K, capacity 9199K, committed 9216K, reserved 1048576K
2022-09-12T02:31:15.335+0800: 638.253: [GC pause (G1 Evacuation Pause) (young) 192M->42967K(256M), 0.0050950 secs]
Heap after GC invocations=1090 (full 0):
 garbage-first heap   total 262144K, used 42967K [0x00000000f0000000, 0x00000000f0100800, 0x0000000100000000)
  region size 1024K, 2 young (2048K), 2 survivors (2048K)
 Metaspace       used 65140K, capacity 69848K, committed 69888K, reserved 1110016K
  class space    used 8396K, capacity 9199K, committed 9216K, reserved 1048576K
}
{Heap before GC invocations=1090 (full 0):
 garbage-first heap   total 262144K, used 197591K [0x00000000f0000000, 0x00000000f0100800, 0x0000000100000000)
  region size 1024K, 153 young (156672K), 2 survivors (2048K)
 Metaspace       used 65140K, capacity 69848K, committed 69888K, reserved 1110016K
  class space    used 8396K, capacity 9199K, committed 9216K, reserved 1048576K
2022-09-12T02:31:15.865+0800: 638.782: [GC pause (G1 Evacuation Pause) (young) 192M->43010K(256M), 0.0053279 secs]
Heap after GC invocations=1091 (full 0):
 garbage-first heap   total 262144K, used 43010K [0x00000000f0000000, 0x00000000f0100800, 0x0000000100000000)
  region size 1024K, 2 young (2048K), 2 survivors (2048K)
 Metaspace       used 65140K, capacity 69848K, committed 69888K, reserved 1110016K
  class space    used 8396K, capacity 9199K, committed 9216K, reserved 1048576K
}
{Heap before GC invocations=1091 (full 0):
 garbage-first heap   total 262144K, used 197634K [0x00000000f0000000, 0x00000000f0100800, 0x0000000100000000)
  region size 1024K, 153 young (156672K), 2 survivors (2048K)
 Metaspace       used 65140K, capacity 69848K, committed 69888K, reserved 1110016K
  class space    used 8396K, capacity 9199K, committed 9216K, reserved 1048576K
2022-09-12T02:31:16.410+0800: 639.328: [GC pause (G1 Evacuation Pause) (young) 193M->42601K(256M), 0.0052802 secs]
Heap after GC invocations=1092 (full 0):
 garbage-first heap   total 262144K, used 42601K [0x00000000f0000000, 0x00000000f0100800, 0x0000000100000000)
  region size 1024K, 2 young (2048K), 2 survivors (2048K)
 Metaspace       used 65140K, capacity 69848K, committed 69888K, reserved 1110016K
  class space    used 8396K, capacity 9199K, committed 9216K, reserved 1048576K
}
{Heap before GC invocations=1092 (full 0):
 garbage-first heap   total 262144K, used 197225K [0x00000000f0000000, 0x00000000f0100800, 0x0000000100000000)
  region size 1024K, 153 young (156672K), 2 survivors (2048K)
 Metaspace       used 65140K, capacity 69848K, committed 69888K, reserved 1110016K
  class space    used 8396K, capacity 9199K, committed 9216K, reserved 1048576K
2022-09-12T02:31:16.941+0800: 639.859: [GC pause (G1 Evacuation Pause) (young) 192M->42967K(256M), 0.0052043 secs]
Heap after GC invocations=1093 (full 0):
 garbage-first heap   total 262144K, used 42967K [0x00000000f0000000, 0x00000000f0100800, 0x0000000100000000)
  region size 1024K, 2 young (2048K), 2 survivors (2048K)
 Metaspace       used 65140K, capacity 69848K, committed 69888K, reserved 1110016K
  class space    used 8396K, capacity 9199K, committed 9216K, reserved 1048576K
}
{Heap before GC invocations=1093 (full 0):
 garbage-first heap   total 262144K, used 197591K [0x00000000f0000000, 0x00000000f0100800, 0x0000000100000000)
  region size 1024K, 153 young (156672K), 2 survivors (2048K)
 Metaspace       used 65140K, capacity 69848K, committed 69888K, reserved 1110016K
  class space    used 8396K, capacity 9199K, committed 9216K, reserved 1048576K
2022-09-12T02:31:17.472+0800: 640.389: [GC pause (G1 Evacuation Pause) (young) 192M->43021K(256M), 0.0052744 secs]
Heap after GC invocations=1094 (full 0):
 garbage-first heap   total 262144K, used 43021K [0x00000000f0000000, 0x00000000f0100800, 0x0000000100000000)
  region size 1024K, 2 young (2048K), 2 survivors (2048K)
 Metaspace       used 65140K, capacity 69848K, committed 69888K, reserved 1110016K
  class space    used 8396K, capacity 9199K, committed 9216K, reserved 1048576K
}
{Heap before GC invocations=1094 (full 0):
 garbage-first heap   total 262144K, used 197645K [0x00000000f0000000, 0x00000000f0100800, 0x0000000100000000)
  region size 1024K, 153 young (156672K), 2 survivors (2048K)
 Metaspace       used 65140K, capacity 69848K, committed 69888K, reserved 1110016K
  class space    used 8396K, capacity 9199K, committed 9216K, reserved 1048576K
2022-09-12T02:31:18.009+0800: 640.927: [GC pause (G1 Evacuation Pause) (young) 193M->41887K(256M), 0.0043207 secs]
Heap after GC invocations=1095 (full 0):
 garbage-first heap   total 262144K, used 41887K [0x00000000f0000000, 0x00000000f0100800, 0x0000000100000000)
  region size 1024K, 1 young (1024K), 1 survivors (1024K)
 Metaspace       used 65140K, capacity 69848K, committed 69888K, reserved 1110016K
  class space    used 8396K, capacity 9199K, committed 9216K, reserved 1048576K
}
{Heap before GC invocations=1095 (full 0):
 garbage-first heap   total 262144K, used 197535K [0x00000000f0000000, 0x00000000f0100800, 0x0000000100000000)
  region size 1024K, 153 young (156672K), 1 survivors (1024K)
 Metaspace       used 65140K, capacity 69848K, committed 69888K, reserved 1110016K
  class space    used 8396K, capacity 9199K, committed 9216K, reserved 1048576K
2022-09-12T02:31:18.534+0800: 641.452: [GC pause (G1 Evacuation Pause) (young) 192M->42661K(256M), 0.0054263 secs]
Heap after GC invocations=1096 (full 0):
 garbage-first heap   total 262144K, used 42661K [0x00000000f0000000, 0x00000000f0100800, 0x0000000100000000)
  region size 1024K, 2 young (2048K), 2 survivors (2048K)
 Metaspace       used 65140K, capacity 69848K, committed 69888K, reserved 1110016K
  class space    used 8396K, capacity 9199K, committed 9216K, reserved 1048576K
}
{Heap before GC invocations=1096 (full 0):
 garbage-first heap   total 262144K, used 197285K [0x00000000f0000000, 0x00000000f0100800, 0x0000000100000000)
  region size 1024K, 153 young (156672K), 2 survivors (2048K)
 Metaspace       used 65140K, capacity 69848K, committed 69888K, reserved 1110016K
  class space    used 8396K, capacity 9199K, committed 9216K, reserved 1048576K
2022-09-12T02:31:19.065+0800: 641.983: [GC pause (G1 Evacuation Pause) (young) 192M->42946K(256M), 0.0052559 secs]
Heap after GC invocations=1097 (full 0):
 garbage-first heap   total 262144K, used 42946K [0x00000000f0000000, 0x00000000f0100800, 0x0000000100000000)
  region size 1024K, 2 young (2048K), 2 survivors (2048K)
 Metaspace       used 65140K, capacity 69848K, committed 69888K, reserved 1110016K
  class space    used 8396K, capacity 9199K, committed 9216K, reserved 1048576K
}
{Heap before GC invocations=1097 (full 0):
 garbage-first heap   total 262144K, used 197570K [0x00000000f0000000, 0x00000000f0100800, 0x0000000100000000)
  region size 1024K, 153 young (156672K), 2 survivors (2048K)
 Metaspace       used 65140K, capacity 69848K, committed 69888K, reserved 1110016K
  class space    used 8396K, capacity 9199K, committed 9216K, reserved 1048576K
2022-09-12T02:31:19.596+0800: 642.513: [GC pause (G1 Evacuation Pause) (young) 192M->43021K(256M), 0.0051534 secs]
Heap after GC invocations=1098 (full 0):
 garbage-first heap   total 262144K, used 43021K [0x00000000f0000000, 0x00000000f0100800, 0x0000000100000000)
  region size 1024K, 2 young (2048K), 2 survivors (2048K)
 Metaspace       used 65140K, capacity 69848K, committed 69888K, reserved 1110016K
  class space    used 8396K, capacity 9199K, committed 9216K, reserved 1048576K
}
{Heap before GC invocations=1098 (full 0):
 garbage-first heap   total 262144K, used 197645K [0x00000000f0000000, 0x00000000f0100800, 0x0000000100000000)
  region size 1024K, 153 young (156672K), 2 survivors (2048K)
 Metaspace       used 65140K, capacity 69848K, committed 69888K, reserved 1110016K
  class space    used 8396K, capacity 9199K, committed 9216K, reserved 1048576K
2022-09-12T02:31:20.125+0800: 643.043: [GC pause (G1 Evacuation Pause) (young) 193M->42611K(256M), 0.0053755 secs]
Heap after GC invocations=1099 (full 0):
 garbage-first heap   total 262144K, used 42611K [0x00000000f0000000, 0x00000000f0100800, 0x0000000100000000)
  region size 1024K, 2 young (2048K), 2 survivors (2048K)
 Metaspace       used 65140K, capacity 69848K, committed 69888K, reserved 1110016K
  class space    used 8396K, capacity 9199K, committed 9216K, reserved 1048576K
}
{Heap before GC invocations=1099 (full 0):
 garbage-first heap   total 262144K, used 197235K [0x00000000f0000000, 0x00000000f0100800, 0x0000000100000000)
  region size 1024K, 153 young (156672K), 2 survivors (2048K)
 Metaspace       used 65144K, capacity 69848K, committed 69888K, reserved 1110016K
  class space    used 8396K, capacity 9199K, committed 9216K, reserved 1048576K
2022-09-12T02:31:20.660+0800: 643.578: [GC pause (G1 Evacuation Pause) (young) 192M->42967K(256M), 0.0052224 secs]
Heap after GC invocations=1100 (full 0):
 garbage-first heap   total 262144K, used 42967K [0x00000000f0000000, 0x00000000f0100800, 0x0000000100000000)
  region size 1024K, 2 young (2048K), 2 survivors (2048K)
 Metaspace       used 65144K, capacity 69848K, committed 69888K, reserved 1110016K
  class space    used 8396K, capacity 9199K, committed 9216K, reserved 1048576K
}
{Heap before GC invocations=1100 (full 0):
 garbage-first heap   total 262144K, used 197591K [0x00000000f0000000, 0x00000000f0100800, 0x0000000100000000)
  region size 1024K, 153 young (156672K), 2 survivors (2048K)
 Metaspace       used 65144K, capacity 69848K, committed 69888K, reserved 1110016K
  class space    used 8396K, capacity 9199K, committed 9216K, reserved 1048576K
2022-09-12T02:31:21.190+0800: 644.107: [GC pause (G1 Evacuation Pause) (young) 192M->43037K(256M), 0.0053091 secs]
Heap after GC invocations=1101 (full 0):
 garbage-first heap   total 262144K, used 43037K [0x00000000f0000000, 0x00000000f0100800, 0x0000000100000000)
  region size 1024K, 2 young (2048K), 2 survivors (2048K)
 Metaspace       used 65144K, capacity 69848K, committed 69888K, reserved 1110016K
  class space    used 8396K, capacity 9199K, committed 9216K, reserved 1048576K
}
{Heap before GC invocations=1101 (full 0):
 garbage-first heap   total 262144K, used 197661K [0x00000000f0000000, 0x00000000f0100800, 0x0000000100000000)
  region size 1024K, 153 young (156672K), 2 survivors (2048K)
 Metaspace       used 65144K, capacity 69848K, committed 69888K, reserved 1110016K
  class space    used 8396K, capacity 9199K, committed 9216K, reserved 1048576K
2022-09-12T02:31:21.723+0800: 644.641: [GC pause (G1 Evacuation Pause) (young) 193M->42613K(256M), 0.0053019 secs]
Heap after GC invocations=1102 (full 0):
 garbage-first heap   total 262144K, used 42613K [0x00000000f0000000, 0x00000000f0100800, 0x0000000100000000)
  region size 1024K, 2 young (2048K), 2 survivors (2048K)
 Metaspace       used 65144K, capacity 69848K, committed 69888K, reserved 1110016K
  class space    used 8396K, capacity 9199K, committed 9216K, reserved 1048576K
}
{Heap before GC invocations=1102 (full 0):
 garbage-first heap   total 262144K, used 197237K [0x00000000f0000000, 0x00000000f0100800, 0x0000000100000000)
  region size 1024K, 153 young (156672K), 2 survivors (2048K)
 Metaspace       used 65144K, capacity 69848K, committed 69888K, reserved 1110016K
  class space    used 8396K, capacity 9199K, committed 9216K, reserved 1048576K
2022-09-12T02:31:22.253+0800: 645.171: [GC pause (G1 Evacuation Pause) (young) 192M->42959K(256M), 0.0051821 secs]
Heap after GC invocations=1103 (full 0):
 garbage-first heap   total 262144K, used 42959K [0x00000000f0000000, 0x00000000f0100800, 0x0000000100000000)
  region size 1024K, 2 young (2048K), 2 survivors (2048K)
 Metaspace       used 65144K, capacity 69848K, committed 69888K, reserved 1110016K
  class space    used 8396K, capacity 9199K, committed 9216K, reserved 1048576K
}
{Heap before GC invocations=1103 (full 0):
 garbage-first heap   total 262144K, used 197583K [0x00000000f0000000, 0x00000000f0100800, 0x0000000100000000)
  region size 1024K, 153 young (156672K), 2 survivors (2048K)
 Metaspace       used 65144K, capacity 69848K, committed 69888K, reserved 1110016K
  class space    used 8396K, capacity 9199K, committed 9216K, reserved 1048576K
2022-09-12T02:31:22.785+0800: 645.703: [GC pause (G1 Evacuation Pause) (young) 192M->43021K(256M), 0.0051356 secs]
Heap after GC invocations=1104 (full 0):
 garbage-first heap   total 262144K, used 43021K [0x00000000f0000000, 0x00000000f0100800, 0x0000000100000000)
  region size 1024K, 2 young (2048K), 2 survivors (2048K)
 Metaspace       used 65144K, capacity 69848K, committed 69888K, reserved 1110016K
  class space    used 8396K, capacity 9199K, committed 9216K, reserved 1048576K
}
{Heap before GC invocations=1104 (full 0):
 garbage-first heap   total 262144K, used 197645K [0x00000000f0000000, 0x00000000f0100800, 0x0000000100000000)
  region size 1024K, 153 young (156672K), 2 survivors (2048K)
 Metaspace       used 65144K, capacity 69848K, committed 69888K, reserved 1110016K
  class space    used 8396K, capacity 9199K, committed 9216K, reserved 1048576K
2022-09-12T02:31:23.317+0800: 646.234: [GC pause (G1 Evacuation Pause) (young) 193M->42609K(256M), 0.0052032 secs]
Heap after GC invocations=1105 (full 0):
 garbage-first heap   total 262144K, used 42609K [0x00000000f0000000, 0x00000000f0100800, 0x0000000100000000)
  region size 1024K, 2 young (2048K), 2 survivors (2048K)
 Metaspace       used 65144K, capacity 69848K, committed 69888K, reserved 1110016K
  class space    used 8396K, capacity 9199K, committed 9216K, reserved 1048576K
}
{Heap before GC invocations=1105 (full 0):
 garbage-first heap   total 262144K, used 197233K [0x00000000f0000000, 0x00000000f0100800, 0x0000000100000000)
  region size 1024K, 153 young (156672K), 2 survivors (2048K)
 Metaspace       used 65144K, capacity 69848K, committed 69888K, reserved 1110016K
  class space    used 8396K, capacity 9199K, committed 9216K, reserved 1048576K
2022-09-12T02:31:23.848+0800: 646.766: [GC pause (G1 Evacuation Pause) (young) 192M->42970K(256M), 0.0051890 secs]
Heap after GC invocations=1106 (full 0):
 garbage-first heap   total 262144K, used 42970K [0x00000000f0000000, 0x00000000f0100800, 0x0000000100000000)
  region size 1024K, 2 young (2048K), 2 survivors (2048K)
 Metaspace       used 65144K, capacity 69848K, committed 69888K, reserved 1110016K
  class space    used 8396K, capacity 9199K, committed 9216K, reserved 1048576K
}
{Heap before GC invocations=1106 (full 0):
 garbage-first heap   total 262144K, used 197594K [0x00000000f0000000, 0x00000000f0100800, 0x0000000100000000)
  region size 1024K, 153 young (156672K), 2 survivors (2048K)
 Metaspace       used 65144K, capacity 69848K, committed 69888K, reserved 1110016K
  class space    used 8396K, capacity 9199K, committed 9216K, reserved 1048576K
2022-09-12T02:31:24.378+0800: 647.296: [GC pause (G1 Evacuation Pause) (young) 192M->43043K(256M), 0.0051028 secs]
Heap after GC invocations=1107 (full 0):
 garbage-first heap   total 262144K, used 43043K [0x00000000f0000000, 0x00000000f0100800, 0x0000000100000000)
  region size 1024K, 2 young (2048K), 2 survivors (2048K)
 Metaspace       used 65144K, capacity 69848K, committed 69888K, reserved 1110016K
  class space    used 8396K, capacity 9199K, committed 9216K, reserved 1048576K
}
{Heap before GC invocations=1107 (full 0):
 garbage-first heap   total 262144K, used 197667K [0x00000000f0000000, 0x00000000f0100800, 0x0000000100000000)
  region size 1024K, 153 young (156672K), 2 survivors (2048K)
 Metaspace       used 65144K, capacity 69848K, committed 69888K, reserved 1110016K
  class space    used 8396K, capacity 9199K, committed 9216K, reserved 1048576K
2022-09-12T02:31:24.908+0800: 647.826: [GC pause (G1 Evacuation Pause) (young) 193M->42770K(256M), 0.0052645 secs]
Heap after GC invocations=1108 (full 0):
 garbage-first heap   total 262144K, used 42770K [0x00000000f0000000, 0x00000000f0100800, 0x0000000100000000)
  region size 1024K, 2 young (2048K), 2 survivors (2048K)
 Metaspace       used 65144K, capacity 69848K, committed 69888K, reserved 1110016K
  class space    used 8396K, capacity 9199K, committed 9216K, reserved 1048576K
}
{Heap before GC invocations=1108 (full 0):
 garbage-first heap   total 262144K, used 197394K [0x00000000f0000000, 0x00000000f0100800, 0x0000000100000000)
  region size 1024K, 153 young (156672K), 2 survivors (2048K)
 Metaspace       used 65144K, capacity 69848K, committed 69888K, reserved 1110016K
  class space    used 8396K, capacity 9199K, committed 9216K, reserved 1048576K
2022-09-12T02:31:25.443+0800: 648.361: [GC pause (G1 Evacuation Pause) (young) 192M->42978K(256M), 0.0053108 secs]
Heap after GC invocations=1109 (full 0):
 garbage-first heap   total 262144K, used 42978K [0x00000000f0000000, 0x00000000f0100800, 0x0000000100000000)
  region size 1024K, 2 young (2048K), 2 survivors (2048K)
 Metaspace       used 65144K, capacity 69848K, committed 69888K, reserved 1110016K
  class space    used 8396K, capacity 9199K, committed 9216K, reserved 1048576K
}
{Heap before GC invocations=1109 (full 0):
 garbage-first heap   total 262144K, used 197602K [0x00000000f0000000, 0x00000000f0100800, 0x0000000100000000)
  region size 1024K, 153 young (156672K), 2 survivors (2048K)
 Metaspace       used 65144K, capacity 69848K, committed 69888K, reserved 1110016K
  class space    used 8396K, capacity 9199K, committed 9216K, reserved 1048576K
2022-09-12T02:31:25.972+0800: 648.890: [GC pause (G1 Evacuation Pause) (young) 192M->43032K(256M), 0.0053881 secs]
Heap after GC invocations=1110 (full 0):
 garbage-first heap   total 262144K, used 43032K [0x00000000f0000000, 0x00000000f0100800, 0x0000000100000000)
  region size 1024K, 2 young (2048K), 2 survivors (2048K)
 Metaspace       used 65144K, capacity 69848K, committed 69888K, reserved 1110016K
  class space    used 8396K, capacity 9199K, committed 9216K, reserved 1048576K
}
{Heap before GC invocations=1110 (full 0):
 garbage-first heap   total 262144K, used 197656K [0x00000000f0000000, 0x00000000f0100800, 0x0000000100000000)
  region size 1024K, 153 young (156672K), 2 survivors (2048K)
 Metaspace       used 65148K, capacity 69856K, committed 69888K, reserved 1110016K
  class space    used 8396K, capacity 9199K, committed 9216K, reserved 1048576K
2022-09-12T02:31:26.505+0800: 649.423: [GC pause (G1 Evacuation Pause) (young) 193M->42614K(256M), 0.0051428 secs]
Heap after GC invocations=1111 (full 0):
 garbage-first heap   total 262144K, used 42614K [0x00000000f0000000, 0x00000000f0100800, 0x0000000100000000)
  region size 1024K, 2 young (2048K), 2 survivors (2048K)
 Metaspace       used 65148K, capacity 69856K, committed 69888K, reserved 1110016K
  class space    used 8396K, capacity 9199K, committed 9216K, reserved 1048576K
}
{Heap before GC invocations=1111 (full 0):
 garbage-first heap   total 262144K, used 197238K [0x00000000f0000000, 0x00000000f0100800, 0x0000000100000000)
  region size 1024K, 153 young (156672K), 2 survivors (2048K)
 Metaspace       used 65148K, capacity 69856K, committed 69888K, reserved 1110016K
  class space    used 8396K, capacity 9199K, committed 9216K, reserved 1048576K
2022-09-12T02:31:27.035+0800: 649.953: [GC pause (G1 Evacuation Pause) (young) 192M->42977K(256M), 0.0053720 secs]
Heap after GC invocations=1112 (full 0):
 garbage-first heap   total 262144K, used 42977K [0x00000000f0000000, 0x00000000f0100800, 0x0000000100000000)
  region size 1024K, 2 young (2048K), 2 survivors (2048K)
 Metaspace       used 65148K, capacity 69856K, committed 69888K, reserved 1110016K
  class space    used 8396K, capacity 9199K, committed 9216K, reserved 1048576K
}
{Heap before GC invocations=1112 (full 0):
 garbage-first heap   total 262144K, used 197601K [0x00000000f0000000, 0x00000000f0100800, 0x0000000100000000)
  region size 1024K, 153 young (156672K), 2 survivors (2048K)
 Metaspace       used 65148K, capacity 69856K, committed 69888K, reserved 1110016K
  class space    used 8396K, capacity 9199K, committed 9216K, reserved 1048576K
2022-09-12T02:31:27.564+0800: 650.482: [GC pause (G1 Evacuation Pause) (young) 192M->43028K(256M), 0.0051258 secs]
Heap after GC invocations=1113 (full 0):
 garbage-first heap   total 262144K, used 43028K [0x00000000f0000000, 0x00000000f0100800, 0x0000000100000000)
  region size 1024K, 2 young (2048K), 2 survivors (2048K)
 Metaspace       used 65148K, capacity 69856K, committed 69888K, reserved 1110016K
  class space    used 8396K, capacity 9199K, committed 9216K, reserved 1048576K
}
{Heap before GC invocations=1113 (full 0):
 garbage-first heap   total 262144K, used 197652K [0x00000000f0000000, 0x00000000f0100800, 0x0000000100000000)
  region size 1024K, 153 young (156672K), 2 survivors (2048K)
 Metaspace       used 65148K, capacity 69856K, committed 69888K, reserved 1110016K
  class space    used 8396K, capacity 9199K, committed 9216K, reserved 1048576K
2022-09-12T02:31:28.093+0800: 651.011: [GC pause (G1 Evacuation Pause) (young) 193M->42612K(256M), 0.0052432 secs]
Heap after GC invocations=1114 (full 0):
 garbage-first heap   total 262144K, used 42612K [0x00000000f0000000, 0x00000000f0100800, 0x0000000100000000)
  region size 1024K, 2 young (2048K), 2 survivors (2048K)
 Metaspace       used 65148K, capacity 69856K, committed 69888K, reserved 1110016K
  class space    used 8396K, capacity 9199K, committed 9216K, reserved 1048576K
}
{Heap before GC invocations=1114 (full 0):
 garbage-first heap   total 262144K, used 197236K [0x00000000f0000000, 0x00000000f0100800, 0x0000000100000000)
  region size 1024K, 153 young (156672K), 2 survivors (2048K)
 Metaspace       used 65148K, capacity 69856K, committed 69888K, reserved 1110016K
  class space    used 8396K, capacity 9199K, committed 9216K, reserved 1048576K
2022-09-12T02:31:28.624+0800: 651.542: [GC pause (G1 Evacuation Pause) (young) 192M->42978K(256M), 0.0053727 secs]
Heap after GC invocations=1115 (full 0):
 garbage-first heap   total 262144K, used 42978K [0x00000000f0000000, 0x00000000f0100800, 0x0000000100000000)
  region size 1024K, 2 young (2048K), 2 survivors (2048K)
 Metaspace       used 65148K, capacity 69856K, committed 69888K, reserved 1110016K
  class space    used 8396K, capacity 9199K, committed 9216K, reserved 1048576K
}
{Heap before GC invocations=1115 (full 0):
 garbage-first heap   total 262144K, used 197602K [0x00000000f0000000, 0x00000000f0100800, 0x0000000100000000)
  region size 1024K, 153 young (156672K), 2 survivors (2048K)
 Metaspace       used 65148K, capacity 69856K, committed 69888K, reserved 1110016K
  class space    used 8396K, capacity 9199K, committed 9216K, reserved 1048576K
2022-09-12T02:31:29.153+0800: 652.071: [GC pause (G1 Evacuation Pause) (young) 192M->43043K(256M), 0.0053178 secs]
Heap after GC invocations=1116 (full 0):
 garbage-first heap   total 262144K, used 43043K [0x00000000f0000000, 0x00000000f0100800, 0x0000000100000000)
  region size 1024K, 2 young (2048K), 2 survivors (2048K)
 Metaspace       used 65148K, capacity 69856K, committed 69888K, reserved 1110016K
  class space    used 8396K, capacity 9199K, committed 9216K, reserved 1048576K
}
{Heap before GC invocations=1116 (full 0):
 garbage-first heap   total 262144K, used 197667K [0x00000000f0000000, 0x00000000f0100800, 0x0000000100000000)
  region size 1024K, 153 young (156672K), 2 survivors (2048K)
 Metaspace       used 65148K, capacity 69856K, committed 69888K, reserved 1110016K
  class space    used 8396K, capacity 9199K, committed 9216K, reserved 1048576K
2022-09-12T02:31:29.683+0800: 652.600: [GC pause (G1 Evacuation Pause) (young) 193M->42616K(256M), 0.0051818 secs]
Heap after GC invocations=1117 (full 0):
 garbage-first heap   total 262144K, used 42616K [0x00000000f0000000, 0x00000000f0100800, 0x0000000100000000)
  region size 1024K, 2 young (2048K), 2 survivors (2048K)
 Metaspace       used 65148K, capacity 69856K, committed 69888K, reserved 1110016K
  class space    used 8396K, capacity 9199K, committed 9216K, reserved 1048576K
}
{Heap before GC invocations=1117 (full 0):
 garbage-first heap   total 262144K, used 197240K [0x00000000f0000000, 0x00000000f0100800, 0x0000000100000000)
  region size 1024K, 153 young (156672K), 2 survivors (2048K)
 Metaspace       used 65148K, capacity 69856K, committed 69888K, reserved 1110016K
  class space    used 8396K, capacity 9199K, committed 9216K, reserved 1048576K
2022-09-12T02:31:30.215+0800: 653.133: [GC pause (G1 Evacuation Pause) (young) 192M->42982K(256M), 0.0054506 secs]
Heap after GC invocations=1118 (full 0):
 garbage-first heap   total 262144K, used 42982K [0x00000000f0000000, 0x00000000f0100800, 0x0000000100000000)
  region size 1024K, 2 young (2048K), 2 survivors (2048K)
 Metaspace       used 65148K, capacity 69856K, committed 69888K, reserved 1110016K
  class space    used 8396K, capacity 9199K, committed 9216K, reserved 1048576K
}
{Heap before GC invocations=1118 (full 0):
 garbage-first heap   total 262144K, used 197606K [0x00000000f0000000, 0x00000000f0100800, 0x0000000100000000)
  region size 1024K, 153 young (156672K), 2 survivors (2048K)
 Metaspace       used 65148K, capacity 69856K, committed 69888K, reserved 1110016K
  class space    used 8396K, capacity 9199K, committed 9216K, reserved 1048576K
2022-09-12T02:31:30.745+0800: 653.663: [GC pause (G1 Evacuation Pause) (young) 192M->43029K(256M), 0.0051772 secs]
Heap after GC invocations=1119 (full 0):
 garbage-first heap   total 262144K, used 43029K [0x00000000f0000000, 0x00000000f0100800, 0x0000000100000000)
  region size 1024K, 2 young (2048K), 2 survivors (2048K)
 Metaspace       used 65148K, capacity 69856K, committed 69888K, reserved 1110016K
  class space    used 8396K, capacity 9199K, committed 9216K, reserved 1048576K
}
{Heap before GC invocations=1119 (full 0):
 garbage-first heap   total 262144K, used 197653K [0x00000000f0000000, 0x00000000f0100800, 0x0000000100000000)
  region size 1024K, 153 young (156672K), 2 survivors (2048K)
 Metaspace       used 65148K, capacity 69856K, committed 69888K, reserved 1110016K
  class space    used 8396K, capacity 9199K, committed 9216K, reserved 1048576K
2022-09-12T02:31:31.291+0800: 654.209: [GC pause (G1 Evacuation Pause) (young) 193M->42765K(256M), 0.0052381 secs]
Heap after GC invocations=1120 (full 0):
 garbage-first heap   total 262144K, used 42765K [0x00000000f0000000, 0x00000000f0100800, 0x0000000100000000)
  region size 1024K, 2 young (2048K), 2 survivors (2048K)
 Metaspace       used 65148K, capacity 69856K, committed 69888K, reserved 1110016K
  class space    used 8396K, capacity 9199K, committed 9216K, reserved 1048576K
}
{Heap before GC invocations=1120 (full 0):
 garbage-first heap   total 262144K, used 197389K [0x00000000f0000000, 0x00000000f0100800, 0x0000000100000000)
  region size 1024K, 153 young (156672K), 2 survivors (2048K)
 Metaspace       used 65148K, capacity 69856K, committed 69888K, reserved 1110016K
  class space    used 8396K, capacity 9199K, committed 9216K, reserved 1048576K
2022-09-12T02:31:31.821+0800: 654.738: [GC pause (G1 Evacuation Pause) (young) 192M->42970K(256M), 0.0051584 secs]
Heap after GC invocations=1121 (full 0):
 garbage-first heap   total 262144K, used 42970K [0x00000000f0000000, 0x00000000f0100800, 0x0000000100000000)
  region size 1024K, 2 young (2048K), 2 survivors (2048K)
 Metaspace       used 65148K, capacity 69856K, committed 69888K, reserved 1110016K
  class space    used 8396K, capacity 9199K, committed 9216K, reserved 1048576K
}
{Heap before GC invocations=1121 (full 0):
 garbage-first heap   total 262144K, used 197594K [0x00000000f0000000, 0x00000000f0100800, 0x0000000100000000)
  region size 1024K, 153 young (156672K), 2 survivors (2048K)
 Metaspace       used 65148K, capacity 69856K, committed 69888K, reserved 1110016K
  class space    used 8396K, capacity 9199K, committed 9216K, reserved 1048576K
2022-09-12T02:31:32.350+0800: 655.268: [GC pause (G1 Evacuation Pause) (young) 192M->43033K(256M), 0.0053554 secs]
Heap after GC invocations=1122 (full 0):
 garbage-first heap   total 262144K, used 43033K [0x00000000f0000000, 0x00000000f0100800, 0x0000000100000000)
  region size 1024K, 2 young (2048K), 2 survivors (2048K)
 Metaspace       used 65148K, capacity 69856K, committed 69888K, reserved 1110016K
  class space    used 8396K, capacity 9199K, committed 9216K, reserved 1048576K
}
{Heap before GC invocations=1122 (full 0):
 garbage-first heap   total 262144K, used 197657K [0x00000000f0000000, 0x00000000f0100800, 0x0000000100000000)
  region size 1024K, 153 young (156672K), 2 survivors (2048K)
 Metaspace       used 65148K, capacity 69856K, committed 69888K, reserved 1110016K
  class space    used 8396K, capacity 9199K, committed 9216K, reserved 1048576K
2022-09-12T02:31:32.880+0800: 655.797: [GC pause (G1 Evacuation Pause) (young) 193M->42615K(256M), 0.0051626 secs]
Heap after GC invocations=1123 (full 0):
 garbage-first heap   total 262144K, used 42615K [0x00000000f0000000, 0x00000000f0100800, 0x0000000100000000)
  region size 1024K, 2 young (2048K), 2 survivors (2048K)
 Metaspace       used 65148K, capacity 69856K, committed 69888K, reserved 1110016K
  class space    used 8396K, capacity 9199K, committed 9216K, reserved 1048576K
}
{Heap before GC invocations=1123 (full 0):
 garbage-first heap   total 262144K, used 197239K [0x00000000f0000000, 0x00000000f0100800, 0x0000000100000000)
  region size 1024K, 153 young (156672K), 2 survivors (2048K)
 Metaspace       used 65148K, capacity 69856K, committed 69888K, reserved 1110016K
  class space    used 8396K, capacity 9199K, committed 9216K, reserved 1048576K
2022-09-12T02:31:33.409+0800: 656.327: [GC pause (G1 Evacuation Pause) (young) 192M->42973K(256M), 0.0052524 secs]
Heap after GC invocations=1124 (full 0):
 garbage-first heap   total 262144K, used 42973K [0x00000000f0000000, 0x00000000f0100800, 0x0000000100000000)
  region size 1024K, 2 young (2048K), 2 survivors (2048K)
 Metaspace       used 65148K, capacity 69856K, committed 69888K, reserved 1110016K
  class space    used 8396K, capacity 9199K, committed 9216K, reserved 1048576K
}
{Heap before GC invocations=1124 (full 0):
 garbage-first heap   total 262144K, used 197597K [0x00000000f0000000, 0x00000000f0100800, 0x0000000100000000)
  region size 1024K, 153 young (156672K), 2 survivors (2048K)
 Metaspace       used 65148K, capacity 69856K, committed 69888K, reserved 1110016K
  class space    used 8396K, capacity 9199K, committed 9216K, reserved 1048576K
2022-09-12T02:31:33.938+0800: 656.856: [GC pause (G1 Evacuation Pause) (young) 192M->43026K(256M), 0.0052568 secs]
Heap after GC invocations=1125 (full 0):
 garbage-first heap   total 262144K, used 43026K [0x00000000f0000000, 0x00000000f0100800, 0x0000000100000000)
  region size 1024K, 2 young (2048K), 2 survivors (2048K)
 Metaspace       used 65148K, capacity 69856K, committed 69888K, reserved 1110016K
  class space    used 8396K, capacity 9199K, committed 9216K, reserved 1048576K
}
{Heap before GC invocations=1125 (full 0):
 garbage-first heap   total 262144K, used 197650K [0x00000000f0000000, 0x00000000f0100800, 0x0000000100000000)
  region size 1024K, 153 young (156672K), 2 survivors (2048K)
 Metaspace       used 65148K, capacity 69856K, committed 69888K, reserved 1110016K
  class space    used 8396K, capacity 9199K, committed 9216K, reserved 1048576K
2022-09-12T02:31:34.467+0800: 657.385: [GC pause (G1 Evacuation Pause) (young) 193M->42615K(256M), 0.0051902 secs]
Heap after GC invocations=1126 (full 0):
 garbage-first heap   total 262144K, used 42615K [0x00000000f0000000, 0x00000000f0100800, 0x0000000100000000)
  region size 1024K, 2 young (2048K), 2 survivors (2048K)
 Metaspace       used 65148K, capacity 69856K, committed 69888K, reserved 1110016K
  class space    used 8396K, capacity 9199K, committed 9216K, reserved 1048576K
}
{Heap before GC invocations=1126 (full 0):
 garbage-first heap   total 262144K, used 197239K [0x00000000f0000000, 0x00000000f0100800, 0x0000000100000000)
  region size 1024K, 153 young (156672K), 2 survivors (2048K)
 Metaspace       used 65148K, capacity 69856K, committed 69888K, reserved 1110016K
  class space    used 8396K, capacity 9199K, committed 9216K, reserved 1048576K
2022-09-12T02:31:35.000+0800: 657.918: [GC pause (G1 Evacuation Pause) (young) 192M->42537K(256M), 0.0049231 secs]
Heap after GC invocations=1127 (full 0):
 garbage-first heap   total 262144K, used 42537K [0x00000000f0000000, 0x00000000f0100800, 0x0000000100000000)
  region size 1024K, 2 young (2048K), 2 survivors (2048K)
 Metaspace       used 65148K, capacity 69856K, committed 69888K, reserved 1110016K
  class space    used 8396K, capacity 9199K, committed 9216K, reserved 1048576K
}
{Heap before GC invocations=1127 (full 0):
 garbage-first heap   total 262144K, used 197161K [0x00000000f0000000, 0x00000000f0100800, 0x0000000100000000)
  region size 1024K, 153 young (156672K), 2 survivors (2048K)
 Metaspace       used 65148K, capacity 69856K, committed 69888K, reserved 1110016K
  class space    used 8396K, capacity 9199K, committed 9216K, reserved 1048576K
2022-09-12T02:31:35.528+0800: 658.446: [GC pause (G1 Evacuation Pause) (young) 192M->42929K(256M), 0.0051380 secs]
Heap after GC invocations=1128 (full 0):
 garbage-first heap   total 262144K, used 42929K [0x00000000f0000000, 0x00000000f0100800, 0x0000000100000000)
  region size 1024K, 2 young (2048K), 2 survivors (2048K)
 Metaspace       used 65148K, capacity 69856K, committed 69888K, reserved 1110016K
  class space    used 8396K, capacity 9199K, committed 9216K, reserved 1048576K
}
{Heap before GC invocations=1128 (full 0):
 garbage-first heap   total 262144K, used 197553K [0x00000000f0000000, 0x00000000f0100800, 0x0000000100000000)
  region size 1024K, 153 young (156672K), 2 survivors (2048K)
 Metaspace       used 65148K, capacity 69856K, committed 69888K, reserved 1110016K
  class space    used 8396K, capacity 9199K, committed 9216K, reserved 1048576K
2022-09-12T02:31:36.064+0800: 658.982: [GC pause (G1 Evacuation Pause) (young) 192M->43006K(256M), 0.0053550 secs]
Heap after GC invocations=1129 (full 0):
 garbage-first heap   total 262144K, used 43006K [0x00000000f0000000, 0x00000000f0100800, 0x0000000100000000)
  region size 1024K, 2 young (2048K), 2 survivors (2048K)
 Metaspace       used 65148K, capacity 69856K, committed 69888K, reserved 1110016K
  class space    used 8396K, capacity 9199K, committed 9216K, reserved 1048576K
}
{Heap before GC invocations=1129 (full 0):
 garbage-first heap   total 262144K, used 197630K [0x00000000f0000000, 0x00000000f0100800, 0x0000000100000000)
  region size 1024K, 153 young (156672K), 2 survivors (2048K)
 Metaspace       used 65148K, capacity 69856K, committed 69888K, reserved 1110016K
  class space    used 8396K, capacity 9199K, committed 9216K, reserved 1048576K
2022-09-12T02:31:36.596+0800: 659.514: [GC pause (G1 Evacuation Pause) (young) 192M->43041K(256M), 0.0051669 secs]
Heap after GC invocations=1130 (full 0):
 garbage-first heap   total 262144K, used 43041K [0x00000000f0000000, 0x00000000f0100800, 0x0000000100000000)
  region size 1024K, 2 young (2048K), 2 survivors (2048K)
 Metaspace       used 65148K, capacity 69856K, committed 69888K, reserved 1110016K
  class space    used 8396K, capacity 9199K, committed 9216K, reserved 1048576K
}
{Heap before GC invocations=1130 (full 0):
 garbage-first heap   total 262144K, used 197665K [0x00000000f0000000, 0x00000000f0100800, 0x0000000100000000)
  region size 1024K, 153 young (156672K), 2 survivors (2048K)
 Metaspace       used 65148K, capacity 69856K, committed 69888K, reserved 1110016K
  class space    used 8396K, capacity 9199K, committed 9216K, reserved 1048576K
2022-09-12T02:31:37.126+0800: 660.043: [GC pause (G1 Evacuation Pause) (young) 193M->42620K(256M), 0.0052418 secs]
Heap after GC invocations=1131 (full 0):
 garbage-first heap   total 262144K, used 42620K [0x00000000f0000000, 0x00000000f0100800, 0x0000000100000000)
  region size 1024K, 2 young (2048K), 2 survivors (2048K)
 Metaspace       used 65148K, capacity 69856K, committed 69888K, reserved 1110016K
  class space    used 8396K, capacity 9199K, committed 9216K, reserved 1048576K
}
{Heap before GC invocations=1131 (full 0):
 garbage-first heap   total 262144K, used 197244K [0x00000000f0000000, 0x00000000f0100800, 0x0000000100000000)
  region size 1024K, 153 young (156672K), 2 survivors (2048K)
 Metaspace       used 65148K, capacity 69856K, committed 69888K, reserved 1110016K
  class space    used 8396K, capacity 9199K, committed 9216K, reserved 1048576K
2022-09-12T02:31:37.656+0800: 660.573: [GC pause (G1 Evacuation Pause) (young) 192M->42996K(256M), 0.0052788 secs]
Heap after GC invocations=1132 (full 0):
 garbage-first heap   total 262144K, used 42996K [0x00000000f0000000, 0x00000000f0100800, 0x0000000100000000)
  region size 1024K, 2 young (2048K), 2 survivors (2048K)
 Metaspace       used 65148K, capacity 69856K, committed 69888K, reserved 1110016K
  class space    used 8396K, capacity 9199K, committed 9216K, reserved 1048576K
}
{Heap before GC invocations=1132 (full 0):
 garbage-first heap   total 262144K, used 197620K [0x00000000f0000000, 0x00000000f0100800, 0x0000000100000000)
  region size 1024K, 153 young (156672K), 2 survivors (2048K)
 Metaspace       used 65148K, capacity 69856K, committed 69888K, reserved 1110016K
  class space    used 8396K, capacity 9199K, committed 9216K, reserved 1048576K
2022-09-12T02:31:38.185+0800: 661.103: [GC pause (G1 Evacuation Pause) (young) 192M->43048K(256M), 0.0051330 secs]
Heap after GC invocations=1133 (full 0):
 garbage-first heap   total 262144K, used 43048K [0x00000000f0000000, 0x00000000f0100800, 0x0000000100000000)
  region size 1024K, 2 young (2048K), 2 survivors (2048K)
 Metaspace       used 65148K, capacity 69856K, committed 69888K, reserved 1110016K
  class space    used 8396K, capacity 9199K, committed 9216K, reserved 1048576K
}
{Heap before GC invocations=1133 (full 0):
 garbage-first heap   total 262144K, used 197672K [0x00000000f0000000, 0x00000000f0100800, 0x0000000100000000)
  region size 1024K, 153 young (156672K), 2 survivors (2048K)
 Metaspace       used 65148K, capacity 69856K, committed 69888K, reserved 1110016K
  class space    used 8396K, capacity 9199K, committed 9216K, reserved 1048576K
2022-09-12T02:31:38.716+0800: 661.633: [GC pause (G1 Evacuation Pause) (young) 193M->42620K(256M), 0.0053721 secs]
Heap after GC invocations=1134 (full 0):
 garbage-first heap   total 262144K, used 42620K [0x00000000f0000000, 0x00000000f0100800, 0x0000000100000000)
  region size 1024K, 2 young (2048K), 2 survivors (2048K)
 Metaspace       used 65148K, capacity 69856K, committed 69888K, reserved 1110016K
  class space    used 8396K, capacity 9199K, committed 9216K, reserved 1048576K
}
{Heap before GC invocations=1134 (full 0):
 garbage-first heap   total 262144K, used 197244K [0x00000000f0000000, 0x00000000f0100800, 0x0000000100000000)
  region size 1024K, 153 young (156672K), 2 survivors (2048K)
 Metaspace       used 65148K, capacity 69856K, committed 69888K, reserved 1110016K
  class space    used 8396K, capacity 9199K, committed 9216K, reserved 1048576K
2022-09-12T02:31:39.246+0800: 662.164: [GC pause (G1 Evacuation Pause) (young) 192M->42977K(256M), 0.0052423 secs]
Heap after GC invocations=1135 (full 0):
 garbage-first heap   total 262144K, used 42977K [0x00000000f0000000, 0x00000000f0100800, 0x0000000100000000)
  region size 1024K, 2 young (2048K), 2 survivors (2048K)
 Metaspace       used 65148K, capacity 69856K, committed 69888K, reserved 1110016K
  class space    used 8396K, capacity 9199K, committed 9216K, reserved 1048576K
}
{Heap before GC invocations=1135 (full 0):
 garbage-first heap   total 262144K, used 197601K [0x00000000f0000000, 0x00000000f0100800, 0x0000000100000000)
  region size 1024K, 153 young (156672K), 2 survivors (2048K)
 Metaspace       used 65148K, capacity 69856K, committed 69888K, reserved 1110016K
  class space    used 8396K, capacity 9199K, committed 9216K, reserved 1048576K
2022-09-12T02:31:39.776+0800: 662.694: [GC pause (G1 Evacuation Pause) (young) 192M->43042K(256M), 0.0053771 secs]
Heap after GC invocations=1136 (full 0):
 garbage-first heap   total 262144K, used 43042K [0x00000000f0000000, 0x00000000f0100800, 0x0000000100000000)
  region size 1024K, 2 young (2048K), 2 survivors (2048K)
 Metaspace       used 65148K, capacity 69856K, committed 69888K, reserved 1110016K
  class space    used 8396K, capacity 9199K, committed 9216K, reserved 1048576K
}
{Heap before GC invocations=1136 (full 0):
 garbage-first heap   total 262144K, used 197666K [0x00000000f0000000, 0x00000000f0100800, 0x0000000100000000)
  region size 1024K, 153 young (156672K), 2 survivors (2048K)
 Metaspace       used 65148K, capacity 69856K, committed 69888K, reserved 1110016K
  class space    used 8396K, capacity 9199K, committed 9216K, reserved 1048576K
2022-09-12T02:31:40.309+0800: 663.227: [GC pause (G1 Evacuation Pause) (young) 193M->42627K(256M), 0.0052218 secs]
Heap after GC invocations=1137 (full 0):
 garbage-first heap   total 262144K, used 42627K [0x00000000f0000000, 0x00000000f0100800, 0x0000000100000000)
  region size 1024K, 2 young (2048K), 2 survivors (2048K)
 Metaspace       used 65148K, capacity 69856K, committed 69888K, reserved 1110016K
  class space    used 8396K, capacity 9199K, committed 9216K, reserved 1048576K
}
{Heap before GC invocations=1137 (full 0):
 garbage-first heap   total 262144K, used 197251K [0x00000000f0000000, 0x00000000f0100800, 0x0000000100000000)
  region size 1024K, 153 young (156672K), 2 survivors (2048K)
 Metaspace       used 65148K, capacity 69856K, committed 69888K, reserved 1110016K
  class space    used 8396K, capacity 9199K, committed 9216K, reserved 1048576K
2022-09-12T02:31:40.839+0800: 663.756: [GC pause (G1 Evacuation Pause) (young) 192M->42991K(256M), 0.0051928 secs]
Heap after GC invocations=1138 (full 0):
 garbage-first heap   total 262144K, used 42991K [0x00000000f0000000, 0x00000000f0100800, 0x0000000100000000)
  region size 1024K, 2 young (2048K), 2 survivors (2048K)
 Metaspace       used 65148K, capacity 69856K, committed 69888K, reserved 1110016K
  class space    used 8396K, capacity 9199K, committed 9216K, reserved 1048576K
}
{Heap before GC invocations=1138 (full 0):
 garbage-first heap   total 262144K, used 197615K [0x00000000f0000000, 0x00000000f0100800, 0x0000000100000000)
  region size 1024K, 153 young (156672K), 2 survivors (2048K)
 Metaspace       used 65148K, capacity 69856K, committed 69888K, reserved 1110016K
  class space    used 8396K, capacity 9199K, committed 9216K, reserved 1048576K
2022-09-12T02:31:41.379+0800: 664.297: [GC pause (G1 Evacuation Pause) (young) 192M->43046K(256M), 0.0051761 secs]
Heap after GC invocations=1139 (full 0):
 garbage-first heap   total 262144K, used 43046K [0x00000000f0000000, 0x00000000f0100800, 0x0000000100000000)
  region size 1024K, 2 young (2048K), 2 survivors (2048K)
 Metaspace       used 65148K, capacity 69856K, committed 69888K, reserved 1110016K
  class space    used 8396K, capacity 9199K, committed 9216K, reserved 1048576K
}
{Heap before GC invocations=1139 (full 0):
 garbage-first heap   total 262144K, used 197670K [0x00000000f0000000, 0x00000000f0100800, 0x0000000100000000)
  region size 1024K, 153 young (156672K), 2 survivors (2048K)
 Metaspace       used 65148K, capacity 69856K, committed 69888K, reserved 1110016K
  class space    used 8396K, capacity 9199K, committed 9216K, reserved 1048576K
2022-09-12T02:31:41.912+0800: 664.830: [GC pause (G1 Evacuation Pause) (young) 193M->42624K(256M), 0.0050910 secs]
Heap after GC invocations=1140 (full 0):
 garbage-first heap   total 262144K, used 42624K [0x00000000f0000000, 0x00000000f0100800, 0x0000000100000000)
  region size 1024K, 2 young (2048K), 2 survivors (2048K)
 Metaspace       used 65148K, capacity 69856K, committed 69888K, reserved 1110016K
  class space    used 8396K, capacity 9199K, committed 9216K, reserved 1048576K
}
{Heap before GC invocations=1140 (full 0):
 garbage-first heap   total 262144K, used 197248K [0x00000000f0000000, 0x00000000f0100800, 0x0000000100000000)
  region size 1024K, 153 young (156672K), 2 survivors (2048K)
 Metaspace       used 65149K, capacity 69856K, committed 69888K, reserved 1110016K
  class space    used 8396K, capacity 9199K, committed 9216K, reserved 1048576K
2022-09-12T02:31:42.443+0800: 665.361: [GC pause (G1 Evacuation Pause) (young) 192M->42980K(256M), 0.0051397 secs]
Heap after GC invocations=1141 (full 0):
 garbage-first heap   total 262144K, used 42980K [0x00000000f0000000, 0x00000000f0100800, 0x0000000100000000)
  region size 1024K, 2 young (2048K), 2 survivors (2048K)
 Metaspace       used 65149K, capacity 69856K, committed 69888K, reserved 1110016K
  class space    used 8396K, capacity 9199K, committed 9216K, reserved 1048576K
}
{Heap before GC invocations=1141 (full 0):
 garbage-first heap   total 262144K, used 197604K [0x00000000f0000000, 0x00000000f0100800, 0x0000000100000000)
  region size 1024K, 153 young (156672K), 2 survivors (2048K)
 Metaspace       used 65149K, capacity 69856K, committed 69888K, reserved 1110016K
  class space    used 8396K, capacity 9199K, committed 9216K, reserved 1048576K
2022-09-12T02:31:42.976+0800: 665.893: [GC pause (G1 Evacuation Pause) (young) 192M->43037K(256M), 0.0051271 secs]
Heap after GC invocations=1142 (full 0):
 garbage-first heap   total 262144K, used 43037K [0x00000000f0000000, 0x00000000f0100800, 0x0000000100000000)
  region size 1024K, 2 young (2048K), 2 survivors (2048K)
 Metaspace       used 65149K, capacity 69856K, committed 69888K, reserved 1110016K
  class space    used 8396K, capacity 9199K, committed 9216K, reserved 1048576K
}
{Heap before GC invocations=1142 (full 0):
 garbage-first heap   total 262144K, used 197661K [0x00000000f0000000, 0x00000000f0100800, 0x0000000100000000)
  region size 1024K, 153 young (156672K), 2 survivors (2048K)
 Metaspace       used 65149K, capacity 69856K, committed 69888K, reserved 1110016K
  class space    used 8396K, capacity 9199K, committed 9216K, reserved 1048576K
2022-09-12T02:31:43.506+0800: 666.424: [GC pause (G1 Evacuation Pause) (young) 193M->42623K(256M), 0.0052196 secs]
Heap after GC invocations=1143 (full 0):
 garbage-first heap   total 262144K, used 42623K [0x00000000f0000000, 0x00000000f0100800, 0x0000000100000000)
  region size 1024K, 2 young (2048K), 2 survivors (2048K)
 Metaspace       used 65149K, capacity 69856K, committed 69888K, reserved 1110016K
  class space    used 8396K, capacity 9199K, committed 9216K, reserved 1048576K
}
{Heap before GC invocations=1143 (full 0):
 garbage-first heap   total 262144K, used 197247K [0x00000000f0000000, 0x00000000f0100800, 0x0000000100000000)
  region size 1024K, 153 young (156672K), 2 survivors (2048K)
 Metaspace       used 65149K, capacity 69856K, committed 69888K, reserved 1110016K
  class space    used 8396K, capacity 9199K, committed 9216K, reserved 1048576K
2022-09-12T02:31:44.035+0800: 666.952: [GC pause (G1 Evacuation Pause) (young) 192M->42982K(256M), 0.0053386 secs]
Heap after GC invocations=1144 (full 0):
 garbage-first heap   total 262144K, used 42982K [0x00000000f0000000, 0x00000000f0100800, 0x0000000100000000)
  region size 1024K, 2 young (2048K), 2 survivors (2048K)
 Metaspace       used 65149K, capacity 69856K, committed 69888K, reserved 1110016K
  class space    used 8396K, capacity 9199K, committed 9216K, reserved 1048576K
}
{Heap before GC invocations=1144 (full 0):
 garbage-first heap   total 262144K, used 197606K [0x00000000f0000000, 0x00000000f0100800, 0x0000000100000000)
  region size 1024K, 153 young (156672K), 2 survivors (2048K)
 Metaspace       used 65149K, capacity 69856K, committed 69888K, reserved 1110016K
  class space    used 8396K, capacity 9199K, committed 9216K, reserved 1048576K
2022-09-12T02:31:44.565+0800: 667.483: [GC pause (G1 Evacuation Pause) (young) 192M->43045K(256M), 0.0051837 secs]
Heap after GC invocations=1145 (full 0):
 garbage-first heap   total 262144K, used 43045K [0x00000000f0000000, 0x00000000f0100800, 0x0000000100000000)
  region size 1024K, 2 young (2048K), 2 survivors (2048K)
 Metaspace       used 65149K, capacity 69856K, committed 69888K, reserved 1110016K
  class space    used 8396K, capacity 9199K, committed 9216K, reserved 1048576K
}
{Heap before GC invocations=1145 (full 0):
 garbage-first heap   total 262144K, used 197669K [0x00000000f0000000, 0x00000000f0100800, 0x0000000100000000)
  region size 1024K, 153 young (156672K), 2 survivors (2048K)
 Metaspace       used 65149K, capacity 69856K, committed 69888K, reserved 1110016K
  class space    used 8396K, capacity 9199K, committed 9216K, reserved 1048576K
2022-09-12T02:31:45.095+0800: 668.013: [GC pause (G1 Evacuation Pause) (young) 193M->42624K(256M), 0.0053572 secs]
Heap after GC invocations=1146 (full 0):
 garbage-first heap   total 262144K, used 42624K [0x00000000f0000000, 0x00000000f0100800, 0x0000000100000000)
  region size 1024K, 2 young (2048K), 2 survivors (2048K)
 Metaspace       used 65149K, capacity 69856K, committed 69888K, reserved 1110016K
  class space    used 8396K, capacity 9199K, committed 9216K, reserved 1048576K
}
{Heap before GC invocations=1146 (full 0):
 garbage-first heap   total 262144K, used 197248K [0x00000000f0000000, 0x00000000f0100800, 0x0000000100000000)
  region size 1024K, 153 young (156672K), 2 survivors (2048K)
 Metaspace       used 65149K, capacity 69856K, committed 69888K, reserved 1110016K
  class space    used 8396K, capacity 9199K, committed 9216K, reserved 1048576K
2022-09-12T02:31:45.625+0800: 668.543: [GC pause (G1 Evacuation Pause) (young) 192M->43006K(256M), 0.0052032 secs]
Heap after GC invocations=1147 (full 0):
 garbage-first heap   total 262144K, used 43006K [0x00000000f0000000, 0x00000000f0100800, 0x0000000100000000)
  region size 1024K, 2 young (2048K), 2 survivors (2048K)
 Metaspace       used 65149K, capacity 69856K, committed 69888K, reserved 1110016K
  class space    used 8396K, capacity 9199K, committed 9216K, reserved 1048576K
}
{Heap before GC invocations=1147 (full 0):
 garbage-first heap   total 262144K, used 197630K [0x00000000f0000000, 0x00000000f0100800, 0x0000000100000000)
  region size 1024K, 153 young (156672K), 2 survivors (2048K)
 Metaspace       used 65149K, capacity 69856K, committed 69888K, reserved 1110016K
  class space    used 8396K, capacity 9199K, committed 9216K, reserved 1048576K
2022-09-12T02:31:46.169+0800: 669.087: [GC pause (G1 Evacuation Pause) (young) 192M->43049K(256M), 0.0052046 secs]
Heap after GC invocations=1148 (full 0):
 garbage-first heap   total 262144K, used 43049K [0x00000000f0000000, 0x00000000f0100800, 0x0000000100000000)
  region size 1024K, 2 young (2048K), 2 survivors (2048K)
 Metaspace       used 65149K, capacity 69856K, committed 69888K, reserved 1110016K
  class space    used 8396K, capacity 9199K, committed 9216K, reserved 1048576K
}
{Heap before GC invocations=1148 (full 0):
 garbage-first heap   total 262144K, used 197673K [0x00000000f0000000, 0x00000000f0100800, 0x0000000100000000)
  region size 1024K, 153 young (156672K), 2 survivors (2048K)
 Metaspace       used 65149K, capacity 69856K, committed 69888K, reserved 1110016K
  class space    used 8396K, capacity 9199K, committed 9216K, reserved 1048576K
2022-09-12T02:31:46.699+0800: 669.617: [GC pause (G1 Evacuation Pause) (young) 193M->42622K(256M), 0.0051778 secs]
Heap after GC invocations=1149 (full 0):
 garbage-first heap   total 262144K, used 42622K [0x00000000f0000000, 0x00000000f0100800, 0x0000000100000000)
  region size 1024K, 2 young (2048K), 2 survivors (2048K)
 Metaspace       used 65149K, capacity 69856K, committed 69888K, reserved 1110016K
  class space    used 8396K, capacity 9199K, committed 9216K, reserved 1048576K
}
{Heap before GC invocations=1149 (full 0):
 garbage-first heap   total 262144K, used 197246K [0x00000000f0000000, 0x00000000f0100800, 0x0000000100000000)
  region size 1024K, 153 young (156672K), 2 survivors (2048K)
 Metaspace       used 65149K, capacity 69856K, committed 69888K, reserved 1110016K
  class space    used 8396K, capacity 9199K, committed 9216K, reserved 1048576K
2022-09-12T02:31:47.232+0800: 670.150: [GC pause (G1 Evacuation Pause) (young) 192M->42977K(256M), 0.0052614 secs]
Heap after GC invocations=1150 (full 0):
 garbage-first heap   total 262144K, used 42977K [0x00000000f0000000, 0x00000000f0100800, 0x0000000100000000)
  region size 1024K, 2 young (2048K), 2 survivors (2048K)
 Metaspace       used 65149K, capacity 69856K, committed 69888K, reserved 1110016K
  class space    used 8396K, capacity 9199K, committed 9216K, reserved 1048576K
}
{Heap before GC invocations=1150 (full 0):
 garbage-first heap   total 262144K, used 197601K [0x00000000f0000000, 0x00000000f0100800, 0x0000000100000000)
  region size 1024K, 153 young (156672K), 2 survivors (2048K)
 Metaspace       used 65149K, capacity 69856K, committed 69888K, reserved 1110016K
  class space    used 8396K, capacity 9199K, committed 9216K, reserved 1048576K
2022-09-12T02:31:47.763+0800: 670.681: [GC pause (G1 Evacuation Pause) (young) 192M->43036K(256M), 0.0051994 secs]
Heap after GC invocations=1151 (full 0):
 garbage-first heap   total 262144K, used 43036K [0x00000000f0000000, 0x00000000f0100800, 0x0000000100000000)
  region size 1024K, 2 young (2048K), 2 survivors (2048K)
 Metaspace       used 65149K, capacity 69856K, committed 69888K, reserved 1110016K
  class space    used 8396K, capacity 9199K, committed 9216K, reserved 1048576K
}
{Heap before GC invocations=1151 (full 0):
 garbage-first heap   total 262144K, used 197660K [0x00000000f0000000, 0x00000000f0100800, 0x0000000100000000)
  region size 1024K, 153 young (156672K), 2 survivors (2048K)
 Metaspace       used 65149K, capacity 69856K, committed 69888K, reserved 1110016K
  class space    used 8396K, capacity 9199K, committed 9216K, reserved 1048576K
2022-09-12T02:31:48.293+0800: 671.211: [GC pause (G1 Evacuation Pause) (young) 193M->42623K(256M), 0.0051017 secs]
Heap after GC invocations=1152 (full 0):
 garbage-first heap   total 262144K, used 42623K [0x00000000f0000000, 0x00000000f0100800, 0x0000000100000000)
  region size 1024K, 2 young (2048K), 2 survivors (2048K)
 Metaspace       used 65149K, capacity 69856K, committed 69888K, reserved 1110016K
  class space    used 8396K, capacity 9199K, committed 9216K, reserved 1048576K
}
{Heap before GC invocations=1152 (full 0):
 garbage-first heap   total 262144K, used 197247K [0x00000000f0000000, 0x00000000f0100800, 0x0000000100000000)
  region size 1024K, 153 young (156672K), 2 survivors (2048K)
 Metaspace       used 65149K, capacity 69856K, committed 69888K, reserved 1110016K
  class space    used 8396K, capacity 9199K, committed 9216K, reserved 1048576K
2022-09-12T02:31:48.827+0800: 671.745: [GC pause (G1 Evacuation Pause) (young) 192M->42985K(256M), 0.0052051 secs]
Heap after GC invocations=1153 (full 0):
 garbage-first heap   total 262144K, used 42985K [0x00000000f0000000, 0x00000000f0100800, 0x0000000100000000)
  region size 1024K, 2 young (2048K), 2 survivors (2048K)
 Metaspace       used 65149K, capacity 69856K, committed 69888K, reserved 1110016K
  class space    used 8396K, capacity 9199K, committed 9216K, reserved 1048576K
}
{Heap before GC invocations=1153 (full 0):
 garbage-first heap   total 262144K, used 197609K [0x00000000f0000000, 0x00000000f0100800, 0x0000000100000000)
  region size 1024K, 153 young (156672K), 2 survivors (2048K)
 Metaspace       used 65149K, capacity 69856K, committed 69888K, reserved 1110016K
  class space    used 8396K, capacity 9199K, committed 9216K, reserved 1048576K
2022-09-12T02:31:49.358+0800: 672.275: [GC pause (G1 Evacuation Pause) (young) 192M->43043K(256M), 0.0051997 secs]
Heap after GC invocations=1154 (full 0):
 garbage-first heap   total 262144K, used 43043K [0x00000000f0000000, 0x00000000f0100800, 0x0000000100000000)
  region size 1024K, 2 young (2048K), 2 survivors (2048K)
 Metaspace       used 65149K, capacity 69856K, committed 69888K, reserved 1110016K
  class space    used 8396K, capacity 9199K, committed 9216K, reserved 1048576K
}
{Heap before GC invocations=1154 (full 0):
 garbage-first heap   total 262144K, used 197667K [0x00000000f0000000, 0x00000000f0100800, 0x0000000100000000)
  region size 1024K, 153 young (156672K), 2 survivors (2048K)
 Metaspace       used 65149K, capacity 69856K, committed 69888K, reserved 1110016K
  class space    used 8396K, capacity 9199K, committed 9216K, reserved 1048576K
2022-09-12T02:31:49.887+0800: 672.805: [GC pause (G1 Evacuation Pause) (young) 193M->42624K(256M), 0.0053087 secs]
Heap after GC invocations=1155 (full 0):
 garbage-first heap   total 262144K, used 42624K [0x00000000f0000000, 0x00000000f0100800, 0x0000000100000000)
  region size 1024K, 2 young (2048K), 2 survivors (2048K)
 Metaspace       used 65149K, capacity 69856K, committed 69888K, reserved 1110016K
  class space    used 8396K, capacity 9199K, committed 9216K, reserved 1048576K
}
{Heap before GC invocations=1155 (full 0):
 garbage-first heap   total 262144K, used 197248K [0x00000000f0000000, 0x00000000f0100800, 0x0000000100000000)
  region size 1024K, 153 young (156672K), 2 survivors (2048K)
 Metaspace       used 65149K, capacity 69856K, committed 69888K, reserved 1110016K
  class space    used 8396K, capacity 9199K, committed 9216K, reserved 1048576K
2022-09-12T02:31:50.418+0800: 673.336: [GC pause (G1 Evacuation Pause) (young) 192M->42989K(256M), 0.0052475 secs]
Heap after GC invocations=1156 (full 0):
 garbage-first heap   total 262144K, used 42989K [0x00000000f0000000, 0x00000000f0100800, 0x0000000100000000)
  region size 1024K, 2 young (2048K), 2 survivors (2048K)
 Metaspace       used 65149K, capacity 69856K, committed 69888K, reserved 1110016K
  class space    used 8396K, capacity 9199K, committed 9216K, reserved 1048576K
}
{Heap before GC invocations=1156 (full 0):
 garbage-first heap   total 262144K, used 197613K [0x00000000f0000000, 0x00000000f0100800, 0x0000000100000000)
  region size 1024K, 153 young (156672K), 2 survivors (2048K)
 Metaspace       used 65149K, capacity 69856K, committed 69888K, reserved 1110016K
  class space    used 8396K, capacity 9199K, committed 9216K, reserved 1048576K
2022-09-12T02:31:50.948+0800: 673.866: [GC pause (G1 Evacuation Pause) (young) 192M->43046K(256M), 0.0051892 secs]
Heap after GC invocations=1157 (full 0):
 garbage-first heap   total 262144K, used 43046K [0x00000000f0000000, 0x00000000f0100800, 0x0000000100000000)
  region size 1024K, 2 young (2048K), 2 survivors (2048K)
 Metaspace       used 65149K, capacity 69856K, committed 69888K, reserved 1110016K
  class space    used 8396K, capacity 9199K, committed 9216K, reserved 1048576K
}
{Heap before GC invocations=1157 (full 0):
 garbage-first heap   total 262144K, used 197670K [0x00000000f0000000, 0x00000000f0100800, 0x0000000100000000)
  region size 1024K, 153 young (156672K), 2 survivors (2048K)
 Metaspace       used 65149K, capacity 69856K, committed 69888K, reserved 1110016K
  class space    used 8396K, capacity 9199K, committed 9216K, reserved 1048576K
2022-09-12T02:31:51.488+0800: 674.406: [GC pause (G1 Evacuation Pause) (young) 193M->42626K(256M), 0.0050694 secs]
Heap after GC invocations=1158 (full 0):
 garbage-first heap   total 262144K, used 42626K [0x00000000f0000000, 0x00000000f0100800, 0x0000000100000000)
  region size 1024K, 2 young (2048K), 2 survivors (2048K)
 Metaspace       used 65149K, capacity 69856K, committed 69888K, reserved 1110016K
  class space    used 8396K, capacity 9199K, committed 9216K, reserved 1048576K
}
{Heap before GC invocations=1158 (full 0):
 garbage-first heap   total 262144K, used 197250K [0x00000000f0000000, 0x00000000f0100800, 0x0000000100000000)
  region size 1024K, 153 young (156672K), 2 survivors (2048K)
 Metaspace       used 65149K, capacity 69856K, committed 69888K, reserved 1110016K
  class space    used 8396K, capacity 9199K, committed 9216K, reserved 1048576K
2022-09-12T02:31:52.019+0800: 674.937: [GC pause (G1 Evacuation Pause) (young) 192M->42999K(256M), 0.0051477 secs]
Heap after GC invocations=1159 (full 0):
 garbage-first heap   total 262144K, used 42999K [0x00000000f0000000, 0x00000000f0100800, 0x0000000100000000)
  region size 1024K, 2 young (2048K), 2 survivors (2048K)
 Metaspace       used 65149K, capacity 69856K, committed 69888K, reserved 1110016K
  class space    used 8396K, capacity 9199K, committed 9216K, reserved 1048576K
}
{Heap before GC invocations=1159 (full 0):
 garbage-first heap   total 262144K, used 197623K [0x00000000f0000000, 0x00000000f0100800, 0x0000000100000000)
  region size 1024K, 153 young (156672K), 2 survivors (2048K)
 Metaspace       used 65149K, capacity 69856K, committed 69888K, reserved 1110016K
  class space    used 8396K, capacity 9199K, committed 9216K, reserved 1048576K
2022-09-12T02:31:52.550+0800: 675.468: [GC pause (G1 Evacuation Pause) (young) 192M->43044K(256M), 0.0052448 secs]
Heap after GC invocations=1160 (full 0):
 garbage-first heap   total 262144K, used 43044K [0x00000000f0000000, 0x00000000f0100800, 0x0000000100000000)
  region size 1024K, 2 young (2048K), 2 survivors (2048K)
 Metaspace       used 65149K, capacity 69856K, committed 69888K, reserved 1110016K
  class space    used 8396K, capacity 9199K, committed 9216K, reserved 1048576K
}
{Heap before GC invocations=1160 (full 0):
 garbage-first heap   total 262144K, used 197668K [0x00000000f0000000, 0x00000000f0100800, 0x0000000100000000)
  region size 1024K, 153 young (156672K), 2 survivors (2048K)
 Metaspace       used 65149K, capacity 69856K, committed 69888K, reserved 1110016K
  class space    used 8396K, capacity 9199K, committed 9216K, reserved 1048576K
2022-09-12T02:31:53.082+0800: 676.000: [GC pause (G1 Evacuation Pause) (young) 193M->42782K(256M), 0.0052692 secs]
Heap after GC invocations=1161 (full 0):
 garbage-first heap   total 262144K, used 42782K [0x00000000f0000000, 0x00000000f0100800, 0x0000000100000000)
  region size 1024K, 2 young (2048K), 2 survivors (2048K)
 Metaspace       used 65149K, capacity 69856K, committed 69888K, reserved 1110016K
  class space    used 8396K, capacity 9199K, committed 9216K, reserved 1048576K
}
{Heap before GC invocations=1161 (full 0):
 garbage-first heap   total 262144K, used 197406K [0x00000000f0000000, 0x00000000f0100800, 0x0000000100000000)
  region size 1024K, 153 young (156672K), 2 survivors (2048K)
 Metaspace       used 65149K, capacity 69856K, committed 69888K, reserved 1110016K
  class space    used 8396K, capacity 9199K, committed 9216K, reserved 1048576K
2022-09-12T02:31:53.614+0800: 676.531: [GC pause (G1 Evacuation Pause) (young) 192M->42771K(256M), 0.0058075 secs]
Heap after GC invocations=1162 (full 0):
 garbage-first heap   total 262144K, used 42771K [0x00000000f0000000, 0x00000000f0100800, 0x0000000100000000)
  region size 1024K, 2 young (2048K), 2 survivors (2048K)
 Metaspace       used 65149K, capacity 69856K, committed 69888K, reserved 1110016K
  class space    used 8396K, capacity 9199K, committed 9216K, reserved 1048576K
}
{Heap before GC invocations=1162 (full 0):
 garbage-first heap   total 262144K, used 197395K [0x00000000f0000000, 0x00000000f0100800, 0x0000000100000000)
  region size 1024K, 153 young (156672K), 2 survivors (2048K)
 Metaspace       used 65149K, capacity 69856K, committed 69888K, reserved 1110016K
  class space    used 8396K, capacity 9199K, committed 9216K, reserved 1048576K
2022-09-12T02:31:54.145+0800: 677.062: [GC pause (G1 Evacuation Pause) (young) 192M->43041K(256M), 0.0052568 secs]
Heap after GC invocations=1163 (full 0):
 garbage-first heap   total 262144K, used 43041K [0x00000000f0000000, 0x00000000f0100800, 0x0000000100000000)
  region size 1024K, 2 young (2048K), 2 survivors (2048K)
 Metaspace       used 65149K, capacity 69856K, committed 69888K, reserved 1110016K
  class space    used 8396K, capacity 9199K, committed 9216K, reserved 1048576K
}
{Heap before GC invocations=1163 (full 0):
 garbage-first heap   total 262144K, used 197665K [0x00000000f0000000, 0x00000000f0100800, 0x0000000100000000)
  region size 1024K, 153 young (156672K), 2 survivors (2048K)
 Metaspace       used 65149K, capacity 69856K, committed 69888K, reserved 1110016K
  class space    used 8396K, capacity 9199K, committed 9216K, reserved 1048576K
2022-09-12T02:31:54.678+0800: 677.595: [GC pause (G1 Evacuation Pause) (young) 193M->42628K(256M), 0.0051584 secs]
Heap after GC invocations=1164 (full 0):
 garbage-first heap   total 262144K, used 42628K [0x00000000f0000000, 0x00000000f0100800, 0x0000000100000000)
  region size 1024K, 2 young (2048K), 2 survivors (2048K)
 Metaspace       used 65149K, capacity 69856K, committed 69888K, reserved 1110016K
  class space    used 8396K, capacity 9199K, committed 9216K, reserved 1048576K
}
{Heap before GC invocations=1164 (full 0):
 garbage-first heap   total 262144K, used 197252K [0x00000000f0000000, 0x00000000f0100800, 0x0000000100000000)
  region size 1024K, 153 young (156672K), 2 survivors (2048K)
 Metaspace       used 65149K, capacity 69856K, committed 69888K, reserved 1110016K
  class space    used 8396K, capacity 9199K, committed 9216K, reserved 1048576K
2022-09-12T02:31:55.215+0800: 678.132: [GC pause (G1 Evacuation Pause) (young) 192M->42542K(256M), 0.0048983 secs]
Heap after GC invocations=1165 (full 0):
 garbage-first heap   total 262144K, used 42542K [0x00000000f0000000, 0x00000000f0100800, 0x0000000100000000)
  region size 1024K, 2 young (2048K), 2 survivors (2048K)
 Metaspace       used 65149K, capacity 69856K, committed 69888K, reserved 1110016K
  class space    used 8396K, capacity 9199K, committed 9216K, reserved 1048576K
}
{Heap before GC invocations=1165 (full 0):
 garbage-first heap   total 262144K, used 197166K [0x00000000f0000000, 0x00000000f0100800, 0x0000000100000000)
  region size 1024K, 153 young (156672K), 2 survivors (2048K)
 Metaspace       used 65149K, capacity 69856K, committed 69888K, reserved 1110016K
  class space    used 8396K, capacity 9199K, committed 9216K, reserved 1048576K
2022-09-12T02:31:55.741+0800: 678.659: [GC pause (G1 Evacuation Pause) (young) 192M->42715K(256M), 0.0052353 secs]
Heap after GC invocations=1166 (full 0):
 garbage-first heap   total 262144K, used 42715K [0x00000000f0000000, 0x00000000f0100800, 0x0000000100000000)
  region size 1024K, 2 young (2048K), 2 survivors (2048K)
 Metaspace       used 65149K, capacity 69856K, committed 69888K, reserved 1110016K
  class space    used 8396K, capacity 9199K, committed 9216K, reserved 1048576K
}
{Heap before GC invocations=1166 (full 0):
 garbage-first heap   total 262144K, used 197339K [0x00000000f0000000, 0x00000000f0100800, 0x0000000100000000)
  region size 1024K, 153 young (156672K), 2 survivors (2048K)
 Metaspace       used 65149K, capacity 69856K, committed 69888K, reserved 1110016K
  class space    used 8396K, capacity 9199K, committed 9216K, reserved 1048576K
2022-09-12T02:31:56.279+0800: 679.196: [GC pause (G1 Evacuation Pause) (young) 192M->43029K(256M), 0.0051690 secs]
Heap after GC invocations=1167 (full 0):
 garbage-first heap   total 262144K, used 43029K [0x00000000f0000000, 0x00000000f0100800, 0x0000000100000000)
  region size 1024K, 2 young (2048K), 2 survivors (2048K)
 Metaspace       used 65149K, capacity 69856K, committed 69888K, reserved 1110016K
  class space    used 8396K, capacity 9199K, committed 9216K, reserved 1048576K
}
{Heap before GC invocations=1167 (full 0):
 garbage-first heap   total 262144K, used 197653K [0x00000000f0000000, 0x00000000f0100800, 0x0000000100000000)
  region size 1024K, 153 young (156672K), 2 survivors (2048K)
 Metaspace       used 65149K, capacity 69856K, committed 69888K, reserved 1110016K
  class space    used 8396K, capacity 9199K, committed 9216K, reserved 1048576K
2022-09-12T02:31:56.808+0800: 679.726: [GC pause (G1 Evacuation Pause) (young) 193M->43071K(256M), 0.0051999 secs]
Heap after GC invocations=1168 (full 0):
 garbage-first heap   total 262144K, used 43071K [0x00000000f0000000, 0x00000000f0100800, 0x0000000100000000)
  region size 1024K, 2 young (2048K), 2 survivors (2048K)
 Metaspace       used 65149K, capacity 69856K, committed 69888K, reserved 1110016K
  class space    used 8396K, capacity 9199K, committed 9216K, reserved 1048576K
}
{Heap before GC invocations=1168 (full 0):
 garbage-first heap   total 262144K, used 197695K [0x00000000f0000000, 0x00000000f0100800, 0x0000000100000000)
  region size 1024K, 153 young (156672K), 2 survivors (2048K)
 Metaspace       used 65149K, capacity 69856K, committed 69888K, reserved 1110016K
  class space    used 8396K, capacity 9199K, committed 9216K, reserved 1048576K
2022-09-12T02:31:57.337+0800: 680.255: [GC pause (G1 Evacuation Pause) (young) 193M->42630K(256M), 0.0051918 secs]
Heap after GC invocations=1169 (full 0):
 garbage-first heap   total 262144K, used 42630K [0x00000000f0000000, 0x00000000f0100800, 0x0000000100000000)
  region size 1024K, 2 young (2048K), 2 survivors (2048K)
 Metaspace       used 65149K, capacity 69856K, committed 69888K, reserved 1110016K
  class space    used 8396K, capacity 9199K, committed 9216K, reserved 1048576K
}
{Heap before GC invocations=1169 (full 0):
 garbage-first heap   total 262144K, used 197254K [0x00000000f0000000, 0x00000000f0100800, 0x0000000100000000)
  region size 1024K, 153 young (156672K), 2 survivors (2048K)
 Metaspace       used 65149K, capacity 69856K, committed 69888K, reserved 1110016K
  class space    used 8396K, capacity 9199K, committed 9216K, reserved 1048576K
2022-09-12T02:31:57.868+0800: 680.786: [GC pause (G1 Evacuation Pause) (young) 192M->42990K(256M), 0.0050994 secs]
Heap after GC invocations=1170 (full 0):
 garbage-first heap   total 262144K, used 42990K [0x00000000f0000000, 0x00000000f0100800, 0x0000000100000000)
  region size 1024K, 2 young (2048K), 2 survivors (2048K)
 Metaspace       used 65149K, capacity 69856K, committed 69888K, reserved 1110016K
  class space    used 8396K, capacity 9199K, committed 9216K, reserved 1048576K
}
{Heap before GC invocations=1170 (full 0):
 garbage-first heap   total 262144K, used 197614K [0x00000000f0000000, 0x00000000f0100800, 0x0000000100000000)
  region size 1024K, 153 young (156672K), 2 survivors (2048K)
 Metaspace       used 65149K, capacity 69856K, committed 69888K, reserved 1110016K
  class space    used 8396K, capacity 9199K, committed 9216K, reserved 1048576K
2022-09-12T02:31:58.397+0800: 681.314: [GC pause (G1 Evacuation Pause) (young) 192M->43040K(256M), 0.0053924 secs]
Heap after GC invocations=1171 (full 0):
 garbage-first heap   total 262144K, used 43040K [0x00000000f0000000, 0x00000000f0100800, 0x0000000100000000)
  region size 1024K, 2 young (2048K), 2 survivors (2048K)
 Metaspace       used 65149K, capacity 69856K, committed 69888K, reserved 1110016K
  class space    used 8396K, capacity 9199K, committed 9216K, reserved 1048576K
}
{Heap before GC invocations=1171 (full 0):
 garbage-first heap   total 262144K, used 197664K [0x00000000f0000000, 0x00000000f0100800, 0x0000000100000000)
  region size 1024K, 153 young (156672K), 2 survivors (2048K)
 Metaspace       used 65149K, capacity 69856K, committed 69888K, reserved 1110016K
  class space    used 8396K, capacity 9199K, committed 9216K, reserved 1048576K
2022-09-12T02:31:58.928+0800: 681.846: [GC pause (G1 Evacuation Pause) (young) 193M->43071K(256M), 0.0051500 secs]
Heap after GC invocations=1172 (full 0):
 garbage-first heap   total 262144K, used 43071K [0x00000000f0000000, 0x00000000f0100800, 0x0000000100000000)
  region size 1024K, 2 young (2048K), 2 survivors (2048K)
 Metaspace       used 65149K, capacity 69856K, committed 69888K, reserved 1110016K
  class space    used 8396K, capacity 9199K, committed 9216K, reserved 1048576K
}
{Heap before GC invocations=1172 (full 0):
 garbage-first heap   total 262144K, used 197695K [0x00000000f0000000, 0x00000000f0100800, 0x0000000100000000)
  region size 1024K, 153 young (156672K), 2 survivors (2048K)
 Metaspace       used 65149K, capacity 69856K, committed 69888K, reserved 1110016K
  class space    used 8396K, capacity 9199K, committed 9216K, reserved 1048576K
2022-09-12T02:31:59.458+0800: 682.376: [GC pause (G1 Evacuation Pause) (young) 193M->42632K(256M), 0.0052042 secs]
Heap after GC invocations=1173 (full 0):
 garbage-first heap   total 262144K, used 42632K [0x00000000f0000000, 0x00000000f0100800, 0x0000000100000000)
  region size 1024K, 2 young (2048K), 2 survivors (2048K)
 Metaspace       used 65149K, capacity 69856K, committed 69888K, reserved 1110016K
  class space    used 8396K, capacity 9199K, committed 9216K, reserved 1048576K
}
{Heap before GC invocations=1173 (full 0):
 garbage-first heap   total 262144K, used 197256K [0x00000000f0000000, 0x00000000f0100800, 0x0000000100000000)
  region size 1024K, 153 young (156672K), 2 survivors (2048K)
 Metaspace       used 65149K, capacity 69856K, committed 69888K, reserved 1110016K
  class space    used 8396K, capacity 9199K, committed 9216K, reserved 1048576K
2022-09-12T02:31:59.995+0800: 682.912: [GC pause (G1 Evacuation Pause) (young) 192M->42989K(256M), 0.0054702 secs]
Heap after GC invocations=1174 (full 0):
 garbage-first heap   total 262144K, used 42989K [0x00000000f0000000, 0x00000000f0100800, 0x0000000100000000)
  region size 1024K, 2 young (2048K), 2 survivors (2048K)
 Metaspace       used 65149K, capacity 69856K, committed 69888K, reserved 1110016K
  class space    used 8396K, capacity 9199K, committed 9216K, reserved 1048576K
}
{Heap before GC invocations=1174 (full 0):
 garbage-first heap   total 262144K, used 197613K [0x00000000f0000000, 0x00000000f0100800, 0x0000000100000000)
  region size 1024K, 153 young (156672K), 2 survivors (2048K)
 Metaspace       used 65149K, capacity 69856K, committed 69888K, reserved 1110016K
  class space    used 8396K, capacity 9199K, committed 9216K, reserved 1048576K
2022-09-12T02:32:00.523+0800: 683.441: [GC pause (G1 Evacuation Pause) (young) 192M->43044K(256M), 0.0052359 secs]
Heap after GC invocations=1175 (full 0):
 garbage-first heap   total 262144K, used 43044K [0x00000000f0000000, 0x00000000f0100800, 0x0000000100000000)
  region size 1024K, 2 young (2048K), 2 survivors (2048K)
 Metaspace       used 65149K, capacity 69856K, committed 69888K, reserved 1110016K
  class space    used 8396K, capacity 9199K, committed 9216K, reserved 1048576K
}
{Heap before GC invocations=1175 (full 0):
 garbage-first heap   total 262144K, used 197668K [0x00000000f0000000, 0x00000000f0100800, 0x0000000100000000)
  region size 1024K, 153 young (156672K), 2 survivors (2048K)
 Metaspace       used 65149K, capacity 69856K, committed 69888K, reserved 1110016K
  class space    used 8396K, capacity 9199K, committed 9216K, reserved 1048576K
2022-09-12T02:32:01.061+0800: 683.979: [GC pause (G1 Evacuation Pause) (young) 193M->43073K(256M), 0.0050887 secs]
Heap after GC invocations=1176 (full 0):
 garbage-first heap   total 262144K, used 43073K [0x00000000f0000000, 0x00000000f0100800, 0x0000000100000000)
  region size 1024K, 2 young (2048K), 2 survivors (2048K)
 Metaspace       used 65149K, capacity 69856K, committed 69888K, reserved 1110016K
  class space    used 8396K, capacity 9199K, committed 9216K, reserved 1048576K
}
{Heap before GC invocations=1176 (full 0):
 garbage-first heap   total 262144K, used 197697K [0x00000000f0000000, 0x00000000f0100800, 0x0000000100000000)
  region size 1024K, 153 young (156672K), 2 survivors (2048K)
 Metaspace       used 65149K, capacity 69856K, committed 69888K, reserved 1110016K
  class space    used 8396K, capacity 9199K, committed 9216K, reserved 1048576K
2022-09-12T02:32:01.597+0800: 684.515: [GC pause (G1 Evacuation Pause) (young) 193M->42479K(256M), 0.0051782 secs]
Heap after GC invocations=1177 (full 0):
 garbage-first heap   total 262144K, used 42479K [0x00000000f0000000, 0x00000000f0100800, 0x0000000100000000)
  region size 1024K, 2 young (2048K), 2 survivors (2048K)
 Metaspace       used 65149K, capacity 69856K, committed 69888K, reserved 1110016K
  class space    used 8396K, capacity 9199K, committed 9216K, reserved 1048576K
}
{Heap before GC invocations=1177 (full 0):
 garbage-first heap   total 262144K, used 197103K [0x00000000f0000000, 0x00000000f0100800, 0x0000000100000000)
  region size 1024K, 153 young (156672K), 2 survivors (2048K)
 Metaspace       used 65149K, capacity 69856K, committed 69888K, reserved 1110016K
  class space    used 8396K, capacity 9199K, committed 9216K, reserved 1048576K
2022-09-12T02:32:02.128+0800: 685.046: [GC pause (G1 Evacuation Pause) (young) 192M->42983K(256M), 0.0054103 secs]
Heap after GC invocations=1178 (full 0):
 garbage-first heap   total 262144K, used 42983K [0x00000000f0000000, 0x00000000f0100800, 0x0000000100000000)
  region size 1024K, 2 young (2048K), 2 survivors (2048K)
 Metaspace       used 65149K, capacity 69856K, committed 69888K, reserved 1110016K
  class space    used 8396K, capacity 9199K, committed 9216K, reserved 1048576K
}
{Heap before GC invocations=1178 (full 0):
 garbage-first heap   total 262144K, used 197607K [0x00000000f0000000, 0x00000000f0100800, 0x0000000100000000)
  region size 1024K, 153 young (156672K), 2 survivors (2048K)
 Metaspace       used 65149K, capacity 69856K, committed 69888K, reserved 1110016K
  class space    used 8396K, capacity 9199K, committed 9216K, reserved 1048576K
2022-09-12T02:32:02.660+0800: 685.578: [GC pause (G1 Evacuation Pause) (young) 192M->43054K(256M), 0.0052623 secs]
Heap after GC invocations=1179 (full 0):
 garbage-first heap   total 262144K, used 43054K [0x00000000f0000000, 0x00000000f0100800, 0x0000000100000000)
  region size 1024K, 2 young (2048K), 2 survivors (2048K)
 Metaspace       used 65149K, capacity 69856K, committed 69888K, reserved 1110016K
  class space    used 8396K, capacity 9199K, committed 9216K, reserved 1048576K
}
{Heap before GC invocations=1179 (full 0):
 garbage-first heap   total 262144K, used 197678K [0x00000000f0000000, 0x00000000f0100800, 0x0000000100000000)
  region size 1024K, 153 young (156672K), 2 survivors (2048K)
 Metaspace       used 65149K, capacity 69856K, committed 69888K, reserved 1110016K
  class space    used 8396K, capacity 9199K, committed 9216K, reserved 1048576K
2022-09-12T02:32:03.192+0800: 686.110: [GC pause (G1 Evacuation Pause) (young) 193M->42630K(256M), 0.0050493 secs]
Heap after GC invocations=1180 (full 0):
 garbage-first heap   total 262144K, used 42630K [0x00000000f0000000, 0x00000000f0100800, 0x0000000100000000)
  region size 1024K, 2 young (2048K), 2 survivors (2048K)
 Metaspace       used 65149K, capacity 69856K, committed 69888K, reserved 1110016K
  class space    used 8396K, capacity 9199K, committed 9216K, reserved 1048576K
}
{Heap before GC invocations=1180 (full 0):
 garbage-first heap   total 262144K, used 197254K [0x00000000f0000000, 0x00000000f0100800, 0x0000000100000000)
  region size 1024K, 153 young (156672K), 2 survivors (2048K)
 Metaspace       used 65149K, capacity 69856K, committed 69888K, reserved 1110016K
  class space    used 8396K, capacity 9199K, committed 9216K, reserved 1048576K
2022-09-12T02:32:03.722+0800: 686.640: [GC pause (G1 Evacuation Pause) (young) 192M->42992K(256M), 0.0052303 secs]
Heap after GC invocations=1181 (full 0):
 garbage-first heap   total 262144K, used 42992K [0x00000000f0000000, 0x00000000f0100800, 0x0000000100000000)
  region size 1024K, 2 young (2048K), 2 survivors (2048K)
 Metaspace       used 65149K, capacity 69856K, committed 69888K, reserved 1110016K
  class space    used 8396K, capacity 9199K, committed 9216K, reserved 1048576K
}
{Heap before GC invocations=1181 (full 0):
 garbage-first heap   total 262144K, used 197616K [0x00000000f0000000, 0x00000000f0100800, 0x0000000100000000)
  region size 1024K, 153 young (156672K), 2 survivors (2048K)
 Metaspace       used 65149K, capacity 69856K, committed 69888K, reserved 1110016K
  class space    used 8396K, capacity 9199K, committed 9216K, reserved 1048576K
2022-09-12T02:32:04.254+0800: 687.172: [GC pause (G1 Evacuation Pause) (young) 192M->43051K(256M), 0.0051742 secs]
Heap after GC invocations=1182 (full 0):
 garbage-first heap   total 262144K, used 43051K [0x00000000f0000000, 0x00000000f0100800, 0x0000000100000000)
  region size 1024K, 2 young (2048K), 2 survivors (2048K)
 Metaspace       used 65149K, capacity 69856K, committed 69888K, reserved 1110016K
  class space    used 8396K, capacity 9199K, committed 9216K, reserved 1048576K
}
{Heap before GC invocations=1182 (full 0):
 garbage-first heap   total 262144K, used 197675K [0x00000000f0000000, 0x00000000f0100800, 0x0000000100000000)
  region size 1024K, 153 young (156672K), 2 survivors (2048K)
 Metaspace       used 65149K, capacity 69856K, committed 69888K, reserved 1110016K
  class space    used 8396K, capacity 9199K, committed 9216K, reserved 1048576K
2022-09-12T02:32:04.785+0800: 687.703: [GC pause (G1 Evacuation Pause) (young) 193M->42642K(256M), 0.0051653 secs]
Heap after GC invocations=1183 (full 0):
 garbage-first heap   total 262144K, used 42642K [0x00000000f0000000, 0x00000000f0100800, 0x0000000100000000)
  region size 1024K, 2 young (2048K), 2 survivors (2048K)
 Metaspace       used 65149K, capacity 69856K, committed 69888K, reserved 1110016K
  class space    used 8396K, capacity 9199K, committed 9216K, reserved 1048576K
}
{Heap before GC invocations=1183 (full 0):
 garbage-first heap   total 262144K, used 197266K [0x00000000f0000000, 0x00000000f0100800, 0x0000000100000000)
  region size 1024K, 153 young (156672K), 2 survivors (2048K)
 Metaspace       used 65149K, capacity 69856K, committed 69888K, reserved 1110016K
  class space    used 8396K, capacity 9199K, committed 9216K, reserved 1048576K
2022-09-12T02:32:05.319+0800: 688.237: [GC pause (G1 Evacuation Pause) (young) 192M->42785K(256M), 0.0051863 secs]
Heap after GC invocations=1184 (full 0):
 garbage-first heap   total 262144K, used 42785K [0x00000000f0000000, 0x00000000f0100800, 0x0000000100000000)
  region size 1024K, 2 young (2048K), 2 survivors (2048K)
 Metaspace       used 65149K, capacity 69856K, committed 69888K, reserved 1110016K
  class space    used 8396K, capacity 9199K, committed 9216K, reserved 1048576K
}
{Heap before GC invocations=1184 (full 0):
 garbage-first heap   total 262144K, used 197409K [0x00000000f0000000, 0x00000000f0100800, 0x0000000100000000)
  region size 1024K, 153 young (156672K), 2 survivors (2048K)
 Metaspace       used 65149K, capacity 69856K, committed 69888K, reserved 1110016K
  class space    used 8396K, capacity 9199K, committed 9216K, reserved 1048576K
2022-09-12T02:32:05.851+0800: 688.768: [GC pause (G1 Evacuation Pause) (young) 192M->43042K(256M), 0.0052506 secs]
Heap after GC invocations=1185 (full 0):
 garbage-first heap   total 262144K, used 43042K [0x00000000f0000000, 0x00000000f0100800, 0x0000000100000000)
  region size 1024K, 2 young (2048K), 2 survivors (2048K)
 Metaspace       used 65149K, capacity 69856K, committed 69888K, reserved 1110016K
  class space    used 8396K, capacity 9199K, committed 9216K, reserved 1048576K
}
{Heap before GC invocations=1185 (full 0):
 garbage-first heap   total 262144K, used 197666K [0x00000000f0000000, 0x00000000f0100800, 0x0000000100000000)
  region size 1024K, 153 young (156672K), 2 survivors (2048K)
 Metaspace       used 65149K, capacity 69856K, committed 69888K, reserved 1110016K
  class space    used 8396K, capacity 9199K, committed 9216K, reserved 1048576K
2022-09-12T02:32:06.381+0800: 689.299: [GC pause (G1 Evacuation Pause) (young) 193M->42784K(256M), 0.0051806 secs]
Heap after GC invocations=1186 (full 0):
 garbage-first heap   total 262144K, used 42784K [0x00000000f0000000, 0x00000000f0100800, 0x0000000100000000)
  region size 1024K, 2 young (2048K), 2 survivors (2048K)
 Metaspace       used 65149K, capacity 69856K, committed 69888K, reserved 1110016K
  class space    used 8396K, capacity 9199K, committed 9216K, reserved 1048576K
}
{Heap before GC invocations=1186 (full 0):
 garbage-first heap   total 262144K, used 197408K [0x00000000f0000000, 0x00000000f0100800, 0x0000000100000000)
  region size 1024K, 153 young (156672K), 2 survivors (2048K)
 Metaspace       used 65149K, capacity 69856K, committed 69888K, reserved 1110016K
  class space    used 8396K, capacity 9199K, committed 9216K, reserved 1048576K
2022-09-12T02:32:06.913+0800: 689.831: [GC pause (G1 Evacuation Pause) (young) 192M->43001K(256M), 0.0051674 secs]
Heap after GC invocations=1187 (full 0):
 garbage-first heap   total 262144K, used 43001K [0x00000000f0000000, 0x00000000f0100800, 0x0000000100000000)
  region size 1024K, 2 young (2048K), 2 survivors (2048K)
 Metaspace       used 65149K, capacity 69856K, committed 69888K, reserved 1110016K
  class space    used 8396K, capacity 9199K, committed 9216K, reserved 1048576K
}
{Heap before GC invocations=1187 (full 0):
 garbage-first heap   total 262144K, used 197625K [0x00000000f0000000, 0x00000000f0100800, 0x0000000100000000)
  region size 1024K, 153 young (156672K), 2 survivors (2048K)
 Metaspace       used 65149K, capacity 69856K, committed 69888K, reserved 1110016K
  class space    used 8396K, capacity 9199K, committed 9216K, reserved 1048576K
2022-09-12T02:32:07.451+0800: 690.369: [GC pause (G1 Evacuation Pause) (young) 192M->43063K(256M), 0.0051943 secs]
Heap after GC invocations=1188 (full 0):
 garbage-first heap   total 262144K, used 43063K [0x00000000f0000000, 0x00000000f0100800, 0x0000000100000000)
  region size 1024K, 2 young (2048K), 2 survivors (2048K)
 Metaspace       used 65149K, capacity 69856K, committed 69888K, reserved 1110016K
  class space    used 8396K, capacity 9199K, committed 9216K, reserved 1048576K
}
{Heap before GC invocations=1188 (full 0):
 garbage-first heap   total 262144K, used 197687K [0x00000000f0000000, 0x00000000f0100800, 0x0000000100000000)
  region size 1024K, 153 young (156672K), 2 survivors (2048K)
 Metaspace       used 65149K, capacity 69856K, committed 69888K, reserved 1110016K
  class space    used 8396K, capacity 9199K, committed 9216K, reserved 1048576K
2022-09-12T02:32:07.982+0800: 690.900: [GC pause (G1 Evacuation Pause) (young) 193M->42637K(256M), 0.0052928 secs]
Heap after GC invocations=1189 (full 0):
 garbage-first heap   total 262144K, used 42637K [0x00000000f0000000, 0x00000000f0100800, 0x0000000100000000)
  region size 1024K, 2 young (2048K), 2 survivors (2048K)
 Metaspace       used 65149K, capacity 69856K, committed 69888K, reserved 1110016K
  class space    used 8396K, capacity 9199K, committed 9216K, reserved 1048576K
}
{Heap before GC invocations=1189 (full 0):
 garbage-first heap   total 262144K, used 197261K [0x00000000f0000000, 0x00000000f0100800, 0x0000000100000000)
  region size 1024K, 153 young (156672K), 2 survivors (2048K)
 Metaspace       used 65149K, capacity 69856K, committed 69888K, reserved 1110016K
  class space    used 8396K, capacity 9199K, committed 9216K, reserved 1048576K
2022-09-12T02:32:08.518+0800: 691.436: [GC pause (G1 Evacuation Pause) (young) 192M->43007K(256M), 0.0052006 secs]
Heap after GC invocations=1190 (full 0):
 garbage-first heap   total 262144K, used 43007K [0x00000000f0000000, 0x00000000f0100800, 0x0000000100000000)
  region size 1024K, 2 young (2048K), 2 survivors (2048K)
 Metaspace       used 65149K, capacity 69856K, committed 69888K, reserved 1110016K
  class space    used 8396K, capacity 9199K, committed 9216K, reserved 1048576K
}
{Heap before GC invocations=1190 (full 0):
 garbage-first heap   total 262144K, used 197631K [0x00000000f0000000, 0x00000000f0100800, 0x0000000100000000)
  region size 1024K, 153 young (156672K), 2 survivors (2048K)
 Metaspace       used 65149K, capacity 69856K, committed 69888K, reserved 1110016K
  class space    used 8396K, capacity 9199K, committed 9216K, reserved 1048576K
2022-09-12T02:32:09.049+0800: 691.967: [GC pause (G1 Evacuation Pause) (young) 192M->43051K(256M), 0.0050981 secs]
Heap after GC invocations=1191 (full 0):
 garbage-first heap   total 262144K, used 43051K [0x00000000f0000000, 0x00000000f0100800, 0x0000000100000000)
  region size 1024K, 2 young (2048K), 2 survivors (2048K)
 Metaspace       used 65149K, capacity 69856K, committed 69888K, reserved 1110016K
  class space    used 8396K, capacity 9199K, committed 9216K, reserved 1048576K
}
{Heap before GC invocations=1191 (full 0):
 garbage-first heap   total 262144K, used 197675K [0x00000000f0000000, 0x00000000f0100800, 0x0000000100000000)
  region size 1024K, 153 young (156672K), 2 survivors (2048K)
 Metaspace       used 65149K, capacity 69856K, committed 69888K, reserved 1110016K
  class space    used 8396K, capacity 9199K, committed 9216K, reserved 1048576K
2022-09-12T02:32:09.578+0800: 692.496: [GC pause (G1 Evacuation Pause) (young) 193M->42631K(256M), 0.0052240 secs]
Heap after GC invocations=1192 (full 0):
 garbage-first heap   total 262144K, used 42631K [0x00000000f0000000, 0x00000000f0100800, 0x0000000100000000)
  region size 1024K, 2 young (2048K), 2 survivors (2048K)
 Metaspace       used 65149K, capacity 69856K, committed 69888K, reserved 1110016K
  class space    used 8396K, capacity 9199K, committed 9216K, reserved 1048576K
}
{Heap before GC invocations=1192 (full 0):
 garbage-first heap   total 262144K, used 197255K [0x00000000f0000000, 0x00000000f0100800, 0x0000000100000000)
  region size 1024K, 153 young (156672K), 2 survivors (2048K)
 Metaspace       used 65149K, capacity 69856K, committed 69888K, reserved 1110016K
  class space    used 8396K, capacity 9199K, committed 9216K, reserved 1048576K
2022-09-12T02:32:10.108+0800: 693.026: [GC pause (G1 Evacuation Pause) (young) 192M->42990K(256M), 0.0054457 secs]
Heap after GC invocations=1193 (full 0):
 garbage-first heap   total 262144K, used 42990K [0x00000000f0000000, 0x00000000f0100800, 0x0000000100000000)
  region size 1024K, 2 young (2048K), 2 survivors (2048K)
 Metaspace       used 65149K, capacity 69856K, committed 69888K, reserved 1110016K
  class space    used 8396K, capacity 9199K, committed 9216K, reserved 1048576K
}
{Heap before GC invocations=1193 (full 0):
 garbage-first heap   total 262144K, used 197614K [0x00000000f0000000, 0x00000000f0100800, 0x0000000100000000)
  region size 1024K, 153 young (156672K), 2 survivors (2048K)
 Metaspace       used 65149K, capacity 69856K, committed 69888K, reserved 1110016K
  class space    used 8396K, capacity 9199K, committed 9216K, reserved 1048576K
2022-09-12T02:32:10.640+0800: 693.558: [GC pause (G1 Evacuation Pause) (young) 192M->43046K(256M), 0.0050347 secs]
Heap after GC invocations=1194 (full 0):
 garbage-first heap   total 262144K, used 43046K [0x00000000f0000000, 0x00000000f0100800, 0x0000000100000000)
  region size 1024K, 2 young (2048K), 2 survivors (2048K)
 Metaspace       used 65149K, capacity 69856K, committed 69888K, reserved 1110016K
  class space    used 8396K, capacity 9199K, committed 9216K, reserved 1048576K
}
{Heap before GC invocations=1194 (full 0):
 garbage-first heap   total 262144K, used 197670K [0x00000000f0000000, 0x00000000f0100800, 0x0000000100000000)
  region size 1024K, 153 young (156672K), 2 survivors (2048K)
 Metaspace       used 65149K, capacity 69856K, committed 69888K, reserved 1110016K
  class space    used 8396K, capacity 9199K, committed 9216K, reserved 1048576K
2022-09-12T02:32:11.170+0800: 694.087: [GC pause (G1 Evacuation Pause) (young) 193M->42633K(256M), 0.0052246 secs]
Heap after GC invocations=1195 (full 0):
 garbage-first heap   total 262144K, used 42633K [0x00000000f0000000, 0x00000000f0100800, 0x0000000100000000)
  region size 1024K, 2 young (2048K), 2 survivors (2048K)
 Metaspace       used 65149K, capacity 69856K, committed 69888K, reserved 1110016K
  class space    used 8396K, capacity 9199K, committed 9216K, reserved 1048576K
}
{Heap before GC invocations=1195 (full 0):
 garbage-first heap   total 262144K, used 197257K [0x00000000f0000000, 0x00000000f0100800, 0x0000000100000000)
  region size 1024K, 153 young (156672K), 2 survivors (2048K)
 Metaspace       used 65149K, capacity 69856K, committed 69888K, reserved 1110016K
  class space    used 8396K, capacity 9199K, committed 9216K, reserved 1048576K
2022-09-12T02:32:11.708+0800: 694.625: [GC pause (G1 Evacuation Pause) (young) 192M->43006K(256M), 0.0051519 secs]
Heap after GC invocations=1196 (full 0):
 garbage-first heap   total 262144K, used 43006K [0x00000000f0000000, 0x00000000f0100800, 0x0000000100000000)
  region size 1024K, 2 young (2048K), 2 survivors (2048K)
 Metaspace       used 65149K, capacity 69856K, committed 69888K, reserved 1110016K
  class space    used 8396K, capacity 9199K, committed 9216K, reserved 1048576K
}
{Heap before GC invocations=1196 (full 0):
 garbage-first heap   total 262144K, used 197630K [0x00000000f0000000, 0x00000000f0100800, 0x0000000100000000)
  region size 1024K, 153 young (156672K), 2 survivors (2048K)
 Metaspace       used 65149K, capacity 69856K, committed 69888K, reserved 1110016K
  class space    used 8396K, capacity 9199K, committed 9216K, reserved 1048576K
2022-09-12T02:32:12.243+0800: 695.161: [GC pause (G1 Evacuation Pause) (young) 192M->42620K(256M), 0.0051669 secs]
Heap after GC invocations=1197 (full 0):
 garbage-first heap   total 262144K, used 42620K [0x00000000f0000000, 0x00000000f0100800, 0x0000000100000000)
  region size 1024K, 2 young (2048K), 2 survivors (2048K)
 Metaspace       used 65149K, capacity 69856K, committed 69888K, reserved 1110016K
  class space    used 8396K, capacity 9199K, committed 9216K, reserved 1048576K
}
{Heap before GC invocations=1197 (full 0):
 garbage-first heap   total 262144K, used 197244K [0x00000000f0000000, 0x00000000f0100800, 0x0000000100000000)
  region size 1024K, 153 young (156672K), 2 survivors (2048K)
 Metaspace       used 65149K, capacity 69856K, committed 69888K, reserved 1110016K
  class space    used 8396K, capacity 9199K, committed 9216K, reserved 1048576K
2022-09-12T02:32:12.777+0800: 695.695: [GC pause (G1 Evacuation Pause) (young) 192M->42998K(256M), 0.0052272 secs]
Heap after GC invocations=1198 (full 0):
 garbage-first heap   total 262144K, used 42998K [0x00000000f0000000, 0x00000000f0100800, 0x0000000100000000)
  region size 1024K, 2 young (2048K), 2 survivors (2048K)
 Metaspace       used 65149K, capacity 69856K, committed 69888K, reserved 1110016K
  class space    used 8396K, capacity 9199K, committed 9216K, reserved 1048576K
}
{Heap before GC invocations=1198 (full 0):
 garbage-first heap   total 262144K, used 197622K [0x00000000f0000000, 0x00000000f0100800, 0x0000000100000000)
  region size 1024K, 153 young (156672K), 2 survivors (2048K)
 Metaspace       used 65149K, capacity 69856K, committed 69888K, reserved 1110016K
  class space    used 8396K, capacity 9199K, committed 9216K, reserved 1048576K
2022-09-12T02:32:13.307+0800: 696.225: [GC pause (G1 Evacuation Pause) (young) 192M->43059K(256M), 0.0050449 secs]
Heap after GC invocations=1199 (full 0):
 garbage-first heap   total 262144K, used 43059K [0x00000000f0000000, 0x00000000f0100800, 0x0000000100000000)
  region size 1024K, 2 young (2048K), 2 survivors (2048K)
 Metaspace       used 65149K, capacity 69856K, committed 69888K, reserved 1110016K
  class space    used 8396K, capacity 9199K, committed 9216K, reserved 1048576K
}
{Heap before GC invocations=1199 (full 0):
 garbage-first heap   total 262144K, used 197683K [0x00000000f0000000, 0x00000000f0100800, 0x0000000100000000)
  region size 1024K, 153 young (156672K), 2 survivors (2048K)
 Metaspace       used 65149K, capacity 69856K, committed 69888K, reserved 1110016K
  class space    used 8396K, capacity 9199K, committed 9216K, reserved 1048576K
2022-09-12T02:32:13.838+0800: 696.755: [GC pause (G1 Evacuation Pause) (young) 193M->42639K(256M), 0.0051490 secs]
Heap after GC invocations=1200 (full 0):
 garbage-first heap   total 262144K, used 42639K [0x00000000f0000000, 0x00000000f0100800, 0x0000000100000000)
  region size 1024K, 2 young (2048K), 2 survivors (2048K)
 Metaspace       used 65149K, capacity 69856K, committed 69888K, reserved 1110016K
  class space    used 8396K, capacity 9199K, committed 9216K, reserved 1048576K
}
{Heap before GC invocations=1200 (full 0):
 garbage-first heap   total 262144K, used 197263K [0x00000000f0000000, 0x00000000f0100800, 0x0000000100000000)
  region size 1024K, 153 young (156672K), 2 survivors (2048K)
 Metaspace       used 65149K, capacity 69856K, committed 69888K, reserved 1110016K
  class space    used 8396K, capacity 9199K, committed 9216K, reserved 1048576K
2022-09-12T02:32:14.368+0800: 697.286: [GC pause (G1 Evacuation Pause) (young) 192M->42999K(256M), 0.0051775 secs]
Heap after GC invocations=1201 (full 0):
 garbage-first heap   total 262144K, used 42999K [0x00000000f0000000, 0x00000000f0100800, 0x0000000100000000)
  region size 1024K, 2 young (2048K), 2 survivors (2048K)
 Metaspace       used 65149K, capacity 69856K, committed 69888K, reserved 1110016K
  class space    used 8396K, capacity 9199K, committed 9216K, reserved 1048576K
}
{Heap before GC invocations=1201 (full 0):
 garbage-first heap   total 262144K, used 197623K [0x00000000f0000000, 0x00000000f0100800, 0x0000000100000000)
  region size 1024K, 153 young (156672K), 2 survivors (2048K)
 Metaspace       used 65149K, capacity 69856K, committed 69888K, reserved 1110016K
  class space    used 8396K, capacity 9199K, committed 9216K, reserved 1048576K
2022-09-12T02:32:14.898+0800: 697.816: [GC pause (G1 Evacuation Pause) (young) 192M->43066K(256M), 0.0052038 secs]
Heap after GC invocations=1202 (full 0):
 garbage-first heap   total 262144K, used 43066K [0x00000000f0000000, 0x00000000f0100800, 0x0000000100000000)
  region size 1024K, 2 young (2048K), 2 survivors (2048K)
 Metaspace       used 65149K, capacity 69856K, committed 69888K, reserved 1110016K
  class space    used 8396K, capacity 9199K, committed 9216K, reserved 1048576K
}
{Heap before GC invocations=1202 (full 0):
 garbage-first heap   total 262144K, used 197690K [0x00000000f0000000, 0x00000000f0100800, 0x0000000100000000)
  region size 1024K, 153 young (156672K), 2 survivors (2048K)
 Metaspace       used 65149K, capacity 69856K, committed 69888K, reserved 1110016K
  class space    used 8396K, capacity 9199K, committed 9216K, reserved 1048576K
2022-09-12T02:32:15.428+0800: 698.345: [GC pause (G1 Evacuation Pause) (young) 193M->42645K(256M), 0.0052676 secs]
Heap after GC invocations=1203 (full 0):
 garbage-first heap   total 262144K, used 42645K [0x00000000f0000000, 0x00000000f0100800, 0x0000000100000000)
  region size 1024K, 2 young (2048K), 2 survivors (2048K)
 Metaspace       used 65149K, capacity 69856K, committed 69888K, reserved 1110016K
  class space    used 8396K, capacity 9199K, committed 9216K, reserved 1048576K
}
