OpenJDK 64-Bit Server VM (25.342-b07) for linux-amd64 JRE (1.8.0_342-b07), built on Jul 18 2022 00:00:00 by "mockbuild" with gcc 11.2.1 20220127 (Red Hat 11.2.1-9)
Memory: 4k page, physical 16114320k(15334344k free), swap 0k(0k free)
CommandLine flags: -XX:InitialHeapSize=268435456 -XX:MaxHeapSize=268435456 -XX:MaxNewSize=131072000 -XX:MaxTenuringThreshold=6 -XX:MetaspaceSize=134217728 -XX:NewSize=131072000 -XX:OldPLABSize=16 -XX:+PrintGC -XX:+PrintGCDateStamps -XX:+PrintGCTimeStamps -XX:+PrintHeapAtGC -XX:ThreadStackSize=512 -XX:+UseCompressedClassPointers -XX:+UseCompressedOops -XX:+UseConcMarkSweepGC -XX:+UseParNewGC 
{Heap before GC invocations=0 (full 0):
 par new generation   total 115200K, used 102400K [0x00000000f0000000, 0x00000000f7d00000, 0x00000000f7d00000)
  eden space 102400K, 100% used [0x00000000f0000000, 0x00000000f6400000, 0x00000000f6400000)
  from space 12800K,   0% used [0x00000000f6400000, 0x00000000f6400000, 0x00000000f7080000)
  to   space 12800K,   0% used [0x00000000f7080000, 0x00000000f7080000, 0x00000000f7d00000)
 concurrent mark-sweep generation total 134144K, used 0K [0x00000000f7d00000, 0x0000000100000000, 0x0000000100000000)
 Metaspace       used 13508K, capacity 14194K, committed 14336K, reserved 1062912K
  class space    used 1576K, capacity 1745K, committed 1792K, reserved 1048576K
2022-09-12T02:00:26.170+0800: 0.947: [GC (Allocation Failure)  102400K->3857K(249344K), 0.0091563 secs]
Heap after GC invocations=1 (full 0):
 par new generation   total 115200K, used 3857K [0x00000000f0000000, 0x00000000f7d00000, 0x00000000f7d00000)
  eden space 102400K,   0% used [0x00000000f0000000, 0x00000000f0000000, 0x00000000f6400000)
  from space 12800K,  30% used [0x00000000f7080000, 0x00000000f74445a0, 0x00000000f7d00000)
  to   space 12800K,   0% used [0x00000000f6400000, 0x00000000f6400000, 0x00000000f7080000)
 concurrent mark-sweep generation total 134144K, used 0K [0x00000000f7d00000, 0x0000000100000000, 0x0000000100000000)
 Metaspace       used 13508K, capacity 14194K, committed 14336K, reserved 1062912K
  class space    used 1576K, capacity 1745K, committed 1792K, reserved 1048576K
}
{Heap before GC invocations=1 (full 0):
 par new generation   total 115200K, used 106257K [0x00000000f0000000, 0x00000000f7d00000, 0x00000000f7d00000)
  eden space 102400K, 100% used [0x00000000f0000000, 0x00000000f6400000, 0x00000000f6400000)
  from space 12800K,  30% used [0x00000000f7080000, 0x00000000f74445a0, 0x00000000f7d00000)
  to   space 12800K,   0% used [0x00000000f6400000, 0x00000000f6400000, 0x00000000f7080000)
 concurrent mark-sweep generation total 134144K, used 0K [0x00000000f7d00000, 0x0000000100000000, 0x0000000100000000)
 Metaspace       used 20054K, capacity 20960K, committed 21120K, reserved 1067008K
  class space    used 2394K, capacity 2612K, committed 2688K, reserved 1048576K
2022-09-12T02:00:26.539+0800: 1.316: [GC (Allocation Failure)  106257K->7150K(249344K), 0.0077386 secs]
Heap after GC invocations=2 (full 0):
 par new generation   total 115200K, used 7150K [0x00000000f0000000, 0x00000000f7d00000, 0x00000000f7d00000)
  eden space 102400K,   0% used [0x00000000f0000000, 0x00000000f0000000, 0x00000000f6400000)
  from space 12800K,  55% used [0x00000000f6400000, 0x00000000f6afbb00, 0x00000000f7080000)
  to   space 12800K,   0% used [0x00000000f7080000, 0x00000000f7080000, 0x00000000f7d00000)
 concurrent mark-sweep generation total 134144K, used 0K [0x00000000f7d00000, 0x0000000100000000, 0x0000000100000000)
 Metaspace       used 20054K, capacity 20960K, committed 21120K, reserved 1067008K
  class space    used 2394K, capacity 2612K, committed 2688K, reserved 1048576K
}
{Heap before GC invocations=2 (full 0):
 par new generation   total 115200K, used 109550K [0x00000000f0000000, 0x00000000f7d00000, 0x00000000f7d00000)
  eden space 102400K, 100% used [0x00000000f0000000, 0x00000000f6400000, 0x00000000f6400000)
  from space 12800K,  55% used [0x00000000f6400000, 0x00000000f6afbb00, 0x00000000f7080000)
  to   space 12800K,   0% used [0x00000000f7080000, 0x00000000f7080000, 0x00000000f7d00000)
 concurrent mark-sweep generation total 134144K, used 0K [0x00000000f7d00000, 0x0000000100000000, 0x0000000100000000)
 Metaspace       used 23372K, capacity 24510K, committed 24576K, reserved 1071104K
  class space    used 2792K, capacity 3031K, committed 3072K, reserved 1048576K
2022-09-12T02:00:27.158+0800: 1.935: [GC (Allocation Failure)  109550K->11046K(249344K), 0.0106461 secs]
Heap after GC invocations=3 (full 0):
 par new generation   total 115200K, used 11046K [0x00000000f0000000, 0x00000000f7d00000, 0x00000000f7d00000)
  eden space 102400K,   0% used [0x00000000f0000000, 0x00000000f0000000, 0x00000000f6400000)
  from space 12800K,  86% used [0x00000000f7080000, 0x00000000f7b49938, 0x00000000f7d00000)
  to   space 12800K,   0% used [0x00000000f6400000, 0x00000000f6400000, 0x00000000f7080000)
 concurrent mark-sweep generation total 134144K, used 0K [0x00000000f7d00000, 0x0000000100000000, 0x0000000100000000)
 Metaspace       used 23372K, capacity 24510K, committed 24576K, reserved 1071104K
  class space    used 2792K, capacity 3031K, committed 3072K, reserved 1048576K
}
{Heap before GC invocations=3 (full 0):
 par new generation   total 115200K, used 113446K [0x00000000f0000000, 0x00000000f7d00000, 0x00000000f7d00000)
  eden space 102400K, 100% used [0x00000000f0000000, 0x00000000f6400000, 0x00000000f6400000)
  from space 12800K,  86% used [0x00000000f7080000, 0x00000000f7b49938, 0x00000000f7d00000)
  to   space 12800K,   0% used [0x00000000f6400000, 0x00000000f6400000, 0x00000000f7080000)
 concurrent mark-sweep generation total 134144K, used 0K [0x00000000f7d00000, 0x0000000100000000, 0x0000000100000000)
 Metaspace       used 29123K, capacity 31186K, committed 31488K, reserved 1077248K
  class space    used 3674K, capacity 4045K, committed 4096K, reserved 1048576K
2022-09-12T02:00:28.056+0800: 2.833: [GC (Allocation Failure)  113446K->13347K(249344K), 0.0293762 secs]
Heap after GC invocations=4 (full 0):
 par new generation   total 115200K, used 10062K [0x00000000f0000000, 0x00000000f7d00000, 0x00000000f7d00000)
  eden space 102400K,   0% used [0x00000000f0000000, 0x00000000f0000000, 0x00000000f6400000)
  from space 12800K,  78% used [0x00000000f6400000, 0x00000000f6dd39a0, 0x00000000f7080000)
  to   space 12800K,   0% used [0x00000000f7080000, 0x00000000f7080000, 0x00000000f7d00000)
 concurrent mark-sweep generation total 134144K, used 3285K [0x00000000f7d00000, 0x0000000100000000, 0x0000000100000000)
 Metaspace       used 29123K, capacity 31186K, committed 31488K, reserved 1077248K
  class space    used 3674K, capacity 4045K, committed 4096K, reserved 1048576K
}
{Heap before GC invocations=4 (full 0):
 par new generation   total 115200K, used 112462K [0x00000000f0000000, 0x00000000f7d00000, 0x00000000f7d00000)
  eden space 102400K, 100% used [0x00000000f0000000, 0x00000000f6400000, 0x00000000f6400000)
  from space 12800K,  78% used [0x00000000f6400000, 0x00000000f6dd39a0, 0x00000000f7080000)
  to   space 12800K,   0% used [0x00000000f7080000, 0x00000000f7080000, 0x00000000f7d00000)
 concurrent mark-sweep generation total 134144K, used 3285K [0x00000000f7d00000, 0x0000000100000000, 0x0000000100000000)
 Metaspace       used 36650K, capacity 39254K, committed 39552K, reserved 1083392K
  class space    used 4729K, capacity 5189K, committed 5248K, reserved 1048576K
2022-09-12T02:00:28.952+0800: 3.730: [GC (Allocation Failure)  115747K->17490K(249344K), 0.0160767 secs]
Heap after GC invocations=5 (full 0):
 par new generation   total 115200K, used 12800K [0x00000000f0000000, 0x00000000f7d00000, 0x00000000f7d00000)
  eden space 102400K,   0% used [0x00000000f0000000, 0x00000000f0000000, 0x00000000f6400000)
  from space 12800K, 100% used [0x00000000f7080000, 0x00000000f7d00000, 0x00000000f7d00000)
  to   space 12800K,   0% used [0x00000000f6400000, 0x00000000f6400000, 0x00000000f7080000)
 concurrent mark-sweep generation total 134144K, used 4690K [0x00000000f7d00000, 0x0000000100000000, 0x0000000100000000)
 Metaspace       used 36650K, capacity 39254K, committed 39552K, reserved 1083392K
  class space    used 4729K, capacity 5189K, committed 5248K, reserved 1048576K
}
{Heap before GC invocations=5 (full 0):
 par new generation   total 115200K, used 115200K [0x00000000f0000000, 0x00000000f7d00000, 0x00000000f7d00000)
  eden space 102400K, 100% used [0x00000000f0000000, 0x00000000f6400000, 0x00000000f6400000)
  from space 12800K, 100% used [0x00000000f7080000, 0x00000000f7d00000, 0x00000000f7d00000)
  to   space 12800K,   0% used [0x00000000f6400000, 0x00000000f6400000, 0x00000000f7080000)
 concurrent mark-sweep generation total 134144K, used 4690K [0x00000000f7d00000, 0x0000000100000000, 0x0000000100000000)
 Metaspace       used 47194K, capacity 50110K, committed 50432K, reserved 1093632K
  class space    used 6313K, capacity 6826K, committed 6912K, reserved 1048576K
2022-09-12T02:00:29.913+0800: 4.690: [GC (Allocation Failure)  119890K->22223K(249344K), 0.0232425 secs]
Heap after GC invocations=6 (full 0):
 par new generation   total 115200K, used 10923K [0x00000000f0000000, 0x00000000f7d00000, 0x00000000f7d00000)
  eden space 102400K,   0% used [0x00000000f0000000, 0x00000000f0000000, 0x00000000f6400000)
  from space 12800K,  85% used [0x00000000f6400000, 0x00000000f6eaade0, 0x00000000f7080000)
  to   space 12800K,   0% used [0x00000000f7080000, 0x00000000f7080000, 0x00000000f7d00000)
 concurrent mark-sweep generation total 134144K, used 11300K [0x00000000f7d00000, 0x0000000100000000, 0x0000000100000000)
 Metaspace       used 47194K, capacity 50110K, committed 50432K, reserved 1093632K
  class space    used 6313K, capacity 6826K, committed 6912K, reserved 1048576K
}
{Heap before GC invocations=6 (full 0):
 par new generation   total 115200K, used 113323K [0x00000000f0000000, 0x00000000f7d00000, 0x00000000f7d00000)
  eden space 102400K, 100% used [0x00000000f0000000, 0x00000000f6400000, 0x00000000f6400000)
  from space 12800K,  85% used [0x00000000f6400000, 0x00000000f6eaade0, 0x00000000f7080000)
  to   space 12800K,   0% used [0x00000000f7080000, 0x00000000f7080000, 0x00000000f7d00000)
 concurrent mark-sweep generation total 134144K, used 11300K [0x00000000f7d00000, 0x0000000100000000, 0x0000000100000000)
 Metaspace       used 53401K, capacity 56998K, committed 57344K, reserved 1099776K
  class space    used 7238K, capacity 7842K, committed 7936K, reserved 1048576K
2022-09-12T02:00:30.660+0800: 5.438: [GC (Allocation Failure)  124623K->23333K(249344K), 0.0227908 secs]
Heap after GC invocations=7 (full 0):
 par new generation   total 115200K, used 12033K [0x00000000f0000000, 0x00000000f7d00000, 0x00000000f7d00000)
  eden space 102400K,   0% used [0x00000000f0000000, 0x00000000f0000000, 0x00000000f6400000)
  from space 12800K,  94% used [0x00000000f7080000, 0x00000000f7c404a8, 0x00000000f7d00000)
  to   space 12800K,   0% used [0x00000000f6400000, 0x00000000f6400000, 0x00000000f7080000)
 concurrent mark-sweep generation total 134144K, used 11300K [0x00000000f7d00000, 0x0000000100000000, 0x0000000100000000)
 Metaspace       used 53401K, capacity 56998K, committed 57344K, reserved 1099776K
  class space    used 7238K, capacity 7842K, committed 7936K, reserved 1048576K
}
{Heap before GC invocations=7 (full 0):
 par new generation   total 115200K, used 114433K [0x00000000f0000000, 0x00000000f7d00000, 0x00000000f7d00000)
  eden space 102400K, 100% used [0x00000000f0000000, 0x00000000f6400000, 0x00000000f6400000)
  from space 12800K,  94% used [0x00000000f7080000, 0x00000000f7c404a8, 0x00000000f7d00000)
  to   space 12800K,   0% used [0x00000000f6400000, 0x00000000f6400000, 0x00000000f7080000)
 concurrent mark-sweep generation total 134144K, used 11300K [0x00000000f7d00000, 0x0000000100000000, 0x0000000100000000)
 Metaspace       used 60519K, capacity 64970K, committed 65024K, reserved 1105920K
  class space    used 8171K, capacity 8930K, committed 8960K, reserved 1048576K
2022-09-12T02:01:51.216+0800: 85.994: [GC (Allocation Failure)  125733K->27444K(249344K), 0.0217288 secs]
Heap after GC invocations=8 (full 0):
 par new generation   total 115200K, used 12800K [0x00000000f0000000, 0x00000000f7d00000, 0x00000000f7d00000)
  eden space 102400K,   0% used [0x00000000f0000000, 0x00000000f0000000, 0x00000000f6400000)
  from space 12800K, 100% used [0x00000000f6400000, 0x00000000f7080000, 0x00000000f7080000)
  to   space 12800K,   0% used [0x00000000f7080000, 0x00000000f7080000, 0x00000000f7d00000)
 concurrent mark-sweep generation total 134144K, used 14644K [0x00000000f7d00000, 0x0000000100000000, 0x0000000100000000)
 Metaspace       used 60519K, capacity 64970K, committed 65024K, reserved 1105920K
  class space    used 8171K, capacity 8930K, committed 8960K, reserved 1048576K
}
{Heap before GC invocations=8 (full 0):
 par new generation   total 115200K, used 115200K [0x00000000f0000000, 0x00000000f7d00000, 0x00000000f7d00000)
  eden space 102400K, 100% used [0x00000000f0000000, 0x00000000f6400000, 0x00000000f6400000)
  from space 12800K, 100% used [0x00000000f6400000, 0x00000000f7080000, 0x00000000f7080000)
  to   space 12800K,   0% used [0x00000000f7080000, 0x00000000f7080000, 0x00000000f7d00000)
 concurrent mark-sweep generation total 134144K, used 14644K [0x00000000f7d00000, 0x0000000100000000, 0x0000000100000000)
 Metaspace       used 62305K, capacity 66918K, committed 67072K, reserved 1107968K
  class space    used 8371K, capacity 9148K, committed 9216K, reserved 1048576K
2022-09-12T02:01:52.615+0800: 87.392: [GC (Allocation Failure)  129844K->40335K(249344K), 0.0454633 secs]
Heap after GC invocations=9 (full 0):
 par new generation   total 115200K, used 12800K [0x00000000f0000000, 0x00000000f7d00000, 0x00000000f7d00000)
  eden space 102400K,   0% used [0x00000000f0000000, 0x00000000f0000000, 0x00000000f6400000)
  from space 12800K, 100% used [0x00000000f7080000, 0x00000000f7d00000, 0x00000000f7d00000)
  to   space 12800K,   0% used [0x00000000f6400000, 0x00000000f6400000, 0x00000000f7080000)
 concurrent mark-sweep generation total 134144K, used 27535K [0x00000000f7d00000, 0x0000000100000000, 0x0000000100000000)
 Metaspace       used 62305K, capacity 66918K, committed 67072K, reserved 1107968K
  class space    used 8371K, capacity 9148K, committed 9216K, reserved 1048576K
}
{Heap before GC invocations=9 (full 0):
 par new generation   total 115200K, used 115200K [0x00000000f0000000, 0x00000000f7d00000, 0x00000000f7d00000)
  eden space 102400K, 100% used [0x00000000f0000000, 0x00000000f6400000, 0x00000000f6400000)
  from space 12800K, 100% used [0x00000000f7080000, 0x00000000f7d00000, 0x00000000f7d00000)
  to   space 12800K,   0% used [0x00000000f6400000, 0x00000000f6400000, 0x00000000f7080000)
 concurrent mark-sweep generation total 134144K, used 27535K [0x00000000f7d00000, 0x0000000100000000, 0x0000000100000000)
 Metaspace       used 62539K, capacity 67186K, committed 67328K, reserved 1107968K
  class space    used 8372K, capacity 9148K, committed 9216K, reserved 1048576K
2022-09-12T02:01:53.861+0800: 88.638: [GC (Allocation Failure)  142735K->47210K(249344K), 0.0124565 secs]
Heap after GC invocations=10 (full 0):
 par new generation   total 115200K, used 10254K [0x00000000f0000000, 0x00000000f7d00000, 0x00000000f7d00000)
  eden space 102400K,   0% used [0x00000000f0000000, 0x00000000f0000000, 0x00000000f6400000)
  from space 12800K,  80% used [0x00000000f6400000, 0x00000000f6e03b00, 0x00000000f7080000)
  to   space 12800K,   0% used [0x00000000f7080000, 0x00000000f7080000, 0x00000000f7d00000)
 concurrent mark-sweep generation total 134144K, used 36955K [0x00000000f7d00000, 0x0000000100000000, 0x0000000100000000)
 Metaspace       used 62539K, capacity 67186K, committed 67328K, reserved 1107968K
  class space    used 8372K, capacity 9148K, committed 9216K, reserved 1048576K
}
{Heap before GC invocations=10 (full 0):
 par new generation   total 115200K, used 112654K [0x00000000f0000000, 0x00000000f7d00000, 0x00000000f7d00000)
  eden space 102400K,  99% used [0x00000000f0000000, 0x00000000f63ffff0, 0x00000000f6400000)
  from space 12800K,  80% used [0x00000000f6400000, 0x00000000f6e03b00, 0x00000000f7080000)
  to   space 12800K,   0% used [0x00000000f7080000, 0x00000000f7080000, 0x00000000f7d00000)
 concurrent mark-sweep generation total 134144K, used 36955K [0x00000000f7d00000, 0x0000000100000000, 0x0000000100000000)
 Metaspace       used 62674K, capacity 67314K, committed 67584K, reserved 1107968K
  class space    used 8372K, capacity 9148K, committed 9216K, reserved 1048576K
2022-09-12T02:01:54.869+0800: 89.646: [GC (Allocation Failure)  149610K->39704K(249344K), 0.0077833 secs]
Heap after GC invocations=11 (full 0):
 par new generation   total 115200K, used 2749K [0x00000000f0000000, 0x00000000f7d00000, 0x00000000f7d00000)
  eden space 102400K,   0% used [0x00000000f0000000, 0x00000000f0000000, 0x00000000f6400000)
  from space 12800K,  21% used [0x00000000f7080000, 0x00000000f732f680, 0x00000000f7d00000)
  to   space 12800K,   0% used [0x00000000f6400000, 0x00000000f6400000, 0x00000000f7080000)
 concurrent mark-sweep generation total 134144K, used 36955K [0x00000000f7d00000, 0x0000000100000000, 0x0000000100000000)
 Metaspace       used 62674K, capacity 67314K, committed 67584K, reserved 1107968K
  class space    used 8372K, capacity 9148K, committed 9216K, reserved 1048576K
}
{Heap before GC invocations=11 (full 0):
 par new generation   total 115200K, used 105149K [0x00000000f0000000, 0x00000000f7d00000, 0x00000000f7d00000)
  eden space 102400K, 100% used [0x00000000f0000000, 0x00000000f6400000, 0x00000000f6400000)
  from space 12800K,  21% used [0x00000000f7080000, 0x00000000f732f680, 0x00000000f7d00000)
  to   space 12800K,   0% used [0x00000000f6400000, 0x00000000f6400000, 0x00000000f7080000)
 concurrent mark-sweep generation total 134144K, used 36955K [0x00000000f7d00000, 0x0000000100000000, 0x0000000100000000)
 Metaspace       used 62828K, capacity 67446K, committed 67584K, reserved 1107968K
  class space    used 8372K, capacity 9148K, committed 9216K, reserved 1048576K
2022-09-12T02:01:55.839+0800: 90.616: [GC (Allocation Failure)  142104K->38138K(249344K), 0.0057016 secs]
Heap after GC invocations=12 (full 0):
 par new generation   total 115200K, used 1182K [0x00000000f0000000, 0x00000000f7d00000, 0x00000000f7d00000)
  eden space 102400K,   0% used [0x00000000f0000000, 0x00000000f0000000, 0x00000000f6400000)
  from space 12800K,   9% used [0x00000000f6400000, 0x00000000f6527af0, 0x00000000f7080000)
  to   space 12800K,   0% used [0x00000000f7080000, 0x00000000f7080000, 0x00000000f7d00000)
 concurrent mark-sweep generation total 134144K, used 36955K [0x00000000f7d00000, 0x0000000100000000, 0x0000000100000000)
 Metaspace       used 62828K, capacity 67446K, committed 67584K, reserved 1107968K
  class space    used 8372K, capacity 9148K, committed 9216K, reserved 1048576K
}
{Heap before GC invocations=12 (full 0):
 par new generation   total 115200K, used 103582K [0x00000000f0000000, 0x00000000f7d00000, 0x00000000f7d00000)
  eden space 102400K, 100% used [0x00000000f0000000, 0x00000000f6400000, 0x00000000f6400000)
  from space 12800K,   9% used [0x00000000f6400000, 0x00000000f6527af0, 0x00000000f7080000)
  to   space 12800K,   0% used [0x00000000f7080000, 0x00000000f7080000, 0x00000000f7d00000)
 concurrent mark-sweep generation total 134144K, used 36955K [0x00000000f7d00000, 0x0000000100000000, 0x0000000100000000)
 Metaspace       used 62876K, capacity 67510K, committed 67584K, reserved 1107968K
  class space    used 8372K, capacity 9148K, committed 9216K, reserved 1048576K
2022-09-12T02:01:56.748+0800: 91.526: [GC (Allocation Failure)  140538K->38525K(249344K), 0.0063250 secs]
Heap after GC invocations=13 (full 0):
 par new generation   total 115200K, used 1570K [0x00000000f0000000, 0x00000000f7d00000, 0x00000000f7d00000)
  eden space 102400K,   0% used [0x00000000f0000000, 0x00000000f0000000, 0x00000000f6400000)
  from space 12800K,  12% used [0x00000000f7080000, 0x00000000f7208a10, 0x00000000f7d00000)
  to   space 12800K,   0% used [0x00000000f6400000, 0x00000000f6400000, 0x00000000f7080000)
 concurrent mark-sweep generation total 134144K, used 36955K [0x00000000f7d00000, 0x0000000100000000, 0x0000000100000000)
 Metaspace       used 62876K, capacity 67510K, committed 67584K, reserved 1107968K
  class space    used 8372K, capacity 9148K, committed 9216K, reserved 1048576K
}
{Heap before GC invocations=13 (full 0):
 par new generation   total 115200K, used 103970K [0x00000000f0000000, 0x00000000f7d00000, 0x00000000f7d00000)
  eden space 102400K, 100% used [0x00000000f0000000, 0x00000000f6400000, 0x00000000f6400000)
  from space 12800K,  12% used [0x00000000f7080000, 0x00000000f7208a10, 0x00000000f7d00000)
  to   space 12800K,   0% used [0x00000000f6400000, 0x00000000f6400000, 0x00000000f7080000)
 concurrent mark-sweep generation total 134144K, used 36955K [0x00000000f7d00000, 0x0000000100000000, 0x0000000100000000)
 Metaspace       used 62905K, capacity 67510K, committed 67584K, reserved 1107968K
  class space    used 8372K, capacity 9148K, committed 9216K, reserved 1048576K
2022-09-12T02:01:57.686+0800: 92.463: [GC (Allocation Failure)  140925K->38499K(249344K), 0.0065965 secs]
Heap after GC invocations=14 (full 0):
 par new generation   total 115200K, used 1544K [0x00000000f0000000, 0x00000000f7d00000, 0x00000000f7d00000)
  eden space 102400K,   0% used [0x00000000f0000000, 0x00000000f0000000, 0x00000000f6400000)
  from space 12800K,  12% used [0x00000000f6400000, 0x00000000f6582280, 0x00000000f7080000)
  to   space 12800K,   0% used [0x00000000f7080000, 0x00000000f7080000, 0x00000000f7d00000)
 concurrent mark-sweep generation total 134144K, used 36955K [0x00000000f7d00000, 0x0000000100000000, 0x0000000100000000)
 Metaspace       used 62905K, capacity 67510K, committed 67584K, reserved 1107968K
  class space    used 8372K, capacity 9148K, committed 9216K, reserved 1048576K
}
{Heap before GC invocations=14 (full 0):
 par new generation   total 115200K, used 103944K [0x00000000f0000000, 0x00000000f7d00000, 0x00000000f7d00000)
  eden space 102400K, 100% used [0x00000000f0000000, 0x00000000f6400000, 0x00000000f6400000)
  from space 12800K,  12% used [0x00000000f6400000, 0x00000000f6582280, 0x00000000f7080000)
  to   space 12800K,   0% used [0x00000000f7080000, 0x00000000f7080000, 0x00000000f7d00000)
 concurrent mark-sweep generation total 134144K, used 36955K [0x00000000f7d00000, 0x0000000100000000, 0x0000000100000000)
 Metaspace       used 62982K, capacity 67574K, committed 67840K, reserved 1107968K
  class space    used 8372K, capacity 9148K, committed 9216K, reserved 1048576K
2022-09-12T02:01:58.563+0800: 93.341: [GC (Allocation Failure)  140899K->38451K(249344K), 0.0059208 secs]
Heap after GC invocations=15 (full 0):
 par new generation   total 115200K, used 1495K [0x00000000f0000000, 0x00000000f7d00000, 0x00000000f7d00000)
  eden space 102400K,   0% used [0x00000000f0000000, 0x00000000f0000000, 0x00000000f6400000)
  from space 12800K,  11% used [0x00000000f7080000, 0x00000000f71f5fb0, 0x00000000f7d00000)
  to   space 12800K,   0% used [0x00000000f6400000, 0x00000000f6400000, 0x00000000f7080000)
 concurrent mark-sweep generation total 134144K, used 36955K [0x00000000f7d00000, 0x0000000100000000, 0x0000000100000000)
 Metaspace       used 62982K, capacity 67574K, committed 67840K, reserved 1107968K
  class space    used 8372K, capacity 9148K, committed 9216K, reserved 1048576K
}
{Heap before GC invocations=15 (full 0):
 par new generation   total 115200K, used 103895K [0x00000000f0000000, 0x00000000f7d00000, 0x00000000f7d00000)
  eden space 102400K, 100% used [0x00000000f0000000, 0x00000000f6400000, 0x00000000f6400000)
  from space 12800K,  11% used [0x00000000f7080000, 0x00000000f71f5fb0, 0x00000000f7d00000)
  to   space 12800K,   0% used [0x00000000f6400000, 0x00000000f6400000, 0x00000000f7080000)
 concurrent mark-sweep generation total 134144K, used 36955K [0x00000000f7d00000, 0x0000000100000000, 0x0000000100000000)
 Metaspace       used 63046K, capacity 67674K, committed 67840K, reserved 1107968K
  class space    used 8373K, capacity 9180K, committed 9216K, reserved 1048576K
2022-09-12T02:01:59.448+0800: 94.225: [GC (Allocation Failure)  140851K->38886K(249344K), 0.0080424 secs]
Heap after GC invocations=16 (full 0):
 par new generation   total 115200K, used 1789K [0x00000000f0000000, 0x00000000f7d00000, 0x00000000f7d00000)
  eden space 102400K,   0% used [0x00000000f0000000, 0x00000000f0000000, 0x00000000f6400000)
  from space 12800K,  13% used [0x00000000f6400000, 0x00000000f65bf5b8, 0x00000000f7080000)
  to   space 12800K,   0% used [0x00000000f7080000, 0x00000000f7080000, 0x00000000f7d00000)
 concurrent mark-sweep generation total 134144K, used 37097K [0x00000000f7d00000, 0x0000000100000000, 0x0000000100000000)
 Metaspace       used 63046K, capacity 67674K, committed 67840K, reserved 1107968K
  class space    used 8373K, capacity 9180K, committed 9216K, reserved 1048576K
}
{Heap before GC invocations=16 (full 0):
 par new generation   total 115200K, used 104189K [0x00000000f0000000, 0x00000000f7d00000, 0x00000000f7d00000)
  eden space 102400K, 100% used [0x00000000f0000000, 0x00000000f6400000, 0x00000000f6400000)
  from space 12800K,  13% used [0x00000000f6400000, 0x00000000f65bf5b8, 0x00000000f7080000)
  to   space 12800K,   0% used [0x00000000f7080000, 0x00000000f7080000, 0x00000000f7d00000)
 concurrent mark-sweep generation total 134144K, used 37097K [0x00000000f7d00000, 0x0000000100000000, 0x0000000100000000)
 Metaspace       used 63104K, capacity 67754K, committed 67840K, reserved 1107968K
  class space    used 8373K, capacity 9180K, committed 9216K, reserved 1048576K
2022-09-12T02:02:00.284+0800: 95.061: [GC (Allocation Failure)  141286K->38532K(249344K), 0.0058758 secs]
Heap after GC invocations=17 (full 0):
 par new generation   total 115200K, used 1423K [0x00000000f0000000, 0x00000000f7d00000, 0x00000000f7d00000)
  eden space 102400K,   0% used [0x00000000f0000000, 0x00000000f0000000, 0x00000000f6400000)
  from space 12800K,  11% used [0x00000000f7080000, 0x00000000f71e3ec0, 0x00000000f7d00000)
  to   space 12800K,   0% used [0x00000000f6400000, 0x00000000f6400000, 0x00000000f7080000)
 concurrent mark-sweep generation total 134144K, used 37109K [0x00000000f7d00000, 0x0000000100000000, 0x0000000100000000)
 Metaspace       used 63104K, capacity 67754K, committed 67840K, reserved 1107968K
  class space    used 8373K, capacity 9180K, committed 9216K, reserved 1048576K
}
{Heap before GC invocations=17 (full 0):
 par new generation   total 115200K, used 103823K [0x00000000f0000000, 0x00000000f7d00000, 0x00000000f7d00000)
  eden space 102400K, 100% used [0x00000000f0000000, 0x00000000f6400000, 0x00000000f6400000)
  from space 12800K,  11% used [0x00000000f7080000, 0x00000000f71e3ec0, 0x00000000f7d00000)
  to   space 12800K,   0% used [0x00000000f6400000, 0x00000000f6400000, 0x00000000f7080000)
 concurrent mark-sweep generation total 134144K, used 37109K [0x00000000f7d00000, 0x0000000100000000, 0x0000000100000000)
 Metaspace       used 63266K, capacity 67946K, committed 68096K, reserved 1107968K
  class space    used 8373K, capacity 9180K, committed 9216K, reserved 1048576K
2022-09-12T02:02:01.101+0800: 95.878: [GC (Allocation Failure)  140932K->38444K(249344K), 0.0069459 secs]
Heap after GC invocations=18 (full 0):
 par new generation   total 115200K, used 1315K [0x00000000f0000000, 0x00000000f7d00000, 0x00000000f7d00000)
  eden space 102400K,   0% used [0x00000000f0000000, 0x00000000f0000000, 0x00000000f6400000)
  from space 12800K,  10% used [0x00000000f6400000, 0x00000000f6548c68, 0x00000000f7080000)
  to   space 12800K,   0% used [0x00000000f7080000, 0x00000000f7080000, 0x00000000f7d00000)
 concurrent mark-sweep generation total 134144K, used 37129K [0x00000000f7d00000, 0x0000000100000000, 0x0000000100000000)
 Metaspace       used 63266K, capacity 67946K, committed 68096K, reserved 1107968K
  class space    used 8373K, capacity 9180K, committed 9216K, reserved 1048576K
}
{Heap before GC invocations=18 (full 0):
 par new generation   total 115200K, used 103715K [0x00000000f0000000, 0x00000000f7d00000, 0x00000000f7d00000)
  eden space 102400K, 100% used [0x00000000f0000000, 0x00000000f6400000, 0x00000000f6400000)
  from space 12800K,  10% used [0x00000000f6400000, 0x00000000f6548c68, 0x00000000f7080000)
  to   space 12800K,   0% used [0x00000000f7080000, 0x00000000f7080000, 0x00000000f7d00000)
 concurrent mark-sweep generation total 134144K, used 37129K [0x00000000f7d00000, 0x0000000100000000, 0x0000000100000000)
 Metaspace       used 63286K, capacity 67950K, committed 68096K, reserved 1107968K
  class space    used 8373K, capacity 9180K, committed 9216K, reserved 1048576K
2022-09-12T02:02:01.889+0800: 96.666: [GC (Allocation Failure)  140844K->38340K(249344K), 0.0068671 secs]
Heap after GC invocations=19 (full 0):
 par new generation   total 115200K, used 1197K [0x00000000f0000000, 0x00000000f7d00000, 0x00000000f7d00000)
  eden space 102400K,   0% used [0x00000000f0000000, 0x00000000f0000000, 0x00000000f6400000)
  from space 12800K,   9% used [0x00000000f7080000, 0x00000000f71ab718, 0x00000000f7d00000)
  to   space 12800K,   0% used [0x00000000f6400000, 0x00000000f6400000, 0x00000000f7080000)
 concurrent mark-sweep generation total 134144K, used 37142K [0x00000000f7d00000, 0x0000000100000000, 0x0000000100000000)
 Metaspace       used 63286K, capacity 67950K, committed 68096K, reserved 1107968K
  class space    used 8373K, capacity 9180K, committed 9216K, reserved 1048576K
}
{Heap before GC invocations=19 (full 0):
 par new generation   total 115200K, used 103597K [0x00000000f0000000, 0x00000000f7d00000, 0x00000000f7d00000)
  eden space 102400K, 100% used [0x00000000f0000000, 0x00000000f6400000, 0x00000000f6400000)
  from space 12800K,   9% used [0x00000000f7080000, 0x00000000f71ab718, 0x00000000f7d00000)
  to   space 12800K,   0% used [0x00000000f6400000, 0x00000000f6400000, 0x00000000f7080000)
 concurrent mark-sweep generation total 134144K, used 37142K [0x00000000f7d00000, 0x0000000100000000, 0x0000000100000000)
 Metaspace       used 63382K, capacity 68078K, committed 68352K, reserved 1107968K
  class space    used 8373K, capacity 9180K, committed 9216K, reserved 1048576K
2022-09-12T02:02:02.673+0800: 97.450: [GC (Allocation Failure)  140740K->38754K(249344K), 0.0066913 secs]
Heap after GC invocations=20 (full 0):
 par new generation   total 115200K, used 1595K [0x00000000f0000000, 0x00000000f7d00000, 0x00000000f7d00000)
  eden space 102400K,   0% used [0x00000000f0000000, 0x00000000f0000000, 0x00000000f6400000)
  from space 12800K,  12% used [0x00000000f6400000, 0x00000000f658ed90, 0x00000000f7080000)
  to   space 12800K,   0% used [0x00000000f7080000, 0x00000000f7080000, 0x00000000f7d00000)
 concurrent mark-sweep generation total 134144K, used 37159K [0x00000000f7d00000, 0x0000000100000000, 0x0000000100000000)
 Metaspace       used 63382K, capacity 68078K, committed 68352K, reserved 1107968K
  class space    used 8373K, capacity 9180K, committed 9216K, reserved 1048576K
}
{Heap before GC invocations=20 (full 0):
 par new generation   total 115200K, used 103995K [0x00000000f0000000, 0x00000000f7d00000, 0x00000000f7d00000)
  eden space 102400K, 100% used [0x00000000f0000000, 0x00000000f6400000, 0x00000000f6400000)
  from space 12800K,  12% used [0x00000000f6400000, 0x00000000f658ed90, 0x00000000f7080000)
  to   space 12800K,   0% used [0x00000000f7080000, 0x00000000f7080000, 0x00000000f7d00000)
 concurrent mark-sweep generation total 134144K, used 37159K [0x00000000f7d00000, 0x0000000100000000, 0x0000000100000000)
 Metaspace       used 63479K, capacity 68142K, committed 68352K, reserved 1107968K
  class space    used 8373K, capacity 9180K, committed 9216K, reserved 1048576K
2022-09-12T02:02:03.427+0800: 98.205: [GC (Allocation Failure)  141154K->39040K(249344K), 0.0052999 secs]
Heap after GC invocations=21 (full 0):
 par new generation   total 115200K, used 1876K [0x00000000f0000000, 0x00000000f7d00000, 0x00000000f7d00000)
  eden space 102400K,   0% used [0x00000000f0000000, 0x00000000f0000000, 0x00000000f6400000)
  from space 12800K,  14% used [0x00000000f7080000, 0x00000000f7255380, 0x00000000f7d00000)
  to   space 12800K,   0% used [0x00000000f6400000, 0x00000000f6400000, 0x00000000f7080000)
 concurrent mark-sweep generation total 134144K, used 37163K [0x00000000f7d00000, 0x0000000100000000, 0x0000000100000000)
 Metaspace       used 63479K, capacity 68142K, committed 68352K, reserved 1107968K
  class space    used 8373K, capacity 9180K, committed 9216K, reserved 1048576K
}
{Heap before GC invocations=21 (full 0):
 par new generation   total 115200K, used 104276K [0x00000000f0000000, 0x00000000f7d00000, 0x00000000f7d00000)
  eden space 102400K, 100% used [0x00000000f0000000, 0x00000000f6400000, 0x00000000f6400000)
  from space 12800K,  14% used [0x00000000f7080000, 0x00000000f7255380, 0x00000000f7d00000)
  to   space 12800K,   0% used [0x00000000f6400000, 0x00000000f6400000, 0x00000000f7080000)
 concurrent mark-sweep generation total 134144K, used 37163K [0x00000000f7d00000, 0x0000000100000000, 0x0000000100000000)
 Metaspace       used 63487K, capacity 68142K, committed 68352K, reserved 1107968K
  class space    used 8373K, capacity 9180K, committed 9216K, reserved 1048576K
2022-09-12T02:02:04.138+0800: 98.916: [GC (Allocation Failure)  141440K->38559K(249344K), 0.0060726 secs]
Heap after GC invocations=22 (full 0):
 par new generation   total 115200K, used 1369K [0x00000000f0000000, 0x00000000f7d00000, 0x00000000f7d00000)
  eden space 102400K,   0% used [0x00000000f0000000, 0x00000000f0000000, 0x00000000f6400000)
  from space 12800K,  10% used [0x00000000f6400000, 0x00000000f6556600, 0x00000000f7080000)
  to   space 12800K,   0% used [0x00000000f7080000, 0x00000000f7080000, 0x00000000f7d00000)
 concurrent mark-sweep generation total 134144K, used 37189K [0x00000000f7d00000, 0x0000000100000000, 0x0000000100000000)
 Metaspace       used 63487K, capacity 68142K, committed 68352K, reserved 1107968K
  class space    used 8373K, capacity 9180K, committed 9216K, reserved 1048576K
}
{Heap before GC invocations=22 (full 0):
 par new generation   total 115200K, used 103769K [0x00000000f0000000, 0x00000000f7d00000, 0x00000000f7d00000)
  eden space 102400K, 100% used [0x00000000f0000000, 0x00000000f6400000, 0x00000000f6400000)
  from space 12800K,  10% used [0x00000000f6400000, 0x00000000f6556600, 0x00000000f7080000)
  to   space 12800K,   0% used [0x00000000f7080000, 0x00000000f7080000, 0x00000000f7d00000)
 concurrent mark-sweep generation total 134144K, used 37189K [0x00000000f7d00000, 0x0000000100000000, 0x0000000100000000)
 Metaspace       used 63594K, capacity 68270K, committed 68352K, reserved 1107968K
  class space    used 8374K, capacity 9180K, committed 9216K, reserved 1048576K
2022-09-12T02:02:04.842+0800: 99.619: [GC (Allocation Failure)  140959K->38646K(249344K), 0.0063796 secs]
Heap after GC invocations=23 (full 0):
 par new generation   total 115200K, used 1382K [0x00000000f0000000, 0x00000000f7d00000, 0x00000000f7d00000)
  eden space 102400K,   0% used [0x00000000f0000000, 0x00000000f0000000, 0x00000000f6400000)
  from space 12800K,  10% used [0x00000000f7080000, 0x00000000f71d9a20, 0x00000000f7d00000)
  to   space 12800K,   0% used [0x00000000f6400000, 0x00000000f6400000, 0x00000000f7080000)
 concurrent mark-sweep generation total 134144K, used 37264K [0x00000000f7d00000, 0x0000000100000000, 0x0000000100000000)
 Metaspace       used 63594K, capacity 68270K, committed 68352K, reserved 1107968K
  class space    used 8374K, capacity 9180K, committed 9216K, reserved 1048576K
}
{Heap before GC invocations=23 (full 0):
 par new generation   total 115200K, used 103782K [0x00000000f0000000, 0x00000000f7d00000, 0x00000000f7d00000)
  eden space 102400K, 100% used [0x00000000f0000000, 0x00000000f6400000, 0x00000000f6400000)
  from space 12800K,  10% used [0x00000000f7080000, 0x00000000f71d9a20, 0x00000000f7d00000)
  to   space 12800K,   0% used [0x00000000f6400000, 0x00000000f6400000, 0x00000000f7080000)
 concurrent mark-sweep generation total 134144K, used 37264K [0x00000000f7d00000, 0x0000000100000000, 0x0000000100000000)
 Metaspace       used 63632K, capacity 68274K, committed 68352K, reserved 1107968K
  class space    used 8374K, capacity 9180K, committed 9216K, reserved 1048576K
2022-09-12T02:02:05.515+0800: 100.292: [GC (Allocation Failure)  141046K->38531K(249344K), 0.0068476 secs]
Heap after GC invocations=24 (full 0):
 par new generation   total 115200K, used 1190K [0x00000000f0000000, 0x00000000f7d00000, 0x00000000f7d00000)
  eden space 102400K,   0% used [0x00000000f0000000, 0x00000000f0000000, 0x00000000f6400000)
  from space 12800K,   9% used [0x00000000f6400000, 0x00000000f6529ab0, 0x00000000f7080000)
  to   space 12800K,   0% used [0x00000000f7080000, 0x00000000f7080000, 0x00000000f7d00000)
 concurrent mark-sweep generation total 134144K, used 37341K [0x00000000f7d00000, 0x0000000100000000, 0x0000000100000000)
 Metaspace       used 63632K, capacity 68274K, committed 68352K, reserved 1107968K
  class space    used 8374K, capacity 9180K, committed 9216K, reserved 1048576K
}
{Heap before GC invocations=24 (full 0):
 par new generation   total 115200K, used 103590K [0x00000000f0000000, 0x00000000f7d00000, 0x00000000f7d00000)
  eden space 102400K, 100% used [0x00000000f0000000, 0x00000000f6400000, 0x00000000f6400000)
  from space 12800K,   9% used [0x00000000f6400000, 0x00000000f6529ab0, 0x00000000f7080000)
  to   space 12800K,   0% used [0x00000000f7080000, 0x00000000f7080000, 0x00000000f7d00000)
 concurrent mark-sweep generation total 134144K, used 37341K [0x00000000f7d00000, 0x0000000100000000, 0x0000000100000000)
 Metaspace       used 63687K, capacity 68338K, committed 68608K, reserved 1107968K
  class space    used 8374K, capacity 9180K, committed 9216K, reserved 1048576K
2022-09-12T02:02:06.172+0800: 100.949: [GC (Allocation Failure)  140931K->39039K(249344K), 0.0106521 secs]
Heap after GC invocations=25 (full 0):
 par new generation   total 115200K, used 1682K [0x00000000f0000000, 0x00000000f7d00000, 0x00000000f7d00000)
  eden space 102400K,   0% used [0x00000000f0000000, 0x00000000f0000000, 0x00000000f6400000)
  from space 12800K,  13% used [0x00000000f7080000, 0x00000000f7224ac0, 0x00000000f7d00000)
  to   space 12800K,   0% used [0x00000000f6400000, 0x00000000f6400000, 0x00000000f7080000)
 concurrent mark-sweep generation total 134144K, used 37356K [0x00000000f7d00000, 0x0000000100000000, 0x0000000100000000)
 Metaspace       used 63687K, capacity 68338K, committed 68608K, reserved 1107968K
  class space    used 8374K, capacity 9180K, committed 9216K, reserved 1048576K
}
{Heap before GC invocations=25 (full 0):
 par new generation   total 115200K, used 104082K [0x00000000f0000000, 0x00000000f7d00000, 0x00000000f7d00000)
  eden space 102400K, 100% used [0x00000000f0000000, 0x00000000f6400000, 0x00000000f6400000)
  from space 12800K,  13% used [0x00000000f7080000, 0x00000000f7224ac0, 0x00000000f7d00000)
  to   space 12800K,   0% used [0x00000000f6400000, 0x00000000f6400000, 0x00000000f7080000)
 concurrent mark-sweep generation total 134144K, used 37356K [0x00000000f7d00000, 0x0000000100000000, 0x0000000100000000)
 Metaspace       used 63773K, capacity 68474K, committed 68608K, reserved 1107968K
  class space    used 8375K, capacity 9180K, committed 9216K, reserved 1048576K
2022-09-12T02:02:06.796+0800: 101.574: [GC (Allocation Failure)  141439K->38654K(249344K), 0.0055931 secs]
Heap after GC invocations=26 (full 0):
 par new generation   total 115200K, used 1292K [0x00000000f0000000, 0x00000000f7d00000, 0x00000000f7d00000)
  eden space 102400K,   0% used [0x00000000f0000000, 0x00000000f0000000, 0x00000000f6400000)
  from space 12800K,  10% used [0x00000000f6400000, 0x00000000f65432c8, 0x00000000f7080000)
  to   space 12800K,   0% used [0x00000000f7080000, 0x00000000f7080000, 0x00000000f7d00000)
 concurrent mark-sweep generation total 134144K, used 37362K [0x00000000f7d00000, 0x0000000100000000, 0x0000000100000000)
 Metaspace       used 63773K, capacity 68474K, committed 68608K, reserved 1107968K
  class space    used 8375K, capacity 9180K, committed 9216K, reserved 1048576K
}
{Heap before GC invocations=26 (full 0):
 par new generation   total 115200K, used 103692K [0x00000000f0000000, 0x00000000f7d00000, 0x00000000f7d00000)
  eden space 102400K, 100% used [0x00000000f0000000, 0x00000000f6400000, 0x00000000f6400000)
  from space 12800K,  10% used [0x00000000f6400000, 0x00000000f65432c8, 0x00000000f7080000)
  to   space 12800K,   0% used [0x00000000f7080000, 0x00000000f7080000, 0x00000000f7d00000)
 concurrent mark-sweep generation total 134144K, used 37362K [0x00000000f7d00000, 0x0000000100000000, 0x0000000100000000)
 Metaspace       used 63924K, capacity 68614K, committed 68864K, reserved 1110016K
  class space    used 8375K, capacity 9180K, committed 9216K, reserved 1048576K
2022-09-12T02:02:07.401+0800: 102.178: [GC (Allocation Failure)  141054K->38665K(249344K), 0.0093074 secs]
Heap after GC invocations=27 (full 0):
 par new generation   total 115200K, used 1299K [0x00000000f0000000, 0x00000000f7d00000, 0x00000000f7d00000)
  eden space 102400K,   0% used [0x00000000f0000000, 0x00000000f0000000, 0x00000000f6400000)
  from space 12800K,  10% used [0x00000000f7080000, 0x00000000f71c4f00, 0x00000000f7d00000)
  to   space 12800K,   0% used [0x00000000f6400000, 0x00000000f6400000, 0x00000000f7080000)
 concurrent mark-sweep generation total 134144K, used 37365K [0x00000000f7d00000, 0x0000000100000000, 0x0000000100000000)
 Metaspace       used 63924K, capacity 68614K, committed 68864K, reserved 1110016K
  class space    used 8375K, capacity 9180K, committed 9216K, reserved 1048576K
}
{Heap before GC invocations=27 (full 0):
 par new generation   total 115200K, used 103699K [0x00000000f0000000, 0x00000000f7d00000, 0x00000000f7d00000)
  eden space 102400K, 100% used [0x00000000f0000000, 0x00000000f6400000, 0x00000000f6400000)
  from space 12800K,  10% used [0x00000000f7080000, 0x00000000f71c4f00, 0x00000000f7d00000)
  to   space 12800K,   0% used [0x00000000f6400000, 0x00000000f6400000, 0x00000000f7080000)
 concurrent mark-sweep generation total 134144K, used 37365K [0x00000000f7d00000, 0x0000000100000000, 0x0000000100000000)
 Metaspace       used 64025K, capacity 68742K, committed 68864K, reserved 1110016K
  class space    used 8376K, capacity 9180K, committed 9216K, reserved 1048576K
2022-09-12T02:02:07.963+0800: 102.740: [GC (Allocation Failure)  141065K->38736K(249344K), 0.0060083 secs]
Heap after GC invocations=28 (full 0):
 par new generation   total 115200K, used 1370K [0x00000000f0000000, 0x00000000f7d00000, 0x00000000f7d00000)
  eden space 102400K,   0% used [0x00000000f0000000, 0x00000000f0000000, 0x00000000f6400000)
  from space 12800K,  10% used [0x00000000f6400000, 0x00000000f6556a80, 0x00000000f7080000)
  to   space 12800K,   0% used [0x00000000f7080000, 0x00000000f7080000, 0x00000000f7d00000)
 concurrent mark-sweep generation total 134144K, used 37365K [0x00000000f7d00000, 0x0000000100000000, 0x0000000100000000)
 Metaspace       used 64025K, capacity 68742K, committed 68864K, reserved 1110016K
  class space    used 8376K, capacity 9180K, committed 9216K, reserved 1048576K
}
{Heap before GC invocations=28 (full 0):
 par new generation   total 115200K, used 103770K [0x00000000f0000000, 0x00000000f7d00000, 0x00000000f7d00000)
  eden space 102400K, 100% used [0x00000000f0000000, 0x00000000f6400000, 0x00000000f6400000)
  from space 12800K,  10% used [0x00000000f6400000, 0x00000000f6556a80, 0x00000000f7080000)
  to   space 12800K,   0% used [0x00000000f7080000, 0x00000000f7080000, 0x00000000f7d00000)
 concurrent mark-sweep generation total 134144K, used 37365K [0x00000000f7d00000, 0x0000000100000000, 0x0000000100000000)
 Metaspace       used 64053K, capacity 68742K, committed 68864K, reserved 1110016K
  class space    used 8376K, capacity 9180K, committed 9216K, reserved 1048576K
2022-09-12T02:02:08.500+0800: 103.278: [GC (Allocation Failure)  141136K->39023K(249344K), 0.0064735 secs]
Heap after GC invocations=29 (full 0):
 par new generation   total 115200K, used 1647K [0x00000000f0000000, 0x00000000f7d00000, 0x00000000f7d00000)
  eden space 102400K,   0% used [0x00000000f0000000, 0x00000000f0000000, 0x00000000f6400000)
  from space 12800K,  12% used [0x00000000f7080000, 0x00000000f721be48, 0x00000000f7d00000)
  to   space 12800K,   0% used [0x00000000f6400000, 0x00000000f6400000, 0x00000000f7080000)
 concurrent mark-sweep generation total 134144K, used 37376K [0x00000000f7d00000, 0x0000000100000000, 0x0000000100000000)
 Metaspace       used 64053K, capacity 68742K, committed 68864K, reserved 1110016K
  class space    used 8376K, capacity 9180K, committed 9216K, reserved 1048576K
}
{Heap before GC invocations=29 (full 0):
 par new generation   total 115200K, used 104047K [0x00000000f0000000, 0x00000000f7d00000, 0x00000000f7d00000)
  eden space 102400K, 100% used [0x00000000f0000000, 0x00000000f6400000, 0x00000000f6400000)
  from space 12800K,  12% used [0x00000000f7080000, 0x00000000f721be48, 0x00000000f7d00000)
  to   space 12800K,   0% used [0x00000000f6400000, 0x00000000f6400000, 0x00000000f7080000)
 concurrent mark-sweep generation total 134144K, used 37376K [0x00000000f7d00000, 0x0000000100000000, 0x0000000100000000)
 Metaspace       used 64169K, capacity 68870K, committed 69120K, reserved 1110016K
  class space    used 8376K, capacity 9180K, committed 9216K, reserved 1048576K
2022-09-12T02:02:09.024+0800: 103.801: [GC (Allocation Failure)  141423K->38898K(249344K), 0.0053661 secs]
Heap after GC invocations=30 (full 0):
 par new generation   total 115200K, used 1515K [0x00000000f0000000, 0x00000000f7d00000, 0x00000000f7d00000)
  eden space 102400K,   0% used [0x00000000f0000000, 0x00000000f0000000, 0x00000000f6400000)
  from space 12800K,  11% used [0x00000000f6400000, 0x00000000f657adb0, 0x00000000f7080000)
  to   space 12800K,   0% used [0x00000000f7080000, 0x00000000f7080000, 0x00000000f7d00000)
 concurrent mark-sweep generation total 134144K, used 37382K [0x00000000f7d00000, 0x0000000100000000, 0x0000000100000000)
 Metaspace       used 64169K, capacity 68870K, committed 69120K, reserved 1110016K
  class space    used 8376K, capacity 9180K, committed 9216K, reserved 1048576K
}
{Heap before GC invocations=30 (full 0):
 par new generation   total 115200K, used 103915K [0x00000000f0000000, 0x00000000f7d00000, 0x00000000f7d00000)
  eden space 102400K, 100% used [0x00000000f0000000, 0x00000000f6400000, 0x00000000f6400000)
  from space 12800K,  11% used [0x00000000f6400000, 0x00000000f657adb0, 0x00000000f7080000)
  to   space 12800K,   0% used [0x00000000f7080000, 0x00000000f7080000, 0x00000000f7d00000)
 concurrent mark-sweep generation total 134144K, used 37382K [0x00000000f7d00000, 0x0000000100000000, 0x0000000100000000)
 Metaspace       used 64199K, capacity 68870K, committed 69120K, reserved 1110016K
  class space    used 8376K, capacity 9180K, committed 9216K, reserved 1048576K
2022-09-12T02:02:09.539+0800: 104.317: [GC (Allocation Failure)  141298K->38944K(249344K), 0.0075642 secs]
Heap after GC invocations=31 (full 0):
 par new generation   total 115200K, used 1533K [0x00000000f0000000, 0x00000000f7d00000, 0x00000000f7d00000)
  eden space 102400K,   0% used [0x00000000f0000000, 0x00000000f0000000, 0x00000000f6400000)
  from space 12800K,  11% used [0x00000000f7080000, 0x00000000f71ff670, 0x00000000f7d00000)
  to   space 12800K,   0% used [0x00000000f6400000, 0x00000000f6400000, 0x00000000f7080000)
 concurrent mark-sweep generation total 134144K, used 37411K [0x00000000f7d00000, 0x0000000100000000, 0x0000000100000000)
 Metaspace       used 64199K, capacity 68870K, committed 69120K, reserved 1110016K
  class space    used 8376K, capacity 9180K, committed 9216K, reserved 1048576K
}
{Heap before GC invocations=31 (full 0):
 par new generation   total 115200K, used 103933K [0x00000000f0000000, 0x00000000f7d00000, 0x00000000f7d00000)
  eden space 102400K, 100% used [0x00000000f0000000, 0x00000000f6400000, 0x00000000f6400000)
  from space 12800K,  11% used [0x00000000f7080000, 0x00000000f71ff670, 0x00000000f7d00000)
  to   space 12800K,   0% used [0x00000000f6400000, 0x00000000f6400000, 0x00000000f7080000)
 concurrent mark-sweep generation total 134144K, used 37411K [0x00000000f7d00000, 0x0000000100000000, 0x0000000100000000)
 Metaspace       used 64283K, capacity 68946K, committed 69120K, reserved 1110016K
  class space    used 8376K, capacity 9180K, committed 9216K, reserved 1048576K
2022-09-12T02:02:10.047+0800: 104.825: [GC (Allocation Failure)  141344K->38711K(249344K), 0.0075026 secs]
Heap after GC invocations=32 (full 0):
 par new generation   total 115200K, used 1256K [0x00000000f0000000, 0x00000000f7d00000, 0x00000000f7d00000)
  eden space 102400K,   0% used [0x00000000f0000000, 0x00000000f0000000, 0x00000000f6400000)
  from space 12800K,   9% used [0x00000000f6400000, 0x00000000f653a3a8, 0x00000000f7080000)
  to   space 12800K,   0% used [0x00000000f7080000, 0x00000000f7080000, 0x00000000f7d00000)
 concurrent mark-sweep generation total 134144K, used 37454K [0x00000000f7d00000, 0x0000000100000000, 0x0000000100000000)
 Metaspace       used 64283K, capacity 68946K, committed 69120K, reserved 1110016K
  class space    used 8376K, capacity 9180K, committed 9216K, reserved 1048576K
}
{Heap before GC invocations=32 (full 0):
 par new generation   total 115200K, used 103656K [0x00000000f0000000, 0x00000000f7d00000, 0x00000000f7d00000)
  eden space 102400K, 100% used [0x00000000f0000000, 0x00000000f6400000, 0x00000000f6400000)
  from space 12800K,   9% used [0x00000000f6400000, 0x00000000f653a3a8, 0x00000000f7080000)
  to   space 12800K,   0% used [0x00000000f7080000, 0x00000000f7080000, 0x00000000f7d00000)
 concurrent mark-sweep generation total 134144K, used 37454K [0x00000000f7d00000, 0x0000000100000000, 0x0000000100000000)
 Metaspace       used 64419K, capacity 69082K, committed 69120K, reserved 1110016K
  class space    used 8376K, capacity 9180K, committed 9216K, reserved 1048576K
2022-09-12T02:02:10.533+0800: 105.310: [GC (Allocation Failure)  141111K->38666K(249344K), 0.0068008 secs]
Heap after GC invocations=33 (full 0):
 par new generation   total 115200K, used 1159K [0x00000000f0000000, 0x00000000f7d00000, 0x00000000f7d00000)
  eden space 102400K,   0% used [0x00000000f0000000, 0x00000000f0000000, 0x00000000f6400000)
  from space 12800K,   9% used [0x00000000f7080000, 0x00000000f71a1d30, 0x00000000f7d00000)
  to   space 12800K,   0% used [0x00000000f6400000, 0x00000000f6400000, 0x00000000f7080000)
 concurrent mark-sweep generation total 134144K, used 37506K [0x00000000f7d00000, 0x0000000100000000, 0x0000000100000000)
 Metaspace       used 64419K, capacity 69082K, committed 69120K, reserved 1110016K
  class space    used 8376K, capacity 9180K, committed 9216K, reserved 1048576K
}
{Heap before GC invocations=33 (full 0):
 par new generation   total 115200K, used 103559K [0x00000000f0000000, 0x00000000f7d00000, 0x00000000f7d00000)
  eden space 102400K, 100% used [0x00000000f0000000, 0x00000000f6400000, 0x00000000f6400000)
  from space 12800K,   9% used [0x00000000f7080000, 0x00000000f71a1d30, 0x00000000f7d00000)
  to   space 12800K,   0% used [0x00000000f6400000, 0x00000000f6400000, 0x00000000f7080000)
 concurrent mark-sweep generation total 134144K, used 37506K [0x00000000f7d00000, 0x0000000100000000, 0x0000000100000000)
 Metaspace       used 64529K, capacity 69210K, committed 69376K, reserved 1110016K
  class space    used 8376K, capacity 9180K, committed 9216K, reserved 1048576K
2022-09-12T02:02:11.009+0800: 105.786: [GC (Allocation Failure)  141066K->38848K(249344K), 0.0068536 secs]
Heap after GC invocations=34 (full 0):
 par new generation   total 115200K, used 1319K [0x00000000f0000000, 0x00000000f7d00000, 0x00000000f7d00000)
  eden space 102400K,   0% used [0x00000000f0000000, 0x00000000f0000000, 0x00000000f6400000)
  from space 12800K,  10% used [0x00000000f6400000, 0x00000000f6549dc0, 0x00000000f7080000)
  to   space 12800K,   0% used [0x00000000f7080000, 0x00000000f7080000, 0x00000000f7d00000)
 concurrent mark-sweep generation total 134144K, used 37529K [0x00000000f7d00000, 0x0000000100000000, 0x0000000100000000)
 Metaspace       used 64529K, capacity 69210K, committed 69376K, reserved 1110016K
  class space    used 8376K, capacity 9180K, committed 9216K, reserved 1048576K
}
{Heap before GC invocations=34 (full 0):
 par new generation   total 115200K, used 103719K [0x00000000f0000000, 0x00000000f7d00000, 0x00000000f7d00000)
  eden space 102400K, 100% used [0x00000000f0000000, 0x00000000f6400000, 0x00000000f6400000)
  from space 12800K,  10% used [0x00000000f6400000, 0x00000000f6549dc0, 0x00000000f7080000)
  to   space 12800K,   0% used [0x00000000f7080000, 0x00000000f7080000, 0x00000000f7d00000)
 concurrent mark-sweep generation total 134144K, used 37529K [0x00000000f7d00000, 0x0000000100000000, 0x0000000100000000)
 Metaspace       used 64588K, capacity 69338K, committed 69376K, reserved 1110016K
  class space    used 8376K, capacity 9180K, committed 9216K, reserved 1048576K
2022-09-12T02:02:11.470+0800: 106.248: [GC (Allocation Failure)  141248K->39222K(249344K), 0.0046866 secs]
Heap after GC invocations=35 (full 0):
 par new generation   total 115200K, used 1687K [0x00000000f0000000, 0x00000000f7d00000, 0x00000000f7d00000)
  eden space 102400K,   0% used [0x00000000f0000000, 0x00000000f0000000, 0x00000000f6400000)
  from space 12800K,  13% used [0x00000000f7080000, 0x00000000f7225ed8, 0x00000000f7d00000)
  to   space 12800K,   0% used [0x00000000f6400000, 0x00000000f6400000, 0x00000000f7080000)
 concurrent mark-sweep generation total 134144K, used 37534K [0x00000000f7d00000, 0x0000000100000000, 0x0000000100000000)
 Metaspace       used 64588K, capacity 69338K, committed 69376K, reserved 1110016K
  class space    used 8376K, capacity 9180K, committed 9216K, reserved 1048576K
}
{Heap before GC invocations=35 (full 0):
 par new generation   total 115200K, used 104087K [0x00000000f0000000, 0x00000000f7d00000, 0x00000000f7d00000)
  eden space 102400K, 100% used [0x00000000f0000000, 0x00000000f6400000, 0x00000000f6400000)
  from space 12800K,  13% used [0x00000000f7080000, 0x00000000f7225ed8, 0x00000000f7d00000)
  to   space 12800K,   0% used [0x00000000f6400000, 0x00000000f6400000, 0x00000000f7080000)
 concurrent mark-sweep generation total 134144K, used 37534K [0x00000000f7d00000, 0x0000000100000000, 0x0000000100000000)
 Metaspace       used 64760K, capacity 69470K, committed 69632K, reserved 1110016K
  class space    used 8376K, capacity 9180K, committed 9216K, reserved 1048576K
2022-09-12T02:02:11.909+0800: 106.687: [GC (Allocation Failure)  141622K->38935K(249344K), 0.0064539 secs]
Heap after GC invocations=36 (full 0):
 par new generation   total 115200K, used 1395K [0x00000000f0000000, 0x00000000f7d00000, 0x00000000f7d00000)
  eden space 102400K,   0% used [0x00000000f0000000, 0x00000000f0000000, 0x00000000f6400000)
  from space 12800K,  10% used [0x00000000f6400000, 0x00000000f655cd68, 0x00000000f7080000)
  to   space 12800K,   0% used [0x00000000f7080000, 0x00000000f7080000, 0x00000000f7d00000)
 concurrent mark-sweep generation total 134144K, used 37540K [0x00000000f7d00000, 0x0000000100000000, 0x0000000100000000)
 Metaspace       used 64760K, capacity 69470K, committed 69632K, reserved 1110016K
  class space    used 8376K, capacity 9180K, committed 9216K, reserved 1048576K
}
{Heap before GC invocations=36 (full 0):
 par new generation   total 115200K, used 103795K [0x00000000f0000000, 0x00000000f7d00000, 0x00000000f7d00000)
  eden space 102400K, 100% used [0x00000000f0000000, 0x00000000f6400000, 0x00000000f6400000)
  from space 12800K,  10% used [0x00000000f6400000, 0x00000000f655cd68, 0x00000000f7080000)
  to   space 12800K,   0% used [0x00000000f7080000, 0x00000000f7080000, 0x00000000f7d00000)
 concurrent mark-sweep generation total 134144K, used 37540K [0x00000000f7d00000, 0x0000000100000000, 0x0000000100000000)
 Metaspace       used 64791K, capacity 69470K, committed 69632K, reserved 1110016K
  class space    used 8376K, capacity 9180K, committed 9216K, reserved 1048576K
2022-09-12T02:02:12.314+0800: 107.091: [GC (Allocation Failure)  141335K->39222K(249344K), 0.0045683 secs]
Heap after GC invocations=37 (full 0):
 par new generation   total 115200K, used 1681K [0x00000000f0000000, 0x00000000f7d00000, 0x00000000f7d00000)
  eden space 102400K,   0% used [0x00000000f0000000, 0x00000000f0000000, 0x00000000f6400000)
  from space 12800K,  13% used [0x00000000f7080000, 0x00000000f7224498, 0x00000000f7d00000)
  to   space 12800K,   0% used [0x00000000f6400000, 0x00000000f6400000, 0x00000000f7080000)
 concurrent mark-sweep generation total 134144K, used 37541K [0x00000000f7d00000, 0x0000000100000000, 0x0000000100000000)
 Metaspace       used 64791K, capacity 69470K, committed 69632K, reserved 1110016K
  class space    used 8376K, capacity 9180K, committed 9216K, reserved 1048576K
}
{Heap before GC invocations=37 (full 0):
 par new generation   total 115200K, used 104081K [0x00000000f0000000, 0x00000000f7d00000, 0x00000000f7d00000)
  eden space 102400K, 100% used [0x00000000f0000000, 0x00000000f6400000, 0x00000000f6400000)
  from space 12800K,  13% used [0x00000000f7080000, 0x00000000f7224498, 0x00000000f7d00000)
  to   space 12800K,   0% used [0x00000000f6400000, 0x00000000f6400000, 0x00000000f7080000)
 concurrent mark-sweep generation total 134144K, used 37541K [0x00000000f7d00000, 0x0000000100000000, 0x0000000100000000)
 Metaspace       used 64795K, capacity 69474K, committed 69632K, reserved 1110016K
  class space    used 8376K, capacity 9180K, committed 9216K, reserved 1048576K
2022-09-12T02:02:12.715+0800: 107.492: [GC (Allocation Failure)  141622K->38813K(249344K), 0.0053632 secs]
Heap after GC invocations=38 (full 0):
 par new generation   total 115200K, used 1265K [0x00000000f0000000, 0x00000000f7d00000, 0x00000000f7d00000)
  eden space 102400K,   0% used [0x00000000f0000000, 0x00000000f0000000, 0x00000000f6400000)
  from space 12800K,   9% used [0x00000000f6400000, 0x00000000f653c400, 0x00000000f7080000)
  to   space 12800K,   0% used [0x00000000f7080000, 0x00000000f7080000, 0x00000000f7d00000)
 concurrent mark-sweep generation total 134144K, used 37548K [0x00000000f7d00000, 0x0000000100000000, 0x0000000100000000)
 Metaspace       used 64795K, capacity 69474K, committed 69632K, reserved 1110016K
  class space    used 8376K, capacity 9180K, committed 9216K, reserved 1048576K
}
{Heap before GC invocations=38 (full 0):
 par new generation   total 115200K, used 103665K [0x00000000f0000000, 0x00000000f7d00000, 0x00000000f7d00000)
  eden space 102400K, 100% used [0x00000000f0000000, 0x00000000f6400000, 0x00000000f6400000)
  from space 12800K,   9% used [0x00000000f6400000, 0x00000000f653c400, 0x00000000f7080000)
  to   space 12800K,   0% used [0x00000000f7080000, 0x00000000f7080000, 0x00000000f7d00000)
 concurrent mark-sweep generation total 134144K, used 37548K [0x00000000f7d00000, 0x0000000100000000, 0x0000000100000000)
 Metaspace       used 64797K, capacity 69474K, committed 69632K, reserved 1110016K
  class space    used 8376K, capacity 9180K, committed 9216K, reserved 1048576K
2022-09-12T02:02:13.112+0800: 107.889: [GC (Allocation Failure)  141213K->39087K(249344K), 0.0050041 secs]
Heap after GC invocations=39 (full 0):
 par new generation   total 115200K, used 1528K [0x00000000f0000000, 0x00000000f7d00000, 0x00000000f7d00000)
  eden space 102400K,   0% used [0x00000000f0000000, 0x00000000f0000000, 0x00000000f6400000)
  from space 12800K,  11% used [0x00000000f7080000, 0x00000000f71fe0e0, 0x00000000f7d00000)
  to   space 12800K,   0% used [0x00000000f6400000, 0x00000000f6400000, 0x00000000f7080000)
 concurrent mark-sweep generation total 134144K, used 37559K [0x00000000f7d00000, 0x0000000100000000, 0x0000000100000000)
 Metaspace       used 64797K, capacity 69474K, committed 69632K, reserved 1110016K
  class space    used 8376K, capacity 9180K, committed 9216K, reserved 1048576K
}
{Heap before GC invocations=39 (full 0):
 par new generation   total 115200K, used 103928K [0x00000000f0000000, 0x00000000f7d00000, 0x00000000f7d00000)
  eden space 102400K, 100% used [0x00000000f0000000, 0x00000000f6400000, 0x00000000f6400000)
  from space 12800K,  11% used [0x00000000f7080000, 0x00000000f71fe0e0, 0x00000000f7d00000)
  to   space 12800K,   0% used [0x00000000f6400000, 0x00000000f6400000, 0x00000000f7080000)
 concurrent mark-sweep generation total 134144K, used 37559K [0x00000000f7d00000, 0x0000000100000000, 0x0000000100000000)
 Metaspace       used 64813K, capacity 69474K, committed 69632K, reserved 1110016K
  class space    used 8376K, capacity 9180K, committed 9216K, reserved 1048576K
2022-09-12T02:02:13.507+0800: 108.284: [GC (Allocation Failure)  141487K->39485K(249344K), 0.0047575 secs]
Heap after GC invocations=40 (full 0):
 par new generation   total 115200K, used 1880K [0x00000000f0000000, 0x00000000f7d00000, 0x00000000f7d00000)
  eden space 102400K,   0% used [0x00000000f0000000, 0x00000000f0000000, 0x00000000f6400000)
  from space 12800K,  14% used [0x00000000f6400000, 0x00000000f65d6180, 0x00000000f7080000)
  to   space 12800K,   0% used [0x00000000f7080000, 0x00000000f7080000, 0x00000000f7d00000)
 concurrent mark-sweep generation total 134144K, used 37604K [0x00000000f7d00000, 0x0000000100000000, 0x0000000100000000)
 Metaspace       used 64813K, capacity 69474K, committed 69632K, reserved 1110016K
  class space    used 8376K, capacity 9180K, committed 9216K, reserved 1048576K
}
{Heap before GC invocations=40 (full 0):
 par new generation   total 115200K, used 104280K [0x00000000f0000000, 0x00000000f7d00000, 0x00000000f7d00000)
  eden space 102400K, 100% used [0x00000000f0000000, 0x00000000f6400000, 0x00000000f6400000)
  from space 12800K,  14% used [0x00000000f6400000, 0x00000000f65d6180, 0x00000000f7080000)
  to   space 12800K,   0% used [0x00000000f7080000, 0x00000000f7080000, 0x00000000f7d00000)
 concurrent mark-sweep generation total 134144K, used 37604K [0x00000000f7d00000, 0x0000000100000000, 0x0000000100000000)
 Metaspace       used 64815K, capacity 69474K, committed 69632K, reserved 1110016K
  class space    used 8376K, capacity 9180K, committed 9216K, reserved 1048576K
2022-09-12T02:02:13.903+0800: 108.681: [GC (Allocation Failure)  141885K->39058K(249344K), 0.0061772 secs]
Heap after GC invocations=41 (full 0):
 par new generation   total 115200K, used 1327K [0x00000000f0000000, 0x00000000f7d00000, 0x00000000f7d00000)
  eden space 102400K,   0% used [0x00000000f0000000, 0x00000000f0000000, 0x00000000f6400000)
  from space 12800K,  10% used [0x00000000f7080000, 0x00000000f71cbf00, 0x00000000f7d00000)
  to   space 12800K,   0% used [0x00000000f6400000, 0x00000000f6400000, 0x00000000f7080000)
 concurrent mark-sweep generation total 134144K, used 37731K [0x00000000f7d00000, 0x0000000100000000, 0x0000000100000000)
 Metaspace       used 64815K, capacity 69474K, committed 69632K, reserved 1110016K
  class space    used 8376K, capacity 9180K, committed 9216K, reserved 1048576K
}
{Heap before GC invocations=41 (full 0):
 par new generation   total 115200K, used 103727K [0x00000000f0000000, 0x00000000f7d00000, 0x00000000f7d00000)
  eden space 102400K, 100% used [0x00000000f0000000, 0x00000000f6400000, 0x00000000f6400000)
  from space 12800K,  10% used [0x00000000f7080000, 0x00000000f71cbf00, 0x00000000f7d00000)
  to   space 12800K,   0% used [0x00000000f6400000, 0x00000000f6400000, 0x00000000f7080000)
 concurrent mark-sweep generation total 134144K, used 37731K [0x00000000f7d00000, 0x0000000100000000, 0x0000000100000000)
 Metaspace       used 64819K, capacity 69474K, committed 69632K, reserved 1110016K
  class space    used 8376K, capacity 9180K, committed 9216K, reserved 1048576K
2022-09-12T02:02:14.285+0800: 109.063: [GC (Allocation Failure)  141458K->39054K(249344K), 0.0098711 secs]
Heap after GC invocations=42 (full 0):
 par new generation   total 115200K, used 1301K [0x00000000f0000000, 0x00000000f7d00000, 0x00000000f7d00000)
  eden space 102400K,   0% used [0x00000000f0000000, 0x00000000f0000000, 0x00000000f6400000)
  from space 12800K,  10% used [0x00000000f6400000, 0x00000000f6545620, 0x00000000f7080000)
  to   space 12800K,   0% used [0x00000000f7080000, 0x00000000f7080000, 0x00000000f7d00000)
 concurrent mark-sweep generation total 134144K, used 37753K [0x00000000f7d00000, 0x0000000100000000, 0x0000000100000000)
 Metaspace       used 64819K, capacity 69474K, committed 69632K, reserved 1110016K
  class space    used 8376K, capacity 9180K, committed 9216K, reserved 1048576K
}
{Heap before GC invocations=42 (full 0):
 par new generation   total 115200K, used 103701K [0x00000000f0000000, 0x00000000f7d00000, 0x00000000f7d00000)
  eden space 102400K, 100% used [0x00000000f0000000, 0x00000000f6400000, 0x00000000f6400000)
  from space 12800K,  10% used [0x00000000f6400000, 0x00000000f6545620, 0x00000000f7080000)
  to   space 12800K,   0% used [0x00000000f7080000, 0x00000000f7080000, 0x00000000f7d00000)
 concurrent mark-sweep generation total 134144K, used 37753K [0x00000000f7d00000, 0x0000000100000000, 0x0000000100000000)
 Metaspace       used 64827K, capacity 69538K, committed 69632K, reserved 1110016K
  class space    used 8376K, capacity 9180K, committed 9216K, reserved 1048576K
2022-09-12T02:02:14.685+0800: 109.462: [GC (Allocation Failure)  141454K->39182K(249344K), 0.0090399 secs]
Heap after GC invocations=43 (full 0):
 par new generation   total 115200K, used 1414K [0x00000000f0000000, 0x00000000f7d00000, 0x00000000f7d00000)
  eden space 102400K,   0% used [0x00000000f0000000, 0x00000000f0000000, 0x00000000f6400000)
  from space 12800K,  11% used [0x00000000f7080000, 0x00000000f71e1910, 0x00000000f7d00000)
  to   space 12800K,   0% used [0x00000000f6400000, 0x00000000f6400000, 0x00000000f7080000)
 concurrent mark-sweep generation total 134144K, used 37768K [0x00000000f7d00000, 0x0000000100000000, 0x0000000100000000)
 Metaspace       used 64827K, capacity 69538K, committed 69632K, reserved 1110016K
  class space    used 8376K, capacity 9180K, committed 9216K, reserved 1048576K
}
{Heap before GC invocations=43 (full 0):
 par new generation   total 115200K, used 103814K [0x00000000f0000000, 0x00000000f7d00000, 0x00000000f7d00000)
  eden space 102400K, 100% used [0x00000000f0000000, 0x00000000f6400000, 0x00000000f6400000)
  from space 12800K,  11% used [0x00000000f7080000, 0x00000000f71e1910, 0x00000000f7d00000)
  to   space 12800K,   0% used [0x00000000f6400000, 0x00000000f6400000, 0x00000000f7080000)
 concurrent mark-sweep generation total 134144K, used 37768K [0x00000000f7d00000, 0x0000000100000000, 0x0000000100000000)
 Metaspace       used 64831K, capacity 69538K, committed 69632K, reserved 1110016K
  class space    used 8376K, capacity 9180K, committed 9216K, reserved 1048576K
2022-09-12T02:02:15.076+0800: 109.853: [GC (Allocation Failure)  141582K->39166K(249344K), 0.0063752 secs]
Heap after GC invocations=44 (full 0):
 par new generation   total 115200K, used 1388K [0x00000000f0000000, 0x00000000f7d00000, 0x00000000f7d00000)
  eden space 102400K,   0% used [0x00000000f0000000, 0x00000000f0000000, 0x00000000f6400000)
  from space 12800K,  10% used [0x00000000f6400000, 0x00000000f655b1f0, 0x00000000f7080000)
  to   space 12800K,   0% used [0x00000000f7080000, 0x00000000f7080000, 0x00000000f7d00000)
 concurrent mark-sweep generation total 134144K, used 37778K [0x00000000f7d00000, 0x0000000100000000, 0x0000000100000000)
 Metaspace       used 64831K, capacity 69538K, committed 69632K, reserved 1110016K
  class space    used 8376K, capacity 9180K, committed 9216K, reserved 1048576K
}
{Heap before GC invocations=44 (full 0):
 par new generation   total 115200K, used 103788K [0x00000000f0000000, 0x00000000f7d00000, 0x00000000f7d00000)
  eden space 102400K, 100% used [0x00000000f0000000, 0x00000000f6400000, 0x00000000f6400000)
  from space 12800K,  10% used [0x00000000f6400000, 0x00000000f655b1f0, 0x00000000f7080000)
  to   space 12800K,   0% used [0x00000000f7080000, 0x00000000f7080000, 0x00000000f7d00000)
 concurrent mark-sweep generation total 134144K, used 37778K [0x00000000f7d00000, 0x0000000100000000, 0x0000000100000000)
 Metaspace       used 64839K, capacity 69538K, committed 69632K, reserved 1110016K
  class space    used 8376K, capacity 9180K, committed 9216K, reserved 1048576K
2022-09-12T02:02:15.457+0800: 110.234: [GC (Allocation Failure)  141566K->39198K(249344K), 0.0062828 secs]
Heap after GC invocations=45 (full 0):
 par new generation   total 115200K, used 1414K [0x00000000f0000000, 0x00000000f7d00000, 0x00000000f7d00000)
  eden space 102400K,   0% used [0x00000000f0000000, 0x00000000f0000000, 0x00000000f6400000)
  from space 12800K,  11% used [0x00000000f7080000, 0x00000000f71e1880, 0x00000000f7d00000)
  to   space 12800K,   0% used [0x00000000f6400000, 0x00000000f6400000, 0x00000000f7080000)
 concurrent mark-sweep generation total 134144K, used 37783K [0x00000000f7d00000, 0x0000000100000000, 0x0000000100000000)
 Metaspace       used 64839K, capacity 69538K, committed 69632K, reserved 1110016K
  class space    used 8376K, capacity 9180K, committed 9216K, reserved 1048576K
}
{Heap before GC invocations=45 (full 0):
 par new generation   total 115200K, used 103814K [0x00000000f0000000, 0x00000000f7d00000, 0x00000000f7d00000)
  eden space 102400K, 100% used [0x00000000f0000000, 0x00000000f6400000, 0x00000000f6400000)
  from space 12800K,  11% used [0x00000000f7080000, 0x00000000f71e1880, 0x00000000f7d00000)
  to   space 12800K,   0% used [0x00000000f6400000, 0x00000000f6400000, 0x00000000f7080000)
 concurrent mark-sweep generation total 134144K, used 37783K [0x00000000f7d00000, 0x0000000100000000, 0x0000000100000000)
 Metaspace       used 64843K, capacity 69538K, committed 69632K, reserved 1110016K
  class space    used 8376K, capacity 9180K, committed 9216K, reserved 1048576K
2022-09-12T02:02:15.840+0800: 110.618: [GC (Allocation Failure)  141598K->39337K(249344K), 0.0061035 secs]
Heap after GC invocations=46 (full 0):
 par new generation   total 115200K, used 1503K [0x00000000f0000000, 0x00000000f7d00000, 0x00000000f7d00000)
  eden space 102400K,   0% used [0x00000000f0000000, 0x00000000f0000000, 0x00000000f6400000)
  from space 12800K,  11% used [0x00000000f6400000, 0x00000000f6577f90, 0x00000000f7080000)
  to   space 12800K,   0% used [0x00000000f7080000, 0x00000000f7080000, 0x00000000f7d00000)
 concurrent mark-sweep generation total 134144K, used 37833K [0x00000000f7d00000, 0x0000000100000000, 0x0000000100000000)
 Metaspace       used 64843K, capacity 69538K, committed 69632K, reserved 1110016K
  class space    used 8376K, capacity 9180K, committed 9216K, reserved 1048576K
}
{Heap before GC invocations=46 (full 0):
 par new generation   total 115200K, used 103903K [0x00000000f0000000, 0x00000000f7d00000, 0x00000000f7d00000)
  eden space 102400K, 100% used [0x00000000f0000000, 0x00000000f6400000, 0x00000000f6400000)
  from space 12800K,  11% used [0x00000000f6400000, 0x00000000f6577f90, 0x00000000f7080000)
  to   space 12800K,   0% used [0x00000000f7080000, 0x00000000f7080000, 0x00000000f7d00000)
 concurrent mark-sweep generation total 134144K, used 37833K [0x00000000f7d00000, 0x0000000100000000, 0x0000000100000000)
 Metaspace       used 64843K, capacity 69538K, committed 69632K, reserved 1110016K
  class space    used 8376K, capacity 9180K, committed 9216K, reserved 1048576K
2022-09-12T02:02:16.234+0800: 111.012: [GC (Allocation Failure)  141737K->39495K(249344K), 0.0044113 secs]
Heap after GC invocations=47 (full 0):
 par new generation   total 115200K, used 1651K [0x00000000f0000000, 0x00000000f7d00000, 0x00000000f7d00000)
  eden space 102400K,   0% used [0x00000000f0000000, 0x00000000f0000000, 0x00000000f6400000)
  from space 12800K,  12% used [0x00000000f7080000, 0x00000000f721cf90, 0x00000000f7d00000)
  to   space 12800K,   0% used [0x00000000f6400000, 0x00000000f6400000, 0x00000000f7080000)
 concurrent mark-sweep generation total 134144K, used 37843K [0x00000000f7d00000, 0x0000000100000000, 0x0000000100000000)
 Metaspace       used 64843K, capacity 69538K, committed 69632K, reserved 1110016K
  class space    used 8376K, capacity 9180K, committed 9216K, reserved 1048576K
}
{Heap before GC invocations=47 (full 0):
 par new generation   total 115200K, used 104051K [0x00000000f0000000, 0x00000000f7d00000, 0x00000000f7d00000)
  eden space 102400K, 100% used [0x00000000f0000000, 0x00000000f6400000, 0x00000000f6400000)
  from space 12800K,  12% used [0x00000000f7080000, 0x00000000f721cf90, 0x00000000f7d00000)
  to   space 12800K,   0% used [0x00000000f6400000, 0x00000000f6400000, 0x00000000f7080000)
 concurrent mark-sweep generation total 134144K, used 37843K [0x00000000f7d00000, 0x0000000100000000, 0x0000000100000000)
 Metaspace       used 64851K, capacity 69538K, committed 69632K, reserved 1110016K
  class space    used 8376K, capacity 9180K, committed 9216K, reserved 1048576K
2022-09-12T02:02:16.606+0800: 111.383: [GC (Allocation Failure)  141895K->39130K(249344K), 0.0084579 secs]
Heap after GC invocations=48 (full 0):
 par new generation   total 115200K, used 1263K [0x00000000f0000000, 0x00000000f7d00000, 0x00000000f7d00000)
  eden space 102400K,   0% used [0x00000000f0000000, 0x00000000f0000000, 0x00000000f6400000)
  from space 12800K,   9% used [0x00000000f6400000, 0x00000000f653bfc0, 0x00000000f7080000)
  to   space 12800K,   0% used [0x00000000f7080000, 0x00000000f7080000, 0x00000000f7d00000)
 concurrent mark-sweep generation total 134144K, used 37866K [0x00000000f7d00000, 0x0000000100000000, 0x0000000100000000)
 Metaspace       used 64851K, capacity 69538K, committed 69632K, reserved 1110016K
  class space    used 8376K, capacity 9180K, committed 9216K, reserved 1048576K
}
{Heap before GC invocations=48 (full 0):
 par new generation   total 115200K, used 103663K [0x00000000f0000000, 0x00000000f7d00000, 0x00000000f7d00000)
  eden space 102400K, 100% used [0x00000000f0000000, 0x00000000f6400000, 0x00000000f6400000)
  from space 12800K,   9% used [0x00000000f6400000, 0x00000000f653bfc0, 0x00000000f7080000)
  to   space 12800K,   0% used [0x00000000f7080000, 0x00000000f7080000, 0x00000000f7d00000)
 concurrent mark-sweep generation total 134144K, used 37866K [0x00000000f7d00000, 0x0000000100000000, 0x0000000100000000)
 Metaspace       used 64853K, capacity 69538K, committed 69632K, reserved 1110016K
  class space    used 8376K, capacity 9180K, committed 9216K, reserved 1048576K
2022-09-12T02:02:16.993+0800: 111.770: [GC (Allocation Failure)  141530K->39403K(249344K), 0.0045307 secs]
Heap after GC invocations=49 (full 0):
 par new generation   total 115200K, used 1512K [0x00000000f0000000, 0x00000000f7d00000, 0x00000000f7d00000)
  eden space 102400K,   0% used [0x00000000f0000000, 0x00000000f0000000, 0x00000000f6400000)
  from space 12800K,  11% used [0x00000000f7080000, 0x00000000f71fa118, 0x00000000f7d00000)
  to   space 12800K,   0% used [0x00000000f6400000, 0x00000000f6400000, 0x00000000f7080000)
 concurrent mark-sweep generation total 134144K, used 37891K [0x00000000f7d00000, 0x0000000100000000, 0x0000000100000000)
 Metaspace       used 64853K, capacity 69538K, committed 69632K, reserved 1110016K
  class space    used 8376K, capacity 9180K, committed 9216K, reserved 1048576K
}
{Heap before GC invocations=49 (full 0):
 par new generation   total 115200K, used 103912K [0x00000000f0000000, 0x00000000f7d00000, 0x00000000f7d00000)
  eden space 102400K, 100% used [0x00000000f0000000, 0x00000000f6400000, 0x00000000f6400000)
  from space 12800K,  11% used [0x00000000f7080000, 0x00000000f71fa118, 0x00000000f7d00000)
  to   space 12800K,   0% used [0x00000000f6400000, 0x00000000f6400000, 0x00000000f7080000)
 concurrent mark-sweep generation total 134144K, used 37891K [0x00000000f7d00000, 0x0000000100000000, 0x0000000100000000)
 Metaspace       used 64870K, capacity 69538K, committed 69632K, reserved 1110016K
  class space    used 8376K, capacity 9180K, committed 9216K, reserved 1048576K
2022-09-12T02:02:17.375+0800: 112.152: [GC (Allocation Failure)  141803K->39054K(249344K), 0.0061899 secs]
Heap after GC invocations=50 (full 0):
 par new generation   total 115200K, used 1131K [0x00000000f0000000, 0x00000000f7d00000, 0x00000000f7d00000)
  eden space 102400K,   0% used [0x00000000f0000000, 0x00000000f0000000, 0x00000000f6400000)
  from space 12800K,   8% used [0x00000000f6400000, 0x00000000f651ad00, 0x00000000f7080000)
  to   space 12800K,   0% used [0x00000000f7080000, 0x00000000f7080000, 0x00000000f7d00000)
 concurrent mark-sweep generation total 134144K, used 37923K [0x00000000f7d00000, 0x0000000100000000, 0x0000000100000000)
 Metaspace       used 64870K, capacity 69538K, committed 69632K, reserved 1110016K
  class space    used 8376K, capacity 9180K, committed 9216K, reserved 1048576K
}
{Heap before GC invocations=50 (full 0):
 par new generation   total 115200K, used 103531K [0x00000000f0000000, 0x00000000f7d00000, 0x00000000f7d00000)
  eden space 102400K, 100% used [0x00000000f0000000, 0x00000000f6400000, 0x00000000f6400000)
  from space 12800K,   8% used [0x00000000f6400000, 0x00000000f651ad00, 0x00000000f7080000)
  to   space 12800K,   0% used [0x00000000f7080000, 0x00000000f7080000, 0x00000000f7d00000)
 concurrent mark-sweep generation total 134144K, used 37923K [0x00000000f7d00000, 0x0000000100000000, 0x0000000100000000)
 Metaspace       used 64871K, capacity 69538K, committed 69632K, reserved 1110016K
  class space    used 8376K, capacity 9180K, committed 9216K, reserved 1048576K
2022-09-12T02:02:17.754+0800: 112.531: [GC (Allocation Failure)  141454K->39463K(249344K), 0.0044968 secs]
Heap after GC invocations=51 (full 0):
 par new generation   total 115200K, used 1523K [0x00000000f0000000, 0x00000000f7d00000, 0x00000000f7d00000)
  eden space 102400K,   0% used [0x00000000f0000000, 0x00000000f0000000, 0x00000000f6400000)
  from space 12800K,  11% used [0x00000000f7080000, 0x00000000f71fccd8, 0x00000000f7d00000)
  to   space 12800K,   0% used [0x00000000f6400000, 0x00000000f6400000, 0x00000000f7080000)
 concurrent mark-sweep generation total 134144K, used 37939K [0x00000000f7d00000, 0x0000000100000000, 0x0000000100000000)
 Metaspace       used 64871K, capacity 69538K, committed 69632K, reserved 1110016K
  class space    used 8376K, capacity 9180K, committed 9216K, reserved 1048576K
}
{Heap before GC invocations=51 (full 0):
 par new generation   total 115200K, used 103923K [0x00000000f0000000, 0x00000000f7d00000, 0x00000000f7d00000)
  eden space 102400K, 100% used [0x00000000f0000000, 0x00000000f6400000, 0x00000000f6400000)
  from space 12800K,  11% used [0x00000000f7080000, 0x00000000f71fccd8, 0x00000000f7d00000)
  to   space 12800K,   0% used [0x00000000f6400000, 0x00000000f6400000, 0x00000000f7080000)
 concurrent mark-sweep generation total 134144K, used 37939K [0x00000000f7d00000, 0x0000000100000000, 0x0000000100000000)
 Metaspace       used 64871K, capacity 69538K, committed 69632K, reserved 1110016K
  class space    used 8376K, capacity 9180K, committed 9216K, reserved 1048576K
2022-09-12T02:02:18.125+0800: 112.902: [GC (Allocation Failure)  141863K->39333K(249344K), 0.0058871 secs]
Heap after GC invocations=52 (full 0):
 par new generation   total 115200K, used 1381K [0x00000000f0000000, 0x00000000f7d00000, 0x00000000f7d00000)
  eden space 102400K,   0% used [0x00000000f0000000, 0x00000000f0000000, 0x00000000f6400000)
  from space 12800K,  10% used [0x00000000f6400000, 0x00000000f6559660, 0x00000000f7080000)
  to   space 12800K,   0% used [0x00000000f7080000, 0x00000000f7080000, 0x00000000f7d00000)
 concurrent mark-sweep generation total 134144K, used 37951K [0x00000000f7d00000, 0x0000000100000000, 0x0000000100000000)
 Metaspace       used 64871K, capacity 69538K, committed 69632K, reserved 1110016K
  class space    used 8376K, capacity 9180K, committed 9216K, reserved 1048576K
}
{Heap before GC invocations=52 (full 0):
 par new generation   total 115200K, used 103781K [0x00000000f0000000, 0x00000000f7d00000, 0x00000000f7d00000)
  eden space 102400K, 100% used [0x00000000f0000000, 0x00000000f6400000, 0x00000000f6400000)
  from space 12800K,  10% used [0x00000000f6400000, 0x00000000f6559660, 0x00000000f7080000)
  to   space 12800K,   0% used [0x00000000f7080000, 0x00000000f7080000, 0x00000000f7d00000)
 concurrent mark-sweep generation total 134144K, used 37951K [0x00000000f7d00000, 0x0000000100000000, 0x0000000100000000)
 Metaspace       used 64872K, capacity 69538K, committed 69632K, reserved 1110016K
  class space    used 8376K, capacity 9180K, committed 9216K, reserved 1048576K
2022-09-12T02:02:18.496+0800: 113.273: [GC (Allocation Failure)  141733K->39290K(249344K), 0.0102889 secs]
Heap after GC invocations=53 (full 0):
 par new generation   total 115200K, used 1332K [0x00000000f0000000, 0x00000000f7d00000, 0x00000000f7d00000)
  eden space 102400K,   0% used [0x00000000f0000000, 0x00000000f0000000, 0x00000000f6400000)
  from space 12800K,  10% used [0x00000000f7080000, 0x00000000f71cd3f0, 0x00000000f7d00000)
  to   space 12800K,   0% used [0x00000000f6400000, 0x00000000f6400000, 0x00000000f7080000)
 concurrent mark-sweep generation total 134144K, used 37957K [0x00000000f7d00000, 0x0000000100000000, 0x0000000100000000)
 Metaspace       used 64872K, capacity 69538K, committed 69632K, reserved 1110016K
  class space    used 8376K, capacity 9180K, committed 9216K, reserved 1048576K
}
{Heap before GC invocations=53 (full 0):
 par new generation   total 115200K, used 103732K [0x00000000f0000000, 0x00000000f7d00000, 0x00000000f7d00000)
  eden space 102400K, 100% used [0x00000000f0000000, 0x00000000f6400000, 0x00000000f6400000)
  from space 12800K,  10% used [0x00000000f7080000, 0x00000000f71cd3f0, 0x00000000f7d00000)
  to   space 12800K,   0% used [0x00000000f6400000, 0x00000000f6400000, 0x00000000f7080000)
 concurrent mark-sweep generation total 134144K, used 37957K [0x00000000f7d00000, 0x0000000100000000, 0x0000000100000000)
 Metaspace       used 64872K, capacity 69538K, committed 69632K, reserved 1110016K
  class space    used 8376K, capacity 9180K, committed 9216K, reserved 1048576K
2022-09-12T02:02:18.879+0800: 113.656: [GC (Allocation Failure)  141690K->39150K(249344K), 0.0064387 secs]
Heap after GC invocations=54 (full 0):
 par new generation   total 115200K, used 1188K [0x00000000f0000000, 0x00000000f7d00000, 0x00000000f7d00000)
  eden space 102400K,   0% used [0x00000000f0000000, 0x00000000f0000000, 0x00000000f6400000)
  from space 12800K,   9% used [0x00000000f6400000, 0x00000000f65291e8, 0x00000000f7080000)
  to   space 12800K,   0% used [0x00000000f7080000, 0x00000000f7080000, 0x00000000f7d00000)
 concurrent mark-sweep generation total 134144K, used 37961K [0x00000000f7d00000, 0x0000000100000000, 0x0000000100000000)
 Metaspace       used 64872K, capacity 69538K, committed 69632K, reserved 1110016K
  class space    used 8376K, capacity 9180K, committed 9216K, reserved 1048576K
}
{Heap before GC invocations=54 (full 0):
 par new generation   total 115200K, used 103588K [0x00000000f0000000, 0x00000000f7d00000, 0x00000000f7d00000)
  eden space 102400K, 100% used [0x00000000f0000000, 0x00000000f6400000, 0x00000000f6400000)
  from space 12800K,   9% used [0x00000000f6400000, 0x00000000f65291e8, 0x00000000f7080000)
  to   space 12800K,   0% used [0x00000000f7080000, 0x00000000f7080000, 0x00000000f7d00000)
 concurrent mark-sweep generation total 134144K, used 37961K [0x00000000f7d00000, 0x0000000100000000, 0x0000000100000000)
 Metaspace       used 64875K, capacity 69538K, committed 69632K, reserved 1110016K
  class space    used 8377K, capacity 9180K, committed 9216K, reserved 1048576K
2022-09-12T02:02:19.253+0800: 114.031: [GC (Allocation Failure)  141550K->39655K(249344K), 0.0044292 secs]
Heap after GC invocations=55 (full 0):
 par new generation   total 115200K, used 1685K [0x00000000f0000000, 0x00000000f7d00000, 0x00000000f7d00000)
  eden space 102400K,   0% used [0x00000000f0000000, 0x00000000f0000000, 0x00000000f6400000)
  from space 12800K,  13% used [0x00000000f7080000, 0x00000000f7225420, 0x00000000f7d00000)
  to   space 12800K,   0% used [0x00000000f6400000, 0x00000000f6400000, 0x00000000f7080000)
 concurrent mark-sweep generation total 134144K, used 37970K [0x00000000f7d00000, 0x0000000100000000, 0x0000000100000000)
 Metaspace       used 64875K, capacity 69538K, committed 69632K, reserved 1110016K
  class space    used 8377K, capacity 9180K, committed 9216K, reserved 1048576K
}
{Heap before GC invocations=55 (full 0):
 par new generation   total 115200K, used 104085K [0x00000000f0000000, 0x00000000f7d00000, 0x00000000f7d00000)
  eden space 102400K, 100% used [0x00000000f0000000, 0x00000000f6400000, 0x00000000f6400000)
  from space 12800K,  13% used [0x00000000f7080000, 0x00000000f7225420, 0x00000000f7d00000)
  to   space 12800K,   0% used [0x00000000f6400000, 0x00000000f6400000, 0x00000000f7080000)
 concurrent mark-sweep generation total 134144K, used 37970K [0x00000000f7d00000, 0x0000000100000000, 0x0000000100000000)
 Metaspace       used 64876K, capacity 69538K, committed 69632K, reserved 1110016K
  class space    used 8377K, capacity 9180K, committed 9216K, reserved 1048576K
2022-09-12T02:02:19.635+0800: 114.413: [GC (Allocation Failure)  142055K->39153K(249344K), 0.0044965 secs]
Heap after GC invocations=56 (full 0):
 par new generation   total 115200K, used 1161K [0x00000000f0000000, 0x00000000f7d00000, 0x00000000f7d00000)
  eden space 102400K,   0% used [0x00000000f0000000, 0x00000000f0000000, 0x00000000f6400000)
  from space 12800K,   9% used [0x00000000f6400000, 0x00000000f6522700, 0x00000000f7080000)
  to   space 12800K,   0% used [0x00000000f7080000, 0x00000000f7080000, 0x00000000f7d00000)
 concurrent mark-sweep generation total 134144K, used 37992K [0x00000000f7d00000, 0x0000000100000000, 0x0000000100000000)
 Metaspace       used 64876K, capacity 69538K, committed 69632K, reserved 1110016K
  class space    used 8377K, capacity 9180K, committed 9216K, reserved 1048576K
}
{Heap before GC invocations=56 (full 0):
 par new generation   total 115200K, used 103561K [0x00000000f0000000, 0x00000000f7d00000, 0x00000000f7d00000)
  eden space 102400K, 100% used [0x00000000f0000000, 0x00000000f6400000, 0x00000000f6400000)
  from space 12800K,   9% used [0x00000000f6400000, 0x00000000f6522700, 0x00000000f7080000)
  to   space 12800K,   0% used [0x00000000f7080000, 0x00000000f7080000, 0x00000000f7d00000)
 concurrent mark-sweep generation total 134144K, used 37992K [0x00000000f7d00000, 0x0000000100000000, 0x0000000100000000)
 Metaspace       used 64876K, capacity 69538K, committed 69632K, reserved 1110016K
  class space    used 8377K, capacity 9180K, committed 9216K, reserved 1048576K
2022-09-12T02:02:20.038+0800: 114.815: [GC (Allocation Failure)  141553K->39303K(249344K), 0.0075668 secs]
Heap after GC invocations=57 (full 0):
 par new generation   total 115200K, used 1293K [0x00000000f0000000, 0x00000000f7d00000, 0x00000000f7d00000)
  eden space 102400K,   0% used [0x00000000f0000000, 0x00000000f0000000, 0x00000000f6400000)
  from space 12800K,  10% used [0x00000000f7080000, 0x00000000f71c34f0, 0x00000000f7d00000)
  to   space 12800K,   0% used [0x00000000f6400000, 0x00000000f6400000, 0x00000000f7080000)
 concurrent mark-sweep generation total 134144K, used 38010K [0x00000000f7d00000, 0x0000000100000000, 0x0000000100000000)
 Metaspace       used 64876K, capacity 69538K, committed 69632K, reserved 1110016K
  class space    used 8377K, capacity 9180K, committed 9216K, reserved 1048576K
}
{Heap before GC invocations=57 (full 0):
 par new generation   total 115200K, used 103693K [0x00000000f0000000, 0x00000000f7d00000, 0x00000000f7d00000)
  eden space 102400K, 100% used [0x00000000f0000000, 0x00000000f6400000, 0x00000000f6400000)
  from space 12800K,  10% used [0x00000000f7080000, 0x00000000f71c34f0, 0x00000000f7d00000)
  to   space 12800K,   0% used [0x00000000f6400000, 0x00000000f6400000, 0x00000000f7080000)
 concurrent mark-sweep generation total 134144K, used 38010K [0x00000000f7d00000, 0x0000000100000000, 0x0000000100000000)
 Metaspace       used 64876K, capacity 69538K, committed 69632K, reserved 1110016K
  class space    used 8377K, capacity 9180K, committed 9216K, reserved 1048576K
2022-09-12T02:02:20.438+0800: 115.215: [GC (Allocation Failure)  141703K->39389K(249344K), 0.0060835 secs]
Heap after GC invocations=58 (full 0):
 par new generation   total 115200K, used 1360K [0x00000000f0000000, 0x00000000f7d00000, 0x00000000f7d00000)
  eden space 102400K,   0% used [0x00000000f0000000, 0x00000000f0000000, 0x00000000f6400000)
  from space 12800K,  10% used [0x00000000f6400000, 0x00000000f6554170, 0x00000000f7080000)
  to   space 12800K,   0% used [0x00000000f7080000, 0x00000000f7080000, 0x00000000f7d00000)
 concurrent mark-sweep generation total 134144K, used 38029K [0x00000000f7d00000, 0x0000000100000000, 0x0000000100000000)
 Metaspace       used 64876K, capacity 69538K, committed 69632K, reserved 1110016K
  class space    used 8377K, capacity 9180K, committed 9216K, reserved 1048576K
}
{Heap before GC invocations=58 (full 0):
 par new generation   total 115200K, used 103760K [0x00000000f0000000, 0x00000000f7d00000, 0x00000000f7d00000)
  eden space 102400K, 100% used [0x00000000f0000000, 0x00000000f6400000, 0x00000000f6400000)
  from space 12800K,  10% used [0x00000000f6400000, 0x00000000f6554170, 0x00000000f7080000)
  to   space 12800K,   0% used [0x00000000f7080000, 0x00000000f7080000, 0x00000000f7d00000)
 concurrent mark-sweep generation total 134144K, used 38029K [0x00000000f7d00000, 0x0000000100000000, 0x0000000100000000)
 Metaspace       used 64879K, capacity 69538K, committed 69632K, reserved 1110016K
  class space    used 8379K, capacity 9180K, committed 9216K, reserved 1048576K
2022-09-12T02:02:20.817+0800: 115.594: [GC (Allocation Failure)  141789K->39698K(249344K), 0.0044554 secs]
Heap after GC invocations=59 (full 0):
 par new generation   total 115200K, used 1637K [0x00000000f0000000, 0x00000000f7d00000, 0x00000000f7d00000)
  eden space 102400K,   0% used [0x00000000f0000000, 0x00000000f0000000, 0x00000000f6400000)
  from space 12800K,  12% used [0x00000000f7080000, 0x00000000f72194e0, 0x00000000f7d00000)
  to   space 12800K,   0% used [0x00000000f6400000, 0x00000000f6400000, 0x00000000f7080000)
 concurrent mark-sweep generation total 134144K, used 38061K [0x00000000f7d00000, 0x0000000100000000, 0x0000000100000000)
 Metaspace       used 64879K, capacity 69538K, committed 69632K, reserved 1110016K
  class space    used 8379K, capacity 9180K, committed 9216K, reserved 1048576K
}
{Heap before GC invocations=59 (full 0):
 par new generation   total 115200K, used 104037K [0x00000000f0000000, 0x00000000f7d00000, 0x00000000f7d00000)
  eden space 102400K, 100% used [0x00000000f0000000, 0x00000000f6400000, 0x00000000f6400000)
  from space 12800K,  12% used [0x00000000f7080000, 0x00000000f72194e0, 0x00000000f7d00000)
  to   space 12800K,   0% used [0x00000000f6400000, 0x00000000f6400000, 0x00000000f7080000)
 concurrent mark-sweep generation total 134144K, used 38061K [0x00000000f7d00000, 0x0000000100000000, 0x0000000100000000)
 Metaspace       used 64894K, capacity 69538K, committed 69632K, reserved 1110016K
  class space    used 8379K, capacity 9180K, committed 9216K, reserved 1048576K
2022-09-12T02:02:21.186+0800: 115.964: [GC (Allocation Failure)  142098K->39385K(249344K), 0.0064437 secs]
Heap after GC invocations=60 (full 0):
 par new generation   total 115200K, used 1308K [0x00000000f0000000, 0x00000000f7d00000, 0x00000000f7d00000)
  eden space 102400K,   0% used [0x00000000f0000000, 0x00000000f0000000, 0x00000000f6400000)
  from space 12800K,  10% used [0x00000000f6400000, 0x00000000f6547060, 0x00000000f7080000)
  to   space 12800K,   0% used [0x00000000f7080000, 0x00000000f7080000, 0x00000000f7d00000)
 concurrent mark-sweep generation total 134144K, used 38077K [0x00000000f7d00000, 0x0000000100000000, 0x0000000100000000)
 Metaspace       used 64894K, capacity 69538K, committed 69632K, reserved 1110016K
  class space    used 8379K, capacity 9180K, committed 9216K, reserved 1048576K
}
{Heap before GC invocations=60 (full 0):
 par new generation   total 115200K, used 103708K [0x00000000f0000000, 0x00000000f7d00000, 0x00000000f7d00000)
  eden space 102400K, 100% used [0x00000000f0000000, 0x00000000f6400000, 0x00000000f6400000)
  from space 12800K,  10% used [0x00000000f6400000, 0x00000000f6547060, 0x00000000f7080000)
  to   space 12800K,   0% used [0x00000000f7080000, 0x00000000f7080000, 0x00000000f7d00000)
 concurrent mark-sweep generation total 134144K, used 38077K [0x00000000f7d00000, 0x0000000100000000, 0x0000000100000000)
 Metaspace       used 64902K, capacity 69538K, committed 69632K, reserved 1110016K
  class space    used 8380K, capacity 9180K, committed 9216K, reserved 1048576K
2022-09-12T02:02:21.586+0800: 116.364: [GC (Allocation Failure)  141785K->39386K(249344K), 0.0052008 secs]
Heap after GC invocations=61 (full 0):
 par new generation   total 115200K, used 1302K [0x00000000f0000000, 0x00000000f7d00000, 0x00000000f7d00000)
  eden space 102400K,   0% used [0x00000000f0000000, 0x00000000f0000000, 0x00000000f6400000)
  from space 12800K,  10% used [0x00000000f7080000, 0x00000000f71c5b90, 0x00000000f7d00000)
  to   space 12800K,   0% used [0x00000000f6400000, 0x00000000f6400000, 0x00000000f7080000)
 concurrent mark-sweep generation total 134144K, used 38083K [0x00000000f7d00000, 0x0000000100000000, 0x0000000100000000)
 Metaspace       used 64902K, capacity 69538K, committed 69632K, reserved 1110016K
  class space    used 8380K, capacity 9180K, committed 9216K, reserved 1048576K
}
{Heap before GC invocations=61 (full 0):
 par new generation   total 115200K, used 103702K [0x00000000f0000000, 0x00000000f7d00000, 0x00000000f7d00000)
  eden space 102400K, 100% used [0x00000000f0000000, 0x00000000f6400000, 0x00000000f6400000)
  from space 12800K,  10% used [0x00000000f7080000, 0x00000000f71c5b90, 0x00000000f7d00000)
  to   space 12800K,   0% used [0x00000000f6400000, 0x00000000f6400000, 0x00000000f7080000)
 concurrent mark-sweep generation total 134144K, used 38083K [0x00000000f7d00000, 0x0000000100000000, 0x0000000100000000)
 Metaspace       used 64903K, capacity 69538K, committed 69632K, reserved 1110016K
  class space    used 8380K, capacity 9180K, committed 9216K, reserved 1048576K
2022-09-12T02:02:21.965+0800: 116.742: [GC (Allocation Failure)  141786K->39672K(249344K), 0.0048125 secs]
Heap after GC invocations=62 (full 0):
 par new generation   total 115200K, used 1579K [0x00000000f0000000, 0x00000000f7d00000, 0x00000000f7d00000)
  eden space 102400K,   0% used [0x00000000f0000000, 0x00000000f0000000, 0x00000000f6400000)
  from space 12800K,  12% used [0x00000000f6400000, 0x00000000f658acd8, 0x00000000f7080000)
  to   space 12800K,   0% used [0x00000000f7080000, 0x00000000f7080000, 0x00000000f7d00000)
 concurrent mark-sweep generation total 134144K, used 38093K [0x00000000f7d00000, 0x0000000100000000, 0x0000000100000000)
 Metaspace       used 64903K, capacity 69538K, committed 69632K, reserved 1110016K
  class space    used 8380K, capacity 9180K, committed 9216K, reserved 1048576K
}
{Heap before GC invocations=62 (full 0):
 par new generation   total 115200K, used 103979K [0x00000000f0000000, 0x00000000f7d00000, 0x00000000f7d00000)
  eden space 102400K, 100% used [0x00000000f0000000, 0x00000000f6400000, 0x00000000f6400000)
  from space 12800K,  12% used [0x00000000f6400000, 0x00000000f658acd8, 0x00000000f7080000)
  to   space 12800K,   0% used [0x00000000f7080000, 0x00000000f7080000, 0x00000000f7d00000)
 concurrent mark-sweep generation total 134144K, used 38093K [0x00000000f7d00000, 0x0000000100000000, 0x0000000100000000)
 Metaspace       used 64906K, capacity 69538K, committed 69632K, reserved 1110016K
  class space    used 8381K, capacity 9180K, committed 9216K, reserved 1048576K
2022-09-12T02:02:22.380+0800: 117.157: [GC (Allocation Failure)  142072K->39519K(249344K), 0.0047052 secs]
Heap after GC invocations=63 (full 0):
 par new generation   total 115200K, used 1416K [0x00000000f0000000, 0x00000000f7d00000, 0x00000000f7d00000)
  eden space 102400K,   0% used [0x00000000f0000000, 0x00000000f0000000, 0x00000000f6400000)
  from space 12800K,  11% used [0x00000000f7080000, 0x00000000f71e20f0, 0x00000000f7d00000)
  to   space 12800K,   0% used [0x00000000f6400000, 0x00000000f6400000, 0x00000000f7080000)
 concurrent mark-sweep generation total 134144K, used 38103K [0x00000000f7d00000, 0x0000000100000000, 0x0000000100000000)
 Metaspace       used 64906K, capacity 69538K, committed 69632K, reserved 1110016K
  class space    used 8381K, capacity 9180K, committed 9216K, reserved 1048576K
}
{Heap before GC invocations=63 (full 0):
 par new generation   total 115200K, used 103816K [0x00000000f0000000, 0x00000000f7d00000, 0x00000000f7d00000)
  eden space 102400K, 100% used [0x00000000f0000000, 0x00000000f6400000, 0x00000000f6400000)
  from space 12800K,  11% used [0x00000000f7080000, 0x00000000f71e20f0, 0x00000000f7d00000)
  to   space 12800K,   0% used [0x00000000f6400000, 0x00000000f6400000, 0x00000000f7080000)
 concurrent mark-sweep generation total 134144K, used 38103K [0x00000000f7d00000, 0x0000000100000000, 0x0000000100000000)
 Metaspace       used 64906K, capacity 69538K, committed 69632K, reserved 1110016K
  class space    used 8381K, capacity 9180K, committed 9216K, reserved 1048576K
2022-09-12T02:02:22.760+0800: 117.538: [GC (Allocation Failure)  141919K->39346K(249344K), 0.0062479 secs]
Heap after GC invocations=64 (full 0):
 par new generation   total 115200K, used 1221K [0x00000000f0000000, 0x00000000f7d00000, 0x00000000f7d00000)
  eden space 102400K,   0% used [0x00000000f0000000, 0x00000000f0000000, 0x00000000f6400000)
  from space 12800K,   9% used [0x00000000f6400000, 0x00000000f65316e0, 0x00000000f7080000)
  to   space 12800K,   0% used [0x00000000f7080000, 0x00000000f7080000, 0x00000000f7d00000)
 concurrent mark-sweep generation total 134144K, used 38124K [0x00000000f7d00000, 0x0000000100000000, 0x0000000100000000)
 Metaspace       used 64906K, capacity 69538K, committed 69632K, reserved 1110016K
  class space    used 8381K, capacity 9180K, committed 9216K, reserved 1048576K
}
{Heap before GC invocations=64 (full 0):
 par new generation   total 115200K, used 103621K [0x00000000f0000000, 0x00000000f7d00000, 0x00000000f7d00000)
  eden space 102400K, 100% used [0x00000000f0000000, 0x00000000f6400000, 0x00000000f6400000)
  from space 12800K,   9% used [0x00000000f6400000, 0x00000000f65316e0, 0x00000000f7080000)
  to   space 12800K,   0% used [0x00000000f7080000, 0x00000000f7080000, 0x00000000f7d00000)
 concurrent mark-sweep generation total 134144K, used 38124K [0x00000000f7d00000, 0x0000000100000000, 0x0000000100000000)
 Metaspace       used 64906K, capacity 69538K, committed 69632K, reserved 1110016K
  class space    used 8381K, capacity 9180K, committed 9216K, reserved 1048576K
2022-09-12T02:02:23.139+0800: 117.916: [GC (Allocation Failure)  141746K->39408K(249344K), 0.0055416 secs]
Heap after GC invocations=65 (full 0):
 par new generation   total 115200K, used 1250K [0x00000000f0000000, 0x00000000f7d00000, 0x00000000f7d00000)
  eden space 102400K,   0% used [0x00000000f0000000, 0x00000000f0000000, 0x00000000f6400000)
  from space 12800K,   9% used [0x00000000f7080000, 0x00000000f71b8aa8, 0x00000000f7d00000)
  to   space 12800K,   0% used [0x00000000f6400000, 0x00000000f6400000, 0x00000000f7080000)
 concurrent mark-sweep generation total 134144K, used 38157K [0x00000000f7d00000, 0x0000000100000000, 0x0000000100000000)
 Metaspace       used 64906K, capacity 69538K, committed 69632K, reserved 1110016K
  class space    used 8381K, capacity 9180K, committed 9216K, reserved 1048576K
}
{Heap before GC invocations=65 (full 0):
 par new generation   total 115200K, used 103650K [0x00000000f0000000, 0x00000000f7d00000, 0x00000000f7d00000)
  eden space 102400K, 100% used [0x00000000f0000000, 0x00000000f6400000, 0x00000000f6400000)
  from space 12800K,   9% used [0x00000000f7080000, 0x00000000f71b8aa8, 0x00000000f7d00000)
  to   space 12800K,   0% used [0x00000000f6400000, 0x00000000f6400000, 0x00000000f7080000)
 concurrent mark-sweep generation total 134144K, used 38157K [0x00000000f7d00000, 0x0000000100000000, 0x0000000100000000)
 Metaspace       used 64911K, capacity 69538K, committed 69632K, reserved 1110016K
  class space    used 8381K, capacity 9180K, committed 9216K, reserved 1048576K
2022-09-12T02:02:23.525+0800: 118.302: [GC (Allocation Failure)  141808K->39856K(249344K), 0.0043880 secs]
Heap after GC invocations=66 (full 0):
 par new generation   total 115200K, used 1679K [0x00000000f0000000, 0x00000000f7d00000, 0x00000000f7d00000)
  eden space 102400K,   0% used [0x00000000f0000000, 0x00000000f0000000, 0x00000000f6400000)
  from space 12800K,  13% used [0x00000000f6400000, 0x00000000f65a3c48, 0x00000000f7080000)
  to   space 12800K,   0% used [0x00000000f7080000, 0x00000000f7080000, 0x00000000f7d00000)
 concurrent mark-sweep generation total 134144K, used 38176K [0x00000000f7d00000, 0x0000000100000000, 0x0000000100000000)
 Metaspace       used 64911K, capacity 69538K, committed 69632K, reserved 1110016K
  class space    used 8381K, capacity 9180K, committed 9216K, reserved 1048576K
}
{Heap before GC invocations=66 (full 0):
 par new generation   total 115200K, used 104079K [0x00000000f0000000, 0x00000000f7d00000, 0x00000000f7d00000)
  eden space 102400K, 100% used [0x00000000f0000000, 0x00000000f6400000, 0x00000000f6400000)
  from space 12800K,  13% used [0x00000000f6400000, 0x00000000f65a3c48, 0x00000000f7080000)
  to   space 12800K,   0% used [0x00000000f7080000, 0x00000000f7080000, 0x00000000f7d00000)
 concurrent mark-sweep generation total 134144K, used 38176K [0x00000000f7d00000, 0x0000000100000000, 0x0000000100000000)
 Metaspace       used 64913K, capacity 69538K, committed 69632K, reserved 1110016K
  class space    used 8381K, capacity 9180K, committed 9216K, reserved 1048576K
2022-09-12T02:02:23.904+0800: 118.682: [GC (Allocation Failure)  142256K->39411K(249344K), 0.0046320 secs]
Heap after GC invocations=67 (full 0):
 par new generation   total 115200K, used 1203K [0x00000000f0000000, 0x00000000f7d00000, 0x00000000f7d00000)
  eden space 102400K,   0% used [0x00000000f0000000, 0x00000000f0000000, 0x00000000f6400000)
  from space 12800K,   9% used [0x00000000f7080000, 0x00000000f71acc40, 0x00000000f7d00000)
  to   space 12800K,   0% used [0x00000000f6400000, 0x00000000f6400000, 0x00000000f7080000)
 concurrent mark-sweep generation total 134144K, used 38208K [0x00000000f7d00000, 0x0000000100000000, 0x0000000100000000)
 Metaspace       used 64913K, capacity 69538K, committed 69632K, reserved 1110016K
  class space    used 8381K, capacity 9180K, committed 9216K, reserved 1048576K
}
{Heap before GC invocations=67 (full 0):
 par new generation   total 115200K, used 103603K [0x00000000f0000000, 0x00000000f7d00000, 0x00000000f7d00000)
  eden space 102400K, 100% used [0x00000000f0000000, 0x00000000f6400000, 0x00000000f6400000)
  from space 12800K,   9% used [0x00000000f7080000, 0x00000000f71acc40, 0x00000000f7d00000)
  to   space 12800K,   0% used [0x00000000f6400000, 0x00000000f6400000, 0x00000000f7080000)
 concurrent mark-sweep generation total 134144K, used 38208K [0x00000000f7d00000, 0x0000000100000000, 0x0000000100000000)
 Metaspace       used 64917K, capacity 69538K, committed 69632K, reserved 1110016K
  class space    used 8381K, capacity 9180K, committed 9216K, reserved 1048576K
2022-09-12T02:02:24.276+0800: 119.053: [GC (Allocation Failure)  141811K->39788K(249344K), 0.0044914 secs]
Heap after GC invocations=68 (full 0):
 par new generation   total 115200K, used 1554K [0x00000000f0000000, 0x00000000f7d00000, 0x00000000f7d00000)
  eden space 102400K,   0% used [0x00000000f0000000, 0x00000000f0000000, 0x00000000f6400000)
  from space 12800K,  12% used [0x00000000f6400000, 0x00000000f6584ad8, 0x00000000f7080000)
  to   space 12800K,   0% used [0x00000000f7080000, 0x00000000f7080000, 0x00000000f7d00000)
 concurrent mark-sweep generation total 134144K, used 38234K [0x00000000f7d00000, 0x0000000100000000, 0x0000000100000000)
 Metaspace       used 64917K, capacity 69538K, committed 69632K, reserved 1110016K
  class space    used 8381K, capacity 9180K, committed 9216K, reserved 1048576K
}
{Heap before GC invocations=68 (full 0):
 par new generation   total 115200K, used 103954K [0x00000000f0000000, 0x00000000f7d00000, 0x00000000f7d00000)
  eden space 102400K, 100% used [0x00000000f0000000, 0x00000000f6400000, 0x00000000f6400000)
  from space 12800K,  12% used [0x00000000f6400000, 0x00000000f6584ad8, 0x00000000f7080000)
  to   space 12800K,   0% used [0x00000000f7080000, 0x00000000f7080000, 0x00000000f7d00000)
 concurrent mark-sweep generation total 134144K, used 38234K [0x00000000f7d00000, 0x0000000100000000, 0x0000000100000000)
 Metaspace       used 64920K, capacity 69538K, committed 69632K, reserved 1110016K
  class space    used 8381K, capacity 9180K, committed 9216K, reserved 1048576K
2022-09-12T02:02:24.643+0800: 119.420: [GC (Allocation Failure)  142188K->39887K(249344K), 0.0044451 secs]
Heap after GC invocations=69 (full 0):
 par new generation   total 115200K, used 1632K [0x00000000f0000000, 0x00000000f7d00000, 0x00000000f7d00000)
  eden space 102400K,   0% used [0x00000000f0000000, 0x00000000f0000000, 0x00000000f6400000)
  from space 12800K,  12% used [0x00000000f7080000, 0x00000000f7218338, 0x00000000f7d00000)
  to   space 12800K,   0% used [0x00000000f6400000, 0x00000000f6400000, 0x00000000f7080000)
 concurrent mark-sweep generation total 134144K, used 38254K [0x00000000f7d00000, 0x0000000100000000, 0x0000000100000000)
 Metaspace       used 64920K, capacity 69538K, committed 69632K, reserved 1110016K
  class space    used 8381K, capacity 9180K, committed 9216K, reserved 1048576K
}
{Heap before GC invocations=69 (full 0):
 par new generation   total 115200K, used 104032K [0x00000000f0000000, 0x00000000f7d00000, 0x00000000f7d00000)
  eden space 102400K, 100% used [0x00000000f0000000, 0x00000000f6400000, 0x00000000f6400000)
  from space 12800K,  12% used [0x00000000f7080000, 0x00000000f7218338, 0x00000000f7d00000)
  to   space 12800K,   0% used [0x00000000f6400000, 0x00000000f6400000, 0x00000000f7080000)
 concurrent mark-sweep generation total 134144K, used 38254K [0x00000000f7d00000, 0x0000000100000000, 0x0000000100000000)
 Metaspace       used 64929K, capacity 69602K, committed 69888K, reserved 1110016K
  class space    used 8383K, capacity 9180K, committed 9216K, reserved 1048576K
2022-09-12T02:02:25.006+0800: 119.784: [GC (Allocation Failure)  142287K->39456K(249344K), 0.0045650 secs]
Heap after GC invocations=70 (full 0):
 par new generation   total 115200K, used 1194K [0x00000000f0000000, 0x00000000f7d00000, 0x00000000f7d00000)
  eden space 102400K,   0% used [0x00000000f0000000, 0x00000000f0000000, 0x00000000f6400000)
  from space 12800K,   9% used [0x00000000f6400000, 0x00000000f652a8f0, 0x00000000f7080000)
  to   space 12800K,   0% used [0x00000000f7080000, 0x00000000f7080000, 0x00000000f7d00000)
 concurrent mark-sweep generation total 134144K, used 38262K [0x00000000f7d00000, 0x0000000100000000, 0x0000000100000000)
 Metaspace       used 64929K, capacity 69602K, committed 69888K, reserved 1110016K
  class space    used 8383K, capacity 9180K, committed 9216K, reserved 1048576K
}
{Heap before GC invocations=70 (full 0):
 par new generation   total 115200K, used 103594K [0x00000000f0000000, 0x00000000f7d00000, 0x00000000f7d00000)
  eden space 102400K, 100% used [0x00000000f0000000, 0x00000000f6400000, 0x00000000f6400000)
  from space 12800K,   9% used [0x00000000f6400000, 0x00000000f652a8f0, 0x00000000f7080000)
  to   space 12800K,   0% used [0x00000000f7080000, 0x00000000f7080000, 0x00000000f7d00000)
 concurrent mark-sweep generation total 134144K, used 38262K [0x00000000f7d00000, 0x0000000100000000, 0x0000000100000000)
 Metaspace       used 64930K, capacity 69602K, committed 69888K, reserved 1110016K
  class space    used 8383K, capacity 9180K, committed 9216K, reserved 1048576K
2022-09-12T02:02:25.375+0800: 120.152: [GC (Allocation Failure)  141856K->39590K(249344K), 0.0067545 secs]
Heap after GC invocations=71 (full 0):
 par new generation   total 115200K, used 1311K [0x00000000f0000000, 0x00000000f7d00000, 0x00000000f7d00000)
  eden space 102400K,   0% used [0x00000000f0000000, 0x00000000f0000000, 0x00000000f6400000)
  from space 12800K,  10% used [0x00000000f7080000, 0x00000000f71c7c60, 0x00000000f7d00000)
  to   space 12800K,   0% used [0x00000000f6400000, 0x00000000f6400000, 0x00000000f7080000)
 concurrent mark-sweep generation total 134144K, used 38279K [0x00000000f7d00000, 0x0000000100000000, 0x0000000100000000)
 Metaspace       used 64930K, capacity 69602K, committed 69888K, reserved 1110016K
  class space    used 8383K, capacity 9180K, committed 9216K, reserved 1048576K
}
{Heap before GC invocations=71 (full 0):
 par new generation   total 115200K, used 103711K [0x00000000f0000000, 0x00000000f7d00000, 0x00000000f7d00000)
  eden space 102400K, 100% used [0x00000000f0000000, 0x00000000f6400000, 0x00000000f6400000)
  from space 12800K,  10% used [0x00000000f7080000, 0x00000000f71c7c60, 0x00000000f7d00000)
  to   space 12800K,   0% used [0x00000000f6400000, 0x00000000f6400000, 0x00000000f7080000)
 concurrent mark-sweep generation total 134144K, used 38279K [0x00000000f7d00000, 0x0000000100000000, 0x0000000100000000)
 Metaspace       used 64934K, capacity 69666K, committed 69888K, reserved 1110016K
  class space    used 8384K, capacity 9180K, committed 9216K, reserved 1048576K
2022-09-12T02:02:25.738+0800: 120.516: [GC (Allocation Failure)  141990K->39938K(249344K), 0.0043342 secs]
Heap after GC invocations=72 (full 0):
 par new generation   total 115200K, used 1637K [0x00000000f0000000, 0x00000000f7d00000, 0x00000000f7d00000)
  eden space 102400K,   0% used [0x00000000f0000000, 0x00000000f0000000, 0x00000000f6400000)
  from space 12800K,  12% used [0x00000000f6400000, 0x00000000f6599760, 0x00000000f7080000)
  to   space 12800K,   0% used [0x00000000f7080000, 0x00000000f7080000, 0x00000000f7d00000)
 concurrent mark-sweep generation total 134144K, used 38300K [0x00000000f7d00000, 0x0000000100000000, 0x0000000100000000)
 Metaspace       used 64934K, capacity 69666K, committed 69888K, reserved 1110016K
  class space    used 8384K, capacity 9180K, committed 9216K, reserved 1048576K
}
{Heap before GC invocations=72 (full 0):
 par new generation   total 115200K, used 104037K [0x00000000f0000000, 0x00000000f7d00000, 0x00000000f7d00000)
  eden space 102400K, 100% used [0x00000000f0000000, 0x00000000f6400000, 0x00000000f6400000)
  from space 12800K,  12% used [0x00000000f6400000, 0x00000000f6599760, 0x00000000f7080000)
  to   space 12800K,   0% used [0x00000000f7080000, 0x00000000f7080000, 0x00000000f7d00000)
 concurrent mark-sweep generation total 134144K, used 38300K [0x00000000f7d00000, 0x0000000100000000, 0x0000000100000000)
 Metaspace       used 64934K, capacity 69666K, committed 69888K, reserved 1110016K
  class space    used 8384K, capacity 9180K, committed 9216K, reserved 1048576K
2022-09-12T02:02:26.099+0800: 120.877: [GC (Allocation Failure)  142338K->39670K(249344K), 0.0066362 secs]
Heap after GC invocations=73 (full 0):
 par new generation   total 115200K, used 1342K [0x00000000f0000000, 0x00000000f7d00000, 0x00000000f7d00000)
  eden space 102400K,   0% used [0x00000000f0000000, 0x00000000f0000000, 0x00000000f6400000)
  from space 12800K,  10% used [0x00000000f7080000, 0x00000000f71cf958, 0x00000000f7d00000)
  to   space 12800K,   0% used [0x00000000f6400000, 0x00000000f6400000, 0x00000000f7080000)
 concurrent mark-sweep generation total 134144K, used 38327K [0x00000000f7d00000, 0x0000000100000000, 0x0000000100000000)
 Metaspace       used 64934K, capacity 69666K, committed 69888K, reserved 1110016K
  class space    used 8384K, capacity 9180K, committed 9216K, reserved 1048576K
}
{Heap before GC invocations=73 (full 0):
 par new generation   total 115200K, used 103742K [0x00000000f0000000, 0x00000000f7d00000, 0x00000000f7d00000)
  eden space 102400K, 100% used [0x00000000f0000000, 0x00000000f6400000, 0x00000000f6400000)
  from space 12800K,  10% used [0x00000000f7080000, 0x00000000f71cf958, 0x00000000f7d00000)
  to   space 12800K,   0% used [0x00000000f6400000, 0x00000000f6400000, 0x00000000f7080000)
 concurrent mark-sweep generation total 134144K, used 38327K [0x00000000f7d00000, 0x0000000100000000, 0x0000000100000000)
 Metaspace       used 64939K, capacity 69670K, committed 69888K, reserved 1110016K
  class space    used 8384K, capacity 9180K, committed 9216K, reserved 1048576K
2022-09-12T02:02:26.463+0800: 121.240: [GC (Allocation Failure)  142070K->39882K(249344K), 0.0056780 secs]
Heap after GC invocations=74 (full 0):
 par new generation   total 115200K, used 1534K [0x00000000f0000000, 0x00000000f7d00000, 0x00000000f7d00000)
  eden space 102400K,   0% used [0x00000000f0000000, 0x00000000f0000000, 0x00000000f6400000)
  from space 12800K,  11% used [0x00000000f6400000, 0x00000000f657f828, 0x00000000f7080000)
  to   space 12800K,   0% used [0x00000000f7080000, 0x00000000f7080000, 0x00000000f7d00000)
 concurrent mark-sweep generation total 134144K, used 38348K [0x00000000f7d00000, 0x0000000100000000, 0x0000000100000000)
 Metaspace       used 64939K, capacity 69670K, committed 69888K, reserved 1110016K
  class space    used 8384K, capacity 9180K, committed 9216K, reserved 1048576K
}
{Heap before GC invocations=74 (full 0):
 par new generation   total 115200K, used 103934K [0x00000000f0000000, 0x00000000f7d00000, 0x00000000f7d00000)
  eden space 102400K, 100% used [0x00000000f0000000, 0x00000000f6400000, 0x00000000f6400000)
  from space 12800K,  11% used [0x00000000f6400000, 0x00000000f657f828, 0x00000000f7080000)
  to   space 12800K,   0% used [0x00000000f7080000, 0x00000000f7080000, 0x00000000f7d00000)
 concurrent mark-sweep generation total 134144K, used 38348K [0x00000000f7d00000, 0x0000000100000000, 0x0000000100000000)
 Metaspace       used 64964K, capacity 69670K, committed 69888K, reserved 1110016K
  class space    used 8387K, capacity 9180K, committed 9216K, reserved 1048576K
2022-09-12T02:02:26.820+0800: 121.597: [GC (Allocation Failure)  142282K->39789K(249344K), 0.0051578 secs]
Heap after GC invocations=75 (full 0):
 par new generation   total 115200K, used 1422K [0x00000000f0000000, 0x00000000f7d00000, 0x00000000f7d00000)
  eden space 102400K,   0% used [0x00000000f0000000, 0x00000000f0000000, 0x00000000f6400000)
  from space 12800K,  11% used [0x00000000f7080000, 0x00000000f71e3ad0, 0x00000000f7d00000)
  to   space 12800K,   0% used [0x00000000f6400000, 0x00000000f6400000, 0x00000000f7080000)
 concurrent mark-sweep generation total 134144K, used 38366K [0x00000000f7d00000, 0x0000000100000000, 0x0000000100000000)
 Metaspace       used 64964K, capacity 69670K, committed 69888K, reserved 1110016K
  class space    used 8387K, capacity 9180K, committed 9216K, reserved 1048576K
}
{Heap before GC invocations=75 (full 0):
 par new generation   total 115200K, used 103822K [0x00000000f0000000, 0x00000000f7d00000, 0x00000000f7d00000)
  eden space 102400K, 100% used [0x00000000f0000000, 0x00000000f6400000, 0x00000000f6400000)
  from space 12800K,  11% used [0x00000000f7080000, 0x00000000f71e3ad0, 0x00000000f7d00000)
  to   space 12800K,   0% used [0x00000000f6400000, 0x00000000f6400000, 0x00000000f7080000)
 concurrent mark-sweep generation total 134144K, used 38366K [0x00000000f7d00000, 0x0000000100000000, 0x0000000100000000)
 Metaspace       used 64965K, capacity 69670K, committed 69888K, reserved 1110016K
  class space    used 8388K, capacity 9180K, committed 9216K, reserved 1048576K
2022-09-12T02:02:27.173+0800: 121.950: [GC (Allocation Failure)  142189K->40101K(249344K), 0.0043558 secs]
Heap after GC invocations=76 (full 0):
 par new generation   total 115200K, used 1711K [0x00000000f0000000, 0x00000000f7d00000, 0x00000000f7d00000)
  eden space 102400K,   0% used [0x00000000f0000000, 0x00000000f0000000, 0x00000000f6400000)
  from space 12800K,  13% used [0x00000000f6400000, 0x00000000f65abfe0, 0x00000000f7080000)
  to   space 12800K,   0% used [0x00000000f7080000, 0x00000000f7080000, 0x00000000f7d00000)
 concurrent mark-sweep generation total 134144K, used 38389K [0x00000000f7d00000, 0x0000000100000000, 0x0000000100000000)
 Metaspace       used 64965K, capacity 69670K, committed 69888K, reserved 1110016K
  class space    used 8388K, capacity 9180K, committed 9216K, reserved 1048576K
}
{Heap before GC invocations=76 (full 0):
 par new generation   total 115200K, used 104111K [0x00000000f0000000, 0x00000000f7d00000, 0x00000000f7d00000)
  eden space 102400K, 100% used [0x00000000f0000000, 0x00000000f6400000, 0x00000000f6400000)
  from space 12800K,  13% used [0x00000000f6400000, 0x00000000f65abfe0, 0x00000000f7080000)
  to   space 12800K,   0% used [0x00000000f7080000, 0x00000000f7080000, 0x00000000f7d00000)
 concurrent mark-sweep generation total 134144K, used 38389K [0x00000000f7d00000, 0x0000000100000000, 0x0000000100000000)
 Metaspace       used 64965K, capacity 69670K, committed 69888K, reserved 1110016K
  class space    used 8388K, capacity 9180K, committed 9216K, reserved 1048576K
2022-09-12T02:02:27.522+0800: 122.299: [GC (Allocation Failure)  142501K->39622K(249344K), 0.0042001 secs]
Heap after GC invocations=77 (full 0):
 par new generation   total 115200K, used 1213K [0x00000000f0000000, 0x00000000f7d00000, 0x00000000f7d00000)
  eden space 102400K,   0% used [0x00000000f0000000, 0x00000000f0000000, 0x00000000f6400000)
  from space 12800K,   9% used [0x00000000f7080000, 0x00000000f71af5c0, 0x00000000f7d00000)
  to   space 12800K,   0% used [0x00000000f6400000, 0x00000000f6400000, 0x00000000f7080000)
 concurrent mark-sweep generation total 134144K, used 38409K [0x00000000f7d00000, 0x0000000100000000, 0x0000000100000000)
 Metaspace       used 64965K, capacity 69670K, committed 69888K, reserved 1110016K
  class space    used 8388K, capacity 9180K, committed 9216K, reserved 1048576K
}
{Heap before GC invocations=77 (full 0):
 par new generation   total 115200K, used 103613K [0x00000000f0000000, 0x00000000f7d00000, 0x00000000f7d00000)
  eden space 102400K, 100% used [0x00000000f0000000, 0x00000000f6400000, 0x00000000f6400000)
  from space 12800K,   9% used [0x00000000f7080000, 0x00000000f71af5c0, 0x00000000f7d00000)
  to   space 12800K,   0% used [0x00000000f6400000, 0x00000000f6400000, 0x00000000f7080000)
 concurrent mark-sweep generation total 134144K, used 38409K [0x00000000f7d00000, 0x0000000100000000, 0x0000000100000000)
 Metaspace       used 64965K, capacity 69670K, committed 69888K, reserved 1110016K
  class space    used 8388K, capacity 9180K, committed 9216K, reserved 1048576K
2022-09-12T02:02:27.870+0800: 122.647: [GC (Allocation Failure)  142022K->39959K(249344K), 0.0040821 secs]
Heap after GC invocations=78 (full 0):
 par new generation   total 115200K, used 1539K [0x00000000f0000000, 0x00000000f7d00000, 0x00000000f7d00000)
  eden space 102400K,   0% used [0x00000000f0000000, 0x00000000f0000000, 0x00000000f6400000)
  from space 12800K,  12% used [0x00000000f6400000, 0x00000000f6580dd0, 0x00000000f7080000)
  to   space 12800K,   0% used [0x00000000f7080000, 0x00000000f7080000, 0x00000000f7d00000)
 concurrent mark-sweep generation total 134144K, used 38420K [0x00000000f7d00000, 0x0000000100000000, 0x0000000100000000)
 Metaspace       used 64965K, capacity 69670K, committed 69888K, reserved 1110016K
  class space    used 8388K, capacity 9180K, committed 9216K, reserved 1048576K
}
{Heap before GC invocations=78 (full 0):
 par new generation   total 115200K, used 103939K [0x00000000f0000000, 0x00000000f7d00000, 0x00000000f7d00000)
  eden space 102400K, 100% used [0x00000000f0000000, 0x00000000f6400000, 0x00000000f6400000)
  from space 12800K,  12% used [0x00000000f6400000, 0x00000000f6580dd0, 0x00000000f7080000)
  to   space 12800K,   0% used [0x00000000f7080000, 0x00000000f7080000, 0x00000000f7d00000)
 concurrent mark-sweep generation total 134144K, used 38420K [0x00000000f7d00000, 0x0000000100000000, 0x0000000100000000)
 Metaspace       used 64965K, capacity 69670K, committed 69888K, reserved 1110016K
  class space    used 8388K, capacity 9180K, committed 9216K, reserved 1048576K
2022-09-12T02:02:28.219+0800: 122.997: [GC (Allocation Failure)  142359K->40099K(249344K), 0.0042408 secs]
Heap after GC invocations=79 (full 0):
 par new generation   total 115200K, used 1652K [0x00000000f0000000, 0x00000000f7d00000, 0x00000000f7d00000)
  eden space 102400K,   0% used [0x00000000f0000000, 0x00000000f0000000, 0x00000000f6400000)
  from space 12800K,  12% used [0x00000000f7080000, 0x00000000f721d1c0, 0x00000000f7d00000)
  to   space 12800K,   0% used [0x00000000f6400000, 0x00000000f6400000, 0x00000000f7080000)
 concurrent mark-sweep generation total 134144K, used 38446K [0x00000000f7d00000, 0x0000000100000000, 0x0000000100000000)
 Metaspace       used 64965K, capacity 69670K, committed 69888K, reserved 1110016K
  class space    used 8388K, capacity 9180K, committed 9216K, reserved 1048576K
}
{Heap before GC invocations=79 (full 0):
 par new generation   total 115200K, used 104052K [0x00000000f0000000, 0x00000000f7d00000, 0x00000000f7d00000)
  eden space 102400K, 100% used [0x00000000f0000000, 0x00000000f6400000, 0x00000000f6400000)
  from space 12800K,  12% used [0x00000000f7080000, 0x00000000f721d1c0, 0x00000000f7d00000)
  to   space 12800K,   0% used [0x00000000f6400000, 0x00000000f6400000, 0x00000000f7080000)
 concurrent mark-sweep generation total 134144K, used 38446K [0x00000000f7d00000, 0x0000000100000000, 0x0000000100000000)
 Metaspace       used 64965K, capacity 69670K, committed 69888K, reserved 1110016K
  class space    used 8388K, capacity 9180K, committed 9216K, reserved 1048576K
2022-09-12T02:02:28.569+0800: 123.347: [GC (Allocation Failure)  142499K->39678K(249344K), 0.0042717 secs]
Heap after GC invocations=80 (full 0):
 par new generation   total 115200K, used 1211K [0x00000000f0000000, 0x00000000f7d00000, 0x00000000f7d00000)
  eden space 102400K,   0% used [0x00000000f0000000, 0x00000000f0000000, 0x00000000f6400000)
  from space 12800K,   9% used [0x00000000f6400000, 0x00000000f652ee80, 0x00000000f7080000)
  to   space 12800K,   0% used [0x00000000f7080000, 0x00000000f7080000, 0x00000000f7d00000)
 concurrent mark-sweep generation total 134144K, used 38466K [0x00000000f7d00000, 0x0000000100000000, 0x0000000100000000)
 Metaspace       used 64965K, capacity 69670K, committed 69888K, reserved 1110016K
  class space    used 8388K, capacity 9180K, committed 9216K, reserved 1048576K
}
{Heap before GC invocations=80 (full 0):
 par new generation   total 115200K, used 103597K [0x00000000f0000000, 0x00000000f7d00000, 0x00000000f7d00000)
  eden space 102400K,  99% used [0x00000000f0000000, 0x00000000f63fc770, 0x00000000f6400000)
  from space 12800K,   9% used [0x00000000f6400000, 0x00000000f652ee80, 0x00000000f7080000)
  to   space 12800K,   0% used [0x00000000f7080000, 0x00000000f7080000, 0x00000000f7d00000)
 concurrent mark-sweep generation total 134144K, used 38466K [0x00000000f7d00000, 0x0000000100000000, 0x0000000100000000)
 Metaspace       used 64965K, capacity 69670K, committed 69888K, reserved 1110016K
  class space    used 8388K, capacity 9180K, committed 9216K, reserved 1048576K
2022-09-12T02:02:28.918+0800: 123.695: [GC (Allocation Failure)  142064K->39983K(249344K), 0.0042051 secs]
Heap after GC invocations=81 (full 0):
 par new generation   total 115200K, used 1498K [0x00000000f0000000, 0x00000000f7d00000, 0x00000000f7d00000)
  eden space 102400K,   0% used [0x00000000f0000000, 0x00000000f0000000, 0x00000000f6400000)
  from space 12800K,  11% used [0x00000000f7080000, 0x00000000f71f6838, 0x00000000f7d00000)
  to   space 12800K,   0% used [0x00000000f6400000, 0x00000000f6400000, 0x00000000f7080000)
 concurrent mark-sweep generation total 134144K, used 38485K [0x00000000f7d00000, 0x0000000100000000, 0x0000000100000000)
 Metaspace       used 64965K, capacity 69670K, committed 69888K, reserved 1110016K
  class space    used 8388K, capacity 9180K, committed 9216K, reserved 1048576K
}
{Heap before GC invocations=81 (full 0):
 par new generation   total 115200K, used 103898K [0x00000000f0000000, 0x00000000f7d00000, 0x00000000f7d00000)
  eden space 102400K, 100% used [0x00000000f0000000, 0x00000000f6400000, 0x00000000f6400000)
  from space 12800K,  11% used [0x00000000f7080000, 0x00000000f71f6838, 0x00000000f7d00000)
  to   space 12800K,   0% used [0x00000000f6400000, 0x00000000f6400000, 0x00000000f7080000)
 concurrent mark-sweep generation total 134144K, used 38485K [0x00000000f7d00000, 0x0000000100000000, 0x0000000100000000)
 Metaspace       used 64965K, capacity 69670K, committed 69888K, reserved 1110016K
  class space    used 8388K, capacity 9180K, committed 9216K, reserved 1048576K
2022-09-12T02:02:29.267+0800: 124.044: [GC (Allocation Failure)  142383K->40122K(249344K), 0.0041762 secs]
Heap after GC invocations=82 (full 0):
 par new generation   total 115200K, used 1616K [0x00000000f0000000, 0x00000000f7d00000, 0x00000000f7d00000)
  eden space 102400K,   0% used [0x00000000f0000000, 0x00000000f0000000, 0x00000000f6400000)
  from space 12800K,  12% used [0x00000000f6400000, 0x00000000f6594080, 0x00000000f7080000)
  to   space 12800K,   0% used [0x00000000f7080000, 0x00000000f7080000, 0x00000000f7d00000)
 concurrent mark-sweep generation total 134144K, used 38506K [0x00000000f7d00000, 0x0000000100000000, 0x0000000100000000)
 Metaspace       used 64965K, capacity 69670K, committed 69888K, reserved 1110016K
  class space    used 8388K, capacity 9180K, committed 9216K, reserved 1048576K
}
{Heap before GC invocations=82 (full 0):
 par new generation   total 115200K, used 104016K [0x00000000f0000000, 0x00000000f7d00000, 0x00000000f7d00000)
  eden space 102400K, 100% used [0x00000000f0000000, 0x00000000f6400000, 0x00000000f6400000)
  from space 12800K,  12% used [0x00000000f6400000, 0x00000000f6594080, 0x00000000f7080000)
  to   space 12800K,   0% used [0x00000000f7080000, 0x00000000f7080000, 0x00000000f7d00000)
 concurrent mark-sweep generation total 134144K, used 38506K [0x00000000f7d00000, 0x0000000100000000, 0x0000000100000000)
 Metaspace       used 64965K, capacity 69670K, committed 69888K, reserved 1110016K
  class space    used 8388K, capacity 9180K, committed 9216K, reserved 1048576K
2022-09-12T02:02:29.617+0800: 124.395: [GC (Allocation Failure)  142522K->39705K(249344K), 0.0041429 secs]
Heap after GC invocations=83 (full 0):
 par new generation   total 115200K, used 1181K [0x00000000f0000000, 0x00000000f7d00000, 0x00000000f7d00000)
  eden space 102400K,   0% used [0x00000000f0000000, 0x00000000f0000000, 0x00000000f6400000)
  from space 12800K,   9% used [0x00000000f7080000, 0x00000000f71a7580, 0x00000000f7d00000)
  to   space 12800K,   0% used [0x00000000f6400000, 0x00000000f6400000, 0x00000000f7080000)
 concurrent mark-sweep generation total 134144K, used 38524K [0x00000000f7d00000, 0x0000000100000000, 0x0000000100000000)
 Metaspace       used 64965K, capacity 69670K, committed 69888K, reserved 1110016K
  class space    used 8388K, capacity 9180K, committed 9216K, reserved 1048576K
}
{Heap before GC invocations=83 (full 0):
 par new generation   total 115200K, used 103581K [0x00000000f0000000, 0x00000000f7d00000, 0x00000000f7d00000)
  eden space 102400K, 100% used [0x00000000f0000000, 0x00000000f6400000, 0x00000000f6400000)
  from space 12800K,   9% used [0x00000000f7080000, 0x00000000f71a7580, 0x00000000f7d00000)
  to   space 12800K,   0% used [0x00000000f6400000, 0x00000000f6400000, 0x00000000f7080000)
 concurrent mark-sweep generation total 134144K, used 38524K [0x00000000f7d00000, 0x0000000100000000, 0x0000000100000000)
 Metaspace       used 64967K, capacity 69670K, committed 69888K, reserved 1110016K
  class space    used 8388K, capacity 9180K, committed 9216K, reserved 1048576K
2022-09-12T02:02:29.966+0800: 124.744: [GC (Allocation Failure)  142105K->40051K(249344K), 0.0042220 secs]
Heap after GC invocations=84 (full 0):
 par new generation   total 115200K, used 1508K [0x00000000f0000000, 0x00000000f7d00000, 0x00000000f7d00000)
  eden space 102400K,   0% used [0x00000000f0000000, 0x00000000f0000000, 0x00000000f6400000)
  from space 12800K,  11% used [0x00000000f6400000, 0x00000000f6579008, 0x00000000f7080000)
  to   space 12800K,   0% used [0x00000000f7080000, 0x00000000f7080000, 0x00000000f7d00000)
 concurrent mark-sweep generation total 134144K, used 38543K [0x00000000f7d00000, 0x0000000100000000, 0x0000000100000000)
 Metaspace       used 64967K, capacity 69670K, committed 69888K, reserved 1110016K
  class space    used 8388K, capacity 9180K, committed 9216K, reserved 1048576K
}
{Heap before GC invocations=84 (full 0):
 par new generation   total 115200K, used 103908K [0x00000000f0000000, 0x00000000f7d00000, 0x00000000f7d00000)
  eden space 102400K, 100% used [0x00000000f0000000, 0x00000000f6400000, 0x00000000f6400000)
  from space 12800K,  11% used [0x00000000f6400000, 0x00000000f6579008, 0x00000000f7080000)
  to   space 12800K,   0% used [0x00000000f7080000, 0x00000000f7080000, 0x00000000f7d00000)
 concurrent mark-sweep generation total 134144K, used 38543K [0x00000000f7d00000, 0x0000000100000000, 0x0000000100000000)
 Metaspace       used 64967K, capacity 69670K, committed 69888K, reserved 1110016K
  class space    used 8388K, capacity 9180K, committed 9216K, reserved 1048576K
2022-09-12T02:02:30.316+0800: 125.093: [GC (Allocation Failure)  142451K->40174K(249344K), 0.0041722 secs]
Heap after GC invocations=85 (full 0):
 par new generation   total 115200K, used 1619K [0x00000000f0000000, 0x00000000f7d00000, 0x00000000f7d00000)
  eden space 102400K,   0% used [0x00000000f0000000, 0x00000000f0000000, 0x00000000f6400000)
  from space 12800K,  12% used [0x00000000f7080000, 0x00000000f7214e10, 0x00000000f7d00000)
  to   space 12800K,   0% used [0x00000000f6400000, 0x00000000f6400000, 0x00000000f7080000)
 concurrent mark-sweep generation total 134144K, used 38554K [0x00000000f7d00000, 0x0000000100000000, 0x0000000100000000)
 Metaspace       used 64967K, capacity 69670K, committed 69888K, reserved 1110016K
  class space    used 8388K, capacity 9180K, committed 9216K, reserved 1048576K
}
{Heap before GC invocations=85 (full 0):
 par new generation   total 115200K, used 104019K [0x00000000f0000000, 0x00000000f7d00000, 0x00000000f7d00000)
  eden space 102400K, 100% used [0x00000000f0000000, 0x00000000f6400000, 0x00000000f6400000)
  from space 12800K,  12% used [0x00000000f7080000, 0x00000000f7214e10, 0x00000000f7d00000)
  to   space 12800K,   0% used [0x00000000f6400000, 0x00000000f6400000, 0x00000000f7080000)
 concurrent mark-sweep generation total 134144K, used 38554K [0x00000000f7d00000, 0x0000000100000000, 0x0000000100000000)
 Metaspace       used 64968K, capacity 69670K, committed 69888K, reserved 1110016K
  class space    used 8388K, capacity 9180K, committed 9216K, reserved 1048576K
2022-09-12T02:02:30.665+0800: 125.442: [GC (Allocation Failure)  142574K->39886K(249344K), 0.0041513 secs]
Heap after GC invocations=86 (full 0):
 par new generation   total 115200K, used 1321K [0x00000000f0000000, 0x00000000f7d00000, 0x00000000f7d00000)
  eden space 102400K,   0% used [0x00000000f0000000, 0x00000000f0000000, 0x00000000f6400000)
  from space 12800K,  10% used [0x00000000f6400000, 0x00000000f654a738, 0x00000000f7080000)
  to   space 12800K,   0% used [0x00000000f7080000, 0x00000000f7080000, 0x00000000f7d00000)
 concurrent mark-sweep generation total 134144K, used 38565K [0x00000000f7d00000, 0x0000000100000000, 0x0000000100000000)
 Metaspace       used 64968K, capacity 69670K, committed 69888K, reserved 1110016K
  class space    used 8388K, capacity 9180K, committed 9216K, reserved 1048576K
}
{Heap before GC invocations=86 (full 0):
 par new generation   total 115200K, used 103721K [0x00000000f0000000, 0x00000000f7d00000, 0x00000000f7d00000)
  eden space 102400K, 100% used [0x00000000f0000000, 0x00000000f6400000, 0x00000000f6400000)
  from space 12800K,  10% used [0x00000000f6400000, 0x00000000f654a738, 0x00000000f7080000)
  to   space 12800K,   0% used [0x00000000f7080000, 0x00000000f7080000, 0x00000000f7d00000)
 concurrent mark-sweep generation total 134144K, used 38565K [0x00000000f7d00000, 0x0000000100000000, 0x0000000100000000)
 Metaspace       used 64968K, capacity 69670K, committed 69888K, reserved 1110016K
  class space    used 8388K, capacity 9180K, committed 9216K, reserved 1048576K
2022-09-12T02:02:31.014+0800: 125.791: [GC (Allocation Failure)  142286K->40099K(249344K), 0.0041910 secs]
Heap after GC invocations=87 (full 0):
 par new generation   total 115200K, used 1516K [0x00000000f0000000, 0x00000000f7d00000, 0x00000000f7d00000)
  eden space 102400K,   0% used [0x00000000f0000000, 0x00000000f0000000, 0x00000000f6400000)
  from space 12800K,  11% used [0x00000000f7080000, 0x00000000f71fb110, 0x00000000f7d00000)
  to   space 12800K,   0% used [0x00000000f6400000, 0x00000000f6400000, 0x00000000f7080000)
 concurrent mark-sweep generation total 134144K, used 38582K [0x00000000f7d00000, 0x0000000100000000, 0x0000000100000000)
 Metaspace       used 64968K, capacity 69670K, committed 69888K, reserved 1110016K
  class space    used 8388K, capacity 9180K, committed 9216K, reserved 1048576K
}
{Heap before GC invocations=87 (full 0):
 par new generation   total 115200K, used 103916K [0x00000000f0000000, 0x00000000f7d00000, 0x00000000f7d00000)
  eden space 102400K, 100% used [0x00000000f0000000, 0x00000000f6400000, 0x00000000f6400000)
  from space 12800K,  11% used [0x00000000f7080000, 0x00000000f71fb110, 0x00000000f7d00000)
  to   space 12800K,   0% used [0x00000000f6400000, 0x00000000f6400000, 0x00000000f7080000)
 concurrent mark-sweep generation total 134144K, used 38582K [0x00000000f7d00000, 0x0000000100000000, 0x0000000100000000)
 Metaspace       used 64968K, capacity 69670K, committed 69888K, reserved 1110016K
  class space    used 8388K, capacity 9180K, committed 9216K, reserved 1048576K
2022-09-12T02:02:31.374+0800: 126.151: [GC (Allocation Failure)  142499K->40250K(249344K), 0.0041373 secs]
Heap after GC invocations=88 (full 0):
 par new generation   total 115200K, used 1648K [0x00000000f0000000, 0x00000000f7d00000, 0x00000000f7d00000)
  eden space 102400K,   0% used [0x00000000f0000000, 0x00000000f0000000, 0x00000000f6400000)
  from space 12800K,  12% used [0x00000000f6400000, 0x00000000f659c200, 0x00000000f7080000)
  to   space 12800K,   0% used [0x00000000f7080000, 0x00000000f7080000, 0x00000000f7d00000)
 concurrent mark-sweep generation total 134144K, used 38602K [0x00000000f7d00000, 0x0000000100000000, 0x0000000100000000)
 Metaspace       used 64968K, capacity 69670K, committed 69888K, reserved 1110016K
  class space    used 8388K, capacity 9180K, committed 9216K, reserved 1048576K
}
{Heap before GC invocations=88 (full 0):
 par new generation   total 115200K, used 104048K [0x00000000f0000000, 0x00000000f7d00000, 0x00000000f7d00000)
  eden space 102400K, 100% used [0x00000000f0000000, 0x00000000f6400000, 0x00000000f6400000)
  from space 12800K,  12% used [0x00000000f6400000, 0x00000000f659c200, 0x00000000f7080000)
  to   space 12800K,   0% used [0x00000000f7080000, 0x00000000f7080000, 0x00000000f7d00000)
 concurrent mark-sweep generation total 134144K, used 38602K [0x00000000f7d00000, 0x0000000100000000, 0x0000000100000000)
 Metaspace       used 64968K, capacity 69670K, committed 69888K, reserved 1110016K
  class space    used 8388K, capacity 9180K, committed 9216K, reserved 1048576K
2022-09-12T02:02:31.721+0800: 126.499: [GC (Allocation Failure)  142650K->39790K(249344K), 0.0041522 secs]
Heap after GC invocations=89 (full 0):
 par new generation   total 115200K, used 1174K [0x00000000f0000000, 0x00000000f7d00000, 0x00000000f7d00000)
  eden space 102400K,   0% used [0x00000000f0000000, 0x00000000f0000000, 0x00000000f6400000)
  from space 12800K,   9% used [0x00000000f7080000, 0x00000000f71a5b00, 0x00000000f7d00000)
  to   space 12800K,   0% used [0x00000000f6400000, 0x00000000f6400000, 0x00000000f7080000)
 concurrent mark-sweep generation total 134144K, used 38616K [0x00000000f7d00000, 0x0000000100000000, 0x0000000100000000)
 Metaspace       used 64968K, capacity 69670K, committed 69888K, reserved 1110016K
  class space    used 8388K, capacity 9180K, committed 9216K, reserved 1048576K
}
{Heap before GC invocations=89 (full 0):
 par new generation   total 115200K, used 103574K [0x00000000f0000000, 0x00000000f7d00000, 0x00000000f7d00000)
  eden space 102400K, 100% used [0x00000000f0000000, 0x00000000f6400000, 0x00000000f6400000)
  from space 12800K,   9% used [0x00000000f7080000, 0x00000000f71a5b00, 0x00000000f7d00000)
  to   space 12800K,   0% used [0x00000000f6400000, 0x00000000f6400000, 0x00000000f7080000)
 concurrent mark-sweep generation total 134144K, used 38616K [0x00000000f7d00000, 0x0000000100000000, 0x0000000100000000)
 Metaspace       used 64969K, capacity 69670K, committed 69888K, reserved 1110016K
  class space    used 8388K, capacity 9180K, committed 9216K, reserved 1048576K
2022-09-12T02:02:32.070+0800: 126.848: [GC (Allocation Failure)  142190K->40169K(249344K), 0.0041831 secs]
Heap after GC invocations=90 (full 0):
 par new generation   total 115200K, used 1529K [0x00000000f0000000, 0x00000000f7d00000, 0x00000000f7d00000)
  eden space 102400K,   0% used [0x00000000f0000000, 0x00000000f0000000, 0x00000000f6400000)
  from space 12800K,  11% used [0x00000000f6400000, 0x00000000f657e670, 0x00000000f7080000)
  to   space 12800K,   0% used [0x00000000f7080000, 0x00000000f7080000, 0x00000000f7d00000)
 concurrent mark-sweep generation total 134144K, used 38640K [0x00000000f7d00000, 0x0000000100000000, 0x0000000100000000)
 Metaspace       used 64969K, capacity 69670K, committed 69888K, reserved 1110016K
  class space    used 8388K, capacity 9180K, committed 9216K, reserved 1048576K
}
{Heap before GC invocations=90 (full 0):
 par new generation   total 115200K, used 103929K [0x00000000f0000000, 0x00000000f7d00000, 0x00000000f7d00000)
  eden space 102400K, 100% used [0x00000000f0000000, 0x00000000f6400000, 0x00000000f6400000)
  from space 12800K,  11% used [0x00000000f6400000, 0x00000000f657e670, 0x00000000f7080000)
  to   space 12800K,   0% used [0x00000000f7080000, 0x00000000f7080000, 0x00000000f7d00000)
 concurrent mark-sweep generation total 134144K, used 38640K [0x00000000f7d00000, 0x0000000100000000, 0x0000000100000000)
 Metaspace       used 64973K, capacity 69670K, committed 69888K, reserved 1110016K
  class space    used 8388K, capacity 9180K, committed 9216K, reserved 1048576K
2022-09-12T02:02:32.419+0800: 127.196: [GC (Allocation Failure)  142569K->40333K(249344K), 0.0041664 secs]
Heap after GC invocations=91 (full 0):
 par new generation   total 115200K, used 1679K [0x00000000f0000000, 0x00000000f7d00000, 0x00000000f7d00000)
  eden space 102400K,   0% used [0x00000000f0000000, 0x00000000f0000000, 0x00000000f6400000)
  from space 12800K,  13% used [0x00000000f7080000, 0x00000000f7223c48, 0x00000000f7d00000)
  to   space 12800K,   0% used [0x00000000f6400000, 0x00000000f6400000, 0x00000000f7080000)
 concurrent mark-sweep generation total 134144K, used 38654K [0x00000000f7d00000, 0x0000000100000000, 0x0000000100000000)
 Metaspace       used 64973K, capacity 69670K, committed 69888K, reserved 1110016K
  class space    used 8388K, capacity 9180K, committed 9216K, reserved 1048576K
}
{Heap before GC invocations=91 (full 0):
 par new generation   total 115200K, used 104079K [0x00000000f0000000, 0x00000000f7d00000, 0x00000000f7d00000)
  eden space 102400K, 100% used [0x00000000f0000000, 0x00000000f6400000, 0x00000000f6400000)
  from space 12800K,  13% used [0x00000000f7080000, 0x00000000f7223c48, 0x00000000f7d00000)
  to   space 12800K,   0% used [0x00000000f6400000, 0x00000000f6400000, 0x00000000f7080000)
 concurrent mark-sweep generation total 134144K, used 38654K [0x00000000f7d00000, 0x0000000100000000, 0x0000000100000000)
 Metaspace       used 64973K, capacity 69670K, committed 69888K, reserved 1110016K
  class space    used 8388K, capacity 9180K, committed 9216K, reserved 1048576K
2022-09-12T02:02:32.768+0800: 127.545: [GC (Allocation Failure)  142733K->40010K(249344K), 0.0042575 secs]
Heap after GC invocations=92 (full 0):
 par new generation   total 115200K, used 1335K [0x00000000f0000000, 0x00000000f7d00000, 0x00000000f7d00000)
  eden space 102400K,   0% used [0x00000000f0000000, 0x00000000f0000000, 0x00000000f6400000)
  from space 12800K,  10% used [0x00000000f6400000, 0x00000000f654dcf0, 0x00000000f7080000)
  to   space 12800K,   0% used [0x00000000f7080000, 0x00000000f7080000, 0x00000000f7d00000)
 concurrent mark-sweep generation total 134144K, used 38674K [0x00000000f7d00000, 0x0000000100000000, 0x0000000100000000)
 Metaspace       used 64973K, capacity 69670K, committed 69888K, reserved 1110016K
  class space    used 8388K, capacity 9180K, committed 9216K, reserved 1048576K
}
{Heap before GC invocations=92 (full 0):
 par new generation   total 115200K, used 103735K [0x00000000f0000000, 0x00000000f7d00000, 0x00000000f7d00000)
  eden space 102400K, 100% used [0x00000000f0000000, 0x00000000f6400000, 0x00000000f6400000)
  from space 12800K,  10% used [0x00000000f6400000, 0x00000000f654dcf0, 0x00000000f7080000)
  to   space 12800K,   0% used [0x00000000f7080000, 0x00000000f7080000, 0x00000000f7d00000)
 concurrent mark-sweep generation total 134144K, used 38674K [0x00000000f7d00000, 0x0000000100000000, 0x0000000100000000)
 Metaspace       used 64973K, capacity 69670K, committed 69888K, reserved 1110016K
  class space    used 8388K, capacity 9180K, committed 9216K, reserved 1048576K
2022-09-12T02:02:33.117+0800: 127.894: [GC (Allocation Failure)  142410K->40233K(249344K), 0.0040823 secs]
Heap after GC invocations=93 (full 0):
 par new generation   total 115200K, used 1550K [0x00000000f0000000, 0x00000000f7d00000, 0x00000000f7d00000)
  eden space 102400K,   0% used [0x00000000f0000000, 0x00000000f0000000, 0x00000000f6400000)
  from space 12800K,  12% used [0x00000000f7080000, 0x00000000f7203aa8, 0x00000000f7d00000)
  to   space 12800K,   0% used [0x00000000f6400000, 0x00000000f6400000, 0x00000000f7080000)
 concurrent mark-sweep generation total 134144K, used 38683K [0x00000000f7d00000, 0x0000000100000000, 0x0000000100000000)
 Metaspace       used 64973K, capacity 69670K, committed 69888K, reserved 1110016K
  class space    used 8388K, capacity 9180K, committed 9216K, reserved 1048576K
}
{Heap before GC invocations=93 (full 0):
 par new generation   total 115200K, used 103950K [0x00000000f0000000, 0x00000000f7d00000, 0x00000000f7d00000)
  eden space 102400K, 100% used [0x00000000f0000000, 0x00000000f6400000, 0x00000000f6400000)
  from space 12800K,  12% used [0x00000000f7080000, 0x00000000f7203aa8, 0x00000000f7d00000)
  to   space 12800K,   0% used [0x00000000f6400000, 0x00000000f6400000, 0x00000000f7080000)
 concurrent mark-sweep generation total 134144K, used 38683K [0x00000000f7d00000, 0x0000000100000000, 0x0000000100000000)
 Metaspace       used 64973K, capacity 69670K, committed 69888K, reserved 1110016K
  class space    used 8388K, capacity 9180K, committed 9216K, reserved 1048576K
2022-09-12T02:02:33.467+0800: 128.244: [GC (Allocation Failure)  142633K->40376K(249344K), 0.0041022 secs]
Heap after GC invocations=94 (full 0):
 par new generation   total 115200K, used 1684K [0x00000000f0000000, 0x00000000f7d00000, 0x00000000f7d00000)
  eden space 102400K,   0% used [0x00000000f0000000, 0x00000000f0000000, 0x00000000f6400000)
  from space 12800K,  13% used [0x00000000f6400000, 0x00000000f65a50a0, 0x00000000f7080000)
  to   space 12800K,   0% used [0x00000000f7080000, 0x00000000f7080000, 0x00000000f7d00000)
 concurrent mark-sweep generation total 134144K, used 38691K [0x00000000f7d00000, 0x0000000100000000, 0x0000000100000000)
 Metaspace       used 64973K, capacity 69670K, committed 69888K, reserved 1110016K
  class space    used 8388K, capacity 9180K, committed 9216K, reserved 1048576K
}
{Heap before GC invocations=94 (full 0):
 par new generation   total 115200K, used 104084K [0x00000000f0000000, 0x00000000f7d00000, 0x00000000f7d00000)
  eden space 102400K, 100% used [0x00000000f0000000, 0x00000000f6400000, 0x00000000f6400000)
  from space 12800K,  13% used [0x00000000f6400000, 0x00000000f65a50a0, 0x00000000f7080000)
  to   space 12800K,   0% used [0x00000000f7080000, 0x00000000f7080000, 0x00000000f7d00000)
 concurrent mark-sweep generation total 134144K, used 38691K [0x00000000f7d00000, 0x0000000100000000, 0x0000000100000000)
 Metaspace       used 64976K, capacity 69670K, committed 69888K, reserved 1110016K
  class space    used 8388K, capacity 9180K, committed 9216K, reserved 1048576K
2022-09-12T02:02:33.815+0800: 128.593: [GC (Allocation Failure)  142776K->40069K(249344K), 0.0044924 secs]
Heap after GC invocations=95 (full 0):
 par new generation   total 115200K, used 1351K [0x00000000f0000000, 0x00000000f7d00000, 0x00000000f7d00000)
  eden space 102400K,   0% used [0x00000000f0000000, 0x00000000f0000000, 0x00000000f6400000)
  from space 12800K,  10% used [0x00000000f7080000, 0x00000000f71d1f08, 0x00000000f7d00000)
  to   space 12800K,   0% used [0x00000000f6400000, 0x00000000f6400000, 0x00000000f7080000)
 concurrent mark-sweep generation total 134144K, used 38717K [0x00000000f7d00000, 0x0000000100000000, 0x0000000100000000)
 Metaspace       used 64976K, capacity 69670K, committed 69888K, reserved 1110016K
  class space    used 8388K, capacity 9180K, committed 9216K, reserved 1048576K
}
{Heap before GC invocations=95 (full 0):
 par new generation   total 115200K, used 103751K [0x00000000f0000000, 0x00000000f7d00000, 0x00000000f7d00000)
  eden space 102400K, 100% used [0x00000000f0000000, 0x00000000f6400000, 0x00000000f6400000)
  from space 12800K,  10% used [0x00000000f7080000, 0x00000000f71d1f08, 0x00000000f7d00000)
  to   space 12800K,   0% used [0x00000000f6400000, 0x00000000f6400000, 0x00000000f7080000)
 concurrent mark-sweep generation total 134144K, used 38717K [0x00000000f7d00000, 0x0000000100000000, 0x0000000100000000)
 Metaspace       used 64976K, capacity 69670K, committed 69888K, reserved 1110016K
  class space    used 8388K, capacity 9180K, committed 9216K, reserved 1048576K
2022-09-12T02:02:34.165+0800: 128.942: [GC (Allocation Failure)  142469K->40273K(249344K), 0.0041935 secs]
Heap after GC invocations=96 (full 0):
 par new generation   total 115200K, used 1541K [0x00000000f0000000, 0x00000000f7d00000, 0x00000000f7d00000)
  eden space 102400K,   0% used [0x00000000f0000000, 0x00000000f0000000, 0x00000000f6400000)
  from space 12800K,  12% used [0x00000000f6400000, 0x00000000f6581498, 0x00000000f7080000)
  to   space 12800K,   0% used [0x00000000f7080000, 0x00000000f7080000, 0x00000000f7d00000)
 concurrent mark-sweep generation total 134144K, used 38732K [0x00000000f7d00000, 0x0000000100000000, 0x0000000100000000)
 Metaspace       used 64976K, capacity 69670K, committed 69888K, reserved 1110016K
  class space    used 8388K, capacity 9180K, committed 9216K, reserved 1048576K
}
{Heap before GC invocations=96 (full 0):
 par new generation   total 115200K, used 103941K [0x00000000f0000000, 0x00000000f7d00000, 0x00000000f7d00000)
  eden space 102400K, 100% used [0x00000000f0000000, 0x00000000f6400000, 0x00000000f6400000)
  from space 12800K,  12% used [0x00000000f6400000, 0x00000000f6581498, 0x00000000f7080000)
  to   space 12800K,   0% used [0x00000000f7080000, 0x00000000f7080000, 0x00000000f7d00000)
 concurrent mark-sweep generation total 134144K, used 38732K [0x00000000f7d00000, 0x0000000100000000, 0x0000000100000000)
 Metaspace       used 64976K, capacity 69670K, committed 69888K, reserved 1110016K
  class space    used 8388K, capacity 9180K, committed 9216K, reserved 1048576K
2022-09-12T02:02:34.513+0800: 129.290: [GC (Allocation Failure)  142673K->40382K(249344K), 0.0041128 secs]
Heap after GC invocations=97 (full 0):
 par new generation   total 115200K, used 1636K [0x00000000f0000000, 0x00000000f7d00000, 0x00000000f7d00000)
  eden space 102400K,   0% used [0x00000000f0000000, 0x00000000f0000000, 0x00000000f6400000)
  from space 12800K,  12% used [0x00000000f7080000, 0x00000000f7219218, 0x00000000f7d00000)
  to   space 12800K,   0% used [0x00000000f6400000, 0x00000000f6400000, 0x00000000f7080000)
 concurrent mark-sweep generation total 134144K, used 38745K [0x00000000f7d00000, 0x0000000100000000, 0x0000000100000000)
 Metaspace       used 64976K, capacity 69670K, committed 69888K, reserved 1110016K
  class space    used 8388K, capacity 9180K, committed 9216K, reserved 1048576K
}
{Heap before GC invocations=97 (full 0):
 par new generation   total 115200K, used 104036K [0x00000000f0000000, 0x00000000f7d00000, 0x00000000f7d00000)
  eden space 102400K, 100% used [0x00000000f0000000, 0x00000000f6400000, 0x00000000f6400000)
  from space 12800K,  12% used [0x00000000f7080000, 0x00000000f7219218, 0x00000000f7d00000)
  to   space 12800K,   0% used [0x00000000f6400000, 0x00000000f6400000, 0x00000000f7080000)
 concurrent mark-sweep generation total 134144K, used 38745K [0x00000000f7d00000, 0x0000000100000000, 0x0000000100000000)
 Metaspace       used 64976K, capacity 69670K, committed 69888K, reserved 1110016K
  class space    used 8388K, capacity 9180K, committed 9216K, reserved 1048576K
2022-09-12T02:02:34.861+0800: 129.639: [GC (Allocation Failure)  142782K->39966K(249344K), 0.0041703 secs]
Heap after GC invocations=98 (full 0):
 par new generation   total 115200K, used 1194K [0x00000000f0000000, 0x00000000f7d00000, 0x00000000f7d00000)
  eden space 102400K,   0% used [0x00000000f0000000, 0x00000000f0000000, 0x00000000f6400000)
  from space 12800K,   9% used [0x00000000f6400000, 0x00000000f652a940, 0x00000000f7080000)
  to   space 12800K,   0% used [0x00000000f7080000, 0x00000000f7080000, 0x00000000f7d00000)
 concurrent mark-sweep generation total 134144K, used 38772K [0x00000000f7d00000, 0x0000000100000000, 0x0000000100000000)
 Metaspace       used 64976K, capacity 69670K, committed 69888K, reserved 1110016K
  class space    used 8388K, capacity 9180K, committed 9216K, reserved 1048576K
}
{Heap before GC invocations=98 (full 0):
 par new generation   total 115200K, used 103594K [0x00000000f0000000, 0x00000000f7d00000, 0x00000000f7d00000)
  eden space 102400K, 100% used [0x00000000f0000000, 0x00000000f6400000, 0x00000000f6400000)
  from space 12800K,   9% used [0x00000000f6400000, 0x00000000f652a940, 0x00000000f7080000)
  to   space 12800K,   0% used [0x00000000f7080000, 0x00000000f7080000, 0x00000000f7d00000)
 concurrent mark-sweep generation total 134144K, used 38772K [0x00000000f7d00000, 0x0000000100000000, 0x0000000100000000)
 Metaspace       used 64976K, capacity 69670K, committed 69888K, reserved 1110016K
  class space    used 8388K, capacity 9180K, committed 9216K, reserved 1048576K
2022-09-12T02:02:35.210+0800: 129.988: [GC (Allocation Failure)  142366K->40293K(249344K), 0.0040632 secs]
Heap after GC invocations=99 (full 0):
 par new generation   total 115200K, used 1507K [0x00000000f0000000, 0x00000000f7d00000, 0x00000000f7d00000)
  eden space 102400K,   0% used [0x00000000f0000000, 0x00000000f0000000, 0x00000000f6400000)
  from space 12800K,  11% used [0x00000000f7080000, 0x00000000f71f8e10, 0x00000000f7d00000)
  to   space 12800K,   0% used [0x00000000f6400000, 0x00000000f6400000, 0x00000000f7080000)
 concurrent mark-sweep generation total 134144K, used 38786K [0x00000000f7d00000, 0x0000000100000000, 0x0000000100000000)
 Metaspace       used 64976K, capacity 69670K, committed 69888K, reserved 1110016K
  class space    used 8388K, capacity 9180K, committed 9216K, reserved 1048576K
}
{Heap before GC invocations=99 (full 0):
 par new generation   total 115200K, used 103907K [0x00000000f0000000, 0x00000000f7d00000, 0x00000000f7d00000)
  eden space 102400K, 100% used [0x00000000f0000000, 0x00000000f6400000, 0x00000000f6400000)
  from space 12800K,  11% used [0x00000000f7080000, 0x00000000f71f8e10, 0x00000000f7d00000)
  to   space 12800K,   0% used [0x00000000f6400000, 0x00000000f6400000, 0x00000000f7080000)
 concurrent mark-sweep generation total 134144K, used 38786K [0x00000000f7d00000, 0x0000000100000000, 0x0000000100000000)
 Metaspace       used 64983K, capacity 69670K, committed 69888K, reserved 1110016K
  class space    used 8388K, capacity 9180K, committed 9216K, reserved 1048576K
2022-09-12T02:02:35.559+0800: 130.336: [GC (Allocation Failure)  142693K->40381K(249344K), 0.0041356 secs]
Heap after GC invocations=100 (full 0):
 par new generation   total 115200K, used 1579K [0x00000000f0000000, 0x00000000f7d00000, 0x00000000f7d00000)
  eden space 102400K,   0% used [0x00000000f0000000, 0x00000000f0000000, 0x00000000f6400000)
  from space 12800K,  12% used [0x00000000f6400000, 0x00000000f658afb0, 0x00000000f7080000)
  to   space 12800K,   0% used [0x00000000f7080000, 0x00000000f7080000, 0x00000000f7d00000)
 concurrent mark-sweep generation total 134144K, used 38801K [0x00000000f7d00000, 0x0000000100000000, 0x0000000100000000)
 Metaspace       used 64983K, capacity 69670K, committed 69888K, reserved 1110016K
  class space    used 8388K, capacity 9180K, committed 9216K, reserved 1048576K
}
{Heap before GC invocations=100 (full 0):
 par new generation   total 115200K, used 103979K [0x00000000f0000000, 0x00000000f7d00000, 0x00000000f7d00000)
  eden space 102400K, 100% used [0x00000000f0000000, 0x00000000f6400000, 0x00000000f6400000)
  from space 12800K,  12% used [0x00000000f6400000, 0x00000000f658afb0, 0x00000000f7080000)
  to   space 12800K,   0% used [0x00000000f7080000, 0x00000000f7080000, 0x00000000f7d00000)
 concurrent mark-sweep generation total 134144K, used 38801K [0x00000000f7d00000, 0x0000000100000000, 0x0000000100000000)
 Metaspace       used 64985K, capacity 69670K, committed 69888K, reserved 1110016K
  class space    used 8388K, capacity 9180K, committed 9216K, reserved 1048576K
2022-09-12T02:02:35.907+0800: 130.685: [GC (Allocation Failure)  142781K->40461K(249344K), 0.0043426 secs]
Heap after GC invocations=101 (full 0):
 par new generation   total 115200K, used 1649K [0x00000000f0000000, 0x00000000f7d00000, 0x00000000f7d00000)
  eden space 102400K,   0% used [0x00000000f0000000, 0x00000000f0000000, 0x00000000f6400000)
  from space 12800K,  12% used [0x00000000f7080000, 0x00000000f721c4d8, 0x00000000f7d00000)
  to   space 12800K,   0% used [0x00000000f6400000, 0x00000000f6400000, 0x00000000f7080000)
 concurrent mark-sweep generation total 134144K, used 38811K [0x00000000f7d00000, 0x0000000100000000, 0x0000000100000000)
 Metaspace       used 64985K, capacity 69670K, committed 69888K, reserved 1110016K
  class space    used 8388K, capacity 9180K, committed 9216K, reserved 1048576K
}
{Heap before GC invocations=101 (full 0):
 par new generation   total 115200K, used 104049K [0x00000000f0000000, 0x00000000f7d00000, 0x00000000f7d00000)
  eden space 102400K, 100% used [0x00000000f0000000, 0x00000000f6400000, 0x00000000f6400000)
  from space 12800K,  12% used [0x00000000f7080000, 0x00000000f721c4d8, 0x00000000f7d00000)
  to   space 12800K,   0% used [0x00000000f6400000, 0x00000000f6400000, 0x00000000f7080000)
 concurrent mark-sweep generation total 134144K, used 38811K [0x00000000f7d00000, 0x0000000100000000, 0x0000000100000000)
 Metaspace       used 64985K, capacity 69670K, committed 69888K, reserved 1110016K
  class space    used 8388K, capacity 9180K, committed 9216K, reserved 1048576K
2022-09-12T02:02:36.259+0800: 131.037: [GC (Allocation Failure)  142861K->40174K(249344K), 0.0042218 secs]
Heap after GC invocations=102 (full 0):
 par new generation   total 115200K, used 1352K [0x00000000f0000000, 0x00000000f7d00000, 0x00000000f7d00000)
  eden space 102400K,   0% used [0x00000000f0000000, 0x00000000f0000000, 0x00000000f6400000)
  from space 12800K,  10% used [0x00000000f6400000, 0x00000000f6552268, 0x00000000f7080000)
  to   space 12800K,   0% used [0x00000000f7080000, 0x00000000f7080000, 0x00000000f7d00000)
 concurrent mark-sweep generation total 134144K, used 38822K [0x00000000f7d00000, 0x0000000100000000, 0x0000000100000000)
 Metaspace       used 64985K, capacity 69670K, committed 69888K, reserved 1110016K
  class space    used 8388K, capacity 9180K, committed 9216K, reserved 1048576K
}
{Heap before GC invocations=102 (full 0):
 par new generation   total 115200K, used 103752K [0x00000000f0000000, 0x00000000f7d00000, 0x00000000f7d00000)
  eden space 102400K, 100% used [0x00000000f0000000, 0x00000000f6400000, 0x00000000f6400000)
  from space 12800K,  10% used [0x00000000f6400000, 0x00000000f6552268, 0x00000000f7080000)
  to   space 12800K,   0% used [0x00000000f7080000, 0x00000000f7080000, 0x00000000f7d00000)
 concurrent mark-sweep generation total 134144K, used 38822K [0x00000000f7d00000, 0x0000000100000000, 0x0000000100000000)
 Metaspace       used 64985K, capacity 69670K, committed 69888K, reserved 1110016K
  class space    used 8388K, capacity 9180K, committed 9216K, reserved 1048576K
2022-09-12T02:02:36.608+0800: 131.385: [GC (Allocation Failure)  142574K->40411K(249344K), 0.0043210 secs]
Heap after GC invocations=103 (full 0):
 par new generation   total 115200K, used 1566K [0x00000000f0000000, 0x00000000f7d00000, 0x00000000f7d00000)
  eden space 102400K,   0% used [0x00000000f0000000, 0x00000000f0000000, 0x00000000f6400000)
  from space 12800K,  12% used [0x00000000f7080000, 0x00000000f72078c8, 0x00000000f7d00000)
  to   space 12800K,   0% used [0x00000000f6400000, 0x00000000f6400000, 0x00000000f7080000)
 concurrent mark-sweep generation total 134144K, used 38845K [0x00000000f7d00000, 0x0000000100000000, 0x0000000100000000)
 Metaspace       used 64985K, capacity 69670K, committed 69888K, reserved 1110016K
  class space    used 8388K, capacity 9180K, committed 9216K, reserved 1048576K
}
{Heap before GC invocations=103 (full 0):
 par new generation   total 115200K, used 103966K [0x00000000f0000000, 0x00000000f7d00000, 0x00000000f7d00000)
  eden space 102400K, 100% used [0x00000000f0000000, 0x00000000f6400000, 0x00000000f6400000)
  from space 12800K,  12% used [0x00000000f7080000, 0x00000000f72078c8, 0x00000000f7d00000)
  to   space 12800K,   0% used [0x00000000f6400000, 0x00000000f6400000, 0x00000000f7080000)
 concurrent mark-sweep generation total 134144K, used 38845K [0x00000000f7d00000, 0x0000000100000000, 0x0000000100000000)
 Metaspace       used 64985K, capacity 69670K, committed 69888K, reserved 1110016K
  class space    used 8388K, capacity 9180K, committed 9216K, reserved 1048576K
2022-09-12T02:02:36.956+0800: 131.733: [GC (Allocation Failure)  142811K->40540K(249344K), 0.0041801 secs]
Heap after GC invocations=104 (full 0):
 par new generation   total 115200K, used 1682K [0x00000000f0000000, 0x00000000f7d00000, 0x00000000f7d00000)
  eden space 102400K,   0% used [0x00000000f0000000, 0x00000000f0000000, 0x00000000f6400000)
  from space 12800K,  13% used [0x00000000f6400000, 0x00000000f65a4a10, 0x00000000f7080000)
  to   space 12800K,   0% used [0x00000000f7080000, 0x00000000f7080000, 0x00000000f7d00000)
 concurrent mark-sweep generation total 134144K, used 38857K [0x00000000f7d00000, 0x0000000100000000, 0x0000000100000000)
 Metaspace       used 64985K, capacity 69670K, committed 69888K, reserved 1110016K
  class space    used 8388K, capacity 9180K, committed 9216K, reserved 1048576K
}
{Heap before GC invocations=104 (full 0):
 par new generation   total 115200K, used 104082K [0x00000000f0000000, 0x00000000f7d00000, 0x00000000f7d00000)
  eden space 102400K, 100% used [0x00000000f0000000, 0x00000000f6400000, 0x00000000f6400000)
  from space 12800K,  13% used [0x00000000f6400000, 0x00000000f65a4a10, 0x00000000f7080000)
  to   space 12800K,   0% used [0x00000000f7080000, 0x00000000f7080000, 0x00000000f7d00000)
 concurrent mark-sweep generation total 134144K, used 38857K [0x00000000f7d00000, 0x0000000100000000, 0x0000000100000000)
 Metaspace       used 64985K, capacity 69670K, committed 69888K, reserved 1110016K
  class space    used 8388K, capacity 9180K, committed 9216K, reserved 1048576K
2022-09-12T02:02:37.307+0800: 132.085: [GC (Allocation Failure)  142940K->40078K(249344K), 0.0042142 secs]
Heap after GC invocations=105 (full 0):
 par new generation   total 115200K, used 1203K [0x00000000f0000000, 0x00000000f7d00000, 0x00000000f7d00000)
  eden space 102400K,   0% used [0x00000000f0000000, 0x00000000f0000000, 0x00000000f6400000)
  from space 12800K,   9% used [0x00000000f7080000, 0x00000000f71ace40, 0x00000000f7d00000)
  to   space 12800K,   0% used [0x00000000f6400000, 0x00000000f6400000, 0x00000000f7080000)
 concurrent mark-sweep generation total 134144K, used 38874K [0x00000000f7d00000, 0x0000000100000000, 0x0000000100000000)
 Metaspace       used 64985K, capacity 69670K, committed 69888K, reserved 1110016K
  class space    used 8388K, capacity 9180K, committed 9216K, reserved 1048576K
}
{Heap before GC invocations=105 (full 0):
 par new generation   total 115200K, used 103603K [0x00000000f0000000, 0x00000000f7d00000, 0x00000000f7d00000)
  eden space 102400K, 100% used [0x00000000f0000000, 0x00000000f6400000, 0x00000000f6400000)
  from space 12800K,   9% used [0x00000000f7080000, 0x00000000f71ace40, 0x00000000f7d00000)
  to   space 12800K,   0% used [0x00000000f6400000, 0x00000000f6400000, 0x00000000f7080000)
 concurrent mark-sweep generation total 134144K, used 38874K [0x00000000f7d00000, 0x0000000100000000, 0x0000000100000000)
 Metaspace       used 64985K, capacity 69670K, committed 69888K, reserved 1110016K
  class space    used 8388K, capacity 9180K, committed 9216K, reserved 1048576K
2022-09-12T02:02:37.656+0800: 132.434: [GC (Allocation Failure)  142478K->40433K(249344K), 0.0041637 secs]
Heap after GC invocations=106 (full 0):
 par new generation   total 115200K, used 1534K [0x00000000f0000000, 0x00000000f7d00000, 0x00000000f7d00000)
  eden space 102400K,   0% used [0x00000000f0000000, 0x00000000f0000000, 0x00000000f6400000)
  from space 12800K,  11% used [0x00000000f6400000, 0x00000000f657f940, 0x00000000f7080000)
  to   space 12800K,   0% used [0x00000000f7080000, 0x00000000f7080000, 0x00000000f7d00000)
 concurrent mark-sweep generation total 134144K, used 38898K [0x00000000f7d00000, 0x0000000100000000, 0x0000000100000000)
 Metaspace       used 64985K, capacity 69670K, committed 69888K, reserved 1110016K
  class space    used 8388K, capacity 9180K, committed 9216K, reserved 1048576K
}
{Heap before GC invocations=106 (full 0):
 par new generation   total 115200K, used 103934K [0x00000000f0000000, 0x00000000f7d00000, 0x00000000f7d00000)
  eden space 102400K, 100% used [0x00000000f0000000, 0x00000000f6400000, 0x00000000f6400000)
  from space 12800K,  11% used [0x00000000f6400000, 0x00000000f657f940, 0x00000000f7080000)
  to   space 12800K,   0% used [0x00000000f7080000, 0x00000000f7080000, 0x00000000f7d00000)
 concurrent mark-sweep generation total 134144K, used 38898K [0x00000000f7d00000, 0x0000000100000000, 0x0000000100000000)
 Metaspace       used 64985K, capacity 69670K, committed 69888K, reserved 1110016K
  class space    used 8388K, capacity 9180K, committed 9216K, reserved 1048576K
2022-09-12T02:02:38.005+0800: 132.782: [GC (Allocation Failure)  142833K->40539K(249344K), 0.0041657 secs]
Heap after GC invocations=107 (full 0):
 par new generation   total 115200K, used 1625K [0x00000000f0000000, 0x00000000f7d00000, 0x00000000f7d00000)
  eden space 102400K,   0% used [0x00000000f0000000, 0x00000000f0000000, 0x00000000f6400000)
  from space 12800K,  12% used [0x00000000f7080000, 0x00000000f7216498, 0x00000000f7d00000)
  to   space 12800K,   0% used [0x00000000f6400000, 0x00000000f6400000, 0x00000000f7080000)
 concurrent mark-sweep generation total 134144K, used 38914K [0x00000000f7d00000, 0x0000000100000000, 0x0000000100000000)
 Metaspace       used 64985K, capacity 69670K, committed 69888K, reserved 1110016K
  class space    used 8388K, capacity 9180K, committed 9216K, reserved 1048576K
}
{Heap before GC invocations=107 (full 0):
 par new generation   total 115200K, used 104025K [0x00000000f0000000, 0x00000000f7d00000, 0x00000000f7d00000)
  eden space 102400K, 100% used [0x00000000f0000000, 0x00000000f6400000, 0x00000000f6400000)
  from space 12800K,  12% used [0x00000000f7080000, 0x00000000f7216498, 0x00000000f7d00000)
  to   space 12800K,   0% used [0x00000000f6400000, 0x00000000f6400000, 0x00000000f7080000)
 concurrent mark-sweep generation total 134144K, used 38914K [0x00000000f7d00000, 0x0000000100000000, 0x0000000100000000)
 Metaspace       used 64985K, capacity 69670K, committed 69888K, reserved 1110016K
  class space    used 8388K, capacity 9180K, committed 9216K, reserved 1048576K
2022-09-12T02:02:38.354+0800: 133.131: [GC (Allocation Failure)  142939K->40097K(249344K), 0.0047421 secs]
Heap after GC invocations=108 (full 0):
 par new generation   total 115200K, used 1167K [0x00000000f0000000, 0x00000000f7d00000, 0x00000000f7d00000)
  eden space 102400K,   0% used [0x00000000f0000000, 0x00000000f0000000, 0x00000000f6400000)
  from space 12800K,   9% used [0x00000000f6400000, 0x00000000f6523f80, 0x00000000f7080000)
  to   space 12800K,   0% used [0x00000000f7080000, 0x00000000f7080000, 0x00000000f7d00000)
 concurrent mark-sweep generation total 134144K, used 38929K [0x00000000f7d00000, 0x0000000100000000, 0x0000000100000000)
 Metaspace       used 64985K, capacity 69670K, committed 69888K, reserved 1110016K
  class space    used 8388K, capacity 9180K, committed 9216K, reserved 1048576K
}
{Heap before GC invocations=108 (full 0):
 par new generation   total 115200K, used 103567K [0x00000000f0000000, 0x00000000f7d00000, 0x00000000f7d00000)
  eden space 102400K, 100% used [0x00000000f0000000, 0x00000000f6400000, 0x00000000f6400000)
  from space 12800K,   9% used [0x00000000f6400000, 0x00000000f6523f80, 0x00000000f7080000)
  to   space 12800K,   0% used [0x00000000f7080000, 0x00000000f7080000, 0x00000000f7d00000)
 concurrent mark-sweep generation total 134144K, used 38929K [0x00000000f7d00000, 0x0000000100000000, 0x0000000100000000)
 Metaspace       used 64985K, capacity 69670K, committed 69888K, reserved 1110016K
  class space    used 8388K, capacity 9180K, committed 9216K, reserved 1048576K
2022-09-12T02:02:38.703+0800: 133.480: [GC (Allocation Failure)  142497K->40456K(249344K), 0.0042715 secs]
Heap after GC invocations=109 (full 0):
 par new generation   total 115200K, used 1517K [0x00000000f0000000, 0x00000000f7d00000, 0x00000000f7d00000)
  eden space 102400K,   0% used [0x00000000f0000000, 0x00000000f0000000, 0x00000000f6400000)
  from space 12800K,  11% used [0x00000000f7080000, 0x00000000f71fb420, 0x00000000f7d00000)
  to   space 12800K,   0% used [0x00000000f6400000, 0x00000000f6400000, 0x00000000f7080000)
 concurrent mark-sweep generation total 134144K, used 38939K [0x00000000f7d00000, 0x0000000100000000, 0x0000000100000000)
 Metaspace       used 64985K, capacity 69670K, committed 69888K, reserved 1110016K
  class space    used 8388K, capacity 9180K, committed 9216K, reserved 1048576K
}
{Heap before GC invocations=109 (full 0):
 par new generation   total 115200K, used 103917K [0x00000000f0000000, 0x00000000f7d00000, 0x00000000f7d00000)
  eden space 102400K, 100% used [0x00000000f0000000, 0x00000000f6400000, 0x00000000f6400000)
  from space 12800K,  11% used [0x00000000f7080000, 0x00000000f71fb420, 0x00000000f7d00000)
  to   space 12800K,   0% used [0x00000000f6400000, 0x00000000f6400000, 0x00000000f7080000)
 concurrent mark-sweep generation total 134144K, used 38939K [0x00000000f7d00000, 0x0000000100000000, 0x0000000100000000)
 Metaspace       used 64985K, capacity 69670K, committed 69888K, reserved 1110016K
  class space    used 8388K, capacity 9180K, committed 9216K, reserved 1048576K
2022-09-12T02:02:39.052+0800: 133.829: [GC (Allocation Failure)  142856K->40632K(249344K), 0.0042067 secs]
Heap after GC invocations=110 (full 0):
 par new generation   total 115200K, used 1678K [0x00000000f0000000, 0x00000000f7d00000, 0x00000000f7d00000)
  eden space 102400K,   0% used [0x00000000f0000000, 0x00000000f0000000, 0x00000000f6400000)
  from space 12800K,  13% used [0x00000000f6400000, 0x00000000f65a3a88, 0x00000000f7080000)
  to   space 12800K,   0% used [0x00000000f7080000, 0x00000000f7080000, 0x00000000f7d00000)
 concurrent mark-sweep generation total 134144K, used 38953K [0x00000000f7d00000, 0x0000000100000000, 0x0000000100000000)
 Metaspace       used 64985K, capacity 69670K, committed 69888K, reserved 1110016K
  class space    used 8388K, capacity 9180K, committed 9216K, reserved 1048576K
}
{Heap before GC invocations=110 (full 0):
 par new generation   total 115200K, used 104078K [0x00000000f0000000, 0x00000000f7d00000, 0x00000000f7d00000)
  eden space 102400K, 100% used [0x00000000f0000000, 0x00000000f6400000, 0x00000000f6400000)
  from space 12800K,  13% used [0x00000000f6400000, 0x00000000f65a3a88, 0x00000000f7080000)
  to   space 12800K,   0% used [0x00000000f7080000, 0x00000000f7080000, 0x00000000f7d00000)
 concurrent mark-sweep generation total 134144K, used 38953K [0x00000000f7d00000, 0x0000000100000000, 0x0000000100000000)
 Metaspace       used 64985K, capacity 69670K, committed 69888K, reserved 1110016K
  class space    used 8388K, capacity 9180K, committed 9216K, reserved 1048576K
2022-09-12T02:02:39.401+0800: 134.179: [GC (Allocation Failure)  143032K->40180K(249344K), 0.0041817 secs]
Heap after GC invocations=111 (full 0):
 par new generation   total 115200K, used 1207K [0x00000000f0000000, 0x00000000f7d00000, 0x00000000f7d00000)
  eden space 102400K,   0% used [0x00000000f0000000, 0x00000000f0000000, 0x00000000f6400000)
  from space 12800K,   9% used [0x00000000f7080000, 0x00000000f71ade40, 0x00000000f7d00000)
  to   space 12800K,   0% used [0x00000000f6400000, 0x00000000f6400000, 0x00000000f7080000)
 concurrent mark-sweep generation total 134144K, used 38972K [0x00000000f7d00000, 0x0000000100000000, 0x0000000100000000)
 Metaspace       used 64985K, capacity 69670K, committed 69888K, reserved 1110016K
  class space    used 8388K, capacity 9180K, committed 9216K, reserved 1048576K
}
{Heap before GC invocations=111 (full 0):
 par new generation   total 115200K, used 103607K [0x00000000f0000000, 0x00000000f7d00000, 0x00000000f7d00000)
  eden space 102400K, 100% used [0x00000000f0000000, 0x00000000f6400000, 0x00000000f6400000)
  from space 12800K,   9% used [0x00000000f7080000, 0x00000000f71ade40, 0x00000000f7d00000)
  to   space 12800K,   0% used [0x00000000f6400000, 0x00000000f6400000, 0x00000000f7080000)
 concurrent mark-sweep generation total 134144K, used 38972K [0x00000000f7d00000, 0x0000000100000000, 0x0000000100000000)
 Metaspace       used 64985K, capacity 69670K, committed 69888K, reserved 1110016K
  class space    used 8388K, capacity 9180K, committed 9216K, reserved 1048576K
2022-09-12T02:02:39.750+0800: 134.527: [GC (Allocation Failure)  142580K->40481K(249344K), 0.0041694 secs]
Heap after GC invocations=112 (full 0):
 par new generation   total 115200K, used 1492K [0x00000000f0000000, 0x00000000f7d00000, 0x00000000f7d00000)
  eden space 102400K,   0% used [0x00000000f0000000, 0x00000000f0000000, 0x00000000f6400000)
  from space 12800K,  11% used [0x00000000f6400000, 0x00000000f6575220, 0x00000000f7080000)
  to   space 12800K,   0% used [0x00000000f7080000, 0x00000000f7080000, 0x00000000f7d00000)
 concurrent mark-sweep generation total 134144K, used 38989K [0x00000000f7d00000, 0x0000000100000000, 0x0000000100000000)
 Metaspace       used 64985K, capacity 69670K, committed 69888K, reserved 1110016K
  class space    used 8388K, capacity 9180K, committed 9216K, reserved 1048576K
}
{Heap before GC invocations=112 (full 0):
 par new generation   total 115200K, used 103892K [0x00000000f0000000, 0x00000000f7d00000, 0x00000000f7d00000)
  eden space 102400K, 100% used [0x00000000f0000000, 0x00000000f6400000, 0x00000000f6400000)
  from space 12800K,  11% used [0x00000000f6400000, 0x00000000f6575220, 0x00000000f7080000)
  to   space 12800K,   0% used [0x00000000f7080000, 0x00000000f7080000, 0x00000000f7d00000)
 concurrent mark-sweep generation total 134144K, used 38989K [0x00000000f7d00000, 0x0000000100000000, 0x0000000100000000)
 Metaspace       used 64985K, capacity 69670K, committed 69888K, reserved 1110016K
  class space    used 8388K, capacity 9180K, committed 9216K, reserved 1048576K
2022-09-12T02:02:40.099+0800: 134.876: [GC (Allocation Failure)  142881K->40657K(249344K), 0.0043912 secs]
Heap after GC invocations=113 (full 0):
 par new generation   total 115200K, used 1655K [0x00000000f0000000, 0x00000000f7d00000, 0x00000000f7d00000)
  eden space 102400K,   0% used [0x00000000f0000000, 0x00000000f0000000, 0x00000000f6400000)
  from space 12800K,  12% used [0x00000000f7080000, 0x00000000f721dce8, 0x00000000f7d00000)
  to   space 12800K,   0% used [0x00000000f6400000, 0x00000000f6400000, 0x00000000f7080000)
 concurrent mark-sweep generation total 134144K, used 39002K [0x00000000f7d00000, 0x0000000100000000, 0x0000000100000000)
 Metaspace       used 64985K, capacity 69670K, committed 69888K, reserved 1110016K
  class space    used 8388K, capacity 9180K, committed 9216K, reserved 1048576K
}
{Heap before GC invocations=113 (full 0):
 par new generation   total 115200K, used 104055K [0x00000000f0000000, 0x00000000f7d00000, 0x00000000f7d00000)
  eden space 102400K, 100% used [0x00000000f0000000, 0x00000000f6400000, 0x00000000f6400000)
  from space 12800K,  12% used [0x00000000f7080000, 0x00000000f721dce8, 0x00000000f7d00000)
  to   space 12800K,   0% used [0x00000000f6400000, 0x00000000f6400000, 0x00000000f7080000)
 concurrent mark-sweep generation total 134144K, used 39002K [0x00000000f7d00000, 0x0000000100000000, 0x0000000100000000)
 Metaspace       used 64985K, capacity 69670K, committed 69888K, reserved 1110016K
  class space    used 8388K, capacity 9180K, committed 9216K, reserved 1048576K
2022-09-12T02:02:40.448+0800: 135.225: [GC (Allocation Failure)  143057K->40229K(249344K), 0.0042825 secs]
Heap after GC invocations=114 (full 0):
 par new generation   total 115200K, used 1206K [0x00000000f0000000, 0x00000000f7d00000, 0x00000000f7d00000)
  eden space 102400K,   0% used [0x00000000f0000000, 0x00000000f0000000, 0x00000000f6400000)
  from space 12800K,   9% used [0x00000000f6400000, 0x00000000f652dbc0, 0x00000000f7080000)
  to   space 12800K,   0% used [0x00000000f7080000, 0x00000000f7080000, 0x00000000f7d00000)
 concurrent mark-sweep generation total 134144K, used 39022K [0x00000000f7d00000, 0x0000000100000000, 0x0000000100000000)
 Metaspace       used 64985K, capacity 69670K, committed 69888K, reserved 1110016K
  class space    used 8388K, capacity 9180K, committed 9216K, reserved 1048576K
}
{Heap before GC invocations=114 (full 0):
 par new generation   total 115200K, used 103606K [0x00000000f0000000, 0x00000000f7d00000, 0x00000000f7d00000)
  eden space 102400K, 100% used [0x00000000f0000000, 0x00000000f6400000, 0x00000000f6400000)
  from space 12800K,   9% used [0x00000000f6400000, 0x00000000f652dbc0, 0x00000000f7080000)
  to   space 12800K,   0% used [0x00000000f7080000, 0x00000000f7080000, 0x00000000f7d00000)
 concurrent mark-sweep generation total 134144K, used 39022K [0x00000000f7d00000, 0x0000000100000000, 0x0000000100000000)
 Metaspace       used 64985K, capacity 69670K, committed 69888K, reserved 1110016K
  class space    used 8388K, capacity 9180K, committed 9216K, reserved 1048576K
2022-09-12T02:02:40.796+0800: 135.573: [GC (Allocation Failure)  142629K->40561K(249344K), 0.0042492 secs]
Heap after GC invocations=115 (full 0):
 par new generation   total 115200K, used 1521K [0x00000000f0000000, 0x00000000f7d00000, 0x00000000f7d00000)
  eden space 102400K,   0% used [0x00000000f0000000, 0x00000000f0000000, 0x00000000f6400000)
  from space 12800K,  11% used [0x00000000f7080000, 0x00000000f71fc418, 0x00000000f7d00000)
  to   space 12800K,   0% used [0x00000000f6400000, 0x00000000f6400000, 0x00000000f7080000)
 concurrent mark-sweep generation total 134144K, used 39040K [0x00000000f7d00000, 0x0000000100000000, 0x0000000100000000)
 Metaspace       used 64985K, capacity 69670K, committed 69888K, reserved 1110016K
  class space    used 8388K, capacity 9180K, committed 9216K, reserved 1048576K
}
{Heap before GC invocations=115 (full 0):
 par new generation   total 115200K, used 103921K [0x00000000f0000000, 0x00000000f7d00000, 0x00000000f7d00000)
  eden space 102400K, 100% used [0x00000000f0000000, 0x00000000f6400000, 0x00000000f6400000)
  from space 12800K,  11% used [0x00000000f7080000, 0x00000000f71fc418, 0x00000000f7d00000)
  to   space 12800K,   0% used [0x00000000f6400000, 0x00000000f6400000, 0x00000000f7080000)
 concurrent mark-sweep generation total 134144K, used 39040K [0x00000000f7d00000, 0x0000000100000000, 0x0000000100000000)
 Metaspace       used 64987K, capacity 69670K, committed 69888K, reserved 1110016K
  class space    used 8388K, capacity 9180K, committed 9216K, reserved 1048576K
2022-09-12T02:02:41.147+0800: 135.924: [GC (Allocation Failure)  142961K->40706K(249344K), 0.0041408 secs]
Heap after GC invocations=116 (full 0):
 par new generation   total 115200K, used 1648K [0x00000000f0000000, 0x00000000f7d00000, 0x00000000f7d00000)
  eden space 102400K,   0% used [0x00000000f0000000, 0x00000000f0000000, 0x00000000f6400000)
  from space 12800K,  12% used [0x00000000f6400000, 0x00000000f659c008, 0x00000000f7080000)
  to   space 12800K,   0% used [0x00000000f7080000, 0x00000000f7080000, 0x00000000f7d00000)
 concurrent mark-sweep generation total 134144K, used 39058K [0x00000000f7d00000, 0x0000000100000000, 0x0000000100000000)
 Metaspace       used 64987K, capacity 69670K, committed 69888K, reserved 1110016K
  class space    used 8388K, capacity 9180K, committed 9216K, reserved 1048576K
}
{Heap before GC invocations=116 (full 0):
 par new generation   total 115200K, used 104048K [0x00000000f0000000, 0x00000000f7d00000, 0x00000000f7d00000)
  eden space 102400K, 100% used [0x00000000f0000000, 0x00000000f6400000, 0x00000000f6400000)
  from space 12800K,  12% used [0x00000000f6400000, 0x00000000f659c008, 0x00000000f7080000)
  to   space 12800K,   0% used [0x00000000f7080000, 0x00000000f7080000, 0x00000000f7d00000)
 concurrent mark-sweep generation total 134144K, used 39058K [0x00000000f7d00000, 0x0000000100000000, 0x0000000100000000)
 Metaspace       used 64996K, capacity 69670K, committed 69888K, reserved 1110016K
  class space    used 8388K, capacity 9180K, committed 9216K, reserved 1048576K
2022-09-12T02:02:41.497+0800: 136.274: [GC (Allocation Failure)  143106K->40397K(249344K), 0.0041425 secs]
Heap after GC invocations=117 (full 0):
 par new generation   total 115200K, used 1330K [0x00000000f0000000, 0x00000000f7d00000, 0x00000000f7d00000)
  eden space 102400K,   0% used [0x00000000f0000000, 0x00000000f0000000, 0x00000000f6400000)
  from space 12800K,  10% used [0x00000000f7080000, 0x00000000f71cca18, 0x00000000f7d00000)
  to   space 12800K,   0% used [0x00000000f6400000, 0x00000000f6400000, 0x00000000f7080000)
 concurrent mark-sweep generation total 134144K, used 39067K [0x00000000f7d00000, 0x0000000100000000, 0x0000000100000000)
 Metaspace       used 64996K, capacity 69670K, committed 69888K, reserved 1110016K
  class space    used 8388K, capacity 9180K, committed 9216K, reserved 1048576K
}
{Heap before GC invocations=117 (full 0):
 par new generation   total 115200K, used 103730K [0x00000000f0000000, 0x00000000f7d00000, 0x00000000f7d00000)
  eden space 102400K, 100% used [0x00000000f0000000, 0x00000000f6400000, 0x00000000f6400000)
  from space 12800K,  10% used [0x00000000f7080000, 0x00000000f71cca18, 0x00000000f7d00000)
  to   space 12800K,   0% used [0x00000000f6400000, 0x00000000f6400000, 0x00000000f7080000)
 concurrent mark-sweep generation total 134144K, used 39067K [0x00000000f7d00000, 0x0000000100000000, 0x0000000100000000)
 Metaspace       used 64996K, capacity 69670K, committed 69888K, reserved 1110016K
  class space    used 8388K, capacity 9180K, committed 9216K, reserved 1048576K
2022-09-12T02:02:41.849+0800: 136.626: [GC (Allocation Failure)  142797K->40625K(249344K), 0.0041203 secs]
Heap after GC invocations=118 (full 0):
 par new generation   total 115200K, used 1540K [0x00000000f0000000, 0x00000000f7d00000, 0x00000000f7d00000)
  eden space 102400K,   0% used [0x00000000f0000000, 0x00000000f0000000, 0x00000000f6400000)
  from space 12800K,  12% used [0x00000000f6400000, 0x00000000f6581070, 0x00000000f7080000)
  to   space 12800K,   0% used [0x00000000f7080000, 0x00000000f7080000, 0x00000000f7d00000)
 concurrent mark-sweep generation total 134144K, used 39085K [0x00000000f7d00000, 0x0000000100000000, 0x0000000100000000)
 Metaspace       used 64996K, capacity 69670K, committed 69888K, reserved 1110016K
  class space    used 8388K, capacity 9180K, committed 9216K, reserved 1048576K
}
{Heap before GC invocations=118 (full 0):
 par new generation   total 115200K, used 103940K [0x00000000f0000000, 0x00000000f7d00000, 0x00000000f7d00000)
  eden space 102400K, 100% used [0x00000000f0000000, 0x00000000f6400000, 0x00000000f6400000)
  from space 12800K,  12% used [0x00000000f6400000, 0x00000000f6581070, 0x00000000f7080000)
  to   space 12800K,   0% used [0x00000000f7080000, 0x00000000f7080000, 0x00000000f7d00000)
 concurrent mark-sweep generation total 134144K, used 39085K [0x00000000f7d00000, 0x0000000100000000, 0x0000000100000000)
 Metaspace       used 64996K, capacity 69670K, committed 69888K, reserved 1110016K
  class space    used 8388K, capacity 9180K, committed 9216K, reserved 1048576K
2022-09-12T02:02:42.202+0800: 136.979: [GC (Allocation Failure)  143025K->40756K(249344K), 0.0041298 secs]
Heap after GC invocations=119 (full 0):
 par new generation   total 115200K, used 1656K [0x00000000f0000000, 0x00000000f7d00000, 0x00000000f7d00000)
  eden space 102400K,   0% used [0x00000000f0000000, 0x00000000f0000000, 0x00000000f6400000)
  from space 12800K,  12% used [0x00000000f7080000, 0x00000000f721e3b0, 0x00000000f7d00000)
  to   space 12800K,   0% used [0x00000000f6400000, 0x00000000f6400000, 0x00000000f7080000)
 concurrent mark-sweep generation total 134144K, used 39099K [0x00000000f7d00000, 0x0000000100000000, 0x0000000100000000)
 Metaspace       used 64996K, capacity 69670K, committed 69888K, reserved 1110016K
  class space    used 8388K, capacity 9180K, committed 9216K, reserved 1048576K
}
{Heap before GC invocations=119 (full 0):
 par new generation   total 115200K, used 104056K [0x00000000f0000000, 0x00000000f7d00000, 0x00000000f7d00000)
  eden space 102400K, 100% used [0x00000000f0000000, 0x00000000f6400000, 0x00000000f6400000)
  from space 12800K,  12% used [0x00000000f7080000, 0x00000000f721e3b0, 0x00000000f7d00000)
  to   space 12800K,   0% used [0x00000000f6400000, 0x00000000f6400000, 0x00000000f7080000)
 concurrent mark-sweep generation total 134144K, used 39099K [0x00000000f7d00000, 0x0000000100000000, 0x0000000100000000)
 Metaspace       used 64996K, capacity 69670K, committed 69888K, reserved 1110016K
  class space    used 8388K, capacity 9180K, committed 9216K, reserved 1048576K
2022-09-12T02:02:42.554+0800: 137.331: [GC (Allocation Failure)  143156K->40470K(249344K), 0.0042604 secs]
Heap after GC invocations=120 (full 0):
 par new generation   total 115200K, used 1354K [0x00000000f0000000, 0x00000000f7d00000, 0x00000000f7d00000)
  eden space 102400K,   0% used [0x00000000f0000000, 0x00000000f0000000, 0x00000000f6400000)
  from space 12800K,  10% used [0x00000000f6400000, 0x00000000f6552a00, 0x00000000f7080000)
  to   space 12800K,   0% used [0x00000000f7080000, 0x00000000f7080000, 0x00000000f7d00000)
 concurrent mark-sweep generation total 134144K, used 39115K [0x00000000f7d00000, 0x0000000100000000, 0x0000000100000000)
 Metaspace       used 64996K, capacity 69670K, committed 69888K, reserved 1110016K
  class space    used 8388K, capacity 9180K, committed 9216K, reserved 1048576K
}
{Heap before GC invocations=120 (full 0):
 par new generation   total 115200K, used 103754K [0x00000000f0000000, 0x00000000f7d00000, 0x00000000f7d00000)
  eden space 102400K, 100% used [0x00000000f0000000, 0x00000000f6400000, 0x00000000f6400000)
  from space 12800K,  10% used [0x00000000f6400000, 0x00000000f6552a00, 0x00000000f7080000)
  to   space 12800K,   0% used [0x00000000f7080000, 0x00000000f7080000, 0x00000000f7d00000)
 concurrent mark-sweep generation total 134144K, used 39115K [0x00000000f7d00000, 0x0000000100000000, 0x0000000100000000)
 Metaspace       used 64996K, capacity 69670K, committed 69888K, reserved 1110016K
  class space    used 8388K, capacity 9180K, committed 9216K, reserved 1048576K
2022-09-12T02:02:42.904+0800: 137.681: [GC (Allocation Failure)  142870K->40672K(249344K), 0.0041946 secs]
Heap after GC invocations=121 (full 0):
 par new generation   total 115200K, used 1537K [0x00000000f0000000, 0x00000000f7d00000, 0x00000000f7d00000)
  eden space 102400K,   0% used [0x00000000f0000000, 0x00000000f0000000, 0x00000000f6400000)
  from space 12800K,  12% used [0x00000000f7080000, 0x00000000f7200548, 0x00000000f7d00000)
  to   space 12800K,   0% used [0x00000000f6400000, 0x00000000f6400000, 0x00000000f7080000)
 concurrent mark-sweep generation total 134144K, used 39134K [0x00000000f7d00000, 0x0000000100000000, 0x0000000100000000)
 Metaspace       used 64996K, capacity 69670K, committed 69888K, reserved 1110016K
  class space    used 8388K, capacity 9180K, committed 9216K, reserved 1048576K
}
{Heap before GC invocations=121 (full 0):
 par new generation   total 115200K, used 103937K [0x00000000f0000000, 0x00000000f7d00000, 0x00000000f7d00000)
  eden space 102400K, 100% used [0x00000000f0000000, 0x00000000f6400000, 0x00000000f6400000)
  from space 12800K,  12% used [0x00000000f7080000, 0x00000000f7200548, 0x00000000f7d00000)
  to   space 12800K,   0% used [0x00000000f6400000, 0x00000000f6400000, 0x00000000f7080000)
 concurrent mark-sweep generation total 134144K, used 39134K [0x00000000f7d00000, 0x0000000100000000, 0x0000000100000000)
 Metaspace       used 64996K, capacity 69670K, committed 69888K, reserved 1110016K
  class space    used 8388K, capacity 9180K, committed 9216K, reserved 1048576K
2022-09-12T02:02:43.255+0800: 138.032: [GC (Allocation Failure)  143072K->40797K(249344K), 0.0040745 secs]
Heap after GC invocations=122 (full 0):
 par new generation   total 115200K, used 1649K [0x00000000f0000000, 0x00000000f7d00000, 0x00000000f7d00000)
  eden space 102400K,   0% used [0x00000000f0000000, 0x00000000f0000000, 0x00000000f6400000)
  from space 12800K,  12% used [0x00000000f6400000, 0x00000000f659c430, 0x00000000f7080000)
  to   space 12800K,   0% used [0x00000000f7080000, 0x00000000f7080000, 0x00000000f7d00000)
 concurrent mark-sweep generation total 134144K, used 39148K [0x00000000f7d00000, 0x0000000100000000, 0x0000000100000000)
 Metaspace       used 64996K, capacity 69670K, committed 69888K, reserved 1110016K
  class space    used 8388K, capacity 9180K, committed 9216K, reserved 1048576K
}
{Heap before GC invocations=122 (full 0):
 par new generation   total 115200K, used 104049K [0x00000000f0000000, 0x00000000f7d00000, 0x00000000f7d00000)
  eden space 102400K, 100% used [0x00000000f0000000, 0x00000000f6400000, 0x00000000f6400000)
  from space 12800K,  12% used [0x00000000f6400000, 0x00000000f659c430, 0x00000000f7080000)
  to   space 12800K,   0% used [0x00000000f7080000, 0x00000000f7080000, 0x00000000f7d00000)
 concurrent mark-sweep generation total 134144K, used 39148K [0x00000000f7d00000, 0x0000000100000000, 0x0000000100000000)
 Metaspace       used 64996K, capacity 69670K, committed 69888K, reserved 1110016K
  class space    used 8388K, capacity 9180K, committed 9216K, reserved 1048576K
2022-09-12T02:02:43.604+0800: 138.381: [GC (Allocation Failure)  143197K->40511K(249344K), 0.0043085 secs]
Heap after GC invocations=123 (full 0):
 par new generation   total 115200K, used 1340K [0x00000000f0000000, 0x00000000f7d00000, 0x00000000f7d00000)
  eden space 102400K,   0% used [0x00000000f0000000, 0x00000000f0000000, 0x00000000f6400000)
  from space 12800K,  10% used [0x00000000f7080000, 0x00000000f71cf298, 0x00000000f7d00000)
  to   space 12800K,   0% used [0x00000000f6400000, 0x00000000f6400000, 0x00000000f7080000)
 concurrent mark-sweep generation total 134144K, used 39170K [0x00000000f7d00000, 0x0000000100000000, 0x0000000100000000)
 Metaspace       used 64996K, capacity 69670K, committed 69888K, reserved 1110016K
  class space    used 8388K, capacity 9180K, committed 9216K, reserved 1048576K
}
{Heap before GC invocations=123 (full 0):
 par new generation   total 115200K, used 103740K [0x00000000f0000000, 0x00000000f7d00000, 0x00000000f7d00000)
  eden space 102400K, 100% used [0x00000000f0000000, 0x00000000f6400000, 0x00000000f6400000)
  from space 12800K,  10% used [0x00000000f7080000, 0x00000000f71cf298, 0x00000000f7d00000)
  to   space 12800K,   0% used [0x00000000f6400000, 0x00000000f6400000, 0x00000000f7080000)
 concurrent mark-sweep generation total 134144K, used 39170K [0x00000000f7d00000, 0x0000000100000000, 0x0000000100000000)
 Metaspace       used 64996K, capacity 69670K, committed 69888K, reserved 1110016K
  class space    used 8388K, capacity 9180K, committed 9216K, reserved 1048576K
2022-09-12T02:02:43.953+0800: 138.730: [GC (Allocation Failure)  142911K->40716K(249344K), 0.0040939 secs]
Heap after GC invocations=124 (full 0):
 par new generation   total 115200K, used 1528K [0x00000000f0000000, 0x00000000f7d00000, 0x00000000f7d00000)
  eden space 102400K,   0% used [0x00000000f0000000, 0x00000000f0000000, 0x00000000f6400000)
  from space 12800K,  11% used [0x00000000f6400000, 0x00000000f657e3d0, 0x00000000f7080000)
  to   space 12800K,   0% used [0x00000000f7080000, 0x00000000f7080000, 0x00000000f7d00000)
 concurrent mark-sweep generation total 134144K, used 39187K [0x00000000f7d00000, 0x0000000100000000, 0x0000000100000000)
 Metaspace       used 64996K, capacity 69670K, committed 69888K, reserved 1110016K
  class space    used 8388K, capacity 9180K, committed 9216K, reserved 1048576K
}
{Heap before GC invocations=124 (full 0):
 par new generation   total 115200K, used 103928K [0x00000000f0000000, 0x00000000f7d00000, 0x00000000f7d00000)
  eden space 102400K, 100% used [0x00000000f0000000, 0x00000000f6400000, 0x00000000f6400000)
  from space 12800K,  11% used [0x00000000f6400000, 0x00000000f657e3d0, 0x00000000f7080000)
  to   space 12800K,   0% used [0x00000000f7080000, 0x00000000f7080000, 0x00000000f7d00000)
 concurrent mark-sweep generation total 134144K, used 39187K [0x00000000f7d00000, 0x0000000100000000, 0x0000000100000000)
 Metaspace       used 64996K, capacity 69670K, committed 69888K, reserved 1110016K
  class space    used 8388K, capacity 9180K, committed 9216K, reserved 1048576K
2022-09-12T02:02:44.303+0800: 139.080: [GC (Allocation Failure)  143116K->40826K(249344K), 0.0040481 secs]
Heap after GC invocations=125 (full 0):
 par new generation   total 115200K, used 1628K [0x00000000f0000000, 0x00000000f7d00000, 0x00000000f7d00000)
  eden space 102400K,   0% used [0x00000000f0000000, 0x00000000f0000000, 0x00000000f6400000)
  from space 12800K,  12% used [0x00000000f7080000, 0x00000000f7217340, 0x00000000f7d00000)
  to   space 12800K,   0% used [0x00000000f6400000, 0x00000000f6400000, 0x00000000f7080000)
 concurrent mark-sweep generation total 134144K, used 39197K [0x00000000f7d00000, 0x0000000100000000, 0x0000000100000000)
 Metaspace       used 64996K, capacity 69670K, committed 69888K, reserved 1110016K
  class space    used 8388K, capacity 9180K, committed 9216K, reserved 1048576K
}
{Heap before GC invocations=125 (full 0):
 par new generation   total 115200K, used 104028K [0x00000000f0000000, 0x00000000f7d00000, 0x00000000f7d00000)
  eden space 102400K, 100% used [0x00000000f0000000, 0x00000000f6400000, 0x00000000f6400000)
  from space 12800K,  12% used [0x00000000f7080000, 0x00000000f7217340, 0x00000000f7d00000)
  to   space 12800K,   0% used [0x00000000f6400000, 0x00000000f6400000, 0x00000000f7080000)
 concurrent mark-sweep generation total 134144K, used 39197K [0x00000000f7d00000, 0x0000000100000000, 0x0000000100000000)
 Metaspace       used 64996K, capacity 69670K, committed 69888K, reserved 1110016K
  class space    used 8388K, capacity 9180K, committed 9216K, reserved 1048576K
2022-09-12T02:02:44.651+0800: 139.428: [GC (Allocation Failure)  143226K->40397K(249344K), 0.0041897 secs]
Heap after GC invocations=126 (full 0):
 par new generation   total 115200K, used 1177K [0x00000000f0000000, 0x00000000f7d00000, 0x00000000f7d00000)
  eden space 102400K,   0% used [0x00000000f0000000, 0x00000000f0000000, 0x00000000f6400000)
  from space 12800K,   9% used [0x00000000f6400000, 0x00000000f6526700, 0x00000000f7080000)
  to   space 12800K,   0% used [0x00000000f7080000, 0x00000000f7080000, 0x00000000f7d00000)
 concurrent mark-sweep generation total 134144K, used 39219K [0x00000000f7d00000, 0x0000000100000000, 0x0000000100000000)
 Metaspace       used 64996K, capacity 69670K, committed 69888K, reserved 1110016K
  class space    used 8388K, capacity 9180K, committed 9216K, reserved 1048576K
}
{Heap before GC invocations=126 (full 0):
 par new generation   total 115200K, used 103577K [0x00000000f0000000, 0x00000000f7d00000, 0x00000000f7d00000)
  eden space 102400K, 100% used [0x00000000f0000000, 0x00000000f6400000, 0x00000000f6400000)
  from space 12800K,   9% used [0x00000000f6400000, 0x00000000f6526700, 0x00000000f7080000)
  to   space 12800K,   0% used [0x00000000f7080000, 0x00000000f7080000, 0x00000000f7d00000)
 concurrent mark-sweep generation total 134144K, used 39219K [0x00000000f7d00000, 0x0000000100000000, 0x0000000100000000)
 Metaspace       used 64996K, capacity 69670K, committed 69888K, reserved 1110016K
  class space    used 8388K, capacity 9180K, committed 9216K, reserved 1048576K
2022-09-12T02:02:45.003+0800: 139.781: [GC (Allocation Failure)  142797K->40537K(249344K), 0.0038102 secs]
Heap after GC invocations=127 (full 0):
 par new generation   total 115200K, used 1310K [0x00000000f0000000, 0x00000000f7d00000, 0x00000000f7d00000)
  eden space 102400K,   0% used [0x00000000f0000000, 0x00000000f0000000, 0x00000000f6400000)
  from space 12800K,  10% used [0x00000000f7080000, 0x00000000f71c7900, 0x00000000f7d00000)
  to   space 12800K,   0% used [0x00000000f6400000, 0x00000000f6400000, 0x00000000f7080000)
 concurrent mark-sweep generation total 134144K, used 39227K [0x00000000f7d00000, 0x0000000100000000, 0x0000000100000000)
 Metaspace       used 64996K, capacity 69670K, committed 69888K, reserved 1110016K
  class space    used 8388K, capacity 9180K, committed 9216K, reserved 1048576K
}
{Heap before GC invocations=127 (full 0):
 par new generation   total 115200K, used 103710K [0x00000000f0000000, 0x00000000f7d00000, 0x00000000f7d00000)
  eden space 102400K,  99% used [0x00000000f0000000, 0x00000000f63fffe8, 0x00000000f6400000)
  from space 12800K,  10% used [0x00000000f7080000, 0x00000000f71c7900, 0x00000000f7d00000)
  to   space 12800K,   0% used [0x00000000f6400000, 0x00000000f6400000, 0x00000000f7080000)
 concurrent mark-sweep generation total 134144K, used 39227K [0x00000000f7d00000, 0x0000000100000000, 0x0000000100000000)
 Metaspace       used 64996K, capacity 69670K, committed 69888K, reserved 1110016K
  class space    used 8388K, capacity 9180K, committed 9216K, reserved 1048576K
2022-09-12T02:02:45.350+0800: 140.127: [GC (Allocation Failure)  142937K->40485K(249344K), 0.0040943 secs]
Heap after GC invocations=128 (full 0):
 par new generation   total 115200K, used 1240K [0x00000000f0000000, 0x00000000f7d00000, 0x00000000f7d00000)
  eden space 102400K,   0% used [0x00000000f0000000, 0x00000000f0000000, 0x00000000f6400000)
  from space 12800K,   9% used [0x00000000f6400000, 0x00000000f6536050, 0x00000000f7080000)
  to   space 12800K,   0% used [0x00000000f7080000, 0x00000000f7080000, 0x00000000f7d00000)
 concurrent mark-sweep generation total 134144K, used 39245K [0x00000000f7d00000, 0x0000000100000000, 0x0000000100000000)
 Metaspace       used 64996K, capacity 69670K, committed 69888K, reserved 1110016K
  class space    used 8388K, capacity 9180K, committed 9216K, reserved 1048576K
}
{Heap before GC invocations=128 (full 0):
 par new generation   total 115200K, used 103640K [0x00000000f0000000, 0x00000000f7d00000, 0x00000000f7d00000)
  eden space 102400K, 100% used [0x00000000f0000000, 0x00000000f6400000, 0x00000000f6400000)
  from space 12800K,   9% used [0x00000000f6400000, 0x00000000f6536050, 0x00000000f7080000)
  to   space 12800K,   0% used [0x00000000f7080000, 0x00000000f7080000, 0x00000000f7d00000)
 concurrent mark-sweep generation total 134144K, used 39245K [0x00000000f7d00000, 0x0000000100000000, 0x0000000100000000)
 Metaspace       used 65000K, capacity 69670K, committed 69888K, reserved 1110016K
  class space    used 8388K, capacity 9180K, committed 9216K, reserved 1048576K
2022-09-12T02:02:45.698+0800: 140.476: [GC (Allocation Failure)  142885K->40724K(249344K), 0.0041501 secs]
Heap after GC invocations=129 (full 0):
 par new generation   total 115200K, used 1460K [0x00000000f0000000, 0x00000000f7d00000, 0x00000000f7d00000)
  eden space 102400K,   0% used [0x00000000f0000000, 0x00000000f0000000, 0x00000000f6400000)
  from space 12800K,  11% used [0x00000000f7080000, 0x00000000f71ed228, 0x00000000f7d00000)
  to   space 12800K,   0% used [0x00000000f6400000, 0x00000000f6400000, 0x00000000f7080000)
 concurrent mark-sweep generation total 134144K, used 39264K [0x00000000f7d00000, 0x0000000100000000, 0x0000000100000000)
 Metaspace       used 65000K, capacity 69670K, committed 69888K, reserved 1110016K
  class space    used 8388K, capacity 9180K, committed 9216K, reserved 1048576K
}
{Heap before GC invocations=129 (full 0):
 par new generation   total 115200K, used 103860K [0x00000000f0000000, 0x00000000f7d00000, 0x00000000f7d00000)
  eden space 102400K, 100% used [0x00000000f0000000, 0x00000000f6400000, 0x00000000f6400000)
  from space 12800K,  11% used [0x00000000f7080000, 0x00000000f71ed228, 0x00000000f7d00000)
  to   space 12800K,   0% used [0x00000000f6400000, 0x00000000f6400000, 0x00000000f7080000)
 concurrent mark-sweep generation total 134144K, used 39264K [0x00000000f7d00000, 0x0000000100000000, 0x0000000100000000)
 Metaspace       used 65000K, capacity 69670K, committed 69888K, reserved 1110016K
  class space    used 8388K, capacity 9180K, committed 9216K, reserved 1048576K
2022-09-12T02:02:46.048+0800: 140.825: [GC (Allocation Failure)  143124K->40936K(249344K), 0.0042914 secs]
Heap after GC invocations=130 (full 0):
 par new generation   total 115200K, used 1657K [0x00000000f0000000, 0x00000000f7d00000, 0x00000000f7d00000)
  eden space 102400K,   0% used [0x00000000f0000000, 0x00000000f0000000, 0x00000000f6400000)
  from space 12800K,  12% used [0x00000000f6400000, 0x00000000f659e458, 0x00000000f7080000)
  to   space 12800K,   0% used [0x00000000f7080000, 0x00000000f7080000, 0x00000000f7d00000)
 concurrent mark-sweep generation total 134144K, used 39279K [0x00000000f7d00000, 0x0000000100000000, 0x0000000100000000)
 Metaspace       used 65000K, capacity 69670K, committed 69888K, reserved 1110016K
  class space    used 8388K, capacity 9180K, committed 9216K, reserved 1048576K
}
{Heap before GC invocations=130 (full 0):
 par new generation   total 115200K, used 104057K [0x00000000f0000000, 0x00000000f7d00000, 0x00000000f7d00000)
  eden space 102400K, 100% used [0x00000000f0000000, 0x00000000f6400000, 0x00000000f6400000)
  from space 12800K,  12% used [0x00000000f6400000, 0x00000000f659e458, 0x00000000f7080000)
  to   space 12800K,   0% used [0x00000000f7080000, 0x00000000f7080000, 0x00000000f7d00000)
 concurrent mark-sweep generation total 134144K, used 39279K [0x00000000f7d00000, 0x0000000100000000, 0x0000000100000000)
 Metaspace       used 65005K, capacity 69670K, committed 69888K, reserved 1110016K
  class space    used 8388K, capacity 9180K, committed 9216K, reserved 1048576K
2022-09-12T02:02:46.405+0800: 141.182: [GC (Allocation Failure)  143336K->40500K(249344K), 0.0041229 secs]
Heap after GC invocations=131 (full 0):
 par new generation   total 115200K, used 1200K [0x00000000f0000000, 0x00000000f7d00000, 0x00000000f7d00000)
  eden space 102400K,   0% used [0x00000000f0000000, 0x00000000f0000000, 0x00000000f6400000)
  from space 12800K,   9% used [0x00000000f7080000, 0x00000000f71ac0c0, 0x00000000f7d00000)
  to   space 12800K,   0% used [0x00000000f6400000, 0x00000000f6400000, 0x00000000f7080000)
 concurrent mark-sweep generation total 134144K, used 39299K [0x00000000f7d00000, 0x0000000100000000, 0x0000000100000000)
 Metaspace       used 65005K, capacity 69670K, committed 69888K, reserved 1110016K
  class space    used 8388K, capacity 9180K, committed 9216K, reserved 1048576K
}
{Heap before GC invocations=131 (full 0):
 par new generation   total 115200K, used 103600K [0x00000000f0000000, 0x00000000f7d00000, 0x00000000f7d00000)
  eden space 102400K, 100% used [0x00000000f0000000, 0x00000000f6400000, 0x00000000f6400000)
  from space 12800K,   9% used [0x00000000f7080000, 0x00000000f71ac0c0, 0x00000000f7d00000)
  to   space 12800K,   0% used [0x00000000f6400000, 0x00000000f6400000, 0x00000000f7080000)
 concurrent mark-sweep generation total 134144K, used 39299K [0x00000000f7d00000, 0x0000000100000000, 0x0000000100000000)
 Metaspace       used 65005K, capacity 69670K, committed 69888K, reserved 1110016K
  class space    used 8388K, capacity 9180K, committed 9216K, reserved 1048576K
2022-09-12T02:02:46.753+0800: 141.530: [GC (Allocation Failure)  142900K->40854K(249344K), 0.0041133 secs]
Heap after GC invocations=132 (full 0):
 par new generation   total 115200K, used 1539K [0x00000000f0000000, 0x00000000f7d00000, 0x00000000f7d00000)
  eden space 102400K,   0% used [0x00000000f0000000, 0x00000000f0000000, 0x00000000f6400000)
  from space 12800K,  12% used [0x00000000f6400000, 0x00000000f6580c10, 0x00000000f7080000)
  to   space 12800K,   0% used [0x00000000f7080000, 0x00000000f7080000, 0x00000000f7d00000)
 concurrent mark-sweep generation total 134144K, used 39315K [0x00000000f7d00000, 0x0000000100000000, 0x0000000100000000)
 Metaspace       used 65005K, capacity 69670K, committed 69888K, reserved 1110016K
  class space    used 8388K, capacity 9180K, committed 9216K, reserved 1048576K
}
{Heap before GC invocations=132 (full 0):
 par new generation   total 115200K, used 103939K [0x00000000f0000000, 0x00000000f7d00000, 0x00000000f7d00000)
  eden space 102400K, 100% used [0x00000000f0000000, 0x00000000f6400000, 0x00000000f6400000)
  from space 12800K,  12% used [0x00000000f6400000, 0x00000000f6580c10, 0x00000000f7080000)
  to   space 12800K,   0% used [0x00000000f7080000, 0x00000000f7080000, 0x00000000f7d00000)
 concurrent mark-sweep generation total 134144K, used 39315K [0x00000000f7d00000, 0x0000000100000000, 0x0000000100000000)
 Metaspace       used 65005K, capacity 69670K, committed 69888K, reserved 1110016K
  class space    used 8388K, capacity 9180K, committed 9216K, reserved 1048576K
2022-09-12T02:02:47.102+0800: 141.879: [GC (Allocation Failure)  143254K->40951K(249344K), 0.0042076 secs]
Heap after GC invocations=133 (full 0):
 par new generation   total 115200K, used 1624K [0x00000000f0000000, 0x00000000f7d00000, 0x00000000f7d00000)
  eden space 102400K,   0% used [0x00000000f0000000, 0x00000000f0000000, 0x00000000f6400000)
  from space 12800K,  12% used [0x00000000f7080000, 0x00000000f7216000, 0x00000000f7d00000)
  to   space 12800K,   0% used [0x00000000f6400000, 0x00000000f6400000, 0x00000000f7080000)
 concurrent mark-sweep generation total 134144K, used 39327K [0x00000000f7d00000, 0x0000000100000000, 0x0000000100000000)
 Metaspace       used 65005K, capacity 69670K, committed 69888K, reserved 1110016K
  class space    used 8388K, capacity 9180K, committed 9216K, reserved 1048576K
}
{Heap before GC invocations=133 (full 0):
 par new generation   total 115200K, used 104024K [0x00000000f0000000, 0x00000000f7d00000, 0x00000000f7d00000)
  eden space 102400K, 100% used [0x00000000f0000000, 0x00000000f6400000, 0x00000000f6400000)
  from space 12800K,  12% used [0x00000000f7080000, 0x00000000f7216000, 0x00000000f7d00000)
  to   space 12800K,   0% used [0x00000000f6400000, 0x00000000f6400000, 0x00000000f7080000)
 concurrent mark-sweep generation total 134144K, used 39327K [0x00000000f7d00000, 0x0000000100000000, 0x0000000100000000)
 Metaspace       used 65005K, capacity 69670K, committed 69888K, reserved 1110016K
  class space    used 8388K, capacity 9180K, committed 9216K, reserved 1048576K
2022-09-12T02:02:47.450+0800: 142.227: [GC (Allocation Failure)  143351K->40658K(249344K), 0.0040896 secs]
Heap after GC invocations=134 (full 0):
 par new generation   total 115200K, used 1313K [0x00000000f0000000, 0x00000000f7d00000, 0x00000000f7d00000)
  eden space 102400K,   0% used [0x00000000f0000000, 0x00000000f0000000, 0x00000000f6400000)
  from space 12800K,  10% used [0x00000000f6400000, 0x00000000f6548698, 0x00000000f7080000)
  to   space 12800K,   0% used [0x00000000f7080000, 0x00000000f7080000, 0x00000000f7d00000)
 concurrent mark-sweep generation total 134144K, used 39344K [0x00000000f7d00000, 0x0000000100000000, 0x0000000100000000)
 Metaspace       used 65005K, capacity 69670K, committed 69888K, reserved 1110016K
  class space    used 8388K, capacity 9180K, committed 9216K, reserved 1048576K
}
{Heap before GC invocations=134 (full 0):
 par new generation   total 115200K, used 103713K [0x00000000f0000000, 0x00000000f7d00000, 0x00000000f7d00000)
  eden space 102400K, 100% used [0x00000000f0000000, 0x00000000f6400000, 0x00000000f6400000)
  from space 12800K,  10% used [0x00000000f6400000, 0x00000000f6548698, 0x00000000f7080000)
  to   space 12800K,   0% used [0x00000000f7080000, 0x00000000f7080000, 0x00000000f7d00000)
 concurrent mark-sweep generation total 134144K, used 39344K [0x00000000f7d00000, 0x0000000100000000, 0x0000000100000000)
 Metaspace       used 65005K, capacity 69670K, committed 69888K, reserved 1110016K
  class space    used 8388K, capacity 9180K, committed 9216K, reserved 1048576K
2022-09-12T02:02:47.798+0800: 142.576: [GC (Allocation Failure)  143058K->40880K(249344K), 0.0041208 secs]
Heap after GC invocations=135 (full 0):
 par new generation   total 115200K, used 1524K [0x00000000f0000000, 0x00000000f7d00000, 0x00000000f7d00000)
  eden space 102400K,   0% used [0x00000000f0000000, 0x00000000f0000000, 0x00000000f6400000)
  from space 12800K,  11% used [0x00000000f7080000, 0x00000000f71fd3d8, 0x00000000f7d00000)
  to   space 12800K,   0% used [0x00000000f6400000, 0x00000000f6400000, 0x00000000f7080000)
 concurrent mark-sweep generation total 134144K, used 39356K [0x00000000f7d00000, 0x0000000100000000, 0x0000000100000000)
 Metaspace       used 65005K, capacity 69670K, committed 69888K, reserved 1110016K
  class space    used 8388K, capacity 9180K, committed 9216K, reserved 1048576K
}
{Heap before GC invocations=135 (full 0):
 par new generation   total 115200K, used 103924K [0x00000000f0000000, 0x00000000f7d00000, 0x00000000f7d00000)
  eden space 102400K, 100% used [0x00000000f0000000, 0x00000000f6400000, 0x00000000f6400000)
  from space 12800K,  11% used [0x00000000f7080000, 0x00000000f71fd3d8, 0x00000000f7d00000)
  to   space 12800K,   0% used [0x00000000f6400000, 0x00000000f6400000, 0x00000000f7080000)
 concurrent mark-sweep generation total 134144K, used 39356K [0x00000000f7d00000, 0x0000000100000000, 0x0000000100000000)
 Metaspace       used 65005K, capacity 69670K, committed 69888K, reserved 1110016K
  class space    used 8388K, capacity 9180K, committed 9216K, reserved 1048576K
2022-09-12T02:02:48.148+0800: 142.925: [GC (Allocation Failure)  143280K->41031K(249344K), 0.0041125 secs]
Heap after GC invocations=136 (full 0):
 par new generation   total 115200K, used 1657K [0x00000000f0000000, 0x00000000f7d00000, 0x00000000f7d00000)
  eden space 102400K,   0% used [0x00000000f0000000, 0x00000000f0000000, 0x00000000f6400000)
  from space 12800K,  12% used [0x00000000f6400000, 0x00000000f659e618, 0x00000000f7080000)
  to   space 12800K,   0% used [0x00000000f7080000, 0x00000000f7080000, 0x00000000f7d00000)
 concurrent mark-sweep generation total 134144K, used 39373K [0x00000000f7d00000, 0x0000000100000000, 0x0000000100000000)
 Metaspace       used 65005K, capacity 69670K, committed 69888K, reserved 1110016K
  class space    used 8388K, capacity 9180K, committed 9216K, reserved 1048576K
}
{Heap before GC invocations=136 (full 0):
 par new generation   total 115200K, used 104057K [0x00000000f0000000, 0x00000000f7d00000, 0x00000000f7d00000)
  eden space 102400K, 100% used [0x00000000f0000000, 0x00000000f6400000, 0x00000000f6400000)
  from space 12800K,  12% used [0x00000000f6400000, 0x00000000f659e618, 0x00000000f7080000)
  to   space 12800K,   0% used [0x00000000f7080000, 0x00000000f7080000, 0x00000000f7d00000)
 concurrent mark-sweep generation total 134144K, used 39373K [0x00000000f7d00000, 0x0000000100000000, 0x0000000100000000)
 Metaspace       used 65005K, capacity 69670K, committed 69888K, reserved 1110016K
  class space    used 8388K, capacity 9180K, committed 9216K, reserved 1048576K
2022-09-12T02:02:48.498+0800: 143.276: [GC (Allocation Failure)  143431K->40560K(249344K), 0.0043034 secs]
Heap after GC invocations=137 (full 0):
 par new generation   total 115200K, used 1165K [0x00000000f0000000, 0x00000000f7d00000, 0x00000000f7d00000)
  eden space 102400K,   0% used [0x00000000f0000000, 0x00000000f0000000, 0x00000000f6400000)
  from space 12800K,   9% used [0x00000000f7080000, 0x00000000f71a3440, 0x00000000f7d00000)
  to   space 12800K,   0% used [0x00000000f6400000, 0x00000000f6400000, 0x00000000f7080000)
 concurrent mark-sweep generation total 134144K, used 39395K [0x00000000f7d00000, 0x0000000100000000, 0x0000000100000000)
 Metaspace       used 65005K, capacity 69670K, committed 69888K, reserved 1110016K
  class space    used 8388K, capacity 9180K, committed 9216K, reserved 1048576K
}
{Heap before GC invocations=137 (full 0):
 par new generation   total 115200K, used 103565K [0x00000000f0000000, 0x00000000f7d00000, 0x00000000f7d00000)
  eden space 102400K, 100% used [0x00000000f0000000, 0x00000000f6400000, 0x00000000f6400000)
  from space 12800K,   9% used [0x00000000f7080000, 0x00000000f71a3440, 0x00000000f7d00000)
  to   space 12800K,   0% used [0x00000000f6400000, 0x00000000f6400000, 0x00000000f7080000)
 concurrent mark-sweep generation total 134144K, used 39395K [0x00000000f7d00000, 0x0000000100000000, 0x0000000100000000)
 Metaspace       used 65005K, capacity 69670K, committed 69888K, reserved 1110016K
  class space    used 8388K, capacity 9180K, committed 9216K, reserved 1048576K
2022-09-12T02:02:48.847+0800: 143.624: [GC (Allocation Failure)  142960K->40694K(249344K), 0.0044399 secs]
Heap after GC invocations=138 (full 0):
 par new generation   total 115200K, used 1287K [0x00000000f0000000, 0x00000000f7d00000, 0x00000000f7d00000)
  eden space 102400K,   0% used [0x00000000f0000000, 0x00000000f0000000, 0x00000000f6400000)
  from space 12800K,  10% used [0x00000000f6400000, 0x00000000f6541e10, 0x00000000f7080000)
  to   space 12800K,   0% used [0x00000000f7080000, 0x00000000f7080000, 0x00000000f7d00000)
 concurrent mark-sweep generation total 134144K, used 39407K [0x00000000f7d00000, 0x0000000100000000, 0x0000000100000000)
 Metaspace       used 65005K, capacity 69670K, committed 69888K, reserved 1110016K
  class space    used 8388K, capacity 9180K, committed 9216K, reserved 1048576K
}
{Heap before GC invocations=138 (full 0):
 par new generation   total 115200K, used 103687K [0x00000000f0000000, 0x00000000f7d00000, 0x00000000f7d00000)
  eden space 102400K, 100% used [0x00000000f0000000, 0x00000000f6400000, 0x00000000f6400000)
  from space 12800K,  10% used [0x00000000f6400000, 0x00000000f6541e10, 0x00000000f7080000)
  to   space 12800K,   0% used [0x00000000f7080000, 0x00000000f7080000, 0x00000000f7d00000)
 concurrent mark-sweep generation total 134144K, used 39407K [0x00000000f7d00000, 0x0000000100000000, 0x0000000100000000)
 Metaspace       used 65005K, capacity 69670K, committed 69888K, reserved 1110016K
  class space    used 8388K, capacity 9180K, committed 9216K, reserved 1048576K
2022-09-12T02:02:49.198+0800: 143.976: [GC (Allocation Failure)  143094K->41051K(249344K), 0.0042389 secs]
Heap after GC invocations=139 (full 0):
 par new generation   total 115200K, used 1623K [0x00000000f0000000, 0x00000000f7d00000, 0x00000000f7d00000)
  eden space 102400K,   0% used [0x00000000f0000000, 0x00000000f0000000, 0x00000000f6400000)
  from space 12800K,  12% used [0x00000000f7080000, 0x00000000f7215f90, 0x00000000f7d00000)
  to   space 12800K,   0% used [0x00000000f6400000, 0x00000000f6400000, 0x00000000f7080000)
 concurrent mark-sweep generation total 134144K, used 39427K [0x00000000f7d00000, 0x0000000100000000, 0x0000000100000000)
 Metaspace       used 65005K, capacity 69670K, committed 69888K, reserved 1110016K
  class space    used 8388K, capacity 9180K, committed 9216K, reserved 1048576K
}
{Heap before GC invocations=139 (full 0):
 par new generation   total 115200K, used 104023K [0x00000000f0000000, 0x00000000f7d00000, 0x00000000f7d00000)
  eden space 102400K, 100% used [0x00000000f0000000, 0x00000000f6400000, 0x00000000f6400000)
  from space 12800K,  12% used [0x00000000f7080000, 0x00000000f7215f90, 0x00000000f7d00000)
  to   space 12800K,   0% used [0x00000000f6400000, 0x00000000f6400000, 0x00000000f7080000)
 concurrent mark-sweep generation total 134144K, used 39427K [0x00000000f7d00000, 0x0000000100000000, 0x0000000100000000)
 Metaspace       used 65005K, capacity 69670K, committed 69888K, reserved 1110016K
  class space    used 8388K, capacity 9180K, committed 9216K, reserved 1048576K
2022-09-12T02:02:49.547+0800: 144.325: [GC (Allocation Failure)  143451K->41131K(249344K), 0.0041813 secs]
Heap after GC invocations=140 (full 0):
 par new generation   total 115200K, used 1688K [0x00000000f0000000, 0x00000000f7d00000, 0x00000000f7d00000)
  eden space 102400K,   0% used [0x00000000f0000000, 0x00000000f0000000, 0x00000000f6400000)
  from space 12800K,  13% used [0x00000000f6400000, 0x00000000f65a6178, 0x00000000f7080000)
  to   space 12800K,   0% used [0x00000000f7080000, 0x00000000f7080000, 0x00000000f7d00000)
 concurrent mark-sweep generation total 134144K, used 39442K [0x00000000f7d00000, 0x0000000100000000, 0x0000000100000000)
 Metaspace       used 65005K, capacity 69670K, committed 69888K, reserved 1110016K
  class space    used 8388K, capacity 9180K, committed 9216K, reserved 1048576K
}
{Heap before GC invocations=140 (full 0):
 par new generation   total 115200K, used 104088K [0x00000000f0000000, 0x00000000f7d00000, 0x00000000f7d00000)
  eden space 102400K, 100% used [0x00000000f0000000, 0x00000000f6400000, 0x00000000f6400000)
  from space 12800K,  13% used [0x00000000f6400000, 0x00000000f65a6178, 0x00000000f7080000)
  to   space 12800K,   0% used [0x00000000f7080000, 0x00000000f7080000, 0x00000000f7d00000)
 concurrent mark-sweep generation total 134144K, used 39442K [0x00000000f7d00000, 0x0000000100000000, 0x0000000100000000)
 Metaspace       used 65005K, capacity 69670K, committed 69888K, reserved 1110016K
  class space    used 8388K, capacity 9180K, committed 9216K, reserved 1048576K
2022-09-12T02:02:49.900+0800: 144.677: [GC (Allocation Failure)  143531K->40794K(249344K), 0.0043583 secs]
Heap after GC invocations=141 (full 0):
 par new generation   total 115200K, used 1336K [0x00000000f0000000, 0x00000000f7d00000, 0x00000000f7d00000)
  eden space 102400K,   0% used [0x00000000f0000000, 0x00000000f0000000, 0x00000000f6400000)
  from space 12800K,  10% used [0x00000000f7080000, 0x00000000f71ce0e0, 0x00000000f7d00000)
  to   space 12800K,   0% used [0x00000000f6400000, 0x00000000f6400000, 0x00000000f7080000)
 concurrent mark-sweep generation total 134144K, used 39458K [0x00000000f7d00000, 0x0000000100000000, 0x0000000100000000)
 Metaspace       used 65005K, capacity 69670K, committed 69888K, reserved 1110016K
  class space    used 8388K, capacity 9180K, committed 9216K, reserved 1048576K
}
{Heap before GC invocations=141 (full 0):
 par new generation   total 115200K, used 103736K [0x00000000f0000000, 0x00000000f7d00000, 0x00000000f7d00000)
  eden space 102400K, 100% used [0x00000000f0000000, 0x00000000f6400000, 0x00000000f6400000)
  from space 12800K,  10% used [0x00000000f7080000, 0x00000000f71ce0e0, 0x00000000f7d00000)
  to   space 12800K,   0% used [0x00000000f6400000, 0x00000000f6400000, 0x00000000f7080000)
 concurrent mark-sweep generation total 134144K, used 39458K [0x00000000f7d00000, 0x0000000100000000, 0x0000000100000000)
 Metaspace       used 65005K, capacity 69670K, committed 69888K, reserved 1110016K
  class space    used 8388K, capacity 9180K, committed 9216K, reserved 1048576K
2022-09-12T02:02:50.249+0800: 145.026: [GC (Allocation Failure)  143194K->41013K(249344K), 0.0042771 secs]
Heap after GC invocations=142 (full 0):
 par new generation   total 115200K, used 1542K [0x00000000f0000000, 0x00000000f7d00000, 0x00000000f7d00000)
  eden space 102400K,   0% used [0x00000000f0000000, 0x00000000f0000000, 0x00000000f6400000)
  from space 12800K,  12% used [0x00000000f6400000, 0x00000000f6581888, 0x00000000f7080000)
  to   space 12800K,   0% used [0x00000000f7080000, 0x00000000f7080000, 0x00000000f7d00000)
 concurrent mark-sweep generation total 134144K, used 39470K [0x00000000f7d00000, 0x0000000100000000, 0x0000000100000000)
 Metaspace       used 65005K, capacity 69670K, committed 69888K, reserved 1110016K
  class space    used 8388K, capacity 9180K, committed 9216K, reserved 1048576K
}
{Heap before GC invocations=142 (full 0):
 par new generation   total 115200K, used 103942K [0x00000000f0000000, 0x00000000f7d00000, 0x00000000f7d00000)
  eden space 102400K, 100% used [0x00000000f0000000, 0x00000000f6400000, 0x00000000f6400000)
  from space 12800K,  12% used [0x00000000f6400000, 0x00000000f6581888, 0x00000000f7080000)
  to   space 12800K,   0% used [0x00000000f7080000, 0x00000000f7080000, 0x00000000f7d00000)
 concurrent mark-sweep generation total 134144K, used 39470K [0x00000000f7d00000, 0x0000000100000000, 0x0000000100000000)
 Metaspace       used 65005K, capacity 69670K, committed 69888K, reserved 1110016K
  class space    used 8388K, capacity 9180K, committed 9216K, reserved 1048576K
2022-09-12T02:02:50.597+0800: 145.375: [GC (Allocation Failure)  143413K->41139K(249344K), 0.0042010 secs]
Heap after GC invocations=143 (full 0):
 par new generation   total 115200K, used 1653K [0x00000000f0000000, 0x00000000f7d00000, 0x00000000f7d00000)
  eden space 102400K,   0% used [0x00000000f0000000, 0x00000000f0000000, 0x00000000f6400000)
  from space 12800K,  12% used [0x00000000f7080000, 0x00000000f721d578, 0x00000000f7d00000)
  to   space 12800K,   0% used [0x00000000f6400000, 0x00000000f6400000, 0x00000000f7080000)
 concurrent mark-sweep generation total 134144K, used 39486K [0x00000000f7d00000, 0x0000000100000000, 0x0000000100000000)
 Metaspace       used 65005K, capacity 69670K, committed 69888K, reserved 1110016K
  class space    used 8388K, capacity 9180K, committed 9216K, reserved 1048576K
}
{Heap before GC invocations=143 (full 0):
 par new generation   total 115200K, used 104053K [0x00000000f0000000, 0x00000000f7d00000, 0x00000000f7d00000)
  eden space 102400K, 100% used [0x00000000f0000000, 0x00000000f6400000, 0x00000000f6400000)
  from space 12800K,  12% used [0x00000000f7080000, 0x00000000f721d578, 0x00000000f7d00000)
  to   space 12800K,   0% used [0x00000000f6400000, 0x00000000f6400000, 0x00000000f7080000)
 concurrent mark-sweep generation total 134144K, used 39486K [0x00000000f7d00000, 0x0000000100000000, 0x0000000100000000)
 Metaspace       used 65005K, capacity 69670K, committed 69888K, reserved 1110016K
  class space    used 8388K, capacity 9180K, committed 9216K, reserved 1048576K
2022-09-12T02:02:50.946+0800: 145.723: [GC (Allocation Failure)  143539K->40840K(249344K), 0.0041817 secs]
Heap after GC invocations=144 (full 0):
 par new generation   total 115200K, used 1336K [0x00000000f0000000, 0x00000000f7d00000, 0x00000000f7d00000)
  eden space 102400K,   0% used [0x00000000f0000000, 0x00000000f0000000, 0x00000000f6400000)
  from space 12800K,  10% used [0x00000000f6400000, 0x00000000f654e170, 0x00000000f7080000)
  to   space 12800K,   0% used [0x00000000f7080000, 0x00000000f7080000, 0x00000000f7d00000)
 concurrent mark-sweep generation total 134144K, used 39503K [0x00000000f7d00000, 0x0000000100000000, 0x0000000100000000)
 Metaspace       used 65005K, capacity 69670K, committed 69888K, reserved 1110016K
  class space    used 8388K, capacity 9180K, committed 9216K, reserved 1048576K
}
{Heap before GC invocations=144 (full 0):
 par new generation   total 115200K, used 103736K [0x00000000f0000000, 0x00000000f7d00000, 0x00000000f7d00000)
  eden space 102400K, 100% used [0x00000000f0000000, 0x00000000f6400000, 0x00000000f6400000)
  from space 12800K,  10% used [0x00000000f6400000, 0x00000000f654e170, 0x00000000f7080000)
  to   space 12800K,   0% used [0x00000000f7080000, 0x00000000f7080000, 0x00000000f7d00000)
 concurrent mark-sweep generation total 134144K, used 39503K [0x00000000f7d00000, 0x0000000100000000, 0x0000000100000000)
 Metaspace       used 65005K, capacity 69670K, committed 69888K, reserved 1110016K
  class space    used 8388K, capacity 9180K, committed 9216K, reserved 1048576K
2022-09-12T02:02:51.295+0800: 146.072: [GC (Allocation Failure)  143240K->41064K(249344K), 0.0041662 secs]
Heap after GC invocations=145 (full 0):
 par new generation   total 115200K, used 1541K [0x00000000f0000000, 0x00000000f7d00000, 0x00000000f7d00000)
  eden space 102400K,   0% used [0x00000000f0000000, 0x00000000f0000000, 0x00000000f6400000)
  from space 12800K,  12% used [0x00000000f7080000, 0x00000000f7201658, 0x00000000f7d00000)
  to   space 12800K,   0% used [0x00000000f6400000, 0x00000000f6400000, 0x00000000f7080000)
 concurrent mark-sweep generation total 134144K, used 39523K [0x00000000f7d00000, 0x0000000100000000, 0x0000000100000000)
 Metaspace       used 65005K, capacity 69670K, committed 69888K, reserved 1110016K
  class space    used 8388K, capacity 9180K, committed 9216K, reserved 1048576K
}
{Heap before GC invocations=145 (full 0):
 par new generation   total 115200K, used 103941K [0x00000000f0000000, 0x00000000f7d00000, 0x00000000f7d00000)
  eden space 102400K, 100% used [0x00000000f0000000, 0x00000000f6400000, 0x00000000f6400000)
  from space 12800K,  12% used [0x00000000f7080000, 0x00000000f7201658, 0x00000000f7d00000)
  to   space 12800K,   0% used [0x00000000f6400000, 0x00000000f6400000, 0x00000000f7080000)
 concurrent mark-sweep generation total 134144K, used 39523K [0x00000000f7d00000, 0x0000000100000000, 0x0000000100000000)
 Metaspace       used 65005K, capacity 69670K, committed 69888K, reserved 1110016K
  class space    used 8388K, capacity 9180K, committed 9216K, reserved 1048576K
2022-09-12T02:02:51.644+0800: 146.421: [GC (Allocation Failure)  143464K->41168K(249344K), 0.0041767 secs]
Heap after GC invocations=146 (full 0):
 par new generation   total 115200K, used 1631K [0x00000000f0000000, 0x00000000f7d00000, 0x00000000f7d00000)
  eden space 102400K,   0% used [0x00000000f0000000, 0x00000000f0000000, 0x00000000f6400000)
  from space 12800K,  12% used [0x00000000f6400000, 0x00000000f6597c00, 0x00000000f7080000)
  to   space 12800K,   0% used [0x00000000f7080000, 0x00000000f7080000, 0x00000000f7d00000)
 concurrent mark-sweep generation total 134144K, used 39537K [0x00000000f7d00000, 0x0000000100000000, 0x0000000100000000)
 Metaspace       used 65005K, capacity 69670K, committed 69888K, reserved 1110016K
  class space    used 8388K, capacity 9180K, committed 9216K, reserved 1048576K
}
{Heap before GC invocations=146 (full 0):
 par new generation   total 115200K, used 104031K [0x00000000f0000000, 0x00000000f7d00000, 0x00000000f7d00000)
  eden space 102400K, 100% used [0x00000000f0000000, 0x00000000f6400000, 0x00000000f6400000)
  from space 12800K,  12% used [0x00000000f6400000, 0x00000000f6597c00, 0x00000000f7080000)
  to   space 12800K,   0% used [0x00000000f7080000, 0x00000000f7080000, 0x00000000f7d00000)
 concurrent mark-sweep generation total 134144K, used 39537K [0x00000000f7d00000, 0x0000000100000000, 0x0000000100000000)
 Metaspace       used 65005K, capacity 69670K, committed 69888K, reserved 1110016K
  class space    used 8388K, capacity 9180K, committed 9216K, reserved 1048576K
2022-09-12T02:02:51.992+0800: 146.770: [GC (Allocation Failure)  143568K->40749K(249344K), 0.0040849 secs]
Heap after GC invocations=147 (full 0):
 par new generation   total 115200K, used 1190K [0x00000000f0000000, 0x00000000f7d00000, 0x00000000f7d00000)
  eden space 102400K,   0% used [0x00000000f0000000, 0x00000000f0000000, 0x00000000f6400000)
  from space 12800K,   9% used [0x00000000f7080000, 0x00000000f71a9880, 0x00000000f7d00000)
  to   space 12800K,   0% used [0x00000000f6400000, 0x00000000f6400000, 0x00000000f7080000)
 concurrent mark-sweep generation total 134144K, used 39558K [0x00000000f7d00000, 0x0000000100000000, 0x0000000100000000)
 Metaspace       used 65005K, capacity 69670K, committed 69888K, reserved 1110016K
  class space    used 8388K, capacity 9180K, committed 9216K, reserved 1048576K
}
{Heap before GC invocations=147 (full 0):
 par new generation   total 115200K, used 103590K [0x00000000f0000000, 0x00000000f7d00000, 0x00000000f7d00000)
  eden space 102400K, 100% used [0x00000000f0000000, 0x00000000f6400000, 0x00000000f6400000)
  from space 12800K,   9% used [0x00000000f7080000, 0x00000000f71a9880, 0x00000000f7d00000)
  to   space 12800K,   0% used [0x00000000f6400000, 0x00000000f6400000, 0x00000000f7080000)
 concurrent mark-sweep generation total 134144K, used 39558K [0x00000000f7d00000, 0x0000000100000000, 0x0000000100000000)
 Metaspace       used 65005K, capacity 69670K, committed 69888K, reserved 1110016K
  class space    used 8388K, capacity 9180K, committed 9216K, reserved 1048576K
2022-09-12T02:02:52.343+0800: 147.120: [GC (Allocation Failure)  143149K->41085K(249344K), 0.0042779 secs]
Heap after GC invocations=148 (full 0):
 par new generation   total 115200K, used 1513K [0x00000000f0000000, 0x00000000f7d00000, 0x00000000f7d00000)
  eden space 102400K,   0% used [0x00000000f0000000, 0x00000000f0000000, 0x00000000f6400000)
  from space 12800K,  11% used [0x00000000f6400000, 0x00000000f657a620, 0x00000000f7080000)
  to   space 12800K,   0% used [0x00000000f7080000, 0x00000000f7080000, 0x00000000f7d00000)
 concurrent mark-sweep generation total 134144K, used 39571K [0x00000000f7d00000, 0x0000000100000000, 0x0000000100000000)
 Metaspace       used 65005K, capacity 69670K, committed 69888K, reserved 1110016K
  class space    used 8388K, capacity 9180K, committed 9216K, reserved 1048576K
}
{Heap before GC invocations=148 (full 0):
 par new generation   total 115200K, used 103913K [0x00000000f0000000, 0x00000000f7d00000, 0x00000000f7d00000)
  eden space 102400K, 100% used [0x00000000f0000000, 0x00000000f6400000, 0x00000000f6400000)
  from space 12800K,  11% used [0x00000000f6400000, 0x00000000f657a620, 0x00000000f7080000)
  to   space 12800K,   0% used [0x00000000f7080000, 0x00000000f7080000, 0x00000000f7d00000)
 concurrent mark-sweep generation total 134144K, used 39571K [0x00000000f7d00000, 0x0000000100000000, 0x0000000100000000)
 Metaspace       used 65005K, capacity 69670K, committed 69888K, reserved 1110016K
  class space    used 8388K, capacity 9180K, committed 9216K, reserved 1048576K
2022-09-12T02:02:52.692+0800: 147.470: [GC (Allocation Failure)  143485K->41245K(249344K), 0.0041418 secs]
Heap after GC invocations=149 (full 0):
 par new generation   total 115200K, used 1658K [0x00000000f0000000, 0x00000000f7d00000, 0x00000000f7d00000)
  eden space 102400K,   0% used [0x00000000f0000000, 0x00000000f0000000, 0x00000000f6400000)
  from space 12800K,  12% used [0x00000000f7080000, 0x00000000f721eab0, 0x00000000f7d00000)
  to   space 12800K,   0% used [0x00000000f6400000, 0x00000000f6400000, 0x00000000f7080000)
 concurrent mark-sweep generation total 134144K, used 39586K [0x00000000f7d00000, 0x0000000100000000, 0x0000000100000000)
 Metaspace       used 65005K, capacity 69670K, committed 69888K, reserved 1110016K
  class space    used 8388K, capacity 9180K, committed 9216K, reserved 1048576K
}
{Heap before GC invocations=149 (full 0):
 par new generation   total 115200K, used 104058K [0x00000000f0000000, 0x00000000f7d00000, 0x00000000f7d00000)
  eden space 102400K, 100% used [0x00000000f0000000, 0x00000000f6400000, 0x00000000f6400000)
  from space 12800K,  12% used [0x00000000f7080000, 0x00000000f721eab0, 0x00000000f7d00000)
  to   space 12800K,   0% used [0x00000000f6400000, 0x00000000f6400000, 0x00000000f7080000)
 concurrent mark-sweep generation total 134144K, used 39586K [0x00000000f7d00000, 0x0000000100000000, 0x0000000100000000)
 Metaspace       used 65005K, capacity 69670K, committed 69888K, reserved 1110016K
  class space    used 8388K, capacity 9180K, committed 9216K, reserved 1048576K
2022-09-12T02:02:53.041+0800: 147.818: [GC (Allocation Failure)  143645K->40929K(249344K), 0.0041361 secs]
Heap after GC invocations=150 (full 0):
 par new generation   total 115200K, used 1327K [0x00000000f0000000, 0x00000000f7d00000, 0x00000000f7d00000)
  eden space 102400K,   0% used [0x00000000f0000000, 0x00000000f0000000, 0x00000000f6400000)
  from space 12800K,  10% used [0x00000000f6400000, 0x00000000f654bce0, 0x00000000f7080000)
  to   space 12800K,   0% used [0x00000000f7080000, 0x00000000f7080000, 0x00000000f7d00000)
 concurrent mark-sweep generation total 134144K, used 39602K [0x00000000f7d00000, 0x0000000100000000, 0x0000000100000000)
 Metaspace       used 65005K, capacity 69670K, committed 69888K, reserved 1110016K
  class space    used 8388K, capacity 9180K, committed 9216K, reserved 1048576K
}
{Heap before GC invocations=150 (full 0):
 par new generation   total 115200K, used 103727K [0x00000000f0000000, 0x00000000f7d00000, 0x00000000f7d00000)
  eden space 102400K, 100% used [0x00000000f0000000, 0x00000000f6400000, 0x00000000f6400000)
  from space 12800K,  10% used [0x00000000f6400000, 0x00000000f654bce0, 0x00000000f7080000)
  to   space 12800K,   0% used [0x00000000f7080000, 0x00000000f7080000, 0x00000000f7d00000)
 concurrent mark-sweep generation total 134144K, used 39602K [0x00000000f7d00000, 0x0000000100000000, 0x0000000100000000)
 Metaspace       used 65005K, capacity 69670K, committed 69888K, reserved 1110016K
  class space    used 8388K, capacity 9180K, committed 9216K, reserved 1048576K
2022-09-12T02:02:53.390+0800: 148.167: [GC (Allocation Failure)  143329K->41130K(249344K), 0.0040780 secs]
Heap after GC invocations=151 (full 0):
 par new generation   total 115200K, used 1516K [0x00000000f0000000, 0x00000000f7d00000, 0x00000000f7d00000)
  eden space 102400K,   0% used [0x00000000f0000000, 0x00000000f0000000, 0x00000000f6400000)
  from space 12800K,  11% used [0x00000000f7080000, 0x00000000f71fb260, 0x00000000f7d00000)
  to   space 12800K,   0% used [0x00000000f6400000, 0x00000000f6400000, 0x00000000f7080000)
 concurrent mark-sweep generation total 134144K, used 39613K [0x00000000f7d00000, 0x0000000100000000, 0x0000000100000000)
 Metaspace       used 65005K, capacity 69670K, committed 69888K, reserved 1110016K
  class space    used 8388K, capacity 9180K, committed 9216K, reserved 1048576K
}
{Heap before GC invocations=151 (full 0):
 par new generation   total 115200K, used 103916K [0x00000000f0000000, 0x00000000f7d00000, 0x00000000f7d00000)
  eden space 102400K, 100% used [0x00000000f0000000, 0x00000000f6400000, 0x00000000f6400000)
  from space 12800K,  11% used [0x00000000f7080000, 0x00000000f71fb260, 0x00000000f7d00000)
  to   space 12800K,   0% used [0x00000000f6400000, 0x00000000f6400000, 0x00000000f7080000)
 concurrent mark-sweep generation total 134144K, used 39613K [0x00000000f7d00000, 0x0000000100000000, 0x0000000100000000)
 Metaspace       used 65005K, capacity 69670K, committed 69888K, reserved 1110016K
  class space    used 8388K, capacity 9180K, committed 9216K, reserved 1048576K
2022-09-12T02:02:53.739+0800: 148.517: [GC (Allocation Failure)  143530K->41283K(249344K), 0.0041051 secs]
Heap after GC invocations=152 (full 0):
 par new generation   total 115200K, used 1648K [0x00000000f0000000, 0x00000000f7d00000, 0x00000000f7d00000)
  eden space 102400K,   0% used [0x00000000f0000000, 0x00000000f0000000, 0x00000000f6400000)
  from space 12800K,  12% used [0x00000000f6400000, 0x00000000f659c200, 0x00000000f7080000)
  to   space 12800K,   0% used [0x00000000f7080000, 0x00000000f7080000, 0x00000000f7d00000)
 concurrent mark-sweep generation total 134144K, used 39635K [0x00000000f7d00000, 0x0000000100000000, 0x0000000100000000)
 Metaspace       used 65005K, capacity 69670K, committed 69888K, reserved 1110016K
  class space    used 8388K, capacity 9180K, committed 9216K, reserved 1048576K
}
{Heap before GC invocations=152 (full 0):
 par new generation   total 115200K, used 104048K [0x00000000f0000000, 0x00000000f7d00000, 0x00000000f7d00000)
  eden space 102400K, 100% used [0x00000000f0000000, 0x00000000f6400000, 0x00000000f6400000)
  from space 12800K,  12% used [0x00000000f6400000, 0x00000000f659c200, 0x00000000f7080000)
  to   space 12800K,   0% used [0x00000000f7080000, 0x00000000f7080000, 0x00000000f7d00000)
 concurrent mark-sweep generation total 134144K, used 39635K [0x00000000f7d00000, 0x0000000100000000, 0x0000000100000000)
 Metaspace       used 65005K, capacity 69670K, committed 69888K, reserved 1110016K
  class space    used 8388K, capacity 9180K, committed 9216K, reserved 1048576K
2022-09-12T02:02:54.091+0800: 148.868: [GC (Allocation Failure)  143683K->40859K(249344K), 0.0041026 secs]
Heap after GC invocations=153 (full 0):
 par new generation   total 115200K, used 1209K [0x00000000f0000000, 0x00000000f7d00000, 0x00000000f7d00000)
  eden space 102400K,   0% used [0x00000000f0000000, 0x00000000f0000000, 0x00000000f6400000)
  from space 12800K,   9% used [0x00000000f7080000, 0x00000000f71ae4c0, 0x00000000f7d00000)
  to   space 12800K,   0% used [0x00000000f6400000, 0x00000000f6400000, 0x00000000f7080000)
 concurrent mark-sweep generation total 134144K, used 39650K [0x00000000f7d00000, 0x0000000100000000, 0x0000000100000000)
 Metaspace       used 65005K, capacity 69670K, committed 69888K, reserved 1110016K
  class space    used 8388K, capacity 9180K, committed 9216K, reserved 1048576K
}
{Heap before GC invocations=153 (full 0):
 par new generation   total 115200K, used 103609K [0x00000000f0000000, 0x00000000f7d00000, 0x00000000f7d00000)
  eden space 102400K, 100% used [0x00000000f0000000, 0x00000000f6400000, 0x00000000f6400000)
  from space 12800K,   9% used [0x00000000f7080000, 0x00000000f71ae4c0, 0x00000000f7d00000)
  to   space 12800K,   0% used [0x00000000f6400000, 0x00000000f6400000, 0x00000000f7080000)
 concurrent mark-sweep generation total 134144K, used 39650K [0x00000000f7d00000, 0x0000000100000000, 0x0000000100000000)
 Metaspace       used 65005K, capacity 69670K, committed 69888K, reserved 1110016K
  class space    used 8388K, capacity 9180K, committed 9216K, reserved 1048576K
2022-09-12T02:02:54.444+0800: 149.222: [GC (Allocation Failure)  143259K->41194K(249344K), 0.0041594 secs]
Heap after GC invocations=154 (full 0):
 par new generation   total 115200K, used 1528K [0x00000000f0000000, 0x00000000f7d00000, 0x00000000f7d00000)
  eden space 102400K,   0% used [0x00000000f0000000, 0x00000000f0000000, 0x00000000f6400000)
  from space 12800K,  11% used [0x00000000f6400000, 0x00000000f657e2f0, 0x00000000f7080000)
  to   space 12800K,   0% used [0x00000000f7080000, 0x00000000f7080000, 0x00000000f7d00000)
 concurrent mark-sweep generation total 134144K, used 39666K [0x00000000f7d00000, 0x0000000100000000, 0x0000000100000000)
 Metaspace       used 65005K, capacity 69670K, committed 69888K, reserved 1110016K
  class space    used 8388K, capacity 9180K, committed 9216K, reserved 1048576K
}
{Heap before GC invocations=154 (full 0):
 par new generation   total 115200K, used 103928K [0x00000000f0000000, 0x00000000f7d00000, 0x00000000f7d00000)
  eden space 102400K, 100% used [0x00000000f0000000, 0x00000000f6400000, 0x00000000f6400000)
  from space 12800K,  11% used [0x00000000f6400000, 0x00000000f657e2f0, 0x00000000f7080000)
  to   space 12800K,   0% used [0x00000000f7080000, 0x00000000f7080000, 0x00000000f7d00000)
 concurrent mark-sweep generation total 134144K, used 39666K [0x00000000f7d00000, 0x0000000100000000, 0x0000000100000000)
 Metaspace       used 65005K, capacity 69670K, committed 69888K, reserved 1110016K
  class space    used 8388K, capacity 9180K, committed 9216K, reserved 1048576K
2022-09-12T02:02:54.793+0800: 149.571: [GC (Allocation Failure)  143594K->41346K(249344K), 0.0040987 secs]
Heap after GC invocations=155 (full 0):
 par new generation   total 115200K, used 1660K [0x00000000f0000000, 0x00000000f7d00000, 0x00000000f7d00000)
  eden space 102400K,   0% used [0x00000000f0000000, 0x00000000f0000000, 0x00000000f6400000)
  from space 12800K,  12% used [0x00000000f7080000, 0x00000000f721f098, 0x00000000f7d00000)
  to   space 12800K,   0% used [0x00000000f6400000, 0x00000000f6400000, 0x00000000f7080000)
 concurrent mark-sweep generation total 134144K, used 39686K [0x00000000f7d00000, 0x0000000100000000, 0x0000000100000000)
 Metaspace       used 65005K, capacity 69670K, committed 69888K, reserved 1110016K
  class space    used 8388K, capacity 9180K, committed 9216K, reserved 1048576K
}
{Heap before GC invocations=155 (full 0):
 par new generation   total 115200K, used 104060K [0x00000000f0000000, 0x00000000f7d00000, 0x00000000f7d00000)
  eden space 102400K, 100% used [0x00000000f0000000, 0x00000000f6400000, 0x00000000f6400000)
  from space 12800K,  12% used [0x00000000f7080000, 0x00000000f721f098, 0x00000000f7d00000)
  to   space 12800K,   0% used [0x00000000f6400000, 0x00000000f6400000, 0x00000000f7080000)
 concurrent mark-sweep generation total 134144K, used 39686K [0x00000000f7d00000, 0x0000000100000000, 0x0000000100000000)
 Metaspace       used 65005K, capacity 69670K, committed 69888K, reserved 1110016K
  class space    used 8388K, capacity 9180K, committed 9216K, reserved 1048576K
2022-09-12T02:02:55.143+0800: 149.920: [GC (Allocation Failure)  143746K->41043K(249344K), 0.0041601 secs]
Heap after GC invocations=156 (full 0):
 par new generation   total 115200K, used 1343K [0x00000000f0000000, 0x00000000f7d00000, 0x00000000f7d00000)
  eden space 102400K,   0% used [0x00000000f0000000, 0x00000000f0000000, 0x00000000f6400000)
  from space 12800K,  10% used [0x00000000f6400000, 0x00000000f654fc28, 0x00000000f7080000)
  to   space 12800K,   0% used [0x00000000f7080000, 0x00000000f7080000, 0x00000000f7d00000)
 concurrent mark-sweep generation total 134144K, used 39700K [0x00000000f7d00000, 0x0000000100000000, 0x0000000100000000)
 Metaspace       used 65005K, capacity 69670K, committed 69888K, reserved 1110016K
  class space    used 8388K, capacity 9180K, committed 9216K, reserved 1048576K
}
{Heap before GC invocations=156 (full 0):
 par new generation   total 115200K, used 103743K [0x00000000f0000000, 0x00000000f7d00000, 0x00000000f7d00000)
  eden space 102400K, 100% used [0x00000000f0000000, 0x00000000f6400000, 0x00000000f6400000)
  from space 12800K,  10% used [0x00000000f6400000, 0x00000000f654fc28, 0x00000000f7080000)
  to   space 12800K,   0% used [0x00000000f7080000, 0x00000000f7080000, 0x00000000f7d00000)
 concurrent mark-sweep generation total 134144K, used 39700K [0x00000000f7d00000, 0x0000000100000000, 0x0000000100000000)
 Metaspace       used 65005K, capacity 69670K, committed 69888K, reserved 1110016K
  class space    used 8388K, capacity 9180K, committed 9216K, reserved 1048576K
2022-09-12T02:02:55.491+0800: 150.268: [GC (Allocation Failure)  143443K->41251K(249344K), 0.0041355 secs]
Heap after GC invocations=157 (full 0):
 par new generation   total 115200K, used 1534K [0x00000000f0000000, 0x00000000f7d00000, 0x00000000f7d00000)
  eden space 102400K,   0% used [0x00000000f0000000, 0x00000000f0000000, 0x00000000f6400000)
  from space 12800K,  11% used [0x00000000f7080000, 0x00000000f71ff978, 0x00000000f7d00000)
  to   space 12800K,   0% used [0x00000000f6400000, 0x00000000f6400000, 0x00000000f7080000)
 concurrent mark-sweep generation total 134144K, used 39717K [0x00000000f7d00000, 0x0000000100000000, 0x0000000100000000)
 Metaspace       used 65005K, capacity 69670K, committed 69888K, reserved 1110016K
  class space    used 8388K, capacity 9180K, committed 9216K, reserved 1048576K
}
{Heap before GC invocations=157 (full 0):
 par new generation   total 115200K, used 103934K [0x00000000f0000000, 0x00000000f7d00000, 0x00000000f7d00000)
  eden space 102400K, 100% used [0x00000000f0000000, 0x00000000f6400000, 0x00000000f6400000)
  from space 12800K,  11% used [0x00000000f7080000, 0x00000000f71ff978, 0x00000000f7d00000)
  to   space 12800K,   0% used [0x00000000f6400000, 0x00000000f6400000, 0x00000000f7080000)
 concurrent mark-sweep generation total 134144K, used 39717K [0x00000000f7d00000, 0x0000000100000000, 0x0000000100000000)
 Metaspace       used 65006K, capacity 69670K, committed 69888K, reserved 1110016K
  class space    used 8388K, capacity 9180K, committed 9216K, reserved 1048576K
2022-09-12T02:02:55.839+0800: 150.616: [GC (Allocation Failure)  143651K->41363K(249344K), 0.0041824 secs]
Heap after GC invocations=158 (full 0):
 par new generation   total 115200K, used 1631K [0x00000000f0000000, 0x00000000f7d00000, 0x00000000f7d00000)
  eden space 102400K,   0% used [0x00000000f0000000, 0x00000000f0000000, 0x00000000f6400000)
  from space 12800K,  12% used [0x00000000f6400000, 0x00000000f6597fb8, 0x00000000f7080000)
  to   space 12800K,   0% used [0x00000000f7080000, 0x00000000f7080000, 0x00000000f7d00000)
 concurrent mark-sweep generation total 134144K, used 39731K [0x00000000f7d00000, 0x0000000100000000, 0x0000000100000000)
 Metaspace       used 65006K, capacity 69670K, committed 69888K, reserved 1110016K
  class space    used 8388K, capacity 9180K, committed 9216K, reserved 1048576K
}
{Heap before GC invocations=158 (full 0):
 par new generation   total 115200K, used 104031K [0x00000000f0000000, 0x00000000f7d00000, 0x00000000f7d00000)
  eden space 102400K, 100% used [0x00000000f0000000, 0x00000000f6400000, 0x00000000f6400000)
  from space 12800K,  12% used [0x00000000f6400000, 0x00000000f6597fb8, 0x00000000f7080000)
  to   space 12800K,   0% used [0x00000000f7080000, 0x00000000f7080000, 0x00000000f7d00000)
 concurrent mark-sweep generation total 134144K, used 39731K [0x00000000f7d00000, 0x0000000100000000, 0x0000000100000000)
 Metaspace       used 65006K, capacity 69670K, committed 69888K, reserved 1110016K
  class space    used 8388K, capacity 9180K, committed 9216K, reserved 1048576K
2022-09-12T02:02:56.188+0800: 150.965: [GC (Allocation Failure)  143763K->40935K(249344K), 0.0041628 secs]
Heap after GC invocations=159 (full 0):
 par new generation   total 115200K, used 1189K [0x00000000f0000000, 0x00000000f7d00000, 0x00000000f7d00000)
  eden space 102400K,   0% used [0x00000000f0000000, 0x00000000f0000000, 0x00000000f6400000)
  from space 12800K,   9% used [0x00000000f7080000, 0x00000000f71a9540, 0x00000000f7d00000)
  to   space 12800K,   0% used [0x00000000f6400000, 0x00000000f6400000, 0x00000000f7080000)
 concurrent mark-sweep generation total 134144K, used 39746K [0x00000000f7d00000, 0x0000000100000000, 0x0000000100000000)
 Metaspace       used 65006K, capacity 69670K, committed 69888K, reserved 1110016K
  class space    used 8388K, capacity 9180K, committed 9216K, reserved 1048576K
}
{Heap before GC invocations=159 (full 0):
 par new generation   total 115200K, used 103589K [0x00000000f0000000, 0x00000000f7d00000, 0x00000000f7d00000)
  eden space 102400K, 100% used [0x00000000f0000000, 0x00000000f6400000, 0x00000000f6400000)
  from space 12800K,   9% used [0x00000000f7080000, 0x00000000f71a9540, 0x00000000f7d00000)
  to   space 12800K,   0% used [0x00000000f6400000, 0x00000000f6400000, 0x00000000f7080000)
 concurrent mark-sweep generation total 134144K, used 39746K [0x00000000f7d00000, 0x0000000100000000, 0x0000000100000000)
 Metaspace       used 65006K, capacity 69670K, committed 69888K, reserved 1110016K
  class space    used 8388K, capacity 9180K, committed 9216K, reserved 1048576K
2022-09-12T02:02:56.533+0800: 151.311: [GC (Allocation Failure)  143335K->41260K(249344K), 0.0040702 secs]
Heap after GC invocations=160 (full 0):
 par new generation   total 115200K, used 1499K [0x00000000f0000000, 0x00000000f7d00000, 0x00000000f7d00000)
  eden space 102400K,   0% used [0x00000000f0000000, 0x00000000f0000000, 0x00000000f6400000)
  from space 12800K,  11% used [0x00000000f6400000, 0x00000000f6576c98, 0x00000000f7080000)
  to   space 12800K,   0% used [0x00000000f7080000, 0x00000000f7080000, 0x00000000f7d00000)
 concurrent mark-sweep generation total 134144K, used 39761K [0x00000000f7d00000, 0x0000000100000000, 0x0000000100000000)
 Metaspace       used 65006K, capacity 69670K, committed 69888K, reserved 1110016K
  class space    used 8388K, capacity 9180K, committed 9216K, reserved 1048576K
}
{Heap before GC invocations=160 (full 0):
 par new generation   total 115200K, used 103899K [0x00000000f0000000, 0x00000000f7d00000, 0x00000000f7d00000)
  eden space 102400K, 100% used [0x00000000f0000000, 0x00000000f6400000, 0x00000000f6400000)
  from space 12800K,  11% used [0x00000000f6400000, 0x00000000f6576c98, 0x00000000f7080000)
  to   space 12800K,   0% used [0x00000000f7080000, 0x00000000f7080000, 0x00000000f7d00000)
 concurrent mark-sweep generation total 134144K, used 39761K [0x00000000f7d00000, 0x0000000100000000, 0x0000000100000000)
 Metaspace       used 65006K, capacity 69670K, committed 69888K, reserved 1110016K
  class space    used 8388K, capacity 9180K, committed 9216K, reserved 1048576K
2022-09-12T02:02:56.881+0800: 151.658: [GC (Allocation Failure)  143660K->41424K(249344K), 0.0041610 secs]
Heap after GC invocations=161 (full 0):
 par new generation   total 115200K, used 1646K [0x00000000f0000000, 0x00000000f7d00000, 0x00000000f7d00000)
  eden space 102400K,   0% used [0x00000000f0000000, 0x00000000f0000000, 0x00000000f6400000)
  from space 12800K,  12% used [0x00000000f7080000, 0x00000000f721ba90, 0x00000000f7d00000)
  to   space 12800K,   0% used [0x00000000f6400000, 0x00000000f6400000, 0x00000000f7080000)
 concurrent mark-sweep generation total 134144K, used 39778K [0x00000000f7d00000, 0x0000000100000000, 0x0000000100000000)
 Metaspace       used 65006K, capacity 69670K, committed 69888K, reserved 1110016K
  class space    used 8388K, capacity 9180K, committed 9216K, reserved 1048576K
}
{Heap before GC invocations=161 (full 0):
 par new generation   total 115200K, used 104046K [0x00000000f0000000, 0x00000000f7d00000, 0x00000000f7d00000)
  eden space 102400K, 100% used [0x00000000f0000000, 0x00000000f6400000, 0x00000000f6400000)
  from space 12800K,  12% used [0x00000000f7080000, 0x00000000f721ba90, 0x00000000f7d00000)
  to   space 12800K,   0% used [0x00000000f6400000, 0x00000000f6400000, 0x00000000f7080000)
 concurrent mark-sweep generation total 134144K, used 39778K [0x00000000f7d00000, 0x0000000100000000, 0x0000000100000000)
 Metaspace       used 65006K, capacity 69670K, committed 69888K, reserved 1110016K
  class space    used 8388K, capacity 9180K, committed 9216K, reserved 1048576K
2022-09-12T02:02:57.230+0800: 152.008: [GC (Allocation Failure)  143824K->41157K(249344K), 0.0041417 secs]
Heap after GC invocations=162 (full 0):
 par new generation   total 115200K, used 1361K [0x00000000f0000000, 0x00000000f7d00000, 0x00000000f7d00000)
  eden space 102400K,   0% used [0x00000000f0000000, 0x00000000f0000000, 0x00000000f6400000)
  from space 12800K,  10% used [0x00000000f6400000, 0x00000000f65544b8, 0x00000000f7080000)
  to   space 12800K,   0% used [0x00000000f7080000, 0x00000000f7080000, 0x00000000f7d00000)
 concurrent mark-sweep generation total 134144K, used 39796K [0x00000000f7d00000, 0x0000000100000000, 0x0000000100000000)
 Metaspace       used 65006K, capacity 69670K, committed 69888K, reserved 1110016K
  class space    used 8388K, capacity 9180K, committed 9216K, reserved 1048576K
}
{Heap before GC invocations=162 (full 0):
 par new generation   total 115200K, used 103761K [0x00000000f0000000, 0x00000000f7d00000, 0x00000000f7d00000)
  eden space 102400K, 100% used [0x00000000f0000000, 0x00000000f6400000, 0x00000000f6400000)
  from space 12800K,  10% used [0x00000000f6400000, 0x00000000f65544b8, 0x00000000f7080000)
  to   space 12800K,   0% used [0x00000000f7080000, 0x00000000f7080000, 0x00000000f7d00000)
 concurrent mark-sweep generation total 134144K, used 39796K [0x00000000f7d00000, 0x0000000100000000, 0x0000000100000000)
 Metaspace       used 65006K, capacity 69670K, committed 69888K, reserved 1110016K
  class space    used 8388K, capacity 9180K, committed 9216K, reserved 1048576K
2022-09-12T02:02:57.579+0800: 152.356: [GC (Allocation Failure)  143557K->41345K(249344K), 0.0041231 secs]
Heap after GC invocations=163 (full 0):
 par new generation   total 115200K, used 1533K [0x00000000f0000000, 0x00000000f7d00000, 0x00000000f7d00000)
  eden space 102400K,   0% used [0x00000000f0000000, 0x00000000f0000000, 0x00000000f6400000)
  from space 12800K,  11% used [0x00000000f7080000, 0x00000000f71ff5f8, 0x00000000f7d00000)
  to   space 12800K,   0% used [0x00000000f6400000, 0x00000000f6400000, 0x00000000f7080000)
 concurrent mark-sweep generation total 134144K, used 39811K [0x00000000f7d00000, 0x0000000100000000, 0x0000000100000000)
 Metaspace       used 65006K, capacity 69670K, committed 69888K, reserved 1110016K
  class space    used 8388K, capacity 9180K, committed 9216K, reserved 1048576K
}
{Heap before GC invocations=163 (full 0):
 par new generation   total 115200K, used 103933K [0x00000000f0000000, 0x00000000f7d00000, 0x00000000f7d00000)
  eden space 102400K, 100% used [0x00000000f0000000, 0x00000000f6400000, 0x00000000f6400000)
  from space 12800K,  11% used [0x00000000f7080000, 0x00000000f71ff5f8, 0x00000000f7d00000)
  to   space 12800K,   0% used [0x00000000f6400000, 0x00000000f6400000, 0x00000000f7080000)
 concurrent mark-sweep generation total 134144K, used 39811K [0x00000000f7d00000, 0x0000000100000000, 0x0000000100000000)
 Metaspace       used 65006K, capacity 69670K, committed 69888K, reserved 1110016K
  class space    used 8388K, capacity 9180K, committed 9216K, reserved 1048576K
2022-09-12T02:02:57.928+0800: 152.705: [GC (Allocation Failure)  143745K->41508K(249344K), 0.0041995 secs]
Heap after GC invocations=164 (full 0):
 par new generation   total 115200K, used 1680K [0x00000000f0000000, 0x00000000f7d00000, 0x00000000f7d00000)
  eden space 102400K,   0% used [0x00000000f0000000, 0x00000000f0000000, 0x00000000f6400000)
  from space 12800K,  13% used [0x00000000f6400000, 0x00000000f65a40e0, 0x00000000f7080000)
  to   space 12800K,   0% used [0x00000000f7080000, 0x00000000f7080000, 0x00000000f7d00000)
 concurrent mark-sweep generation total 134144K, used 39828K [0x00000000f7d00000, 0x0000000100000000, 0x0000000100000000)
 Metaspace       used 65006K, capacity 69670K, committed 69888K, reserved 1110016K
  class space    used 8388K, capacity 9180K, committed 9216K, reserved 1048576K
}
{Heap before GC invocations=164 (full 0):
 par new generation   total 115200K, used 104080K [0x00000000f0000000, 0x00000000f7d00000, 0x00000000f7d00000)
  eden space 102400K, 100% used [0x00000000f0000000, 0x00000000f6400000, 0x00000000f6400000)
  from space 12800K,  13% used [0x00000000f6400000, 0x00000000f65a40e0, 0x00000000f7080000)
  to   space 12800K,   0% used [0x00000000f7080000, 0x00000000f7080000, 0x00000000f7d00000)
 concurrent mark-sweep generation total 134144K, used 39828K [0x00000000f7d00000, 0x0000000100000000, 0x0000000100000000)
 Metaspace       used 65006K, capacity 69670K, committed 69888K, reserved 1110016K
  class space    used 8388K, capacity 9180K, committed 9216K, reserved 1048576K
2022-09-12T02:02:58.277+0800: 153.054: [GC (Allocation Failure)  143908K->41048K(249344K), 0.0041994 secs]
Heap after GC invocations=165 (full 0):
 par new generation   total 115200K, used 1202K [0x00000000f0000000, 0x00000000f7d00000, 0x00000000f7d00000)
  eden space 102400K,   0% used [0x00000000f0000000, 0x00000000f0000000, 0x00000000f6400000)
  from space 12800K,   9% used [0x00000000f7080000, 0x00000000f71acb40, 0x00000000f7d00000)
  to   space 12800K,   0% used [0x00000000f6400000, 0x00000000f6400000, 0x00000000f7080000)
 concurrent mark-sweep generation total 134144K, used 39846K [0x00000000f7d00000, 0x0000000100000000, 0x0000000100000000)
 Metaspace       used 65006K, capacity 69670K, committed 69888K, reserved 1110016K
  class space    used 8388K, capacity 9180K, committed 9216K, reserved 1048576K
}
{Heap before GC invocations=165 (full 0):
 par new generation   total 115200K, used 103602K [0x00000000f0000000, 0x00000000f7d00000, 0x00000000f7d00000)
  eden space 102400K, 100% used [0x00000000f0000000, 0x00000000f6400000, 0x00000000f6400000)
  from space 12800K,   9% used [0x00000000f7080000, 0x00000000f71acb40, 0x00000000f7d00000)
  to   space 12800K,   0% used [0x00000000f6400000, 0x00000000f6400000, 0x00000000f7080000)
 concurrent mark-sweep generation total 134144K, used 39846K [0x00000000f7d00000, 0x0000000100000000, 0x0000000100000000)
 Metaspace       used 65006K, capacity 69670K, committed 69888K, reserved 1110016K
  class space    used 8388K, capacity 9180K, committed 9216K, reserved 1048576K
2022-09-12T02:02:58.624+0800: 153.402: [GC (Allocation Failure)  143448K->41359K(249344K), 0.0042801 secs]
Heap after GC invocations=166 (full 0):
 par new generation   total 115200K, used 1498K [0x00000000f0000000, 0x00000000f7d00000, 0x00000000f7d00000)
  eden space 102400K,   0% used [0x00000000f0000000, 0x00000000f0000000, 0x00000000f6400000)
  from space 12800K,  11% used [0x00000000f6400000, 0x00000000f6576ad8, 0x00000000f7080000)
  to   space 12800K,   0% used [0x00000000f7080000, 0x00000000f7080000, 0x00000000f7d00000)
 concurrent mark-sweep generation total 134144K, used 39860K [0x00000000f7d00000, 0x0000000100000000, 0x0000000100000000)
 Metaspace       used 65006K, capacity 69670K, committed 69888K, reserved 1110016K
  class space    used 8388K, capacity 9180K, committed 9216K, reserved 1048576K
}
{Heap before GC invocations=166 (full 0):
 par new generation   total 115200K, used 103898K [0x00000000f0000000, 0x00000000f7d00000, 0x00000000f7d00000)
  eden space 102400K, 100% used [0x00000000f0000000, 0x00000000f6400000, 0x00000000f6400000)
  from space 12800K,  11% used [0x00000000f6400000, 0x00000000f6576ad8, 0x00000000f7080000)
  to   space 12800K,   0% used [0x00000000f7080000, 0x00000000f7080000, 0x00000000f7d00000)
 concurrent mark-sweep generation total 134144K, used 39860K [0x00000000f7d00000, 0x0000000100000000, 0x0000000100000000)
 Metaspace       used 65006K, capacity 69670K, committed 69888K, reserved 1110016K
  class space    used 8388K, capacity 9180K, committed 9216K, reserved 1048576K
2022-09-12T02:02:58.980+0800: 153.757: [GC (Allocation Failure)  143759K->41524K(249344K), 0.0043560 secs]
Heap after GC invocations=167 (full 0):
 par new generation   total 115200K, used 1651K [0x00000000f0000000, 0x00000000f7d00000, 0x00000000f7d00000)
  eden space 102400K,   0% used [0x00000000f0000000, 0x00000000f0000000, 0x00000000f6400000)
  from space 12800K,  12% used [0x00000000f7080000, 0x00000000f721cd98, 0x00000000f7d00000)
  to   space 12800K,   0% used [0x00000000f6400000, 0x00000000f6400000, 0x00000000f7080000)
 concurrent mark-sweep generation total 134144K, used 39873K [0x00000000f7d00000, 0x0000000100000000, 0x0000000100000000)
 Metaspace       used 65006K, capacity 69670K, committed 69888K, reserved 1110016K
  class space    used 8388K, capacity 9180K, committed 9216K, reserved 1048576K
}
{Heap before GC invocations=167 (full 0):
 par new generation   total 115200K, used 104051K [0x00000000f0000000, 0x00000000f7d00000, 0x00000000f7d00000)
  eden space 102400K, 100% used [0x00000000f0000000, 0x00000000f6400000, 0x00000000f6400000)
  from space 12800K,  12% used [0x00000000f7080000, 0x00000000f721cd98, 0x00000000f7d00000)
  to   space 12800K,   0% used [0x00000000f6400000, 0x00000000f6400000, 0x00000000f7080000)
 concurrent mark-sweep generation total 134144K, used 39873K [0x00000000f7d00000, 0x0000000100000000, 0x0000000100000000)
 Metaspace       used 65006K, capacity 69670K, committed 69888K, reserved 1110016K
  class space    used 8388K, capacity 9180K, committed 9216K, reserved 1048576K
2022-09-12T02:02:59.330+0800: 154.107: [GC (Allocation Failure)  143924K->41103K(249344K), 0.0041560 secs]
Heap after GC invocations=168 (full 0):
 par new generation   total 115200K, used 1210K [0x00000000f0000000, 0x00000000f7d00000, 0x00000000f7d00000)
  eden space 102400K,   0% used [0x00000000f0000000, 0x00000000f0000000, 0x00000000f6400000)
  from space 12800K,   9% used [0x00000000f6400000, 0x00000000f652e800, 0x00000000f7080000)
  to   space 12800K,   0% used [0x00000000f7080000, 0x00000000f7080000, 0x00000000f7d00000)
 concurrent mark-sweep generation total 134144K, used 39893K [0x00000000f7d00000, 0x0000000100000000, 0x0000000100000000)
 Metaspace       used 65006K, capacity 69670K, committed 69888K, reserved 1110016K
  class space    used 8388K, capacity 9180K, committed 9216K, reserved 1048576K
}
{Heap before GC invocations=168 (full 0):
 par new generation   total 115200K, used 103610K [0x00000000f0000000, 0x00000000f7d00000, 0x00000000f7d00000)
  eden space 102400K, 100% used [0x00000000f0000000, 0x00000000f6400000, 0x00000000f6400000)
  from space 12800K,   9% used [0x00000000f6400000, 0x00000000f652e800, 0x00000000f7080000)
  to   space 12800K,   0% used [0x00000000f7080000, 0x00000000f7080000, 0x00000000f7d00000)
 concurrent mark-sweep generation total 134144K, used 39893K [0x00000000f7d00000, 0x0000000100000000, 0x0000000100000000)
 Metaspace       used 65006K, capacity 69670K, committed 69888K, reserved 1110016K
  class space    used 8388K, capacity 9180K, committed 9216K, reserved 1048576K
2022-09-12T02:02:59.681+0800: 154.458: [GC (Allocation Failure)  143503K->41435K(249344K), 0.0042759 secs]
Heap after GC invocations=169 (full 0):
 par new generation   total 115200K, used 1527K [0x00000000f0000000, 0x00000000f7d00000, 0x00000000f7d00000)
  eden space 102400K,   0% used [0x00000000f0000000, 0x00000000f0000000, 0x00000000f6400000)
  from space 12800K,  11% used [0x00000000f7080000, 0x00000000f71fde90, 0x00000000f7d00000)
  to   space 12800K,   0% used [0x00000000f6400000, 0x00000000f6400000, 0x00000000f7080000)
 concurrent mark-sweep generation total 134144K, used 39907K [0x00000000f7d00000, 0x0000000100000000, 0x0000000100000000)
 Metaspace       used 65006K, capacity 69670K, committed 69888K, reserved 1110016K
  class space    used 8388K, capacity 9180K, committed 9216K, reserved 1048576K
}
{Heap before GC invocations=169 (full 0):
 par new generation   total 115200K, used 103927K [0x00000000f0000000, 0x00000000f7d00000, 0x00000000f7d00000)
  eden space 102400K, 100% used [0x00000000f0000000, 0x00000000f6400000, 0x00000000f6400000)
  from space 12800K,  11% used [0x00000000f7080000, 0x00000000f71fde90, 0x00000000f7d00000)
  to   space 12800K,   0% used [0x00000000f6400000, 0x00000000f6400000, 0x00000000f7080000)
 concurrent mark-sweep generation total 134144K, used 39907K [0x00000000f7d00000, 0x0000000100000000, 0x0000000100000000)
 Metaspace       used 65006K, capacity 69670K, committed 69888K, reserved 1110016K
  class space    used 8388K, capacity 9180K, committed 9216K, reserved 1048576K
2022-09-12T02:03:00.030+0800: 154.807: [GC (Allocation Failure)  143835K->41583K(249344K), 0.0043642 secs]
Heap after GC invocations=170 (full 0):
 par new generation   total 115200K, used 1659K [0x00000000f0000000, 0x00000000f7d00000, 0x00000000f7d00000)
  eden space 102400K,   0% used [0x00000000f0000000, 0x00000000f0000000, 0x00000000f6400000)
  from space 12800K,  12% used [0x00000000f6400000, 0x00000000f659eca8, 0x00000000f7080000)
  to   space 12800K,   0% used [0x00000000f7080000, 0x00000000f7080000, 0x00000000f7d00000)
 concurrent mark-sweep generation total 134144K, used 39924K [0x00000000f7d00000, 0x0000000100000000, 0x0000000100000000)
 Metaspace       used 65006K, capacity 69670K, committed 69888K, reserved 1110016K
  class space    used 8388K, capacity 9180K, committed 9216K, reserved 1048576K
}
{Heap before GC invocations=170 (full 0):
 par new generation   total 115200K, used 104059K [0x00000000f0000000, 0x00000000f7d00000, 0x00000000f7d00000)
  eden space 102400K, 100% used [0x00000000f0000000, 0x00000000f6400000, 0x00000000f6400000)
  from space 12800K,  12% used [0x00000000f6400000, 0x00000000f659eca8, 0x00000000f7080000)
  to   space 12800K,   0% used [0x00000000f7080000, 0x00000000f7080000, 0x00000000f7d00000)
 concurrent mark-sweep generation total 134144K, used 39924K [0x00000000f7d00000, 0x0000000100000000, 0x0000000100000000)
 Metaspace       used 65006K, capacity 69670K, committed 69888K, reserved 1110016K
  class space    used 8388K, capacity 9180K, committed 9216K, reserved 1048576K
2022-09-12T02:03:00.380+0800: 155.158: [GC (Allocation Failure)  143983K->41135K(249344K), 0.0041447 secs]
Heap after GC invocations=171 (full 0):
 par new generation   total 115200K, used 1195K [0x00000000f0000000, 0x00000000f7d00000, 0x00000000f7d00000)
  eden space 102400K,   0% used [0x00000000f0000000, 0x00000000f0000000, 0x00000000f6400000)
  from space 12800K,   9% used [0x00000000f7080000, 0x00000000f71aac00, 0x00000000f7d00000)
  to   space 12800K,   0% used [0x00000000f6400000, 0x00000000f6400000, 0x00000000f7080000)
 concurrent mark-sweep generation total 134144K, used 39940K [0x00000000f7d00000, 0x0000000100000000, 0x0000000100000000)
 Metaspace       used 65006K, capacity 69670K, committed 69888K, reserved 1110016K
  class space    used 8388K, capacity 9180K, committed 9216K, reserved 1048576K
}
{Heap before GC invocations=171 (full 0):
 par new generation   total 115200K, used 103595K [0x00000000f0000000, 0x00000000f7d00000, 0x00000000f7d00000)
  eden space 102400K, 100% used [0x00000000f0000000, 0x00000000f6400000, 0x00000000f6400000)
  from space 12800K,   9% used [0x00000000f7080000, 0x00000000f71aac00, 0x00000000f7d00000)
  to   space 12800K,   0% used [0x00000000f6400000, 0x00000000f6400000, 0x00000000f7080000)
 concurrent mark-sweep generation total 134144K, used 39940K [0x00000000f7d00000, 0x0000000100000000, 0x0000000100000000)
 Metaspace       used 65006K, capacity 69670K, committed 69888K, reserved 1110016K
  class space    used 8388K, capacity 9180K, committed 9216K, reserved 1048576K
2022-09-12T02:03:00.729+0800: 155.507: [GC (Allocation Failure)  143535K->41465K(249344K), 0.0043335 secs]
Heap after GC invocations=172 (full 0):
 par new generation   total 115200K, used 1505K [0x00000000f0000000, 0x00000000f7d00000, 0x00000000f7d00000)
  eden space 102400K,   0% used [0x00000000f0000000, 0x00000000f0000000, 0x00000000f6400000)
  from space 12800K,  11% used [0x00000000f6400000, 0x00000000f6578668, 0x00000000f7080000)
  to   space 12800K,   0% used [0x00000000f7080000, 0x00000000f7080000, 0x00000000f7d00000)
 concurrent mark-sweep generation total 134144K, used 39959K [0x00000000f7d00000, 0x0000000100000000, 0x0000000100000000)
 Metaspace       used 65006K, capacity 69670K, committed 69888K, reserved 1110016K
  class space    used 8388K, capacity 9180K, committed 9216K, reserved 1048576K
}
{Heap before GC invocations=172 (full 0):
 par new generation   total 115200K, used 103905K [0x00000000f0000000, 0x00000000f7d00000, 0x00000000f7d00000)
  eden space 102400K, 100% used [0x00000000f0000000, 0x00000000f6400000, 0x00000000f6400000)
  from space 12800K,  11% used [0x00000000f6400000, 0x00000000f6578668, 0x00000000f7080000)
  to   space 12800K,   0% used [0x00000000f7080000, 0x00000000f7080000, 0x00000000f7d00000)
 concurrent mark-sweep generation total 134144K, used 39959K [0x00000000f7d00000, 0x0000000100000000, 0x0000000100000000)
 Metaspace       used 65006K, capacity 69670K, committed 69888K, reserved 1110016K
  class space    used 8388K, capacity 9180K, committed 9216K, reserved 1048576K
2022-09-12T02:03:01.079+0800: 155.856: [GC (Allocation Failure)  143865K->41395K(249344K), 0.0043213 secs]
Heap after GC invocations=173 (full 0):
 par new generation   total 115200K, used 1420K [0x00000000f0000000, 0x00000000f7d00000, 0x00000000f7d00000)
  eden space 102400K,   0% used [0x00000000f0000000, 0x00000000f0000000, 0x00000000f6400000)
  from space 12800K,  11% used [0x00000000f7080000, 0x00000000f71e3200, 0x00000000f7d00000)
  to   space 12800K,   0% used [0x00000000f6400000, 0x00000000f6400000, 0x00000000f7080000)
 concurrent mark-sweep generation total 134144K, used 39975K [0x00000000f7d00000, 0x0000000100000000, 0x0000000100000000)
 Metaspace       used 65006K, capacity 69670K, committed 69888K, reserved 1110016K
  class space    used 8388K, capacity 9180K, committed 9216K, reserved 1048576K
}
{Heap before GC invocations=173 (full 0):
 par new generation   total 115200K, used 103820K [0x00000000f0000000, 0x00000000f7d00000, 0x00000000f7d00000)
  eden space 102400K, 100% used [0x00000000f0000000, 0x00000000f6400000, 0x00000000f6400000)
  from space 12800K,  11% used [0x00000000f7080000, 0x00000000f71e3200, 0x00000000f7d00000)
  to   space 12800K,   0% used [0x00000000f6400000, 0x00000000f6400000, 0x00000000f7080000)
 concurrent mark-sweep generation total 134144K, used 39975K [0x00000000f7d00000, 0x0000000100000000, 0x0000000100000000)
 Metaspace       used 65006K, capacity 69670K, committed 69888K, reserved 1110016K
  class space    used 8388K, capacity 9180K, committed 9216K, reserved 1048576K
2022-09-12T02:03:01.433+0800: 156.210: [GC (Allocation Failure)  143795K->41668K(249344K), 0.0041923 secs]
Heap after GC invocations=174 (full 0):
 par new generation   total 115200K, used 1681K [0x00000000f0000000, 0x00000000f7d00000, 0x00000000f7d00000)
  eden space 102400K,   0% used [0x00000000f0000000, 0x00000000f0000000, 0x00000000f6400000)
  from space 12800K,  13% used [0x00000000f6400000, 0x00000000f65a46c8, 0x00000000f7080000)
  to   space 12800K,   0% used [0x00000000f7080000, 0x00000000f7080000, 0x00000000f7d00000)
 concurrent mark-sweep generation total 134144K, used 39986K [0x00000000f7d00000, 0x0000000100000000, 0x0000000100000000)
 Metaspace       used 65006K, capacity 69670K, committed 69888K, reserved 1110016K
  class space    used 8388K, capacity 9180K, committed 9216K, reserved 1048576K
}
{Heap before GC invocations=174 (full 0):
 par new generation   total 115200K, used 104081K [0x00000000f0000000, 0x00000000f7d00000, 0x00000000f7d00000)
  eden space 102400K, 100% used [0x00000000f0000000, 0x00000000f6400000, 0x00000000f6400000)
  from space 12800K,  13% used [0x00000000f6400000, 0x00000000f65a46c8, 0x00000000f7080000)
  to   space 12800K,   0% used [0x00000000f7080000, 0x00000000f7080000, 0x00000000f7d00000)
 concurrent mark-sweep generation total 134144K, used 39986K [0x00000000f7d00000, 0x0000000100000000, 0x0000000100000000)
 Metaspace       used 65006K, capacity 69670K, committed 69888K, reserved 1110016K
  class space    used 8388K, capacity 9180K, committed 9216K, reserved 1048576K
2022-09-12T02:03:01.782+0800: 156.559: [GC (Allocation Failure)  144068K->41357K(249344K), 0.0042447 secs]
Heap after GC invocations=175 (full 0):
 par new generation   total 115200K, used 1358K [0x00000000f0000000, 0x00000000f7d00000, 0x00000000f7d00000)
  eden space 102400K,   0% used [0x00000000f0000000, 0x00000000f0000000, 0x00000000f6400000)
  from space 12800K,  10% used [0x00000000f7080000, 0x00000000f71d3930, 0x00000000f7d00000)
  to   space 12800K,   0% used [0x00000000f6400000, 0x00000000f6400000, 0x00000000f7080000)
 concurrent mark-sweep generation total 134144K, used 39999K [0x00000000f7d00000, 0x0000000100000000, 0x0000000100000000)
 Metaspace       used 65006K, capacity 69670K, committed 69888K, reserved 1110016K
  class space    used 8388K, capacity 9180K, committed 9216K, reserved 1048576K
}
{Heap before GC invocations=175 (full 0):
 par new generation   total 115200K, used 103758K [0x00000000f0000000, 0x00000000f7d00000, 0x00000000f7d00000)
  eden space 102400K, 100% used [0x00000000f0000000, 0x00000000f6400000, 0x00000000f6400000)
  from space 12800K,  10% used [0x00000000f7080000, 0x00000000f71d3930, 0x00000000f7d00000)
  to   space 12800K,   0% used [0x00000000f6400000, 0x00000000f6400000, 0x00000000f7080000)
 concurrent mark-sweep generation total 134144K, used 39999K [0x00000000f7d00000, 0x0000000100000000, 0x0000000100000000)
 Metaspace       used 65006K, capacity 69670K, committed 69888K, reserved 1110016K
  class space    used 8388K, capacity 9180K, committed 9216K, reserved 1048576K
2022-09-12T02:03:02.131+0800: 156.908: [GC (Allocation Failure)  143757K->41584K(249344K), 0.0043956 secs]
Heap after GC invocations=176 (full 0):
 par new generation   total 115200K, used 1558K [0x00000000f0000000, 0x00000000f7d00000, 0x00000000f7d00000)
  eden space 102400K,   0% used [0x00000000f0000000, 0x00000000f0000000, 0x00000000f6400000)
  from space 12800K,  12% used [0x00000000f6400000, 0x00000000f6585910, 0x00000000f7080000)
  to   space 12800K,   0% used [0x00000000f7080000, 0x00000000f7080000, 0x00000000f7d00000)
 concurrent mark-sweep generation total 134144K, used 40026K [0x00000000f7d00000, 0x0000000100000000, 0x0000000100000000)
 Metaspace       used 65006K, capacity 69670K, committed 69888K, reserved 1110016K
  class space    used 8388K, capacity 9180K, committed 9216K, reserved 1048576K
}
{Heap before GC invocations=176 (full 0):
 par new generation   total 115200K, used 103958K [0x00000000f0000000, 0x00000000f7d00000, 0x00000000f7d00000)
  eden space 102400K, 100% used [0x00000000f0000000, 0x00000000f6400000, 0x00000000f6400000)
  from space 12800K,  12% used [0x00000000f6400000, 0x00000000f6585910, 0x00000000f7080000)
  to   space 12800K,   0% used [0x00000000f7080000, 0x00000000f7080000, 0x00000000f7d00000)
 concurrent mark-sweep generation total 134144K, used 40026K [0x00000000f7d00000, 0x0000000100000000, 0x0000000100000000)
 Metaspace       used 65006K, capacity 69670K, committed 69888K, reserved 1110016K
  class space    used 8388K, capacity 9180K, committed 9216K, reserved 1048576K
2022-09-12T02:03:02.481+0800: 157.259: [GC (Allocation Failure)  143984K->41701K(249344K), 0.0042155 secs]
Heap after GC invocations=177 (full 0):
 par new generation   total 115200K, used 1664K [0x00000000f0000000, 0x00000000f7d00000, 0x00000000f7d00000)
  eden space 102400K,   0% used [0x00000000f0000000, 0x00000000f0000000, 0x00000000f6400000)
  from space 12800K,  13% used [0x00000000f7080000, 0x00000000f7220330, 0x00000000f7d00000)
  to   space 12800K,   0% used [0x00000000f6400000, 0x00000000f6400000, 0x00000000f7080000)
 concurrent mark-sweep generation total 134144K, used 40036K [0x00000000f7d00000, 0x0000000100000000, 0x0000000100000000)
 Metaspace       used 65006K, capacity 69670K, committed 69888K, reserved 1110016K
  class space    used 8388K, capacity 9180K, committed 9216K, reserved 1048576K
}
{Heap before GC invocations=177 (full 0):
 par new generation   total 115200K, used 104064K [0x00000000f0000000, 0x00000000f7d00000, 0x00000000f7d00000)
  eden space 102400K, 100% used [0x00000000f0000000, 0x00000000f6400000, 0x00000000f6400000)
  from space 12800K,  13% used [0x00000000f7080000, 0x00000000f7220330, 0x00000000f7d00000)
  to   space 12800K,   0% used [0x00000000f6400000, 0x00000000f6400000, 0x00000000f7080000)
 concurrent mark-sweep generation total 134144K, used 40036K [0x00000000f7d00000, 0x0000000100000000, 0x0000000100000000)
 Metaspace       used 65006K, capacity 69670K, committed 69888K, reserved 1110016K
  class space    used 8388K, capacity 9180K, committed 9216K, reserved 1048576K
2022-09-12T02:03:02.830+0800: 157.608: [GC (Allocation Failure)  144101K->41233K(249344K), 0.0042056 secs]
Heap after GC invocations=178 (full 0):
 par new generation   total 115200K, used 1182K [0x00000000f0000000, 0x00000000f7d00000, 0x00000000f7d00000)
  eden space 102400K,   0% used [0x00000000f0000000, 0x00000000f0000000, 0x00000000f6400000)
  from space 12800K,   9% used [0x00000000f6400000, 0x00000000f6527880, 0x00000000f7080000)
  to   space 12800K,   0% used [0x00000000f7080000, 0x00000000f7080000, 0x00000000f7d00000)
 concurrent mark-sweep generation total 134144K, used 40051K [0x00000000f7d00000, 0x0000000100000000, 0x0000000100000000)
 Metaspace       used 65006K, capacity 69670K, committed 69888K, reserved 1110016K
  class space    used 8388K, capacity 9180K, committed 9216K, reserved 1048576K
}
{Heap before GC invocations=178 (full 0):
 par new generation   total 115200K, used 103582K [0x00000000f0000000, 0x00000000f7d00000, 0x00000000f7d00000)
  eden space 102400K, 100% used [0x00000000f0000000, 0x00000000f6400000, 0x00000000f6400000)
  from space 12800K,   9% used [0x00000000f6400000, 0x00000000f6527880, 0x00000000f7080000)
  to   space 12800K,   0% used [0x00000000f7080000, 0x00000000f7080000, 0x00000000f7d00000)
 concurrent mark-sweep generation total 134144K, used 40051K [0x00000000f7d00000, 0x0000000100000000, 0x0000000100000000)
 Metaspace       used 65006K, capacity 69670K, committed 69888K, reserved 1110016K
  class space    used 8388K, capacity 9180K, committed 9216K, reserved 1048576K
2022-09-12T02:03:03.181+0800: 157.958: [GC (Allocation Failure)  143633K->41567K(249344K), 0.0041718 secs]
Heap after GC invocations=179 (full 0):
 par new generation   total 115200K, used 1496K [0x00000000f0000000, 0x00000000f7d00000, 0x00000000f7d00000)
  eden space 102400K,   0% used [0x00000000f0000000, 0x00000000f0000000, 0x00000000f6400000)
  from space 12800K,  11% used [0x00000000f7080000, 0x00000000f71f6170, 0x00000000f7d00000)
  to   space 12800K,   0% used [0x00000000f6400000, 0x00000000f6400000, 0x00000000f7080000)
 concurrent mark-sweep generation total 134144K, used 40071K [0x00000000f7d00000, 0x0000000100000000, 0x0000000100000000)
 Metaspace       used 65006K, capacity 69670K, committed 69888K, reserved 1110016K
  class space    used 8388K, capacity 9180K, committed 9216K, reserved 1048576K
}
{Heap before GC invocations=179 (full 0):
 par new generation   total 115200K, used 103896K [0x00000000f0000000, 0x00000000f7d00000, 0x00000000f7d00000)
  eden space 102400K, 100% used [0x00000000f0000000, 0x00000000f6400000, 0x00000000f6400000)
  from space 12800K,  11% used [0x00000000f7080000, 0x00000000f71f6170, 0x00000000f7d00000)
  to   space 12800K,   0% used [0x00000000f6400000, 0x00000000f6400000, 0x00000000f7080000)
 concurrent mark-sweep generation total 134144K, used 40071K [0x00000000f7d00000, 0x0000000100000000, 0x0000000100000000)
 Metaspace       used 65006K, capacity 69670K, committed 69888K, reserved 1110016K
  class space    used 8388K, capacity 9180K, committed 9216K, reserved 1048576K
2022-09-12T02:03:03.536+0800: 158.314: [GC (Allocation Failure)  143967K->41697K(249344K), 0.0041567 secs]
Heap after GC invocations=180 (full 0):
 par new generation   total 115200K, used 1608K [0x00000000f0000000, 0x00000000f7d00000, 0x00000000f7d00000)
  eden space 102400K,   0% used [0x00000000f0000000, 0x00000000f0000000, 0x00000000f6400000)
  from space 12800K,  12% used [0x00000000f6400000, 0x00000000f65922f8, 0x00000000f7080000)
  to   space 12800K,   0% used [0x00000000f7080000, 0x00000000f7080000, 0x00000000f7d00000)
 concurrent mark-sweep generation total 134144K, used 40088K [0x00000000f7d00000, 0x0000000100000000, 0x0000000100000000)
 Metaspace       used 65006K, capacity 69670K, committed 69888K, reserved 1110016K
  class space    used 8388K, capacity 9180K, committed 9216K, reserved 1048576K
}
{Heap before GC invocations=180 (full 0):
 par new generation   total 115200K, used 104008K [0x00000000f0000000, 0x00000000f7d00000, 0x00000000f7d00000)
  eden space 102400K, 100% used [0x00000000f0000000, 0x00000000f6400000, 0x00000000f6400000)
  from space 12800K,  12% used [0x00000000f6400000, 0x00000000f65922f8, 0x00000000f7080000)
  to   space 12800K,   0% used [0x00000000f7080000, 0x00000000f7080000, 0x00000000f7d00000)
 concurrent mark-sweep generation total 134144K, used 40088K [0x00000000f7d00000, 0x0000000100000000, 0x0000000100000000)
 Metaspace       used 65006K, capacity 69670K, committed 69888K, reserved 1110016K
  class space    used 8388K, capacity 9180K, committed 9216K, reserved 1048576K
2022-09-12T02:03:03.886+0800: 158.663: [GC (Allocation Failure)  144097K->41407K(249344K), 0.0041530 secs]
Heap after GC invocations=181 (full 0):
 par new generation   total 115200K, used 1303K [0x00000000f0000000, 0x00000000f7d00000, 0x00000000f7d00000)
  eden space 102400K,   0% used [0x00000000f0000000, 0x00000000f0000000, 0x00000000f6400000)
  from space 12800K,  10% used [0x00000000f7080000, 0x00000000f71c5c68, 0x00000000f7d00000)
  to   space 12800K,   0% used [0x00000000f6400000, 0x00000000f6400000, 0x00000000f7080000)
 concurrent mark-sweep generation total 134144K, used 40104K [0x00000000f7d00000, 0x0000000100000000, 0x0000000100000000)
 Metaspace       used 65006K, capacity 69670K, committed 69888K, reserved 1110016K
  class space    used 8388K, capacity 9180K, committed 9216K, reserved 1048576K
}
{Heap before GC invocations=181 (full 0):
 par new generation   total 115200K, used 103703K [0x00000000f0000000, 0x00000000f7d00000, 0x00000000f7d00000)
  eden space 102400K, 100% used [0x00000000f0000000, 0x00000000f6400000, 0x00000000f6400000)
  from space 12800K,  10% used [0x00000000f7080000, 0x00000000f71c5c68, 0x00000000f7d00000)
  to   space 12800K,   0% used [0x00000000f6400000, 0x00000000f6400000, 0x00000000f7080000)
 concurrent mark-sweep generation total 134144K, used 40104K [0x00000000f7d00000, 0x0000000100000000, 0x0000000100000000)
 Metaspace       used 65006K, capacity 69670K, committed 69888K, reserved 1110016K
  class space    used 8388K, capacity 9180K, committed 9216K, reserved 1048576K
2022-09-12T02:03:04.235+0800: 159.012: [GC (Allocation Failure)  143807K->41630K(249344K), 0.0040497 secs]
Heap after GC invocations=182 (full 0):
 par new generation   total 115200K, used 1515K [0x00000000f0000000, 0x00000000f7d00000, 0x00000000f7d00000)
  eden space 102400K,   0% used [0x00000000f0000000, 0x00000000f0000000, 0x00000000f6400000)
  from space 12800K,  11% used [0x00000000f6400000, 0x00000000f657aea8, 0x00000000f7080000)
  to   space 12800K,   0% used [0x00000000f7080000, 0x00000000f7080000, 0x00000000f7d00000)
 concurrent mark-sweep generation total 134144K, used 40114K [0x00000000f7d00000, 0x0000000100000000, 0x0000000100000000)
 Metaspace       used 65006K, capacity 69670K, committed 69888K, reserved 1110016K
  class space    used 8388K, capacity 9180K, committed 9216K, reserved 1048576K
}
{Heap before GC invocations=182 (full 0):
 par new generation   total 115200K, used 103915K [0x00000000f0000000, 0x00000000f7d00000, 0x00000000f7d00000)
  eden space 102400K, 100% used [0x00000000f0000000, 0x00000000f6400000, 0x00000000f6400000)
  from space 12800K,  11% used [0x00000000f6400000, 0x00000000f657aea8, 0x00000000f7080000)
  to   space 12800K,   0% used [0x00000000f7080000, 0x00000000f7080000, 0x00000000f7d00000)
 concurrent mark-sweep generation total 134144K, used 40114K [0x00000000f7d00000, 0x0000000100000000, 0x0000000100000000)
 Metaspace       used 65006K, capacity 69670K, committed 69888K, reserved 1110016K
  class space    used 8388K, capacity 9180K, committed 9216K, reserved 1048576K
2022-09-12T02:03:04.586+0800: 159.363: [GC (Allocation Failure)  144030K->41762K(249344K), 0.0041227 secs]
Heap after GC invocations=183 (full 0):
 par new generation   total 115200K, used 1633K [0x00000000f0000000, 0x00000000f7d00000, 0x00000000f7d00000)
  eden space 102400K,   0% used [0x00000000f0000000, 0x00000000f0000000, 0x00000000f6400000)
  from space 12800K,  12% used [0x00000000f7080000, 0x00000000f72186f0, 0x00000000f7d00000)
  to   space 12800K,   0% used [0x00000000f6400000, 0x00000000f6400000, 0x00000000f7080000)
 concurrent mark-sweep generation total 134144K, used 40128K [0x00000000f7d00000, 0x0000000100000000, 0x0000000100000000)
 Metaspace       used 65006K, capacity 69670K, committed 69888K, reserved 1110016K
  class space    used 8388K, capacity 9180K, committed 9216K, reserved 1048576K
}
{Heap before GC invocations=183 (full 0):
 par new generation   total 115200K, used 104033K [0x00000000f0000000, 0x00000000f7d00000, 0x00000000f7d00000)
  eden space 102400K, 100% used [0x00000000f0000000, 0x00000000f6400000, 0x00000000f6400000)
  from space 12800K,  12% used [0x00000000f7080000, 0x00000000f72186f0, 0x00000000f7d00000)
  to   space 12800K,   0% used [0x00000000f6400000, 0x00000000f6400000, 0x00000000f7080000)
 concurrent mark-sweep generation total 134144K, used 40128K [0x00000000f7d00000, 0x0000000100000000, 0x0000000100000000)
 Metaspace       used 65006K, capacity 69670K, committed 69888K, reserved 1110016K
  class space    used 8388K, capacity 9180K, committed 9216K, reserved 1048576K
2022-09-12T02:03:04.935+0800: 159.712: [GC (Allocation Failure)  144162K->41500K(249344K), 0.0042527 secs]
Heap after GC invocations=184 (full 0):
 par new generation   total 115200K, used 1346K [0x00000000f0000000, 0x00000000f7d00000, 0x00000000f7d00000)
  eden space 102400K,   0% used [0x00000000f0000000, 0x00000000f0000000, 0x00000000f6400000)
  from space 12800K,  10% used [0x00000000f6400000, 0x00000000f6550b58, 0x00000000f7080000)
  to   space 12800K,   0% used [0x00000000f7080000, 0x00000000f7080000, 0x00000000f7d00000)
 concurrent mark-sweep generation total 134144K, used 40153K [0x00000000f7d00000, 0x0000000100000000, 0x0000000100000000)
 Metaspace       used 65006K, capacity 69670K, committed 69888K, reserved 1110016K
  class space    used 8388K, capacity 9180K, committed 9216K, reserved 1048576K
}
{Heap before GC invocations=184 (full 0):
 par new generation   total 115200K, used 103746K [0x00000000f0000000, 0x00000000f7d00000, 0x00000000f7d00000)
  eden space 102400K, 100% used [0x00000000f0000000, 0x00000000f6400000, 0x00000000f6400000)
  from space 12800K,  10% used [0x00000000f6400000, 0x00000000f6550b58, 0x00000000f7080000)
  to   space 12800K,   0% used [0x00000000f7080000, 0x00000000f7080000, 0x00000000f7d00000)
 concurrent mark-sweep generation total 134144K, used 40153K [0x00000000f7d00000, 0x0000000100000000, 0x0000000100000000)
 Metaspace       used 65006K, capacity 69670K, committed 69888K, reserved 1110016K
  class space    used 8388K, capacity 9180K, committed 9216K, reserved 1048576K
2022-09-12T02:03:05.284+0800: 160.061: [GC (Allocation Failure)  143900K->41630K(249344K), 0.0040549 secs]
Heap after GC invocations=185 (full 0):
 par new generation   total 115200K, used 1465K [0x00000000f0000000, 0x00000000f7d00000, 0x00000000f7d00000)
  eden space 102400K,   0% used [0x00000000f0000000, 0x00000000f0000000, 0x00000000f6400000)
  from space 12800K,  11% used [0x00000000f7080000, 0x00000000f71ee450, 0x00000000f7d00000)
  to   space 12800K,   0% used [0x00000000f6400000, 0x00000000f6400000, 0x00000000f7080000)
 concurrent mark-sweep generation total 134144K, used 40165K [0x00000000f7d00000, 0x0000000100000000, 0x0000000100000000)
 Metaspace       used 65006K, capacity 69670K, committed 69888K, reserved 1110016K
  class space    used 8388K, capacity 9180K, committed 9216K, reserved 1048576K
}
{Heap before GC invocations=185 (full 0):
 par new generation   total 115200K, used 103865K [0x00000000f0000000, 0x00000000f7d00000, 0x00000000f7d00000)
  eden space 102400K, 100% used [0x00000000f0000000, 0x00000000f6400000, 0x00000000f6400000)
  from space 12800K,  11% used [0x00000000f7080000, 0x00000000f71ee450, 0x00000000f7d00000)
  to   space 12800K,   0% used [0x00000000f6400000, 0x00000000f6400000, 0x00000000f7080000)
 concurrent mark-sweep generation total 134144K, used 40165K [0x00000000f7d00000, 0x0000000100000000, 0x0000000100000000)
 Metaspace       used 65006K, capacity 69670K, committed 69888K, reserved 1110016K
  class space    used 8388K, capacity 9180K, committed 9216K, reserved 1048576K
2022-09-12T02:03:05.632+0800: 160.409: [GC (Allocation Failure)  144030K->41801K(249344K), 0.0041439 secs]
Heap after GC invocations=186 (full 0):
 par new generation   total 115200K, used 1624K [0x00000000f0000000, 0x00000000f7d00000, 0x00000000f7d00000)
  eden space 102400K,   0% used [0x00000000f0000000, 0x00000000f0000000, 0x00000000f6400000)
  from space 12800K,  12% used [0x00000000f6400000, 0x00000000f6596188, 0x00000000f7080000)
  to   space 12800K,   0% used [0x00000000f7080000, 0x00000000f7080000, 0x00000000f7d00000)
 concurrent mark-sweep generation total 134144K, used 40176K [0x00000000f7d00000, 0x0000000100000000, 0x0000000100000000)
 Metaspace       used 65006K, capacity 69670K, committed 69888K, reserved 1110016K
  class space    used 8388K, capacity 9180K, committed 9216K, reserved 1048576K
}
{Heap before GC invocations=186 (full 0):
 par new generation   total 115200K, used 104024K [0x00000000f0000000, 0x00000000f7d00000, 0x00000000f7d00000)
  eden space 102400K, 100% used [0x00000000f0000000, 0x00000000f6400000, 0x00000000f6400000)
  from space 12800K,  12% used [0x00000000f6400000, 0x00000000f6596188, 0x00000000f7080000)
  to   space 12800K,   0% used [0x00000000f7080000, 0x00000000f7080000, 0x00000000f7d00000)
 concurrent mark-sweep generation total 134144K, used 40176K [0x00000000f7d00000, 0x0000000100000000, 0x0000000100000000)
 Metaspace       used 65006K, capacity 69670K, committed 69888K, reserved 1110016K
  class space    used 8388K, capacity 9180K, committed 9216K, reserved 1048576K
2022-09-12T02:03:05.980+0800: 160.758: [GC (Allocation Failure)  144201K->41397K(249344K), 0.0042145 secs]
Heap after GC invocations=187 (full 0):
 par new generation   total 115200K, used 1194K [0x00000000f0000000, 0x00000000f7d00000, 0x00000000f7d00000)
  eden space 102400K,   0% used [0x00000000f0000000, 0x00000000f0000000, 0x00000000f6400000)
  from space 12800K,   9% used [0x00000000f7080000, 0x00000000f71aa840, 0x00000000f7d00000)
  to   space 12800K,   0% used [0x00000000f6400000, 0x00000000f6400000, 0x00000000f7080000)
 concurrent mark-sweep generation total 134144K, used 40203K [0x00000000f7d00000, 0x0000000100000000, 0x0000000100000000)
 Metaspace       used 65006K, capacity 69670K, committed 69888K, reserved 1110016K
  class space    used 8388K, capacity 9180K, committed 9216K, reserved 1048576K
}
{Heap before GC invocations=187 (full 0):
 par new generation   total 115200K, used 103594K [0x00000000f0000000, 0x00000000f7d00000, 0x00000000f7d00000)
  eden space 102400K, 100% used [0x00000000f0000000, 0x00000000f6400000, 0x00000000f6400000)
  from space 12800K,   9% used [0x00000000f7080000, 0x00000000f71aa840, 0x00000000f7d00000)
  to   space 12800K,   0% used [0x00000000f6400000, 0x00000000f6400000, 0x00000000f7080000)
 concurrent mark-sweep generation total 134144K, used 40203K [0x00000000f7d00000, 0x0000000100000000, 0x0000000100000000)
 Metaspace       used 65006K, capacity 69670K, committed 69888K, reserved 1110016K
  class space    used 8388K, capacity 9180K, committed 9216K, reserved 1048576K
2022-09-12T02:03:06.330+0800: 161.107: [GC (Allocation Failure)  143797K->41733K(249344K), 0.0041337 secs]
Heap after GC invocations=188 (full 0):
 par new generation   total 115200K, used 1515K [0x00000000f0000000, 0x00000000f7d00000, 0x00000000f7d00000)
  eden space 102400K,   0% used [0x00000000f0000000, 0x00000000f0000000, 0x00000000f6400000)
  from space 12800K,  11% used [0x00000000f6400000, 0x00000000f657ae00, 0x00000000f7080000)
  to   space 12800K,   0% used [0x00000000f7080000, 0x00000000f7080000, 0x00000000f7d00000)
 concurrent mark-sweep generation total 134144K, used 40217K [0x00000000f7d00000, 0x0000000100000000, 0x0000000100000000)
 Metaspace       used 65006K, capacity 69670K, committed 69888K, reserved 1110016K
  class space    used 8388K, capacity 9180K, committed 9216K, reserved 1048576K
}
{Heap before GC invocations=188 (full 0):
 par new generation   total 115200K, used 103915K [0x00000000f0000000, 0x00000000f7d00000, 0x00000000f7d00000)
  eden space 102400K, 100% used [0x00000000f0000000, 0x00000000f6400000, 0x00000000f6400000)
  from space 12800K,  11% used [0x00000000f6400000, 0x00000000f657ae00, 0x00000000f7080000)
  to   space 12800K,   0% used [0x00000000f7080000, 0x00000000f7080000, 0x00000000f7d00000)
 concurrent mark-sweep generation total 134144K, used 40217K [0x00000000f7d00000, 0x0000000100000000, 0x0000000100000000)
 Metaspace       used 65006K, capacity 69670K, committed 69888K, reserved 1110016K
  class space    used 8388K, capacity 9180K, committed 9216K, reserved 1048576K
2022-09-12T02:03:06.679+0800: 161.456: [GC (Allocation Failure)  144133K->41870K(249344K), 0.0040709 secs]
Heap after GC invocations=189 (full 0):
 par new generation   total 115200K, used 1638K [0x00000000f0000000, 0x00000000f7d00000, 0x00000000f7d00000)
  eden space 102400K,   0% used [0x00000000f0000000, 0x00000000f0000000, 0x00000000f6400000)
  from space 12800K,  12% used [0x00000000f7080000, 0x00000000f7219a30, 0x00000000f7d00000)
  to   space 12800K,   0% used [0x00000000f6400000, 0x00000000f6400000, 0x00000000f7080000)
 concurrent mark-sweep generation total 134144K, used 40231K [0x00000000f7d00000, 0x0000000100000000, 0x0000000100000000)
 Metaspace       used 65006K, capacity 69670K, committed 69888K, reserved 1110016K
  class space    used 8388K, capacity 9180K, committed 9216K, reserved 1048576K
}
{Heap before GC invocations=189 (full 0):
 par new generation   total 115200K, used 104038K [0x00000000f0000000, 0x00000000f7d00000, 0x00000000f7d00000)
  eden space 102400K, 100% used [0x00000000f0000000, 0x00000000f6400000, 0x00000000f6400000)
  from space 12800K,  12% used [0x00000000f7080000, 0x00000000f7219a30, 0x00000000f7d00000)
  to   space 12800K,   0% used [0x00000000f6400000, 0x00000000f6400000, 0x00000000f7080000)
 concurrent mark-sweep generation total 134144K, used 40231K [0x00000000f7d00000, 0x0000000100000000, 0x0000000100000000)
 Metaspace       used 65006K, capacity 69670K, committed 69888K, reserved 1110016K
  class space    used 8388K, capacity 9180K, committed 9216K, reserved 1048576K
2022-09-12T02:03:07.028+0800: 161.805: [GC (Allocation Failure)  144270K->41585K(249344K), 0.0041515 secs]
Heap after GC invocations=190 (full 0):
 par new generation   total 115200K, used 1343K [0x00000000f0000000, 0x00000000f7d00000, 0x00000000f7d00000)
  eden space 102400K,   0% used [0x00000000f0000000, 0x00000000f0000000, 0x00000000f6400000)
  from space 12800K,  10% used [0x00000000f6400000, 0x00000000f654fdd8, 0x00000000f7080000)
  to   space 12800K,   0% used [0x00000000f7080000, 0x00000000f7080000, 0x00000000f7d00000)
 concurrent mark-sweep generation total 134144K, used 40242K [0x00000000f7d00000, 0x0000000100000000, 0x0000000100000000)
 Metaspace       used 65006K, capacity 69670K, committed 69888K, reserved 1110016K
  class space    used 8388K, capacity 9180K, committed 9216K, reserved 1048576K
}
{Heap before GC invocations=190 (full 0):
 par new generation   total 115200K, used 103743K [0x00000000f0000000, 0x00000000f7d00000, 0x00000000f7d00000)
  eden space 102400K, 100% used [0x00000000f0000000, 0x00000000f6400000, 0x00000000f6400000)
  from space 12800K,  10% used [0x00000000f6400000, 0x00000000f654fdd8, 0x00000000f7080000)
  to   space 12800K,   0% used [0x00000000f7080000, 0x00000000f7080000, 0x00000000f7d00000)
 concurrent mark-sweep generation total 134144K, used 40242K [0x00000000f7d00000, 0x0000000100000000, 0x0000000100000000)
 Metaspace       used 65006K, capacity 69670K, committed 69888K, reserved 1110016K
  class space    used 8388K, capacity 9180K, committed 9216K, reserved 1048576K
2022-09-12T02:03:07.379+0800: 162.156: [GC (Allocation Failure)  143985K->41606K(249344K), 0.0071179 secs]
Heap after GC invocations=191 (full 0):
 par new generation   total 115200K, used 1347K [0x00000000f0000000, 0x00000000f7d00000, 0x00000000f7d00000)
  eden space 102400K,   0% used [0x00000000f0000000, 0x00000000f0000000, 0x00000000f6400000)
  from space 12800K,  10% used [0x00000000f7080000, 0x00000000f71d0e70, 0x00000000f7d00000)
  to   space 12800K,   0% used [0x00000000f6400000, 0x00000000f6400000, 0x00000000f7080000)
 concurrent mark-sweep generation total 134144K, used 40258K [0x00000000f7d00000, 0x0000000100000000, 0x0000000100000000)
 Metaspace       used 65006K, capacity 69670K, committed 69888K, reserved 1110016K
  class space    used 8388K, capacity 9180K, committed 9216K, reserved 1048576K
}
{Heap before GC invocations=191 (full 0):
 par new generation   total 115200K, used 103747K [0x00000000f0000000, 0x00000000f7d00000, 0x00000000f7d00000)
  eden space 102400K, 100% used [0x00000000f0000000, 0x00000000f6400000, 0x00000000f6400000)
  from space 12800K,  10% used [0x00000000f7080000, 0x00000000f71d0e70, 0x00000000f7d00000)
  to   space 12800K,   0% used [0x00000000f6400000, 0x00000000f6400000, 0x00000000f7080000)
 concurrent mark-sweep generation total 134144K, used 40258K [0x00000000f7d00000, 0x0000000100000000, 0x0000000100000000)
 Metaspace       used 65006K, capacity 69670K, committed 69888K, reserved 1110016K
  class space    used 8388K, capacity 9180K, committed 9216K, reserved 1048576K
2022-09-12T02:03:07.731+0800: 162.508: [GC (Allocation Failure)  144006K->41936K(249344K), 0.0040893 secs]
Heap after GC invocations=192 (full 0):
 par new generation   total 115200K, used 1654K [0x00000000f0000000, 0x00000000f7d00000, 0x00000000f7d00000)
  eden space 102400K,   0% used [0x00000000f0000000, 0x00000000f0000000, 0x00000000f6400000)
  from space 12800K,  12% used [0x00000000f6400000, 0x00000000f659db98, 0x00000000f7080000)
  to   space 12800K,   0% used [0x00000000f7080000, 0x00000000f7080000, 0x00000000f7d00000)
 concurrent mark-sweep generation total 134144K, used 40281K [0x00000000f7d00000, 0x0000000100000000, 0x0000000100000000)
 Metaspace       used 65006K, capacity 69670K, committed 69888K, reserved 1110016K
  class space    used 8388K, capacity 9180K, committed 9216K, reserved 1048576K
}
{Heap before GC invocations=192 (full 0):
 par new generation   total 115200K, used 104054K [0x00000000f0000000, 0x00000000f7d00000, 0x00000000f7d00000)
  eden space 102400K, 100% used [0x00000000f0000000, 0x00000000f6400000, 0x00000000f6400000)
  from space 12800K,  12% used [0x00000000f6400000, 0x00000000f659db98, 0x00000000f7080000)
  to   space 12800K,   0% used [0x00000000f7080000, 0x00000000f7080000, 0x00000000f7d00000)
 concurrent mark-sweep generation total 134144K, used 40281K [0x00000000f7d00000, 0x0000000100000000, 0x0000000100000000)
 Metaspace       used 65006K, capacity 69670K, committed 69888K, reserved 1110016K
  class space    used 8388K, capacity 9180K, committed 9216K, reserved 1048576K
2022-09-12T02:03:08.096+0800: 162.873: [GC (Allocation Failure)  144336K->41497K(249344K), 0.0040983 secs]
Heap after GC invocations=193 (full 0):
 par new generation   total 115200K, used 1204K [0x00000000f0000000, 0x00000000f7d00000, 0x00000000f7d00000)
  eden space 102400K,   0% used [0x00000000f0000000, 0x00000000f0000000, 0x00000000f6400000)
  from space 12800K,   9% used [0x00000000f7080000, 0x00000000f71ad200, 0x00000000f7d00000)
  to   space 12800K,   0% used [0x00000000f6400000, 0x00000000f6400000, 0x00000000f7080000)
 concurrent mark-sweep generation total 134144K, used 40293K [0x00000000f7d00000, 0x0000000100000000, 0x0000000100000000)
 Metaspace       used 65006K, capacity 69670K, committed 69888K, reserved 1110016K
  class space    used 8388K, capacity 9180K, committed 9216K, reserved 1048576K
}
{Heap before GC invocations=193 (full 0):
 par new generation   total 115200K, used 103604K [0x00000000f0000000, 0x00000000f7d00000, 0x00000000f7d00000)
  eden space 102400K, 100% used [0x00000000f0000000, 0x00000000f6400000, 0x00000000f6400000)
  from space 12800K,   9% used [0x00000000f7080000, 0x00000000f71ad200, 0x00000000f7d00000)
  to   space 12800K,   0% used [0x00000000f6400000, 0x00000000f6400000, 0x00000000f7080000)
 concurrent mark-sweep generation total 134144K, used 40293K [0x00000000f7d00000, 0x0000000100000000, 0x0000000100000000)
 Metaspace       used 65006K, capacity 69670K, committed 69888K, reserved 1110016K
  class space    used 8388K, capacity 9180K, committed 9216K, reserved 1048576K
2022-09-12T02:03:08.444+0800: 163.222: [GC (Allocation Failure)  143897K->41841K(249344K), 0.0042192 secs]
Heap after GC invocations=194 (full 0):
 par new generation   total 115200K, used 1533K [0x00000000f0000000, 0x00000000f7d00000, 0x00000000f7d00000)
  eden space 102400K,   0% used [0x00000000f0000000, 0x00000000f0000000, 0x00000000f6400000)
  from space 12800K,  11% used [0x00000000f6400000, 0x00000000f657f5f8, 0x00000000f7080000)
  to   space 12800K,   0% used [0x00000000f7080000, 0x00000000f7080000, 0x00000000f7d00000)
 concurrent mark-sweep generation total 134144K, used 40308K [0x00000000f7d00000, 0x0000000100000000, 0x0000000100000000)
 Metaspace       used 65006K, capacity 69670K, committed 69888K, reserved 1110016K
  class space    used 8388K, capacity 9180K, committed 9216K, reserved 1048576K
}
{Heap before GC invocations=194 (full 0):
 par new generation   total 115200K, used 103933K [0x00000000f0000000, 0x00000000f7d00000, 0x00000000f7d00000)
  eden space 102400K, 100% used [0x00000000f0000000, 0x00000000f6400000, 0x00000000f6400000)
  from space 12800K,  11% used [0x00000000f6400000, 0x00000000f657f5f8, 0x00000000f7080000)
  to   space 12800K,   0% used [0x00000000f7080000, 0x00000000f7080000, 0x00000000f7d00000)
 concurrent mark-sweep generation total 134144K, used 40308K [0x00000000f7d00000, 0x0000000100000000, 0x0000000100000000)
 Metaspace       used 65007K, capacity 69670K, committed 69888K, reserved 1110016K
  class space    used 8388K, capacity 9180K, committed 9216K, reserved 1048576K
2022-09-12T02:03:08.793+0800: 163.570: [GC (Allocation Failure)  144241K->42021K(249344K), 0.0041580 secs]
Heap after GC invocations=195 (full 0):
 par new generation   total 115200K, used 1689K [0x00000000f0000000, 0x00000000f7d00000, 0x00000000f7d00000)
  eden space 102400K,   0% used [0x00000000f0000000, 0x00000000f0000000, 0x00000000f6400000)
  from space 12800K,  13% used [0x00000000f7080000, 0x00000000f7226760, 0x00000000f7d00000)
  to   space 12800K,   0% used [0x00000000f6400000, 0x00000000f6400000, 0x00000000f7080000)
 concurrent mark-sweep generation total 134144K, used 40331K [0x00000000f7d00000, 0x0000000100000000, 0x0000000100000000)
 Metaspace       used 65007K, capacity 69670K, committed 69888K, reserved 1110016K
  class space    used 8388K, capacity 9180K, committed 9216K, reserved 1048576K
}
{Heap before GC invocations=195 (full 0):
 par new generation   total 115200K, used 104089K [0x00000000f0000000, 0x00000000f7d00000, 0x00000000f7d00000)
  eden space 102400K, 100% used [0x00000000f0000000, 0x00000000f6400000, 0x00000000f6400000)
  from space 12800K,  13% used [0x00000000f7080000, 0x00000000f7226760, 0x00000000f7d00000)
  to   space 12800K,   0% used [0x00000000f6400000, 0x00000000f6400000, 0x00000000f7080000)
 concurrent mark-sweep generation total 134144K, used 40331K [0x00000000f7d00000, 0x0000000100000000, 0x0000000100000000)
 Metaspace       used 65008K, capacity 69670K, committed 69888K, reserved 1110016K
  class space    used 8388K, capacity 9180K, committed 9216K, reserved 1048576K
2022-09-12T02:03:09.142+0800: 163.919: [GC (Allocation Failure)  144421K->41552K(249344K), 0.0041597 secs]
Heap after GC invocations=196 (full 0):
 par new generation   total 115200K, used 1204K [0x00000000f0000000, 0x00000000f7d00000, 0x00000000f7d00000)
  eden space 102400K,   0% used [0x00000000f0000000, 0x00000000f0000000, 0x00000000f6400000)
  from space 12800K,   9% used [0x00000000f6400000, 0x00000000f652d200, 0x00000000f7080000)
  to   space 12800K,   0% used [0x00000000f7080000, 0x00000000f7080000, 0x00000000f7d00000)
 concurrent mark-sweep generation total 134144K, used 40347K [0x00000000f7d00000, 0x0000000100000000, 0x0000000100000000)
 Metaspace       used 65008K, capacity 69670K, committed 69888K, reserved 1110016K
  class space    used 8388K, capacity 9180K, committed 9216K, reserved 1048576K
}
{Heap before GC invocations=196 (full 0):
 par new generation   total 115200K, used 103604K [0x00000000f0000000, 0x00000000f7d00000, 0x00000000f7d00000)
  eden space 102400K, 100% used [0x00000000f0000000, 0x00000000f6400000, 0x00000000f6400000)
  from space 12800K,   9% used [0x00000000f6400000, 0x00000000f652d200, 0x00000000f7080000)
  to   space 12800K,   0% used [0x00000000f7080000, 0x00000000f7080000, 0x00000000f7d00000)
 concurrent mark-sweep generation total 134144K, used 40347K [0x00000000f7d00000, 0x0000000100000000, 0x0000000100000000)
 Metaspace       used 65015K, capacity 69670K, committed 69888K, reserved 1110016K
  class space    used 8388K, capacity 9180K, committed 9216K, reserved 1048576K
2022-09-12T02:03:09.490+0800: 164.267: [GC (Allocation Failure)  143952K->41883K(249344K), 0.0041337 secs]
Heap after GC invocations=197 (full 0):
 par new generation   total 115200K, used 1522K [0x00000000f0000000, 0x00000000f7d00000, 0x00000000f7d00000)
  eden space 102400K,   0% used [0x00000000f0000000, 0x00000000f0000000, 0x00000000f6400000)
  from space 12800K,  11% used [0x00000000f7080000, 0x00000000f71fc840, 0x00000000f7d00000)
  to   space 12800K,   0% used [0x00000000f6400000, 0x00000000f6400000, 0x00000000f7080000)
 concurrent mark-sweep generation total 134144K, used 40361K [0x00000000f7d00000, 0x0000000100000000, 0x0000000100000000)
 Metaspace       used 65015K, capacity 69670K, committed 69888K, reserved 1110016K
  class space    used 8388K, capacity 9180K, committed 9216K, reserved 1048576K
}
{Heap before GC invocations=197 (full 0):
 par new generation   total 115200K, used 103922K [0x00000000f0000000, 0x00000000f7d00000, 0x00000000f7d00000)
  eden space 102400K, 100% used [0x00000000f0000000, 0x00000000f6400000, 0x00000000f6400000)
  from space 12800K,  11% used [0x00000000f7080000, 0x00000000f71fc840, 0x00000000f7d00000)
  to   space 12800K,   0% used [0x00000000f6400000, 0x00000000f6400000, 0x00000000f7080000)
 concurrent mark-sweep generation total 134144K, used 40361K [0x00000000f7d00000, 0x0000000100000000, 0x0000000100000000)
 Metaspace       used 65015K, capacity 69670K, committed 69888K, reserved 1110016K
  class space    used 8388K, capacity 9180K, committed 9216K, reserved 1048576K
2022-09-12T02:03:09.840+0800: 164.617: [GC (Allocation Failure)  144283K->42007K(249344K), 0.0041077 secs]
Heap after GC invocations=198 (full 0):
 par new generation   total 115200K, used 1637K [0x00000000f0000000, 0x00000000f7d00000, 0x00000000f7d00000)
  eden space 102400K,   0% used [0x00000000f0000000, 0x00000000f0000000, 0x00000000f6400000)
  from space 12800K,  12% used [0x00000000f6400000, 0x00000000f65994f0, 0x00000000f7080000)
  to   space 12800K,   0% used [0x00000000f7080000, 0x00000000f7080000, 0x00000000f7d00000)
 concurrent mark-sweep generation total 134144K, used 40370K [0x00000000f7d00000, 0x0000000100000000, 0x0000000100000000)
 Metaspace       used 65015K, capacity 69670K, committed 69888K, reserved 1110016K
  class space    used 8388K, capacity 9180K, committed 9216K, reserved 1048576K
}
{Heap before GC invocations=198 (full 0):
 par new generation   total 115200K, used 104037K [0x00000000f0000000, 0x00000000f7d00000, 0x00000000f7d00000)
  eden space 102400K, 100% used [0x00000000f0000000, 0x00000000f6400000, 0x00000000f6400000)
  from space 12800K,  12% used [0x00000000f6400000, 0x00000000f65994f0, 0x00000000f7080000)
  to   space 12800K,   0% used [0x00000000f7080000, 0x00000000f7080000, 0x00000000f7d00000)
 concurrent mark-sweep generation total 134144K, used 40370K [0x00000000f7d00000, 0x0000000100000000, 0x0000000100000000)
 Metaspace       used 65015K, capacity 69670K, committed 69888K, reserved 1110016K
  class space    used 8388K, capacity 9180K, committed 9216K, reserved 1048576K
2022-09-12T02:03:10.189+0800: 164.966: [GC (Allocation Failure)  144407K->42104K(249344K), 0.0043795 secs]
Heap after GC invocations=199 (full 0):
 par new generation   total 115200K, used 1714K [0x00000000f0000000, 0x00000000f7d00000, 0x00000000f7d00000)
  eden space 102400K,   0% used [0x00000000f0000000, 0x00000000f0000000, 0x00000000f6400000)
  from space 12800K,  13% used [0x00000000f7080000, 0x00000000f722c8b8, 0x00000000f7d00000)
  to   space 12800K,   0% used [0x00000000f6400000, 0x00000000f6400000, 0x00000000f7080000)
 concurrent mark-sweep generation total 134144K, used 40389K [0x00000000f7d00000, 0x0000000100000000, 0x0000000100000000)
 Metaspace       used 65015K, capacity 69670K, committed 69888K, reserved 1110016K
  class space    used 8388K, capacity 9180K, committed 9216K, reserved 1048576K
}
{Heap before GC invocations=199 (full 0):
 par new generation   total 115200K, used 104114K [0x00000000f0000000, 0x00000000f7d00000, 0x00000000f7d00000)
  eden space 102400K, 100% used [0x00000000f0000000, 0x00000000f6400000, 0x00000000f6400000)
  from space 12800K,  13% used [0x00000000f7080000, 0x00000000f722c8b8, 0x00000000f7d00000)
  to   space 12800K,   0% used [0x00000000f6400000, 0x00000000f6400000, 0x00000000f7080000)
 concurrent mark-sweep generation total 134144K, used 40389K [0x00000000f7d00000, 0x0000000100000000, 0x0000000100000000)
 Metaspace       used 65015K, capacity 69670K, committed 69888K, reserved 1110016K
  class space    used 8388K, capacity 9180K, committed 9216K, reserved 1048576K
2022-09-12T02:03:10.538+0800: 165.315: [GC (Allocation Failure)  144504K->41486K(249344K), 0.0042304 secs]
Heap after GC invocations=200 (full 0):
 par new generation   total 115200K, used 1076K [0x00000000f0000000, 0x00000000f7d00000, 0x00000000f7d00000)
  eden space 102400K,   0% used [0x00000000f0000000, 0x00000000f0000000, 0x00000000f6400000)
  from space 12800K,   8% used [0x00000000f6400000, 0x00000000f650d218, 0x00000000f7080000)
  to   space 12800K,   0% used [0x00000000f7080000, 0x00000000f7080000, 0x00000000f7d00000)
 concurrent mark-sweep generation total 134144K, used 40410K [0x00000000f7d00000, 0x0000000100000000, 0x0000000100000000)
 Metaspace       used 65015K, capacity 69670K, committed 69888K, reserved 1110016K
  class space    used 8388K, capacity 9180K, committed 9216K, reserved 1048576K
}
{Heap before GC invocations=200 (full 0):
 par new generation   total 115200K, used 103476K [0x00000000f0000000, 0x00000000f7d00000, 0x00000000f7d00000)
  eden space 102400K, 100% used [0x00000000f0000000, 0x00000000f6400000, 0x00000000f6400000)
  from space 12800K,   8% used [0x00000000f6400000, 0x00000000f650d218, 0x00000000f7080000)
  to   space 12800K,   0% used [0x00000000f7080000, 0x00000000f7080000, 0x00000000f7d00000)
 concurrent mark-sweep generation total 134144K, used 40410K [0x00000000f7d00000, 0x0000000100000000, 0x0000000100000000)
 Metaspace       used 65015K, capacity 69670K, committed 69888K, reserved 1110016K
  class space    used 8388K, capacity 9180K, committed 9216K, reserved 1048576K
2022-09-12T02:03:10.886+0800: 165.664: [GC (Allocation Failure)  143886K->41951K(249344K), 0.0041900 secs]
Heap after GC invocations=201 (full 0):
 par new generation   total 115200K, used 1527K [0x00000000f0000000, 0x00000000f7d00000, 0x00000000f7d00000)
  eden space 102400K,   0% used [0x00000000f0000000, 0x00000000f0000000, 0x00000000f6400000)
  from space 12800K,  11% used [0x00000000f7080000, 0x00000000f71fdf70, 0x00000000f7d00000)
  to   space 12800K,   0% used [0x00000000f6400000, 0x00000000f6400000, 0x00000000f7080000)
 concurrent mark-sweep generation total 134144K, used 40423K [0x00000000f7d00000, 0x0000000100000000, 0x0000000100000000)
 Metaspace       used 65015K, capacity 69670K, committed 69888K, reserved 1110016K
  class space    used 8388K, capacity 9180K, committed 9216K, reserved 1048576K
}
{Heap before GC invocations=201 (full 0):
 par new generation   total 115200K, used 103927K [0x00000000f0000000, 0x00000000f7d00000, 0x00000000f7d00000)
  eden space 102400K, 100% used [0x00000000f0000000, 0x00000000f6400000, 0x00000000f6400000)
  from space 12800K,  11% used [0x00000000f7080000, 0x00000000f71fdf70, 0x00000000f7d00000)
  to   space 12800K,   0% used [0x00000000f6400000, 0x00000000f6400000, 0x00000000f7080000)
 concurrent mark-sweep generation total 134144K, used 40423K [0x00000000f7d00000, 0x0000000100000000, 0x0000000100000000)
 Metaspace       used 65015K, capacity 69670K, committed 69888K, reserved 1110016K
  class space    used 8388K, capacity 9180K, committed 9216K, reserved 1048576K
2022-09-12T02:03:11.237+0800: 166.015: [GC (Allocation Failure)  144351K->42085K(249344K), 0.0041556 secs]
Heap after GC invocations=202 (full 0):
 par new generation   total 115200K, used 1649K [0x00000000f0000000, 0x00000000f7d00000, 0x00000000f7d00000)
  eden space 102400K,   0% used [0x00000000f0000000, 0x00000000f0000000, 0x00000000f6400000)
  from space 12800K,  12% used [0x00000000f6400000, 0x00000000f659c4d8, 0x00000000f7080000)
  to   space 12800K,   0% used [0x00000000f7080000, 0x00000000f7080000, 0x00000000f7d00000)
 concurrent mark-sweep generation total 134144K, used 40436K [0x00000000f7d00000, 0x0000000100000000, 0x0000000100000000)
 Metaspace       used 65015K, capacity 69670K, committed 69888K, reserved 1110016K
  class space    used 8388K, capacity 9180K, committed 9216K, reserved 1048576K
}
{Heap before GC invocations=202 (full 0):
 par new generation   total 115200K, used 104049K [0x00000000f0000000, 0x00000000f7d00000, 0x00000000f7d00000)
  eden space 102400K, 100% used [0x00000000f0000000, 0x00000000f6400000, 0x00000000f6400000)
  from space 12800K,  12% used [0x00000000f6400000, 0x00000000f659c4d8, 0x00000000f7080000)
  to   space 12800K,   0% used [0x00000000f7080000, 0x00000000f7080000, 0x00000000f7d00000)
 concurrent mark-sweep generation total 134144K, used 40436K [0x00000000f7d00000, 0x0000000100000000, 0x0000000100000000)
 Metaspace       used 65017K, capacity 69670K, committed 69888K, reserved 1110016K
  class space    used 8388K, capacity 9180K, committed 9216K, reserved 1048576K
2022-09-12T02:03:11.591+0800: 166.368: [GC (Allocation Failure)  144485K->41508K(249344K), 0.0055273 secs]
Heap after GC invocations=203 (full 0):
 par new generation   total 115200K, used 1050K [0x00000000f0000000, 0x00000000f7d00000, 0x00000000f7d00000)
  eden space 102400K,   0% used [0x00000000f0000000, 0x00000000f0000000, 0x00000000f6400000)
  from space 12800K,   8% used [0x00000000f7080000, 0x00000000f7186b48, 0x00000000f7d00000)
  to   space 12800K,   0% used [0x00000000f6400000, 0x00000000f6400000, 0x00000000f7080000)
 concurrent mark-sweep generation total 134144K, used 40458K [0x00000000f7d00000, 0x0000000100000000, 0x0000000100000000)
 Metaspace       used 65017K, capacity 69670K, committed 69888K, reserved 1110016K
  class space    used 8388K, capacity 9180K, committed 9216K, reserved 1048576K
}
{Heap before GC invocations=203 (full 0):
 par new generation   total 115200K, used 103450K [0x00000000f0000000, 0x00000000f7d00000, 0x00000000f7d00000)
  eden space 102400K, 100% used [0x00000000f0000000, 0x00000000f6400000, 0x00000000f6400000)
  from space 12800K,   8% used [0x00000000f7080000, 0x00000000f7186b48, 0x00000000f7d00000)
  to   space 12800K,   0% used [0x00000000f6400000, 0x00000000f6400000, 0x00000000f7080000)
 concurrent mark-sweep generation total 134144K, used 40458K [0x00000000f7d00000, 0x0000000100000000, 0x0000000100000000)
 Metaspace       used 65017K, capacity 69670K, committed 69888K, reserved 1110016K
  class space    used 8388K, capacity 9180K, committed 9216K, reserved 1048576K
2022-09-12T02:03:11.949+0800: 166.726: [GC (Allocation Failure)  143908K->41943K(249344K), 0.0041975 secs]
Heap after GC invocations=204 (full 0):
 par new generation   total 115200K, used 1469K [0x00000000f0000000, 0x00000000f7d00000, 0x00000000f7d00000)
  eden space 102400K,   0% used [0x00000000f0000000, 0x00000000f0000000, 0x00000000f6400000)
  from space 12800K,  11% used [0x00000000f6400000, 0x00000000f656f410, 0x00000000f7080000)
  to   space 12800K,   0% used [0x00000000f7080000, 0x00000000f7080000, 0x00000000f7d00000)
 concurrent mark-sweep generation total 134144K, used 40474K [0x00000000f7d00000, 0x0000000100000000, 0x0000000100000000)
 Metaspace       used 65017K, capacity 69670K, committed 69888K, reserved 1110016K
  class space    used 8388K, capacity 9180K, committed 9216K, reserved 1048576K
}
{Heap before GC invocations=204 (full 0):
 par new generation   total 115200K, used 103869K [0x00000000f0000000, 0x00000000f7d00000, 0x00000000f7d00000)
  eden space 102400K, 100% used [0x00000000f0000000, 0x00000000f6400000, 0x00000000f6400000)
  from space 12800K,  11% used [0x00000000f6400000, 0x00000000f656f410, 0x00000000f7080000)
  to   space 12800K,   0% used [0x00000000f7080000, 0x00000000f7080000, 0x00000000f7d00000)
 concurrent mark-sweep generation total 134144K, used 40474K [0x00000000f7d00000, 0x0000000100000000, 0x0000000100000000)
 Metaspace       used 65017K, capacity 69670K, committed 69888K, reserved 1110016K
  class space    used 8388K, capacity 9180K, committed 9216K, reserved 1048576K
2022-09-12T02:03:12.300+0800: 167.077: [GC (Allocation Failure)  144343K->41878K(249344K), 0.0043435 secs]
Heap after GC invocations=205 (full 0):
 par new generation   total 115200K, used 1386K [0x00000000f0000000, 0x00000000f7d00000, 0x00000000f7d00000)
  eden space 102400K,   0% used [0x00000000f0000000, 0x00000000f0000000, 0x00000000f6400000)
  from space 12800K,  10% used [0x00000000f7080000, 0x00000000f71dab30, 0x00000000f7d00000)
  to   space 12800K,   0% used [0x00000000f6400000, 0x00000000f6400000, 0x00000000f7080000)
 concurrent mark-sweep generation total 134144K, used 40491K [0x00000000f7d00000, 0x0000000100000000, 0x0000000100000000)
 Metaspace       used 65017K, capacity 69670K, committed 69888K, reserved 1110016K
  class space    used 8388K, capacity 9180K, committed 9216K, reserved 1048576K
}
{Heap before GC invocations=205 (full 0):
 par new generation   total 115200K, used 103786K [0x00000000f0000000, 0x00000000f7d00000, 0x00000000f7d00000)
  eden space 102400K, 100% used [0x00000000f0000000, 0x00000000f6400000, 0x00000000f6400000)
  from space 12800K,  10% used [0x00000000f7080000, 0x00000000f71dab30, 0x00000000f7d00000)
  to   space 12800K,   0% used [0x00000000f6400000, 0x00000000f6400000, 0x00000000f7080000)
 concurrent mark-sweep generation total 134144K, used 40491K [0x00000000f7d00000, 0x0000000100000000, 0x0000000100000000)
 Metaspace       used 65017K, capacity 69670K, committed 69888K, reserved 1110016K
  class space    used 8388K, capacity 9180K, committed 9216K, reserved 1048576K
2022-09-12T02:03:12.659+0800: 167.437: [GC (Allocation Failure)  144278K->42133K(249344K), 0.0040061 secs]
Heap after GC invocations=206 (full 0):
 par new generation   total 115200K, used 1634K [0x00000000f0000000, 0x00000000f7d00000, 0x00000000f7d00000)
  eden space 102400K,   0% used [0x00000000f0000000, 0x00000000f0000000, 0x00000000f6400000)
  from space 12800K,  12% used [0x00000000f6400000, 0x00000000f6598a00, 0x00000000f7080000)
  to   space 12800K,   0% used [0x00000000f7080000, 0x00000000f7080000, 0x00000000f7d00000)
 concurrent mark-sweep generation total 134144K, used 40499K [0x00000000f7d00000, 0x0000000100000000, 0x0000000100000000)
 Metaspace       used 65017K, capacity 69670K, committed 69888K, reserved 1110016K
  class space    used 8388K, capacity 9180K, committed 9216K, reserved 1048576K
}
{Heap before GC invocations=206 (full 0):
 par new generation   total 115200K, used 104034K [0x00000000f0000000, 0x00000000f7d00000, 0x00000000f7d00000)
  eden space 102400K, 100% used [0x00000000f0000000, 0x00000000f6400000, 0x00000000f6400000)
  from space 12800K,  12% used [0x00000000f6400000, 0x00000000f6598a00, 0x00000000f7080000)
  to   space 12800K,   0% used [0x00000000f7080000, 0x00000000f7080000, 0x00000000f7d00000)
 concurrent mark-sweep generation total 134144K, used 40499K [0x00000000f7d00000, 0x0000000100000000, 0x0000000100000000)
 Metaspace       used 65017K, capacity 69670K, committed 69888K, reserved 1110016K
  class space    used 8388K, capacity 9180K, committed 9216K, reserved 1048576K
2022-09-12T02:03:13.007+0800: 167.785: [GC (Allocation Failure)  144533K->41847K(249344K), 0.0041974 secs]
Heap after GC invocations=207 (full 0):
 par new generation   total 115200K, used 1326K [0x00000000f0000000, 0x00000000f7d00000, 0x00000000f7d00000)
  eden space 102400K,   0% used [0x00000000f0000000, 0x00000000f0000000, 0x00000000f6400000)
  from space 12800K,  10% used [0x00000000f7080000, 0x00000000f71cba58, 0x00000000f7d00000)
  to   space 12800K,   0% used [0x00000000f6400000, 0x00000000f6400000, 0x00000000f7080000)
 concurrent mark-sweep generation total 134144K, used 40520K [0x00000000f7d00000, 0x0000000100000000, 0x0000000100000000)
 Metaspace       used 65017K, capacity 69670K, committed 69888K, reserved 1110016K
  class space    used 8388K, capacity 9180K, committed 9216K, reserved 1048576K
}
{Heap before GC invocations=207 (full 0):
 par new generation   total 115200K, used 103726K [0x00000000f0000000, 0x00000000f7d00000, 0x00000000f7d00000)
  eden space 102400K, 100% used [0x00000000f0000000, 0x00000000f6400000, 0x00000000f6400000)
  from space 12800K,  10% used [0x00000000f7080000, 0x00000000f71cba58, 0x00000000f7d00000)
  to   space 12800K,   0% used [0x00000000f6400000, 0x00000000f6400000, 0x00000000f7080000)
 concurrent mark-sweep generation total 134144K, used 40520K [0x00000000f7d00000, 0x0000000100000000, 0x0000000100000000)
 Metaspace       used 65017K, capacity 69670K, committed 69888K, reserved 1110016K
  class space    used 8388K, capacity 9180K, committed 9216K, reserved 1048576K
2022-09-12T02:03:13.357+0800: 168.134: [GC (Allocation Failure)  144247K->42078K(249344K), 0.0041606 secs]
Heap after GC invocations=208 (full 0):
 par new generation   total 115200K, used 1543K [0x00000000f0000000, 0x00000000f7d00000, 0x00000000f7d00000)
  eden space 102400K,   0% used [0x00000000f0000000, 0x00000000f0000000, 0x00000000f6400000)
  from space 12800K,  12% used [0x00000000f6400000, 0x00000000f6581dc8, 0x00000000f7080000)
  to   space 12800K,   0% used [0x00000000f7080000, 0x00000000f7080000, 0x00000000f7d00000)
 concurrent mark-sweep generation total 134144K, used 40534K [0x00000000f7d00000, 0x0000000100000000, 0x0000000100000000)
 Metaspace       used 65017K, capacity 69670K, committed 69888K, reserved 1110016K
  class space    used 8388K, capacity 9180K, committed 9216K, reserved 1048576K
}
{Heap before GC invocations=208 (full 0):
 par new generation   total 115200K, used 103943K [0x00000000f0000000, 0x00000000f7d00000, 0x00000000f7d00000)
  eden space 102400K, 100% used [0x00000000f0000000, 0x00000000f6400000, 0x00000000f6400000)
  from space 12800K,  12% used [0x00000000f6400000, 0x00000000f6581dc8, 0x00000000f7080000)
  to   space 12800K,   0% used [0x00000000f7080000, 0x00000000f7080000, 0x00000000f7d00000)
 concurrent mark-sweep generation total 134144K, used 40534K [0x00000000f7d00000, 0x0000000100000000, 0x0000000100000000)
 Metaspace       used 65017K, capacity 69670K, committed 69888K, reserved 1110016K
  class space    used 8388K, capacity 9180K, committed 9216K, reserved 1048576K
2022-09-12T02:03:13.706+0800: 168.483: [GC (Allocation Failure)  144478K->41963K(249344K), 0.0045042 secs]
Heap after GC invocations=209 (full 0):
 par new generation   total 115200K, used 1407K [0x00000000f0000000, 0x00000000f7d00000, 0x00000000f7d00000)
  eden space 102400K,   0% used [0x00000000f0000000, 0x00000000f0000000, 0x00000000f6400000)
  from space 12800K,  10% used [0x00000000f7080000, 0x00000000f71dfc30, 0x00000000f7d00000)
  to   space 12800K,   0% used [0x00000000f6400000, 0x00000000f6400000, 0x00000000f7080000)
 concurrent mark-sweep generation total 134144K, used 40556K [0x00000000f7d00000, 0x0000000100000000, 0x0000000100000000)
 Metaspace       used 65017K, capacity 69670K, committed 69888K, reserved 1110016K
  class space    used 8388K, capacity 9180K, committed 9216K, reserved 1048576K
}
{Heap before GC invocations=209 (full 0):
 par new generation   total 115200K, used 103807K [0x00000000f0000000, 0x00000000f7d00000, 0x00000000f7d00000)
  eden space 102400K, 100% used [0x00000000f0000000, 0x00000000f6400000, 0x00000000f6400000)
  from space 12800K,  10% used [0x00000000f7080000, 0x00000000f71dfc30, 0x00000000f7d00000)
  to   space 12800K,   0% used [0x00000000f6400000, 0x00000000f6400000, 0x00000000f7080000)
 concurrent mark-sweep generation total 134144K, used 40556K [0x00000000f7d00000, 0x0000000100000000, 0x0000000100000000)
 Metaspace       used 65018K, capacity 69670K, committed 69888K, reserved 1110016K
  class space    used 8388K, capacity 9180K, committed 9216K, reserved 1048576K
2022-09-12T02:03:14.056+0800: 168.833: [GC (Allocation Failure)  144363K->42226K(249344K), 0.0040634 secs]
Heap after GC invocations=210 (full 0):
 par new generation   total 115200K, used 1655K [0x00000000f0000000, 0x00000000f7d00000, 0x00000000f7d00000)
  eden space 102400K,   0% used [0x00000000f0000000, 0x00000000f0000000, 0x00000000f6400000)
  from space 12800K,  12% used [0x00000000f6400000, 0x00000000f659dc08, 0x00000000f7080000)
  to   space 12800K,   0% used [0x00000000f7080000, 0x00000000f7080000, 0x00000000f7d00000)
 concurrent mark-sweep generation total 134144K, used 40571K [0x00000000f7d00000, 0x0000000100000000, 0x0000000100000000)
 Metaspace       used 65018K, capacity 69670K, committed 69888K, reserved 1110016K
  class space    used 8388K, capacity 9180K, committed 9216K, reserved 1048576K
}
{Heap before GC invocations=210 (full 0):
 par new generation   total 115200K, used 104055K [0x00000000f0000000, 0x00000000f7d00000, 0x00000000f7d00000)
  eden space 102400K, 100% used [0x00000000f0000000, 0x00000000f6400000, 0x00000000f6400000)
  from space 12800K,  12% used [0x00000000f6400000, 0x00000000f659dc08, 0x00000000f7080000)
  to   space 12800K,   0% used [0x00000000f7080000, 0x00000000f7080000, 0x00000000f7d00000)
 concurrent mark-sweep generation total 134144K, used 40571K [0x00000000f7d00000, 0x0000000100000000, 0x0000000100000000)
 Metaspace       used 65018K, capacity 69670K, committed 69888K, reserved 1110016K
  class space    used 8388K, capacity 9180K, committed 9216K, reserved 1048576K
2022-09-12T02:03:14.405+0800: 169.183: [GC (Allocation Failure)  144626K->41780K(249344K), 0.0040999 secs]
Heap after GC invocations=211 (full 0):
 par new generation   total 115200K, used 1194K [0x00000000f0000000, 0x00000000f7d00000, 0x00000000f7d00000)
  eden space 102400K,   0% used [0x00000000f0000000, 0x00000000f0000000, 0x00000000f6400000)
  from space 12800K,   9% used [0x00000000f7080000, 0x00000000f71aab40, 0x00000000f7d00000)
  to   space 12800K,   0% used [0x00000000f6400000, 0x00000000f6400000, 0x00000000f7080000)
 concurrent mark-sweep generation total 134144K, used 40585K [0x00000000f7d00000, 0x0000000100000000, 0x0000000100000000)
 Metaspace       used 65018K, capacity 69670K, committed 69888K, reserved 1110016K
  class space    used 8388K, capacity 9180K, committed 9216K, reserved 1048576K
}
{Heap before GC invocations=211 (full 0):
 par new generation   total 115200K, used 103594K [0x00000000f0000000, 0x00000000f7d00000, 0x00000000f7d00000)
  eden space 102400K, 100% used [0x00000000f0000000, 0x00000000f6400000, 0x00000000f6400000)
  from space 12800K,   9% used [0x00000000f7080000, 0x00000000f71aab40, 0x00000000f7d00000)
  to   space 12800K,   0% used [0x00000000f6400000, 0x00000000f6400000, 0x00000000f7080000)
 concurrent mark-sweep generation total 134144K, used 40585K [0x00000000f7d00000, 0x0000000100000000, 0x0000000100000000)
 Metaspace       used 65022K, capacity 69670K, committed 69888K, reserved 1110016K
  class space    used 8388K, capacity 9180K, committed 9216K, reserved 1048576K
2022-09-12T02:03:14.755+0800: 169.532: [GC (Allocation Failure)  144180K->42107K(249344K), 0.0042225 secs]
Heap after GC invocations=212 (full 0):
 par new generation   total 115200K, used 1499K [0x00000000f0000000, 0x00000000f7d00000, 0x00000000f7d00000)
  eden space 102400K,   0% used [0x00000000f0000000, 0x00000000f0000000, 0x00000000f6400000)
  from space 12800K,  11% used [0x00000000f6400000, 0x00000000f6576ec8, 0x00000000f7080000)
  to   space 12800K,   0% used [0x00000000f7080000, 0x00000000f7080000, 0x00000000f7d00000)
 concurrent mark-sweep generation total 134144K, used 40607K [0x00000000f7d00000, 0x0000000100000000, 0x0000000100000000)
 Metaspace       used 65022K, capacity 69670K, committed 69888K, reserved 1110016K
  class space    used 8388K, capacity 9180K, committed 9216K, reserved 1048576K
}
{Heap before GC invocations=212 (full 0):
 par new generation   total 115200K, used 103899K [0x00000000f0000000, 0x00000000f7d00000, 0x00000000f7d00000)
  eden space 102400K, 100% used [0x00000000f0000000, 0x00000000f6400000, 0x00000000f6400000)
  from space 12800K,  11% used [0x00000000f6400000, 0x00000000f6576ec8, 0x00000000f7080000)
  to   space 12800K,   0% used [0x00000000f7080000, 0x00000000f7080000, 0x00000000f7d00000)
 concurrent mark-sweep generation total 134144K, used 40607K [0x00000000f7d00000, 0x0000000100000000, 0x0000000100000000)
 Metaspace       used 65022K, capacity 69670K, committed 69888K, reserved 1110016K
  class space    used 8388K, capacity 9180K, committed 9216K, reserved 1048576K
2022-09-12T02:03:15.105+0800: 169.882: [GC (Allocation Failure)  144507K->42278K(249344K), 0.0042200 secs]
Heap after GC invocations=213 (full 0):
 par new generation   total 115200K, used 1653K [0x00000000f0000000, 0x00000000f7d00000, 0x00000000f7d00000)
  eden space 102400K,   0% used [0x00000000f0000000, 0x00000000f0000000, 0x00000000f6400000)
  from space 12800K,  12% used [0x00000000f7080000, 0x00000000f721d7a8, 0x00000000f7d00000)
  to   space 12800K,   0% used [0x00000000f6400000, 0x00000000f6400000, 0x00000000f7080000)
 concurrent mark-sweep generation total 134144K, used 40624K [0x00000000f7d00000, 0x0000000100000000, 0x0000000100000000)
 Metaspace       used 65022K, capacity 69670K, committed 69888K, reserved 1110016K
  class space    used 8388K, capacity 9180K, committed 9216K, reserved 1048576K
}
{Heap before GC invocations=213 (full 0):
 par new generation   total 115200K, used 104053K [0x00000000f0000000, 0x00000000f7d00000, 0x00000000f7d00000)
  eden space 102400K, 100% used [0x00000000f0000000, 0x00000000f6400000, 0x00000000f6400000)
  from space 12800K,  12% used [0x00000000f7080000, 0x00000000f721d7a8, 0x00000000f7d00000)
  to   space 12800K,   0% used [0x00000000f6400000, 0x00000000f6400000, 0x00000000f7080000)
 concurrent mark-sweep generation total 134144K, used 40624K [0x00000000f7d00000, 0x0000000100000000, 0x0000000100000000)
 Metaspace       used 65022K, capacity 69670K, committed 69888K, reserved 1110016K
  class space    used 8388K, capacity 9180K, committed 9216K, reserved 1048576K
2022-09-12T02:03:15.454+0800: 170.231: [GC (Allocation Failure)  144678K->41837K(249344K), 0.0044200 secs]
Heap after GC invocations=214 (full 0):
 par new generation   total 115200K, used 1206K [0x00000000f0000000, 0x00000000f7d00000, 0x00000000f7d00000)
  eden space 102400K,   0% used [0x00000000f0000000, 0x00000000f0000000, 0x00000000f6400000)
  from space 12800K,   9% used [0x00000000f6400000, 0x00000000f652d800, 0x00000000f7080000)
  to   space 12800K,   0% used [0x00000000f7080000, 0x00000000f7080000, 0x00000000f7d00000)
 concurrent mark-sweep generation total 134144K, used 40631K [0x00000000f7d00000, 0x0000000100000000, 0x0000000100000000)
 Metaspace       used 65022K, capacity 69670K, committed 69888K, reserved 1110016K
  class space    used 8388K, capacity 9180K, committed 9216K, reserved 1048576K
}
{Heap before GC invocations=214 (full 0):
 par new generation   total 115200K, used 103606K [0x00000000f0000000, 0x00000000f7d00000, 0x00000000f7d00000)
  eden space 102400K, 100% used [0x00000000f0000000, 0x00000000f6400000, 0x00000000f6400000)
  from space 12800K,   9% used [0x00000000f6400000, 0x00000000f652d800, 0x00000000f7080000)
  to   space 12800K,   0% used [0x00000000f7080000, 0x00000000f7080000, 0x00000000f7d00000)
 concurrent mark-sweep generation total 134144K, used 40631K [0x00000000f7d00000, 0x0000000100000000, 0x0000000100000000)
 Metaspace       used 65022K, capacity 69670K, committed 69888K, reserved 1110016K
  class space    used 8388K, capacity 9180K, committed 9216K, reserved 1048576K
2022-09-12T02:03:15.806+0800: 170.583: [GC (Allocation Failure)  144237K->42174K(249344K), 0.0040825 secs]
Heap after GC invocations=215 (full 0):
 par new generation   total 115200K, used 1522K [0x00000000f0000000, 0x00000000f7d00000, 0x00000000f7d00000)
  eden space 102400K,   0% used [0x00000000f0000000, 0x00000000f0000000, 0x00000000f6400000)
  from space 12800K,  11% used [0x00000000f7080000, 0x00000000f71fcb50, 0x00000000f7d00000)
  to   space 12800K,   0% used [0x00000000f6400000, 0x00000000f6400000, 0x00000000f7080000)
 concurrent mark-sweep generation total 134144K, used 40651K [0x00000000f7d00000, 0x0000000100000000, 0x0000000100000000)
 Metaspace       used 65022K, capacity 69670K, committed 69888K, reserved 1110016K
  class space    used 8388K, capacity 9180K, committed 9216K, reserved 1048576K
}
{Heap before GC invocations=215 (full 0):
 par new generation   total 115200K, used 103922K [0x00000000f0000000, 0x00000000f7d00000, 0x00000000f7d00000)
  eden space 102400K, 100% used [0x00000000f0000000, 0x00000000f6400000, 0x00000000f6400000)
  from space 12800K,  11% used [0x00000000f7080000, 0x00000000f71fcb50, 0x00000000f7d00000)
  to   space 12800K,   0% used [0x00000000f6400000, 0x00000000f6400000, 0x00000000f7080000)
 concurrent mark-sweep generation total 134144K, used 40651K [0x00000000f7d00000, 0x0000000100000000, 0x0000000100000000)
 Metaspace       used 65022K, capacity 69670K, committed 69888K, reserved 1110016K
  class space    used 8388K, capacity 9180K, committed 9216K, reserved 1048576K
2022-09-12T02:03:16.163+0800: 170.940: [GC (Allocation Failure)  144574K->42290K(249344K), 0.0041317 secs]
Heap after GC invocations=216 (full 0):
 par new generation   total 115200K, used 1626K [0x00000000f0000000, 0x00000000f7d00000, 0x00000000f7d00000)
  eden space 102400K,   0% used [0x00000000f0000000, 0x00000000f0000000, 0x00000000f6400000)
  from space 12800K,  12% used [0x00000000f6400000, 0x00000000f6596a80, 0x00000000f7080000)
  to   space 12800K,   0% used [0x00000000f7080000, 0x00000000f7080000, 0x00000000f7d00000)
 concurrent mark-sweep generation total 134144K, used 40664K [0x00000000f7d00000, 0x0000000100000000, 0x0000000100000000)
 Metaspace       used 65022K, capacity 69670K, committed 69888K, reserved 1110016K
  class space    used 8388K, capacity 9180K, committed 9216K, reserved 1048576K
}
{Heap before GC invocations=216 (full 0):
 par new generation   total 115200K, used 104026K [0x00000000f0000000, 0x00000000f7d00000, 0x00000000f7d00000)
  eden space 102400K, 100% used [0x00000000f0000000, 0x00000000f6400000, 0x00000000f6400000)
  from space 12800K,  12% used [0x00000000f6400000, 0x00000000f6596a80, 0x00000000f7080000)
  to   space 12800K,   0% used [0x00000000f7080000, 0x00000000f7080000, 0x00000000f7d00000)
 concurrent mark-sweep generation total 134144K, used 40664K [0x00000000f7d00000, 0x0000000100000000, 0x0000000100000000)
 Metaspace       used 65022K, capacity 69670K, committed 69888K, reserved 1110016K
  class space    used 8388K, capacity 9180K, committed 9216K, reserved 1048576K
2022-09-12T02:03:16.512+0800: 171.289: [GC (Allocation Failure)  144690K->41873K(249344K), 0.0041858 secs]
Heap after GC invocations=217 (full 0):
 par new generation   total 115200K, used 1186K [0x00000000f0000000, 0x00000000f7d00000, 0x00000000f7d00000)
  eden space 102400K,   0% used [0x00000000f0000000, 0x00000000f0000000, 0x00000000f6400000)
  from space 12800K,   9% used [0x00000000f7080000, 0x00000000f71a8a40, 0x00000000f7d00000)
  to   space 12800K,   0% used [0x00000000f6400000, 0x00000000f6400000, 0x00000000f7080000)
 concurrent mark-sweep generation total 134144K, used 40687K [0x00000000f7d00000, 0x0000000100000000, 0x0000000100000000)
 Metaspace       used 65022K, capacity 69670K, committed 69888K, reserved 1110016K
  class space    used 8388K, capacity 9180K, committed 9216K, reserved 1048576K
}
{Heap before GC invocations=217 (full 0):
 par new generation   total 115200K, used 103586K [0x00000000f0000000, 0x00000000f7d00000, 0x00000000f7d00000)
  eden space 102400K, 100% used [0x00000000f0000000, 0x00000000f6400000, 0x00000000f6400000)
  from space 12800K,   9% used [0x00000000f7080000, 0x00000000f71a8a40, 0x00000000f7d00000)
  to   space 12800K,   0% used [0x00000000f6400000, 0x00000000f6400000, 0x00000000f7080000)
 concurrent mark-sweep generation total 134144K, used 40687K [0x00000000f7d00000, 0x0000000100000000, 0x0000000100000000)
 Metaspace       used 65022K, capacity 69670K, committed 69888K, reserved 1110016K
  class space    used 8388K, capacity 9180K, committed 9216K, reserved 1048576K
2022-09-12T02:03:16.877+0800: 171.654: [GC (Allocation Failure)  144273K->41564K(249344K), 0.0033512 secs]
Heap after GC invocations=218 (full 0):
 par new generation   total 115200K, used 864K [0x00000000f0000000, 0x00000000f7d00000, 0x00000000f7d00000)
  eden space 102400K,   0% used [0x00000000f0000000, 0x00000000f0000000, 0x00000000f6400000)
  from space 12800K,   6% used [0x00000000f6400000, 0x00000000f64d8100, 0x00000000f7080000)
  to   space 12800K,   0% used [0x00000000f7080000, 0x00000000f7080000, 0x00000000f7d00000)
 concurrent mark-sweep generation total 134144K, used 40699K [0x00000000f7d00000, 0x0000000100000000, 0x0000000100000000)
 Metaspace       used 65022K, capacity 69670K, committed 69888K, reserved 1110016K
  class space    used 8388K, capacity 9180K, committed 9216K, reserved 1048576K
}
{Heap before GC invocations=218 (full 0):
 par new generation   total 115200K, used 103264K [0x00000000f0000000, 0x00000000f7d00000, 0x00000000f7d00000)
  eden space 102400K, 100% used [0x00000000f0000000, 0x00000000f6400000, 0x00000000f6400000)
  from space 12800K,   6% used [0x00000000f6400000, 0x00000000f64d8100, 0x00000000f7080000)
  to   space 12800K,   0% used [0x00000000f7080000, 0x00000000f7080000, 0x00000000f7d00000)
 concurrent mark-sweep generation total 134144K, used 40699K [0x00000000f7d00000, 0x0000000100000000, 0x0000000100000000)
 Metaspace       used 65022K, capacity 69670K, committed 69888K, reserved 1110016K
  class space    used 8388K, capacity 9180K, committed 9216K, reserved 1048576K
2022-09-12T02:03:17.218+0800: 171.995: [GC (Allocation Failure)  143964K->41879K(249344K), 0.0040870 secs]
Heap after GC invocations=219 (full 0):
 par new generation   total 115200K, used 1162K [0x00000000f0000000, 0x00000000f7d00000, 0x00000000f7d00000)
  eden space 102400K,   0% used [0x00000000f0000000, 0x00000000f0000000, 0x00000000f6400000)
  from space 12800K,   9% used [0x00000000f7080000, 0x00000000f71a2b90, 0x00000000f7d00000)
  to   space 12800K,   0% used [0x00000000f6400000, 0x00000000f6400000, 0x00000000f7080000)
 concurrent mark-sweep generation total 134144K, used 40716K [0x00000000f7d00000, 0x0000000100000000, 0x0000000100000000)
 Metaspace       used 65022K, capacity 69670K, committed 69888K, reserved 1110016K
  class space    used 8388K, capacity 9180K, committed 9216K, reserved 1048576K
}
{Heap before GC invocations=219 (full 0):
 par new generation   total 115200K, used 103562K [0x00000000f0000000, 0x00000000f7d00000, 0x00000000f7d00000)
  eden space 102400K, 100% used [0x00000000f0000000, 0x00000000f6400000, 0x00000000f6400000)
  from space 12800K,   9% used [0x00000000f7080000, 0x00000000f71a2b90, 0x00000000f7d00000)
  to   space 12800K,   0% used [0x00000000f6400000, 0x00000000f6400000, 0x00000000f7080000)
 concurrent mark-sweep generation total 134144K, used 40716K [0x00000000f7d00000, 0x0000000100000000, 0x0000000100000000)
 Metaspace       used 65022K, capacity 69670K, committed 69888K, reserved 1110016K
  class space    used 8388K, capacity 9180K, committed 9216K, reserved 1048576K
2022-09-12T02:03:17.566+0800: 172.343: [GC (Allocation Failure)  144279K->42122K(249344K), 0.0041807 secs]
Heap after GC invocations=220 (full 0):
 par new generation   total 115200K, used 1389K [0x00000000f0000000, 0x00000000f7d00000, 0x00000000f7d00000)
  eden space 102400K,   0% used [0x00000000f0000000, 0x00000000f0000000, 0x00000000f6400000)
  from space 12800K,  10% used [0x00000000f6400000, 0x00000000f655b638, 0x00000000f7080000)
  to   space 12800K,   0% used [0x00000000f7080000, 0x00000000f7080000, 0x00000000f7d00000)
 concurrent mark-sweep generation total 134144K, used 40733K [0x00000000f7d00000, 0x0000000100000000, 0x0000000100000000)
 Metaspace       used 65022K, capacity 69670K, committed 69888K, reserved 1110016K
  class space    used 8388K, capacity 9180K, committed 9216K, reserved 1048576K
}
{Heap before GC invocations=220 (full 0):
 par new generation   total 115200K, used 103789K [0x00000000f0000000, 0x00000000f7d00000, 0x00000000f7d00000)
  eden space 102400K, 100% used [0x00000000f0000000, 0x00000000f6400000, 0x00000000f6400000)
  from space 12800K,  10% used [0x00000000f6400000, 0x00000000f655b638, 0x00000000f7080000)
  to   space 12800K,   0% used [0x00000000f7080000, 0x00000000f7080000, 0x00000000f7d00000)
 concurrent mark-sweep generation total 134144K, used 40733K [0x00000000f7d00000, 0x0000000100000000, 0x0000000100000000)
 Metaspace       used 65022K, capacity 69670K, committed 69888K, reserved 1110016K
  class space    used 8388K, capacity 9180K, committed 9216K, reserved 1048576K
2022-09-12T02:03:17.917+0800: 172.695: [GC (Allocation Failure)  144522K->42379K(249344K), 0.0041540 secs]
Heap after GC invocations=221 (full 0):
 par new generation   total 115200K, used 1631K [0x00000000f0000000, 0x00000000f7d00000, 0x00000000f7d00000)
  eden space 102400K,   0% used [0x00000000f0000000, 0x00000000f0000000, 0x00000000f6400000)
  from space 12800K,  12% used [0x00000000f7080000, 0x00000000f7217df8, 0x00000000f7d00000)
  to   space 12800K,   0% used [0x00000000f6400000, 0x00000000f6400000, 0x00000000f7080000)
 concurrent mark-sweep generation total 134144K, used 40748K [0x00000000f7d00000, 0x0000000100000000, 0x0000000100000000)
 Metaspace       used 65022K, capacity 69670K, committed 69888K, reserved 1110016K
  class space    used 8388K, capacity 9180K, committed 9216K, reserved 1048576K
}
{Heap before GC invocations=221 (full 0):
 par new generation   total 115200K, used 104031K [0x00000000f0000000, 0x00000000f7d00000, 0x00000000f7d00000)
  eden space 102400K, 100% used [0x00000000f0000000, 0x00000000f6400000, 0x00000000f6400000)
  from space 12800K,  12% used [0x00000000f7080000, 0x00000000f7217df8, 0x00000000f7d00000)
  to   space 12800K,   0% used [0x00000000f6400000, 0x00000000f6400000, 0x00000000f7080000)
 concurrent mark-sweep generation total 134144K, used 40748K [0x00000000f7d00000, 0x0000000100000000, 0x0000000100000000)
 Metaspace       used 65022K, capacity 69670K, committed 69888K, reserved 1110016K
  class space    used 8388K, capacity 9180K, committed 9216K, reserved 1048576K
2022-09-12T02:03:18.267+0800: 173.045: [GC (Allocation Failure)  144779K->42227K(249344K), 0.0041175 secs]
Heap after GC invocations=222 (full 0):
 par new generation   total 115200K, used 1464K [0x00000000f0000000, 0x00000000f7d00000, 0x00000000f7d00000)
  eden space 102400K,   0% used [0x00000000f0000000, 0x00000000f0000000, 0x00000000f6400000)
  from space 12800K,  11% used [0x00000000f6400000, 0x00000000f656e090, 0x00000000f7080000)
  to   space 12800K,   0% used [0x00000000f7080000, 0x00000000f7080000, 0x00000000f7d00000)
 concurrent mark-sweep generation total 134144K, used 40763K [0x00000000f7d00000, 0x0000000100000000, 0x0000000100000000)
 Metaspace       used 65022K, capacity 69670K, committed 69888K, reserved 1110016K
  class space    used 8388K, capacity 9180K, committed 9216K, reserved 1048576K
}
{Heap before GC invocations=222 (full 0):
 par new generation   total 115200K, used 103864K [0x00000000f0000000, 0x00000000f7d00000, 0x00000000f7d00000)
  eden space 102400K, 100% used [0x00000000f0000000, 0x00000000f6400000, 0x00000000f6400000)
  from space 12800K,  11% used [0x00000000f6400000, 0x00000000f656e090, 0x00000000f7080000)
  to   space 12800K,   0% used [0x00000000f7080000, 0x00000000f7080000, 0x00000000f7d00000)
 concurrent mark-sweep generation total 134144K, used 40763K [0x00000000f7d00000, 0x0000000100000000, 0x0000000100000000)
 Metaspace       used 65022K, capacity 69670K, committed 69888K, reserved 1110016K
  class space    used 8388K, capacity 9180K, committed 9216K, reserved 1048576K
2022-09-12T02:03:18.617+0800: 173.394: [GC (Allocation Failure)  144627K->42313K(249344K), 0.0043149 secs]
Heap after GC invocations=223 (full 0):
 par new generation   total 115200K, used 1530K [0x00000000f0000000, 0x00000000f7d00000, 0x00000000f7d00000)
  eden space 102400K,   0% used [0x00000000f0000000, 0x00000000f0000000, 0x00000000f6400000)
  from space 12800K,  11% used [0x00000000f7080000, 0x00000000f71feb08, 0x00000000f7d00000)
  to   space 12800K,   0% used [0x00000000f6400000, 0x00000000f6400000, 0x00000000f7080000)
 concurrent mark-sweep generation total 134144K, used 40782K [0x00000000f7d00000, 0x0000000100000000, 0x0000000100000000)
 Metaspace       used 65022K, capacity 69670K, committed 69888K, reserved 1110016K
  class space    used 8388K, capacity 9180K, committed 9216K, reserved 1048576K
}
{Heap before GC invocations=223 (full 0):
 par new generation   total 115200K, used 103930K [0x00000000f0000000, 0x00000000f7d00000, 0x00000000f7d00000)
  eden space 102400K, 100% used [0x00000000f0000000, 0x00000000f6400000, 0x00000000f6400000)
  from space 12800K,  11% used [0x00000000f7080000, 0x00000000f71feb08, 0x00000000f7d00000)
  to   space 12800K,   0% used [0x00000000f6400000, 0x00000000f6400000, 0x00000000f7080000)
 concurrent mark-sweep generation total 134144K, used 40782K [0x00000000f7d00000, 0x0000000100000000, 0x0000000100000000)
 Metaspace       used 65022K, capacity 69670K, committed 69888K, reserved 1110016K
  class space    used 8388K, capacity 9180K, committed 9216K, reserved 1048576K
2022-09-12T02:03:18.966+0800: 173.743: [GC (Allocation Failure)  144713K->42421K(249344K), 0.0040532 secs]
Heap after GC invocations=224 (full 0):
 par new generation   total 115200K, used 1628K [0x00000000f0000000, 0x00000000f7d00000, 0x00000000f7d00000)
  eden space 102400K,   0% used [0x00000000f0000000, 0x00000000f0000000, 0x00000000f6400000)
  from space 12800K,  12% used [0x00000000f6400000, 0x00000000f6597148, 0x00000000f7080000)
  to   space 12800K,   0% used [0x00000000f7080000, 0x00000000f7080000, 0x00000000f7d00000)
 concurrent mark-sweep generation total 134144K, used 40793K [0x00000000f7d00000, 0x0000000100000000, 0x0000000100000000)
 Metaspace       used 65022K, capacity 69670K, committed 69888K, reserved 1110016K
  class space    used 8388K, capacity 9180K, committed 9216K, reserved 1048576K
}
{Heap before GC invocations=224 (full 0):
 par new generation   total 115200K, used 104028K [0x00000000f0000000, 0x00000000f7d00000, 0x00000000f7d00000)
  eden space 102400K, 100% used [0x00000000f0000000, 0x00000000f6400000, 0x00000000f6400000)
  from space 12800K,  12% used [0x00000000f6400000, 0x00000000f6597148, 0x00000000f7080000)
  to   space 12800K,   0% used [0x00000000f7080000, 0x00000000f7080000, 0x00000000f7d00000)
 concurrent mark-sweep generation total 134144K, used 40793K [0x00000000f7d00000, 0x0000000100000000, 0x0000000100000000)
 Metaspace       used 65022K, capacity 69670K, committed 69888K, reserved 1110016K
  class space    used 8388K, capacity 9180K, committed 9216K, reserved 1048576K
2022-09-12T02:03:19.316+0800: 174.093: [GC (Allocation Failure)  144821K->41972K(249344K), 0.0041244 secs]
Heap after GC invocations=225 (full 0):
 par new generation   total 115200K, used 1157K [0x00000000f0000000, 0x00000000f7d00000, 0x00000000f7d00000)
  eden space 102400K,   0% used [0x00000000f0000000, 0x00000000f0000000, 0x00000000f6400000)
  from space 12800K,   9% used [0x00000000f7080000, 0x00000000f71a1680, 0x00000000f7d00000)
  to   space 12800K,   0% used [0x00000000f6400000, 0x00000000f6400000, 0x00000000f7080000)
 concurrent mark-sweep generation total 134144K, used 40814K [0x00000000f7d00000, 0x0000000100000000, 0x0000000100000000)
 Metaspace       used 65022K, capacity 69670K, committed 69888K, reserved 1110016K
  class space    used 8388K, capacity 9180K, committed 9216K, reserved 1048576K
}
{Heap before GC invocations=225 (full 0):
 par new generation   total 115200K, used 103557K [0x00000000f0000000, 0x00000000f7d00000, 0x00000000f7d00000)
  eden space 102400K, 100% used [0x00000000f0000000, 0x00000000f6400000, 0x00000000f6400000)
  from space 12800K,   9% used [0x00000000f7080000, 0x00000000f71a1680, 0x00000000f7d00000)
  to   space 12800K,   0% used [0x00000000f6400000, 0x00000000f6400000, 0x00000000f7080000)
 concurrent mark-sweep generation total 134144K, used 40814K [0x00000000f7d00000, 0x0000000100000000, 0x0000000100000000)
 Metaspace       used 65022K, capacity 69670K, committed 69888K, reserved 1110016K
  class space    used 8388K, capacity 9180K, committed 9216K, reserved 1048576K
2022-09-12T02:03:19.664+0800: 174.442: [GC (Allocation Failure)  144372K->42328K(249344K), 0.0040981 secs]
Heap after GC invocations=226 (full 0):
 par new generation   total 115200K, used 1498K [0x00000000f0000000, 0x00000000f7d00000, 0x00000000f7d00000)
  eden space 102400K,   0% used [0x00000000f0000000, 0x00000000f0000000, 0x00000000f6400000)
  from space 12800K,  11% used [0x00000000f6400000, 0x00000000f6576a68, 0x00000000f7080000)
  to   space 12800K,   0% used [0x00000000f7080000, 0x00000000f7080000, 0x00000000f7d00000)
 concurrent mark-sweep generation total 134144K, used 40829K [0x00000000f7d00000, 0x0000000100000000, 0x0000000100000000)
 Metaspace       used 65022K, capacity 69670K, committed 69888K, reserved 1110016K
  class space    used 8388K, capacity 9180K, committed 9216K, reserved 1048576K
}
{Heap before GC invocations=226 (full 0):
 par new generation   total 115200K, used 103898K [0x00000000f0000000, 0x00000000f7d00000, 0x00000000f7d00000)
  eden space 102400K, 100% used [0x00000000f0000000, 0x00000000f6400000, 0x00000000f6400000)
  from space 12800K,  11% used [0x00000000f6400000, 0x00000000f6576a68, 0x00000000f7080000)
  to   space 12800K,   0% used [0x00000000f7080000, 0x00000000f7080000, 0x00000000f7d00000)
 concurrent mark-sweep generation total 134144K, used 40829K [0x00000000f7d00000, 0x0000000100000000, 0x0000000100000000)
 Metaspace       used 65022K, capacity 69670K, committed 69888K, reserved 1110016K
  class space    used 8388K, capacity 9180K, committed 9216K, reserved 1048576K
2022-09-12T02:03:20.012+0800: 174.789: [GC (Allocation Failure)  144728K->42482K(249344K), 0.0042519 secs]
Heap after GC invocations=227 (full 0):
 par new generation   total 115200K, used 1637K [0x00000000f0000000, 0x00000000f7d00000, 0x00000000f7d00000)
  eden space 102400K,   0% used [0x00000000f0000000, 0x00000000f0000000, 0x00000000f6400000)
  from space 12800K,  12% used [0x00000000f7080000, 0x00000000f72195d0, 0x00000000f7d00000)
  to   space 12800K,   0% used [0x00000000f6400000, 0x00000000f6400000, 0x00000000f7080000)
 concurrent mark-sweep generation total 134144K, used 40845K [0x00000000f7d00000, 0x0000000100000000, 0x0000000100000000)
 Metaspace       used 65022K, capacity 69670K, committed 69888K, reserved 1110016K
  class space    used 8388K, capacity 9180K, committed 9216K, reserved 1048576K
}
{Heap before GC invocations=227 (full 0):
 par new generation   total 115200K, used 104037K [0x00000000f0000000, 0x00000000f7d00000, 0x00000000f7d00000)
  eden space 102400K, 100% used [0x00000000f0000000, 0x00000000f6400000, 0x00000000f6400000)
  from space 12800K,  12% used [0x00000000f7080000, 0x00000000f72195d0, 0x00000000f7d00000)
  to   space 12800K,   0% used [0x00000000f6400000, 0x00000000f6400000, 0x00000000f7080000)
 concurrent mark-sweep generation total 134144K, used 40845K [0x00000000f7d00000, 0x0000000100000000, 0x0000000100000000)
 Metaspace       used 65022K, capacity 69670K, committed 69888K, reserved 1110016K
  class space    used 8388K, capacity 9180K, committed 9216K, reserved 1048576K
2022-09-12T02:03:20.363+0800: 175.140: [GC (Allocation Failure)  144882K->41897K(249344K), 0.0040801 secs]
Heap after GC invocations=228 (full 0):
 par new generation   total 115200K, used 1034K [0x00000000f0000000, 0x00000000f7d00000, 0x00000000f7d00000)
  eden space 102400K,   0% used [0x00000000f0000000, 0x00000000f0000000, 0x00000000f6400000)
  from space 12800K,   8% used [0x00000000f6400000, 0x00000000f6502bd8, 0x00000000f7080000)
  to   space 12800K,   0% used [0x00000000f7080000, 0x00000000f7080000, 0x00000000f7d00000)
 concurrent mark-sweep generation total 134144K, used 40862K [0x00000000f7d00000, 0x0000000100000000, 0x0000000100000000)
 Metaspace       used 65022K, capacity 69670K, committed 69888K, reserved 1110016K
  class space    used 8388K, capacity 9180K, committed 9216K, reserved 1048576K
}
{Heap before GC invocations=228 (full 0):
 par new generation   total 115200K, used 103434K [0x00000000f0000000, 0x00000000f7d00000, 0x00000000f7d00000)
  eden space 102400K, 100% used [0x00000000f0000000, 0x00000000f6400000, 0x00000000f6400000)
  from space 12800K,   8% used [0x00000000f6400000, 0x00000000f6502bd8, 0x00000000f7080000)
  to   space 12800K,   0% used [0x00000000f7080000, 0x00000000f7080000, 0x00000000f7d00000)
 concurrent mark-sweep generation total 134144K, used 40862K [0x00000000f7d00000, 0x0000000100000000, 0x0000000100000000)
 Metaspace       used 65023K, capacity 69670K, committed 69888K, reserved 1110016K
  class space    used 8388K, capacity 9180K, committed 9216K, reserved 1048576K
2022-09-12T02:03:20.711+0800: 175.488: [GC (Allocation Failure)  144297K->42364K(249344K), 0.0041165 secs]
Heap after GC invocations=229 (full 0):
 par new generation   total 115200K, used 1485K [0x00000000f0000000, 0x00000000f7d00000, 0x00000000f7d00000)
  eden space 102400K,   0% used [0x00000000f0000000, 0x00000000f0000000, 0x00000000f6400000)
  from space 12800K,  11% used [0x00000000f7080000, 0x00000000f71f3460, 0x00000000f7d00000)
  to   space 12800K,   0% used [0x00000000f6400000, 0x00000000f6400000, 0x00000000f7080000)
 concurrent mark-sweep generation total 134144K, used 40879K [0x00000000f7d00000, 0x0000000100000000, 0x0000000100000000)
 Metaspace       used 65023K, capacity 69670K, committed 69888K, reserved 1110016K
  class space    used 8388K, capacity 9180K, committed 9216K, reserved 1048576K
}
{Heap before GC invocations=229 (full 0):
 par new generation   total 115200K, used 103885K [0x00000000f0000000, 0x00000000f7d00000, 0x00000000f7d00000)
  eden space 102400K, 100% used [0x00000000f0000000, 0x00000000f6400000, 0x00000000f6400000)
  from space 12800K,  11% used [0x00000000f7080000, 0x00000000f71f3460, 0x00000000f7d00000)
  to   space 12800K,   0% used [0x00000000f6400000, 0x00000000f6400000, 0x00000000f7080000)
 concurrent mark-sweep generation total 134144K, used 40879K [0x00000000f7d00000, 0x0000000100000000, 0x0000000100000000)
 Metaspace       used 65023K, capacity 69670K, committed 69888K, reserved 1110016K
  class space    used 8388K, capacity 9180K, committed 9216K, reserved 1048576K
2022-09-12T02:03:21.059+0800: 175.837: [GC (Allocation Failure)  144764K->42491K(249344K), 0.0041862 secs]
Heap after GC invocations=230 (full 0):
 par new generation   total 115200K, used 1601K [0x00000000f0000000, 0x00000000f7d00000, 0x00000000f7d00000)
  eden space 102400K,   0% used [0x00000000f0000000, 0x00000000f0000000, 0x00000000f6400000)
  from space 12800K,  12% used [0x00000000f6400000, 0x00000000f6590650, 0x00000000f7080000)
  to   space 12800K,   0% used [0x00000000f7080000, 0x00000000f7080000, 0x00000000f7d00000)
 concurrent mark-sweep generation total 134144K, used 40890K [0x00000000f7d00000, 0x0000000100000000, 0x0000000100000000)
 Metaspace       used 65023K, capacity 69670K, committed 69888K, reserved 1110016K
  class space    used 8388K, capacity 9180K, committed 9216K, reserved 1048576K
}
{Heap before GC invocations=230 (full 0):
 par new generation   total 115200K, used 104001K [0x00000000f0000000, 0x00000000f7d00000, 0x00000000f7d00000)
  eden space 102400K, 100% used [0x00000000f0000000, 0x00000000f6400000, 0x00000000f6400000)
  from space 12800K,  12% used [0x00000000f6400000, 0x00000000f6590650, 0x00000000f7080000)
  to   space 12800K,   0% used [0x00000000f7080000, 0x00000000f7080000, 0x00000000f7d00000)
 concurrent mark-sweep generation total 134144K, used 40890K [0x00000000f7d00000, 0x0000000100000000, 0x0000000100000000)
 Metaspace       used 65023K, capacity 69670K, committed 69888K, reserved 1110016K
  class space    used 8388K, capacity 9180K, committed 9216K, reserved 1048576K
2022-09-12T02:03:21.418+0800: 176.195: [GC (Allocation Failure)  144891K->42601K(249344K), 0.0043007 secs]
Heap after GC invocations=231 (full 0):
 par new generation   total 115200K, used 1691K [0x00000000f0000000, 0x00000000f7d00000, 0x00000000f7d00000)
  eden space 102400K,   0% used [0x00000000f0000000, 0x00000000f0000000, 0x00000000f6400000)
  from space 12800K,  13% used [0x00000000f7080000, 0x00000000f7226d48, 0x00000000f7d00000)
  to   space 12800K,   0% used [0x00000000f6400000, 0x00000000f6400000, 0x00000000f7080000)
 concurrent mark-sweep generation total 134144K, used 40910K [0x00000000f7d00000, 0x0000000100000000, 0x0000000100000000)
 Metaspace       used 65023K, capacity 69670K, committed 69888K, reserved 1110016K
  class space    used 8388K, capacity 9180K, committed 9216K, reserved 1048576K
}
{Heap before GC invocations=231 (full 0):
 par new generation   total 115200K, used 104091K [0x00000000f0000000, 0x00000000f7d00000, 0x00000000f7d00000)
  eden space 102400K, 100% used [0x00000000f0000000, 0x00000000f6400000, 0x00000000f6400000)
  from space 12800K,  13% used [0x00000000f7080000, 0x00000000f7226d48, 0x00000000f7d00000)
  to   space 12800K,   0% used [0x00000000f6400000, 0x00000000f6400000, 0x00000000f7080000)
 concurrent mark-sweep generation total 134144K, used 40910K [0x00000000f7d00000, 0x0000000100000000, 0x0000000100000000)
 Metaspace       used 65023K, capacity 69670K, committed 69888K, reserved 1110016K
  class space    used 8388K, capacity 9180K, committed 9216K, reserved 1048576K
2022-09-12T02:03:21.767+0800: 176.545: [GC (Allocation Failure)  145001K->42118K(249344K), 0.0041784 secs]
Heap after GC invocations=232 (full 0):
 par new generation   total 115200K, used 1195K [0x00000000f0000000, 0x00000000f7d00000, 0x00000000f7d00000)
  eden space 102400K,   0% used [0x00000000f0000000, 0x00000000f0000000, 0x00000000f6400000)
  from space 12800K,   9% used [0x00000000f6400000, 0x00000000f652aec0, 0x00000000f7080000)
  to   space 12800K,   0% used [0x00000000f7080000, 0x00000000f7080000, 0x00000000f7d00000)
 concurrent mark-sweep generation total 134144K, used 40923K [0x00000000f7d00000, 0x0000000100000000, 0x0000000100000000)
 Metaspace       used 65023K, capacity 69670K, committed 69888K, reserved 1110016K
  class space    used 8388K, capacity 9180K, committed 9216K, reserved 1048576K
}
{Heap before GC invocations=232 (full 0):
 par new generation   total 115200K, used 103595K [0x00000000f0000000, 0x00000000f7d00000, 0x00000000f7d00000)
  eden space 102400K, 100% used [0x00000000f0000000, 0x00000000f6400000, 0x00000000f6400000)
  from space 12800K,   9% used [0x00000000f6400000, 0x00000000f652aec0, 0x00000000f7080000)
  to   space 12800K,   0% used [0x00000000f7080000, 0x00000000f7080000, 0x00000000f7d00000)
 concurrent mark-sweep generation total 134144K, used 40923K [0x00000000f7d00000, 0x0000000100000000, 0x0000000100000000)
 Metaspace       used 65023K, capacity 69670K, committed 69888K, reserved 1110016K
  class space    used 8388K, capacity 9180K, committed 9216K, reserved 1048576K
2022-09-12T02:03:22.117+0800: 176.894: [GC (Allocation Failure)  144518K->42270K(249344K), 0.0044603 secs]
Heap after GC invocations=233 (full 0):
 par new generation   total 115200K, used 1328K [0x00000000f0000000, 0x00000000f7d00000, 0x00000000f7d00000)
  eden space 102400K,   0% used [0x00000000f0000000, 0x00000000f0000000, 0x00000000f6400000)
  from space 12800K,  10% used [0x00000000f7080000, 0x00000000f71cc1f0, 0x00000000f7d00000)
  to   space 12800K,   0% used [0x00000000f6400000, 0x00000000f6400000, 0x00000000f7080000)
 concurrent mark-sweep generation total 134144K, used 40942K [0x00000000f7d00000, 0x0000000100000000, 0x0000000100000000)
 Metaspace       used 65023K, capacity 69670K, committed 69888K, reserved 1110016K
  class space    used 8388K, capacity 9180K, committed 9216K, reserved 1048576K
}
{Heap before GC invocations=233 (full 0):
 par new generation   total 115200K, used 103728K [0x00000000f0000000, 0x00000000f7d00000, 0x00000000f7d00000)
  eden space 102400K, 100% used [0x00000000f0000000, 0x00000000f6400000, 0x00000000f6400000)
  from space 12800K,  10% used [0x00000000f7080000, 0x00000000f71cc1f0, 0x00000000f7d00000)
  to   space 12800K,   0% used [0x00000000f6400000, 0x00000000f6400000, 0x00000000f7080000)
 concurrent mark-sweep generation total 134144K, used 40942K [0x00000000f7d00000, 0x0000000100000000, 0x0000000100000000)
 Metaspace       used 65023K, capacity 69670K, committed 69888K, reserved 1110016K
  class space    used 8388K, capacity 9180K, committed 9216K, reserved 1048576K
2022-09-12T02:03:22.469+0800: 177.246: [GC (Allocation Failure)  144670K->42634K(249344K), 0.0042760 secs]
Heap after GC invocations=234 (full 0):
 par new generation   total 115200K, used 1675K [0x00000000f0000000, 0x00000000f7d00000, 0x00000000f7d00000)
  eden space 102400K,   0% used [0x00000000f0000000, 0x00000000f0000000, 0x00000000f6400000)
  from space 12800K,  13% used [0x00000000f6400000, 0x00000000f65a2f60, 0x00000000f7080000)
  to   space 12800K,   0% used [0x00000000f7080000, 0x00000000f7080000, 0x00000000f7d00000)
 concurrent mark-sweep generation total 134144K, used 40958K [0x00000000f7d00000, 0x0000000100000000, 0x0000000100000000)
 Metaspace       used 65023K, capacity 69670K, committed 69888K, reserved 1110016K
  class space    used 8388K, capacity 9180K, committed 9216K, reserved 1048576K
}
{Heap before GC invocations=234 (full 0):
 par new generation   total 115200K, used 104075K [0x00000000f0000000, 0x00000000f7d00000, 0x00000000f7d00000)
  eden space 102400K, 100% used [0x00000000f0000000, 0x00000000f6400000, 0x00000000f6400000)
  from space 12800K,  13% used [0x00000000f6400000, 0x00000000f65a2f60, 0x00000000f7080000)
  to   space 12800K,   0% used [0x00000000f7080000, 0x00000000f7080000, 0x00000000f7d00000)
 concurrent mark-sweep generation total 134144K, used 40958K [0x00000000f7d00000, 0x0000000100000000, 0x0000000100000000)
 Metaspace       used 65023K, capacity 69670K, committed 69888K, reserved 1110016K
  class space    used 8388K, capacity 9180K, committed 9216K, reserved 1048576K
2022-09-12T02:03:22.817+0800: 177.595: [GC (Allocation Failure)  145034K->42166K(249344K), 0.0041130 secs]
Heap after GC invocations=235 (full 0):
 par new generation   total 115200K, used 1193K [0x00000000f0000000, 0x00000000f7d00000, 0x00000000f7d00000)
  eden space 102400K,   0% used [0x00000000f0000000, 0x00000000f0000000, 0x00000000f6400000)
  from space 12800K,   9% used [0x00000000f7080000, 0x00000000f71aa7c0, 0x00000000f7d00000)
  to   space 12800K,   0% used [0x00000000f6400000, 0x00000000f6400000, 0x00000000f7080000)
 concurrent mark-sweep generation total 134144K, used 40972K [0x00000000f7d00000, 0x0000000100000000, 0x0000000100000000)
 Metaspace       used 65023K, capacity 69670K, committed 69888K, reserved 1110016K
  class space    used 8388K, capacity 9180K, committed 9216K, reserved 1048576K
}
{Heap before GC invocations=235 (full 0):
 par new generation   total 115200K, used 103593K [0x00000000f0000000, 0x00000000f7d00000, 0x00000000f7d00000)
  eden space 102400K, 100% used [0x00000000f0000000, 0x00000000f6400000, 0x00000000f6400000)
  from space 12800K,   9% used [0x00000000f7080000, 0x00000000f71aa7c0, 0x00000000f7d00000)
  to   space 12800K,   0% used [0x00000000f6400000, 0x00000000f6400000, 0x00000000f7080000)
 concurrent mark-sweep generation total 134144K, used 40972K [0x00000000f7d00000, 0x0000000100000000, 0x0000000100000000)
 Metaspace       used 65023K, capacity 69670K, committed 69888K, reserved 1110016K
  class space    used 8388K, capacity 9180K, committed 9216K, reserved 1048576K
2022-09-12T02:03:23.167+0800: 177.944: [GC (Allocation Failure)  144566K->42509K(249344K), 0.0043368 secs]
Heap after GC invocations=236 (full 0):
 par new generation   total 115200K, used 1519K [0x00000000f0000000, 0x00000000f7d00000, 0x00000000f7d00000)
  eden space 102400K,   0% used [0x00000000f0000000, 0x00000000f0000000, 0x00000000f6400000)
  from space 12800K,  11% used [0x00000000f6400000, 0x00000000f657bea0, 0x00000000f7080000)
  to   space 12800K,   0% used [0x00000000f7080000, 0x00000000f7080000, 0x00000000f7d00000)
 concurrent mark-sweep generation total 134144K, used 40989K [0x00000000f7d00000, 0x0000000100000000, 0x0000000100000000)
 Metaspace       used 65023K, capacity 69670K, committed 69888K, reserved 1110016K
  class space    used 8388K, capacity 9180K, committed 9216K, reserved 1048576K
}
{Heap before GC invocations=236 (full 0):
 par new generation   total 115200K, used 103919K [0x00000000f0000000, 0x00000000f7d00000, 0x00000000f7d00000)
  eden space 102400K, 100% used [0x00000000f0000000, 0x00000000f6400000, 0x00000000f6400000)
  from space 12800K,  11% used [0x00000000f6400000, 0x00000000f657bea0, 0x00000000f7080000)
  to   space 12800K,   0% used [0x00000000f7080000, 0x00000000f7080000, 0x00000000f7d00000)
 concurrent mark-sweep generation total 134144K, used 40989K [0x00000000f7d00000, 0x0000000100000000, 0x0000000100000000)
 Metaspace       used 65024K, capacity 69670K, committed 69888K, reserved 1110016K
  class space    used 8388K, capacity 9180K, committed 9216K, reserved 1048576K
2022-09-12T02:03:23.517+0800: 178.294: [GC (Allocation Failure)  144909K->42616K(249344K), 0.0042020 secs]
Heap after GC invocations=237 (full 0):
 par new generation   total 115200K, used 1610K [0x00000000f0000000, 0x00000000f7d00000, 0x00000000f7d00000)
  eden space 102400K,   0% used [0x00000000f0000000, 0x00000000f0000000, 0x00000000f6400000)
  from space 12800K,  12% used [0x00000000f7080000, 0x00000000f7212ad8, 0x00000000f7d00000)
  to   space 12800K,   0% used [0x00000000f6400000, 0x00000000f6400000, 0x00000000f7080000)
 concurrent mark-sweep generation total 134144K, used 41006K [0x00000000f7d00000, 0x0000000100000000, 0x0000000100000000)
 Metaspace       used 65024K, capacity 69670K, committed 69888K, reserved 1110016K
  class space    used 8388K, capacity 9180K, committed 9216K, reserved 1048576K
}
{Heap before GC invocations=237 (full 0):
 par new generation   total 115200K, used 104010K [0x00000000f0000000, 0x00000000f7d00000, 0x00000000f7d00000)
  eden space 102400K, 100% used [0x00000000f0000000, 0x00000000f6400000, 0x00000000f6400000)
  from space 12800K,  12% used [0x00000000f7080000, 0x00000000f7212ad8, 0x00000000f7d00000)
  to   space 12800K,   0% used [0x00000000f6400000, 0x00000000f6400000, 0x00000000f7080000)
 concurrent mark-sweep generation total 134144K, used 41006K [0x00000000f7d00000, 0x0000000100000000, 0x0000000100000000)
 Metaspace       used 65024K, capacity 69670K, committed 69888K, reserved 1110016K
  class space    used 8388K, capacity 9180K, committed 9216K, reserved 1048576K
2022-09-12T02:03:23.866+0800: 178.643: [GC (Allocation Failure)  145016K->42698K(249344K), 0.0042324 secs]
Heap after GC invocations=238 (full 0):
 par new generation   total 115200K, used 1680K [0x00000000f0000000, 0x00000000f7d00000, 0x00000000f7d00000)
  eden space 102400K,   0% used [0x00000000f0000000, 0x00000000f0000000, 0x00000000f6400000)
  from space 12800K,  13% used [0x00000000f6400000, 0x00000000f65a43f0, 0x00000000f7080000)
  to   space 12800K,   0% used [0x00000000f7080000, 0x00000000f7080000, 0x00000000f7d00000)
 concurrent mark-sweep generation total 134144K, used 41017K [0x00000000f7d00000, 0x0000000100000000, 0x0000000100000000)
 Metaspace       used 65024K, capacity 69670K, committed 69888K, reserved 1110016K
  class space    used 8388K, capacity 9180K, committed 9216K, reserved 1048576K
}
{Heap before GC invocations=238 (full 0):
 par new generation   total 115200K, used 104080K [0x00000000f0000000, 0x00000000f7d00000, 0x00000000f7d00000)
  eden space 102400K, 100% used [0x00000000f0000000, 0x00000000f6400000, 0x00000000f6400000)
  from space 12800K,  13% used [0x00000000f6400000, 0x00000000f65a43f0, 0x00000000f7080000)
  to   space 12800K,   0% used [0x00000000f7080000, 0x00000000f7080000, 0x00000000f7d00000)
 concurrent mark-sweep generation total 134144K, used 41017K [0x00000000f7d00000, 0x0000000100000000, 0x0000000100000000)
 Metaspace       used 65024K, capacity 69670K, committed 69888K, reserved 1110016K
  class space    used 8388K, capacity 9180K, committed 9216K, reserved 1048576K
2022-09-12T02:03:24.215+0800: 178.992: [GC (Allocation Failure)  145098K->42246K(249344K), 0.0041642 secs]
Heap after GC invocations=239 (full 0):
 par new generation   total 115200K, used 1209K [0x00000000f0000000, 0x00000000f7d00000, 0x00000000f7d00000)
  eden space 102400K,   0% used [0x00000000f0000000, 0x00000000f0000000, 0x00000000f6400000)
  from space 12800K,   9% used [0x00000000f7080000, 0x00000000f71ae580, 0x00000000f7d00000)
  to   space 12800K,   0% used [0x00000000f6400000, 0x00000000f6400000, 0x00000000f7080000)
 concurrent mark-sweep generation total 134144K, used 41036K [0x00000000f7d00000, 0x0000000100000000, 0x0000000100000000)
 Metaspace       used 65024K, capacity 69670K, committed 69888K, reserved 1110016K
  class space    used 8388K, capacity 9180K, committed 9216K, reserved 1048576K
}
{Heap before GC invocations=239 (full 0):
 par new generation   total 115200K, used 103609K [0x00000000f0000000, 0x00000000f7d00000, 0x00000000f7d00000)
  eden space 102400K, 100% used [0x00000000f0000000, 0x00000000f6400000, 0x00000000f6400000)
  from space 12800K,   9% used [0x00000000f7080000, 0x00000000f71ae580, 0x00000000f7d00000)
  to   space 12800K,   0% used [0x00000000f6400000, 0x00000000f6400000, 0x00000000f7080000)
 concurrent mark-sweep generation total 134144K, used 41036K [0x00000000f7d00000, 0x0000000100000000, 0x0000000100000000)
 Metaspace       used 65024K, capacity 69670K, committed 69888K, reserved 1110016K
  class space    used 8388K, capacity 9180K, committed 9216K, reserved 1048576K
2022-09-12T02:03:24.563+0800: 179.341: [GC (Allocation Failure)  144646K->42573K(249344K), 0.0042181 secs]
Heap after GC invocations=240 (full 0):
 par new generation   total 115200K, used 1521K [0x00000000f0000000, 0x00000000f7d00000, 0x00000000f7d00000)
  eden space 102400K,   0% used [0x00000000f0000000, 0x00000000f0000000, 0x00000000f6400000)
  from space 12800K,  11% used [0x00000000f6400000, 0x00000000f657c568, 0x00000000f7080000)
  to   space 12800K,   0% used [0x00000000f7080000, 0x00000000f7080000, 0x00000000f7d00000)
 concurrent mark-sweep generation total 134144K, used 41052K [0x00000000f7d00000, 0x0000000100000000, 0x0000000100000000)
 Metaspace       used 65024K, capacity 69670K, committed 69888K, reserved 1110016K
  class space    used 8388K, capacity 9180K, committed 9216K, reserved 1048576K
}
{Heap before GC invocations=240 (full 0):
 par new generation   total 115200K, used 103921K [0x00000000f0000000, 0x00000000f7d00000, 0x00000000f7d00000)
  eden space 102400K, 100% used [0x00000000f0000000, 0x00000000f6400000, 0x00000000f6400000)
  from space 12800K,  11% used [0x00000000f6400000, 0x00000000f657c568, 0x00000000f7080000)
  to   space 12800K,   0% used [0x00000000f7080000, 0x00000000f7080000, 0x00000000f7d00000)
 concurrent mark-sweep generation total 134144K, used 41052K [0x00000000f7d00000, 0x0000000100000000, 0x0000000100000000)
 Metaspace       used 65024K, capacity 69670K, committed 69888K, reserved 1110016K
  class space    used 8388K, capacity 9180K, committed 9216K, reserved 1048576K
2022-09-12T02:03:24.914+0800: 179.691: [GC (Allocation Failure)  144973K->42725K(249344K), 0.0041907 secs]
Heap after GC invocations=241 (full 0):
 par new generation   total 115200K, used 1657K [0x00000000f0000000, 0x00000000f7d00000, 0x00000000f7d00000)
  eden space 102400K,   0% used [0x00000000f0000000, 0x00000000f0000000, 0x00000000f6400000)
  from space 12800K,  12% used [0x00000000f7080000, 0x00000000f721e4c8, 0x00000000f7d00000)
  to   space 12800K,   0% used [0x00000000f6400000, 0x00000000f6400000, 0x00000000f7080000)
 concurrent mark-sweep generation total 134144K, used 41068K [0x00000000f7d00000, 0x0000000100000000, 0x0000000100000000)
 Metaspace       used 65024K, capacity 69670K, committed 69888K, reserved 1110016K
  class space    used 8388K, capacity 9180K, committed 9216K, reserved 1048576K
}
{Heap before GC invocations=241 (full 0):
 par new generation   total 115200K, used 104057K [0x00000000f0000000, 0x00000000f7d00000, 0x00000000f7d00000)
  eden space 102400K, 100% used [0x00000000f0000000, 0x00000000f6400000, 0x00000000f6400000)
  from space 12800K,  12% used [0x00000000f7080000, 0x00000000f721e4c8, 0x00000000f7d00000)
  to   space 12800K,   0% used [0x00000000f6400000, 0x00000000f6400000, 0x00000000f7080000)
 concurrent mark-sweep generation total 134144K, used 41068K [0x00000000f7d00000, 0x0000000100000000, 0x0000000100000000)
 Metaspace       used 65024K, capacity 69670K, committed 69888K, reserved 1110016K
  class space    used 8388K, capacity 9180K, committed 9216K, reserved 1048576K
2022-09-12T02:03:25.263+0800: 180.040: [GC (Allocation Failure)  145125K->42267K(249344K), 0.0041633 secs]
Heap after GC invocations=242 (full 0):
 par new generation   total 115200K, used 1180K [0x00000000f0000000, 0x00000000f7d00000, 0x00000000f7d00000)
  eden space 102400K,   0% used [0x00000000f0000000, 0x00000000f0000000, 0x00000000f6400000)
  from space 12800K,   9% used [0x00000000f6400000, 0x00000000f6527080, 0x00000000f7080000)
  to   space 12800K,   0% used [0x00000000f7080000, 0x00000000f7080000, 0x00000000f7d00000)
 concurrent mark-sweep generation total 134144K, used 41087K [0x00000000f7d00000, 0x0000000100000000, 0x0000000100000000)
 Metaspace       used 65024K, capacity 69670K, committed 69888K, reserved 1110016K
  class space    used 8388K, capacity 9180K, committed 9216K, reserved 1048576K
}
{Heap before GC invocations=242 (full 0):
 par new generation   total 115200K, used 103580K [0x00000000f0000000, 0x00000000f7d00000, 0x00000000f7d00000)
  eden space 102400K, 100% used [0x00000000f0000000, 0x00000000f6400000, 0x00000000f6400000)
  from space 12800K,   9% used [0x00000000f6400000, 0x00000000f6527080, 0x00000000f7080000)
  to   space 12800K,   0% used [0x00000000f7080000, 0x00000000f7080000, 0x00000000f7d00000)
 concurrent mark-sweep generation total 134144K, used 41087K [0x00000000f7d00000, 0x0000000100000000, 0x0000000100000000)
 Metaspace       used 65024K, capacity 69670K, committed 69888K, reserved 1110016K
  class space    used 8388K, capacity 9180K, committed 9216K, reserved 1048576K
2022-09-12T02:03:25.613+0800: 180.390: [GC (Allocation Failure)  144667K->42618K(249344K), 0.0041558 secs]
Heap after GC invocations=243 (full 0):
 par new generation   total 115200K, used 1516K [0x00000000f0000000, 0x00000000f7d00000, 0x00000000f7d00000)
  eden space 102400K,   0% used [0x00000000f0000000, 0x00000000f0000000, 0x00000000f6400000)
  from space 12800K,  11% used [0x00000000f7080000, 0x00000000f71fb308, 0x00000000f7d00000)
  to   space 12800K,   0% used [0x00000000f6400000, 0x00000000f6400000, 0x00000000f7080000)
 concurrent mark-sweep generation total 134144K, used 41101K [0x00000000f7d00000, 0x0000000100000000, 0x0000000100000000)
 Metaspace       used 65024K, capacity 69670K, committed 69888K, reserved 1110016K
  class space    used 8388K, capacity 9180K, committed 9216K, reserved 1048576K
}
{Heap before GC invocations=243 (full 0):
 par new generation   total 115200K, used 103916K [0x00000000f0000000, 0x00000000f7d00000, 0x00000000f7d00000)
  eden space 102400K, 100% used [0x00000000f0000000, 0x00000000f6400000, 0x00000000f6400000)
  from space 12800K,  11% used [0x00000000f7080000, 0x00000000f71fb308, 0x00000000f7d00000)
  to   space 12800K,   0% used [0x00000000f6400000, 0x00000000f6400000, 0x00000000f7080000)
 concurrent mark-sweep generation total 134144K, used 41101K [0x00000000f7d00000, 0x0000000100000000, 0x0000000100000000)
 Metaspace       used 65024K, capacity 69670K, committed 69888K, reserved 1110016K
  class space    used 8388K, capacity 9180K, committed 9216K, reserved 1048576K
2022-09-12T02:03:25.976+0800: 180.753: [GC (Allocation Failure)  145018K->42805K(249344K), 0.0042836 secs]
Heap after GC invocations=244 (full 0):
 par new generation   total 115200K, used 1680K [0x00000000f0000000, 0x00000000f7d00000, 0x00000000f7d00000)
  eden space 102400K,   0% used [0x00000000f0000000, 0x00000000f0000000, 0x00000000f6400000)
  from space 12800K,  13% used [0x00000000f6400000, 0x00000000f65a4230, 0x00000000f7080000)
  to   space 12800K,   0% used [0x00000000f7080000, 0x00000000f7080000, 0x00000000f7d00000)
 concurrent mark-sweep generation total 134144K, used 41124K [0x00000000f7d00000, 0x0000000100000000, 0x0000000100000000)
 Metaspace       used 65024K, capacity 69670K, committed 69888K, reserved 1110016K
  class space    used 8388K, capacity 9180K, committed 9216K, reserved 1048576K
}
{Heap before GC invocations=244 (full 0):
 par new generation   total 115200K, used 104080K [0x00000000f0000000, 0x00000000f7d00000, 0x00000000f7d00000)
  eden space 102400K, 100% used [0x00000000f0000000, 0x00000000f6400000, 0x00000000f6400000)
  from space 12800K,  13% used [0x00000000f6400000, 0x00000000f65a4230, 0x00000000f7080000)
  to   space 12800K,   0% used [0x00000000f7080000, 0x00000000f7080000, 0x00000000f7d00000)
 concurrent mark-sweep generation total 134144K, used 41124K [0x00000000f7d00000, 0x0000000100000000, 0x0000000100000000)
 Metaspace       used 65024K, capacity 69670K, committed 69888K, reserved 1110016K
  class space    used 8388K, capacity 9180K, committed 9216K, reserved 1048576K
2022-09-12T02:03:26.325+0800: 181.102: [GC (Allocation Failure)  145205K->42469K(249344K), 0.0040581 secs]
Heap after GC invocations=245 (full 0):
 par new generation   total 115200K, used 1333K [0x00000000f0000000, 0x00000000f7d00000, 0x00000000f7d00000)
  eden space 102400K,   0% used [0x00000000f0000000, 0x00000000f0000000, 0x00000000f6400000)
  from space 12800K,  10% used [0x00000000f7080000, 0x00000000f71cd798, 0x00000000f7d00000)
  to   space 12800K,   0% used [0x00000000f6400000, 0x00000000f6400000, 0x00000000f7080000)
 concurrent mark-sweep generation total 134144K, used 41135K [0x00000000f7d00000, 0x0000000100000000, 0x0000000100000000)
 Metaspace       used 65024K, capacity 69670K, committed 69888K, reserved 1110016K
  class space    used 8388K, capacity 9180K, committed 9216K, reserved 1048576K
}
{Heap before GC invocations=245 (full 0):
 par new generation   total 115200K, used 103733K [0x00000000f0000000, 0x00000000f7d00000, 0x00000000f7d00000)
  eden space 102400K, 100% used [0x00000000f0000000, 0x00000000f6400000, 0x00000000f6400000)
  from space 12800K,  10% used [0x00000000f7080000, 0x00000000f71cd798, 0x00000000f7d00000)
  to   space 12800K,   0% used [0x00000000f6400000, 0x00000000f6400000, 0x00000000f7080000)
 concurrent mark-sweep generation total 134144K, used 41135K [0x00000000f7d00000, 0x0000000100000000, 0x0000000100000000)
 Metaspace       used 65024K, capacity 69670K, committed 69888K, reserved 1110016K
  class space    used 8388K, capacity 9180K, committed 9216K, reserved 1048576K
2022-09-12T02:03:26.672+0800: 181.449: [GC (Allocation Failure)  144869K->42676K(249344K), 0.0041645 secs]
Heap after GC invocations=246 (full 0):
 par new generation   total 115200K, used 1528K [0x00000000f0000000, 0x00000000f7d00000, 0x00000000f7d00000)
  eden space 102400K,   0% used [0x00000000f0000000, 0x00000000f0000000, 0x00000000f6400000)
  from space 12800K,  11% used [0x00000000f6400000, 0x00000000f657e328, 0x00000000f7080000)
  to   space 12800K,   0% used [0x00000000f7080000, 0x00000000f7080000, 0x00000000f7d00000)
 concurrent mark-sweep generation total 134144K, used 41147K [0x00000000f7d00000, 0x0000000100000000, 0x0000000100000000)
 Metaspace       used 65024K, capacity 69670K, committed 69888K, reserved 1110016K
  class space    used 8388K, capacity 9180K, committed 9216K, reserved 1048576K
}
{Heap before GC invocations=246 (full 0):
 par new generation   total 115200K, used 103928K [0x00000000f0000000, 0x00000000f7d00000, 0x00000000f7d00000)
  eden space 102400K, 100% used [0x00000000f0000000, 0x00000000f6400000, 0x00000000f6400000)
  from space 12800K,  11% used [0x00000000f6400000, 0x00000000f657e328, 0x00000000f7080000)
  to   space 12800K,   0% used [0x00000000f7080000, 0x00000000f7080000, 0x00000000f7d00000)
 concurrent mark-sweep generation total 134144K, used 41147K [0x00000000f7d00000, 0x0000000100000000, 0x0000000100000000)
 Metaspace       used 65024K, capacity 69670K, committed 69888K, reserved 1110016K
  class space    used 8388K, capacity 9180K, committed 9216K, reserved 1048576K
2022-09-12T02:03:27.020+0800: 181.797: [GC (Allocation Failure)  145076K->42804K(249344K), 0.0042643 secs]
Heap after GC invocations=247 (full 0):
 par new generation   total 115200K, used 1638K [0x00000000f0000000, 0x00000000f7d00000, 0x00000000f7d00000)
  eden space 102400K,   0% used [0x00000000f0000000, 0x00000000f0000000, 0x00000000f6400000)
  from space 12800K,  12% used [0x00000000f7080000, 0x00000000f7219b80, 0x00000000f7d00000)
  to   space 12800K,   0% used [0x00000000f6400000, 0x00000000f6400000, 0x00000000f7080000)
 concurrent mark-sweep generation total 134144K, used 41165K [0x00000000f7d00000, 0x0000000100000000, 0x0000000100000000)
 Metaspace       used 65024K, capacity 69670K, committed 69888K, reserved 1110016K
  class space    used 8388K, capacity 9180K, committed 9216K, reserved 1048576K
}
{Heap before GC invocations=247 (full 0):
 par new generation   total 115200K, used 104038K [0x00000000f0000000, 0x00000000f7d00000, 0x00000000f7d00000)
  eden space 102400K, 100% used [0x00000000f0000000, 0x00000000f6400000, 0x00000000f6400000)
  from space 12800K,  12% used [0x00000000f7080000, 0x00000000f7219b80, 0x00000000f7d00000)
  to   space 12800K,   0% used [0x00000000f6400000, 0x00000000f6400000, 0x00000000f7080000)
 concurrent mark-sweep generation total 134144K, used 41165K [0x00000000f7d00000, 0x0000000100000000, 0x0000000100000000)
 Metaspace       used 65024K, capacity 69670K, committed 69888K, reserved 1110016K
  class space    used 8388K, capacity 9180K, committed 9216K, reserved 1048576K
2022-09-12T02:03:27.370+0800: 182.147: [GC (Allocation Failure)  145204K->42890K(249344K), 0.0040717 secs]
Heap after GC invocations=248 (full 0):
 par new generation   total 115200K, used 1709K [0x00000000f0000000, 0x00000000f7d00000, 0x00000000f7d00000)
  eden space 102400K,   0% used [0x00000000f0000000, 0x00000000f0000000, 0x00000000f6400000)
  from space 12800K,  13% used [0x00000000f6400000, 0x00000000f65ab738, 0x00000000f7080000)
  to   space 12800K,   0% used [0x00000000f7080000, 0x00000000f7080000, 0x00000000f7d00000)
 concurrent mark-sweep generation total 134144K, used 41181K [0x00000000f7d00000, 0x0000000100000000, 0x0000000100000000)
 Metaspace       used 65024K, capacity 69670K, committed 69888K, reserved 1110016K
  class space    used 8388K, capacity 9180K, committed 9216K, reserved 1048576K
}
{Heap before GC invocations=248 (full 0):
 par new generation   total 115200K, used 104109K [0x00000000f0000000, 0x00000000f7d00000, 0x00000000f7d00000)
  eden space 102400K, 100% used [0x00000000f0000000, 0x00000000f6400000, 0x00000000f6400000)
  from space 12800K,  13% used [0x00000000f6400000, 0x00000000f65ab738, 0x00000000f7080000)
  to   space 12800K,   0% used [0x00000000f7080000, 0x00000000f7080000, 0x00000000f7d00000)
 concurrent mark-sweep generation total 134144K, used 41181K [0x00000000f7d00000, 0x0000000100000000, 0x0000000100000000)
 Metaspace       used 65024K, capacity 69670K, committed 69888K, reserved 1110016K
  class space    used 8388K, capacity 9180K, committed 9216K, reserved 1048576K
2022-09-12T02:03:27.718+0800: 182.496: [GC (Allocation Failure)  145290K->42252K(249344K), 0.0041935 secs]
Heap after GC invocations=249 (full 0):
 par new generation   total 115200K, used 1053K [0x00000000f0000000, 0x00000000f7d00000, 0x00000000f7d00000)
  eden space 102400K,   0% used [0x00000000f0000000, 0x00000000f0000000, 0x00000000f6400000)
  from space 12800K,   8% used [0x00000000f7080000, 0x00000000f71874e8, 0x00000000f7d00000)
  to   space 12800K,   0% used [0x00000000f6400000, 0x00000000f6400000, 0x00000000f7080000)
 concurrent mark-sweep generation total 134144K, used 41198K [0x00000000f7d00000, 0x0000000100000000, 0x0000000100000000)
 Metaspace       used 65024K, capacity 69670K, committed 69888K, reserved 1110016K
  class space    used 8388K, capacity 9180K, committed 9216K, reserved 1048576K
}
{Heap before GC invocations=249 (full 0):
 par new generation   total 115200K, used 103453K [0x00000000f0000000, 0x00000000f7d00000, 0x00000000f7d00000)
  eden space 102400K, 100% used [0x00000000f0000000, 0x00000000f6400000, 0x00000000f6400000)
  from space 12800K,   8% used [0x00000000f7080000, 0x00000000f71874e8, 0x00000000f7d00000)
  to   space 12800K,   0% used [0x00000000f6400000, 0x00000000f6400000, 0x00000000f7080000)
 concurrent mark-sweep generation total 134144K, used 41198K [0x00000000f7d00000, 0x0000000100000000, 0x0000000100000000)
 Metaspace       used 65024K, capacity 69670K, committed 69888K, reserved 1110016K
  class space    used 8388K, capacity 9180K, committed 9216K, reserved 1048576K
2022-09-12T02:03:28.067+0800: 182.845: [GC (Allocation Failure)  144652K->42707K(249344K), 0.0040035 secs]
Heap after GC invocations=250 (full 0):
 par new generation   total 115200K, used 1494K [0x00000000f0000000, 0x00000000f7d00000, 0x00000000f7d00000)
  eden space 102400K,   0% used [0x00000000f0000000, 0x00000000f0000000, 0x00000000f6400000)
  from space 12800K,  11% used [0x00000000f6400000, 0x00000000f6575a38, 0x00000000f7080000)
  to   space 12800K,   0% used [0x00000000f7080000, 0x00000000f7080000, 0x00000000f7d00000)
 concurrent mark-sweep generation total 134144K, used 41212K [0x00000000f7d00000, 0x0000000100000000, 0x0000000100000000)
 Metaspace       used 65024K, capacity 69670K, committed 69888K, reserved 1110016K
  class space    used 8388K, capacity 9180K, committed 9216K, reserved 1048576K
}
{Heap before GC invocations=250 (full 0):
 par new generation   total 115200K, used 103894K [0x00000000f0000000, 0x00000000f7d00000, 0x00000000f7d00000)
  eden space 102400K, 100% used [0x00000000f0000000, 0x00000000f6400000, 0x00000000f6400000)
  from space 12800K,  11% used [0x00000000f6400000, 0x00000000f6575a38, 0x00000000f7080000)
  to   space 12800K,   0% used [0x00000000f7080000, 0x00000000f7080000, 0x00000000f7d00000)
 concurrent mark-sweep generation total 134144K, used 41212K [0x00000000f7d00000, 0x0000000100000000, 0x0000000100000000)
 Metaspace       used 65024K, capacity 69670K, committed 69888K, reserved 1110016K
  class space    used 8388K, capacity 9180K, committed 9216K, reserved 1048576K
2022-09-12T02:03:28.416+0800: 183.193: [GC (Allocation Failure)  145107K->42852K(249344K), 0.0041015 secs]
Heap after GC invocations=251 (full 0):
 par new generation   total 115200K, used 1619K [0x00000000f0000000, 0x00000000f7d00000, 0x00000000f7d00000)
  eden space 102400K,   0% used [0x00000000f0000000, 0x00000000f0000000, 0x00000000f6400000)
  from space 12800K,  12% used [0x00000000f7080000, 0x00000000f7214e10, 0x00000000f7d00000)
  to   space 12800K,   0% used [0x00000000f6400000, 0x00000000f6400000, 0x00000000f7080000)
 concurrent mark-sweep generation total 134144K, used 41233K [0x00000000f7d00000, 0x0000000100000000, 0x0000000100000000)
 Metaspace       used 65024K, capacity 69670K, committed 69888K, reserved 1110016K
  class space    used 8388K, capacity 9180K, committed 9216K, reserved 1048576K
}
{Heap before GC invocations=251 (full 0):
 par new generation   total 115200K, used 104019K [0x00000000f0000000, 0x00000000f7d00000, 0x00000000f7d00000)
  eden space 102400K, 100% used [0x00000000f0000000, 0x00000000f6400000, 0x00000000f6400000)
  from space 12800K,  12% used [0x00000000f7080000, 0x00000000f7214e10, 0x00000000f7d00000)
  to   space 12800K,   0% used [0x00000000f6400000, 0x00000000f6400000, 0x00000000f7080000)
 concurrent mark-sweep generation total 134144K, used 41233K [0x00000000f7d00000, 0x0000000100000000, 0x0000000100000000)
 Metaspace       used 65024K, capacity 69670K, committed 69888K, reserved 1110016K
  class space    used 8388K, capacity 9180K, committed 9216K, reserved 1048576K
2022-09-12T02:03:28.764+0800: 183.542: [GC (Allocation Failure)  145252K->42434K(249344K), 0.0041736 secs]
Heap after GC invocations=252 (full 0):
 par new generation   total 115200K, used 1183K [0x00000000f0000000, 0x00000000f7d00000, 0x00000000f7d00000)
  eden space 102400K,   0% used [0x00000000f0000000, 0x00000000f0000000, 0x00000000f6400000)
  from space 12800K,   9% used [0x00000000f6400000, 0x00000000f6527d40, 0x00000000f7080000)
  to   space 12800K,   0% used [0x00000000f7080000, 0x00000000f7080000, 0x00000000f7d00000)
 concurrent mark-sweep generation total 134144K, used 41251K [0x00000000f7d00000, 0x0000000100000000, 0x0000000100000000)
 Metaspace       used 65024K, capacity 69670K, committed 69888K, reserved 1110016K
  class space    used 8388K, capacity 9180K, committed 9216K, reserved 1048576K
}
{Heap before GC invocations=252 (full 0):
 par new generation   total 115200K, used 103583K [0x00000000f0000000, 0x00000000f7d00000, 0x00000000f7d00000)
  eden space 102400K, 100% used [0x00000000f0000000, 0x00000000f6400000, 0x00000000f6400000)
  from space 12800K,   9% used [0x00000000f6400000, 0x00000000f6527d40, 0x00000000f7080000)
  to   space 12800K,   0% used [0x00000000f7080000, 0x00000000f7080000, 0x00000000f7d00000)
 concurrent mark-sweep generation total 134144K, used 41251K [0x00000000f7d00000, 0x0000000100000000, 0x0000000100000000)
 Metaspace       used 65025K, capacity 69670K, committed 69888K, reserved 1110016K
  class space    used 8388K, capacity 9180K, committed 9216K, reserved 1048576K
2022-09-12T02:03:29.114+0800: 183.891: [GC (Allocation Failure)  144834K->42765K(249344K), 0.0040559 secs]
Heap after GC invocations=253 (full 0):
 par new generation   total 115200K, used 1501K [0x00000000f0000000, 0x00000000f7d00000, 0x00000000f7d00000)
  eden space 102400K,   0% used [0x00000000f0000000, 0x00000000f0000000, 0x00000000f6400000)
  from space 12800K,  11% used [0x00000000f7080000, 0x00000000f71f75c8, 0x00000000f7d00000)
  to   space 12800K,   0% used [0x00000000f6400000, 0x00000000f6400000, 0x00000000f7080000)
 concurrent mark-sweep generation total 134144K, used 41264K [0x00000000f7d00000, 0x0000000100000000, 0x0000000100000000)
 Metaspace       used 65025K, capacity 69670K, committed 69888K, reserved 1110016K
  class space    used 8388K, capacity 9180K, committed 9216K, reserved 1048576K
}
{Heap before GC invocations=253 (full 0):
 par new generation   total 115200K, used 103901K [0x00000000f0000000, 0x00000000f7d00000, 0x00000000f7d00000)
  eden space 102400K, 100% used [0x00000000f0000000, 0x00000000f6400000, 0x00000000f6400000)
  from space 12800K,  11% used [0x00000000f7080000, 0x00000000f71f75c8, 0x00000000f7d00000)
  to   space 12800K,   0% used [0x00000000f6400000, 0x00000000f6400000, 0x00000000f7080000)
 concurrent mark-sweep generation total 134144K, used 41264K [0x00000000f7d00000, 0x0000000100000000, 0x0000000100000000)
 Metaspace       used 65025K, capacity 69670K, committed 69888K, reserved 1110016K
  class space    used 8388K, capacity 9180K, committed 9216K, reserved 1048576K
2022-09-12T02:03:29.462+0800: 184.239: [GC (Allocation Failure)  145165K->42947K(249344K), 0.0040435 secs]
Heap after GC invocations=254 (full 0):
 par new generation   total 115200K, used 1666K [0x00000000f0000000, 0x00000000f7d00000, 0x00000000f7d00000)
  eden space 102400K,   0% used [0x00000000f0000000, 0x00000000f0000000, 0x00000000f6400000)
  from space 12800K,  13% used [0x00000000f6400000, 0x00000000f65a0a30, 0x00000000f7080000)
  to   space 12800K,   0% used [0x00000000f7080000, 0x00000000f7080000, 0x00000000f7d00000)
 concurrent mark-sweep generation total 134144K, used 41280K [0x00000000f7d00000, 0x0000000100000000, 0x0000000100000000)
 Metaspace       used 65025K, capacity 69670K, committed 69888K, reserved 1110016K
  class space    used 8388K, capacity 9180K, committed 9216K, reserved 1048576K
}
{Heap before GC invocations=254 (full 0):
 par new generation   total 115200K, used 104066K [0x00000000f0000000, 0x00000000f7d00000, 0x00000000f7d00000)
  eden space 102400K, 100% used [0x00000000f0000000, 0x00000000f6400000, 0x00000000f6400000)
  from space 12800K,  13% used [0x00000000f6400000, 0x00000000f65a0a30, 0x00000000f7080000)
  to   space 12800K,   0% used [0x00000000f7080000, 0x00000000f7080000, 0x00000000f7d00000)
 concurrent mark-sweep generation total 134144K, used 41280K [0x00000000f7d00000, 0x0000000100000000, 0x0000000100000000)
 Metaspace       used 65025K, capacity 69670K, committed 69888K, reserved 1110016K
  class space    used 8388K, capacity 9180K, committed 9216K, reserved 1048576K
2022-09-12T02:03:29.813+0800: 184.590: [GC (Allocation Failure)  145347K->42639K(249344K), 0.0041356 secs]
Heap after GC invocations=255 (full 0):
 par new generation   total 115200K, used 1345K [0x00000000f0000000, 0x00000000f7d00000, 0x00000000f7d00000)
  eden space 102400K,   0% used [0x00000000f0000000, 0x00000000f0000000, 0x00000000f6400000)
  from space 12800K,  10% used [0x00000000f7080000, 0x00000000f71d0720, 0x00000000f7d00000)
  to   space 12800K,   0% used [0x00000000f6400000, 0x00000000f6400000, 0x00000000f7080000)
 concurrent mark-sweep generation total 134144K, used 41293K [0x00000000f7d00000, 0x0000000100000000, 0x0000000100000000)
 Metaspace       used 65025K, capacity 69670K, committed 69888K, reserved 1110016K
  class space    used 8388K, capacity 9180K, committed 9216K, reserved 1048576K
}
{Heap before GC invocations=255 (full 0):
 par new generation   total 115200K, used 103745K [0x00000000f0000000, 0x00000000f7d00000, 0x00000000f7d00000)
  eden space 102400K, 100% used [0x00000000f0000000, 0x00000000f6400000, 0x00000000f6400000)
  from space 12800K,  10% used [0x00000000f7080000, 0x00000000f71d0720, 0x00000000f7d00000)
  to   space 12800K,   0% used [0x00000000f6400000, 0x00000000f6400000, 0x00000000f7080000)
 concurrent mark-sweep generation total 134144K, used 41293K [0x00000000f7d00000, 0x0000000100000000, 0x0000000100000000)
 Metaspace       used 65025K, capacity 69670K, committed 69888K, reserved 1110016K
  class space    used 8388K, capacity 9180K, committed 9216K, reserved 1048576K
2022-09-12T02:03:30.163+0800: 184.940: [GC (Allocation Failure)  145039K->42862K(249344K), 0.0041857 secs]
Heap after GC invocations=256 (full 0):
 par new generation   total 115200K, used 1555K [0x00000000f0000000, 0x00000000f7d00000, 0x00000000f7d00000)
  eden space 102400K,   0% used [0x00000000f0000000, 0x00000000f0000000, 0x00000000f6400000)
  from space 12800K,  12% used [0x00000000f6400000, 0x00000000f6584d08, 0x00000000f7080000)
  to   space 12800K,   0% used [0x00000000f7080000, 0x00000000f7080000, 0x00000000f7d00000)
 concurrent mark-sweep generation total 134144K, used 41307K [0x00000000f7d00000, 0x0000000100000000, 0x0000000100000000)
 Metaspace       used 65025K, capacity 69670K, committed 69888K, reserved 1110016K
  class space    used 8388K, capacity 9180K, committed 9216K, reserved 1048576K
}
{Heap before GC invocations=256 (full 0):
 par new generation   total 115200K, used 103955K [0x00000000f0000000, 0x00000000f7d00000, 0x00000000f7d00000)
  eden space 102400K, 100% used [0x00000000f0000000, 0x00000000f6400000, 0x00000000f6400000)
  from space 12800K,  12% used [0x00000000f6400000, 0x00000000f6584d08, 0x00000000f7080000)
  to   space 12800K,   0% used [0x00000000f7080000, 0x00000000f7080000, 0x00000000f7d00000)
 concurrent mark-sweep generation total 134144K, used 41307K [0x00000000f7d00000, 0x0000000100000000, 0x0000000100000000)
 Metaspace       used 65025K, capacity 69670K, committed 69888K, reserved 1110016K
  class space    used 8388K, capacity 9180K, committed 9216K, reserved 1048576K
2022-09-12T02:03:30.527+0800: 185.305: [GC (Allocation Failure)  145262K->42977K(249344K), 0.0041637 secs]
Heap after GC invocations=257 (full 0):
 par new generation   total 115200K, used 1652K [0x00000000f0000000, 0x00000000f7d00000, 0x00000000f7d00000)
  eden space 102400K,   0% used [0x00000000f0000000, 0x00000000f0000000, 0x00000000f6400000)
  from space 12800K,  12% used [0x00000000f7080000, 0x00000000f721d000, 0x00000000f7d00000)
  to   space 12800K,   0% used [0x00000000f6400000, 0x00000000f6400000, 0x00000000f7080000)
 concurrent mark-sweep generation total 134144K, used 41325K [0x00000000f7d00000, 0x0000000100000000, 0x0000000100000000)
 Metaspace       used 65025K, capacity 69670K, committed 69888K, reserved 1110016K
  class space    used 8388K, capacity 9180K, committed 9216K, reserved 1048576K
}
{Heap before GC invocations=257 (full 0):
 par new generation   total 115200K, used 104052K [0x00000000f0000000, 0x00000000f7d00000, 0x00000000f7d00000)
  eden space 102400K, 100% used [0x00000000f0000000, 0x00000000f6400000, 0x00000000f6400000)
  from space 12800K,  12% used [0x00000000f7080000, 0x00000000f721d000, 0x00000000f7d00000)
  to   space 12800K,   0% used [0x00000000f6400000, 0x00000000f6400000, 0x00000000f7080000)
 concurrent mark-sweep generation total 134144K, used 41325K [0x00000000f7d00000, 0x0000000100000000, 0x0000000100000000)
 Metaspace       used 65026K, capacity 69670K, committed 69888K, reserved 1110016K
  class space    used 8388K, capacity 9180K, committed 9216K, reserved 1048576K
2022-09-12T02:03:30.876+0800: 185.654: [GC (Allocation Failure)  145377K->42543K(249344K), 0.0040654 secs]
Heap after GC invocations=258 (full 0):
 par new generation   total 115200K, used 1198K [0x00000000f0000000, 0x00000000f7d00000, 0x00000000f7d00000)
  eden space 102400K,   0% used [0x00000000f0000000, 0x00000000f0000000, 0x00000000f6400000)
  from space 12800K,   9% used [0x00000000f6400000, 0x00000000f652b8c0, 0x00000000f7080000)
  to   space 12800K,   0% used [0x00000000f7080000, 0x00000000f7080000, 0x00000000f7d00000)
 concurrent mark-sweep generation total 134144K, used 41345K [0x00000000f7d00000, 0x0000000100000000, 0x0000000100000000)
 Metaspace       used 65026K, capacity 69670K, committed 69888K, reserved 1110016K
  class space    used 8388K, capacity 9180K, committed 9216K, reserved 1048576K
}
{Heap before GC invocations=258 (full 0):
 par new generation   total 115200K, used 103598K [0x00000000f0000000, 0x00000000f7d00000, 0x00000000f7d00000)
  eden space 102400K, 100% used [0x00000000f0000000, 0x00000000f6400000, 0x00000000f6400000)
  from space 12800K,   9% used [0x00000000f6400000, 0x00000000f652b8c0, 0x00000000f7080000)
  to   space 12800K,   0% used [0x00000000f7080000, 0x00000000f7080000, 0x00000000f7d00000)
 concurrent mark-sweep generation total 134144K, used 41345K [0x00000000f7d00000, 0x0000000100000000, 0x0000000100000000)
 Metaspace       used 65026K, capacity 69670K, committed 69888K, reserved 1110016K
  class space    used 8388K, capacity 9180K, committed 9216K, reserved 1048576K
2022-09-12T02:03:31.236+0800: 186.013: [GC (Allocation Failure)  144943K->42890K(249344K), 0.0041780 secs]
Heap after GC invocations=259 (full 0):
 par new generation   total 115200K, used 1526K [0x00000000f0000000, 0x00000000f7d00000, 0x00000000f7d00000)
  eden space 102400K,   0% used [0x00000000f0000000, 0x00000000f0000000, 0x00000000f6400000)
  from space 12800K,  11% used [0x00000000f7080000, 0x00000000f71fd838, 0x00000000f7d00000)
  to   space 12800K,   0% used [0x00000000f6400000, 0x00000000f6400000, 0x00000000f7080000)
 concurrent mark-sweep generation total 134144K, used 41364K [0x00000000f7d00000, 0x0000000100000000, 0x0000000100000000)
 Metaspace       used 65026K, capacity 69670K, committed 69888K, reserved 1110016K
  class space    used 8388K, capacity 9180K, committed 9216K, reserved 1048576K
}
{Heap before GC invocations=259 (full 0):
 par new generation   total 115200K, used 103926K [0x00000000f0000000, 0x00000000f7d00000, 0x00000000f7d00000)
  eden space 102400K, 100% used [0x00000000f0000000, 0x00000000f6400000, 0x00000000f6400000)
  from space 12800K,  11% used [0x00000000f7080000, 0x00000000f71fd838, 0x00000000f7d00000)
  to   space 12800K,   0% used [0x00000000f6400000, 0x00000000f6400000, 0x00000000f7080000)
 concurrent mark-sweep generation total 134144K, used 41364K [0x00000000f7d00000, 0x0000000100000000, 0x0000000100000000)
 Metaspace       used 65028K, capacity 69670K, committed 69888K, reserved 1110016K
  class space    used 8388K, capacity 9180K, committed 9216K, reserved 1048576K
2022-09-12T02:03:31.585+0800: 186.362: [GC (Allocation Failure)  145290K->43039K(249344K), 0.0041112 secs]
Heap after GC invocations=260 (full 0):
 par new generation   total 115200K, used 1660K [0x00000000f0000000, 0x00000000f7d00000, 0x00000000f7d00000)
  eden space 102400K,   0% used [0x00000000f0000000, 0x00000000f0000000, 0x00000000f6400000)
  from space 12800K,  12% used [0x00000000f6400000, 0x00000000f659f258, 0x00000000f7080000)
  to   space 12800K,   0% used [0x00000000f7080000, 0x00000000f7080000, 0x00000000f7d00000)
 concurrent mark-sweep generation total 134144K, used 41378K [0x00000000f7d00000, 0x0000000100000000, 0x0000000100000000)
 Metaspace       used 65028K, capacity 69670K, committed 69888K, reserved 1110016K
  class space    used 8388K, capacity 9180K, committed 9216K, reserved 1048576K
}
{Heap before GC invocations=260 (full 0):
 par new generation   total 115200K, used 104060K [0x00000000f0000000, 0x00000000f7d00000, 0x00000000f7d00000)
  eden space 102400K, 100% used [0x00000000f0000000, 0x00000000f6400000, 0x00000000f6400000)
  from space 12800K,  12% used [0x00000000f6400000, 0x00000000f659f258, 0x00000000f7080000)
  to   space 12800K,   0% used [0x00000000f7080000, 0x00000000f7080000, 0x00000000f7d00000)
 concurrent mark-sweep generation total 134144K, used 41378K [0x00000000f7d00000, 0x0000000100000000, 0x0000000100000000)
 Metaspace       used 65039K, capacity 69734K, committed 69888K, reserved 1110016K
  class space    used 8388K, capacity 9180K, committed 9216K, reserved 1048576K
2022-09-12T02:03:31.934+0800: 186.711: [GC (Allocation Failure)  145439K->42600K(249344K), 0.0040645 secs]
Heap after GC invocations=261 (full 0):
 par new generation   total 115200K, used 1207K [0x00000000f0000000, 0x00000000f7d00000, 0x00000000f7d00000)
  eden space 102400K,   0% used [0x00000000f0000000, 0x00000000f0000000, 0x00000000f6400000)
  from space 12800K,   9% used [0x00000000f7080000, 0x00000000f71adfc0, 0x00000000f7d00000)
  to   space 12800K,   0% used [0x00000000f6400000, 0x00000000f6400000, 0x00000000f7080000)
 concurrent mark-sweep generation total 134144K, used 41392K [0x00000000f7d00000, 0x0000000100000000, 0x0000000100000000)
 Metaspace       used 65039K, capacity 69734K, committed 69888K, reserved 1110016K
  class space    used 8388K, capacity 9180K, committed 9216K, reserved 1048576K
}
{Heap before GC invocations=261 (full 0):
 par new generation   total 115200K, used 103607K [0x00000000f0000000, 0x00000000f7d00000, 0x00000000f7d00000)
  eden space 102400K, 100% used [0x00000000f0000000, 0x00000000f6400000, 0x00000000f6400000)
  from space 12800K,   9% used [0x00000000f7080000, 0x00000000f71adfc0, 0x00000000f7d00000)
  to   space 12800K,   0% used [0x00000000f6400000, 0x00000000f6400000, 0x00000000f7080000)
 concurrent mark-sweep generation total 134144K, used 41392K [0x00000000f7d00000, 0x0000000100000000, 0x0000000100000000)
 Metaspace       used 65039K, capacity 69734K, committed 69888K, reserved 1110016K
  class space    used 8388K, capacity 9180K, committed 9216K, reserved 1048576K
2022-09-12T02:03:32.283+0800: 187.060: [GC (Allocation Failure)  145000K->42950K(249344K), 0.0042303 secs]
Heap after GC invocations=262 (full 0):
 par new generation   total 115200K, used 1540K [0x00000000f0000000, 0x00000000f7d00000, 0x00000000f7d00000)
  eden space 102400K,   0% used [0x00000000f0000000, 0x00000000f0000000, 0x00000000f6400000)
  from space 12800K,  12% used [0x00000000f6400000, 0x00000000f65810e0, 0x00000000f7080000)
  to   space 12800K,   0% used [0x00000000f7080000, 0x00000000f7080000, 0x00000000f7d00000)
 concurrent mark-sweep generation total 134144K, used 41410K [0x00000000f7d00000, 0x0000000100000000, 0x0000000100000000)
 Metaspace       used 65039K, capacity 69734K, committed 69888K, reserved 1110016K
  class space    used 8388K, capacity 9180K, committed 9216K, reserved 1048576K
}
{Heap before GC invocations=262 (full 0):
 par new generation   total 115200K, used 103940K [0x00000000f0000000, 0x00000000f7d00000, 0x00000000f7d00000)
  eden space 102400K, 100% used [0x00000000f0000000, 0x00000000f6400000, 0x00000000f6400000)
  from space 12800K,  12% used [0x00000000f6400000, 0x00000000f65810e0, 0x00000000f7080000)
  to   space 12800K,   0% used [0x00000000f7080000, 0x00000000f7080000, 0x00000000f7d00000)
 concurrent mark-sweep generation total 134144K, used 41410K [0x00000000f7d00000, 0x0000000100000000, 0x0000000100000000)
 Metaspace       used 65039K, capacity 69734K, committed 69888K, reserved 1110016K
  class space    used 8388K, capacity 9180K, committed 9216K, reserved 1048576K
2022-09-12T02:03:32.631+0800: 187.408: [GC (Allocation Failure)  145350K->43066K(249344K), 0.0042236 secs]
Heap after GC invocations=263 (full 0):
 par new generation   total 115200K, used 1645K [0x00000000f0000000, 0x00000000f7d00000, 0x00000000f7d00000)
  eden space 102400K,   0% used [0x00000000f0000000, 0x00000000f0000000, 0x00000000f6400000)
  from space 12800K,  12% used [0x00000000f7080000, 0x00000000f721b6d8, 0x00000000f7d00000)
  to   space 12800K,   0% used [0x00000000f6400000, 0x00000000f6400000, 0x00000000f7080000)
 concurrent mark-sweep generation total 134144K, used 41420K [0x00000000f7d00000, 0x0000000100000000, 0x0000000100000000)
 Metaspace       used 65039K, capacity 69734K, committed 69888K, reserved 1110016K
  class space    used 8388K, capacity 9180K, committed 9216K, reserved 1048576K
}
{Heap before GC invocations=263 (full 0):
 par new generation   total 115200K, used 104045K [0x00000000f0000000, 0x00000000f7d00000, 0x00000000f7d00000)
  eden space 102400K, 100% used [0x00000000f0000000, 0x00000000f6400000, 0x00000000f6400000)
  from space 12800K,  12% used [0x00000000f7080000, 0x00000000f721b6d8, 0x00000000f7d00000)
  to   space 12800K,   0% used [0x00000000f6400000, 0x00000000f6400000, 0x00000000f7080000)
 concurrent mark-sweep generation total 134144K, used 41420K [0x00000000f7d00000, 0x0000000100000000, 0x0000000100000000)
 Metaspace       used 65039K, capacity 69734K, committed 69888K, reserved 1110016K
  class space    used 8388K, capacity 9180K, committed 9216K, reserved 1048576K
2022-09-12T02:03:32.979+0800: 187.756: [GC (Allocation Failure)  145466K->43160K(249344K), 0.0042402 secs]
Heap after GC invocations=264 (full 0):
 par new generation   total 115200K, used 1722K [0x00000000f0000000, 0x00000000f7d00000, 0x00000000f7d00000)
  eden space 102400K,   0% used [0x00000000f0000000, 0x00000000f0000000, 0x00000000f6400000)
  from space 12800K,  13% used [0x00000000f6400000, 0x00000000f65ae950, 0x00000000f7080000)
  to   space 12800K,   0% used [0x00000000f7080000, 0x00000000f7080000, 0x00000000f7d00000)
 concurrent mark-sweep generation total 134144K, used 41438K [0x00000000f7d00000, 0x0000000100000000, 0x0000000100000000)
 Metaspace       used 65039K, capacity 69734K, committed 69888K, reserved 1110016K
  class space    used 8388K, capacity 9180K, committed 9216K, reserved 1048576K
}
{Heap before GC invocations=264 (full 0):
 par new generation   total 115200K, used 104122K [0x00000000f0000000, 0x00000000f7d00000, 0x00000000f7d00000)
  eden space 102400K, 100% used [0x00000000f0000000, 0x00000000f6400000, 0x00000000f6400000)
  from space 12800K,  13% used [0x00000000f6400000, 0x00000000f65ae950, 0x00000000f7080000)
  to   space 12800K,   0% used [0x00000000f7080000, 0x00000000f7080000, 0x00000000f7d00000)
 concurrent mark-sweep generation total 134144K, used 41438K [0x00000000f7d00000, 0x0000000100000000, 0x0000000100000000)
 Metaspace       used 65039K, capacity 69734K, committed 69888K, reserved 1110016K
  class space    used 8388K, capacity 9180K, committed 9216K, reserved 1048576K
2022-09-12T02:03:33.328+0800: 188.105: [GC (Allocation Failure)  145560K->42687K(249344K), 0.0041772 secs]
Heap after GC invocations=265 (full 0):
 par new generation   total 115200K, used 1233K [0x00000000f0000000, 0x00000000f7d00000, 0x00000000f7d00000)
  eden space 102400K,   0% used [0x00000000f0000000, 0x00000000f0000000, 0x00000000f6400000)
  from space 12800K,   9% used [0x00000000f7080000, 0x00000000f71b4580, 0x00000000f7d00000)
  to   space 12800K,   0% used [0x00000000f6400000, 0x00000000f6400000, 0x00000000f7080000)
 concurrent mark-sweep generation total 134144K, used 41453K [0x00000000f7d00000, 0x0000000100000000, 0x0000000100000000)
 Metaspace       used 65039K, capacity 69734K, committed 69888K, reserved 1110016K
  class space    used 8388K, capacity 9180K, committed 9216K, reserved 1048576K
}
{Heap before GC invocations=265 (full 0):
 par new generation   total 115200K, used 103633K [0x00000000f0000000, 0x00000000f7d00000, 0x00000000f7d00000)
  eden space 102400K, 100% used [0x00000000f0000000, 0x00000000f6400000, 0x00000000f6400000)
  from space 12800K,   9% used [0x00000000f7080000, 0x00000000f71b4580, 0x00000000f7d00000)
  to   space 12800K,   0% used [0x00000000f6400000, 0x00000000f6400000, 0x00000000f7080000)
 concurrent mark-sweep generation total 134144K, used 41453K [0x00000000f7d00000, 0x0000000100000000, 0x0000000100000000)
 Metaspace       used 65039K, capacity 69734K, committed 69888K, reserved 1110016K
  class space    used 8388K, capacity 9180K, committed 9216K, reserved 1048576K
2022-09-12T02:03:33.676+0800: 188.453: [GC (Allocation Failure)  145087K->43023K(249344K), 0.0041626 secs]
Heap after GC invocations=266 (full 0):
 par new generation   total 115200K, used 1549K [0x00000000f0000000, 0x00000000f7d00000, 0x00000000f7d00000)
  eden space 102400K,   0% used [0x00000000f0000000, 0x00000000f0000000, 0x00000000f6400000)
  from space 12800K,  12% used [0x00000000f6400000, 0x00000000f6583450, 0x00000000f7080000)
  to   space 12800K,   0% used [0x00000000f7080000, 0x00000000f7080000, 0x00000000f7d00000)
 concurrent mark-sweep generation total 134144K, used 41474K [0x00000000f7d00000, 0x0000000100000000, 0x0000000100000000)
 Metaspace       used 65039K, capacity 69734K, committed 69888K, reserved 1110016K
  class space    used 8388K, capacity 9180K, committed 9216K, reserved 1048576K
}
{Heap before GC invocations=266 (full 0):
 par new generation   total 115200K, used 103949K [0x00000000f0000000, 0x00000000f7d00000, 0x00000000f7d00000)
  eden space 102400K, 100% used [0x00000000f0000000, 0x00000000f6400000, 0x00000000f6400000)
  from space 12800K,  12% used [0x00000000f6400000, 0x00000000f6583450, 0x00000000f7080000)
  to   space 12800K,   0% used [0x00000000f7080000, 0x00000000f7080000, 0x00000000f7d00000)
 concurrent mark-sweep generation total 134144K, used 41474K [0x00000000f7d00000, 0x0000000100000000, 0x0000000100000000)
 Metaspace       used 65039K, capacity 69734K, committed 69888K, reserved 1110016K
  class space    used 8388K, capacity 9180K, committed 9216K, reserved 1048576K
2022-09-12T02:03:34.024+0800: 188.802: [GC (Allocation Failure)  145423K->43130K(249344K), 0.0041830 secs]
Heap after GC invocations=267 (full 0):
 par new generation   total 115200K, used 1637K [0x00000000f0000000, 0x00000000f7d00000, 0x00000000f7d00000)
  eden space 102400K,   0% used [0x00000000f0000000, 0x00000000f0000000, 0x00000000f6400000)
  from space 12800K,  12% used [0x00000000f7080000, 0x00000000f72196e8, 0x00000000f7d00000)
  to   space 12800K,   0% used [0x00000000f6400000, 0x00000000f6400000, 0x00000000f7080000)
 concurrent mark-sweep generation total 134144K, used 41492K [0x00000000f7d00000, 0x0000000100000000, 0x0000000100000000)
 Metaspace       used 65039K, capacity 69734K, committed 69888K, reserved 1110016K
  class space    used 8388K, capacity 9180K, committed 9216K, reserved 1048576K
}
{Heap before GC invocations=267 (full 0):
 par new generation   total 115200K, used 104037K [0x00000000f0000000, 0x00000000f7d00000, 0x00000000f7d00000)
  eden space 102400K, 100% used [0x00000000f0000000, 0x00000000f6400000, 0x00000000f6400000)
  from space 12800K,  12% used [0x00000000f7080000, 0x00000000f72196e8, 0x00000000f7d00000)
  to   space 12800K,   0% used [0x00000000f6400000, 0x00000000f6400000, 0x00000000f7080000)
 concurrent mark-sweep generation total 134144K, used 41492K [0x00000000f7d00000, 0x0000000100000000, 0x0000000100000000)
 Metaspace       used 65039K, capacity 69734K, committed 69888K, reserved 1110016K
  class space    used 8388K, capacity 9180K, committed 9216K, reserved 1048576K
2022-09-12T02:03:34.373+0800: 189.150: [GC (Allocation Failure)  145530K->42710K(249344K), 0.0041764 secs]
Heap after GC invocations=268 (full 0):
 par new generation   total 115200K, used 1203K [0x00000000f0000000, 0x00000000f7d00000, 0x00000000f7d00000)
  eden space 102400K,   0% used [0x00000000f0000000, 0x00000000f0000000, 0x00000000f6400000)
  from space 12800K,   9% used [0x00000000f6400000, 0x00000000f652cc40, 0x00000000f7080000)
  to   space 12800K,   0% used [0x00000000f7080000, 0x00000000f7080000, 0x00000000f7d00000)
 concurrent mark-sweep generation total 134144K, used 41507K [0x00000000f7d00000, 0x0000000100000000, 0x0000000100000000)
 Metaspace       used 65039K, capacity 69734K, committed 69888K, reserved 1110016K
  class space    used 8388K, capacity 9180K, committed 9216K, reserved 1048576K
}
{Heap before GC invocations=268 (full 0):
 par new generation   total 115200K, used 103603K [0x00000000f0000000, 0x00000000f7d00000, 0x00000000f7d00000)
  eden space 102400K, 100% used [0x00000000f0000000, 0x00000000f6400000, 0x00000000f6400000)
  from space 12800K,   9% used [0x00000000f6400000, 0x00000000f652cc40, 0x00000000f7080000)
  to   space 12800K,   0% used [0x00000000f7080000, 0x00000000f7080000, 0x00000000f7d00000)
 concurrent mark-sweep generation total 134144K, used 41507K [0x00000000f7d00000, 0x0000000100000000, 0x0000000100000000)
 Metaspace       used 65039K, capacity 69734K, committed 69888K, reserved 1110016K
  class space    used 8388K, capacity 9180K, committed 9216K, reserved 1048576K
2022-09-12T02:03:34.735+0800: 189.513: [GC (Allocation Failure)  145110K->43031K(249344K), 0.0041029 secs]
Heap after GC invocations=269 (full 0):
 par new generation   total 115200K, used 1508K [0x00000000f0000000, 0x00000000f7d00000, 0x00000000f7d00000)
  eden space 102400K,   0% used [0x00000000f0000000, 0x00000000f0000000, 0x00000000f6400000)
  from space 12800K,  11% used [0x00000000f7080000, 0x00000000f71f9120, 0x00000000f7d00000)
  to   space 12800K,   0% used [0x00000000f6400000, 0x00000000f6400000, 0x00000000f7080000)
 concurrent mark-sweep generation total 134144K, used 41523K [0x00000000f7d00000, 0x0000000100000000, 0x0000000100000000)
 Metaspace       used 65039K, capacity 69734K, committed 69888K, reserved 1110016K
  class space    used 8388K, capacity 9180K, committed 9216K, reserved 1048576K
}
{Heap before GC invocations=269 (full 0):
 par new generation   total 115200K, used 103908K [0x00000000f0000000, 0x00000000f7d00000, 0x00000000f7d00000)
  eden space 102400K, 100% used [0x00000000f0000000, 0x00000000f6400000, 0x00000000f6400000)
  from space 12800K,  11% used [0x00000000f7080000, 0x00000000f71f9120, 0x00000000f7d00000)
  to   space 12800K,   0% used [0x00000000f6400000, 0x00000000f6400000, 0x00000000f7080000)
 concurrent mark-sweep generation total 134144K, used 41523K [0x00000000f7d00000, 0x0000000100000000, 0x0000000100000000)
 Metaspace       used 65039K, capacity 69734K, committed 69888K, reserved 1110016K
  class space    used 8388K, capacity 9180K, committed 9216K, reserved 1048576K
2022-09-12T02:03:35.084+0800: 189.862: [GC (Allocation Failure)  145431K->43157K(249344K), 0.0041623 secs]
Heap after GC invocations=270 (full 0):
 par new generation   total 115200K, used 1618K [0x00000000f0000000, 0x00000000f7d00000, 0x00000000f7d00000)
  eden space 102400K,   0% used [0x00000000f0000000, 0x00000000f0000000, 0x00000000f6400000)
  from space 12800K,  12% used [0x00000000f6400000, 0x00000000f6594978, 0x00000000f7080000)
  to   space 12800K,   0% used [0x00000000f7080000, 0x00000000f7080000, 0x00000000f7d00000)
 concurrent mark-sweep generation total 134144K, used 41538K [0x00000000f7d00000, 0x0000000100000000, 0x0000000100000000)
 Metaspace       used 65039K, capacity 69734K, committed 69888K, reserved 1110016K
  class space    used 8388K, capacity 9180K, committed 9216K, reserved 1048576K
}
{Heap before GC invocations=270 (full 0):
 par new generation   total 115200K, used 104018K [0x00000000f0000000, 0x00000000f7d00000, 0x00000000f7d00000)
  eden space 102400K, 100% used [0x00000000f0000000, 0x00000000f6400000, 0x00000000f6400000)
  from space 12800K,  12% used [0x00000000f6400000, 0x00000000f6594978, 0x00000000f7080000)
  to   space 12800K,   0% used [0x00000000f7080000, 0x00000000f7080000, 0x00000000f7d00000)
 concurrent mark-sweep generation total 134144K, used 41538K [0x00000000f7d00000, 0x0000000100000000, 0x0000000100000000)
 Metaspace       used 65040K, capacity 69734K, committed 69888K, reserved 1110016K
  class space    used 8388K, capacity 9180K, committed 9216K, reserved 1048576K
2022-09-12T02:03:35.433+0800: 190.210: [GC (Allocation Failure)  145557K->43235K(249344K), 0.0040610 secs]
Heap after GC invocations=271 (full 0):
 par new generation   total 115200K, used 1685K [0x00000000f0000000, 0x00000000f7d00000, 0x00000000f7d00000)
  eden space 102400K,   0% used [0x00000000f0000000, 0x00000000f0000000, 0x00000000f6400000)
  from space 12800K,  13% used [0x00000000f7080000, 0x00000000f7225688, 0x00000000f7d00000)
  to   space 12800K,   0% used [0x00000000f6400000, 0x00000000f6400000, 0x00000000f7080000)
 concurrent mark-sweep generation total 134144K, used 41550K [0x00000000f7d00000, 0x0000000100000000, 0x0000000100000000)
 Metaspace       used 65040K, capacity 69734K, committed 69888K, reserved 1110016K
  class space    used 8388K, capacity 9180K, committed 9216K, reserved 1048576K
}
{Heap before GC invocations=271 (full 0):
 par new generation   total 115200K, used 104085K [0x00000000f0000000, 0x00000000f7d00000, 0x00000000f7d00000)
  eden space 102400K, 100% used [0x00000000f0000000, 0x00000000f6400000, 0x00000000f6400000)
  from space 12800K,  13% used [0x00000000f7080000, 0x00000000f7225688, 0x00000000f7d00000)
  to   space 12800K,   0% used [0x00000000f6400000, 0x00000000f6400000, 0x00000000f7080000)
 concurrent mark-sweep generation total 134144K, used 41550K [0x00000000f7d00000, 0x0000000100000000, 0x0000000100000000)
 Metaspace       used 65040K, capacity 69734K, committed 69888K, reserved 1110016K
  class space    used 8388K, capacity 9180K, committed 9216K, reserved 1048576K
2022-09-12T02:03:35.781+0800: 190.558: [GC (Allocation Failure)  145635K->42772K(249344K), 0.0041735 secs]
Heap after GC invocations=272 (full 0):
 par new generation   total 115200K, used 1203K [0x00000000f0000000, 0x00000000f7d00000, 0x00000000f7d00000)
  eden space 102400K,   0% used [0x00000000f0000000, 0x00000000f0000000, 0x00000000f6400000)
  from space 12800K,   9% used [0x00000000f6400000, 0x00000000f652ce40, 0x00000000f7080000)
  to   space 12800K,   0% used [0x00000000f7080000, 0x00000000f7080000, 0x00000000f7d00000)
 concurrent mark-sweep generation total 134144K, used 41569K [0x00000000f7d00000, 0x0000000100000000, 0x0000000100000000)
 Metaspace       used 65040K, capacity 69734K, committed 69888K, reserved 1110016K
  class space    used 8388K, capacity 9180K, committed 9216K, reserved 1048576K
}
{Heap before GC invocations=272 (full 0):
 par new generation   total 115200K, used 103603K [0x00000000f0000000, 0x00000000f7d00000, 0x00000000f7d00000)
  eden space 102400K, 100% used [0x00000000f0000000, 0x00000000f6400000, 0x00000000f6400000)
  from space 12800K,   9% used [0x00000000f6400000, 0x00000000f652ce40, 0x00000000f7080000)
  to   space 12800K,   0% used [0x00000000f7080000, 0x00000000f7080000, 0x00000000f7d00000)
 concurrent mark-sweep generation total 134144K, used 41569K [0x00000000f7d00000, 0x0000000100000000, 0x0000000100000000)
 Metaspace       used 65040K, capacity 69734K, committed 69888K, reserved 1110016K
  class space    used 8388K, capacity 9180K, committed 9216K, reserved 1048576K
2022-09-12T02:03:36.132+0800: 190.910: [GC (Allocation Failure)  145172K->43106K(249344K), 0.0041242 secs]
Heap after GC invocations=273 (full 0):
 par new generation   total 115200K, used 1524K [0x00000000f0000000, 0x00000000f7d00000, 0x00000000f7d00000)
  eden space 102400K,   0% used [0x00000000f0000000, 0x00000000f0000000, 0x00000000f6400000)
  from space 12800K,  11% used [0x00000000f7080000, 0x00000000f71fd288, 0x00000000f7d00000)
  to   space 12800K,   0% used [0x00000000f6400000, 0x00000000f6400000, 0x00000000f7080000)
 concurrent mark-sweep generation total 134144K, used 41582K [0x00000000f7d00000, 0x0000000100000000, 0x0000000100000000)
 Metaspace       used 65040K, capacity 69734K, committed 69888K, reserved 1110016K
  class space    used 8388K, capacity 9180K, committed 9216K, reserved 1048576K
}
{Heap before GC invocations=273 (full 0):
 par new generation   total 115200K, used 103924K [0x00000000f0000000, 0x00000000f7d00000, 0x00000000f7d00000)
  eden space 102400K, 100% used [0x00000000f0000000, 0x00000000f6400000, 0x00000000f6400000)
  from space 12800K,  11% used [0x00000000f7080000, 0x00000000f71fd288, 0x00000000f7d00000)
  to   space 12800K,   0% used [0x00000000f6400000, 0x00000000f6400000, 0x00000000f7080000)
 concurrent mark-sweep generation total 134144K, used 41582K [0x00000000f7d00000, 0x0000000100000000, 0x0000000100000000)
 Metaspace       used 65040K, capacity 69734K, committed 69888K, reserved 1110016K
  class space    used 8388K, capacity 9180K, committed 9216K, reserved 1048576K
2022-09-12T02:03:36.481+0800: 191.258: [GC (Allocation Failure)  145506K->43231K(249344K), 0.0041016 secs]
Heap after GC invocations=274 (full 0):
 par new generation   total 115200K, used 1627K [0x00000000f0000000, 0x00000000f7d00000, 0x00000000f7d00000)
  eden space 102400K,   0% used [0x00000000f0000000, 0x00000000f0000000, 0x00000000f6400000)
  from space 12800K,  12% used [0x00000000f6400000, 0x00000000f6596d58, 0x00000000f7080000)
  to   space 12800K,   0% used [0x00000000f7080000, 0x00000000f7080000, 0x00000000f7d00000)
 concurrent mark-sweep generation total 134144K, used 41603K [0x00000000f7d00000, 0x0000000100000000, 0x0000000100000000)
 Metaspace       used 65040K, capacity 69734K, committed 69888K, reserved 1110016K
  class space    used 8388K, capacity 9180K, committed 9216K, reserved 1048576K
}
{Heap before GC invocations=274 (full 0):
 par new generation   total 115200K, used 104027K [0x00000000f0000000, 0x00000000f7d00000, 0x00000000f7d00000)
  eden space 102400K, 100% used [0x00000000f0000000, 0x00000000f6400000, 0x00000000f6400000)
  from space 12800K,  12% used [0x00000000f6400000, 0x00000000f6596d58, 0x00000000f7080000)
  to   space 12800K,   0% used [0x00000000f7080000, 0x00000000f7080000, 0x00000000f7d00000)
 concurrent mark-sweep generation total 134144K, used 41603K [0x00000000f7d00000, 0x0000000100000000, 0x0000000100000000)
 Metaspace       used 65040K, capacity 69734K, committed 69888K, reserved 1110016K
  class space    used 8388K, capacity 9180K, committed 9216K, reserved 1048576K
2022-09-12T02:03:36.828+0800: 191.606: [GC (Allocation Failure)  145631K->42807K(249344K), 0.0040498 secs]
Heap after GC invocations=275 (full 0):
 par new generation   total 115200K, used 1189K [0x00000000f0000000, 0x00000000f7d00000, 0x00000000f7d00000)
  eden space 102400K,   0% used [0x00000000f0000000, 0x00000000f0000000, 0x00000000f6400000)
  from space 12800K,   9% used [0x00000000f7080000, 0x00000000f71a96c0, 0x00000000f7d00000)
  to   space 12800K,   0% used [0x00000000f6400000, 0x00000000f6400000, 0x00000000f7080000)
 concurrent mark-sweep generation total 134144K, used 41617K [0x00000000f7d00000, 0x0000000100000000, 0x0000000100000000)
 Metaspace       used 65040K, capacity 69734K, committed 69888K, reserved 1110016K
  class space    used 8388K, capacity 9180K, committed 9216K, reserved 1048576K
}
{Heap before GC invocations=275 (full 0):
 par new generation   total 115200K, used 103589K [0x00000000f0000000, 0x00000000f7d00000, 0x00000000f7d00000)
  eden space 102400K, 100% used [0x00000000f0000000, 0x00000000f6400000, 0x00000000f6400000)
  from space 12800K,   9% used [0x00000000f7080000, 0x00000000f71a96c0, 0x00000000f7d00000)
  to   space 12800K,   0% used [0x00000000f6400000, 0x00000000f6400000, 0x00000000f7080000)
 concurrent mark-sweep generation total 134144K, used 41617K [0x00000000f7d00000, 0x0000000100000000, 0x0000000100000000)
 Metaspace       used 65040K, capacity 69734K, committed 69888K, reserved 1110016K
  class space    used 8388K, capacity 9180K, committed 9216K, reserved 1048576K
2022-09-12T02:03:37.177+0800: 191.954: [GC (Allocation Failure)  145207K->43130K(249344K), 0.0040711 secs]
Heap after GC invocations=276 (full 0):
 par new generation   total 115200K, used 1493K [0x00000000f0000000, 0x00000000f7d00000, 0x00000000f7d00000)
  eden space 102400K,   0% used [0x00000000f0000000, 0x00000000f0000000, 0x00000000f6400000)
  from space 12800K,  11% used [0x00000000f6400000, 0x00000000f65756b8, 0x00000000f7080000)
  to   space 12800K,   0% used [0x00000000f7080000, 0x00000000f7080000, 0x00000000f7d00000)
 concurrent mark-sweep generation total 134144K, used 41636K [0x00000000f7d00000, 0x0000000100000000, 0x0000000100000000)
 Metaspace       used 65040K, capacity 69734K, committed 69888K, reserved 1110016K
  class space    used 8388K, capacity 9180K, committed 9216K, reserved 1048576K
}
{Heap before GC invocations=276 (full 0):
 par new generation   total 115200K, used 103893K [0x00000000f0000000, 0x00000000f7d00000, 0x00000000f7d00000)
  eden space 102400K, 100% used [0x00000000f0000000, 0x00000000f6400000, 0x00000000f6400000)
  from space 12800K,  11% used [0x00000000f6400000, 0x00000000f65756b8, 0x00000000f7080000)
  to   space 12800K,   0% used [0x00000000f7080000, 0x00000000f7080000, 0x00000000f7d00000)
 concurrent mark-sweep generation total 134144K, used 41636K [0x00000000f7d00000, 0x0000000100000000, 0x0000000100000000)
 Metaspace       used 65040K, capacity 69734K, committed 69888K, reserved 1110016K
  class space    used 8388K, capacity 9180K, committed 9216K, reserved 1048576K
2022-09-12T02:03:37.527+0800: 192.304: [GC (Allocation Failure)  145530K->43257K(249344K), 0.0040674 secs]
Heap after GC invocations=277 (full 0):
 par new generation   total 115200K, used 1604K [0x00000000f0000000, 0x00000000f7d00000, 0x00000000f7d00000)
  eden space 102400K,   0% used [0x00000000f0000000, 0x00000000f0000000, 0x00000000f6400000)
  from space 12800K,  12% used [0x00000000f7080000, 0x00000000f7211060, 0x00000000f7d00000)
  to   space 12800K,   0% used [0x00000000f6400000, 0x00000000f6400000, 0x00000000f7080000)
 concurrent mark-sweep generation total 134144K, used 41653K [0x00000000f7d00000, 0x0000000100000000, 0x0000000100000000)
 Metaspace       used 65040K, capacity 69734K, committed 69888K, reserved 1110016K
  class space    used 8388K, capacity 9180K, committed 9216K, reserved 1048576K
}
{Heap before GC invocations=277 (full 0):
 par new generation   total 115200K, used 104004K [0x00000000f0000000, 0x00000000f7d00000, 0x00000000f7d00000)
  eden space 102400K, 100% used [0x00000000f0000000, 0x00000000f6400000, 0x00000000f6400000)
  from space 12800K,  12% used [0x00000000f7080000, 0x00000000f7211060, 0x00000000f7d00000)
  to   space 12800K,   0% used [0x00000000f6400000, 0x00000000f6400000, 0x00000000f7080000)
 concurrent mark-sweep generation total 134144K, used 41653K [0x00000000f7d00000, 0x0000000100000000, 0x0000000100000000)
 Metaspace       used 65040K, capacity 69734K, committed 69888K, reserved 1110016K
  class space    used 8388K, capacity 9180K, committed 9216K, reserved 1048576K
2022-09-12T02:03:37.875+0800: 192.653: [GC (Allocation Failure)  145657K->42958K(249344K), 0.0039823 secs]
Heap after GC invocations=278 (full 0):
 par new generation   total 115200K, used 1296K [0x00000000f0000000, 0x00000000f7d00000, 0x00000000f7d00000)
  eden space 102400K,   0% used [0x00000000f0000000, 0x00000000f0000000, 0x00000000f6400000)
  from space 12800K,  10% used [0x00000000f6400000, 0x00000000f6544090, 0x00000000f7080000)
  to   space 12800K,   0% used [0x00000000f7080000, 0x00000000f7080000, 0x00000000f7d00000)
 concurrent mark-sweep generation total 134144K, used 41662K [0x00000000f7d00000, 0x0000000100000000, 0x0000000100000000)
 Metaspace       used 65040K, capacity 69734K, committed 69888K, reserved 1110016K
  class space    used 8388K, capacity 9180K, committed 9216K, reserved 1048576K
}
{Heap before GC invocations=278 (full 0):
 par new generation   total 115200K, used 103696K [0x00000000f0000000, 0x00000000f7d00000, 0x00000000f7d00000)
  eden space 102400K, 100% used [0x00000000f0000000, 0x00000000f6400000, 0x00000000f6400000)
  from space 12800K,  10% used [0x00000000f6400000, 0x00000000f6544090, 0x00000000f7080000)
  to   space 12800K,   0% used [0x00000000f7080000, 0x00000000f7080000, 0x00000000f7d00000)
 concurrent mark-sweep generation total 134144K, used 41662K [0x00000000f7d00000, 0x0000000100000000, 0x0000000100000000)
 Metaspace       used 65041K, capacity 69734K, committed 69888K, reserved 1110016K
  class space    used 8388K, capacity 9180K, committed 9216K, reserved 1048576K
2022-09-12T02:03:38.224+0800: 193.001: [GC (Allocation Failure)  145358K->43178K(249344K), 0.0042444 secs]
Heap after GC invocations=279 (full 0):
 par new generation   total 115200K, used 1499K [0x00000000f0000000, 0x00000000f7d00000, 0x00000000f7d00000)
  eden space 102400K,   0% used [0x00000000f0000000, 0x00000000f0000000, 0x00000000f6400000)
  from space 12800K,  11% used [0x00000000f7080000, 0x00000000f71f6de8, 0x00000000f7d00000)
  to   space 12800K,   0% used [0x00000000f6400000, 0x00000000f6400000, 0x00000000f7080000)
 concurrent mark-sweep generation total 134144K, used 41679K [0x00000000f7d00000, 0x0000000100000000, 0x0000000100000000)
 Metaspace       used 65041K, capacity 69734K, committed 69888K, reserved 1110016K
  class space    used 8388K, capacity 9180K, committed 9216K, reserved 1048576K
}
{Heap before GC invocations=279 (full 0):
 par new generation   total 115200K, used 103899K [0x00000000f0000000, 0x00000000f7d00000, 0x00000000f7d00000)
  eden space 102400K, 100% used [0x00000000f0000000, 0x00000000f6400000, 0x00000000f6400000)
  from space 12800K,  11% used [0x00000000f7080000, 0x00000000f71f6de8, 0x00000000f7d00000)
  to   space 12800K,   0% used [0x00000000f6400000, 0x00000000f6400000, 0x00000000f7080000)
 concurrent mark-sweep generation total 134144K, used 41679K [0x00000000f7d00000, 0x0000000100000000, 0x0000000100000000)
 Metaspace       used 65041K, capacity 69734K, committed 69888K, reserved 1110016K
  class space    used 8388K, capacity 9180K, committed 9216K, reserved 1048576K
2022-09-12T02:03:38.572+0800: 193.350: [GC (Allocation Failure)  145578K->43358K(249344K), 0.0040821 secs]
Heap after GC invocations=280 (full 0):
 par new generation   total 115200K, used 1660K [0x00000000f0000000, 0x00000000f7d00000, 0x00000000f7d00000)
  eden space 102400K,   0% used [0x00000000f0000000, 0x00000000f0000000, 0x00000000f6400000)
  from space 12800K,  12% used [0x00000000f6400000, 0x00000000f659f300, 0x00000000f7080000)
  to   space 12800K,   0% used [0x00000000f7080000, 0x00000000f7080000, 0x00000000f7d00000)
 concurrent mark-sweep generation total 134144K, used 41698K [0x00000000f7d00000, 0x0000000100000000, 0x0000000100000000)
 Metaspace       used 65041K, capacity 69734K, committed 69888K, reserved 1110016K
  class space    used 8388K, capacity 9180K, committed 9216K, reserved 1048576K
}
{Heap before GC invocations=280 (full 0):
 par new generation   total 115200K, used 104060K [0x00000000f0000000, 0x00000000f7d00000, 0x00000000f7d00000)
  eden space 102400K, 100% used [0x00000000f0000000, 0x00000000f6400000, 0x00000000f6400000)
  from space 12800K,  12% used [0x00000000f6400000, 0x00000000f659f300, 0x00000000f7080000)
  to   space 12800K,   0% used [0x00000000f7080000, 0x00000000f7080000, 0x00000000f7d00000)
 concurrent mark-sweep generation total 134144K, used 41698K [0x00000000f7d00000, 0x0000000100000000, 0x0000000100000000)
 Metaspace       used 65041K, capacity 69734K, committed 69888K, reserved 1110016K
  class space    used 8388K, capacity 9180K, committed 9216K, reserved 1048576K
2022-09-12T02:03:38.921+0800: 193.698: [GC (Allocation Failure)  145758K->43056K(249344K), 0.0041189 secs]
Heap after GC invocations=281 (full 0):
 par new generation   total 115200K, used 1346K [0x00000000f0000000, 0x00000000f7d00000, 0x00000000f7d00000)
  eden space 102400K,   0% used [0x00000000f0000000, 0x00000000f0000000, 0x00000000f6400000)
  from space 12800K,  10% used [0x00000000f7080000, 0x00000000f71d0a80, 0x00000000f7d00000)
  to   space 12800K,   0% used [0x00000000f6400000, 0x00000000f6400000, 0x00000000f7080000)
 concurrent mark-sweep generation total 134144K, used 41709K [0x00000000f7d00000, 0x0000000100000000, 0x0000000100000000)
 Metaspace       used 65041K, capacity 69734K, committed 69888K, reserved 1110016K
  class space    used 8388K, capacity 9180K, committed 9216K, reserved 1048576K
}
{Heap before GC invocations=281 (full 0):
 par new generation   total 115200K, used 103746K [0x00000000f0000000, 0x00000000f7d00000, 0x00000000f7d00000)
  eden space 102400K, 100% used [0x00000000f0000000, 0x00000000f6400000, 0x00000000f6400000)
  from space 12800K,  10% used [0x00000000f7080000, 0x00000000f71d0a80, 0x00000000f7d00000)
  to   space 12800K,   0% used [0x00000000f6400000, 0x00000000f6400000, 0x00000000f7080000)
 concurrent mark-sweep generation total 134144K, used 41709K [0x00000000f7d00000, 0x0000000100000000, 0x0000000100000000)
 Metaspace       used 65041K, capacity 69734K, committed 69888K, reserved 1110016K
  class space    used 8388K, capacity 9180K, committed 9216K, reserved 1048576K
2022-09-12T02:03:39.284+0800: 194.062: [GC (Allocation Failure)  145456K->43288K(249344K), 0.0040654 secs]
Heap after GC invocations=282 (full 0):
 par new generation   total 115200K, used 1558K [0x00000000f0000000, 0x00000000f7d00000, 0x00000000f7d00000)
  eden space 102400K,   0% used [0x00000000f0000000, 0x00000000f0000000, 0x00000000f6400000)
  from space 12800K,  12% used [0x00000000f6400000, 0x00000000f6585a28, 0x00000000f7080000)
  to   space 12800K,   0% used [0x00000000f7080000, 0x00000000f7080000, 0x00000000f7d00000)
 concurrent mark-sweep generation total 134144K, used 41730K [0x00000000f7d00000, 0x0000000100000000, 0x0000000100000000)
 Metaspace       used 65041K, capacity 69734K, committed 69888K, reserved 1110016K
  class space    used 8388K, capacity 9180K, committed 9216K, reserved 1048576K
}
{Heap before GC invocations=282 (full 0):
 par new generation   total 115200K, used 103958K [0x00000000f0000000, 0x00000000f7d00000, 0x00000000f7d00000)
  eden space 102400K, 100% used [0x00000000f0000000, 0x00000000f6400000, 0x00000000f6400000)
  from space 12800K,  12% used [0x00000000f6400000, 0x00000000f6585a28, 0x00000000f7080000)
  to   space 12800K,   0% used [0x00000000f7080000, 0x00000000f7080000, 0x00000000f7d00000)
 concurrent mark-sweep generation total 134144K, used 41730K [0x00000000f7d00000, 0x0000000100000000, 0x0000000100000000)
 Metaspace       used 65041K, capacity 69734K, committed 69888K, reserved 1110016K
  class space    used 8388K, capacity 9180K, committed 9216K, reserved 1048576K
2022-09-12T02:03:39.632+0800: 194.409: [GC (Allocation Failure)  145688K->43394K(249344K), 0.0041836 secs]
Heap after GC invocations=283 (full 0):
 par new generation   total 115200K, used 1645K [0x00000000f0000000, 0x00000000f7d00000, 0x00000000f7d00000)
  eden space 102400K,   0% used [0x00000000f0000000, 0x00000000f0000000, 0x00000000f6400000)
  from space 12800K,  12% used [0x00000000f7080000, 0x00000000f721b668, 0x00000000f7d00000)
  to   space 12800K,   0% used [0x00000000f6400000, 0x00000000f6400000, 0x00000000f7080000)
 concurrent mark-sweep generation total 134144K, used 41749K [0x00000000f7d00000, 0x0000000100000000, 0x0000000100000000)
 Metaspace       used 65041K, capacity 69734K, committed 69888K, reserved 1110016K
  class space    used 8388K, capacity 9180K, committed 9216K, reserved 1048576K
}
{Heap before GC invocations=283 (full 0):
 par new generation   total 115200K, used 104045K [0x00000000f0000000, 0x00000000f7d00000, 0x00000000f7d00000)
  eden space 102400K, 100% used [0x00000000f0000000, 0x00000000f6400000, 0x00000000f6400000)
  from space 12800K,  12% used [0x00000000f7080000, 0x00000000f721b668, 0x00000000f7d00000)
  to   space 12800K,   0% used [0x00000000f6400000, 0x00000000f6400000, 0x00000000f7080000)
 concurrent mark-sweep generation total 134144K, used 41749K [0x00000000f7d00000, 0x0000000100000000, 0x0000000100000000)
 Metaspace       used 65041K, capacity 69734K, committed 69888K, reserved 1110016K
  class space    used 8388K, capacity 9180K, committed 9216K, reserved 1048576K
2022-09-12T02:03:39.980+0800: 194.757: [GC (Allocation Failure)  145794K->43081K(249344K), 0.0042274 secs]
Heap after GC invocations=284 (full 0):
 par new generation   total 115200K, used 1313K [0x00000000f0000000, 0x00000000f7d00000, 0x00000000f7d00000)
  eden space 102400K,   0% used [0x00000000f0000000, 0x00000000f0000000, 0x00000000f6400000)
  from space 12800K,  10% used [0x00000000f6400000, 0x00000000f6548770, 0x00000000f7080000)
  to   space 12800K,   0% used [0x00000000f7080000, 0x00000000f7080000, 0x00000000f7d00000)
 concurrent mark-sweep generation total 134144K, used 41767K [0x00000000f7d00000, 0x0000000100000000, 0x0000000100000000)
 Metaspace       used 65041K, capacity 69734K, committed 69888K, reserved 1110016K
  class space    used 8388K, capacity 9180K, committed 9216K, reserved 1048576K
}
{Heap before GC invocations=284 (full 0):
 par new generation   total 115200K, used 103713K [0x00000000f0000000, 0x00000000f7d00000, 0x00000000f7d00000)
  eden space 102400K, 100% used [0x00000000f0000000, 0x00000000f6400000, 0x00000000f6400000)
  from space 12800K,  10% used [0x00000000f6400000, 0x00000000f6548770, 0x00000000f7080000)
  to   space 12800K,   0% used [0x00000000f7080000, 0x00000000f7080000, 0x00000000f7d00000)
 concurrent mark-sweep generation total 134144K, used 41767K [0x00000000f7d00000, 0x0000000100000000, 0x0000000100000000)
 Metaspace       used 65041K, capacity 69734K, committed 69888K, reserved 1110016K
  class space    used 8388K, capacity 9180K, committed 9216K, reserved 1048576K
2022-09-12T02:03:40.329+0800: 195.106: [GC (Allocation Failure)  145481K->43287K(249344K), 0.0041999 secs]
Heap after GC invocations=285 (full 0):
 par new generation   total 115200K, used 1504K [0x00000000f0000000, 0x00000000f7d00000, 0x00000000f7d00000)
  eden space 102400K,   0% used [0x00000000f0000000, 0x00000000f0000000, 0x00000000f6400000)
  from space 12800K,  11% used [0x00000000f7080000, 0x00000000f71f8278, 0x00000000f7d00000)
  to   space 12800K,   0% used [0x00000000f6400000, 0x00000000f6400000, 0x00000000f7080000)
 concurrent mark-sweep generation total 134144K, used 41782K [0x00000000f7d00000, 0x0000000100000000, 0x0000000100000000)
 Metaspace       used 65041K, capacity 69734K, committed 69888K, reserved 1110016K
  class space    used 8388K, capacity 9180K, committed 9216K, reserved 1048576K
}
{Heap before GC invocations=285 (full 0):
 par new generation   total 115200K, used 103904K [0x00000000f0000000, 0x00000000f7d00000, 0x00000000f7d00000)
  eden space 102400K, 100% used [0x00000000f0000000, 0x00000000f6400000, 0x00000000f6400000)
  from space 12800K,  11% used [0x00000000f7080000, 0x00000000f71f8278, 0x00000000f7d00000)
  to   space 12800K,   0% used [0x00000000f6400000, 0x00000000f6400000, 0x00000000f7080000)
 concurrent mark-sweep generation total 134144K, used 41782K [0x00000000f7d00000, 0x0000000100000000, 0x0000000100000000)
 Metaspace       used 65041K, capacity 69734K, committed 69888K, reserved 1110016K
  class space    used 8388K, capacity 9180K, committed 9216K, reserved 1048576K
2022-09-12T02:03:40.677+0800: 195.454: [GC (Allocation Failure)  145687K->43432K(249344K), 0.0039658 secs]
Heap after GC invocations=286 (full 0):
 par new generation   total 115200K, used 1640K [0x00000000f0000000, 0x00000000f7d00000, 0x00000000f7d00000)
  eden space 102400K,   0% used [0x00000000f0000000, 0x00000000f0000000, 0x00000000f6400000)
  from space 12800K,  12% used [0x00000000f6400000, 0x00000000f659a328, 0x00000000f7080000)
  to   space 12800K,   0% used [0x00000000f7080000, 0x00000000f7080000, 0x00000000f7d00000)
 concurrent mark-sweep generation total 134144K, used 41791K [0x00000000f7d00000, 0x0000000100000000, 0x0000000100000000)
 Metaspace       used 65041K, capacity 69734K, committed 69888K, reserved 1110016K
  class space    used 8388K, capacity 9180K, committed 9216K, reserved 1048576K
}
{Heap before GC invocations=286 (full 0):
 par new generation   total 115200K, used 104040K [0x00000000f0000000, 0x00000000f7d00000, 0x00000000f7d00000)
  eden space 102400K, 100% used [0x00000000f0000000, 0x00000000f6400000, 0x00000000f6400000)
  from space 12800K,  12% used [0x00000000f6400000, 0x00000000f659a328, 0x00000000f7080000)
  to   space 12800K,   0% used [0x00000000f7080000, 0x00000000f7080000, 0x00000000f7d00000)
 concurrent mark-sweep generation total 134144K, used 41791K [0x00000000f7d00000, 0x0000000100000000, 0x0000000100000000)
 Metaspace       used 65041K, capacity 69734K, committed 69888K, reserved 1110016K
  class space    used 8388K, capacity 9180K, committed 9216K, reserved 1048576K
2022-09-12T02:03:41.024+0800: 195.801: [GC (Allocation Failure)  145832K->43129K(249344K), 0.0041015 secs]
Heap after GC invocations=287 (full 0):
 par new generation   total 115200K, used 1320K [0x00000000f0000000, 0x00000000f7d00000, 0x00000000f7d00000)
  eden space 102400K,   0% used [0x00000000f0000000, 0x00000000f0000000, 0x00000000f6400000)
  from space 12800K,  10% used [0x00000000f7080000, 0x00000000f71ca198, 0x00000000f7d00000)
  to   space 12800K,   0% used [0x00000000f6400000, 0x00000000f6400000, 0x00000000f7080000)
 concurrent mark-sweep generation total 134144K, used 41809K [0x00000000f7d00000, 0x0000000100000000, 0x0000000100000000)
 Metaspace       used 65041K, capacity 69734K, committed 69888K, reserved 1110016K
  class space    used 8388K, capacity 9180K, committed 9216K, reserved 1048576K
}
{Heap before GC invocations=287 (full 0):
 par new generation   total 115200K, used 103720K [0x00000000f0000000, 0x00000000f7d00000, 0x00000000f7d00000)
  eden space 102400K, 100% used [0x00000000f0000000, 0x00000000f6400000, 0x00000000f6400000)
  from space 12800K,  10% used [0x00000000f7080000, 0x00000000f71ca198, 0x00000000f7d00000)
  to   space 12800K,   0% used [0x00000000f6400000, 0x00000000f6400000, 0x00000000f7080000)
 concurrent mark-sweep generation total 134144K, used 41809K [0x00000000f7d00000, 0x0000000100000000, 0x0000000100000000)
 Metaspace       used 65041K, capacity 69734K, committed 69888K, reserved 1110016K
  class space    used 8388K, capacity 9180K, committed 9216K, reserved 1048576K
2022-09-12T02:03:41.376+0800: 196.154: [GC (Allocation Failure)  145529K->43370K(249344K), 0.0040369 secs]
Heap after GC invocations=288 (full 0):
 par new generation   total 115200K, used 1548K [0x00000000f0000000, 0x00000000f7d00000, 0x00000000f7d00000)
  eden space 102400K,   0% used [0x00000000f0000000, 0x00000000f0000000, 0x00000000f6400000)
  from space 12800K,  12% used [0x00000000f6400000, 0x00000000f6583300, 0x00000000f7080000)
  to   space 12800K,   0% used [0x00000000f7080000, 0x00000000f7080000, 0x00000000f7d00000)
 concurrent mark-sweep generation total 134144K, used 41822K [0x00000000f7d00000, 0x0000000100000000, 0x0000000100000000)
 Metaspace       used 65041K, capacity 69734K, committed 69888K, reserved 1110016K
  class space    used 8388K, capacity 9180K, committed 9216K, reserved 1048576K
}
{Heap before GC invocations=288 (full 0):
 par new generation   total 115200K, used 103948K [0x00000000f0000000, 0x00000000f7d00000, 0x00000000f7d00000)
  eden space 102400K, 100% used [0x00000000f0000000, 0x00000000f6400000, 0x00000000f6400000)
  from space 12800K,  12% used [0x00000000f6400000, 0x00000000f6583300, 0x00000000f7080000)
  to   space 12800K,   0% used [0x00000000f7080000, 0x00000000f7080000, 0x00000000f7d00000)
 concurrent mark-sweep generation total 134144K, used 41822K [0x00000000f7d00000, 0x0000000100000000, 0x0000000100000000)
 Metaspace       used 65041K, capacity 69734K, committed 69888K, reserved 1110016K
  class space    used 8388K, capacity 9180K, committed 9216K, reserved 1048576K
2022-09-12T02:03:41.726+0800: 196.503: [GC (Allocation Failure)  145770K->43469K(249344K), 0.0040293 secs]
Heap after GC invocations=289 (full 0):
 par new generation   total 115200K, used 1630K [0x00000000f0000000, 0x00000000f7d00000, 0x00000000f7d00000)
  eden space 102400K,   0% used [0x00000000f0000000, 0x00000000f0000000, 0x00000000f6400000)
  from space 12800K,  12% used [0x00000000f7080000, 0x00000000f7217b20, 0x00000000f7d00000)
  to   space 12800K,   0% used [0x00000000f6400000, 0x00000000f6400000, 0x00000000f7080000)
 concurrent mark-sweep generation total 134144K, used 41838K [0x00000000f7d00000, 0x0000000100000000, 0x0000000100000000)
 Metaspace       used 65041K, capacity 69734K, committed 69888K, reserved 1110016K
  class space    used 8388K, capacity 9180K, committed 9216K, reserved 1048576K
}
{Heap before GC invocations=289 (full 0):
 par new generation   total 115200K, used 104030K [0x00000000f0000000, 0x00000000f7d00000, 0x00000000f7d00000)
  eden space 102400K, 100% used [0x00000000f0000000, 0x00000000f6400000, 0x00000000f6400000)
  from space 12800K,  12% used [0x00000000f7080000, 0x00000000f7217b20, 0x00000000f7d00000)
  to   space 12800K,   0% used [0x00000000f6400000, 0x00000000f6400000, 0x00000000f7080000)
 concurrent mark-sweep generation total 134144K, used 41838K [0x00000000f7d00000, 0x0000000100000000, 0x0000000100000000)
 Metaspace       used 65041K, capacity 69734K, committed 69888K, reserved 1110016K
  class space    used 8388K, capacity 9180K, committed 9216K, reserved 1048576K
2022-09-12T02:03:42.077+0800: 196.854: [GC (Allocation Failure)  145869K->43043K(249344K), 0.0040051 secs]
Heap after GC invocations=290 (full 0):
 par new generation   total 115200K, used 1187K [0x00000000f0000000, 0x00000000f7d00000, 0x00000000f7d00000)
  eden space 102400K,   0% used [0x00000000f0000000, 0x00000000f0000000, 0x00000000f6400000)
  from space 12800K,   9% used [0x00000000f6400000, 0x00000000f6528f40, 0x00000000f7080000)
  to   space 12800K,   0% used [0x00000000f7080000, 0x00000000f7080000, 0x00000000f7d00000)
 concurrent mark-sweep generation total 134144K, used 41855K [0x00000000f7d00000, 0x0000000100000000, 0x0000000100000000)
 Metaspace       used 65041K, capacity 69734K, committed 69888K, reserved 1110016K
  class space    used 8388K, capacity 9180K, committed 9216K, reserved 1048576K
}
{Heap before GC invocations=290 (full 0):
 par new generation   total 115200K, used 103587K [0x00000000f0000000, 0x00000000f7d00000, 0x00000000f7d00000)
  eden space 102400K, 100% used [0x00000000f0000000, 0x00000000f6400000, 0x00000000f6400000)
  from space 12800K,   9% used [0x00000000f6400000, 0x00000000f6528f40, 0x00000000f7080000)
  to   space 12800K,   0% used [0x00000000f7080000, 0x00000000f7080000, 0x00000000f7d00000)
 concurrent mark-sweep generation total 134144K, used 41855K [0x00000000f7d00000, 0x0000000100000000, 0x0000000100000000)
 Metaspace       used 65041K, capacity 69734K, committed 69888K, reserved 1110016K
  class space    used 8388K, capacity 9180K, committed 9216K, reserved 1048576K
2022-09-12T02:03:42.430+0800: 197.207: [GC (Allocation Failure)  145443K->43363K(249344K), 0.0040442 secs]
Heap after GC invocations=291 (full 0):
 par new generation   total 115200K, used 1490K [0x00000000f0000000, 0x00000000f7d00000, 0x00000000f7d00000)
  eden space 102400K,   0% used [0x00000000f0000000, 0x00000000f0000000, 0x00000000f6400000)
  from space 12800K,  11% used [0x00000000f7080000, 0x00000000f71f4928, 0x00000000f7d00000)
  to   space 12800K,   0% used [0x00000000f6400000, 0x00000000f6400000, 0x00000000f7080000)
 concurrent mark-sweep generation total 134144K, used 41873K [0x00000000f7d00000, 0x0000000100000000, 0x0000000100000000)
 Metaspace       used 65041K, capacity 69734K, committed 69888K, reserved 1110016K
  class space    used 8388K, capacity 9180K, committed 9216K, reserved 1048576K
}
{Heap before GC invocations=291 (full 0):
 par new generation   total 115200K, used 103890K [0x00000000f0000000, 0x00000000f7d00000, 0x00000000f7d00000)
  eden space 102400K, 100% used [0x00000000f0000000, 0x00000000f6400000, 0x00000000f6400000)
  from space 12800K,  11% used [0x00000000f7080000, 0x00000000f71f4928, 0x00000000f7d00000)
  to   space 12800K,   0% used [0x00000000f6400000, 0x00000000f6400000, 0x00000000f7080000)
 concurrent mark-sweep generation total 134144K, used 41873K [0x00000000f7d00000, 0x0000000100000000, 0x0000000100000000)
 Metaspace       used 65041K, capacity 69734K, committed 69888K, reserved 1110016K
  class space    used 8388K, capacity 9180K, committed 9216K, reserved 1048576K
2022-09-12T02:03:42.779+0800: 197.557: [GC (Allocation Failure)  145763K->43538K(249344K), 0.0041351 secs]
Heap after GC invocations=292 (full 0):
 par new generation   total 115200K, used 1644K [0x00000000f0000000, 0x00000000f7d00000, 0x00000000f7d00000)
  eden space 102400K,   0% used [0x00000000f0000000, 0x00000000f0000000, 0x00000000f6400000)
  from space 12800K,  12% used [0x00000000f6400000, 0x00000000f659b240, 0x00000000f7080000)
  to   space 12800K,   0% used [0x00000000f7080000, 0x00000000f7080000, 0x00000000f7d00000)
 concurrent mark-sweep generation total 134144K, used 41893K [0x00000000f7d00000, 0x0000000100000000, 0x0000000100000000)
 Metaspace       used 65041K, capacity 69734K, committed 69888K, reserved 1110016K
  class space    used 8388K, capacity 9180K, committed 9216K, reserved 1048576K
}
{Heap before GC invocations=292 (full 0):
 par new generation   total 115200K, used 104044K [0x00000000f0000000, 0x00000000f7d00000, 0x00000000f7d00000)
  eden space 102400K, 100% used [0x00000000f0000000, 0x00000000f6400000, 0x00000000f6400000)
  from space 12800K,  12% used [0x00000000f6400000, 0x00000000f659b240, 0x00000000f7080000)
  to   space 12800K,   0% used [0x00000000f7080000, 0x00000000f7080000, 0x00000000f7d00000)
 concurrent mark-sweep generation total 134144K, used 41893K [0x00000000f7d00000, 0x0000000100000000, 0x0000000100000000)
 Metaspace       used 65041K, capacity 69734K, committed 69888K, reserved 1110016K
  class space    used 8388K, capacity 9180K, committed 9216K, reserved 1048576K
2022-09-12T02:03:43.128+0800: 197.905: [GC (Allocation Failure)  145938K->43100K(249344K), 0.0042307 secs]
Heap after GC invocations=293 (full 0):
 par new generation   total 115200K, used 1190K [0x00000000f0000000, 0x00000000f7d00000, 0x00000000f7d00000)
  eden space 102400K,   0% used [0x00000000f0000000, 0x00000000f0000000, 0x00000000f6400000)
  from space 12800K,   9% used [0x00000000f7080000, 0x00000000f71a9a40, 0x00000000f7d00000)
  to   space 12800K,   0% used [0x00000000f6400000, 0x00000000f6400000, 0x00000000f7080000)
 concurrent mark-sweep generation total 134144K, used 41910K [0x00000000f7d00000, 0x0000000100000000, 0x0000000100000000)
 Metaspace       used 65041K, capacity 69734K, committed 69888K, reserved 1110016K
  class space    used 8388K, capacity 9180K, committed 9216K, reserved 1048576K
}
{Heap before GC invocations=293 (full 0):
 par new generation   total 115200K, used 103590K [0x00000000f0000000, 0x00000000f7d00000, 0x00000000f7d00000)
  eden space 102400K, 100% used [0x00000000f0000000, 0x00000000f6400000, 0x00000000f6400000)
  from space 12800K,   9% used [0x00000000f7080000, 0x00000000f71a9a40, 0x00000000f7d00000)
  to   space 12800K,   0% used [0x00000000f6400000, 0x00000000f6400000, 0x00000000f7080000)
 concurrent mark-sweep generation total 134144K, used 41910K [0x00000000f7d00000, 0x0000000100000000, 0x0000000100000000)
 Metaspace       used 65041K, capacity 69734K, committed 69888K, reserved 1110016K
  class space    used 8388K, capacity 9180K, committed 9216K, reserved 1048576K
2022-09-12T02:03:43.478+0800: 198.255: [GC (Allocation Failure)  145500K->43424K(249344K), 0.0039555 secs]
Heap after GC invocations=294 (full 0):
 par new generation   total 115200K, used 1505K [0x00000000f0000000, 0x00000000f7d00000, 0x00000000f7d00000)
  eden space 102400K,   0% used [0x00000000f0000000, 0x00000000f0000000, 0x00000000f6400000)
  from space 12800K,  11% used [0x00000000f6400000, 0x00000000f6578588, 0x00000000f7080000)
  to   space 12800K,   0% used [0x00000000f7080000, 0x00000000f7080000, 0x00000000f7d00000)
 concurrent mark-sweep generation total 134144K, used 41919K [0x00000000f7d00000, 0x0000000100000000, 0x0000000100000000)
 Metaspace       used 65041K, capacity 69734K, committed 69888K, reserved 1110016K
  class space    used 8388K, capacity 9180K, committed 9216K, reserved 1048576K
}
{Heap before GC invocations=294 (full 0):
 par new generation   total 115200K, used 103905K [0x00000000f0000000, 0x00000000f7d00000, 0x00000000f7d00000)
  eden space 102400K, 100% used [0x00000000f0000000, 0x00000000f6400000, 0x00000000f6400000)
  from space 12800K,  11% used [0x00000000f6400000, 0x00000000f6578588, 0x00000000f7080000)
  to   space 12800K,   0% used [0x00000000f7080000, 0x00000000f7080000, 0x00000000f7d00000)
 concurrent mark-sweep generation total 134144K, used 41919K [0x00000000f7d00000, 0x0000000100000000, 0x0000000100000000)
 Metaspace       used 65041K, capacity 69734K, committed 69888K, reserved 1110016K
  class space    used 8388K, capacity 9180K, committed 9216K, reserved 1048576K
2022-09-12T02:03:43.831+0800: 198.608: [GC (Allocation Failure)  145824K->43125K(249344K), 0.0041551 secs]
Heap after GC invocations=295 (full 0):
 par new generation   total 115200K, used 1181K [0x00000000f0000000, 0x00000000f7d00000, 0x00000000f7d00000)
  eden space 102400K,   0% used [0x00000000f0000000, 0x00000000f0000000, 0x00000000f6400000)
  from space 12800K,   9% used [0x00000000f7080000, 0x00000000f71a7668, 0x00000000f7d00000)
  to   space 12800K,   0% used [0x00000000f6400000, 0x00000000f6400000, 0x00000000f7080000)
 concurrent mark-sweep generation total 134144K, used 41943K [0x00000000f7d00000, 0x0000000100000000, 0x0000000100000000)
 Metaspace       used 65041K, capacity 69734K, committed 69888K, reserved 1110016K
  class space    used 8388K, capacity 9180K, committed 9216K, reserved 1048576K
}
{Heap before GC invocations=295 (full 0):
 par new generation   total 115200K, used 103581K [0x00000000f0000000, 0x00000000f7d00000, 0x00000000f7d00000)
  eden space 102400K, 100% used [0x00000000f0000000, 0x00000000f6400000, 0x00000000f6400000)
  from space 12800K,   9% used [0x00000000f7080000, 0x00000000f71a7668, 0x00000000f7d00000)
  to   space 12800K,   0% used [0x00000000f6400000, 0x00000000f6400000, 0x00000000f7080000)
 concurrent mark-sweep generation total 134144K, used 41943K [0x00000000f7d00000, 0x0000000100000000, 0x0000000100000000)
 Metaspace       used 65041K, capacity 69734K, committed 69888K, reserved 1110016K
  class space    used 8388K, capacity 9180K, committed 9216K, reserved 1048576K
2022-09-12T02:03:44.180+0800: 198.957: [GC (Allocation Failure)  145525K->43388K(249344K), 0.0040784 secs]
Heap after GC invocations=296 (full 0):
 par new generation   total 115200K, used 1433K [0x00000000f0000000, 0x00000000f7d00000, 0x00000000f7d00000)
  eden space 102400K,   0% used [0x00000000f0000000, 0x00000000f0000000, 0x00000000f6400000)
  from space 12800K,  11% used [0x00000000f6400000, 0x00000000f65667a0, 0x00000000f7080000)
  to   space 12800K,   0% used [0x00000000f7080000, 0x00000000f7080000, 0x00000000f7d00000)
 concurrent mark-sweep generation total 134144K, used 41954K [0x00000000f7d00000, 0x0000000100000000, 0x0000000100000000)
 Metaspace       used 65041K, capacity 69734K, committed 69888K, reserved 1110016K
  class space    used 8388K, capacity 9180K, committed 9216K, reserved 1048576K
}
{Heap before GC invocations=296 (full 0):
 par new generation   total 115200K, used 103833K [0x00000000f0000000, 0x00000000f7d00000, 0x00000000f7d00000)
  eden space 102400K, 100% used [0x00000000f0000000, 0x00000000f6400000, 0x00000000f6400000)
  from space 12800K,  11% used [0x00000000f6400000, 0x00000000f65667a0, 0x00000000f7080000)
  to   space 12800K,   0% used [0x00000000f7080000, 0x00000000f7080000, 0x00000000f7d00000)
 concurrent mark-sweep generation total 134144K, used 41954K [0x00000000f7d00000, 0x0000000100000000, 0x0000000100000000)
 Metaspace       used 65041K, capacity 69734K, committed 69888K, reserved 1110016K
  class space    used 8388K, capacity 9180K, committed 9216K, reserved 1048576K
2022-09-12T02:03:44.528+0800: 199.305: [GC (Allocation Failure)  145788K->43592K(249344K), 0.0041448 secs]
Heap after GC invocations=297 (full 0):
 par new generation   total 115200K, used 1622K [0x00000000f0000000, 0x00000000f7d00000, 0x00000000f7d00000)
  eden space 102400K,   0% used [0x00000000f0000000, 0x00000000f0000000, 0x00000000f6400000)
  from space 12800K,  12% used [0x00000000f7080000, 0x00000000f7215af8, 0x00000000f7d00000)
  to   space 12800K,   0% used [0x00000000f6400000, 0x00000000f6400000, 0x00000000f7080000)
 concurrent mark-sweep generation total 134144K, used 41970K [0x00000000f7d00000, 0x0000000100000000, 0x0000000100000000)
 Metaspace       used 65041K, capacity 69734K, committed 69888K, reserved 1110016K
  class space    used 8388K, capacity 9180K, committed 9216K, reserved 1048576K
}
{Heap before GC invocations=297 (full 0):
 par new generation   total 115200K, used 104022K [0x00000000f0000000, 0x00000000f7d00000, 0x00000000f7d00000)
  eden space 102400K, 100% used [0x00000000f0000000, 0x00000000f6400000, 0x00000000f6400000)
  from space 12800K,  12% used [0x00000000f7080000, 0x00000000f7215af8, 0x00000000f7d00000)
  to   space 12800K,   0% used [0x00000000f6400000, 0x00000000f6400000, 0x00000000f7080000)
 concurrent mark-sweep generation total 134144K, used 41970K [0x00000000f7d00000, 0x0000000100000000, 0x0000000100000000)
 Metaspace       used 65041K, capacity 69734K, committed 69888K, reserved 1110016K
  class space    used 8388K, capacity 9180K, committed 9216K, reserved 1048576K
2022-09-12T02:03:44.877+0800: 199.655: [GC (Allocation Failure)  145992K->43184K(249344K), 0.0041278 secs]
Heap after GC invocations=298 (full 0):
 par new generation   total 115200K, used 1192K [0x00000000f0000000, 0x00000000f7d00000, 0x00000000f7d00000)
  eden space 102400K,   0% used [0x00000000f0000000, 0x00000000f0000000, 0x00000000f6400000)
  from space 12800K,   9% used [0x00000000f6400000, 0x00000000f652a1c0, 0x00000000f7080000)
  to   space 12800K,   0% used [0x00000000f7080000, 0x00000000f7080000, 0x00000000f7d00000)
 concurrent mark-sweep generation total 134144K, used 41991K [0x00000000f7d00000, 0x0000000100000000, 0x0000000100000000)
 Metaspace       used 65041K, capacity 69734K, committed 69888K, reserved 1110016K
  class space    used 8388K, capacity 9180K, committed 9216K, reserved 1048576K
}
{Heap before GC invocations=298 (full 0):
 par new generation   total 115200K, used 103592K [0x00000000f0000000, 0x00000000f7d00000, 0x00000000f7d00000)
  eden space 102400K, 100% used [0x00000000f0000000, 0x00000000f6400000, 0x00000000f6400000)
  from space 12800K,   9% used [0x00000000f6400000, 0x00000000f652a1c0, 0x00000000f7080000)
  to   space 12800K,   0% used [0x00000000f7080000, 0x00000000f7080000, 0x00000000f7d00000)
 concurrent mark-sweep generation total 134144K, used 41991K [0x00000000f7d00000, 0x0000000100000000, 0x0000000100000000)
 Metaspace       used 65041K, capacity 69734K, committed 69888K, reserved 1110016K
  class space    used 8388K, capacity 9180K, committed 9216K, reserved 1048576K
2022-09-12T02:03:45.227+0800: 200.004: [GC (Allocation Failure)  145584K->43502K(249344K), 0.0041073 secs]
Heap after GC invocations=299 (full 0):
 par new generation   total 115200K, used 1499K [0x00000000f0000000, 0x00000000f7d00000, 0x00000000f7d00000)
  eden space 102400K,   0% used [0x00000000f0000000, 0x00000000f0000000, 0x00000000f6400000)
  from space 12800K,  11% used [0x00000000f7080000, 0x00000000f71f6ec8, 0x00000000f7d00000)
  to   space 12800K,   0% used [0x00000000f6400000, 0x00000000f6400000, 0x00000000f7080000)
 concurrent mark-sweep generation total 134144K, used 42002K [0x00000000f7d00000, 0x0000000100000000, 0x0000000100000000)
 Metaspace       used 65041K, capacity 69734K, committed 69888K, reserved 1110016K
  class space    used 8388K, capacity 9180K, committed 9216K, reserved 1048576K
}
{Heap before GC invocations=299 (full 0):
 par new generation   total 115200K, used 103899K [0x00000000f0000000, 0x00000000f7d00000, 0x00000000f7d00000)
  eden space 102400K, 100% used [0x00000000f0000000, 0x00000000f6400000, 0x00000000f6400000)
  from space 12800K,  11% used [0x00000000f7080000, 0x00000000f71f6ec8, 0x00000000f7d00000)
  to   space 12800K,   0% used [0x00000000f6400000, 0x00000000f6400000, 0x00000000f7080000)
 concurrent mark-sweep generation total 134144K, used 42002K [0x00000000f7d00000, 0x0000000100000000, 0x0000000100000000)
 Metaspace       used 65041K, capacity 69734K, committed 69888K, reserved 1110016K
  class space    used 8388K, capacity 9180K, committed 9216K, reserved 1048576K
2022-09-12T02:03:45.575+0800: 200.352: [GC (Allocation Failure)  145902K->43688K(249344K), 0.0042970 secs]
Heap after GC invocations=300 (full 0):
 par new generation   total 115200K, used 1662K [0x00000000f0000000, 0x00000000f7d00000, 0x00000000f7d00000)
  eden space 102400K,   0% used [0x00000000f0000000, 0x00000000f0000000, 0x00000000f6400000)
  from space 12800K,  12% used [0x00000000f6400000, 0x00000000f659f8e8, 0x00000000f7080000)
  to   space 12800K,   0% used [0x00000000f7080000, 0x00000000f7080000, 0x00000000f7d00000)
 concurrent mark-sweep generation total 134144K, used 42026K [0x00000000f7d00000, 0x0000000100000000, 0x0000000100000000)
 Metaspace       used 65041K, capacity 69734K, committed 69888K, reserved 1110016K
  class space    used 8388K, capacity 9180K, committed 9216K, reserved 1048576K
}
{Heap before GC invocations=300 (full 0):
 par new generation   total 115200K, used 104062K [0x00000000f0000000, 0x00000000f7d00000, 0x00000000f7d00000)
  eden space 102400K, 100% used [0x00000000f0000000, 0x00000000f6400000, 0x00000000f6400000)
  from space 12800K,  12% used [0x00000000f6400000, 0x00000000f659f8e8, 0x00000000f7080000)
  to   space 12800K,   0% used [0x00000000f7080000, 0x00000000f7080000, 0x00000000f7d00000)
 concurrent mark-sweep generation total 134144K, used 42026K [0x00000000f7d00000, 0x0000000100000000, 0x0000000100000000)
 Metaspace       used 65041K, capacity 69734K, committed 69888K, reserved 1110016K
  class space    used 8388K, capacity 9180K, committed 9216K, reserved 1048576K
2022-09-12T02:03:45.923+0800: 200.701: [GC (Allocation Failure)  146088K->43379K(249344K), 0.0042480 secs]
Heap after GC invocations=301 (full 0):
 par new generation   total 115200K, used 1334K [0x00000000f0000000, 0x00000000f7d00000, 0x00000000f7d00000)
  eden space 102400K,   0% used [0x00000000f0000000, 0x00000000f0000000, 0x00000000f6400000)
  from space 12800K,  10% used [0x00000000f7080000, 0x00000000f71cdaf8, 0x00000000f7d00000)
  to   space 12800K,   0% used [0x00000000f6400000, 0x00000000f6400000, 0x00000000f7080000)
 concurrent mark-sweep generation total 134144K, used 42044K [0x00000000f7d00000, 0x0000000100000000, 0x0000000100000000)
 Metaspace       used 65041K, capacity 69734K, committed 69888K, reserved 1110016K
  class space    used 8388K, capacity 9180K, committed 9216K, reserved 1048576K
}
{Heap before GC invocations=301 (full 0):
 par new generation   total 115200K, used 103734K [0x00000000f0000000, 0x00000000f7d00000, 0x00000000f7d00000)
  eden space 102400K, 100% used [0x00000000f0000000, 0x00000000f6400000, 0x00000000f6400000)
  from space 12800K,  10% used [0x00000000f7080000, 0x00000000f71cdaf8, 0x00000000f7d00000)
  to   space 12800K,   0% used [0x00000000f6400000, 0x00000000f6400000, 0x00000000f7080000)
 concurrent mark-sweep generation total 134144K, used 42044K [0x00000000f7d00000, 0x0000000100000000, 0x0000000100000000)
 Metaspace       used 65041K, capacity 69734K, committed 69888K, reserved 1110016K
  class space    used 8388K, capacity 9180K, committed 9216K, reserved 1048576K
2022-09-12T02:03:46.281+0800: 201.058: [GC (Allocation Failure)  145779K->43587K(249344K), 0.0040748 secs]
Heap after GC invocations=302 (full 0):
 par new generation   total 115200K, used 1533K [0x00000000f0000000, 0x00000000f7d00000, 0x00000000f7d00000)
  eden space 102400K,   0% used [0x00000000f0000000, 0x00000000f0000000, 0x00000000f6400000)
  from space 12800K,  11% used [0x00000000f6400000, 0x00000000f657f4e0, 0x00000000f7080000)
  to   space 12800K,   0% used [0x00000000f7080000, 0x00000000f7080000, 0x00000000f7d00000)
 concurrent mark-sweep generation total 134144K, used 42054K [0x00000000f7d00000, 0x0000000100000000, 0x0000000100000000)
 Metaspace       used 65041K, capacity 69734K, committed 69888K, reserved 1110016K
  class space    used 8388K, capacity 9180K, committed 9216K, reserved 1048576K
}
{Heap before GC invocations=302 (full 0):
 par new generation   total 115200K, used 103933K [0x00000000f0000000, 0x00000000f7d00000, 0x00000000f7d00000)
  eden space 102400K, 100% used [0x00000000f0000000, 0x00000000f6400000, 0x00000000f6400000)
  from space 12800K,  11% used [0x00000000f6400000, 0x00000000f657f4e0, 0x00000000f7080000)
  to   space 12800K,   0% used [0x00000000f7080000, 0x00000000f7080000, 0x00000000f7d00000)
 concurrent mark-sweep generation total 134144K, used 42054K [0x00000000f7d00000, 0x0000000100000000, 0x0000000100000000)
 Metaspace       used 65041K, capacity 69734K, committed 69888K, reserved 1110016K
  class space    used 8388K, capacity 9180K, committed 9216K, reserved 1048576K
2022-09-12T02:03:46.629+0800: 201.406: [GC (Allocation Failure)  145987K->43722K(249344K), 0.0041600 secs]
Heap after GC invocations=303 (full 0):
 par new generation   total 115200K, used 1650K [0x00000000f0000000, 0x00000000f7d00000, 0x00000000f7d00000)
  eden space 102400K,   0% used [0x00000000f0000000, 0x00000000f0000000, 0x00000000f6400000)
  from space 12800K,  12% used [0x00000000f7080000, 0x00000000f721c970, 0x00000000f7d00000)
  to   space 12800K,   0% used [0x00000000f6400000, 0x00000000f6400000, 0x00000000f7080000)
 concurrent mark-sweep generation total 134144K, used 42072K [0x00000000f7d00000, 0x0000000100000000, 0x0000000100000000)
 Metaspace       used 65041K, capacity 69734K, committed 69888K, reserved 1110016K
  class space    used 8388K, capacity 9180K, committed 9216K, reserved 1048576K
}
{Heap before GC invocations=303 (full 0):
 par new generation   total 115200K, used 104050K [0x00000000f0000000, 0x00000000f7d00000, 0x00000000f7d00000)
  eden space 102400K, 100% used [0x00000000f0000000, 0x00000000f6400000, 0x00000000f6400000)
  from space 12800K,  12% used [0x00000000f7080000, 0x00000000f721c970, 0x00000000f7d00000)
  to   space 12800K,   0% used [0x00000000f6400000, 0x00000000f6400000, 0x00000000f7080000)
 concurrent mark-sweep generation total 134144K, used 42072K [0x00000000f7d00000, 0x0000000100000000, 0x0000000100000000)
 Metaspace       used 65041K, capacity 69734K, committed 69888K, reserved 1110016K
  class space    used 8388K, capacity 9180K, committed 9216K, reserved 1048576K
2022-09-12T02:03:46.979+0800: 201.757: [GC (Allocation Failure)  146122K->43426K(249344K), 0.0040178 secs]
Heap after GC invocations=304 (full 0):
 par new generation   total 115200K, used 1343K [0x00000000f0000000, 0x00000000f7d00000, 0x00000000f7d00000)
  eden space 102400K,   0% used [0x00000000f0000000, 0x00000000f0000000, 0x00000000f6400000)
  from space 12800K,  10% used [0x00000000f6400000, 0x00000000f654ffd0, 0x00000000f7080000)
  to   space 12800K,   0% used [0x00000000f7080000, 0x00000000f7080000, 0x00000000f7d00000)
 concurrent mark-sweep generation total 134144K, used 42082K [0x00000000f7d00000, 0x0000000100000000, 0x0000000100000000)
 Metaspace       used 65041K, capacity 69734K, committed 69888K, reserved 1110016K
  class space    used 8388K, capacity 9180K, committed 9216K, reserved 1048576K
}
{Heap before GC invocations=304 (full 0):
 par new generation   total 115200K, used 103743K [0x00000000f0000000, 0x00000000f7d00000, 0x00000000f7d00000)
  eden space 102400K, 100% used [0x00000000f0000000, 0x00000000f6400000, 0x00000000f6400000)
  from space 12800K,  10% used [0x00000000f6400000, 0x00000000f654ffd0, 0x00000000f7080000)
  to   space 12800K,   0% used [0x00000000f7080000, 0x00000000f7080000, 0x00000000f7d00000)
 concurrent mark-sweep generation total 134144K, used 42082K [0x00000000f7d00000, 0x0000000100000000, 0x0000000100000000)
 Metaspace       used 65043K, capacity 69734K, committed 69888K, reserved 1110016K
  class space    used 8388K, capacity 9180K, committed 9216K, reserved 1048576K
2022-09-12T02:03:47.328+0800: 202.105: [GC (Allocation Failure)  145826K->43619K(249344K), 0.0043591 secs]
Heap after GC invocations=305 (full 0):
 par new generation   total 115200K, used 1518K [0x00000000f0000000, 0x00000000f7d00000, 0x00000000f7d00000)
  eden space 102400K,   0% used [0x00000000f0000000, 0x00000000f0000000, 0x00000000f6400000)
  from space 12800K,  11% used [0x00000000f7080000, 0x00000000f71fb9d0, 0x00000000f7d00000)
  to   space 12800K,   0% used [0x00000000f6400000, 0x00000000f6400000, 0x00000000f7080000)
 concurrent mark-sweep generation total 134144K, used 42100K [0x00000000f7d00000, 0x0000000100000000, 0x0000000100000000)
 Metaspace       used 65043K, capacity 69734K, committed 69888K, reserved 1110016K
  class space    used 8388K, capacity 9180K, committed 9216K, reserved 1048576K
}
{Heap before GC invocations=305 (full 0):
 par new generation   total 115200K, used 103918K [0x00000000f0000000, 0x00000000f7d00000, 0x00000000f7d00000)
  eden space 102400K, 100% used [0x00000000f0000000, 0x00000000f6400000, 0x00000000f6400000)
  from space 12800K,  11% used [0x00000000f7080000, 0x00000000f71fb9d0, 0x00000000f7d00000)
  to   space 12800K,   0% used [0x00000000f6400000, 0x00000000f6400000, 0x00000000f7080000)
 concurrent mark-sweep generation total 134144K, used 42100K [0x00000000f7d00000, 0x0000000100000000, 0x0000000100000000)
 Metaspace       used 65043K, capacity 69734K, committed 69888K, reserved 1110016K
  class space    used 8388K, capacity 9180K, committed 9216K, reserved 1048576K
2022-09-12T02:03:47.676+0800: 202.454: [GC (Allocation Failure)  146019K->43544K(249344K), 0.0043322 secs]
Heap after GC invocations=306 (full 0):
 par new generation   total 115200K, used 1425K [0x00000000f0000000, 0x00000000f7d00000, 0x00000000f7d00000)
  eden space 102400K,   0% used [0x00000000f0000000, 0x00000000f0000000, 0x00000000f6400000)
  from space 12800K,  11% used [0x00000000f6400000, 0x00000000f6564430, 0x00000000f7080000)
  to   space 12800K,   0% used [0x00000000f7080000, 0x00000000f7080000, 0x00000000f7d00000)
 concurrent mark-sweep generation total 134144K, used 42119K [0x00000000f7d00000, 0x0000000100000000, 0x0000000100000000)
 Metaspace       used 65043K, capacity 69734K, committed 69888K, reserved 1110016K
  class space    used 8388K, capacity 9180K, committed 9216K, reserved 1048576K
}
{Heap before GC invocations=306 (full 0):
 par new generation   total 115200K, used 103825K [0x00000000f0000000, 0x00000000f7d00000, 0x00000000f7d00000)
  eden space 102400K, 100% used [0x00000000f0000000, 0x00000000f6400000, 0x00000000f6400000)
  from space 12800K,  11% used [0x00000000f6400000, 0x00000000f6564430, 0x00000000f7080000)
  to   space 12800K,   0% used [0x00000000f7080000, 0x00000000f7080000, 0x00000000f7d00000)
 concurrent mark-sweep generation total 134144K, used 42119K [0x00000000f7d00000, 0x0000000100000000, 0x0000000100000000)
 Metaspace       used 65043K, capacity 69734K, committed 69888K, reserved 1110016K
  class space    used 8388K, capacity 9180K, committed 9216K, reserved 1048576K
2022-09-12T02:03:48.038+0800: 202.816: [GC (Allocation Failure)  145944K->43830K(249344K), 0.0040841 secs]
Heap after GC invocations=307 (full 0):
 par new generation   total 115200K, used 1698K [0x00000000f0000000, 0x00000000f7d00000, 0x00000000f7d00000)
  eden space 102400K,   0% used [0x00000000f0000000, 0x00000000f0000000, 0x00000000f6400000)
  from space 12800K,  13% used [0x00000000f7080000, 0x00000000f7228be8, 0x00000000f7d00000)
  to   space 12800K,   0% used [0x00000000f6400000, 0x00000000f6400000, 0x00000000f7080000)
 concurrent mark-sweep generation total 134144K, used 42131K [0x00000000f7d00000, 0x0000000100000000, 0x0000000100000000)
 Metaspace       used 65043K, capacity 69734K, committed 69888K, reserved 1110016K
  class space    used 8388K, capacity 9180K, committed 9216K, reserved 1048576K
}
{Heap before GC invocations=307 (full 0):
 par new generation   total 115200K, used 104098K [0x00000000f0000000, 0x00000000f7d00000, 0x00000000f7d00000)
  eden space 102400K, 100% used [0x00000000f0000000, 0x00000000f6400000, 0x00000000f6400000)
  from space 12800K,  13% used [0x00000000f7080000, 0x00000000f7228be8, 0x00000000f7d00000)
  to   space 12800K,   0% used [0x00000000f6400000, 0x00000000f6400000, 0x00000000f7080000)
 concurrent mark-sweep generation total 134144K, used 42131K [0x00000000f7d00000, 0x0000000100000000, 0x0000000100000000)
 Metaspace       used 65043K, capacity 69734K, committed 69888K, reserved 1110016K
  class space    used 8388K, capacity 9180K, committed 9216K, reserved 1048576K
2022-09-12T02:03:48.390+0800: 203.167: [GC (Allocation Failure)  146230K->43373K(249344K), 0.0043347 secs]
Heap after GC invocations=308 (full 0):
 par new generation   total 115200K, used 1216K [0x00000000f0000000, 0x00000000f7d00000, 0x00000000f7d00000)
  eden space 102400K,   0% used [0x00000000f0000000, 0x00000000f0000000, 0x00000000f6400000)
  from space 12800K,   9% used [0x00000000f6400000, 0x00000000f6530280, 0x00000000f7080000)
  to   space 12800K,   0% used [0x00000000f7080000, 0x00000000f7080000, 0x00000000f7d00000)
 concurrent mark-sweep generation total 134144K, used 42156K [0x00000000f7d00000, 0x0000000100000000, 0x0000000100000000)
 Metaspace       used 65043K, capacity 69734K, committed 69888K, reserved 1110016K
  class space    used 8388K, capacity 9180K, committed 9216K, reserved 1048576K
}
{Heap before GC invocations=308 (full 0):
 par new generation   total 115200K, used 103616K [0x00000000f0000000, 0x00000000f7d00000, 0x00000000f7d00000)
  eden space 102400K, 100% used [0x00000000f0000000, 0x00000000f6400000, 0x00000000f6400000)
  from space 12800K,   9% used [0x00000000f6400000, 0x00000000f6530280, 0x00000000f7080000)
  to   space 12800K,   0% used [0x00000000f7080000, 0x00000000f7080000, 0x00000000f7d00000)
 concurrent mark-sweep generation total 134144K, used 42156K [0x00000000f7d00000, 0x0000000100000000, 0x0000000100000000)
 Metaspace       used 65048K, capacity 69734K, committed 69888K, reserved 1110016K
  class space    used 8388K, capacity 9180K, committed 9216K, reserved 1048576K
2022-09-12T02:03:48.738+0800: 203.516: [GC (Allocation Failure)  145773K->43695K(249344K), 0.0049749 secs]
Heap after GC invocations=309 (full 0):
 par new generation   total 115200K, used 1526K [0x00000000f0000000, 0x00000000f7d00000, 0x00000000f7d00000)
  eden space 102400K,   0% used [0x00000000f0000000, 0x00000000f0000000, 0x00000000f6400000)
  from space 12800K,  11% used [0x00000000f7080000, 0x00000000f71fd950, 0x00000000f7d00000)
  to   space 12800K,   0% used [0x00000000f6400000, 0x00000000f6400000, 0x00000000f7080000)
 concurrent mark-sweep generation total 134144K, used 42169K [0x00000000f7d00000, 0x0000000100000000, 0x0000000100000000)
 Metaspace       used 65048K, capacity 69734K, committed 69888K, reserved 1110016K
  class space    used 8388K, capacity 9180K, committed 9216K, reserved 1048576K
}
{Heap before GC invocations=309 (full 0):
 par new generation   total 115200K, used 103926K [0x00000000f0000000, 0x00000000f7d00000, 0x00000000f7d00000)
  eden space 102400K, 100% used [0x00000000f0000000, 0x00000000f6400000, 0x00000000f6400000)
  from space 12800K,  11% used [0x00000000f7080000, 0x00000000f71fd950, 0x00000000f7d00000)
  to   space 12800K,   0% used [0x00000000f6400000, 0x00000000f6400000, 0x00000000f7080000)
 concurrent mark-sweep generation total 134144K, used 42169K [0x00000000f7d00000, 0x0000000100000000, 0x0000000100000000)
 Metaspace       used 65048K, capacity 69734K, committed 69888K, reserved 1110016K
  class space    used 8388K, capacity 9180K, committed 9216K, reserved 1048576K
2022-09-12T02:03:49.088+0800: 203.865: [GC (Allocation Failure)  146095K->43822K(249344K), 0.0040994 secs]
Heap after GC invocations=310 (full 0):
 par new generation   total 115200K, used 1643K [0x00000000f0000000, 0x00000000f7d00000, 0x00000000f7d00000)
  eden space 102400K,   0% used [0x00000000f0000000, 0x00000000f0000000, 0x00000000f6400000)
  from space 12800K,  12% used [0x00000000f6400000, 0x00000000f659ad38, 0x00000000f7080000)
  to   space 12800K,   0% used [0x00000000f7080000, 0x00000000f7080000, 0x00000000f7d00000)
 concurrent mark-sweep generation total 134144K, used 42179K [0x00000000f7d00000, 0x0000000100000000, 0x0000000100000000)
 Metaspace       used 65048K, capacity 69734K, committed 69888K, reserved 1110016K
  class space    used 8388K, capacity 9180K, committed 9216K, reserved 1048576K
}
{Heap before GC invocations=310 (full 0):
 par new generation   total 115200K, used 104043K [0x00000000f0000000, 0x00000000f7d00000, 0x00000000f7d00000)
  eden space 102400K, 100% used [0x00000000f0000000, 0x00000000f6400000, 0x00000000f6400000)
  from space 12800K,  12% used [0x00000000f6400000, 0x00000000f659ad38, 0x00000000f7080000)
  to   space 12800K,   0% used [0x00000000f7080000, 0x00000000f7080000, 0x00000000f7d00000)
 concurrent mark-sweep generation total 134144K, used 42179K [0x00000000f7d00000, 0x0000000100000000, 0x0000000100000000)
 Metaspace       used 65048K, capacity 69734K, committed 69888K, reserved 1110016K
  class space    used 8388K, capacity 9180K, committed 9216K, reserved 1048576K
2022-09-12T02:03:49.436+0800: 204.214: [GC (Allocation Failure)  146222K->43545K(249344K), 0.0041003 secs]
Heap after GC invocations=311 (full 0):
 par new generation   total 115200K, used 1342K [0x00000000f0000000, 0x00000000f7d00000, 0x00000000f7d00000)
  eden space 102400K,   0% used [0x00000000f0000000, 0x00000000f0000000, 0x00000000f6400000)
  from space 12800K,  10% used [0x00000000f7080000, 0x00000000f71cfb98, 0x00000000f7d00000)
  to   space 12800K,   0% used [0x00000000f6400000, 0x00000000f6400000, 0x00000000f7080000)
 concurrent mark-sweep generation total 134144K, used 42202K [0x00000000f7d00000, 0x0000000100000000, 0x0000000100000000)
 Metaspace       used 65048K, capacity 69734K, committed 69888K, reserved 1110016K
  class space    used 8388K, capacity 9180K, committed 9216K, reserved 1048576K
}
{Heap before GC invocations=311 (full 0):
 par new generation   total 115200K, used 103742K [0x00000000f0000000, 0x00000000f7d00000, 0x00000000f7d00000)
  eden space 102400K, 100% used [0x00000000f0000000, 0x00000000f6400000, 0x00000000f6400000)
  from space 12800K,  10% used [0x00000000f7080000, 0x00000000f71cfb98, 0x00000000f7d00000)
  to   space 12800K,   0% used [0x00000000f6400000, 0x00000000f6400000, 0x00000000f7080000)
 concurrent mark-sweep generation total 134144K, used 42202K [0x00000000f7d00000, 0x0000000100000000, 0x0000000100000000)
 Metaspace       used 65048K, capacity 69734K, committed 69888K, reserved 1110016K
  class space    used 8388K, capacity 9180K, committed 9216K, reserved 1048576K
2022-09-12T02:03:49.785+0800: 204.562: [GC (Allocation Failure)  145945K->43723K(249344K), 0.0040464 secs]
Heap after GC invocations=312 (full 0):
 par new generation   total 115200K, used 1514K [0x00000000f0000000, 0x00000000f7d00000, 0x00000000f7d00000)
  eden space 102400K,   0% used [0x00000000f0000000, 0x00000000f0000000, 0x00000000f6400000)
  from space 12800K,  11% used [0x00000000f6400000, 0x00000000f657aa48, 0x00000000f7080000)
  to   space 12800K,   0% used [0x00000000f7080000, 0x00000000f7080000, 0x00000000f7d00000)
 concurrent mark-sweep generation total 134144K, used 42209K [0x00000000f7d00000, 0x0000000100000000, 0x0000000100000000)
 Metaspace       used 65048K, capacity 69734K, committed 69888K, reserved 1110016K
  class space    used 8388K, capacity 9180K, committed 9216K, reserved 1048576K
}
{Heap before GC invocations=312 (full 0):
 par new generation   total 115200K, used 103914K [0x00000000f0000000, 0x00000000f7d00000, 0x00000000f7d00000)
  eden space 102400K, 100% used [0x00000000f0000000, 0x00000000f6400000, 0x00000000f6400000)
  from space 12800K,  11% used [0x00000000f6400000, 0x00000000f657aa48, 0x00000000f7080000)
  to   space 12800K,   0% used [0x00000000f7080000, 0x00000000f7080000, 0x00000000f7d00000)
 concurrent mark-sweep generation total 134144K, used 42209K [0x00000000f7d00000, 0x0000000100000000, 0x0000000100000000)
 Metaspace       used 65048K, capacity 69734K, committed 69888K, reserved 1110016K
  class space    used 8388K, capacity 9180K, committed 9216K, reserved 1048576K
2022-09-12T02:03:50.134+0800: 204.911: [GC (Allocation Failure)  146123K->43902K(249344K), 0.0042698 secs]
Heap after GC invocations=313 (full 0):
 par new generation   total 115200K, used 1671K [0x00000000f0000000, 0x00000000f7d00000, 0x00000000f7d00000)
  eden space 102400K,   0% used [0x00000000f0000000, 0x00000000f0000000, 0x00000000f6400000)
  from space 12800K,  13% used [0x00000000f7080000, 0x00000000f7221fa0, 0x00000000f7d00000)
  to   space 12800K,   0% used [0x00000000f6400000, 0x00000000f6400000, 0x00000000f7080000)
 concurrent mark-sweep generation total 134144K, used 42230K [0x00000000f7d00000, 0x0000000100000000, 0x0000000100000000)
 Metaspace       used 65048K, capacity 69734K, committed 69888K, reserved 1110016K
  class space    used 8388K, capacity 9180K, committed 9216K, reserved 1048576K
}
{Heap before GC invocations=313 (full 0):
 par new generation   total 115200K, used 104071K [0x00000000f0000000, 0x00000000f7d00000, 0x00000000f7d00000)
  eden space 102400K, 100% used [0x00000000f0000000, 0x00000000f6400000, 0x00000000f6400000)
  from space 12800K,  13% used [0x00000000f7080000, 0x00000000f7221fa0, 0x00000000f7d00000)
  to   space 12800K,   0% used [0x00000000f6400000, 0x00000000f6400000, 0x00000000f7080000)
 concurrent mark-sweep generation total 134144K, used 42230K [0x00000000f7d00000, 0x0000000100000000, 0x0000000100000000)
 Metaspace       used 65048K, capacity 69734K, committed 69888K, reserved 1110016K
  class space    used 8388K, capacity 9180K, committed 9216K, reserved 1048576K
2022-09-12T02:03:50.483+0800: 205.260: [GC (Allocation Failure)  146302K->43456K(249344K), 0.0040373 secs]
Heap after GC invocations=314 (full 0):
 par new generation   total 115200K, used 1208K [0x00000000f0000000, 0x00000000f7d00000, 0x00000000f7d00000)
  eden space 102400K,   0% used [0x00000000f0000000, 0x00000000f0000000, 0x00000000f6400000)
  from space 12800K,   9% used [0x00000000f6400000, 0x00000000f652e300, 0x00000000f7080000)
  to   space 12800K,   0% used [0x00000000f7080000, 0x00000000f7080000, 0x00000000f7d00000)
 concurrent mark-sweep generation total 134144K, used 42247K [0x00000000f7d00000, 0x0000000100000000, 0x0000000100000000)
 Metaspace       used 65048K, capacity 69734K, committed 69888K, reserved 1110016K
  class space    used 8388K, capacity 9180K, committed 9216K, reserved 1048576K
}
{Heap before GC invocations=314 (full 0):
 par new generation   total 115200K, used 103608K [0x00000000f0000000, 0x00000000f7d00000, 0x00000000f7d00000)
  eden space 102400K, 100% used [0x00000000f0000000, 0x00000000f6400000, 0x00000000f6400000)
  from space 12800K,   9% used [0x00000000f6400000, 0x00000000f652e300, 0x00000000f7080000)
  to   space 12800K,   0% used [0x00000000f7080000, 0x00000000f7080000, 0x00000000f7d00000)
 concurrent mark-sweep generation total 134144K, used 42247K [0x00000000f7d00000, 0x0000000100000000, 0x0000000100000000)
 Metaspace       used 65048K, capacity 69734K, committed 69888K, reserved 1110016K
  class space    used 8388K, capacity 9180K, committed 9216K, reserved 1048576K
2022-09-12T02:03:50.830+0800: 205.607: [GC (Allocation Failure)  145856K->43787K(249344K), 0.0040322 secs]
Heap after GC invocations=315 (full 0):
 par new generation   total 115200K, used 1522K [0x00000000f0000000, 0x00000000f7d00000, 0x00000000f7d00000)
  eden space 102400K,   0% used [0x00000000f0000000, 0x00000000f0000000, 0x00000000f6400000)
  from space 12800K,  11% used [0x00000000f7080000, 0x00000000f71fca38, 0x00000000f7d00000)
  to   space 12800K,   0% used [0x00000000f6400000, 0x00000000f6400000, 0x00000000f7080000)
 concurrent mark-sweep generation total 134144K, used 42265K [0x00000000f7d00000, 0x0000000100000000, 0x0000000100000000)
 Metaspace       used 65048K, capacity 69734K, committed 69888K, reserved 1110016K
  class space    used 8388K, capacity 9180K, committed 9216K, reserved 1048576K
}
{Heap before GC invocations=315 (full 0):
 par new generation   total 115200K, used 103922K [0x00000000f0000000, 0x00000000f7d00000, 0x00000000f7d00000)
  eden space 102400K, 100% used [0x00000000f0000000, 0x00000000f6400000, 0x00000000f6400000)
  from space 12800K,  11% used [0x00000000f7080000, 0x00000000f71fca38, 0x00000000f7d00000)
  to   space 12800K,   0% used [0x00000000f6400000, 0x00000000f6400000, 0x00000000f7080000)
 concurrent mark-sweep generation total 134144K, used 42265K [0x00000000f7d00000, 0x0000000100000000, 0x0000000100000000)
 Metaspace       used 65048K, capacity 69734K, committed 69888K, reserved 1110016K
  class space    used 8388K, capacity 9180K, committed 9216K, reserved 1048576K
2022-09-12T02:03:51.179+0800: 205.956: [GC (Allocation Failure)  146187K->43911K(249344K), 0.0040777 secs]
Heap after GC invocations=316 (full 0):
 par new generation   total 115200K, used 1626K [0x00000000f0000000, 0x00000000f7d00000, 0x00000000f7d00000)
  eden space 102400K,   0% used [0x00000000f0000000, 0x00000000f0000000, 0x00000000f6400000)
  from space 12800K,  12% used [0x00000000f6400000, 0x00000000f6596850, 0x00000000f7080000)
  to   space 12800K,   0% used [0x00000000f7080000, 0x00000000f7080000, 0x00000000f7d00000)
 concurrent mark-sweep generation total 134144K, used 42285K [0x00000000f7d00000, 0x0000000100000000, 0x0000000100000000)
 Metaspace       used 65048K, capacity 69734K, committed 69888K, reserved 1110016K
  class space    used 8388K, capacity 9180K, committed 9216K, reserved 1048576K
}
{Heap before GC invocations=316 (full 0):
 par new generation   total 115200K, used 104026K [0x00000000f0000000, 0x00000000f7d00000, 0x00000000f7d00000)
  eden space 102400K, 100% used [0x00000000f0000000, 0x00000000f6400000, 0x00000000f6400000)
  from space 12800K,  12% used [0x00000000f6400000, 0x00000000f6596850, 0x00000000f7080000)
  to   space 12800K,   0% used [0x00000000f7080000, 0x00000000f7080000, 0x00000000f7d00000)
 concurrent mark-sweep generation total 134144K, used 42285K [0x00000000f7d00000, 0x0000000100000000, 0x0000000100000000)
 Metaspace       used 65048K, capacity 69734K, committed 69888K, reserved 1110016K
  class space    used 8388K, capacity 9180K, committed 9216K, reserved 1048576K
2022-09-12T02:03:51.527+0800: 206.304: [GC (Allocation Failure)  146311K->43460K(249344K), 0.0039775 secs]
Heap after GC invocations=317 (full 0):
 par new generation   total 115200K, used 1163K [0x00000000f0000000, 0x00000000f7d00000, 0x00000000f7d00000)
  eden space 102400K,   0% used [0x00000000f0000000, 0x00000000f0000000, 0x00000000f6400000)
  from space 12800K,   9% used [0x00000000f7080000, 0x00000000f71a2d80, 0x00000000f7d00000)
  to   space 12800K,   0% used [0x00000000f6400000, 0x00000000f6400000, 0x00000000f7080000)
 concurrent mark-sweep generation total 134144K, used 42297K [0x00000000f7d00000, 0x0000000100000000, 0x0000000100000000)
 Metaspace       used 65048K, capacity 69734K, committed 69888K, reserved 1110016K
  class space    used 8388K, capacity 9180K, committed 9216K, reserved 1048576K
}
{Heap before GC invocations=317 (full 0):
 par new generation   total 115200K, used 103563K [0x00000000f0000000, 0x00000000f7d00000, 0x00000000f7d00000)
  eden space 102400K, 100% used [0x00000000f0000000, 0x00000000f6400000, 0x00000000f6400000)
  from space 12800K,   9% used [0x00000000f7080000, 0x00000000f71a2d80, 0x00000000f7d00000)
  to   space 12800K,   0% used [0x00000000f6400000, 0x00000000f6400000, 0x00000000f7080000)
 concurrent mark-sweep generation total 134144K, used 42297K [0x00000000f7d00000, 0x0000000100000000, 0x0000000100000000)
 Metaspace       used 65048K, capacity 69734K, committed 69888K, reserved 1110016K
  class space    used 8388K, capacity 9180K, committed 9216K, reserved 1048576K
2022-09-12T02:03:51.876+0800: 206.653: [GC (Allocation Failure)  145860K->43803K(249344K), 0.0041014 secs]
Heap after GC invocations=318 (full 0):
 par new generation   total 115200K, used 1494K [0x00000000f0000000, 0x00000000f7d00000, 0x00000000f7d00000)
  eden space 102400K,   0% used [0x00000000f0000000, 0x00000000f0000000, 0x00000000f6400000)
  from space 12800K,  11% used [0x00000000f6400000, 0x00000000f6575a38, 0x00000000f7080000)
  to   space 12800K,   0% used [0x00000000f7080000, 0x00000000f7080000, 0x00000000f7d00000)
 concurrent mark-sweep generation total 134144K, used 42308K [0x00000000f7d00000, 0x0000000100000000, 0x0000000100000000)
 Metaspace       used 65048K, capacity 69734K, committed 69888K, reserved 1110016K
  class space    used 8388K, capacity 9180K, committed 9216K, reserved 1048576K
}
{Heap before GC invocations=318 (full 0):
 par new generation   total 115200K, used 103894K [0x00000000f0000000, 0x00000000f7d00000, 0x00000000f7d00000)
  eden space 102400K, 100% used [0x00000000f0000000, 0x00000000f6400000, 0x00000000f6400000)
  from space 12800K,  11% used [0x00000000f6400000, 0x00000000f6575a38, 0x00000000f7080000)
  to   space 12800K,   0% used [0x00000000f7080000, 0x00000000f7080000, 0x00000000f7d00000)
 concurrent mark-sweep generation total 134144K, used 42308K [0x00000000f7d00000, 0x0000000100000000, 0x0000000100000000)
 Metaspace       used 65048K, capacity 69734K, committed 69888K, reserved 1110016K
  class space    used 8388K, capacity 9180K, committed 9216K, reserved 1048576K
2022-09-12T02:03:52.238+0800: 207.015: [GC (Allocation Failure)  146203K->43966K(249344K), 0.0040686 secs]
Heap after GC invocations=319 (full 0):
 par new generation   total 115200K, used 1635K [0x00000000f0000000, 0x00000000f7d00000, 0x00000000f7d00000)
  eden space 102400K,   0% used [0x00000000f0000000, 0x00000000f0000000, 0x00000000f6400000)
  from space 12800K,  12% used [0x00000000f7080000, 0x00000000f7218f08, 0x00000000f7d00000)
  to   space 12800K,   0% used [0x00000000f6400000, 0x00000000f6400000, 0x00000000f7080000)
 concurrent mark-sweep generation total 134144K, used 42330K [0x00000000f7d00000, 0x0000000100000000, 0x0000000100000000)
 Metaspace       used 65048K, capacity 69734K, committed 69888K, reserved 1110016K
  class space    used 8388K, capacity 9180K, committed 9216K, reserved 1048576K
}
{Heap before GC invocations=319 (full 0):
 par new generation   total 115200K, used 104035K [0x00000000f0000000, 0x00000000f7d00000, 0x00000000f7d00000)
  eden space 102400K, 100% used [0x00000000f0000000, 0x00000000f6400000, 0x00000000f6400000)
  from space 12800K,  12% used [0x00000000f7080000, 0x00000000f7218f08, 0x00000000f7d00000)
  to   space 12800K,   0% used [0x00000000f6400000, 0x00000000f6400000, 0x00000000f7080000)
 concurrent mark-sweep generation total 134144K, used 42330K [0x00000000f7d00000, 0x0000000100000000, 0x0000000100000000)
 Metaspace       used 65048K, capacity 69734K, committed 69888K, reserved 1110016K
  class space    used 8388K, capacity 9180K, committed 9216K, reserved 1048576K
2022-09-12T02:03:52.589+0800: 207.366: [GC (Allocation Failure)  146366K->43527K(249344K), 0.0040432 secs]
Heap after GC invocations=320 (full 0):
 par new generation   total 115200K, used 1188K [0x00000000f0000000, 0x00000000f7d00000, 0x00000000f7d00000)
  eden space 102400K,   0% used [0x00000000f0000000, 0x00000000f0000000, 0x00000000f6400000)
  from space 12800K,   9% used [0x00000000f6400000, 0x00000000f6529100, 0x00000000f7080000)
  to   space 12800K,   0% used [0x00000000f7080000, 0x00000000f7080000, 0x00000000f7d00000)
 concurrent mark-sweep generation total 134144K, used 42339K [0x00000000f7d00000, 0x0000000100000000, 0x0000000100000000)
 Metaspace       used 65048K, capacity 69734K, committed 69888K, reserved 1110016K
  class space    used 8388K, capacity 9180K, committed 9216K, reserved 1048576K
}
{Heap before GC invocations=320 (full 0):
 par new generation   total 115200K, used 103588K [0x00000000f0000000, 0x00000000f7d00000, 0x00000000f7d00000)
  eden space 102400K, 100% used [0x00000000f0000000, 0x00000000f6400000, 0x00000000f6400000)
  from space 12800K,   9% used [0x00000000f6400000, 0x00000000f6529100, 0x00000000f7080000)
  to   space 12800K,   0% used [0x00000000f7080000, 0x00000000f7080000, 0x00000000f7d00000)
 concurrent mark-sweep generation total 134144K, used 42339K [0x00000000f7d00000, 0x0000000100000000, 0x0000000100000000)
 Metaspace       used 65048K, capacity 69734K, committed 69888K, reserved 1110016K
  class space    used 8388K, capacity 9180K, committed 9216K, reserved 1048576K
2022-09-12T02:03:52.937+0800: 207.714: [GC (Allocation Failure)  145927K->43853K(249344K), 0.0040625 secs]
Heap after GC invocations=321 (full 0):
 par new generation   total 115200K, used 1495K [0x00000000f0000000, 0x00000000f7d00000, 0x00000000f7d00000)
  eden space 102400K,   0% used [0x00000000f0000000, 0x00000000f0000000, 0x00000000f6400000)
  from space 12800K,  11% used [0x00000000f7080000, 0x00000000f71f5fe8, 0x00000000f7d00000)
  to   space 12800K,   0% used [0x00000000f6400000, 0x00000000f6400000, 0x00000000f7080000)
 concurrent mark-sweep generation total 134144K, used 42357K [0x00000000f7d00000, 0x0000000100000000, 0x0000000100000000)
 Metaspace       used 65048K, capacity 69734K, committed 69888K, reserved 1110016K
  class space    used 8388K, capacity 9180K, committed 9216K, reserved 1048576K
}
{Heap before GC invocations=321 (full 0):
 par new generation   total 115200K, used 103895K [0x00000000f0000000, 0x00000000f7d00000, 0x00000000f7d00000)
  eden space 102400K, 100% used [0x00000000f0000000, 0x00000000f6400000, 0x00000000f6400000)
  from space 12800K,  11% used [0x00000000f7080000, 0x00000000f71f5fe8, 0x00000000f7d00000)
  to   space 12800K,   0% used [0x00000000f6400000, 0x00000000f6400000, 0x00000000f7080000)
 concurrent mark-sweep generation total 134144K, used 42357K [0x00000000f7d00000, 0x0000000100000000, 0x0000000100000000)
 Metaspace       used 65048K, capacity 69734K, committed 69888K, reserved 1110016K
  class space    used 8388K, capacity 9180K, committed 9216K, reserved 1048576K
2022-09-12T02:03:53.287+0800: 208.064: [GC (Allocation Failure)  146253K->44014K(249344K), 0.0040694 secs]
Heap after GC invocations=322 (full 0):
 par new generation   total 115200K, used 1641K [0x00000000f0000000, 0x00000000f7d00000, 0x00000000f7d00000)
  eden space 102400K,   0% used [0x00000000f0000000, 0x00000000f0000000, 0x00000000f6400000)
  from space 12800K,  12% used [0x00000000f6400000, 0x00000000f659a4b0, 0x00000000f7080000)
  to   space 12800K,   0% used [0x00000000f7080000, 0x00000000f7080000, 0x00000000f7d00000)
 concurrent mark-sweep generation total 134144K, used 42373K [0x00000000f7d00000, 0x0000000100000000, 0x0000000100000000)
 Metaspace       used 65048K, capacity 69734K, committed 69888K, reserved 1110016K
  class space    used 8388K, capacity 9180K, committed 9216K, reserved 1048576K
}
{Heap before GC invocations=322 (full 0):
 par new generation   total 115200K, used 104041K [0x00000000f0000000, 0x00000000f7d00000, 0x00000000f7d00000)
  eden space 102400K, 100% used [0x00000000f0000000, 0x00000000f6400000, 0x00000000f6400000)
  from space 12800K,  12% used [0x00000000f6400000, 0x00000000f659a4b0, 0x00000000f7080000)
  to   space 12800K,   0% used [0x00000000f7080000, 0x00000000f7080000, 0x00000000f7d00000)
 concurrent mark-sweep generation total 134144K, used 42373K [0x00000000f7d00000, 0x0000000100000000, 0x0000000100000000)
 Metaspace       used 65048K, capacity 69734K, committed 69888K, reserved 1110016K
  class space    used 8388K, capacity 9180K, committed 9216K, reserved 1048576K
2022-09-12T02:03:53.635+0800: 208.412: [GC (Allocation Failure)  146414K->43720K(249344K), 0.0042683 secs]
Heap after GC invocations=323 (full 0):
 par new generation   total 115200K, used 1330K [0x00000000f0000000, 0x00000000f7d00000, 0x00000000f7d00000)
  eden space 102400K,   0% used [0x00000000f0000000, 0x00000000f0000000, 0x00000000f6400000)
  from space 12800K,  10% used [0x00000000f7080000, 0x00000000f71cca18, 0x00000000f7d00000)
  to   space 12800K,   0% used [0x00000000f6400000, 0x00000000f6400000, 0x00000000f7080000)
 concurrent mark-sweep generation total 134144K, used 42390K [0x00000000f7d00000, 0x0000000100000000, 0x0000000100000000)
 Metaspace       used 65048K, capacity 69734K, committed 69888K, reserved 1110016K
  class space    used 8388K, capacity 9180K, committed 9216K, reserved 1048576K
}
{Heap before GC invocations=323 (full 0):
 par new generation   total 115200K, used 103730K [0x00000000f0000000, 0x00000000f7d00000, 0x00000000f7d00000)
  eden space 102400K, 100% used [0x00000000f0000000, 0x00000000f6400000, 0x00000000f6400000)
  from space 12800K,  10% used [0x00000000f7080000, 0x00000000f71cca18, 0x00000000f7d00000)
  to   space 12800K,   0% used [0x00000000f6400000, 0x00000000f6400000, 0x00000000f7080000)
 concurrent mark-sweep generation total 134144K, used 42390K [0x00000000f7d00000, 0x0000000100000000, 0x0000000100000000)
 Metaspace       used 65048K, capacity 69734K, committed 69888K, reserved 1110016K
  class space    used 8388K, capacity 9180K, committed 9216K, reserved 1048576K
2022-09-12T02:03:53.986+0800: 208.763: [GC (Allocation Failure)  146120K->43943K(249344K), 0.0040417 secs]
Heap after GC invocations=324 (full 0):
 par new generation   total 115200K, used 1527K [0x00000000f0000000, 0x00000000f7d00000, 0x00000000f7d00000)
  eden space 102400K,   0% used [0x00000000f0000000, 0x00000000f0000000, 0x00000000f6400000)
  from space 12800K,  11% used [0x00000000f6400000, 0x00000000f657dcd0, 0x00000000f7080000)
  to   space 12800K,   0% used [0x00000000f7080000, 0x00000000f7080000, 0x00000000f7d00000)
 concurrent mark-sweep generation total 134144K, used 42415K [0x00000000f7d00000, 0x0000000100000000, 0x0000000100000000)
 Metaspace       used 65048K, capacity 69734K, committed 69888K, reserved 1110016K
  class space    used 8388K, capacity 9180K, committed 9216K, reserved 1048576K
}
{Heap before GC invocations=324 (full 0):
 par new generation   total 115200K, used 103927K [0x00000000f0000000, 0x00000000f7d00000, 0x00000000f7d00000)
  eden space 102400K, 100% used [0x00000000f0000000, 0x00000000f6400000, 0x00000000f6400000)
  from space 12800K,  11% used [0x00000000f6400000, 0x00000000f657dcd0, 0x00000000f7080000)
  to   space 12800K,   0% used [0x00000000f7080000, 0x00000000f7080000, 0x00000000f7d00000)
 concurrent mark-sweep generation total 134144K, used 42415K [0x00000000f7d00000, 0x0000000100000000, 0x0000000100000000)
 Metaspace       used 65048K, capacity 69734K, committed 69888K, reserved 1110016K
  class space    used 8388K, capacity 9180K, committed 9216K, reserved 1048576K
2022-09-12T02:03:54.336+0800: 209.113: [GC (Allocation Failure)  146343K->44073K(249344K), 0.0041843 secs]
Heap after GC invocations=325 (full 0):
 par new generation   total 115200K, used 1647K [0x00000000f0000000, 0x00000000f7d00000, 0x00000000f7d00000)
  eden space 102400K,   0% used [0x00000000f0000000, 0x00000000f0000000, 0x00000000f6400000)
  from space 12800K,  12% used [0x00000000f7080000, 0x00000000f721bda0, 0x00000000f7d00000)
  to   space 12800K,   0% used [0x00000000f6400000, 0x00000000f6400000, 0x00000000f7080000)
 concurrent mark-sweep generation total 134144K, used 42426K [0x00000000f7d00000, 0x0000000100000000, 0x0000000100000000)
 Metaspace       used 65048K, capacity 69734K, committed 69888K, reserved 1110016K
  class space    used 8388K, capacity 9180K, committed 9216K, reserved 1048576K
}
{Heap before GC invocations=325 (full 0):
 par new generation   total 115200K, used 104047K [0x00000000f0000000, 0x00000000f7d00000, 0x00000000f7d00000)
  eden space 102400K, 100% used [0x00000000f0000000, 0x00000000f6400000, 0x00000000f6400000)
  from space 12800K,  12% used [0x00000000f7080000, 0x00000000f721bda0, 0x00000000f7d00000)
  to   space 12800K,   0% used [0x00000000f6400000, 0x00000000f6400000, 0x00000000f7080000)
 concurrent mark-sweep generation total 134144K, used 42426K [0x00000000f7d00000, 0x0000000100000000, 0x0000000100000000)
 Metaspace       used 65048K, capacity 69734K, committed 69888K, reserved 1110016K
  class space    used 8388K, capacity 9180K, committed 9216K, reserved 1048576K
2022-09-12T02:03:54.685+0800: 209.462: [GC (Allocation Failure)  146473K->43800K(249344K), 0.0042669 secs]
Heap after GC invocations=326 (full 0):
 par new generation   total 115200K, used 1357K [0x00000000f0000000, 0x00000000f7d00000, 0x00000000f7d00000)
  eden space 102400K,   0% used [0x00000000f0000000, 0x00000000f0000000, 0x00000000f6400000)
  from space 12800K,  10% used [0x00000000f6400000, 0x00000000f65536a8, 0x00000000f7080000)
  to   space 12800K,   0% used [0x00000000f7080000, 0x00000000f7080000, 0x00000000f7d00000)
 concurrent mark-sweep generation total 134144K, used 42442K [0x00000000f7d00000, 0x0000000100000000, 0x0000000100000000)
 Metaspace       used 65048K, capacity 69734K, committed 69888K, reserved 1110016K
  class space    used 8388K, capacity 9180K, committed 9216K, reserved 1048576K
}
{Heap before GC invocations=326 (full 0):
 par new generation   total 115200K, used 103757K [0x00000000f0000000, 0x00000000f7d00000, 0x00000000f7d00000)
  eden space 102400K, 100% used [0x00000000f0000000, 0x00000000f6400000, 0x00000000f6400000)
  from space 12800K,  10% used [0x00000000f6400000, 0x00000000f65536a8, 0x00000000f7080000)
  to   space 12800K,   0% used [0x00000000f7080000, 0x00000000f7080000, 0x00000000f7d00000)
 concurrent mark-sweep generation total 134144K, used 42442K [0x00000000f7d00000, 0x0000000100000000, 0x0000000100000000)
 Metaspace       used 65048K, capacity 69734K, committed 69888K, reserved 1110016K
  class space    used 8388K, capacity 9180K, committed 9216K, reserved 1048576K
2022-09-12T02:03:55.032+0800: 209.809: [GC (Allocation Failure)  146200K->44007K(249344K), 0.0040867 secs]
Heap after GC invocations=327 (full 0):
 par new generation   total 115200K, used 1551K [0x00000000f0000000, 0x00000000f7d00000, 0x00000000f7d00000)
  eden space 102400K,   0% used [0x00000000f0000000, 0x00000000f0000000, 0x00000000f6400000)
  from space 12800K,  12% used [0x00000000f7080000, 0x00000000f7203f08, 0x00000000f7d00000)
  to   space 12800K,   0% used [0x00000000f6400000, 0x00000000f6400000, 0x00000000f7080000)
 concurrent mark-sweep generation total 134144K, used 42455K [0x00000000f7d00000, 0x0000000100000000, 0x0000000100000000)
 Metaspace       used 65048K, capacity 69734K, committed 69888K, reserved 1110016K
  class space    used 8388K, capacity 9180K, committed 9216K, reserved 1048576K
}
{Heap before GC invocations=327 (full 0):
 par new generation   total 115200K, used 103951K [0x00000000f0000000, 0x00000000f7d00000, 0x00000000f7d00000)
  eden space 102400K, 100% used [0x00000000f0000000, 0x00000000f6400000, 0x00000000f6400000)
  from space 12800K,  12% used [0x00000000f7080000, 0x00000000f7203f08, 0x00000000f7d00000)
  to   space 12800K,   0% used [0x00000000f6400000, 0x00000000f6400000, 0x00000000f7080000)
 concurrent mark-sweep generation total 134144K, used 42455K [0x00000000f7d00000, 0x0000000100000000, 0x0000000100000000)
 Metaspace       used 65048K, capacity 69734K, committed 69888K, reserved 1110016K
  class space    used 8388K, capacity 9180K, committed 9216K, reserved 1048576K
2022-09-12T02:03:55.381+0800: 210.158: [GC (Allocation Failure)  146407K->44104K(249344K), 0.0040010 secs]
Heap after GC invocations=328 (full 0):
 par new generation   total 115200K, used 1639K [0x00000000f0000000, 0x00000000f7d00000, 0x00000000f7d00000)
  eden space 102400K,   0% used [0x00000000f0000000, 0x00000000f0000000, 0x00000000f6400000)
  from space 12800K,  12% used [0x00000000f6400000, 0x00000000f6599c28, 0x00000000f7080000)
  to   space 12800K,   0% used [0x00000000f7080000, 0x00000000f7080000, 0x00000000f7d00000)
 concurrent mark-sweep generation total 134144K, used 42465K [0x00000000f7d00000, 0x0000000100000000, 0x0000000100000000)
 Metaspace       used 65048K, capacity 69734K, committed 69888K, reserved 1110016K
  class space    used 8388K, capacity 9180K, committed 9216K, reserved 1048576K
}
{Heap before GC invocations=328 (full 0):
 par new generation   total 115200K, used 104039K [0x00000000f0000000, 0x00000000f7d00000, 0x00000000f7d00000)
  eden space 102400K, 100% used [0x00000000f0000000, 0x00000000f6400000, 0x00000000f6400000)
  from space 12800K,  12% used [0x00000000f6400000, 0x00000000f6599c28, 0x00000000f7080000)
  to   space 12800K,   0% used [0x00000000f7080000, 0x00000000f7080000, 0x00000000f7d00000)
 concurrent mark-sweep generation total 134144K, used 42465K [0x00000000f7d00000, 0x0000000100000000, 0x0000000100000000)
 Metaspace       used 65048K, capacity 69734K, committed 69888K, reserved 1110016K
  class space    used 8388K, capacity 9180K, committed 9216K, reserved 1048576K
2022-09-12T02:03:55.729+0800: 210.506: [GC (Allocation Failure)  146504K->43818K(249344K), 0.0041140 secs]
Heap after GC invocations=329 (full 0):
 par new generation   total 115200K, used 1326K [0x00000000f0000000, 0x00000000f7d00000, 0x00000000f7d00000)
  eden space 102400K,   0% used [0x00000000f0000000, 0x00000000f0000000, 0x00000000f6400000)
  from space 12800K,  10% used [0x00000000f7080000, 0x00000000f71cbbc0, 0x00000000f7d00000)
  to   space 12800K,   0% used [0x00000000f6400000, 0x00000000f6400000, 0x00000000f7080000)
 concurrent mark-sweep generation total 134144K, used 42491K [0x00000000f7d00000, 0x0000000100000000, 0x0000000100000000)
 Metaspace       used 65048K, capacity 69734K, committed 69888K, reserved 1110016K
  class space    used 8388K, capacity 9180K, committed 9216K, reserved 1048576K
}
{Heap before GC invocations=329 (full 0):
 par new generation   total 115200K, used 103726K [0x00000000f0000000, 0x00000000f7d00000, 0x00000000f7d00000)
  eden space 102400K, 100% used [0x00000000f0000000, 0x00000000f6400000, 0x00000000f6400000)
  from space 12800K,  10% used [0x00000000f7080000, 0x00000000f71cbbc0, 0x00000000f7d00000)
  to   space 12800K,   0% used [0x00000000f6400000, 0x00000000f6400000, 0x00000000f7080000)
 concurrent mark-sweep generation total 134144K, used 42491K [0x00000000f7d00000, 0x0000000100000000, 0x0000000100000000)
 Metaspace       used 65048K, capacity 69734K, committed 69888K, reserved 1110016K
  class space    used 8388K, capacity 9180K, committed 9216K, reserved 1048576K
2022-09-12T02:03:56.078+0800: 210.855: [GC (Allocation Failure)  146218K->44031K(249344K), 0.0041911 secs]
Heap after GC invocations=330 (full 0):
 par new generation   total 115200K, used 1530K [0x00000000f0000000, 0x00000000f7d00000, 0x00000000f7d00000)
  eden space 102400K,   0% used [0x00000000f0000000, 0x00000000f0000000, 0x00000000f6400000)
  from space 12800K,  11% used [0x00000000f6400000, 0x00000000f657e910, 0x00000000f7080000)
  to   space 12800K,   0% used [0x00000000f7080000, 0x00000000f7080000, 0x00000000f7d00000)
 concurrent mark-sweep generation total 134144K, used 42501K [0x00000000f7d00000, 0x0000000100000000, 0x0000000100000000)
 Metaspace       used 65048K, capacity 69734K, committed 69888K, reserved 1110016K
  class space    used 8388K, capacity 9180K, committed 9216K, reserved 1048576K
}
{Heap before GC invocations=330 (full 0):
 par new generation   total 115200K, used 103922K [0x00000000f0000000, 0x00000000f7d00000, 0x00000000f7d00000)
  eden space 102400K,  99% used [0x00000000f0000000, 0x00000000f63fdf10, 0x00000000f6400000)
  from space 12800K,  11% used [0x00000000f6400000, 0x00000000f657e910, 0x00000000f7080000)
  to   space 12800K,   0% used [0x00000000f7080000, 0x00000000f7080000, 0x00000000f7d00000)
 concurrent mark-sweep generation total 134144K, used 42501K [0x00000000f7d00000, 0x0000000100000000, 0x0000000100000000)
 Metaspace       used 65048K, capacity 69734K, committed 69888K, reserved 1110016K
  class space    used 8388K, capacity 9180K, committed 9216K, reserved 1048576K
2022-09-12T02:03:56.429+0800: 211.206: [GC (Allocation Failure)  146423K->44166K(249344K), 0.0040766 secs]
Heap after GC invocations=331 (full 0):
 par new generation   total 115200K, used 1644K [0x00000000f0000000, 0x00000000f7d00000, 0x00000000f7d00000)
  eden space 102400K,   0% used [0x00000000f0000000, 0x00000000f0000000, 0x00000000f6400000)
  from space 12800K,  12% used [0x00000000f7080000, 0x00000000f721b240, 0x00000000f7d00000)
  to   space 12800K,   0% used [0x00000000f6400000, 0x00000000f6400000, 0x00000000f7080000)
 concurrent mark-sweep generation total 134144K, used 42521K [0x00000000f7d00000, 0x0000000100000000, 0x0000000100000000)
 Metaspace       used 65048K, capacity 69734K, committed 69888K, reserved 1110016K
  class space    used 8388K, capacity 9180K, committed 9216K, reserved 1048576K
}
{Heap before GC invocations=331 (full 0):
 par new generation   total 115200K, used 104044K [0x00000000f0000000, 0x00000000f7d00000, 0x00000000f7d00000)
  eden space 102400K, 100% used [0x00000000f0000000, 0x00000000f6400000, 0x00000000f6400000)
  from space 12800K,  12% used [0x00000000f7080000, 0x00000000f721b240, 0x00000000f7d00000)
  to   space 12800K,   0% used [0x00000000f6400000, 0x00000000f6400000, 0x00000000f7080000)
 concurrent mark-sweep generation total 134144K, used 42521K [0x00000000f7d00000, 0x0000000100000000, 0x0000000100000000)
 Metaspace       used 65049K, capacity 69734K, committed 69888K, reserved 1110016K
  class space    used 8388K, capacity 9180K, committed 9216K, reserved 1048576K
2022-09-12T02:03:56.784+0800: 211.562: [GC (Allocation Failure)  146566K->43712K(249344K), 0.0041549 secs]
Heap after GC invocations=332 (full 0):
 par new generation   total 115200K, used 1168K [0x00000000f0000000, 0x00000000f7d00000, 0x00000000f7d00000)
  eden space 102400K,   0% used [0x00000000f0000000, 0x00000000f0000000, 0x00000000f6400000)
  from space 12800K,   9% used [0x00000000f6400000, 0x00000000f65240c0, 0x00000000f7080000)
  to   space 12800K,   0% used [0x00000000f7080000, 0x00000000f7080000, 0x00000000f7d00000)
 concurrent mark-sweep generation total 134144K, used 42544K [0x00000000f7d00000, 0x0000000100000000, 0x0000000100000000)
 Metaspace       used 65049K, capacity 69734K, committed 69888K, reserved 1110016K
  class space    used 8388K, capacity 9180K, committed 9216K, reserved 1048576K
}
{Heap before GC invocations=332 (full 0):
 par new generation   total 115200K, used 103568K [0x00000000f0000000, 0x00000000f7d00000, 0x00000000f7d00000)
  eden space 102400K, 100% used [0x00000000f0000000, 0x00000000f6400000, 0x00000000f6400000)
  from space 12800K,   9% used [0x00000000f6400000, 0x00000000f65240c0, 0x00000000f7080000)
  to   space 12800K,   0% used [0x00000000f7080000, 0x00000000f7080000, 0x00000000f7d00000)
 concurrent mark-sweep generation total 134144K, used 42544K [0x00000000f7d00000, 0x0000000100000000, 0x0000000100000000)
 Metaspace       used 65049K, capacity 69734K, committed 69888K, reserved 1110016K
  class space    used 8388K, capacity 9180K, committed 9216K, reserved 1048576K
2022-09-12T02:03:57.133+0800: 211.911: [GC (Allocation Failure)  146112K->44064K(249344K), 0.0040449 secs]
Heap after GC invocations=333 (full 0):
 par new generation   total 115200K, used 1509K [0x00000000f0000000, 0x00000000f7d00000, 0x00000000f7d00000)
  eden space 102400K,   0% used [0x00000000f0000000, 0x00000000f0000000, 0x00000000f6400000)
  from space 12800K,  11% used [0x00000000f7080000, 0x00000000f71f96d0, 0x00000000f7d00000)
  to   space 12800K,   0% used [0x00000000f6400000, 0x00000000f6400000, 0x00000000f7080000)
 concurrent mark-sweep generation total 134144K, used 42554K [0x00000000f7d00000, 0x0000000100000000, 0x0000000100000000)
 Metaspace       used 65049K, capacity 69734K, committed 69888K, reserved 1110016K
  class space    used 8388K, capacity 9180K, committed 9216K, reserved 1048576K
}
{Heap before GC invocations=333 (full 0):
 par new generation   total 115200K, used 103909K [0x00000000f0000000, 0x00000000f7d00000, 0x00000000f7d00000)
  eden space 102400K, 100% used [0x00000000f0000000, 0x00000000f6400000, 0x00000000f6400000)
  from space 12800K,  11% used [0x00000000f7080000, 0x00000000f71f96d0, 0x00000000f7d00000)
  to   space 12800K,   0% used [0x00000000f6400000, 0x00000000f6400000, 0x00000000f7080000)
 concurrent mark-sweep generation total 134144K, used 42554K [0x00000000f7d00000, 0x0000000100000000, 0x0000000100000000)
 Metaspace       used 65049K, capacity 69734K, committed 69888K, reserved 1110016K
  class space    used 8388K, capacity 9180K, committed 9216K, reserved 1048576K
2022-09-12T02:03:57.482+0800: 212.259: [GC (Allocation Failure)  146464K->44209K(249344K), 0.0041177 secs]
Heap after GC invocations=334 (full 0):
 par new generation   total 115200K, used 1640K [0x00000000f0000000, 0x00000000f7d00000, 0x00000000f7d00000)
  eden space 102400K,   0% used [0x00000000f0000000, 0x00000000f0000000, 0x00000000f6400000)
  from space 12800K,  12% used [0x00000000f6400000, 0x00000000f659a050, 0x00000000f7080000)
  to   space 12800K,   0% used [0x00000000f7080000, 0x00000000f7080000, 0x00000000f7d00000)
 concurrent mark-sweep generation total 134144K, used 42569K [0x00000000f7d00000, 0x0000000100000000, 0x0000000100000000)
 Metaspace       used 65049K, capacity 69734K, committed 69888K, reserved 1110016K
  class space    used 8388K, capacity 9180K, committed 9216K, reserved 1048576K
}
{Heap before GC invocations=334 (full 0):
 par new generation   total 115200K, used 104040K [0x00000000f0000000, 0x00000000f7d00000, 0x00000000f7d00000)
  eden space 102400K, 100% used [0x00000000f0000000, 0x00000000f6400000, 0x00000000f6400000)
  from space 12800K,  12% used [0x00000000f6400000, 0x00000000f659a050, 0x00000000f7080000)
  to   space 12800K,   0% used [0x00000000f7080000, 0x00000000f7080000, 0x00000000f7d00000)
 concurrent mark-sweep generation total 134144K, used 42569K [0x00000000f7d00000, 0x0000000100000000, 0x0000000100000000)
 Metaspace       used 65049K, capacity 69734K, committed 69888K, reserved 1110016K
  class space    used 8388K, capacity 9180K, committed 9216K, reserved 1048576K
2022-09-12T02:03:57.832+0800: 212.609: [GC (Allocation Failure)  146609K->44042K(249344K), 0.0042522 secs]
Heap after GC invocations=335 (full 0):
 par new generation   total 115200K, used 1462K [0x00000000f0000000, 0x00000000f7d00000, 0x00000000f7d00000)
  eden space 102400K,   0% used [0x00000000f0000000, 0x00000000f0000000, 0x00000000f6400000)
  from space 12800K,  11% used [0x00000000f7080000, 0x00000000f71ed8b0, 0x00000000f7d00000)
  to   space 12800K,   0% used [0x00000000f6400000, 0x00000000f6400000, 0x00000000f7080000)
 concurrent mark-sweep generation total 134144K, used 42580K [0x00000000f7d00000, 0x0000000100000000, 0x0000000100000000)
 Metaspace       used 65049K, capacity 69734K, committed 69888K, reserved 1110016K
  class space    used 8388K, capacity 9180K, committed 9216K, reserved 1048576K
}
{Heap before GC invocations=335 (full 0):
 par new generation   total 115200K, used 103862K [0x00000000f0000000, 0x00000000f7d00000, 0x00000000f7d00000)
  eden space 102400K, 100% used [0x00000000f0000000, 0x00000000f6400000, 0x00000000f6400000)
  from space 12800K,  11% used [0x00000000f7080000, 0x00000000f71ed8b0, 0x00000000f7d00000)
  to   space 12800K,   0% used [0x00000000f6400000, 0x00000000f6400000, 0x00000000f7080000)
 concurrent mark-sweep generation total 134144K, used 42580K [0x00000000f7d00000, 0x0000000100000000, 0x0000000100000000)
 Metaspace       used 65049K, capacity 69734K, committed 69888K, reserved 1110016K
  class space    used 8388K, capacity 9180K, committed 9216K, reserved 1048576K
2022-09-12T02:03:58.181+0800: 212.958: [GC (Allocation Failure)  146442K->44305K(249344K), 0.0041105 secs]
Heap after GC invocations=336 (full 0):
 par new generation   total 115200K, used 1706K [0x00000000f0000000, 0x00000000f7d00000, 0x00000000f7d00000)
  eden space 102400K,   0% used [0x00000000f0000000, 0x00000000f0000000, 0x00000000f6400000)
  from space 12800K,  13% used [0x00000000f6400000, 0x00000000f65aaa18, 0x00000000f7080000)
  to   space 12800K,   0% used [0x00000000f7080000, 0x00000000f7080000, 0x00000000f7d00000)
 concurrent mark-sweep generation total 134144K, used 42598K [0x00000000f7d00000, 0x0000000100000000, 0x0000000100000000)
 Metaspace       used 65049K, capacity 69734K, committed 69888K, reserved 1110016K
  class space    used 8388K, capacity 9180K, committed 9216K, reserved 1048576K
}
{Heap before GC invocations=336 (full 0):
 par new generation   total 115200K, used 104106K [0x00000000f0000000, 0x00000000f7d00000, 0x00000000f7d00000)
  eden space 102400K, 100% used [0x00000000f0000000, 0x00000000f6400000, 0x00000000f6400000)
  from space 12800K,  13% used [0x00000000f6400000, 0x00000000f65aaa18, 0x00000000f7080000)
  to   space 12800K,   0% used [0x00000000f7080000, 0x00000000f7080000, 0x00000000f7d00000)
 concurrent mark-sweep generation total 134144K, used 42598K [0x00000000f7d00000, 0x0000000100000000, 0x0000000100000000)
 Metaspace       used 65049K, capacity 69734K, committed 69888K, reserved 1110016K
  class space    used 8388K, capacity 9180K, committed 9216K, reserved 1048576K
2022-09-12T02:03:58.530+0800: 213.307: [GC (Allocation Failure)  146705K->43989K(249344K), 0.0042341 secs]
Heap after GC invocations=337 (full 0):
 par new generation   total 115200K, used 1377K [0x00000000f0000000, 0x00000000f7d00000, 0x00000000f7d00000)
  eden space 102400K,   0% used [0x00000000f0000000, 0x00000000f0000000, 0x00000000f6400000)
  from space 12800K,  10% used [0x00000000f7080000, 0x00000000f71d8760, 0x00000000f7d00000)
  to   space 12800K,   0% used [0x00000000f6400000, 0x00000000f6400000, 0x00000000f7080000)
 concurrent mark-sweep generation total 134144K, used 42612K [0x00000000f7d00000, 0x0000000100000000, 0x0000000100000000)
 Metaspace       used 65049K, capacity 69734K, committed 69888K, reserved 1110016K
  class space    used 8388K, capacity 9180K, committed 9216K, reserved 1048576K
}
{Heap before GC invocations=337 (full 0):
 par new generation   total 115200K, used 103777K [0x00000000f0000000, 0x00000000f7d00000, 0x00000000f7d00000)
  eden space 102400K, 100% used [0x00000000f0000000, 0x00000000f6400000, 0x00000000f6400000)
  from space 12800K,  10% used [0x00000000f7080000, 0x00000000f71d8760, 0x00000000f7d00000)
  to   space 12800K,   0% used [0x00000000f6400000, 0x00000000f6400000, 0x00000000f7080000)
 concurrent mark-sweep generation total 134144K, used 42612K [0x00000000f7d00000, 0x0000000100000000, 0x0000000100000000)
 Metaspace       used 65049K, capacity 69734K, committed 69888K, reserved 1110016K
  class space    used 8388K, capacity 9180K, committed 9216K, reserved 1048576K
2022-09-12T02:03:58.877+0800: 213.655: [GC (Allocation Failure)  146389K->44176K(249344K), 0.0040531 secs]
Heap after GC invocations=338 (full 0):
 par new generation   total 115200K, used 1545K [0x00000000f0000000, 0x00000000f7d00000, 0x00000000f7d00000)
  eden space 102400K,   0% used [0x00000000f0000000, 0x00000000f0000000, 0x00000000f6400000)
  from space 12800K,  12% used [0x00000000f6400000, 0x00000000f6582730, 0x00000000f7080000)
  to   space 12800K,   0% used [0x00000000f7080000, 0x00000000f7080000, 0x00000000f7d00000)
 concurrent mark-sweep generation total 134144K, used 42630K [0x00000000f7d00000, 0x0000000100000000, 0x0000000100000000)
 Metaspace       used 65049K, capacity 69734K, committed 69888K, reserved 1110016K
  class space    used 8388K, capacity 9180K, committed 9216K, reserved 1048576K
}
{Heap before GC invocations=338 (full 0):
 par new generation   total 115200K, used 103945K [0x00000000f0000000, 0x00000000f7d00000, 0x00000000f7d00000)
  eden space 102400K, 100% used [0x00000000f0000000, 0x00000000f6400000, 0x00000000f6400000)
  from space 12800K,  12% used [0x00000000f6400000, 0x00000000f6582730, 0x00000000f7080000)
  to   space 12800K,   0% used [0x00000000f7080000, 0x00000000f7080000, 0x00000000f7d00000)
 concurrent mark-sweep generation total 134144K, used 42630K [0x00000000f7d00000, 0x0000000100000000, 0x0000000100000000)
 Metaspace       used 65049K, capacity 69734K, committed 69888K, reserved 1110016K
  class space    used 8388K, capacity 9180K, committed 9216K, reserved 1048576K
2022-09-12T02:03:59.226+0800: 214.004: [GC (Allocation Failure)  146576K->44273K(249344K), 0.0041091 secs]
Heap after GC invocations=339 (full 0):
 par new generation   total 115200K, used 1618K [0x00000000f0000000, 0x00000000f7d00000, 0x00000000f7d00000)
  eden space 102400K,   0% used [0x00000000f0000000, 0x00000000f0000000, 0x00000000f6400000)
  from space 12800K,  12% used [0x00000000f7080000, 0x00000000f7214a90, 0x00000000f7d00000)
  to   space 12800K,   0% used [0x00000000f6400000, 0x00000000f6400000, 0x00000000f7080000)
 concurrent mark-sweep generation total 134144K, used 42654K [0x00000000f7d00000, 0x0000000100000000, 0x0000000100000000)
 Metaspace       used 65049K, capacity 69734K, committed 69888K, reserved 1110016K
  class space    used 8388K, capacity 9180K, committed 9216K, reserved 1048576K
}
{Heap before GC invocations=339 (full 0):
 par new generation   total 115200K, used 104018K [0x00000000f0000000, 0x00000000f7d00000, 0x00000000f7d00000)
  eden space 102400K, 100% used [0x00000000f0000000, 0x00000000f6400000, 0x00000000f6400000)
  from space 12800K,  12% used [0x00000000f7080000, 0x00000000f7214a90, 0x00000000f7d00000)
  to   space 12800K,   0% used [0x00000000f6400000, 0x00000000f6400000, 0x00000000f7080000)
 concurrent mark-sweep generation total 134144K, used 42654K [0x00000000f7d00000, 0x0000000100000000, 0x0000000100000000)
 Metaspace       used 65049K, capacity 69734K, committed 69888K, reserved 1110016K
  class space    used 8388K, capacity 9180K, committed 9216K, reserved 1048576K
2022-09-12T02:03:59.577+0800: 214.354: [GC (Allocation Failure)  146673K->43857K(249344K), 0.0042222 secs]
Heap after GC invocations=340 (full 0):
 par new generation   total 115200K, used 1182K [0x00000000f0000000, 0x00000000f7d00000, 0x00000000f7d00000)
  eden space 102400K,   0% used [0x00000000f0000000, 0x00000000f0000000, 0x00000000f6400000)
  from space 12800K,   9% used [0x00000000f6400000, 0x00000000f6527a40, 0x00000000f7080000)
  to   space 12800K,   0% used [0x00000000f7080000, 0x00000000f7080000, 0x00000000f7d00000)
 concurrent mark-sweep generation total 134144K, used 42674K [0x00000000f7d00000, 0x0000000100000000, 0x0000000100000000)
 Metaspace       used 65049K, capacity 69734K, committed 69888K, reserved 1110016K
  class space    used 8388K, capacity 9180K, committed 9216K, reserved 1048576K
}
{Heap before GC invocations=340 (full 0):
 par new generation   total 115200K, used 103582K [0x00000000f0000000, 0x00000000f7d00000, 0x00000000f7d00000)
  eden space 102400K, 100% used [0x00000000f0000000, 0x00000000f6400000, 0x00000000f6400000)
  from space 12800K,   9% used [0x00000000f6400000, 0x00000000f6527a40, 0x00000000f7080000)
  to   space 12800K,   0% used [0x00000000f7080000, 0x00000000f7080000, 0x00000000f7d00000)
 concurrent mark-sweep generation total 134144K, used 42674K [0x00000000f7d00000, 0x0000000100000000, 0x0000000100000000)
 Metaspace       used 65049K, capacity 69734K, committed 69888K, reserved 1110016K
  class space    used 8388K, capacity 9180K, committed 9216K, reserved 1048576K
2022-09-12T02:03:59.925+0800: 214.702: [GC (Allocation Failure)  146257K->44200K(249344K), 0.0041801 secs]
Heap after GC invocations=341 (full 0):
 par new generation   total 115200K, used 1514K [0x00000000f0000000, 0x00000000f7d00000, 0x00000000f7d00000)
  eden space 102400K,   0% used [0x00000000f0000000, 0x00000000f0000000, 0x00000000f6400000)
  from space 12800K,  11% used [0x00000000f7080000, 0x00000000f71fa8f8, 0x00000000f7d00000)
  to   space 12800K,   0% used [0x00000000f6400000, 0x00000000f6400000, 0x00000000f7080000)
 concurrent mark-sweep generation total 134144K, used 42686K [0x00000000f7d00000, 0x0000000100000000, 0x0000000100000000)
 Metaspace       used 65049K, capacity 69734K, committed 69888K, reserved 1110016K
  class space    used 8388K, capacity 9180K, committed 9216K, reserved 1048576K
}
{Heap before GC invocations=341 (full 0):
 par new generation   total 115200K, used 103914K [0x00000000f0000000, 0x00000000f7d00000, 0x00000000f7d00000)
  eden space 102400K, 100% used [0x00000000f0000000, 0x00000000f6400000, 0x00000000f6400000)
  from space 12800K,  11% used [0x00000000f7080000, 0x00000000f71fa8f8, 0x00000000f7d00000)
  to   space 12800K,   0% used [0x00000000f6400000, 0x00000000f6400000, 0x00000000f7080000)
 concurrent mark-sweep generation total 134144K, used 42686K [0x00000000f7d00000, 0x0000000100000000, 0x0000000100000000)
 Metaspace       used 65049K, capacity 69734K, committed 69888K, reserved 1110016K
  class space    used 8388K, capacity 9180K, committed 9216K, reserved 1048576K
2022-09-12T02:04:00.274+0800: 215.051: [GC (Allocation Failure)  146600K->44100K(249344K), 0.0045387 secs]
Heap after GC invocations=342 (full 0):
 par new generation   total 115200K, used 1401K [0x00000000f0000000, 0x00000000f7d00000, 0x00000000f7d00000)
  eden space 102400K,   0% used [0x00000000f0000000, 0x00000000f0000000, 0x00000000f6400000)
  from space 12800K,  10% used [0x00000000f6400000, 0x00000000f655e460, 0x00000000f7080000)
  to   space 12800K,   0% used [0x00000000f7080000, 0x00000000f7080000, 0x00000000f7d00000)
 concurrent mark-sweep generation total 134144K, used 42698K [0x00000000f7d00000, 0x0000000100000000, 0x0000000100000000)
 Metaspace       used 65049K, capacity 69734K, committed 69888K, reserved 1110016K
  class space    used 8388K, capacity 9180K, committed 9216K, reserved 1048576K
}
{Heap before GC invocations=342 (full 0):
 par new generation   total 115200K, used 103801K [0x00000000f0000000, 0x00000000f7d00000, 0x00000000f7d00000)
  eden space 102400K, 100% used [0x00000000f0000000, 0x00000000f6400000, 0x00000000f6400000)
  from space 12800K,  10% used [0x00000000f6400000, 0x00000000f655e460, 0x00000000f7080000)
  to   space 12800K,   0% used [0x00000000f7080000, 0x00000000f7080000, 0x00000000f7d00000)
 concurrent mark-sweep generation total 134144K, used 42698K [0x00000000f7d00000, 0x0000000100000000, 0x0000000100000000)
 Metaspace       used 65049K, capacity 69734K, committed 69888K, reserved 1110016K
  class space    used 8388K, capacity 9180K, committed 9216K, reserved 1048576K
2022-09-12T02:04:00.623+0800: 215.400: [GC (Allocation Failure)  146500K->44413K(249344K), 0.0042445 secs]
Heap after GC invocations=343 (full 0):
 par new generation   total 115200K, used 1701K [0x00000000f0000000, 0x00000000f7d00000, 0x00000000f7d00000)
  eden space 102400K,   0% used [0x00000000f0000000, 0x00000000f0000000, 0x00000000f6400000)
  from space 12800K,  13% used [0x00000000f7080000, 0x00000000f7229588, 0x00000000f7d00000)
  to   space 12800K,   0% used [0x00000000f6400000, 0x00000000f6400000, 0x00000000f7080000)
 concurrent mark-sweep generation total 134144K, used 42711K [0x00000000f7d00000, 0x0000000100000000, 0x0000000100000000)
 Metaspace       used 65049K, capacity 69734K, committed 69888K, reserved 1110016K
  class space    used 8388K, capacity 9180K, committed 9216K, reserved 1048576K
}
{Heap before GC invocations=343 (full 0):
 par new generation   total 115200K, used 104101K [0x00000000f0000000, 0x00000000f7d00000, 0x00000000f7d00000)
  eden space 102400K, 100% used [0x00000000f0000000, 0x00000000f6400000, 0x00000000f6400000)
  from space 12800K,  13% used [0x00000000f7080000, 0x00000000f7229588, 0x00000000f7d00000)
  to   space 12800K,   0% used [0x00000000f6400000, 0x00000000f6400000, 0x00000000f7080000)
 concurrent mark-sweep generation total 134144K, used 42711K [0x00000000f7d00000, 0x0000000100000000, 0x0000000100000000)
 Metaspace       used 65049K, capacity 69734K, committed 69888K, reserved 1110016K
  class space    used 8388K, capacity 9180K, committed 9216K, reserved 1048576K
2022-09-12T02:04:00.983+0800: 215.760: [GC (Allocation Failure)  146813K->44075K(249344K), 0.0040735 secs]
Heap after GC invocations=344 (full 0):
 par new generation   total 115200K, used 1345K [0x00000000f0000000, 0x00000000f7d00000, 0x00000000f7d00000)
  eden space 102400K,   0% used [0x00000000f0000000, 0x00000000f0000000, 0x00000000f6400000)
  from space 12800K,  10% used [0x00000000f6400000, 0x00000000f65507f8, 0x00000000f7080000)
  to   space 12800K,   0% used [0x00000000f7080000, 0x00000000f7080000, 0x00000000f7d00000)
 concurrent mark-sweep generation total 134144K, used 42729K [0x00000000f7d00000, 0x0000000100000000, 0x0000000100000000)
 Metaspace       used 65049K, capacity 69734K, committed 69888K, reserved 1110016K
  class space    used 8388K, capacity 9180K, committed 9216K, reserved 1048576K
}
{Heap before GC invocations=344 (full 0):
 par new generation   total 115200K, used 103745K [0x00000000f0000000, 0x00000000f7d00000, 0x00000000f7d00000)
  eden space 102400K, 100% used [0x00000000f0000000, 0x00000000f6400000, 0x00000000f6400000)
  from space 12800K,  10% used [0x00000000f6400000, 0x00000000f65507f8, 0x00000000f7080000)
  to   space 12800K,   0% used [0x00000000f7080000, 0x00000000f7080000, 0x00000000f7d00000)
 concurrent mark-sweep generation total 134144K, used 42729K [0x00000000f7d00000, 0x0000000100000000, 0x0000000100000000)
 Metaspace       used 65049K, capacity 69734K, committed 69888K, reserved 1110016K
  class space    used 8388K, capacity 9180K, committed 9216K, reserved 1048576K
2022-09-12T02:04:01.340+0800: 216.117: [GC (Allocation Failure)  146475K->44265K(249344K), 0.0040717 secs]
Heap after GC invocations=345 (full 0):
 par new generation   total 115200K, used 1524K [0x00000000f0000000, 0x00000000f7d00000, 0x00000000f7d00000)
  eden space 102400K,   0% used [0x00000000f0000000, 0x00000000f0000000, 0x00000000f6400000)
  from space 12800K,  11% used [0x00000000f7080000, 0x00000000f71fd1e0, 0x00000000f7d00000)
  to   space 12800K,   0% used [0x00000000f6400000, 0x00000000f6400000, 0x00000000f7080000)
 concurrent mark-sweep generation total 134144K, used 42741K [0x00000000f7d00000, 0x0000000100000000, 0x0000000100000000)
 Metaspace       used 65049K, capacity 69734K, committed 69888K, reserved 1110016K
  class space    used 8388K, capacity 9180K, committed 9216K, reserved 1048576K
}
{Heap before GC invocations=345 (full 0):
 par new generation   total 115200K, used 103924K [0x00000000f0000000, 0x00000000f7d00000, 0x00000000f7d00000)
  eden space 102400K, 100% used [0x00000000f0000000, 0x00000000f6400000, 0x00000000f6400000)
  from space 12800K,  11% used [0x00000000f7080000, 0x00000000f71fd1e0, 0x00000000f7d00000)
  to   space 12800K,   0% used [0x00000000f6400000, 0x00000000f6400000, 0x00000000f7080000)
 concurrent mark-sweep generation total 134144K, used 42741K [0x00000000f7d00000, 0x0000000100000000, 0x0000000100000000)
 Metaspace       used 65049K, capacity 69734K, committed 69888K, reserved 1110016K
  class space    used 8388K, capacity 9180K, committed 9216K, reserved 1048576K
2022-09-12T02:04:01.689+0800: 216.466: [GC (Allocation Failure)  146665K->44408K(249344K), 0.0041509 secs]
Heap after GC invocations=346 (full 0):
 par new generation   total 115200K, used 1646K [0x00000000f0000000, 0x00000000f7d00000, 0x00000000f7d00000)
  eden space 102400K,   0% used [0x00000000f0000000, 0x00000000f0000000, 0x00000000f6400000)
  from space 12800K,  12% used [0x00000000f6400000, 0x00000000f659bb38, 0x00000000f7080000)
  to   space 12800K,   0% used [0x00000000f7080000, 0x00000000f7080000, 0x00000000f7d00000)
 concurrent mark-sweep generation total 134144K, used 42761K [0x00000000f7d00000, 0x0000000100000000, 0x0000000100000000)
 Metaspace       used 65049K, capacity 69734K, committed 69888K, reserved 1110016K
  class space    used 8388K, capacity 9180K, committed 9216K, reserved 1048576K
}
{Heap before GC invocations=346 (full 0):
 par new generation   total 115200K, used 104046K [0x00000000f0000000, 0x00000000f7d00000, 0x00000000f7d00000)
  eden space 102400K, 100% used [0x00000000f0000000, 0x00000000f6400000, 0x00000000f6400000)
  from space 12800K,  12% used [0x00000000f6400000, 0x00000000f659bb38, 0x00000000f7080000)
  to   space 12800K,   0% used [0x00000000f7080000, 0x00000000f7080000, 0x00000000f7d00000)
 concurrent mark-sweep generation total 134144K, used 42761K [0x00000000f7d00000, 0x0000000100000000, 0x0000000100000000)
 Metaspace       used 65049K, capacity 69734K, committed 69888K, reserved 1110016K
  class space    used 8388K, capacity 9180K, committed 9216K, reserved 1048576K
2022-09-12T02:04:02.037+0800: 216.814: [GC (Allocation Failure)  146808K->44112K(249344K), 0.0041716 secs]
Heap after GC invocations=347 (full 0):
 par new generation   total 115200K, used 1332K [0x00000000f0000000, 0x00000000f7d00000, 0x00000000f7d00000)
  eden space 102400K,   0% used [0x00000000f0000000, 0x00000000f0000000, 0x00000000f6400000)
  from space 12800K,  10% used [0x00000000f7080000, 0x00000000f71cd048, 0x00000000f7d00000)
  to   space 12800K,   0% used [0x00000000f6400000, 0x00000000f6400000, 0x00000000f7080000)
 concurrent mark-sweep generation total 134144K, used 42780K [0x00000000f7d00000, 0x0000000100000000, 0x0000000100000000)
 Metaspace       used 65049K, capacity 69734K, committed 69888K, reserved 1110016K
  class space    used 8388K, capacity 9180K, committed 9216K, reserved 1048576K
}
{Heap before GC invocations=347 (full 0):
 par new generation   total 115200K, used 103732K [0x00000000f0000000, 0x00000000f7d00000, 0x00000000f7d00000)
  eden space 102400K, 100% used [0x00000000f0000000, 0x00000000f6400000, 0x00000000f6400000)
  from space 12800K,  10% used [0x00000000f7080000, 0x00000000f71cd048, 0x00000000f7d00000)
  to   space 12800K,   0% used [0x00000000f6400000, 0x00000000f6400000, 0x00000000f7080000)
 concurrent mark-sweep generation total 134144K, used 42780K [0x00000000f7d00000, 0x0000000100000000, 0x0000000100000000)
 Metaspace       used 65049K, capacity 69734K, committed 69888K, reserved 1110016K
  class space    used 8388K, capacity 9180K, committed 9216K, reserved 1048576K
2022-09-12T02:04:02.385+0800: 217.163: [GC (Allocation Failure)  146512K->44325K(249344K), 0.0040088 secs]
Heap after GC invocations=348 (full 0):
 par new generation   total 115200K, used 1519K [0x00000000f0000000, 0x00000000f7d00000, 0x00000000f7d00000)
  eden space 102400K,   0% used [0x00000000f0000000, 0x00000000f0000000, 0x00000000f6400000)
  from space 12800K,  11% used [0x00000000f6400000, 0x00000000f657be68, 0x00000000f7080000)
  to   space 12800K,   0% used [0x00000000f7080000, 0x00000000f7080000, 0x00000000f7d00000)
 concurrent mark-sweep generation total 134144K, used 42806K [0x00000000f7d00000, 0x0000000100000000, 0x0000000100000000)
 Metaspace       used 65049K, capacity 69734K, committed 69888K, reserved 1110016K
  class space    used 8388K, capacity 9180K, committed 9216K, reserved 1048576K
}
{Heap before GC invocations=348 (full 0):
 par new generation   total 115200K, used 103919K [0x00000000f0000000, 0x00000000f7d00000, 0x00000000f7d00000)
  eden space 102400K, 100% used [0x00000000f0000000, 0x00000000f6400000, 0x00000000f6400000)
  from space 12800K,  11% used [0x00000000f6400000, 0x00000000f657be68, 0x00000000f7080000)
  to   space 12800K,   0% used [0x00000000f7080000, 0x00000000f7080000, 0x00000000f7d00000)
 concurrent mark-sweep generation total 134144K, used 42806K [0x00000000f7d00000, 0x0000000100000000, 0x0000000100000000)
 Metaspace       used 65049K, capacity 69734K, committed 69888K, reserved 1110016K
  class space    used 8388K, capacity 9180K, committed 9216K, reserved 1048576K
2022-09-12T02:04:02.735+0800: 217.512: [GC (Allocation Failure)  146725K->44443K(249344K), 0.0041897 secs]
Heap after GC invocations=349 (full 0):
 par new generation   total 115200K, used 1628K [0x00000000f0000000, 0x00000000f7d00000, 0x00000000f7d00000)
  eden space 102400K,   0% used [0x00000000f0000000, 0x00000000f0000000, 0x00000000f6400000)
  from space 12800K,  12% used [0x00000000f7080000, 0x00000000f72170d8, 0x00000000f7d00000)
  to   space 12800K,   0% used [0x00000000f6400000, 0x00000000f6400000, 0x00000000f7080000)
 concurrent mark-sweep generation total 134144K, used 42815K [0x00000000f7d00000, 0x0000000100000000, 0x0000000100000000)
 Metaspace       used 65049K, capacity 69734K, committed 69888K, reserved 1110016K
  class space    used 8388K, capacity 9180K, committed 9216K, reserved 1048576K
}
{Heap before GC invocations=349 (full 0):
 par new generation   total 115200K, used 104028K [0x00000000f0000000, 0x00000000f7d00000, 0x00000000f7d00000)
  eden space 102400K, 100% used [0x00000000f0000000, 0x00000000f6400000, 0x00000000f6400000)
  from space 12800K,  12% used [0x00000000f7080000, 0x00000000f72170d8, 0x00000000f7d00000)
  to   space 12800K,   0% used [0x00000000f6400000, 0x00000000f6400000, 0x00000000f7080000)
 concurrent mark-sweep generation total 134144K, used 42815K [0x00000000f7d00000, 0x0000000100000000, 0x0000000100000000)
 Metaspace       used 65049K, capacity 69734K, committed 69888K, reserved 1110016K
  class space    used 8388K, capacity 9180K, committed 9216K, reserved 1048576K
2022-09-12T02:04:03.084+0800: 217.861: [GC (Allocation Failure)  146843K->44021K(249344K), 0.0041545 secs]
Heap after GC invocations=350 (full 0):
 par new generation   total 115200K, used 1197K [0x00000000f0000000, 0x00000000f7d00000, 0x00000000f7d00000)
  eden space 102400K,   0% used [0x00000000f0000000, 0x00000000f0000000, 0x00000000f6400000)
  from space 12800K,   9% used [0x00000000f6400000, 0x00000000f652b5c0, 0x00000000f7080000)
  to   space 12800K,   0% used [0x00000000f7080000, 0x00000000f7080000, 0x00000000f7d00000)
 concurrent mark-sweep generation total 134144K, used 42823K [0x00000000f7d00000, 0x0000000100000000, 0x0000000100000000)
 Metaspace       used 65049K, capacity 69734K, committed 69888K, reserved 1110016K
  class space    used 8388K, capacity 9180K, committed 9216K, reserved 1048576K
}
{Heap before GC invocations=350 (full 0):
 par new generation   total 115200K, used 103597K [0x00000000f0000000, 0x00000000f7d00000, 0x00000000f7d00000)
  eden space 102400K, 100% used [0x00000000f0000000, 0x00000000f6400000, 0x00000000f6400000)
  from space 12800K,   9% used [0x00000000f6400000, 0x00000000f652b5c0, 0x00000000f7080000)
  to   space 12800K,   0% used [0x00000000f7080000, 0x00000000f7080000, 0x00000000f7d00000)
 concurrent mark-sweep generation total 134144K, used 42823K [0x00000000f7d00000, 0x0000000100000000, 0x0000000100000000)
 Metaspace       used 65049K, capacity 69734K, committed 69888K, reserved 1110016K
  class space    used 8388K, capacity 9180K, committed 9216K, reserved 1048576K
2022-09-12T02:04:03.434+0800: 218.211: [GC (Allocation Failure)  146421K->44383K(249344K), 0.0040838 secs]
Heap after GC invocations=351 (full 0):
 par new generation   total 115200K, used 1542K [0x00000000f0000000, 0x00000000f7d00000, 0x00000000f7d00000)
  eden space 102400K,   0% used [0x00000000f0000000, 0x00000000f0000000, 0x00000000f6400000)
  from space 12800K,  12% used [0x00000000f7080000, 0x00000000f7201a10, 0x00000000f7d00000)
  to   space 12800K,   0% used [0x00000000f6400000, 0x00000000f6400000, 0x00000000f7080000)
 concurrent mark-sweep generation total 134144K, used 42840K [0x00000000f7d00000, 0x0000000100000000, 0x0000000100000000)
 Metaspace       used 65049K, capacity 69734K, committed 69888K, reserved 1110016K
  class space    used 8388K, capacity 9180K, committed 9216K, reserved 1048576K
}
{Heap before GC invocations=351 (full 0):
 par new generation   total 115200K, used 103942K [0x00000000f0000000, 0x00000000f7d00000, 0x00000000f7d00000)
  eden space 102400K, 100% used [0x00000000f0000000, 0x00000000f6400000, 0x00000000f6400000)
  from space 12800K,  12% used [0x00000000f7080000, 0x00000000f7201a10, 0x00000000f7d00000)
  to   space 12800K,   0% used [0x00000000f6400000, 0x00000000f6400000, 0x00000000f7080000)
 concurrent mark-sweep generation total 134144K, used 42840K [0x00000000f7d00000, 0x0000000100000000, 0x0000000100000000)
 Metaspace       used 65049K, capacity 69734K, committed 69888K, reserved 1110016K
  class space    used 8388K, capacity 9180K, committed 9216K, reserved 1048576K
2022-09-12T02:04:03.782+0800: 218.559: [GC (Allocation Failure)  146783K->44507K(249344K), 0.0041222 secs]
Heap after GC invocations=352 (full 0):
 par new generation   total 115200K, used 1648K [0x00000000f0000000, 0x00000000f7d00000, 0x00000000f7d00000)
  eden space 102400K,   0% used [0x00000000f0000000, 0x00000000f0000000, 0x00000000f6400000)
  from space 12800K,  12% used [0x00000000f6400000, 0x00000000f659c2a8, 0x00000000f7080000)
  to   space 12800K,   0% used [0x00000000f7080000, 0x00000000f7080000, 0x00000000f7d00000)
 concurrent mark-sweep generation total 134144K, used 42858K [0x00000000f7d00000, 0x0000000100000000, 0x0000000100000000)
 Metaspace       used 65049K, capacity 69734K, committed 69888K, reserved 1110016K
  class space    used 8388K, capacity 9180K, committed 9216K, reserved 1048576K
}
{Heap before GC invocations=352 (full 0):
 par new generation   total 115200K, used 104048K [0x00000000f0000000, 0x00000000f7d00000, 0x00000000f7d00000)
  eden space 102400K, 100% used [0x00000000f0000000, 0x00000000f6400000, 0x00000000f6400000)
  from space 12800K,  12% used [0x00000000f6400000, 0x00000000f659c2a8, 0x00000000f7080000)
  to   space 12800K,   0% used [0x00000000f7080000, 0x00000000f7080000, 0x00000000f7d00000)
 concurrent mark-sweep generation total 134144K, used 42858K [0x00000000f7d00000, 0x0000000100000000, 0x0000000100000000)
 Metaspace       used 65049K, capacity 69734K, committed 69888K, reserved 1110016K
  class space    used 8388K, capacity 9180K, committed 9216K, reserved 1048576K
2022-09-12T02:04:04.131+0800: 218.908: [GC (Allocation Failure)  146907K->44201K(249344K), 0.0040776 secs]
Heap after GC invocations=353 (full 0):
 par new generation   total 115200K, used 1331K [0x00000000f0000000, 0x00000000f7d00000, 0x00000000f7d00000)
  eden space 102400K,   0% used [0x00000000f0000000, 0x00000000f0000000, 0x00000000f6400000)
  from space 12800K,  10% used [0x00000000f7080000, 0x00000000f71cce98, 0x00000000f7d00000)
  to   space 12800K,   0% used [0x00000000f6400000, 0x00000000f6400000, 0x00000000f7080000)
 concurrent mark-sweep generation total 134144K, used 42870K [0x00000000f7d00000, 0x0000000100000000, 0x0000000100000000)
 Metaspace       used 65049K, capacity 69734K, committed 69888K, reserved 1110016K
  class space    used 8388K, capacity 9180K, committed 9216K, reserved 1048576K
}
{Heap before GC invocations=353 (full 0):
 par new generation   total 115200K, used 103731K [0x00000000f0000000, 0x00000000f7d00000, 0x00000000f7d00000)
  eden space 102400K, 100% used [0x00000000f0000000, 0x00000000f6400000, 0x00000000f6400000)
  from space 12800K,  10% used [0x00000000f7080000, 0x00000000f71cce98, 0x00000000f7d00000)
  to   space 12800K,   0% used [0x00000000f6400000, 0x00000000f6400000, 0x00000000f7080000)
 concurrent mark-sweep generation total 134144K, used 42870K [0x00000000f7d00000, 0x0000000100000000, 0x0000000100000000)
 Metaspace       used 65049K, capacity 69734K, committed 69888K, reserved 1110016K
  class space    used 8388K, capacity 9180K, committed 9216K, reserved 1048576K
2022-09-12T02:04:04.479+0800: 219.256: [GC (Allocation Failure)  146601K->44427K(249344K), 0.0041293 secs]
Heap after GC invocations=354 (full 0):
 par new generation   total 115200K, used 1537K [0x00000000f0000000, 0x00000000f7d00000, 0x00000000f7d00000)
  eden space 102400K,   0% used [0x00000000f0000000, 0x00000000f0000000, 0x00000000f6400000)
  from space 12800K,  12% used [0x00000000f6400000, 0x00000000f6580660, 0x00000000f7080000)
  to   space 12800K,   0% used [0x00000000f7080000, 0x00000000f7080000, 0x00000000f7d00000)
 concurrent mark-sweep generation total 134144K, used 42890K [0x00000000f7d00000, 0x0000000100000000, 0x0000000100000000)
 Metaspace       used 65049K, capacity 69734K, committed 69888K, reserved 1110016K
  class space    used 8388K, capacity 9180K, committed 9216K, reserved 1048576K
}
{Heap before GC invocations=354 (full 0):
 par new generation   total 115200K, used 103937K [0x00000000f0000000, 0x00000000f7d00000, 0x00000000f7d00000)
  eden space 102400K, 100% used [0x00000000f0000000, 0x00000000f6400000, 0x00000000f6400000)
  from space 12800K,  12% used [0x00000000f6400000, 0x00000000f6580660, 0x00000000f7080000)
  to   space 12800K,   0% used [0x00000000f7080000, 0x00000000f7080000, 0x00000000f7d00000)
 concurrent mark-sweep generation total 134144K, used 42890K [0x00000000f7d00000, 0x0000000100000000, 0x0000000100000000)
 Metaspace       used 65049K, capacity 69734K, committed 69888K, reserved 1110016K
  class space    used 8388K, capacity 9180K, committed 9216K, reserved 1048576K
2022-09-12T02:04:04.830+0800: 219.608: [GC (Allocation Failure)  146827K->44580K(249344K), 0.0040948 secs]
Heap after GC invocations=355 (full 0):
 par new generation   total 115200K, used 1668K [0x00000000f0000000, 0x00000000f7d00000, 0x00000000f7d00000)
  eden space 102400K,   0% used [0x00000000f0000000, 0x00000000f0000000, 0x00000000f6400000)
  from space 12800K,  13% used [0x00000000f7080000, 0x00000000f7221398, 0x00000000f7d00000)
  to   space 12800K,   0% used [0x00000000f6400000, 0x00000000f6400000, 0x00000000f7080000)
 concurrent mark-sweep generation total 134144K, used 42912K [0x00000000f7d00000, 0x0000000100000000, 0x0000000100000000)
 Metaspace       used 65049K, capacity 69734K, committed 69888K, reserved 1110016K
  class space    used 8388K, capacity 9180K, committed 9216K, reserved 1048576K
}
{Heap before GC invocations=355 (full 0):
 par new generation   total 115200K, used 104068K [0x00000000f0000000, 0x00000000f7d00000, 0x00000000f7d00000)
  eden space 102400K, 100% used [0x00000000f0000000, 0x00000000f6400000, 0x00000000f6400000)
  from space 12800K,  13% used [0x00000000f7080000, 0x00000000f7221398, 0x00000000f7d00000)
  to   space 12800K,   0% used [0x00000000f6400000, 0x00000000f6400000, 0x00000000f7080000)
 concurrent mark-sweep generation total 134144K, used 42912K [0x00000000f7d00000, 0x0000000100000000, 0x0000000100000000)
 Metaspace       used 65049K, capacity 69734K, committed 69888K, reserved 1110016K
  class space    used 8388K, capacity 9180K, committed 9216K, reserved 1048576K
2022-09-12T02:04:05.197+0800: 219.974: [GC (Allocation Failure)  146980K->44111K(249344K), 0.0040277 secs]
Heap after GC invocations=356 (full 0):
 par new generation   total 115200K, used 1176K [0x00000000f0000000, 0x00000000f7d00000, 0x00000000f7d00000)
  eden space 102400K,   0% used [0x00000000f0000000, 0x00000000f0000000, 0x00000000f6400000)
  from space 12800K,   9% used [0x00000000f6400000, 0x00000000f6526300, 0x00000000f7080000)
  to   space 12800K,   0% used [0x00000000f7080000, 0x00000000f7080000, 0x00000000f7d00000)
 concurrent mark-sweep generation total 134144K, used 42935K [0x00000000f7d00000, 0x0000000100000000, 0x0000000100000000)
 Metaspace       used 65049K, capacity 69734K, committed 69888K, reserved 1110016K
  class space    used 8388K, capacity 9180K, committed 9216K, reserved 1048576K
}
{Heap before GC invocations=356 (full 0):
 par new generation   total 115200K, used 103576K [0x00000000f0000000, 0x00000000f7d00000, 0x00000000f7d00000)
  eden space 102400K, 100% used [0x00000000f0000000, 0x00000000f6400000, 0x00000000f6400000)
  from space 12800K,   9% used [0x00000000f6400000, 0x00000000f6526300, 0x00000000f7080000)
  to   space 12800K,   0% used [0x00000000f7080000, 0x00000000f7080000, 0x00000000f7d00000)
 concurrent mark-sweep generation total 134144K, used 42935K [0x00000000f7d00000, 0x0000000100000000, 0x0000000100000000)
 Metaspace       used 65049K, capacity 69734K, committed 69888K, reserved 1110016K
  class space    used 8388K, capacity 9180K, committed 9216K, reserved 1048576K
2022-09-12T02:04:05.546+0800: 220.323: [GC (Allocation Failure)  146511K->44458K(249344K), 0.0041341 secs]
Heap after GC invocations=357 (full 0):
 par new generation   total 115200K, used 1515K [0x00000000f0000000, 0x00000000f7d00000, 0x00000000f7d00000)
  eden space 102400K,   0% used [0x00000000f0000000, 0x00000000f0000000, 0x00000000f6400000)
  from space 12800K,  11% used [0x00000000f7080000, 0x00000000f71faf50, 0x00000000f7d00000)
  to   space 12800K,   0% used [0x00000000f6400000, 0x00000000f6400000, 0x00000000f7080000)
 concurrent mark-sweep generation total 134144K, used 42942K [0x00000000f7d00000, 0x0000000100000000, 0x0000000100000000)
 Metaspace       used 65049K, capacity 69734K, committed 69888K, reserved 1110016K
  class space    used 8388K, capacity 9180K, committed 9216K, reserved 1048576K
}
{Heap before GC invocations=357 (full 0):
 par new generation   total 115200K, used 103915K [0x00000000f0000000, 0x00000000f7d00000, 0x00000000f7d00000)
  eden space 102400K, 100% used [0x00000000f0000000, 0x00000000f6400000, 0x00000000f6400000)
  from space 12800K,  11% used [0x00000000f7080000, 0x00000000f71faf50, 0x00000000f7d00000)
  to   space 12800K,   0% used [0x00000000f6400000, 0x00000000f6400000, 0x00000000f7080000)
 concurrent mark-sweep generation total 134144K, used 42942K [0x00000000f7d00000, 0x0000000100000000, 0x0000000100000000)
 Metaspace       used 65056K, capacity 69734K, committed 69888K, reserved 1110016K
  class space    used 8388K, capacity 9180K, committed 9216K, reserved 1048576K
2022-09-12T02:04:05.894+0800: 220.672: [GC (Allocation Failure)  146858K->44614K(249344K), 0.0042234 secs]
Heap after GC invocations=358 (full 0):
 par new generation   total 115200K, used 1663K [0x00000000f0000000, 0x00000000f7d00000, 0x00000000f7d00000)
  eden space 102400K,   0% used [0x00000000f0000000, 0x00000000f0000000, 0x00000000f6400000)
  from space 12800K,  12% used [0x00000000f6400000, 0x00000000f659ffe8, 0x00000000f7080000)
  to   space 12800K,   0% used [0x00000000f7080000, 0x00000000f7080000, 0x00000000f7d00000)
 concurrent mark-sweep generation total 134144K, used 42950K [0x00000000f7d00000, 0x0000000100000000, 0x0000000100000000)
 Metaspace       used 65056K, capacity 69734K, committed 69888K, reserved 1110016K
  class space    used 8388K, capacity 9180K, committed 9216K, reserved 1048576K
}
{Heap before GC invocations=358 (full 0):
 par new generation   total 115200K, used 104063K [0x00000000f0000000, 0x00000000f7d00000, 0x00000000f7d00000)
  eden space 102400K, 100% used [0x00000000f0000000, 0x00000000f6400000, 0x00000000f6400000)
  from space 12800K,  12% used [0x00000000f6400000, 0x00000000f659ffe8, 0x00000000f7080000)
  to   space 12800K,   0% used [0x00000000f7080000, 0x00000000f7080000, 0x00000000f7d00000)
 concurrent mark-sweep generation total 134144K, used 42950K [0x00000000f7d00000, 0x0000000100000000, 0x0000000100000000)
 Metaspace       used 65056K, capacity 69734K, committed 69888K, reserved 1110016K
  class space    used 8388K, capacity 9180K, committed 9216K, reserved 1048576K
2022-09-12T02:04:06.243+0800: 221.020: [GC (Allocation Failure)  147014K->44335K(249344K), 0.0042584 secs]
Heap after GC invocations=359 (full 0):
 par new generation   total 115200K, used 1366K [0x00000000f0000000, 0x00000000f7d00000, 0x00000000f7d00000)
  eden space 102400K,   0% used [0x00000000f0000000, 0x00000000f0000000, 0x00000000f6400000)
  from space 12800K,  10% used [0x00000000f7080000, 0x00000000f71d5a60, 0x00000000f7d00000)
  to   space 12800K,   0% used [0x00000000f6400000, 0x00000000f6400000, 0x00000000f7080000)
 concurrent mark-sweep generation total 134144K, used 42969K [0x00000000f7d00000, 0x0000000100000000, 0x0000000100000000)
 Metaspace       used 65056K, capacity 69734K, committed 69888K, reserved 1110016K
  class space    used 8388K, capacity 9180K, committed 9216K, reserved 1048576K
}
{Heap before GC invocations=359 (full 0):
 par new generation   total 115200K, used 103766K [0x00000000f0000000, 0x00000000f7d00000, 0x00000000f7d00000)
  eden space 102400K, 100% used [0x00000000f0000000, 0x00000000f6400000, 0x00000000f6400000)
  from space 12800K,  10% used [0x00000000f7080000, 0x00000000f71d5a60, 0x00000000f7d00000)
  to   space 12800K,   0% used [0x00000000f6400000, 0x00000000f6400000, 0x00000000f7080000)
 concurrent mark-sweep generation total 134144K, used 42969K [0x00000000f7d00000, 0x0000000100000000, 0x0000000100000000)
 Metaspace       used 65056K, capacity 69734K, committed 69888K, reserved 1110016K
  class space    used 8388K, capacity 9180K, committed 9216K, reserved 1048576K
2022-09-12T02:04:06.592+0800: 221.369: [GC (Allocation Failure)  146735K->44572K(249344K), 0.0041631 secs]
Heap after GC invocations=360 (full 0):
 par new generation   total 115200K, used 1586K [0x00000000f0000000, 0x00000000f7d00000, 0x00000000f7d00000)
  eden space 102400K,   0% used [0x00000000f0000000, 0x00000000f0000000, 0x00000000f6400000)
  from space 12800K,  12% used [0x00000000f6400000, 0x00000000f658c980, 0x00000000f7080000)
  to   space 12800K,   0% used [0x00000000f7080000, 0x00000000f7080000, 0x00000000f7d00000)
 concurrent mark-sweep generation total 134144K, used 42986K [0x00000000f7d00000, 0x0000000100000000, 0x0000000100000000)
 Metaspace       used 65056K, capacity 69734K, committed 69888K, reserved 1110016K
  class space    used 8388K, capacity 9180K, committed 9216K, reserved 1048576K
}
{Heap before GC invocations=360 (full 0):
 par new generation   total 115200K, used 103986K [0x00000000f0000000, 0x00000000f7d00000, 0x00000000f7d00000)
  eden space 102400K, 100% used [0x00000000f0000000, 0x00000000f6400000, 0x00000000f6400000)
  from space 12800K,  12% used [0x00000000f6400000, 0x00000000f658c980, 0x00000000f7080000)
  to   space 12800K,   0% used [0x00000000f7080000, 0x00000000f7080000, 0x00000000f7d00000)
 concurrent mark-sweep generation total 134144K, used 42986K [0x00000000f7d00000, 0x0000000100000000, 0x0000000100000000)
 Metaspace       used 65056K, capacity 69734K, committed 69888K, reserved 1110016K
  class space    used 8388K, capacity 9180K, committed 9216K, reserved 1048576K
2022-09-12T02:04:06.940+0800: 221.717: [GC (Allocation Failure)  146972K->44676K(249344K), 0.0042444 secs]
Heap after GC invocations=361 (full 0):
 par new generation   total 115200K, used 1674K [0x00000000f0000000, 0x00000000f7d00000, 0x00000000f7d00000)
  eden space 102400K,   0% used [0x00000000f0000000, 0x00000000f0000000, 0x00000000f6400000)
  from space 12800K,  13% used [0x00000000f7080000, 0x00000000f7222be0, 0x00000000f7d00000)
  to   space 12800K,   0% used [0x00000000f6400000, 0x00000000f6400000, 0x00000000f7080000)
 concurrent mark-sweep generation total 134144K, used 43001K [0x00000000f7d00000, 0x0000000100000000, 0x0000000100000000)
 Metaspace       used 65056K, capacity 69734K, committed 69888K, reserved 1110016K
  class space    used 8388K, capacity 9180K, committed 9216K, reserved 1048576K
}
{Heap before GC invocations=361 (full 0):
 par new generation   total 115200K, used 104074K [0x00000000f0000000, 0x00000000f7d00000, 0x00000000f7d00000)
  eden space 102400K, 100% used [0x00000000f0000000, 0x00000000f6400000, 0x00000000f6400000)
  from space 12800K,  13% used [0x00000000f7080000, 0x00000000f7222be0, 0x00000000f7d00000)
  to   space 12800K,   0% used [0x00000000f6400000, 0x00000000f6400000, 0x00000000f7080000)
 concurrent mark-sweep generation total 134144K, used 43001K [0x00000000f7d00000, 0x0000000100000000, 0x0000000100000000)
 Metaspace       used 65056K, capacity 69734K, committed 69888K, reserved 1110016K
  class space    used 8388K, capacity 9180K, committed 9216K, reserved 1048576K
2022-09-12T02:04:07.288+0800: 222.066: [GC (Allocation Failure)  147076K->44223K(249344K), 0.0041587 secs]
Heap after GC invocations=362 (full 0):
 par new generation   total 115200K, used 1205K [0x00000000f0000000, 0x00000000f7d00000, 0x00000000f7d00000)
  eden space 102400K,   0% used [0x00000000f0000000, 0x00000000f0000000, 0x00000000f6400000)
  from space 12800K,   9% used [0x00000000f6400000, 0x00000000f652d780, 0x00000000f7080000)
  to   space 12800K,   0% used [0x00000000f7080000, 0x00000000f7080000, 0x00000000f7d00000)
 concurrent mark-sweep generation total 134144K, used 43018K [0x00000000f7d00000, 0x0000000100000000, 0x0000000100000000)
 Metaspace       used 65056K, capacity 69734K, committed 69888K, reserved 1110016K
  class space    used 8388K, capacity 9180K, committed 9216K, reserved 1048576K
}
{Heap before GC invocations=362 (full 0):
 par new generation   total 115200K, used 103605K [0x00000000f0000000, 0x00000000f7d00000, 0x00000000f7d00000)
  eden space 102400K, 100% used [0x00000000f0000000, 0x00000000f6400000, 0x00000000f6400000)
  from space 12800K,   9% used [0x00000000f6400000, 0x00000000f652d780, 0x00000000f7080000)
  to   space 12800K,   0% used [0x00000000f7080000, 0x00000000f7080000, 0x00000000f7d00000)
 concurrent mark-sweep generation total 134144K, used 43018K [0x00000000f7d00000, 0x0000000100000000, 0x0000000100000000)
 Metaspace       used 65056K, capacity 69734K, committed 69888K, reserved 1110016K
  class space    used 8388K, capacity 9180K, committed 9216K, reserved 1048576K
2022-09-12T02:04:07.640+0800: 222.417: [GC (Allocation Failure)  146623K->44585K(249344K), 0.0045465 secs]
Heap after GC invocations=363 (full 0):
 par new generation   total 115200K, used 1540K [0x00000000f0000000, 0x00000000f7d00000, 0x00000000f7d00000)
  eden space 102400K,   0% used [0x00000000f0000000, 0x00000000f0000000, 0x00000000f6400000)
  from space 12800K,  12% used [0x00000000f7080000, 0x00000000f72013b8, 0x00000000f7d00000)
  to   space 12800K,   0% used [0x00000000f6400000, 0x00000000f6400000, 0x00000000f7080000)
 concurrent mark-sweep generation total 134144K, used 43044K [0x00000000f7d00000, 0x0000000100000000, 0x0000000100000000)
 Metaspace       used 65056K, capacity 69734K, committed 69888K, reserved 1110016K
  class space    used 8388K, capacity 9180K, committed 9216K, reserved 1048576K
}
{Heap before GC invocations=363 (full 0):
 par new generation   total 115200K, used 103940K [0x00000000f0000000, 0x00000000f7d00000, 0x00000000f7d00000)
  eden space 102400K, 100% used [0x00000000f0000000, 0x00000000f6400000, 0x00000000f6400000)
  from space 12800K,  12% used [0x00000000f7080000, 0x00000000f72013b8, 0x00000000f7d00000)
  to   space 12800K,   0% used [0x00000000f6400000, 0x00000000f6400000, 0x00000000f7080000)
 concurrent mark-sweep generation total 134144K, used 43044K [0x00000000f7d00000, 0x0000000100000000, 0x0000000100000000)
 Metaspace       used 65056K, capacity 69734K, committed 69888K, reserved 1110016K
  class space    used 8388K, capacity 9180K, committed 9216K, reserved 1048576K
2022-09-12T02:04:07.991+0800: 222.768: [GC (Allocation Failure)  146985K->44719K(249344K), 0.0041316 secs]
Heap after GC invocations=364 (full 0):
 par new generation   total 115200K, used 1655K [0x00000000f0000000, 0x00000000f7d00000, 0x00000000f7d00000)
  eden space 102400K,   0% used [0x00000000f0000000, 0x00000000f0000000, 0x00000000f6400000)
  from space 12800K,  12% used [0x00000000f6400000, 0x00000000f659de00, 0x00000000f7080000)
  to   space 12800K,   0% used [0x00000000f7080000, 0x00000000f7080000, 0x00000000f7d00000)
 concurrent mark-sweep generation total 134144K, used 43064K [0x00000000f7d00000, 0x0000000100000000, 0x0000000100000000)
 Metaspace       used 65056K, capacity 69734K, committed 69888K, reserved 1110016K
  class space    used 8388K, capacity 9180K, committed 9216K, reserved 1048576K
}
{Heap before GC invocations=364 (full 0):
 par new generation   total 115200K, used 104055K [0x00000000f0000000, 0x00000000f7d00000, 0x00000000f7d00000)
  eden space 102400K, 100% used [0x00000000f0000000, 0x00000000f6400000, 0x00000000f6400000)
  from space 12800K,  12% used [0x00000000f6400000, 0x00000000f659de00, 0x00000000f7080000)
  to   space 12800K,   0% used [0x00000000f7080000, 0x00000000f7080000, 0x00000000f7d00000)
 concurrent mark-sweep generation total 134144K, used 43064K [0x00000000f7d00000, 0x0000000100000000, 0x0000000100000000)
 Metaspace       used 65056K, capacity 69734K, committed 69888K, reserved 1110016K
  class space    used 8388K, capacity 9180K, committed 9216K, reserved 1048576K
2022-09-12T02:04:08.344+0800: 223.121: [GC (Allocation Failure)  147119K->44113K(249344K), 0.0041384 secs]
Heap after GC invocations=365 (full 0):
 par new generation   total 115200K, used 1039K [0x00000000f0000000, 0x00000000f7d00000, 0x00000000f7d00000)
  eden space 102400K,   0% used [0x00000000f0000000, 0x00000000f0000000, 0x00000000f6400000)
  from space 12800K,   8% used [0x00000000f7080000, 0x00000000f7183c78, 0x00000000f7d00000)
  to   space 12800K,   0% used [0x00000000f6400000, 0x00000000f6400000, 0x00000000f7080000)
 concurrent mark-sweep generation total 134144K, used 43074K [0x00000000f7d00000, 0x0000000100000000, 0x0000000100000000)
 Metaspace       used 65056K, capacity 69734K, committed 69888K, reserved 1110016K
  class space    used 8388K, capacity 9180K, committed 9216K, reserved 1048576K
}
{Heap before GC invocations=365 (full 0):
 par new generation   total 115200K, used 103439K [0x00000000f0000000, 0x00000000f7d00000, 0x00000000f7d00000)
  eden space 102400K, 100% used [0x00000000f0000000, 0x00000000f6400000, 0x00000000f6400000)
  from space 12800K,   8% used [0x00000000f7080000, 0x00000000f7183c78, 0x00000000f7d00000)
  to   space 12800K,   0% used [0x00000000f6400000, 0x00000000f6400000, 0x00000000f7080000)
 concurrent mark-sweep generation total 134144K, used 43074K [0x00000000f7d00000, 0x0000000100000000, 0x0000000100000000)
 Metaspace       used 65056K, capacity 69734K, committed 69888K, reserved 1110016K
  class space    used 8388K, capacity 9180K, committed 9216K, reserved 1048576K
2022-09-12T02:04:08.692+0800: 223.469: [GC (Allocation Failure)  146513K->44599K(249344K), 0.0041034 secs]
Heap after GC invocations=366 (full 0):
 par new generation   total 115200K, used 1518K [0x00000000f0000000, 0x00000000f7d00000, 0x00000000f7d00000)
  eden space 102400K,   0% used [0x00000000f0000000, 0x00000000f0000000, 0x00000000f6400000)
  from space 12800K,  11% used [0x00000000f6400000, 0x00000000f657ba78, 0x00000000f7080000)
  to   space 12800K,   0% used [0x00000000f7080000, 0x00000000f7080000, 0x00000000f7d00000)
 concurrent mark-sweep generation total 134144K, used 43080K [0x00000000f7d00000, 0x0000000100000000, 0x0000000100000000)
 Metaspace       used 65056K, capacity 69734K, committed 69888K, reserved 1110016K
  class space    used 8388K, capacity 9180K, committed 9216K, reserved 1048576K
}
{Heap before GC invocations=366 (full 0):
 par new generation   total 115200K, used 103918K [0x00000000f0000000, 0x00000000f7d00000, 0x00000000f7d00000)
  eden space 102400K, 100% used [0x00000000f0000000, 0x00000000f6400000, 0x00000000f6400000)
  from space 12800K,  11% used [0x00000000f6400000, 0x00000000f657ba78, 0x00000000f7080000)
  to   space 12800K,   0% used [0x00000000f7080000, 0x00000000f7080000, 0x00000000f7d00000)
 concurrent mark-sweep generation total 134144K, used 43080K [0x00000000f7d00000, 0x0000000100000000, 0x0000000100000000)
 Metaspace       used 65056K, capacity 69734K, committed 69888K, reserved 1110016K
  class space    used 8388K, capacity 9180K, committed 9216K, reserved 1048576K
2022-09-12T02:04:09.040+0800: 223.818: [GC (Allocation Failure)  146999K->44772K(249344K), 0.0042151 secs]
Heap after GC invocations=367 (full 0):
 par new generation   total 115200K, used 1677K [0x00000000f0000000, 0x00000000f7d00000, 0x00000000f7d00000)
  eden space 102400K,   0% used [0x00000000f0000000, 0x00000000f0000000, 0x00000000f6400000)
  from space 12800K,  13% used [0x00000000f7080000, 0x00000000f7223708, 0x00000000f7d00000)
  to   space 12800K,   0% used [0x00000000f6400000, 0x00000000f6400000, 0x00000000f7080000)
 concurrent mark-sweep generation total 134144K, used 43094K [0x00000000f7d00000, 0x0000000100000000, 0x0000000100000000)
 Metaspace       used 65056K, capacity 69734K, committed 69888K, reserved 1110016K
  class space    used 8388K, capacity 9180K, committed 9216K, reserved 1048576K
}
{Heap before GC invocations=367 (full 0):
 par new generation   total 115200K, used 104077K [0x00000000f0000000, 0x00000000f7d00000, 0x00000000f7d00000)
  eden space 102400K, 100% used [0x00000000f0000000, 0x00000000f6400000, 0x00000000f6400000)
  from space 12800K,  13% used [0x00000000f7080000, 0x00000000f7223708, 0x00000000f7d00000)
  to   space 12800K,   0% used [0x00000000f6400000, 0x00000000f6400000, 0x00000000f7080000)
 concurrent mark-sweep generation total 134144K, used 43094K [0x00000000f7d00000, 0x0000000100000000, 0x0000000100000000)
 Metaspace       used 65056K, capacity 69734K, committed 69888K, reserved 1110016K
  class space    used 8388K, capacity 9180K, committed 9216K, reserved 1048576K
2022-09-12T02:04:09.403+0800: 224.181: [GC (Allocation Failure)  147172K->44328K(249344K), 0.0041093 secs]
Heap after GC invocations=368 (full 0):
 par new generation   total 115200K, used 1211K [0x00000000f0000000, 0x00000000f7d00000, 0x00000000f7d00000)
  eden space 102400K,   0% used [0x00000000f0000000, 0x00000000f0000000, 0x00000000f6400000)
  from space 12800K,   9% used [0x00000000f6400000, 0x00000000f652efc0, 0x00000000f7080000)
  to   space 12800K,   0% used [0x00000000f7080000, 0x00000000f7080000, 0x00000000f7d00000)
 concurrent mark-sweep generation total 134144K, used 43116K [0x00000000f7d00000, 0x0000000100000000, 0x0000000100000000)
 Metaspace       used 65056K, capacity 69734K, committed 69888K, reserved 1110016K
  class space    used 8388K, capacity 9180K, committed 9216K, reserved 1048576K
}
{Heap before GC invocations=368 (full 0):
 par new generation   total 115200K, used 103611K [0x00000000f0000000, 0x00000000f7d00000, 0x00000000f7d00000)
  eden space 102400K, 100% used [0x00000000f0000000, 0x00000000f6400000, 0x00000000f6400000)
  from space 12800K,   9% used [0x00000000f6400000, 0x00000000f652efc0, 0x00000000f7080000)
  to   space 12800K,   0% used [0x00000000f7080000, 0x00000000f7080000, 0x00000000f7d00000)
 concurrent mark-sweep generation total 134144K, used 43116K [0x00000000f7d00000, 0x0000000100000000, 0x0000000100000000)
 Metaspace       used 65056K, capacity 69734K, committed 69888K, reserved 1110016K
  class space    used 8388K, capacity 9180K, committed 9216K, reserved 1048576K
2022-09-12T02:04:09.752+0800: 224.529: [GC (Allocation Failure)  146728K->44653K(249344K), 0.0040814 secs]
Heap after GC invocations=369 (full 0):
 par new generation   total 115200K, used 1524K [0x00000000f0000000, 0x00000000f7d00000, 0x00000000f7d00000)
  eden space 102400K,   0% used [0x00000000f0000000, 0x00000000f0000000, 0x00000000f6400000)
  from space 12800K,  11% used [0x00000000f7080000, 0x00000000f71fd3a0, 0x00000000f7d00000)
  to   space 12800K,   0% used [0x00000000f6400000, 0x00000000f6400000, 0x00000000f7080000)
 concurrent mark-sweep generation total 134144K, used 43129K [0x00000000f7d00000, 0x0000000100000000, 0x0000000100000000)
 Metaspace       used 65056K, capacity 69734K, committed 69888K, reserved 1110016K
  class space    used 8388K, capacity 9180K, committed 9216K, reserved 1048576K
}
{Heap before GC invocations=369 (full 0):
 par new generation   total 115200K, used 103924K [0x00000000f0000000, 0x00000000f7d00000, 0x00000000f7d00000)
  eden space 102400K, 100% used [0x00000000f0000000, 0x00000000f6400000, 0x00000000f6400000)
  from space 12800K,  11% used [0x00000000f7080000, 0x00000000f71fd3a0, 0x00000000f7d00000)
  to   space 12800K,   0% used [0x00000000f6400000, 0x00000000f6400000, 0x00000000f7080000)
 concurrent mark-sweep generation total 134144K, used 43129K [0x00000000f7d00000, 0x0000000100000000, 0x0000000100000000)
 Metaspace       used 65056K, capacity 69734K, committed 69888K, reserved 1110016K
  class space    used 8388K, capacity 9180K, committed 9216K, reserved 1048576K
2022-09-12T02:04:10.100+0800: 224.878: [GC (Allocation Failure)  147053K->44768K(249344K), 0.0042971 secs]
Heap after GC invocations=370 (full 0):
 par new generation   total 115200K, used 1621K [0x00000000f0000000, 0x00000000f7d00000, 0x00000000f7d00000)
  eden space 102400K,   0% used [0x00000000f0000000, 0x00000000f0000000, 0x00000000f6400000)
  from space 12800K,  12% used [0x00000000f6400000, 0x00000000f6595580, 0x00000000f7080000)
  to   space 12800K,   0% used [0x00000000f7080000, 0x00000000f7080000, 0x00000000f7d00000)
 concurrent mark-sweep generation total 134144K, used 43146K [0x00000000f7d00000, 0x0000000100000000, 0x0000000100000000)
 Metaspace       used 65056K, capacity 69734K, committed 69888K, reserved 1110016K
  class space    used 8388K, capacity 9180K, committed 9216K, reserved 1048576K
}
{Heap before GC invocations=370 (full 0):
 par new generation   total 115200K, used 104021K [0x00000000f0000000, 0x00000000f7d00000, 0x00000000f7d00000)
  eden space 102400K, 100% used [0x00000000f0000000, 0x00000000f6400000, 0x00000000f6400000)
  from space 12800K,  12% used [0x00000000f6400000, 0x00000000f6595580, 0x00000000f7080000)
  to   space 12800K,   0% used [0x00000000f7080000, 0x00000000f7080000, 0x00000000f7d00000)
 concurrent mark-sweep generation total 134144K, used 43146K [0x00000000f7d00000, 0x0000000100000000, 0x0000000100000000)
 Metaspace       used 65056K, capacity 69734K, committed 69888K, reserved 1110016K
  class space    used 8388K, capacity 9180K, committed 9216K, reserved 1048576K
2022-09-12T02:04:10.450+0800: 225.227: [GC (Allocation Failure)  147168K->44857K(249344K), 0.0042876 secs]
Heap after GC invocations=371 (full 0):
 par new generation   total 115200K, used 1685K [0x00000000f0000000, 0x00000000f7d00000, 0x00000000f7d00000)
  eden space 102400K,   0% used [0x00000000f0000000, 0x00000000f0000000, 0x00000000f6400000)
  from space 12800K,  13% used [0x00000000f7080000, 0x00000000f72255a8, 0x00000000f7d00000)
  to   space 12800K,   0% used [0x00000000f6400000, 0x00000000f6400000, 0x00000000f7080000)
 concurrent mark-sweep generation total 134144K, used 43172K [0x00000000f7d00000, 0x0000000100000000, 0x0000000100000000)
 Metaspace       used 65056K, capacity 69734K, committed 69888K, reserved 1110016K
  class space    used 8388K, capacity 9180K, committed 9216K, reserved 1048576K
}
{Heap before GC invocations=371 (full 0):
 par new generation   total 115200K, used 104085K [0x00000000f0000000, 0x00000000f7d00000, 0x00000000f7d00000)
  eden space 102400K, 100% used [0x00000000f0000000, 0x00000000f6400000, 0x00000000f6400000)
  from space 12800K,  13% used [0x00000000f7080000, 0x00000000f72255a8, 0x00000000f7d00000)
  to   space 12800K,   0% used [0x00000000f6400000, 0x00000000f6400000, 0x00000000f7080000)
 concurrent mark-sweep generation total 134144K, used 43172K [0x00000000f7d00000, 0x0000000100000000, 0x0000000100000000)
 Metaspace       used 65056K, capacity 69734K, committed 69888K, reserved 1110016K
  class space    used 8388K, capacity 9180K, committed 9216K, reserved 1048576K
2022-09-12T02:04:10.799+0800: 225.576: [GC (Allocation Failure)  147257K->44385K(249344K), 0.0041125 secs]
Heap after GC invocations=372 (full 0):
 par new generation   total 115200K, used 1195K [0x00000000f0000000, 0x00000000f7d00000, 0x00000000f7d00000)
  eden space 102400K,   0% used [0x00000000f0000000, 0x00000000f0000000, 0x00000000f6400000)
  from space 12800K,   9% used [0x00000000f6400000, 0x00000000f652ad40, 0x00000000f7080000)
  to   space 12800K,   0% used [0x00000000f7080000, 0x00000000f7080000, 0x00000000f7d00000)
 concurrent mark-sweep generation total 134144K, used 43190K [0x00000000f7d00000, 0x0000000100000000, 0x0000000100000000)
 Metaspace       used 65056K, capacity 69734K, committed 69888K, reserved 1110016K
  class space    used 8388K, capacity 9180K, committed 9216K, reserved 1048576K
}
{Heap before GC invocations=372 (full 0):
 par new generation   total 115200K, used 103595K [0x00000000f0000000, 0x00000000f7d00000, 0x00000000f7d00000)
  eden space 102400K, 100% used [0x00000000f0000000, 0x00000000f6400000, 0x00000000f6400000)
  from space 12800K,   9% used [0x00000000f6400000, 0x00000000f652ad40, 0x00000000f7080000)
  to   space 12800K,   0% used [0x00000000f7080000, 0x00000000f7080000, 0x00000000f7d00000)
 concurrent mark-sweep generation total 134144K, used 43190K [0x00000000f7d00000, 0x0000000100000000, 0x0000000100000000)
 Metaspace       used 65056K, capacity 69734K, committed 69888K, reserved 1110016K
  class space    used 8388K, capacity 9180K, committed 9216K, reserved 1048576K
2022-09-12T02:04:11.150+0800: 225.927: [GC (Allocation Failure)  146785K->44708K(249344K), 0.0040782 secs]
Heap after GC invocations=373 (full 0):
 par new generation   total 115200K, used 1506K [0x00000000f0000000, 0x00000000f7d00000, 0x00000000f7d00000)
  eden space 102400K,   0% used [0x00000000f0000000, 0x00000000f0000000, 0x00000000f6400000)
  from space 12800K,  11% used [0x00000000f7080000, 0x00000000f71f8a90, 0x00000000f7d00000)
  to   space 12800K,   0% used [0x00000000f6400000, 0x00000000f6400000, 0x00000000f7080000)
 concurrent mark-sweep generation total 134144K, used 43201K [0x00000000f7d00000, 0x0000000100000000, 0x0000000100000000)
 Metaspace       used 65056K, capacity 69734K, committed 69888K, reserved 1110016K
  class space    used 8388K, capacity 9180K, committed 9216K, reserved 1048576K
}
{Heap before GC invocations=373 (full 0):
 par new generation   total 115200K, used 103906K [0x00000000f0000000, 0x00000000f7d00000, 0x00000000f7d00000)
  eden space 102400K, 100% used [0x00000000f0000000, 0x00000000f6400000, 0x00000000f6400000)
  from space 12800K,  11% used [0x00000000f7080000, 0x00000000f71f8a90, 0x00000000f7d00000)
  to   space 12800K,   0% used [0x00000000f6400000, 0x00000000f6400000, 0x00000000f7080000)
 concurrent mark-sweep generation total 134144K, used 43201K [0x00000000f7d00000, 0x0000000100000000, 0x0000000100000000)
 Metaspace       used 65058K, capacity 69734K, committed 69888K, reserved 1110016K
  class space    used 8388K, capacity 9180K, committed 9216K, reserved 1048576K
2022-09-12T02:04:11.499+0800: 226.276: [GC (Allocation Failure)  147108K->44838K(249344K), 0.0042363 secs]
Heap after GC invocations=374 (full 0):
 par new generation   total 115200K, used 1630K [0x00000000f0000000, 0x00000000f7d00000, 0x00000000f7d00000)
  eden space 102400K,   0% used [0x00000000f0000000, 0x00000000f0000000, 0x00000000f6400000)
  from space 12800K,  12% used [0x00000000f6400000, 0x00000000f6597ab0, 0x00000000f7080000)
  to   space 12800K,   0% used [0x00000000f7080000, 0x00000000f7080000, 0x00000000f7d00000)
 concurrent mark-sweep generation total 134144K, used 43208K [0x00000000f7d00000, 0x0000000100000000, 0x0000000100000000)
 Metaspace       used 65058K, capacity 69734K, committed 69888K, reserved 1110016K
  class space    used 8388K, capacity 9180K, committed 9216K, reserved 1048576K
}
{Heap before GC invocations=374 (full 0):
 par new generation   total 115200K, used 104030K [0x00000000f0000000, 0x00000000f7d00000, 0x00000000f7d00000)
  eden space 102400K, 100% used [0x00000000f0000000, 0x00000000f6400000, 0x00000000f6400000)
  from space 12800K,  12% used [0x00000000f6400000, 0x00000000f6597ab0, 0x00000000f7080000)
  to   space 12800K,   0% used [0x00000000f7080000, 0x00000000f7080000, 0x00000000f7d00000)
 concurrent mark-sweep generation total 134144K, used 43208K [0x00000000f7d00000, 0x0000000100000000, 0x0000000100000000)
 Metaspace       used 65058K, capacity 69734K, committed 69888K, reserved 1110016K
  class space    used 8388K, capacity 9180K, committed 9216K, reserved 1048576K
2022-09-12T02:04:11.854+0800: 226.631: [GC (Allocation Failure)  147238K->44929K(249344K), 0.0040627 secs]
Heap after GC invocations=375 (full 0):
 par new generation   total 115200K, used 1704K [0x00000000f0000000, 0x00000000f7d00000, 0x00000000f7d00000)
  eden space 102400K,   0% used [0x00000000f0000000, 0x00000000f0000000, 0x00000000f6400000)
  from space 12800K,  13% used [0x00000000f7080000, 0x00000000f722a350, 0x00000000f7d00000)
  to   space 12800K,   0% used [0x00000000f6400000, 0x00000000f6400000, 0x00000000f7080000)
 concurrent mark-sweep generation total 134144K, used 43224K [0x00000000f7d00000, 0x0000000100000000, 0x0000000100000000)
 Metaspace       used 65058K, capacity 69734K, committed 69888K, reserved 1110016K
  class space    used 8388K, capacity 9180K, committed 9216K, reserved 1048576K
}
{Heap before GC invocations=375 (full 0):
 par new generation   total 115200K, used 104104K [0x00000000f0000000, 0x00000000f7d00000, 0x00000000f7d00000)
  eden space 102400K, 100% used [0x00000000f0000000, 0x00000000f6400000, 0x00000000f6400000)
  from space 12800K,  13% used [0x00000000f7080000, 0x00000000f722a350, 0x00000000f7d00000)
  to   space 12800K,   0% used [0x00000000f6400000, 0x00000000f6400000, 0x00000000f7080000)
 concurrent mark-sweep generation total 134144K, used 43224K [0x00000000f7d00000, 0x0000000100000000, 0x0000000100000000)
 Metaspace       used 65058K, capacity 69734K, committed 69888K, reserved 1110016K
  class space    used 8388K, capacity 9180K, committed 9216K, reserved 1048576K
2022-09-12T02:04:12.205+0800: 226.982: [GC (Allocation Failure)  147329K->44592K(249344K), 0.0041733 secs]
Heap after GC invocations=376 (full 0):
 par new generation   total 115200K, used 1349K [0x00000000f0000000, 0x00000000f7d00000, 0x00000000f7d00000)
  eden space 102400K,   0% used [0x00000000f0000000, 0x00000000f0000000, 0x00000000f6400000)
  from space 12800K,  10% used [0x00000000f6400000, 0x00000000f6551410, 0x00000000f7080000)
  to   space 12800K,   0% used [0x00000000f7080000, 0x00000000f7080000, 0x00000000f7d00000)
 concurrent mark-sweep generation total 134144K, used 43243K [0x00000000f7d00000, 0x0000000100000000, 0x0000000100000000)
 Metaspace       used 65058K, capacity 69734K, committed 69888K, reserved 1110016K
  class space    used 8388K, capacity 9180K, committed 9216K, reserved 1048576K
}
{Heap before GC invocations=376 (full 0):
 par new generation   total 115200K, used 103749K [0x00000000f0000000, 0x00000000f7d00000, 0x00000000f7d00000)
  eden space 102400K, 100% used [0x00000000f0000000, 0x00000000f6400000, 0x00000000f6400000)
  from space 12800K,  10% used [0x00000000f6400000, 0x00000000f6551410, 0x00000000f7080000)
  to   space 12800K,   0% used [0x00000000f7080000, 0x00000000f7080000, 0x00000000f7d00000)
 concurrent mark-sweep generation total 134144K, used 43243K [0x00000000f7d00000, 0x0000000100000000, 0x0000000100000000)
 Metaspace       used 65058K, capacity 69734K, committed 69888K, reserved 1110016K
  class space    used 8388K, capacity 9180K, committed 9216K, reserved 1048576K
2022-09-12T02:04:12.554+0800: 227.331: [GC (Allocation Failure)  146992K->44824K(249344K), 0.0041165 secs]
Heap after GC invocations=377 (full 0):
 par new generation   total 115200K, used 1566K [0x00000000f0000000, 0x00000000f7d00000, 0x00000000f7d00000)
  eden space 102400K,   0% used [0x00000000f0000000, 0x00000000f0000000, 0x00000000f6400000)
  from space 12800K,  12% used [0x00000000f7080000, 0x00000000f7207970, 0x00000000f7d00000)
  to   space 12800K,   0% used [0x00000000f6400000, 0x00000000f6400000, 0x00000000f7080000)
 concurrent mark-sweep generation total 134144K, used 43257K [0x00000000f7d00000, 0x0000000100000000, 0x0000000100000000)
 Metaspace       used 65058K, capacity 69734K, committed 69888K, reserved 1110016K
  class space    used 8388K, capacity 9180K, committed 9216K, reserved 1048576K
}
{Heap before GC invocations=377 (full 0):
 par new generation   total 115200K, used 103966K [0x00000000f0000000, 0x00000000f7d00000, 0x00000000f7d00000)
  eden space 102400K, 100% used [0x00000000f0000000, 0x00000000f6400000, 0x00000000f6400000)
  from space 12800K,  12% used [0x00000000f7080000, 0x00000000f7207970, 0x00000000f7d00000)
  to   space 12800K,   0% used [0x00000000f6400000, 0x00000000f6400000, 0x00000000f7080000)
 concurrent mark-sweep generation total 134144K, used 43257K [0x00000000f7d00000, 0x0000000100000000, 0x0000000100000000)
 Metaspace       used 65058K, capacity 69734K, committed 69888K, reserved 1110016K
  class space    used 8388K, capacity 9180K, committed 9216K, reserved 1048576K
2022-09-12T02:04:12.903+0800: 227.680: [GC (Allocation Failure)  147224K->44706K(249344K), 0.0041365 secs]
Heap after GC invocations=378 (full 0):
 par new generation   total 115200K, used 1433K [0x00000000f0000000, 0x00000000f7d00000, 0x00000000f7d00000)
  eden space 102400K,   0% used [0x00000000f0000000, 0x00000000f0000000, 0x00000000f6400000)
  from space 12800K,  11% used [0x00000000f6400000, 0x00000000f6566470, 0x00000000f7080000)
  to   space 12800K,   0% used [0x00000000f7080000, 0x00000000f7080000, 0x00000000f7d00000)
 concurrent mark-sweep generation total 134144K, used 43273K [0x00000000f7d00000, 0x0000000100000000, 0x0000000100000000)
 Metaspace       used 65058K, capacity 69734K, committed 69888K, reserved 1110016K
  class space    used 8388K, capacity 9180K, committed 9216K, reserved 1048576K
}
{Heap before GC invocations=378 (full 0):
 par new generation   total 115200K, used 103833K [0x00000000f0000000, 0x00000000f7d00000, 0x00000000f7d00000)
  eden space 102400K, 100% used [0x00000000f0000000, 0x00000000f6400000, 0x00000000f6400000)
  from space 12800K,  11% used [0x00000000f6400000, 0x00000000f6566470, 0x00000000f7080000)
  to   space 12800K,   0% used [0x00000000f7080000, 0x00000000f7080000, 0x00000000f7d00000)
 concurrent mark-sweep generation total 134144K, used 43273K [0x00000000f7d00000, 0x0000000100000000, 0x0000000100000000)
 Metaspace       used 65058K, capacity 69734K, committed 69888K, reserved 1110016K
  class space    used 8388K, capacity 9180K, committed 9216K, reserved 1048576K
2022-09-12T02:04:13.252+0800: 228.029: [GC (Allocation Failure)  147106K->44972K(249344K), 0.0041243 secs]
Heap after GC invocations=379 (full 0):
 par new generation   total 115200K, used 1671K [0x00000000f0000000, 0x00000000f7d00000, 0x00000000f7d00000)
  eden space 102400K,   0% used [0x00000000f0000000, 0x00000000f0000000, 0x00000000f6400000)
  from space 12800K,  13% used [0x00000000f7080000, 0x00000000f7221e88, 0x00000000f7d00000)
  to   space 12800K,   0% used [0x00000000f6400000, 0x00000000f6400000, 0x00000000f7080000)
 concurrent mark-sweep generation total 134144K, used 43301K [0x00000000f7d00000, 0x0000000100000000, 0x0000000100000000)
 Metaspace       used 65058K, capacity 69734K, committed 69888K, reserved 1110016K
  class space    used 8388K, capacity 9180K, committed 9216K, reserved 1048576K
}
{Heap before GC invocations=379 (full 0):
 par new generation   total 115200K, used 104071K [0x00000000f0000000, 0x00000000f7d00000, 0x00000000f7d00000)
  eden space 102400K, 100% used [0x00000000f0000000, 0x00000000f6400000, 0x00000000f6400000)
  from space 12800K,  13% used [0x00000000f7080000, 0x00000000f7221e88, 0x00000000f7d00000)
  to   space 12800K,   0% used [0x00000000f6400000, 0x00000000f6400000, 0x00000000f7080000)
 concurrent mark-sweep generation total 134144K, used 43301K [0x00000000f7d00000, 0x0000000100000000, 0x0000000100000000)
 Metaspace       used 65058K, capacity 69734K, committed 69888K, reserved 1110016K
  class space    used 8388K, capacity 9180K, committed 9216K, reserved 1048576K
2022-09-12T02:04:13.609+0800: 228.386: [GC (Allocation Failure)  147372K->44534K(249344K), 0.0041346 secs]
Heap after GC invocations=380 (full 0):
 par new generation   total 115200K, used 1213K [0x00000000f0000000, 0x00000000f7d00000, 0x00000000f7d00000)
  eden space 102400K,   0% used [0x00000000f0000000, 0x00000000f0000000, 0x00000000f6400000)
  from space 12800K,   9% used [0x00000000f6400000, 0x00000000f652f580, 0x00000000f7080000)
  to   space 12800K,   0% used [0x00000000f7080000, 0x00000000f7080000, 0x00000000f7d00000)
 concurrent mark-sweep generation total 134144K, used 43320K [0x00000000f7d00000, 0x0000000100000000, 0x0000000100000000)
 Metaspace       used 65058K, capacity 69734K, committed 69888K, reserved 1110016K
  class space    used 8388K, capacity 9180K, committed 9216K, reserved 1048576K
}
{Heap before GC invocations=380 (full 0):
 par new generation   total 115200K, used 103613K [0x00000000f0000000, 0x00000000f7d00000, 0x00000000f7d00000)
  eden space 102400K, 100% used [0x00000000f0000000, 0x00000000f6400000, 0x00000000f6400000)
  from space 12800K,   9% used [0x00000000f6400000, 0x00000000f652f580, 0x00000000f7080000)
  to   space 12800K,   0% used [0x00000000f7080000, 0x00000000f7080000, 0x00000000f7d00000)
 concurrent mark-sweep generation total 134144K, used 43320K [0x00000000f7d00000, 0x0000000100000000, 0x0000000100000000)
 Metaspace       used 65058K, capacity 69734K, committed 69888K, reserved 1110016K
  class space    used 8388K, capacity 9180K, committed 9216K, reserved 1048576K
2022-09-12T02:04:13.958+0800: 228.735: [GC (Allocation Failure)  146934K->44844K(249344K), 0.0039677 secs]
Heap after GC invocations=381 (full 0):
 par new generation   total 115200K, used 1514K [0x00000000f0000000, 0x00000000f7d00000, 0x00000000f7d00000)
  eden space 102400K,   0% used [0x00000000f0000000, 0x00000000f0000000, 0x00000000f6400000)
  from space 12800K,  11% used [0x00000000f7080000, 0x00000000f71faa80, 0x00000000f7d00000)
  to   space 12800K,   0% used [0x00000000f6400000, 0x00000000f6400000, 0x00000000f7080000)
 concurrent mark-sweep generation total 134144K, used 43329K [0x00000000f7d00000, 0x0000000100000000, 0x0000000100000000)
 Metaspace       used 65058K, capacity 69734K, committed 69888K, reserved 1110016K
  class space    used 8388K, capacity 9180K, committed 9216K, reserved 1048576K
}
{Heap before GC invocations=381 (full 0):
 par new generation   total 115200K, used 103914K [0x00000000f0000000, 0x00000000f7d00000, 0x00000000f7d00000)
  eden space 102400K, 100% used [0x00000000f0000000, 0x00000000f6400000, 0x00000000f6400000)
  from space 12800K,  11% used [0x00000000f7080000, 0x00000000f71faa80, 0x00000000f7d00000)
  to   space 12800K,   0% used [0x00000000f6400000, 0x00000000f6400000, 0x00000000f7080000)
 concurrent mark-sweep generation total 134144K, used 43329K [0x00000000f7d00000, 0x0000000100000000, 0x0000000100000000)
 Metaspace       used 65058K, capacity 69734K, committed 69888K, reserved 1110016K
  class space    used 8388K, capacity 9180K, committed 9216K, reserved 1048576K
2022-09-12T02:04:14.307+0800: 229.084: [GC (Allocation Failure)  147244K->44941K(249344K), 0.0040335 secs]
Heap after GC invocations=382 (full 0):
 par new generation   total 115200K, used 1603K [0x00000000f0000000, 0x00000000f7d00000, 0x00000000f7d00000)
  eden space 102400K,   0% used [0x00000000f0000000, 0x00000000f0000000, 0x00000000f6400000)
  from space 12800K,  12% used [0x00000000f6400000, 0x00000000f6590ce0, 0x00000000f7080000)
  to   space 12800K,   0% used [0x00000000f7080000, 0x00000000f7080000, 0x00000000f7d00000)
 concurrent mark-sweep generation total 134144K, used 43338K [0x00000000f7d00000, 0x0000000100000000, 0x0000000100000000)
 Metaspace       used 65058K, capacity 69734K, committed 69888K, reserved 1110016K
  class space    used 8388K, capacity 9180K, committed 9216K, reserved 1048576K
}
{Heap before GC invocations=382 (full 0):
 par new generation   total 115200K, used 104003K [0x00000000f0000000, 0x00000000f7d00000, 0x00000000f7d00000)
  eden space 102400K, 100% used [0x00000000f0000000, 0x00000000f6400000, 0x00000000f6400000)
  from space 12800K,  12% used [0x00000000f6400000, 0x00000000f6590ce0, 0x00000000f7080000)
  to   space 12800K,   0% used [0x00000000f7080000, 0x00000000f7080000, 0x00000000f7d00000)
 concurrent mark-sweep generation total 134144K, used 43338K [0x00000000f7d00000, 0x0000000100000000, 0x0000000100000000)
 Metaspace       used 65058K, capacity 69734K, committed 69888K, reserved 1110016K
  class space    used 8388K, capacity 9180K, committed 9216K, reserved 1048576K
2022-09-12T02:04:14.654+0800: 229.432: [GC (Allocation Failure)  147341K->45046K(249344K), 0.0040663 secs]
Heap after GC invocations=383 (full 0):
 par new generation   total 115200K, used 1692K [0x00000000f0000000, 0x00000000f7d00000, 0x00000000f7d00000)
  eden space 102400K,   0% used [0x00000000f0000000, 0x00000000f0000000, 0x00000000f6400000)
  from space 12800K,  13% used [0x00000000f7080000, 0x00000000f72271a8, 0x00000000f7d00000)
  to   space 12800K,   0% used [0x00000000f6400000, 0x00000000f6400000, 0x00000000f7080000)
 concurrent mark-sweep generation total 134144K, used 43353K [0x00000000f7d00000, 0x0000000100000000, 0x0000000100000000)
 Metaspace       used 65058K, capacity 69734K, committed 69888K, reserved 1110016K
  class space    used 8388K, capacity 9180K, committed 9216K, reserved 1048576K
}
{Heap before GC invocations=383 (full 0):
 par new generation   total 115200K, used 104092K [0x00000000f0000000, 0x00000000f7d00000, 0x00000000f7d00000)
  eden space 102400K, 100% used [0x00000000f0000000, 0x00000000f6400000, 0x00000000f6400000)
  from space 12800K,  13% used [0x00000000f7080000, 0x00000000f72271a8, 0x00000000f7d00000)
  to   space 12800K,   0% used [0x00000000f6400000, 0x00000000f6400000, 0x00000000f7080000)
 concurrent mark-sweep generation total 134144K, used 43353K [0x00000000f7d00000, 0x0000000100000000, 0x0000000100000000)
 Metaspace       used 65058K, capacity 69734K, committed 69888K, reserved 1110016K
  class space    used 8388K, capacity 9180K, committed 9216K, reserved 1048576K
2022-09-12T02:04:15.003+0800: 229.780: [GC (Allocation Failure)  147446K->44591K(249344K), 0.0040831 secs]
Heap after GC invocations=384 (full 0):
 par new generation   total 115200K, used 1216K [0x00000000f0000000, 0x00000000f7d00000, 0x00000000f7d00000)
  eden space 102400K,   0% used [0x00000000f0000000, 0x00000000f0000000, 0x00000000f6400000)
  from space 12800K,   9% used [0x00000000f6400000, 0x00000000f65300c0, 0x00000000f7080000)
  to   space 12800K,   0% used [0x00000000f7080000, 0x00000000f7080000, 0x00000000f7d00000)
 concurrent mark-sweep generation total 134144K, used 43375K [0x00000000f7d00000, 0x0000000100000000, 0x0000000100000000)
 Metaspace       used 65058K, capacity 69734K, committed 69888K, reserved 1110016K
  class space    used 8388K, capacity 9180K, committed 9216K, reserved 1048576K
}
{Heap before GC invocations=384 (full 0):
 par new generation   total 115200K, used 103616K [0x00000000f0000000, 0x00000000f7d00000, 0x00000000f7d00000)
  eden space 102400K, 100% used [0x00000000f0000000, 0x00000000f6400000, 0x00000000f6400000)
  from space 12800K,   9% used [0x00000000f6400000, 0x00000000f65300c0, 0x00000000f7080000)
  to   space 12800K,   0% used [0x00000000f7080000, 0x00000000f7080000, 0x00000000f7d00000)
 concurrent mark-sweep generation total 134144K, used 43375K [0x00000000f7d00000, 0x0000000100000000, 0x0000000100000000)
 Metaspace       used 65058K, capacity 69734K, committed 69888K, reserved 1110016K
  class space    used 8388K, capacity 9180K, committed 9216K, reserved 1048576K
2022-09-12T02:04:15.352+0800: 230.129: [GC (Allocation Failure)  146991K->44912K(249344K), 0.0039750 secs]
Heap after GC invocations=385 (full 0):
 par new generation   total 115200K, used 1523K [0x00000000f0000000, 0x00000000f7d00000, 0x00000000f7d00000)
  eden space 102400K,   0% used [0x00000000f0000000, 0x00000000f0000000, 0x00000000f6400000)
  from space 12800K,  11% used [0x00000000f7080000, 0x00000000f71fcfe8, 0x00000000f7d00000)
  to   space 12800K,   0% used [0x00000000f6400000, 0x00000000f6400000, 0x00000000f7080000)
 concurrent mark-sweep generation total 134144K, used 43388K [0x00000000f7d00000, 0x0000000100000000, 0x0000000100000000)
 Metaspace       used 65058K, capacity 69734K, committed 69888K, reserved 1110016K
  class space    used 8388K, capacity 9180K, committed 9216K, reserved 1048576K
}
{Heap before GC invocations=385 (full 0):
 par new generation   total 115200K, used 103923K [0x00000000f0000000, 0x00000000f7d00000, 0x00000000f7d00000)
  eden space 102400K, 100% used [0x00000000f0000000, 0x00000000f6400000, 0x00000000f6400000)
  from space 12800K,  11% used [0x00000000f7080000, 0x00000000f71fcfe8, 0x00000000f7d00000)
  to   space 12800K,   0% used [0x00000000f6400000, 0x00000000f6400000, 0x00000000f7080000)
 concurrent mark-sweep generation total 134144K, used 43388K [0x00000000f7d00000, 0x0000000100000000, 0x0000000100000000)
 Metaspace       used 65058K, capacity 69734K, committed 69888K, reserved 1110016K
  class space    used 8388K, capacity 9180K, committed 9216K, reserved 1048576K
2022-09-12T02:04:15.700+0800: 230.477: [GC (Allocation Failure)  147312K->45052K(249344K), 0.0040815 secs]
Heap after GC invocations=386 (full 0):
 par new generation   total 115200K, used 1646K [0x00000000f0000000, 0x00000000f7d00000, 0x00000000f7d00000)
  eden space 102400K,   0% used [0x00000000f0000000, 0x00000000f0000000, 0x00000000f6400000)
  from space 12800K,  12% used [0x00000000f6400000, 0x00000000f659bb38, 0x00000000f7080000)
  to   space 12800K,   0% used [0x00000000f7080000, 0x00000000f7080000, 0x00000000f7d00000)
 concurrent mark-sweep generation total 134144K, used 43405K [0x00000000f7d00000, 0x0000000100000000, 0x0000000100000000)
 Metaspace       used 65058K, capacity 69734K, committed 69888K, reserved 1110016K
  class space    used 8388K, capacity 9180K, committed 9216K, reserved 1048576K
}
{Heap before GC invocations=386 (full 0):
 par new generation   total 115200K, used 104046K [0x00000000f0000000, 0x00000000f7d00000, 0x00000000f7d00000)
  eden space 102400K, 100% used [0x00000000f0000000, 0x00000000f6400000, 0x00000000f6400000)
  from space 12800K,  12% used [0x00000000f6400000, 0x00000000f659bb38, 0x00000000f7080000)
  to   space 12800K,   0% used [0x00000000f7080000, 0x00000000f7080000, 0x00000000f7d00000)
 concurrent mark-sweep generation total 134144K, used 43405K [0x00000000f7d00000, 0x0000000100000000, 0x0000000100000000)
 Metaspace       used 65058K, capacity 69734K, committed 69888K, reserved 1110016K
  class space    used 8388K, capacity 9180K, committed 9216K, reserved 1048576K
2022-09-12T02:04:16.050+0800: 230.827: [GC (Allocation Failure)  147452K->44884K(249344K), 0.0042076 secs]
Heap after GC invocations=387 (full 0):
 par new generation   total 115200K, used 1451K [0x00000000f0000000, 0x00000000f7d00000, 0x00000000f7d00000)
  eden space 102400K,   0% used [0x00000000f0000000, 0x00000000f0000000, 0x00000000f6400000)
  from space 12800K,  11% used [0x00000000f7080000, 0x00000000f71eadf0, 0x00000000f7d00000)
  to   space 12800K,   0% used [0x00000000f6400000, 0x00000000f6400000, 0x00000000f7080000)
 concurrent mark-sweep generation total 134144K, used 43433K [0x00000000f7d00000, 0x0000000100000000, 0x0000000100000000)
 Metaspace       used 65058K, capacity 69734K, committed 69888K, reserved 1110016K
  class space    used 8388K, capacity 9180K, committed 9216K, reserved 1048576K
}
{Heap before GC invocations=387 (full 0):
 par new generation   total 115200K, used 103851K [0x00000000f0000000, 0x00000000f7d00000, 0x00000000f7d00000)
  eden space 102400K, 100% used [0x00000000f0000000, 0x00000000f6400000, 0x00000000f6400000)
  from space 12800K,  11% used [0x00000000f7080000, 0x00000000f71eadf0, 0x00000000f7d00000)
  to   space 12800K,   0% used [0x00000000f6400000, 0x00000000f6400000, 0x00000000f7080000)
 concurrent mark-sweep generation total 134144K, used 43433K [0x00000000f7d00000, 0x0000000100000000, 0x0000000100000000)
 Metaspace       used 65058K, capacity 69734K, committed 69888K, reserved 1110016K
  class space    used 8388K, capacity 9180K, committed 9216K, reserved 1048576K
2022-09-12T02:04:16.407+0800: 231.184: [GC (Allocation Failure)  147284K->44964K(249344K), 0.0040782 secs]
Heap after GC invocations=388 (full 0):
 par new generation   total 115200K, used 1518K [0x00000000f0000000, 0x00000000f7d00000, 0x00000000f7d00000)
  eden space 102400K,   0% used [0x00000000f0000000, 0x00000000f0000000, 0x00000000f6400000)
  from space 12800K,  11% used [0x00000000f6400000, 0x00000000f657b848, 0x00000000f7080000)
  to   space 12800K,   0% used [0x00000000f7080000, 0x00000000f7080000, 0x00000000f7d00000)
 concurrent mark-sweep generation total 134144K, used 43446K [0x00000000f7d00000, 0x0000000100000000, 0x0000000100000000)
 Metaspace       used 65058K, capacity 69734K, committed 69888K, reserved 1110016K
  class space    used 8388K, capacity 9180K, committed 9216K, reserved 1048576K
}
{Heap before GC invocations=388 (full 0):
 par new generation   total 115200K, used 103918K [0x00000000f0000000, 0x00000000f7d00000, 0x00000000f7d00000)
  eden space 102400K, 100% used [0x00000000f0000000, 0x00000000f6400000, 0x00000000f6400000)
  from space 12800K,  11% used [0x00000000f6400000, 0x00000000f657b848, 0x00000000f7080000)
  to   space 12800K,   0% used [0x00000000f7080000, 0x00000000f7080000, 0x00000000f7d00000)
 concurrent mark-sweep generation total 134144K, used 43446K [0x00000000f7d00000, 0x0000000100000000, 0x0000000100000000)
 Metaspace       used 65063K, capacity 69734K, committed 69888K, reserved 1110016K
  class space    used 8388K, capacity 9180K, committed 9216K, reserved 1048576K
2022-09-12T02:04:16.755+0800: 231.533: [GC (Allocation Failure)  147364K->45108K(249344K), 0.0040668 secs]
Heap after GC invocations=389 (full 0):
 par new generation   total 115200K, used 1650K [0x00000000f0000000, 0x00000000f7d00000, 0x00000000f7d00000)
  eden space 102400K,   0% used [0x00000000f0000000, 0x00000000f0000000, 0x00000000f6400000)
  from space 12800K,  12% used [0x00000000f7080000, 0x00000000f721caf8, 0x00000000f7d00000)
  to   space 12800K,   0% used [0x00000000f6400000, 0x00000000f6400000, 0x00000000f7080000)
 concurrent mark-sweep generation total 134144K, used 43457K [0x00000000f7d00000, 0x0000000100000000, 0x0000000100000000)
 Metaspace       used 65063K, capacity 69734K, committed 69888K, reserved 1110016K
  class space    used 8388K, capacity 9180K, committed 9216K, reserved 1048576K
}
{Heap before GC invocations=389 (full 0):
 par new generation   total 115200K, used 104050K [0x00000000f0000000, 0x00000000f7d00000, 0x00000000f7d00000)
  eden space 102400K, 100% used [0x00000000f0000000, 0x00000000f6400000, 0x00000000f6400000)
  from space 12800K,  12% used [0x00000000f7080000, 0x00000000f721caf8, 0x00000000f7d00000)
  to   space 12800K,   0% used [0x00000000f6400000, 0x00000000f6400000, 0x00000000f7080000)
 concurrent mark-sweep generation total 134144K, used 43457K [0x00000000f7d00000, 0x0000000100000000, 0x0000000100000000)
 Metaspace       used 65063K, capacity 69734K, committed 69888K, reserved 1110016K
  class space    used 8388K, capacity 9180K, committed 9216K, reserved 1048576K
2022-09-12T02:04:17.105+0800: 231.882: [GC (Allocation Failure)  147508K->44670K(249344K), 0.0039369 secs]
Heap after GC invocations=390 (full 0):
 par new generation   total 115200K, used 1204K [0x00000000f0000000, 0x00000000f7d00000, 0x00000000f7d00000)
  eden space 102400K,   0% used [0x00000000f0000000, 0x00000000f0000000, 0x00000000f6400000)
  from space 12800K,   9% used [0x00000000f6400000, 0x00000000f652d100, 0x00000000f7080000)
  to   space 12800K,   0% used [0x00000000f7080000, 0x00000000f7080000, 0x00000000f7d00000)
 concurrent mark-sweep generation total 134144K, used 43466K [0x00000000f7d00000, 0x0000000100000000, 0x0000000100000000)
 Metaspace       used 65063K, capacity 69734K, committed 69888K, reserved 1110016K
  class space    used 8388K, capacity 9180K, committed 9216K, reserved 1048576K
}
{Heap before GC invocations=390 (full 0):
 par new generation   total 115200K, used 103604K [0x00000000f0000000, 0x00000000f7d00000, 0x00000000f7d00000)
  eden space 102400K, 100% used [0x00000000f0000000, 0x00000000f6400000, 0x00000000f6400000)
  from space 12800K,   9% used [0x00000000f6400000, 0x00000000f652d100, 0x00000000f7080000)
  to   space 12800K,   0% used [0x00000000f7080000, 0x00000000f7080000, 0x00000000f7d00000)
 concurrent mark-sweep generation total 134144K, used 43466K [0x00000000f7d00000, 0x0000000100000000, 0x0000000100000000)
 Metaspace       used 65063K, capacity 69734K, committed 69888K, reserved 1110016K
  class space    used 8388K, capacity 9180K, committed 9216K, reserved 1048576K
2022-09-12T02:04:17.453+0800: 232.231: [GC (Allocation Failure)  147070K->45024K(249344K), 0.0041451 secs]
Heap after GC invocations=391 (full 0):
 par new generation   total 115200K, used 1537K [0x00000000f0000000, 0x00000000f7d00000, 0x00000000f7d00000)
  eden space 102400K,   0% used [0x00000000f0000000, 0x00000000f0000000, 0x00000000f6400000)
  from space 12800K,  12% used [0x00000000f7080000, 0x00000000f72006d0, 0x00000000f7d00000)
  to   space 12800K,   0% used [0x00000000f6400000, 0x00000000f6400000, 0x00000000f7080000)
 concurrent mark-sweep generation total 134144K, used 43486K [0x00000000f7d00000, 0x0000000100000000, 0x0000000100000000)
 Metaspace       used 65063K, capacity 69734K, committed 69888K, reserved 1110016K
  class space    used 8388K, capacity 9180K, committed 9216K, reserved 1048576K
}
{Heap before GC invocations=391 (full 0):
 par new generation   total 115200K, used 103937K [0x00000000f0000000, 0x00000000f7d00000, 0x00000000f7d00000)
  eden space 102400K, 100% used [0x00000000f0000000, 0x00000000f6400000, 0x00000000f6400000)
  from space 12800K,  12% used [0x00000000f7080000, 0x00000000f72006d0, 0x00000000f7d00000)
  to   space 12800K,   0% used [0x00000000f6400000, 0x00000000f6400000, 0x00000000f7080000)
 concurrent mark-sweep generation total 134144K, used 43486K [0x00000000f7d00000, 0x0000000100000000, 0x0000000100000000)
 Metaspace       used 65063K, capacity 69734K, committed 69888K, reserved 1110016K
  class space    used 8388K, capacity 9180K, committed 9216K, reserved 1048576K
2022-09-12T02:04:17.811+0800: 232.588: [GC (Allocation Failure)  147424K->45142K(249344K), 0.0041135 secs]
Heap after GC invocations=392 (full 0):
 par new generation   total 115200K, used 1635K [0x00000000f0000000, 0x00000000f7d00000, 0x00000000f7d00000)
  eden space 102400K,   0% used [0x00000000f0000000, 0x00000000f0000000, 0x00000000f6400000)
  from space 12800K,  12% used [0x00000000f6400000, 0x00000000f6598c68, 0x00000000f7080000)
  to   space 12800K,   0% used [0x00000000f7080000, 0x00000000f7080000, 0x00000000f7d00000)
 concurrent mark-sweep generation total 134144K, used 43507K [0x00000000f7d00000, 0x0000000100000000, 0x0000000100000000)
 Metaspace       used 65063K, capacity 69734K, committed 69888K, reserved 1110016K
  class space    used 8388K, capacity 9180K, committed 9216K, reserved 1048576K
}
{Heap before GC invocations=392 (full 0):
 par new generation   total 115200K, used 104035K [0x00000000f0000000, 0x00000000f7d00000, 0x00000000f7d00000)
  eden space 102400K, 100% used [0x00000000f0000000, 0x00000000f6400000, 0x00000000f6400000)
  from space 12800K,  12% used [0x00000000f6400000, 0x00000000f6598c68, 0x00000000f7080000)
  to   space 12800K,   0% used [0x00000000f7080000, 0x00000000f7080000, 0x00000000f7d00000)
 concurrent mark-sweep generation total 134144K, used 43507K [0x00000000f7d00000, 0x0000000100000000, 0x0000000100000000)
 Metaspace       used 65063K, capacity 69734K, committed 69888K, reserved 1110016K
  class space    used 8388K, capacity 9180K, committed 9216K, reserved 1048576K
2022-09-12T02:04:18.160+0800: 232.937: [GC (Allocation Failure)  147542K->44808K(249344K), 0.0040164 secs]
Heap after GC invocations=393 (full 0):
 par new generation   total 115200K, used 1294K [0x00000000f0000000, 0x00000000f7d00000, 0x00000000f7d00000)
  eden space 102400K,   0% used [0x00000000f0000000, 0x00000000f0000000, 0x00000000f6400000)
  from space 12800K,  10% used [0x00000000f7080000, 0x00000000f71c39d0, 0x00000000f7d00000)
  to   space 12800K,   0% used [0x00000000f6400000, 0x00000000f6400000, 0x00000000f7080000)
 concurrent mark-sweep generation total 134144K, used 43513K [0x00000000f7d00000, 0x0000000100000000, 0x0000000100000000)
 Metaspace       used 65063K, capacity 69734K, committed 69888K, reserved 1110016K
  class space    used 8388K, capacity 9180K, committed 9216K, reserved 1048576K
}
{Heap before GC invocations=393 (full 0):
 par new generation   total 115200K, used 103694K [0x00000000f0000000, 0x00000000f7d00000, 0x00000000f7d00000)
  eden space 102400K, 100% used [0x00000000f0000000, 0x00000000f6400000, 0x00000000f6400000)
  from space 12800K,  10% used [0x00000000f7080000, 0x00000000f71c39d0, 0x00000000f7d00000)
  to   space 12800K,   0% used [0x00000000f6400000, 0x00000000f6400000, 0x00000000f7080000)
 concurrent mark-sweep generation total 134144K, used 43513K [0x00000000f7d00000, 0x0000000100000000, 0x0000000100000000)
 Metaspace       used 65063K, capacity 69734K, committed 69888K, reserved 1110016K
  class space    used 8388K, capacity 9180K, committed 9216K, reserved 1048576K
2022-09-12T02:04:18.509+0800: 233.286: [GC (Allocation Failure)  147208K->45086K(249344K), 0.0042082 secs]
Heap after GC invocations=394 (full 0):
 par new generation   total 115200K, used 1549K [0x00000000f0000000, 0x00000000f7d00000, 0x00000000f7d00000)
  eden space 102400K,   0% used [0x00000000f0000000, 0x00000000f0000000, 0x00000000f6400000)
  from space 12800K,  12% used [0x00000000f6400000, 0x00000000f6583728, 0x00000000f7080000)
  to   space 12800K,   0% used [0x00000000f7080000, 0x00000000f7080000, 0x00000000f7d00000)
 concurrent mark-sweep generation total 134144K, used 43536K [0x00000000f7d00000, 0x0000000100000000, 0x0000000100000000)
 Metaspace       used 65063K, capacity 69734K, committed 69888K, reserved 1110016K
  class space    used 8388K, capacity 9180K, committed 9216K, reserved 1048576K
}
{Heap before GC invocations=394 (full 0):
 par new generation   total 115200K, used 103949K [0x00000000f0000000, 0x00000000f7d00000, 0x00000000f7d00000)
  eden space 102400K, 100% used [0x00000000f0000000, 0x00000000f6400000, 0x00000000f6400000)
  from space 12800K,  12% used [0x00000000f6400000, 0x00000000f6583728, 0x00000000f7080000)
  to   space 12800K,   0% used [0x00000000f7080000, 0x00000000f7080000, 0x00000000f7d00000)
 concurrent mark-sweep generation total 134144K, used 43536K [0x00000000f7d00000, 0x0000000100000000, 0x0000000100000000)
 Metaspace       used 65063K, capacity 69734K, committed 69888K, reserved 1110016K
  class space    used 8388K, capacity 9180K, committed 9216K, reserved 1048576K
2022-09-12T02:04:18.859+0800: 233.636: [GC (Allocation Failure)  147486K->45199K(249344K), 0.0041767 secs]
Heap after GC invocations=395 (full 0):
 par new generation   total 115200K, used 1639K [0x00000000f0000000, 0x00000000f7d00000, 0x00000000f7d00000)
  eden space 102400K,   0% used [0x00000000f0000000, 0x00000000f0000000, 0x00000000f6400000)
  from space 12800K,  12% used [0x00000000f7080000, 0x00000000f7219fa8, 0x00000000f7d00000)
  to   space 12800K,   0% used [0x00000000f6400000, 0x00000000f6400000, 0x00000000f7080000)
 concurrent mark-sweep generation total 134144K, used 43559K [0x00000000f7d00000, 0x0000000100000000, 0x0000000100000000)
 Metaspace       used 65063K, capacity 69734K, committed 69888K, reserved 1110016K
  class space    used 8388K, capacity 9180K, committed 9216K, reserved 1048576K
}
{Heap before GC invocations=395 (full 0):
 par new generation   total 115200K, used 104039K [0x00000000f0000000, 0x00000000f7d00000, 0x00000000f7d00000)
  eden space 102400K, 100% used [0x00000000f0000000, 0x00000000f6400000, 0x00000000f6400000)
  from space 12800K,  12% used [0x00000000f7080000, 0x00000000f7219fa8, 0x00000000f7d00000)
  to   space 12800K,   0% used [0x00000000f6400000, 0x00000000f6400000, 0x00000000f7080000)
 concurrent mark-sweep generation total 134144K, used 43559K [0x00000000f7d00000, 0x0000000100000000, 0x0000000100000000)
 Metaspace       used 65063K, capacity 69734K, committed 69888K, reserved 1110016K
  class space    used 8388K, capacity 9180K, committed 9216K, reserved 1048576K
2022-09-12T02:04:19.209+0800: 233.987: [GC (Allocation Failure)  147599K->44766K(249344K), 0.0041751 secs]
Heap after GC invocations=396 (full 0):
 par new generation   total 115200K, used 1194K [0x00000000f0000000, 0x00000000f7d00000, 0x00000000f7d00000)
  eden space 102400K,   0% used [0x00000000f0000000, 0x00000000f0000000, 0x00000000f6400000)
  from space 12800K,   9% used [0x00000000f6400000, 0x00000000f652aac0, 0x00000000f7080000)
  to   space 12800K,   0% used [0x00000000f7080000, 0x00000000f7080000, 0x00000000f7d00000)
 concurrent mark-sweep generation total 134144K, used 43571K [0x00000000f7d00000, 0x0000000100000000, 0x0000000100000000)
 Metaspace       used 65063K, capacity 69734K, committed 69888K, reserved 1110016K
  class space    used 8388K, capacity 9180K, committed 9216K, reserved 1048576K
}
{Heap before GC invocations=396 (full 0):
 par new generation   total 115200K, used 103594K [0x00000000f0000000, 0x00000000f7d00000, 0x00000000f7d00000)
  eden space 102400K, 100% used [0x00000000f0000000, 0x00000000f6400000, 0x00000000f6400000)
  from space 12800K,   9% used [0x00000000f6400000, 0x00000000f652aac0, 0x00000000f7080000)
  to   space 12800K,   0% used [0x00000000f7080000, 0x00000000f7080000, 0x00000000f7d00000)
 concurrent mark-sweep generation total 134144K, used 43571K [0x00000000f7d00000, 0x0000000100000000, 0x0000000100000000)
 Metaspace       used 65063K, capacity 69734K, committed 69888K, reserved 1110016K
  class space    used 8388K, capacity 9180K, committed 9216K, reserved 1048576K
2022-09-12T02:04:19.557+0800: 234.335: [GC (Allocation Failure)  147166K->45113K(249344K), 0.0041153 secs]
Heap after GC invocations=397 (full 0):
 par new generation   total 115200K, used 1530K [0x00000000f0000000, 0x00000000f7d00000, 0x00000000f7d00000)
  eden space 102400K,   0% used [0x00000000f0000000, 0x00000000f0000000, 0x00000000f6400000)
  from space 12800K,  11% used [0x00000000f7080000, 0x00000000f71feb40, 0x00000000f7d00000)
  to   space 12800K,   0% used [0x00000000f6400000, 0x00000000f6400000, 0x00000000f7080000)
 concurrent mark-sweep generation total 134144K, used 43582K [0x00000000f7d00000, 0x0000000100000000, 0x0000000100000000)
 Metaspace       used 65063K, capacity 69734K, committed 69888K, reserved 1110016K
  class space    used 8388K, capacity 9180K, committed 9216K, reserved 1048576K
}
{Heap before GC invocations=397 (full 0):
 par new generation   total 115200K, used 103930K [0x00000000f0000000, 0x00000000f7d00000, 0x00000000f7d00000)
  eden space 102400K, 100% used [0x00000000f0000000, 0x00000000f6400000, 0x00000000f6400000)
  from space 12800K,  11% used [0x00000000f7080000, 0x00000000f71feb40, 0x00000000f7d00000)
  to   space 12800K,   0% used [0x00000000f6400000, 0x00000000f6400000, 0x00000000f7080000)
 concurrent mark-sweep generation total 134144K, used 43582K [0x00000000f7d00000, 0x0000000100000000, 0x0000000100000000)
 Metaspace       used 65063K, capacity 69734K, committed 69888K, reserved 1110016K
  class space    used 8388K, capacity 9180K, committed 9216K, reserved 1048576K
2022-09-12T02:04:19.905+0800: 234.682: [GC (Allocation Failure)  147513K->45216K(249344K), 0.0043098 secs]
Heap after GC invocations=398 (full 0):
 par new generation   total 115200K, used 1622K [0x00000000f0000000, 0x00000000f7d00000, 0x00000000f7d00000)
  eden space 102400K,   0% used [0x00000000f0000000, 0x00000000f0000000, 0x00000000f6400000)
  from space 12800K,  12% used [0x00000000f6400000, 0x00000000f6595900, 0x00000000f7080000)
  to   space 12800K,   0% used [0x00000000f7080000, 0x00000000f7080000, 0x00000000f7d00000)
 concurrent mark-sweep generation total 134144K, used 43594K [0x00000000f7d00000, 0x0000000100000000, 0x0000000100000000)
 Metaspace       used 65063K, capacity 69734K, committed 69888K, reserved 1110016K
  class space    used 8388K, capacity 9180K, committed 9216K, reserved 1048576K
}
{Heap before GC invocations=398 (full 0):
 par new generation   total 115200K, used 104022K [0x00000000f0000000, 0x00000000f7d00000, 0x00000000f7d00000)
  eden space 102400K, 100% used [0x00000000f0000000, 0x00000000f6400000, 0x00000000f6400000)
  from space 12800K,  12% used [0x00000000f6400000, 0x00000000f6595900, 0x00000000f7080000)
  to   space 12800K,   0% used [0x00000000f7080000, 0x00000000f7080000, 0x00000000f7d00000)
 concurrent mark-sweep generation total 134144K, used 43594K [0x00000000f7d00000, 0x0000000100000000, 0x0000000100000000)
 Metaspace       used 65063K, capacity 69734K, committed 69888K, reserved 1110016K
  class space    used 8388K, capacity 9180K, committed 9216K, reserved 1048576K
2022-09-12T02:04:20.256+0800: 235.033: [GC (Allocation Failure)  147616K->45325K(249344K), 0.0042461 secs]
Heap after GC invocations=399 (full 0):
 par new generation   total 115200K, used 1710K [0x00000000f0000000, 0x00000000f7d00000, 0x00000000f7d00000)
  eden space 102400K,   0% used [0x00000000f0000000, 0x00000000f0000000, 0x00000000f6400000)
  from space 12800K,  13% used [0x00000000f7080000, 0x00000000f722b9a0, 0x00000000f7d00000)
  to   space 12800K,   0% used [0x00000000f6400000, 0x00000000f6400000, 0x00000000f7080000)
 concurrent mark-sweep generation total 134144K, used 43614K [0x00000000f7d00000, 0x0000000100000000, 0x0000000100000000)
 Metaspace       used 65063K, capacity 69734K, committed 69888K, reserved 1110016K
  class space    used 8388K, capacity 9180K, committed 9216K, reserved 1048576K
}
{Heap before GC invocations=399 (full 0):
 par new generation   total 115200K, used 104110K [0x00000000f0000000, 0x00000000f7d00000, 0x00000000f7d00000)
  eden space 102400K, 100% used [0x00000000f0000000, 0x00000000f6400000, 0x00000000f6400000)
  from space 12800K,  13% used [0x00000000f7080000, 0x00000000f722b9a0, 0x00000000f7d00000)
  to   space 12800K,   0% used [0x00000000f6400000, 0x00000000f6400000, 0x00000000f7080000)
 concurrent mark-sweep generation total 134144K, used 43614K [0x00000000f7d00000, 0x0000000100000000, 0x0000000100000000)
 Metaspace       used 65063K, capacity 69734K, committed 69888K, reserved 1110016K
  class space    used 8388K, capacity 9180K, committed 9216K, reserved 1048576K
2022-09-12T02:04:20.605+0800: 235.382: [GC (Allocation Failure)  147725K->44695K(249344K), 0.0041741 secs]
Heap after GC invocations=400 (full 0):
 par new generation   total 115200K, used 1059K [0x00000000f0000000, 0x00000000f7d00000, 0x00000000f7d00000)
  eden space 102400K,   0% used [0x00000000f0000000, 0x00000000f0000000, 0x00000000f6400000)
  from space 12800K,   8% used [0x00000000f6400000, 0x00000000f6508da0, 0x00000000f7080000)
  to   space 12800K,   0% used [0x00000000f7080000, 0x00000000f7080000, 0x00000000f7d00000)
 concurrent mark-sweep generation total 134144K, used 43636K [0x00000000f7d00000, 0x0000000100000000, 0x0000000100000000)
 Metaspace       used 65063K, capacity 69734K, committed 69888K, reserved 1110016K
  class space    used 8388K, capacity 9180K, committed 9216K, reserved 1048576K
}
{Heap before GC invocations=400 (full 0):
 par new generation   total 115200K, used 103459K [0x00000000f0000000, 0x00000000f7d00000, 0x00000000f7d00000)
  eden space 102400K, 100% used [0x00000000f0000000, 0x00000000f6400000, 0x00000000f6400000)
  from space 12800K,   8% used [0x00000000f6400000, 0x00000000f6508da0, 0x00000000f7080000)
  to   space 12800K,   0% used [0x00000000f7080000, 0x00000000f7080000, 0x00000000f7d00000)
 concurrent mark-sweep generation total 134144K, used 43636K [0x00000000f7d00000, 0x0000000100000000, 0x0000000100000000)
 Metaspace       used 65063K, capacity 69734K, committed 69888K, reserved 1110016K
  class space    used 8388K, capacity 9180K, committed 9216K, reserved 1048576K
2022-09-12T02:04:20.953+0800: 235.731: [GC (Allocation Failure)  147095K->45151K(249344K), 0.0041403 secs]
Heap after GC invocations=401 (full 0):
 par new generation   total 115200K, used 1505K [0x00000000f0000000, 0x00000000f7d00000, 0x00000000f7d00000)
  eden space 102400K,   0% used [0x00000000f0000000, 0x00000000f0000000, 0x00000000f6400000)
  from space 12800K,  11% used [0x00000000f7080000, 0x00000000f71f87f0, 0x00000000f7d00000)
  to   space 12800K,   0% used [0x00000000f6400000, 0x00000000f6400000, 0x00000000f7080000)
 concurrent mark-sweep generation total 134144K, used 43645K [0x00000000f7d00000, 0x0000000100000000, 0x0000000100000000)
 Metaspace       used 65063K, capacity 69734K, committed 69888K, reserved 1110016K
  class space    used 8388K, capacity 9180K, committed 9216K, reserved 1048576K
}
{Heap before GC invocations=401 (full 0):
 par new generation   total 115200K, used 103905K [0x00000000f0000000, 0x00000000f7d00000, 0x00000000f7d00000)
  eden space 102400K, 100% used [0x00000000f0000000, 0x00000000f6400000, 0x00000000f6400000)
  from space 12800K,  11% used [0x00000000f7080000, 0x00000000f71f87f0, 0x00000000f7d00000)
  to   space 12800K,   0% used [0x00000000f6400000, 0x00000000f6400000, 0x00000000f7080000)
 concurrent mark-sweep generation total 134144K, used 43645K [0x00000000f7d00000, 0x0000000100000000, 0x0000000100000000)
 Metaspace       used 65063K, capacity 69734K, committed 69888K, reserved 1110016K
  class space    used 8388K, capacity 9180K, committed 9216K, reserved 1048576K
2022-09-12T02:04:21.303+0800: 236.080: [GC (Allocation Failure)  147551K->45311K(249344K), 0.0042470 secs]
Heap after GC invocations=402 (full 0):
 par new generation   total 115200K, used 1642K [0x00000000f0000000, 0x00000000f7d00000, 0x00000000f7d00000)
  eden space 102400K,   0% used [0x00000000f0000000, 0x00000000f0000000, 0x00000000f6400000)
  from space 12800K,  12% used [0x00000000f6400000, 0x00000000f659a910, 0x00000000f7080000)
  to   space 12800K,   0% used [0x00000000f7080000, 0x00000000f7080000, 0x00000000f7d00000)
 concurrent mark-sweep generation total 134144K, used 43669K [0x00000000f7d00000, 0x0000000100000000, 0x0000000100000000)
 Metaspace       used 65063K, capacity 69734K, committed 69888K, reserved 1110016K
  class space    used 8388K, capacity 9180K, committed 9216K, reserved 1048576K
}
{Heap before GC invocations=402 (full 0):
 par new generation   total 115200K, used 104042K [0x00000000f0000000, 0x00000000f7d00000, 0x00000000f7d00000)
  eden space 102400K, 100% used [0x00000000f0000000, 0x00000000f6400000, 0x00000000f6400000)
  from space 12800K,  12% used [0x00000000f6400000, 0x00000000f659a910, 0x00000000f7080000)
  to   space 12800K,   0% used [0x00000000f7080000, 0x00000000f7080000, 0x00000000f7d00000)
 concurrent mark-sweep generation total 134144K, used 43669K [0x00000000f7d00000, 0x0000000100000000, 0x0000000100000000)
 Metaspace       used 65063K, capacity 69734K, committed 69888K, reserved 1110016K
  class space    used 8388K, capacity 9180K, committed 9216K, reserved 1048576K
2022-09-12T02:04:21.651+0800: 236.428: [GC (Allocation Failure)  147711K->45030K(249344K), 0.0043146 secs]
Heap after GC invocations=403 (full 0):
 par new generation   total 115200K, used 1343K [0x00000000f0000000, 0x00000000f7d00000, 0x00000000f7d00000)
  eden space 102400K,   0% used [0x00000000f0000000, 0x00000000f0000000, 0x00000000f6400000)
  from space 12800K,  10% used [0x00000000f7080000, 0x00000000f71cfc28, 0x00000000f7d00000)
  to   space 12800K,   0% used [0x00000000f6400000, 0x00000000f6400000, 0x00000000f7080000)
 concurrent mark-sweep generation total 134144K, used 43687K [0x00000000f7d00000, 0x0000000100000000, 0x0000000100000000)
 Metaspace       used 65063K, capacity 69734K, committed 69888K, reserved 1110016K
  class space    used 8388K, capacity 9180K, committed 9216K, reserved 1048576K
}
{Heap before GC invocations=403 (full 0):
 par new generation   total 115200K, used 103743K [0x00000000f0000000, 0x00000000f7d00000, 0x00000000f7d00000)
  eden space 102400K, 100% used [0x00000000f0000000, 0x00000000f6400000, 0x00000000f6400000)
  from space 12800K,  10% used [0x00000000f7080000, 0x00000000f71cfc28, 0x00000000f7d00000)
  to   space 12800K,   0% used [0x00000000f6400000, 0x00000000f6400000, 0x00000000f7080000)
 concurrent mark-sweep generation total 134144K, used 43687K [0x00000000f7d00000, 0x0000000100000000, 0x0000000100000000)
 Metaspace       used 65063K, capacity 69734K, committed 69888K, reserved 1110016K
  class space    used 8388K, capacity 9180K, committed 9216K, reserved 1048576K
2022-09-12T02:04:22.014+0800: 236.791: [GC (Allocation Failure)  147430K->45222K(249344K), 0.0041432 secs]
Heap after GC invocations=404 (full 0):
 par new generation   total 115200K, used 1518K [0x00000000f0000000, 0x00000000f7d00000, 0x00000000f7d00000)
  eden space 102400K,   0% used [0x00000000f0000000, 0x00000000f0000000, 0x00000000f6400000)
  from space 12800K,  11% used [0x00000000f6400000, 0x00000000f657b8f0, 0x00000000f7080000)
  to   space 12800K,   0% used [0x00000000f7080000, 0x00000000f7080000, 0x00000000f7d00000)
 concurrent mark-sweep generation total 134144K, used 43703K [0x00000000f7d00000, 0x0000000100000000, 0x0000000100000000)
 Metaspace       used 65063K, capacity 69734K, committed 69888K, reserved 1110016K
  class space    used 8388K, capacity 9180K, committed 9216K, reserved 1048576K
}
{Heap before GC invocations=404 (full 0):
 par new generation   total 115200K, used 103918K [0x00000000f0000000, 0x00000000f7d00000, 0x00000000f7d00000)
  eden space 102400K, 100% used [0x00000000f0000000, 0x00000000f6400000, 0x00000000f6400000)
  from space 12800K,  11% used [0x00000000f6400000, 0x00000000f657b8f0, 0x00000000f7080000)
  to   space 12800K,   0% used [0x00000000f7080000, 0x00000000f7080000, 0x00000000f7d00000)
 concurrent mark-sweep generation total 134144K, used 43703K [0x00000000f7d00000, 0x0000000100000000, 0x0000000100000000)
 Metaspace       used 65063K, capacity 69734K, committed 69888K, reserved 1110016K
  class space    used 8388K, capacity 9180K, committed 9216K, reserved 1048576K
2022-09-12T02:04:22.364+0800: 237.141: [GC (Allocation Failure)  147622K->45375K(249344K), 0.0041716 secs]
Heap after GC invocations=405 (full 0):
 par new generation   total 115200K, used 1662K [0x00000000f0000000, 0x00000000f7d00000, 0x00000000f7d00000)
  eden space 102400K,   0% used [0x00000000f0000000, 0x00000000f0000000, 0x00000000f6400000)
  from space 12800K,  12% used [0x00000000f7080000, 0x00000000f721fa70, 0x00000000f7d00000)
  to   space 12800K,   0% used [0x00000000f6400000, 0x00000000f6400000, 0x00000000f7080000)
 concurrent mark-sweep generation total 134144K, used 43713K [0x00000000f7d00000, 0x0000000100000000, 0x0000000100000000)
 Metaspace       used 65063K, capacity 69734K, committed 69888K, reserved 1110016K
  class space    used 8388K, capacity 9180K, committed 9216K, reserved 1048576K
}
{Heap before GC invocations=405 (full 0):
 par new generation   total 115200K, used 104062K [0x00000000f0000000, 0x00000000f7d00000, 0x00000000f7d00000)
  eden space 102400K, 100% used [0x00000000f0000000, 0x00000000f6400000, 0x00000000f6400000)
  from space 12800K,  12% used [0x00000000f7080000, 0x00000000f721fa70, 0x00000000f7d00000)
  to   space 12800K,   0% used [0x00000000f6400000, 0x00000000f6400000, 0x00000000f7080000)
 concurrent mark-sweep generation total 134144K, used 43713K [0x00000000f7d00000, 0x0000000100000000, 0x0000000100000000)
 Metaspace       used 65063K, capacity 69734K, committed 69888K, reserved 1110016K
  class space    used 8388K, capacity 9180K, committed 9216K, reserved 1048576K
2022-09-12T02:04:22.714+0800: 237.491: [GC (Allocation Failure)  147775K->44933K(249344K), 0.0041291 secs]
Heap after GC invocations=406 (full 0):
 par new generation   total 115200K, used 1209K [0x00000000f0000000, 0x00000000f7d00000, 0x00000000f7d00000)
  eden space 102400K,   0% used [0x00000000f0000000, 0x00000000f0000000, 0x00000000f6400000)
  from space 12800K,   9% used [0x00000000f6400000, 0x00000000f652e4c0, 0x00000000f7080000)
  to   space 12800K,   0% used [0x00000000f7080000, 0x00000000f7080000, 0x00000000f7d00000)
 concurrent mark-sweep generation total 134144K, used 43724K [0x00000000f7d00000, 0x0000000100000000, 0x0000000100000000)
 Metaspace       used 65063K, capacity 69734K, committed 69888K, reserved 1110016K
  class space    used 8388K, capacity 9180K, committed 9216K, reserved 1048576K
}
{Heap before GC invocations=406 (full 0):
 par new generation   total 115200K, used 103609K [0x00000000f0000000, 0x00000000f7d00000, 0x00000000f7d00000)
  eden space 102400K, 100% used [0x00000000f0000000, 0x00000000f6400000, 0x00000000f6400000)
  from space 12800K,   9% used [0x00000000f6400000, 0x00000000f652e4c0, 0x00000000f7080000)
  to   space 12800K,   0% used [0x00000000f7080000, 0x00000000f7080000, 0x00000000f7d00000)
 concurrent mark-sweep generation total 134144K, used 43724K [0x00000000f7d00000, 0x0000000100000000, 0x0000000100000000)
 Metaspace       used 65063K, capacity 69734K, committed 69888K, reserved 1110016K
  class space    used 8388K, capacity 9180K, committed 9216K, reserved 1048576K
2022-09-12T02:04:23.063+0800: 237.840: [GC (Allocation Failure)  147333K->45254K(249344K), 0.0041089 secs]
Heap after GC invocations=407 (full 0):
 par new generation   total 115200K, used 1510K [0x00000000f0000000, 0x00000000f7d00000, 0x00000000f7d00000)
  eden space 102400K,   0% used [0x00000000f0000000, 0x00000000f0000000, 0x00000000f6400000)
  from space 12800K,  11% used [0x00000000f7080000, 0x00000000f71f9b68, 0x00000000f7d00000)
  to   space 12800K,   0% used [0x00000000f6400000, 0x00000000f6400000, 0x00000000f7080000)
 concurrent mark-sweep generation total 134144K, used 43743K [0x00000000f7d00000, 0x0000000100000000, 0x0000000100000000)
 Metaspace       used 65063K, capacity 69734K, committed 69888K, reserved 1110016K
  class space    used 8388K, capacity 9180K, committed 9216K, reserved 1048576K
}
{Heap before GC invocations=407 (full 0):
 par new generation   total 115200K, used 103910K [0x00000000f0000000, 0x00000000f7d00000, 0x00000000f7d00000)
  eden space 102400K, 100% used [0x00000000f0000000, 0x00000000f6400000, 0x00000000f6400000)
  from space 12800K,  11% used [0x00000000f7080000, 0x00000000f71f9b68, 0x00000000f7d00000)
  to   space 12800K,   0% used [0x00000000f6400000, 0x00000000f6400000, 0x00000000f7080000)
 concurrent mark-sweep generation total 134144K, used 43743K [0x00000000f7d00000, 0x0000000100000000, 0x0000000100000000)
 Metaspace       used 65063K, capacity 69734K, committed 69888K, reserved 1110016K
  class space    used 8388K, capacity 9180K, committed 9216K, reserved 1048576K
2022-09-12T02:04:23.412+0800: 238.189: [GC (Allocation Failure)  147654K->45414K(249344K), 0.0040620 secs]
Heap after GC invocations=408 (full 0):
 par new generation   total 115200K, used 1653K [0x00000000f0000000, 0x00000000f7d00000, 0x00000000f7d00000)
  eden space 102400K,   0% used [0x00000000f0000000, 0x00000000f0000000, 0x00000000f6400000)
  from space 12800K,  12% used [0x00000000f6400000, 0x00000000f659d700, 0x00000000f7080000)
  to   space 12800K,   0% used [0x00000000f7080000, 0x00000000f7080000, 0x00000000f7d00000)
 concurrent mark-sweep generation total 134144K, used 43760K [0x00000000f7d00000, 0x0000000100000000, 0x0000000100000000)
 Metaspace       used 65063K, capacity 69734K, committed 69888K, reserved 1110016K
  class space    used 8388K, capacity 9180K, committed 9216K, reserved 1048576K
}
{Heap before GC invocations=408 (full 0):
 par new generation   total 115200K, used 104053K [0x00000000f0000000, 0x00000000f7d00000, 0x00000000f7d00000)
  eden space 102400K, 100% used [0x00000000f0000000, 0x00000000f6400000, 0x00000000f6400000)
  from space 12800K,  12% used [0x00000000f6400000, 0x00000000f659d700, 0x00000000f7080000)
  to   space 12800K,   0% used [0x00000000f7080000, 0x00000000f7080000, 0x00000000f7d00000)
 concurrent mark-sweep generation total 134144K, used 43760K [0x00000000f7d00000, 0x0000000100000000, 0x0000000100000000)
 Metaspace       used 65063K, capacity 69734K, committed 69888K, reserved 1110016K
  class space    used 8388K, capacity 9180K, committed 9216K, reserved 1048576K
2022-09-12T02:04:23.761+0800: 238.538: [GC (Allocation Failure)  147814K->44957K(249344K), 0.0040143 secs]
Heap after GC invocations=409 (full 0):
 par new generation   total 115200K, used 1183K [0x00000000f0000000, 0x00000000f7d00000, 0x00000000f7d00000)
  eden space 102400K,   0% used [0x00000000f0000000, 0x00000000f0000000, 0x00000000f6400000)
  from space 12800K,   9% used [0x00000000f7080000, 0x00000000f71a7d40, 0x00000000f7d00000)
  to   space 12800K,   0% used [0x00000000f6400000, 0x00000000f6400000, 0x00000000f7080000)
 concurrent mark-sweep generation total 134144K, used 43774K [0x00000000f7d00000, 0x0000000100000000, 0x0000000100000000)
 Metaspace       used 65063K, capacity 69734K, committed 69888K, reserved 1110016K
  class space    used 8388K, capacity 9180K, committed 9216K, reserved 1048576K
}
{Heap before GC invocations=409 (full 0):
 par new generation   total 115200K, used 103583K [0x00000000f0000000, 0x00000000f7d00000, 0x00000000f7d00000)
  eden space 102400K, 100% used [0x00000000f0000000, 0x00000000f6400000, 0x00000000f6400000)
  from space 12800K,   9% used [0x00000000f7080000, 0x00000000f71a7d40, 0x00000000f7d00000)
  to   space 12800K,   0% used [0x00000000f6400000, 0x00000000f6400000, 0x00000000f7080000)
 concurrent mark-sweep generation total 134144K, used 43774K [0x00000000f7d00000, 0x0000000100000000, 0x0000000100000000)
 Metaspace       used 65063K, capacity 69734K, committed 69888K, reserved 1110016K
  class space    used 8388K, capacity 9180K, committed 9216K, reserved 1048576K
2022-09-12T02:04:24.110+0800: 238.887: [GC (Allocation Failure)  147357K->45297K(249344K), 0.0040781 secs]
Heap after GC invocations=410 (full 0):
 par new generation   total 115200K, used 1497K [0x00000000f0000000, 0x00000000f7d00000, 0x00000000f7d00000)
  eden space 102400K,   0% used [0x00000000f0000000, 0x00000000f0000000, 0x00000000f6400000)
  from space 12800K,  11% used [0x00000000f6400000, 0x00000000f65766e8, 0x00000000f7080000)
  to   space 12800K,   0% used [0x00000000f7080000, 0x00000000f7080000, 0x00000000f7d00000)
 concurrent mark-sweep generation total 134144K, used 43799K [0x00000000f7d00000, 0x0000000100000000, 0x0000000100000000)
 Metaspace       used 65063K, capacity 69734K, committed 69888K, reserved 1110016K
  class space    used 8388K, capacity 9180K, committed 9216K, reserved 1048576K
}
{Heap before GC invocations=410 (full 0):
 par new generation   total 115200K, used 103897K [0x00000000f0000000, 0x00000000f7d00000, 0x00000000f7d00000)
  eden space 102400K, 100% used [0x00000000f0000000, 0x00000000f6400000, 0x00000000f6400000)
  from space 12800K,  11% used [0x00000000f6400000, 0x00000000f65766e8, 0x00000000f7080000)
  to   space 12800K,   0% used [0x00000000f7080000, 0x00000000f7080000, 0x00000000f7d00000)
 concurrent mark-sweep generation total 134144K, used 43799K [0x00000000f7d00000, 0x0000000100000000, 0x0000000100000000)
 Metaspace       used 65063K, capacity 69734K, committed 69888K, reserved 1110016K
  class space    used 8388K, capacity 9180K, committed 9216K, reserved 1048576K
2022-09-12T02:04:24.459+0800: 239.236: [GC (Allocation Failure)  147697K->45439K(249344K), 0.0041042 secs]
Heap after GC invocations=411 (full 0):
 par new generation   total 115200K, used 1621K [0x00000000f0000000, 0x00000000f7d00000, 0x00000000f7d00000)
  eden space 102400K,   0% used [0x00000000f0000000, 0x00000000f0000000, 0x00000000f6400000)
  from space 12800K,  12% used [0x00000000f7080000, 0x00000000f7215778, 0x00000000f7d00000)
  to   space 12800K,   0% used [0x00000000f6400000, 0x00000000f6400000, 0x00000000f7080000)
 concurrent mark-sweep generation total 134144K, used 43817K [0x00000000f7d00000, 0x0000000100000000, 0x0000000100000000)
 Metaspace       used 65063K, capacity 69734K, committed 69888K, reserved 1110016K
  class space    used 8388K, capacity 9180K, committed 9216K, reserved 1048576K
}
{Heap before GC invocations=411 (full 0):
 par new generation   total 115200K, used 104021K [0x00000000f0000000, 0x00000000f7d00000, 0x00000000f7d00000)
  eden space 102400K, 100% used [0x00000000f0000000, 0x00000000f6400000, 0x00000000f6400000)
  from space 12800K,  12% used [0x00000000f7080000, 0x00000000f7215778, 0x00000000f7d00000)
  to   space 12800K,   0% used [0x00000000f6400000, 0x00000000f6400000, 0x00000000f7080000)
 concurrent mark-sweep generation total 134144K, used 43817K [0x00000000f7d00000, 0x0000000100000000, 0x0000000100000000)
 Metaspace       used 65063K, capacity 69734K, committed 69888K, reserved 1110016K
  class space    used 8388K, capacity 9180K, committed 9216K, reserved 1048576K
2022-09-12T02:04:24.810+0800: 239.587: [GC (Allocation Failure)  147839K->45007K(249344K), 0.0039881 secs]
Heap after GC invocations=412 (full 0):
 par new generation   total 115200K, used 1182K [0x00000000f0000000, 0x00000000f7d00000, 0x00000000f7d00000)
  eden space 102400K,   0% used [0x00000000f0000000, 0x00000000f0000000, 0x00000000f6400000)
  from space 12800K,   9% used [0x00000000f6400000, 0x00000000f6527a00, 0x00000000f7080000)
  to   space 12800K,   0% used [0x00000000f7080000, 0x00000000f7080000, 0x00000000f7d00000)
 concurrent mark-sweep generation total 134144K, used 43825K [0x00000000f7d00000, 0x0000000100000000, 0x0000000100000000)
 Metaspace       used 65063K, capacity 69734K, committed 69888K, reserved 1110016K
  class space    used 8388K, capacity 9180K, committed 9216K, reserved 1048576K
}
{Heap before GC invocations=412 (full 0):
 par new generation   total 115200K, used 103582K [0x00000000f0000000, 0x00000000f7d00000, 0x00000000f7d00000)
  eden space 102400K, 100% used [0x00000000f0000000, 0x00000000f6400000, 0x00000000f6400000)
  from space 12800K,   9% used [0x00000000f6400000, 0x00000000f6527a00, 0x00000000f7080000)
  to   space 12800K,   0% used [0x00000000f7080000, 0x00000000f7080000, 0x00000000f7d00000)
 concurrent mark-sweep generation total 134144K, used 43825K [0x00000000f7d00000, 0x0000000100000000, 0x0000000100000000)
 Metaspace       used 65063K, capacity 69734K, committed 69888K, reserved 1110016K
  class space    used 8388K, capacity 9180K, committed 9216K, reserved 1048576K
2022-09-12T02:04:25.158+0800: 239.936: [GC (Allocation Failure)  147407K->45376K(249344K), 0.0040796 secs]
Heap after GC invocations=413 (full 0):
 par new generation   total 115200K, used 1533K [0x00000000f0000000, 0x00000000f7d00000, 0x00000000f7d00000)
  eden space 102400K,   0% used [0x00000000f0000000, 0x00000000f0000000, 0x00000000f6400000)
  from space 12800K,  11% used [0x00000000f7080000, 0x00000000f71ff710, 0x00000000f7d00000)
  to   space 12800K,   0% used [0x00000000f6400000, 0x00000000f6400000, 0x00000000f7080000)
 concurrent mark-sweep generation total 134144K, used 43843K [0x00000000f7d00000, 0x0000000100000000, 0x0000000100000000)
 Metaspace       used 65063K, capacity 69734K, committed 69888K, reserved 1110016K
  class space    used 8388K, capacity 9180K, committed 9216K, reserved 1048576K
}
{Heap before GC invocations=413 (full 0):
 par new generation   total 115200K, used 103933K [0x00000000f0000000, 0x00000000f7d00000, 0x00000000f7d00000)
  eden space 102400K, 100% used [0x00000000f0000000, 0x00000000f6400000, 0x00000000f6400000)
  from space 12800K,  11% used [0x00000000f7080000, 0x00000000f71ff710, 0x00000000f7d00000)
  to   space 12800K,   0% used [0x00000000f6400000, 0x00000000f6400000, 0x00000000f7080000)
 concurrent mark-sweep generation total 134144K, used 43843K [0x00000000f7d00000, 0x0000000100000000, 0x0000000100000000)
 Metaspace       used 65063K, capacity 69734K, committed 69888K, reserved 1110016K
  class space    used 8388K, capacity 9180K, committed 9216K, reserved 1048576K
2022-09-12T02:04:25.506+0800: 240.283: [GC (Allocation Failure)  147776K->45481K(249344K), 0.0040010 secs]
Heap after GC invocations=414 (full 0):
 par new generation   total 115200K, used 1629K [0x00000000f0000000, 0x00000000f7d00000, 0x00000000f7d00000)
  eden space 102400K,   0% used [0x00000000f0000000, 0x00000000f0000000, 0x00000000f6400000)
  from space 12800K,  12% used [0x00000000f6400000, 0x00000000f65975a8, 0x00000000f7080000)
  to   space 12800K,   0% used [0x00000000f7080000, 0x00000000f7080000, 0x00000000f7d00000)
 concurrent mark-sweep generation total 134144K, used 43852K [0x00000000f7d00000, 0x0000000100000000, 0x0000000100000000)
 Metaspace       used 65063K, capacity 69734K, committed 69888K, reserved 1110016K
  class space    used 8388K, capacity 9180K, committed 9216K, reserved 1048576K
}
{Heap before GC invocations=414 (full 0):
 par new generation   total 115200K, used 104029K [0x00000000f0000000, 0x00000000f7d00000, 0x00000000f7d00000)
  eden space 102400K, 100% used [0x00000000f0000000, 0x00000000f6400000, 0x00000000f6400000)
  from space 12800K,  12% used [0x00000000f6400000, 0x00000000f65975a8, 0x00000000f7080000)
  to   space 12800K,   0% used [0x00000000f7080000, 0x00000000f7080000, 0x00000000f7d00000)
 concurrent mark-sweep generation total 134144K, used 43852K [0x00000000f7d00000, 0x0000000100000000, 0x0000000100000000)
 Metaspace       used 65063K, capacity 69734K, committed 69888K, reserved 1110016K
  class space    used 8388K, capacity 9180K, committed 9216K, reserved 1048576K
2022-09-12T02:04:25.855+0800: 240.632: [GC (Allocation Failure)  147881K->44916K(249344K), 0.0039749 secs]
Heap after GC invocations=415 (full 0):
 par new generation   total 115200K, used 1046K [0x00000000f0000000, 0x00000000f7d00000, 0x00000000f7d00000)
  eden space 102400K,   0% used [0x00000000f0000000, 0x00000000f0000000, 0x00000000f6400000)
  from space 12800K,   8% used [0x00000000f7080000, 0x00000000f7185990, 0x00000000f7d00000)
  to   space 12800K,   0% used [0x00000000f6400000, 0x00000000f6400000, 0x00000000f7080000)
 concurrent mark-sweep generation total 134144K, used 43870K [0x00000000f7d00000, 0x0000000100000000, 0x0000000100000000)
 Metaspace       used 65063K, capacity 69734K, committed 69888K, reserved 1110016K
  class space    used 8388K, capacity 9180K, committed 9216K, reserved 1048576K
}
{Heap before GC invocations=415 (full 0):
 par new generation   total 115200K, used 103446K [0x00000000f0000000, 0x00000000f7d00000, 0x00000000f7d00000)
  eden space 102400K, 100% used [0x00000000f0000000, 0x00000000f6400000, 0x00000000f6400000)
  from space 12800K,   8% used [0x00000000f7080000, 0x00000000f7185990, 0x00000000f7d00000)
  to   space 12800K,   0% used [0x00000000f6400000, 0x00000000f6400000, 0x00000000f7080000)
 concurrent mark-sweep generation total 134144K, used 43870K [0x00000000f7d00000, 0x0000000100000000, 0x0000000100000000)
 Metaspace       used 65063K, capacity 69734K, committed 69888K, reserved 1110016K
  class space    used 8388K, capacity 9180K, committed 9216K, reserved 1048576K
2022-09-12T02:04:26.210+0800: 240.987: [GC (Allocation Failure)  147316K->45299K(249344K), 0.0041005 secs]
Heap after GC invocations=416 (full 0):
 par new generation   total 115200K, used 1411K [0x00000000f0000000, 0x00000000f7d00000, 0x00000000f7d00000)
  eden space 102400K,   0% used [0x00000000f0000000, 0x00000000f0000000, 0x00000000f6400000)
  from space 12800K,  11% used [0x00000000f6400000, 0x00000000f6560db8, 0x00000000f7080000)
  to   space 12800K,   0% used [0x00000000f7080000, 0x00000000f7080000, 0x00000000f7d00000)
 concurrent mark-sweep generation total 134144K, used 43887K [0x00000000f7d00000, 0x0000000100000000, 0x0000000100000000)
 Metaspace       used 65063K, capacity 69734K, committed 69888K, reserved 1110016K
  class space    used 8388K, capacity 9180K, committed 9216K, reserved 1048576K
}
{Heap before GC invocations=416 (full 0):
 par new generation   total 115200K, used 103811K [0x00000000f0000000, 0x00000000f7d00000, 0x00000000f7d00000)
  eden space 102400K, 100% used [0x00000000f0000000, 0x00000000f6400000, 0x00000000f6400000)
  from space 12800K,  11% used [0x00000000f6400000, 0x00000000f6560db8, 0x00000000f7080000)
  to   space 12800K,   0% used [0x00000000f7080000, 0x00000000f7080000, 0x00000000f7d00000)
 concurrent mark-sweep generation total 134144K, used 43887K [0x00000000f7d00000, 0x0000000100000000, 0x0000000100000000)
 Metaspace       used 65084K, capacity 69770K, committed 69888K, reserved 1110016K
  class space    used 8392K, capacity 9186K, committed 9216K, reserved 1048576K
2022-09-12T02:04:26.555+0800: 241.332: [GC (Allocation Failure)  147699K->45513K(249344K), 0.0041413 secs]
Heap after GC invocations=417 (full 0):
 par new generation   total 115200K, used 1610K [0x00000000f0000000, 0x00000000f7d00000, 0x00000000f7d00000)
  eden space 102400K,   0% used [0x00000000f0000000, 0x00000000f0000000, 0x00000000f6400000)
  from space 12800K,  12% used [0x00000000f7080000, 0x00000000f72129f8, 0x00000000f7d00000)
  to   space 12800K,   0% used [0x00000000f6400000, 0x00000000f6400000, 0x00000000f7080000)
 concurrent mark-sweep generation total 134144K, used 43903K [0x00000000f7d00000, 0x0000000100000000, 0x0000000100000000)
 Metaspace       used 65084K, capacity 69770K, committed 69888K, reserved 1110016K
  class space    used 8392K, capacity 9186K, committed 9216K, reserved 1048576K
}
{Heap before GC invocations=417 (full 0):
 par new generation   total 115200K, used 104010K [0x00000000f0000000, 0x00000000f7d00000, 0x00000000f7d00000)
  eden space 102400K, 100% used [0x00000000f0000000, 0x00000000f6400000, 0x00000000f6400000)
  from space 12800K,  12% used [0x00000000f7080000, 0x00000000f72129f8, 0x00000000f7d00000)
  to   space 12800K,   0% used [0x00000000f6400000, 0x00000000f6400000, 0x00000000f7080000)
 concurrent mark-sweep generation total 134144K, used 43903K [0x00000000f7d00000, 0x0000000100000000, 0x0000000100000000)
 Metaspace       used 65084K, capacity 69770K, committed 69888K, reserved 1110016K
  class space    used 8392K, capacity 9186K, committed 9216K, reserved 1048576K
2022-09-12T02:04:26.904+0800: 241.681: [GC (Allocation Failure)  147913K->45612K(249344K), 0.0042665 secs]
Heap after GC invocations=418 (full 0):
 par new generation   total 115200K, used 1684K [0x00000000f0000000, 0x00000000f7d00000, 0x00000000f7d00000)
  eden space 102400K,   0% used [0x00000000f0000000, 0x00000000f0000000, 0x00000000f6400000)
  from space 12800K,  13% used [0x00000000f6400000, 0x00000000f65a53e8, 0x00000000f7080000)
  to   space 12800K,   0% used [0x00000000f7080000, 0x00000000f7080000, 0x00000000f7d00000)
 concurrent mark-sweep generation total 134144K, used 43927K [0x00000000f7d00000, 0x0000000100000000, 0x0000000100000000)
 Metaspace       used 65084K, capacity 69770K, committed 69888K, reserved 1110016K
  class space    used 8392K, capacity 9186K, committed 9216K, reserved 1048576K
}
{Heap before GC invocations=418 (full 0):
 par new generation   total 115200K, used 104084K [0x00000000f0000000, 0x00000000f7d00000, 0x00000000f7d00000)
  eden space 102400K, 100% used [0x00000000f0000000, 0x00000000f6400000, 0x00000000f6400000)
  from space 12800K,  13% used [0x00000000f6400000, 0x00000000f65a53e8, 0x00000000f7080000)
  to   space 12800K,   0% used [0x00000000f7080000, 0x00000000f7080000, 0x00000000f7d00000)
 concurrent mark-sweep generation total 134144K, used 43927K [0x00000000f7d00000, 0x0000000100000000, 0x0000000100000000)
 Metaspace       used 65084K, capacity 69770K, committed 69888K, reserved 1110016K
  class space    used 8392K, capacity 9186K, committed 9216K, reserved 1048576K
2022-09-12T02:04:27.253+0800: 242.030: [GC (Allocation Failure)  148012K->45286K(249344K), 0.0040919 secs]
Heap after GC invocations=419 (full 0):
 par new generation   total 115200K, used 1341K [0x00000000f0000000, 0x00000000f7d00000, 0x00000000f7d00000)
  eden space 102400K,   0% used [0x00000000f0000000, 0x00000000f0000000, 0x00000000f6400000)
  from space 12800K,  10% used [0x00000000f7080000, 0x00000000f71cf4d8, 0x00000000f7d00000)
  to   space 12800K,   0% used [0x00000000f6400000, 0x00000000f6400000, 0x00000000f7080000)
 concurrent mark-sweep generation total 134144K, used 43945K [0x00000000f7d00000, 0x0000000100000000, 0x0000000100000000)
 Metaspace       used 65084K, capacity 69770K, committed 69888K, reserved 1110016K
  class space    used 8392K, capacity 9186K, committed 9216K, reserved 1048576K
}
{Heap before GC invocations=419 (full 0):
 par new generation   total 115200K, used 103741K [0x00000000f0000000, 0x00000000f7d00000, 0x00000000f7d00000)
  eden space 102400K, 100% used [0x00000000f0000000, 0x00000000f6400000, 0x00000000f6400000)
  from space 12800K,  10% used [0x00000000f7080000, 0x00000000f71cf4d8, 0x00000000f7d00000)
  to   space 12800K,   0% used [0x00000000f6400000, 0x00000000f6400000, 0x00000000f7080000)
 concurrent mark-sweep generation total 134144K, used 43945K [0x00000000f7d00000, 0x0000000100000000, 0x0000000100000000)
 Metaspace       used 65084K, capacity 69770K, committed 69888K, reserved 1110016K
  class space    used 8392K, capacity 9186K, committed 9216K, reserved 1048576K
2022-09-12T02:04:27.601+0800: 242.378: [GC (Allocation Failure)  147686K->45500K(249344K), 0.0042154 secs]
Heap after GC invocations=420 (full 0):
 par new generation   total 115200K, used 1543K [0x00000000f0000000, 0x00000000f7d00000, 0x00000000f7d00000)
  eden space 102400K,   0% used [0x00000000f0000000, 0x00000000f0000000, 0x00000000f6400000)
  from space 12800K,  12% used [0x00000000f6400000, 0x00000000f6581e38, 0x00000000f7080000)
  to   space 12800K,   0% used [0x00000000f7080000, 0x00000000f7080000, 0x00000000f7d00000)
 concurrent mark-sweep generation total 134144K, used 43956K [0x00000000f7d00000, 0x0000000100000000, 0x0000000100000000)
 Metaspace       used 65084K, capacity 69770K, committed 69888K, reserved 1110016K
  class space    used 8392K, capacity 9186K, committed 9216K, reserved 1048576K
}
{Heap before GC invocations=420 (full 0):
 par new generation   total 115200K, used 103943K [0x00000000f0000000, 0x00000000f7d00000, 0x00000000f7d00000)
  eden space 102400K, 100% used [0x00000000f0000000, 0x00000000f6400000, 0x00000000f6400000)
  from space 12800K,  12% used [0x00000000f6400000, 0x00000000f6581e38, 0x00000000f7080000)
  to   space 12800K,   0% used [0x00000000f7080000, 0x00000000f7080000, 0x00000000f7d00000)
 concurrent mark-sweep generation total 134144K, used 43956K [0x00000000f7d00000, 0x0000000100000000, 0x0000000100000000)
 Metaspace       used 65084K, capacity 69770K, committed 69888K, reserved 1110016K
  class space    used 8392K, capacity 9186K, committed 9216K, reserved 1048576K
2022-09-12T02:04:27.949+0800: 242.726: [GC (Allocation Failure)  147900K->45644K(249344K), 0.0041577 secs]
Heap after GC invocations=421 (full 0):
 par new generation   total 115200K, used 1674K [0x00000000f0000000, 0x00000000f7d00000, 0x00000000f7d00000)
  eden space 102400K,   0% used [0x00000000f0000000, 0x00000000f0000000, 0x00000000f6400000)
  from space 12800K,  13% used [0x00000000f7080000, 0x00000000f7222828, 0x00000000f7d00000)
  to   space 12800K,   0% used [0x00000000f6400000, 0x00000000f6400000, 0x00000000f7080000)
 concurrent mark-sweep generation total 134144K, used 43970K [0x00000000f7d00000, 0x0000000100000000, 0x0000000100000000)
 Metaspace       used 65084K, capacity 69770K, committed 69888K, reserved 1110016K
  class space    used 8392K, capacity 9186K, committed 9216K, reserved 1048576K
}
{Heap before GC invocations=421 (full 0):
 par new generation   total 115200K, used 104074K [0x00000000f0000000, 0x00000000f7d00000, 0x00000000f7d00000)
  eden space 102400K, 100% used [0x00000000f0000000, 0x00000000f6400000, 0x00000000f6400000)
  from space 12800K,  13% used [0x00000000f7080000, 0x00000000f7222828, 0x00000000f7d00000)
  to   space 12800K,   0% used [0x00000000f6400000, 0x00000000f6400000, 0x00000000f7080000)
 concurrent mark-sweep generation total 134144K, used 43970K [0x00000000f7d00000, 0x0000000100000000, 0x0000000100000000)
 Metaspace       used 65084K, capacity 69770K, committed 69888K, reserved 1110016K
  class space    used 8392K, capacity 9186K, committed 9216K, reserved 1048576K
2022-09-12T02:04:28.298+0800: 243.075: [GC (Allocation Failure)  148044K->45191K(249344K), 0.0041322 secs]
Heap after GC invocations=422 (full 0):
 par new generation   total 115200K, used 1208K [0x00000000f0000000, 0x00000000f7d00000, 0x00000000f7d00000)
  eden space 102400K,   0% used [0x00000000f0000000, 0x00000000f0000000, 0x00000000f6400000)
  from space 12800K,   9% used [0x00000000f6400000, 0x00000000f652e100, 0x00000000f7080000)
  to   space 12800K,   0% used [0x00000000f7080000, 0x00000000f7080000, 0x00000000f7d00000)
 concurrent mark-sweep generation total 134144K, used 43983K [0x00000000f7d00000, 0x0000000100000000, 0x0000000100000000)
 Metaspace       used 65084K, capacity 69770K, committed 69888K, reserved 1110016K
  class space    used 8392K, capacity 9186K, committed 9216K, reserved 1048576K
}
{Heap before GC invocations=422 (full 0):
 par new generation   total 115200K, used 103608K [0x00000000f0000000, 0x00000000f7d00000, 0x00000000f7d00000)
  eden space 102400K, 100% used [0x00000000f0000000, 0x00000000f6400000, 0x00000000f6400000)
  from space 12800K,   9% used [0x00000000f6400000, 0x00000000f652e100, 0x00000000f7080000)
  to   space 12800K,   0% used [0x00000000f7080000, 0x00000000f7080000, 0x00000000f7d00000)
 concurrent mark-sweep generation total 134144K, used 43983K [0x00000000f7d00000, 0x0000000100000000, 0x0000000100000000)
 Metaspace       used 65084K, capacity 69770K, committed 69888K, reserved 1110016K
  class space    used 8392K, capacity 9186K, committed 9216K, reserved 1048576K
2022-09-12T02:04:28.646+0800: 243.423: [GC (Allocation Failure)  147591K->45585K(249344K), 0.0042131 secs]
Heap after GC invocations=423 (full 0):
 par new generation   total 115200K, used 1571K [0x00000000f0000000, 0x00000000f7d00000, 0x00000000f7d00000)
  eden space 102400K,   0% used [0x00000000f0000000, 0x00000000f0000000, 0x00000000f6400000)
  from space 12800K,  12% used [0x00000000f7080000, 0x00000000f7208ff8, 0x00000000f7d00000)
  to   space 12800K,   0% used [0x00000000f6400000, 0x00000000f6400000, 0x00000000f7080000)
 concurrent mark-sweep generation total 134144K, used 44013K [0x00000000f7d00000, 0x0000000100000000, 0x0000000100000000)
 Metaspace       used 65084K, capacity 69770K, committed 69888K, reserved 1110016K
  class space    used 8392K, capacity 9186K, committed 9216K, reserved 1048576K
}
{Heap before GC invocations=423 (full 0):
 par new generation   total 115200K, used 103971K [0x00000000f0000000, 0x00000000f7d00000, 0x00000000f7d00000)
  eden space 102400K, 100% used [0x00000000f0000000, 0x00000000f6400000, 0x00000000f6400000)
  from space 12800K,  12% used [0x00000000f7080000, 0x00000000f7208ff8, 0x00000000f7d00000)
  to   space 12800K,   0% used [0x00000000f6400000, 0x00000000f6400000, 0x00000000f7080000)
 concurrent mark-sweep generation total 134144K, used 44013K [0x00000000f7d00000, 0x0000000100000000, 0x0000000100000000)
 Metaspace       used 65084K, capacity 69770K, committed 69888K, reserved 1110016K
  class space    used 8392K, capacity 9186K, committed 9216K, reserved 1048576K
2022-09-12T02:04:28.994+0800: 243.772: [GC (Allocation Failure)  147985K->45668K(249344K), 0.0041857 secs]
Heap after GC invocations=424 (full 0):
 par new generation   total 115200K, used 1642K [0x00000000f0000000, 0x00000000f7d00000, 0x00000000f7d00000)
  eden space 102400K,   0% used [0x00000000f0000000, 0x00000000f0000000, 0x00000000f6400000)
  from space 12800K,  12% used [0x00000000f6400000, 0x00000000f659abb0, 0x00000000f7080000)
  to   space 12800K,   0% used [0x00000000f7080000, 0x00000000f7080000, 0x00000000f7d00000)
 concurrent mark-sweep generation total 134144K, used 44025K [0x00000000f7d00000, 0x0000000100000000, 0x0000000100000000)
 Metaspace       used 65084K, capacity 69770K, committed 69888K, reserved 1110016K
  class space    used 8392K, capacity 9186K, committed 9216K, reserved 1048576K
}
{Heap before GC invocations=424 (full 0):
 par new generation   total 115200K, used 104042K [0x00000000f0000000, 0x00000000f7d00000, 0x00000000f7d00000)
  eden space 102400K, 100% used [0x00000000f0000000, 0x00000000f6400000, 0x00000000f6400000)
  from space 12800K,  12% used [0x00000000f6400000, 0x00000000f659abb0, 0x00000000f7080000)
  to   space 12800K,   0% used [0x00000000f7080000, 0x00000000f7080000, 0x00000000f7d00000)
 concurrent mark-sweep generation total 134144K, used 44025K [0x00000000f7d00000, 0x0000000100000000, 0x0000000100000000)
 Metaspace       used 65084K, capacity 69770K, committed 69888K, reserved 1110016K
  class space    used 8392K, capacity 9186K, committed 9216K, reserved 1048576K
2022-09-12T02:04:29.344+0800: 244.121: [GC (Allocation Failure)  148068K->45361K(249344K), 0.0040893 secs]
Heap after GC invocations=425 (full 0):
 par new generation   total 115200K, used 1327K [0x00000000f0000000, 0x00000000f7d00000, 0x00000000f7d00000)
  eden space 102400K,   0% used [0x00000000f0000000, 0x00000000f0000000, 0x00000000f6400000)
  from space 12800K,  10% used [0x00000000f7080000, 0x00000000f71cbc08, 0x00000000f7d00000)
  to   space 12800K,   0% used [0x00000000f6400000, 0x00000000f6400000, 0x00000000f7080000)
 concurrent mark-sweep generation total 134144K, used 44034K [0x00000000f7d00000, 0x0000000100000000, 0x0000000100000000)
 Metaspace       used 65084K, capacity 69770K, committed 69888K, reserved 1110016K
  class space    used 8392K, capacity 9186K, committed 9216K, reserved 1048576K
}
{Heap before GC invocations=425 (full 0):
 par new generation   total 115200K, used 103727K [0x00000000f0000000, 0x00000000f7d00000, 0x00000000f7d00000)
  eden space 102400K, 100% used [0x00000000f0000000, 0x00000000f6400000, 0x00000000f6400000)
  from space 12800K,  10% used [0x00000000f7080000, 0x00000000f71cbc08, 0x00000000f7d00000)
  to   space 12800K,   0% used [0x00000000f6400000, 0x00000000f6400000, 0x00000000f7080000)
 concurrent mark-sweep generation total 134144K, used 44034K [0x00000000f7d00000, 0x0000000100000000, 0x0000000100000000)
 Metaspace       used 65084K, capacity 69770K, committed 69888K, reserved 1110016K
  class space    used 8392K, capacity 9186K, committed 9216K, reserved 1048576K
2022-09-12T02:04:29.695+0800: 244.472: [GC (Allocation Failure)  147761K->45563K(249344K), 0.0042595 secs]
Heap after GC invocations=426 (full 0):
 par new generation   total 115200K, used 1501K [0x00000000f0000000, 0x00000000f7d00000, 0x00000000f7d00000)
  eden space 102400K,   0% used [0x00000000f0000000, 0x00000000f0000000, 0x00000000f6400000)
  from space 12800K,  11% used [0x00000000f6400000, 0x00000000f65774b0, 0x00000000f7080000)
  to   space 12800K,   0% used [0x00000000f7080000, 0x00000000f7080000, 0x00000000f7d00000)
 concurrent mark-sweep generation total 134144K, used 44062K [0x00000000f7d00000, 0x0000000100000000, 0x0000000100000000)
 Metaspace       used 65084K, capacity 69770K, committed 69888K, reserved 1110016K
  class space    used 8392K, capacity 9186K, committed 9216K, reserved 1048576K
}
{Heap before GC invocations=426 (full 0):
 par new generation   total 115200K, used 103901K [0x00000000f0000000, 0x00000000f7d00000, 0x00000000f7d00000)
  eden space 102400K, 100% used [0x00000000f0000000, 0x00000000f6400000, 0x00000000f6400000)
  from space 12800K,  11% used [0x00000000f6400000, 0x00000000f65774b0, 0x00000000f7080000)
  to   space 12800K,   0% used [0x00000000f7080000, 0x00000000f7080000, 0x00000000f7d00000)
 concurrent mark-sweep generation total 134144K, used 44062K [0x00000000f7d00000, 0x0000000100000000, 0x0000000100000000)
 Metaspace       used 65084K, capacity 69770K, committed 69888K, reserved 1110016K
  class space    used 8392K, capacity 9186K, committed 9216K, reserved 1048576K
2022-09-12T02:04:30.054+0800: 244.831: [GC (Allocation Failure)  147963K->45724K(249344K), 0.0042730 secs]
Heap after GC invocations=427 (full 0):
 par new generation   total 115200K, used 1644K [0x00000000f0000000, 0x00000000f7d00000, 0x00000000f7d00000)
  eden space 102400K,   0% used [0x00000000f0000000, 0x00000000f0000000, 0x00000000f6400000)
  from space 12800K,  12% used [0x00000000f7080000, 0x00000000f721b0b8, 0x00000000f7d00000)
  to   space 12800K,   0% used [0x00000000f6400000, 0x00000000f6400000, 0x00000000f7080000)
 concurrent mark-sweep generation total 134144K, used 44080K [0x00000000f7d00000, 0x0000000100000000, 0x0000000100000000)
 Metaspace       used 65084K, capacity 69770K, committed 69888K, reserved 1110016K
  class space    used 8392K, capacity 9186K, committed 9216K, reserved 1048576K
}
{Heap before GC invocations=427 (full 0):
 par new generation   total 115200K, used 104044K [0x00000000f0000000, 0x00000000f7d00000, 0x00000000f7d00000)
  eden space 102400K, 100% used [0x00000000f0000000, 0x00000000f6400000, 0x00000000f6400000)
  from space 12800K,  12% used [0x00000000f7080000, 0x00000000f721b0b8, 0x00000000f7d00000)
  to   space 12800K,   0% used [0x00000000f6400000, 0x00000000f6400000, 0x00000000f7080000)
 concurrent mark-sweep generation total 134144K, used 44080K [0x00000000f7d00000, 0x0000000100000000, 0x0000000100000000)
 Metaspace       used 65084K, capacity 69770K, committed 69888K, reserved 1110016K
  class space    used 8392K, capacity 9186K, committed 9216K, reserved 1048576K
2022-09-12T02:04:30.404+0800: 245.181: [GC (Allocation Failure)  148124K->45426K(249344K), 0.0042054 secs]
Heap after GC invocations=428 (full 0):
 par new generation   total 115200K, used 1333K [0x00000000f0000000, 0x00000000f7d00000, 0x00000000f7d00000)
  eden space 102400K,   0% used [0x00000000f0000000, 0x00000000f0000000, 0x00000000f6400000)
  from space 12800K,  10% used [0x00000000f6400000, 0x00000000f654d798, 0x00000000f7080000)
  to   space 12800K,   0% used [0x00000000f7080000, 0x00000000f7080000, 0x00000000f7d00000)
 concurrent mark-sweep generation total 134144K, used 44092K [0x00000000f7d00000, 0x0000000100000000, 0x0000000100000000)
 Metaspace       used 65084K, capacity 69770K, committed 69888K, reserved 1110016K
  class space    used 8392K, capacity 9186K, committed 9216K, reserved 1048576K
}
{Heap before GC invocations=428 (full 0):
 par new generation   total 115200K, used 103733K [0x00000000f0000000, 0x00000000f7d00000, 0x00000000f7d00000)
  eden space 102400K, 100% used [0x00000000f0000000, 0x00000000f6400000, 0x00000000f6400000)
  from space 12800K,  10% used [0x00000000f6400000, 0x00000000f654d798, 0x00000000f7080000)
  to   space 12800K,   0% used [0x00000000f7080000, 0x00000000f7080000, 0x00000000f7d00000)
 concurrent mark-sweep generation total 134144K, used 44092K [0x00000000f7d00000, 0x0000000100000000, 0x0000000100000000)
 Metaspace       used 65084K, capacity 69770K, committed 69888K, reserved 1110016K
  class space    used 8392K, capacity 9186K, committed 9216K, reserved 1048576K
2022-09-12T02:04:30.753+0800: 245.530: [GC (Allocation Failure)  147826K->45640K(249344K), 0.0041353 secs]
Heap after GC invocations=429 (full 0):
 par new generation   total 115200K, used 1535K [0x00000000f0000000, 0x00000000f7d00000, 0x00000000f7d00000)
  eden space 102400K,   0% used [0x00000000f0000000, 0x00000000f0000000, 0x00000000f6400000)
  from space 12800K,  11% used [0x00000000f7080000, 0x00000000f71ffef0, 0x00000000f7d00000)
  to   space 12800K,   0% used [0x00000000f6400000, 0x00000000f6400000, 0x00000000f7080000)
 concurrent mark-sweep generation total 134144K, used 44105K [0x00000000f7d00000, 0x0000000100000000, 0x0000000100000000)
 Metaspace       used 65084K, capacity 69770K, committed 69888K, reserved 1110016K
  class space    used 8392K, capacity 9186K, committed 9216K, reserved 1048576K
}
{Heap before GC invocations=429 (full 0):
 par new generation   total 115200K, used 103935K [0x00000000f0000000, 0x00000000f7d00000, 0x00000000f7d00000)
  eden space 102400K, 100% used [0x00000000f0000000, 0x00000000f6400000, 0x00000000f6400000)
  from space 12800K,  11% used [0x00000000f7080000, 0x00000000f71ffef0, 0x00000000f7d00000)
  to   space 12800K,   0% used [0x00000000f6400000, 0x00000000f6400000, 0x00000000f7080000)
 concurrent mark-sweep generation total 134144K, used 44105K [0x00000000f7d00000, 0x0000000100000000, 0x0000000100000000)
 Metaspace       used 65084K, capacity 69770K, committed 69888K, reserved 1110016K
  class space    used 8392K, capacity 9186K, committed 9216K, reserved 1048576K
2022-09-12T02:04:31.102+0800: 245.879: [GC (Allocation Failure)  148040K->45769K(249344K), 0.0041447 secs]
Heap after GC invocations=430 (full 0):
 par new generation   total 115200K, used 1648K [0x00000000f0000000, 0x00000000f7d00000, 0x00000000f7d00000)
  eden space 102400K,   0% used [0x00000000f0000000, 0x00000000f0000000, 0x00000000f6400000)
  from space 12800K,  12% used [0x00000000f6400000, 0x00000000f659c3f8, 0x00000000f7080000)
  to   space 12800K,   0% used [0x00000000f7080000, 0x00000000f7080000, 0x00000000f7d00000)
 concurrent mark-sweep generation total 134144K, used 44120K [0x00000000f7d00000, 0x0000000100000000, 0x0000000100000000)
 Metaspace       used 65084K, capacity 69770K, committed 69888K, reserved 1110016K
  class space    used 8392K, capacity 9186K, committed 9216K, reserved 1048576K
}
{Heap before GC invocations=430 (full 0):
 par new generation   total 115200K, used 104048K [0x00000000f0000000, 0x00000000f7d00000, 0x00000000f7d00000)
  eden space 102400K, 100% used [0x00000000f0000000, 0x00000000f6400000, 0x00000000f6400000)
  from space 12800K,  12% used [0x00000000f6400000, 0x00000000f659c3f8, 0x00000000f7080000)
  to   space 12800K,   0% used [0x00000000f7080000, 0x00000000f7080000, 0x00000000f7d00000)
 concurrent mark-sweep generation total 134144K, used 44120K [0x00000000f7d00000, 0x0000000100000000, 0x0000000100000000)
 Metaspace       used 65084K, capacity 69770K, committed 69888K, reserved 1110016K
  class space    used 8392K, capacity 9186K, committed 9216K, reserved 1048576K
2022-09-12T02:04:31.461+0800: 246.238: [GC (Allocation Failure)  148169K->45333K(249344K), 0.0041743 secs]
Heap after GC invocations=431 (full 0):
 par new generation   total 115200K, used 1194K [0x00000000f0000000, 0x00000000f7d00000, 0x00000000f7d00000)
  eden space 102400K,   0% used [0x00000000f0000000, 0x00000000f0000000, 0x00000000f6400000)
  from space 12800K,   9% used [0x00000000f7080000, 0x00000000f71aa900, 0x00000000f7d00000)
  to   space 12800K,   0% used [0x00000000f6400000, 0x00000000f6400000, 0x00000000f7080000)
 concurrent mark-sweep generation total 134144K, used 44139K [0x00000000f7d00000, 0x0000000100000000, 0x0000000100000000)
 Metaspace       used 65084K, capacity 69770K, committed 69888K, reserved 1110016K
  class space    used 8392K, capacity 9186K, committed 9216K, reserved 1048576K
}
{Heap before GC invocations=431 (full 0):
 par new generation   total 115200K, used 103594K [0x00000000f0000000, 0x00000000f7d00000, 0x00000000f7d00000)
  eden space 102400K, 100% used [0x00000000f0000000, 0x00000000f6400000, 0x00000000f6400000)
  from space 12800K,   9% used [0x00000000f7080000, 0x00000000f71aa900, 0x00000000f7d00000)
  to   space 12800K,   0% used [0x00000000f6400000, 0x00000000f6400000, 0x00000000f7080000)
 concurrent mark-sweep generation total 134144K, used 44139K [0x00000000f7d00000, 0x0000000100000000, 0x0000000100000000)
 Metaspace       used 65084K, capacity 69770K, committed 69888K, reserved 1110016K
  class space    used 8392K, capacity 9186K, committed 9216K, reserved 1048576K
2022-09-12T02:04:31.809+0800: 246.586: [GC (Allocation Failure)  147733K->45670K(249344K), 0.0041277 secs]
Heap after GC invocations=432 (full 0):
 par new generation   total 115200K, used 1514K [0x00000000f0000000, 0x00000000f7d00000, 0x00000000f7d00000)
  eden space 102400K,   0% used [0x00000000f0000000, 0x00000000f0000000, 0x00000000f6400000)
  from space 12800K,  11% used [0x00000000f6400000, 0x00000000f657aa10, 0x00000000f7080000)
  to   space 12800K,   0% used [0x00000000f7080000, 0x00000000f7080000, 0x00000000f7d00000)
 concurrent mark-sweep generation total 134144K, used 44156K [0x00000000f7d00000, 0x0000000100000000, 0x0000000100000000)
 Metaspace       used 65084K, capacity 69770K, committed 69888K, reserved 1110016K
  class space    used 8392K, capacity 9186K, committed 9216K, reserved 1048576K
}
{Heap before GC invocations=432 (full 0):
 par new generation   total 115200K, used 103914K [0x00000000f0000000, 0x00000000f7d00000, 0x00000000f7d00000)
  eden space 102400K, 100% used [0x00000000f0000000, 0x00000000f6400000, 0x00000000f6400000)
  from space 12800K,  11% used [0x00000000f6400000, 0x00000000f657aa10, 0x00000000f7080000)
  to   space 12800K,   0% used [0x00000000f7080000, 0x00000000f7080000, 0x00000000f7d00000)
 concurrent mark-sweep generation total 134144K, used 44156K [0x00000000f7d00000, 0x0000000100000000, 0x0000000100000000)
 Metaspace       used 65084K, capacity 69770K, committed 69888K, reserved 1110016K
  class space    used 8392K, capacity 9186K, committed 9216K, reserved 1048576K
2022-09-12T02:04:32.158+0800: 246.935: [GC (Allocation Failure)  148070K->45831K(249344K), 0.0041711 secs]
Heap after GC invocations=433 (full 0):
 par new generation   total 115200K, used 1666K [0x00000000f0000000, 0x00000000f7d00000, 0x00000000f7d00000)
  eden space 102400K,   0% used [0x00000000f0000000, 0x00000000f0000000, 0x00000000f6400000)
  from space 12800K,  13% used [0x00000000f7080000, 0x00000000f72209c0, 0x00000000f7d00000)
  to   space 12800K,   0% used [0x00000000f6400000, 0x00000000f6400000, 0x00000000f7080000)
 concurrent mark-sweep generation total 134144K, used 44165K [0x00000000f7d00000, 0x0000000100000000, 0x0000000100000000)
 Metaspace       used 65084K, capacity 69770K, committed 69888K, reserved 1110016K
  class space    used 8392K, capacity 9186K, committed 9216K, reserved 1048576K
}
{Heap before GC invocations=433 (full 0):
 par new generation   total 115200K, used 104066K [0x00000000f0000000, 0x00000000f7d00000, 0x00000000f7d00000)
  eden space 102400K, 100% used [0x00000000f0000000, 0x00000000f6400000, 0x00000000f6400000)
  from space 12800K,  13% used [0x00000000f7080000, 0x00000000f72209c0, 0x00000000f7d00000)
  to   space 12800K,   0% used [0x00000000f6400000, 0x00000000f6400000, 0x00000000f7080000)
 concurrent mark-sweep generation total 134144K, used 44165K [0x00000000f7d00000, 0x0000000100000000, 0x0000000100000000)
 Metaspace       used 65084K, capacity 69770K, committed 69888K, reserved 1110016K
  class space    used 8392K, capacity 9186K, committed 9216K, reserved 1048576K
2022-09-12T02:04:32.507+0800: 247.284: [GC (Allocation Failure)  148231K->45256K(249344K), 0.0042809 secs]
Heap after GC invocations=434 (full 0):
 par new generation   total 115200K, used 1064K [0x00000000f0000000, 0x00000000f7d00000, 0x00000000f7d00000)
  eden space 102400K,   0% used [0x00000000f0000000, 0x00000000f0000000, 0x00000000f6400000)
  from space 12800K,   8% used [0x00000000f6400000, 0x00000000f650a150, 0x00000000f7080000)
  to   space 12800K,   0% used [0x00000000f7080000, 0x00000000f7080000, 0x00000000f7d00000)
 concurrent mark-sweep generation total 134144K, used 44191K [0x00000000f7d00000, 0x0000000100000000, 0x0000000100000000)
 Metaspace       used 65084K, capacity 69770K, committed 69888K, reserved 1110016K
  class space    used 8392K, capacity 9186K, committed 9216K, reserved 1048576K
}
{Heap before GC invocations=434 (full 0):
 par new generation   total 115200K, used 103464K [0x00000000f0000000, 0x00000000f7d00000, 0x00000000f7d00000)
  eden space 102400K, 100% used [0x00000000f0000000, 0x00000000f6400000, 0x00000000f6400000)
  from space 12800K,   8% used [0x00000000f6400000, 0x00000000f650a150, 0x00000000f7080000)
  to   space 12800K,   0% used [0x00000000f7080000, 0x00000000f7080000, 0x00000000f7d00000)
 concurrent mark-sweep generation total 134144K, used 44191K [0x00000000f7d00000, 0x0000000100000000, 0x0000000100000000)
 Metaspace       used 65084K, capacity 69770K, committed 69888K, reserved 1110016K
  class space    used 8392K, capacity 9186K, committed 9216K, reserved 1048576K
2022-09-12T02:04:32.856+0800: 247.633: [GC (Allocation Failure)  147656K->45723K(249344K), 0.0042242 secs]
Heap after GC invocations=435 (full 0):
 par new generation   total 115200K, used 1514K [0x00000000f0000000, 0x00000000f7d00000, 0x00000000f7d00000)
  eden space 102400K,   0% used [0x00000000f0000000, 0x00000000f0000000, 0x00000000f6400000)
  from space 12800K,  11% used [0x00000000f7080000, 0x00000000f71fab60, 0x00000000f7d00000)
  to   space 12800K,   0% used [0x00000000f6400000, 0x00000000f6400000, 0x00000000f7080000)
 concurrent mark-sweep generation total 134144K, used 44208K [0x00000000f7d00000, 0x0000000100000000, 0x0000000100000000)
 Metaspace       used 65084K, capacity 69770K, committed 69888K, reserved 1110016K
  class space    used 8392K, capacity 9186K, committed 9216K, reserved 1048576K
}
{Heap before GC invocations=435 (full 0):
 par new generation   total 115200K, used 103914K [0x00000000f0000000, 0x00000000f7d00000, 0x00000000f7d00000)
  eden space 102400K, 100% used [0x00000000f0000000, 0x00000000f6400000, 0x00000000f6400000)
  from space 12800K,  11% used [0x00000000f7080000, 0x00000000f71fab60, 0x00000000f7d00000)
  to   space 12800K,   0% used [0x00000000f6400000, 0x00000000f6400000, 0x00000000f7080000)
 concurrent mark-sweep generation total 134144K, used 44208K [0x00000000f7d00000, 0x0000000100000000, 0x0000000100000000)
 Metaspace       used 65084K, capacity 69770K, committed 69888K, reserved 1110016K
  class space    used 8392K, capacity 9186K, committed 9216K, reserved 1048576K
2022-09-12T02:04:33.205+0800: 247.983: [GC (Allocation Failure)  148123K->45862K(249344K), 0.0041152 secs]
Heap after GC invocations=436 (full 0):
 par new generation   total 115200K, used 1640K [0x00000000f0000000, 0x00000000f7d00000, 0x00000000f7d00000)
  eden space 102400K,   0% used [0x00000000f0000000, 0x00000000f0000000, 0x00000000f6400000)
  from space 12800K,  12% used [0x00000000f6400000, 0x00000000f659a360, 0x00000000f7080000)
  to   space 12800K,   0% used [0x00000000f7080000, 0x00000000f7080000, 0x00000000f7d00000)
 concurrent mark-sweep generation total 134144K, used 44221K [0x00000000f7d00000, 0x0000000100000000, 0x0000000100000000)
 Metaspace       used 65084K, capacity 69770K, committed 69888K, reserved 1110016K
  class space    used 8392K, capacity 9186K, committed 9216K, reserved 1048576K
}
{Heap before GC invocations=436 (full 0):
 par new generation   total 115200K, used 104040K [0x00000000f0000000, 0x00000000f7d00000, 0x00000000f7d00000)
  eden space 102400K, 100% used [0x00000000f0000000, 0x00000000f6400000, 0x00000000f6400000)
  from space 12800K,  12% used [0x00000000f6400000, 0x00000000f659a360, 0x00000000f7080000)
  to   space 12800K,   0% used [0x00000000f7080000, 0x00000000f7080000, 0x00000000f7d00000)
 concurrent mark-sweep generation total 134144K, used 44221K [0x00000000f7d00000, 0x0000000100000000, 0x0000000100000000)
 Metaspace       used 65084K, capacity 69770K, committed 69888K, reserved 1110016K
  class space    used 8392K, capacity 9186K, committed 9216K, reserved 1048576K
2022-09-12T02:04:33.553+0800: 248.330: [GC (Allocation Failure)  148262K->45417K(249344K), 0.0041380 secs]
Heap after GC invocations=437 (full 0):
 par new generation   total 115200K, used 1184K [0x00000000f0000000, 0x00000000f7d00000, 0x00000000f7d00000)
  eden space 102400K,   0% used [0x00000000f0000000, 0x00000000f0000000, 0x00000000f6400000)
  from space 12800K,   9% used [0x00000000f7080000, 0x00000000f71a8080, 0x00000000f7d00000)
  to   space 12800K,   0% used [0x00000000f6400000, 0x00000000f6400000, 0x00000000f7080000)
 concurrent mark-sweep generation total 134144K, used 44233K [0x00000000f7d00000, 0x0000000100000000, 0x0000000100000000)
 Metaspace       used 65084K, capacity 69770K, committed 69888K, reserved 1110016K
  class space    used 8392K, capacity 9186K, committed 9216K, reserved 1048576K
}
{Heap before GC invocations=437 (full 0):
 par new generation   total 115200K, used 103584K [0x00000000f0000000, 0x00000000f7d00000, 0x00000000f7d00000)
  eden space 102400K, 100% used [0x00000000f0000000, 0x00000000f6400000, 0x00000000f6400000)
  from space 12800K,   9% used [0x00000000f7080000, 0x00000000f71a8080, 0x00000000f7d00000)
  to   space 12800K,   0% used [0x00000000f6400000, 0x00000000f6400000, 0x00000000f7080000)
 concurrent mark-sweep generation total 134144K, used 44233K [0x00000000f7d00000, 0x0000000100000000, 0x0000000100000000)
 Metaspace       used 65084K, capacity 69770K, committed 69888K, reserved 1110016K
  class space    used 8392K, capacity 9186K, committed 9216K, reserved 1048576K
2022-09-12T02:04:33.901+0800: 248.678: [GC (Allocation Failure)  147817K->45787K(249344K), 0.0040665 secs]
Heap after GC invocations=438 (full 0):
 par new generation   total 115200K, used 1539K [0x00000000f0000000, 0x00000000f7d00000, 0x00000000f7d00000)
  eden space 102400K,   0% used [0x00000000f0000000, 0x00000000f0000000, 0x00000000f6400000)
  from space 12800K,  12% used [0x00000000f6400000, 0x00000000f6580e78, 0x00000000f7080000)
  to   space 12800K,   0% used [0x00000000f7080000, 0x00000000f7080000, 0x00000000f7d00000)
 concurrent mark-sweep generation total 134144K, used 44247K [0x00000000f7d00000, 0x0000000100000000, 0x0000000100000000)
 Metaspace       used 65084K, capacity 69770K, committed 69888K, reserved 1110016K
  class space    used 8392K, capacity 9186K, committed 9216K, reserved 1048576K
}
{Heap before GC invocations=438 (full 0):
 par new generation   total 115200K, used 103939K [0x00000000f0000000, 0x00000000f7d00000, 0x00000000f7d00000)
  eden space 102400K, 100% used [0x00000000f0000000, 0x00000000f6400000, 0x00000000f6400000)
  from space 12800K,  12% used [0x00000000f6400000, 0x00000000f6580e78, 0x00000000f7080000)
  to   space 12800K,   0% used [0x00000000f7080000, 0x00000000f7080000, 0x00000000f7d00000)
 concurrent mark-sweep generation total 134144K, used 44247K [0x00000000f7d00000, 0x0000000100000000, 0x0000000100000000)
 Metaspace       used 65084K, capacity 69770K, committed 69888K, reserved 1110016K
  class space    used 8392K, capacity 9186K, committed 9216K, reserved 1048576K
2022-09-12T02:04:34.255+0800: 249.033: [GC (Allocation Failure)  148187K->45902K(249344K), 0.0041094 secs]
Heap after GC invocations=439 (full 0):
 par new generation   total 115200K, used 1633K [0x00000000f0000000, 0x00000000f7d00000, 0x00000000f7d00000)
  eden space 102400K,   0% used [0x00000000f0000000, 0x00000000f0000000, 0x00000000f6400000)
  from space 12800K,  12% used [0x00000000f7080000, 0x00000000f72185d8, 0x00000000f7d00000)
  to   space 12800K,   0% used [0x00000000f6400000, 0x00000000f6400000, 0x00000000f7080000)
 concurrent mark-sweep generation total 134144K, used 44269K [0x00000000f7d00000, 0x0000000100000000, 0x0000000100000000)
 Metaspace       used 65084K, capacity 69770K, committed 69888K, reserved 1110016K
  class space    used 8392K, capacity 9186K, committed 9216K, reserved 1048576K
}
{Heap before GC invocations=439 (full 0):
 par new generation   total 115200K, used 104033K [0x00000000f0000000, 0x00000000f7d00000, 0x00000000f7d00000)
  eden space 102400K, 100% used [0x00000000f0000000, 0x00000000f6400000, 0x00000000f6400000)
  from space 12800K,  12% used [0x00000000f7080000, 0x00000000f72185d8, 0x00000000f7d00000)
  to   space 12800K,   0% used [0x00000000f6400000, 0x00000000f6400000, 0x00000000f7080000)
 concurrent mark-sweep generation total 134144K, used 44269K [0x00000000f7d00000, 0x0000000100000000, 0x0000000100000000)
 Metaspace       used 65084K, capacity 69770K, committed 69888K, reserved 1110016K
  class space    used 8392K, capacity 9186K, committed 9216K, reserved 1048576K
2022-09-12T02:04:34.603+0800: 249.380: [GC (Allocation Failure)  148302K->45994K(249344K), 0.0040721 secs]
Heap after GC invocations=440 (full 0):
 par new generation   total 115200K, used 1709K [0x00000000f0000000, 0x00000000f7d00000, 0x00000000f7d00000)
  eden space 102400K,   0% used [0x00000000f0000000, 0x00000000f0000000, 0x00000000f6400000)
  from space 12800K,  13% used [0x00000000f6400000, 0x00000000f65ab508, 0x00000000f7080000)
  to   space 12800K,   0% used [0x00000000f7080000, 0x00000000f7080000, 0x00000000f7d00000)
 concurrent mark-sweep generation total 134144K, used 44285K [0x00000000f7d00000, 0x0000000100000000, 0x0000000100000000)
 Metaspace       used 65084K, capacity 69770K, committed 69888K, reserved 1110016K
  class space    used 8392K, capacity 9186K, committed 9216K, reserved 1048576K
}
{Heap before GC invocations=440 (full 0):
 par new generation   total 115200K, used 104109K [0x00000000f0000000, 0x00000000f7d00000, 0x00000000f7d00000)
  eden space 102400K, 100% used [0x00000000f0000000, 0x00000000f6400000, 0x00000000f6400000)
  from space 12800K,  13% used [0x00000000f6400000, 0x00000000f65ab508, 0x00000000f7080000)
  to   space 12800K,   0% used [0x00000000f7080000, 0x00000000f7080000, 0x00000000f7d00000)
 concurrent mark-sweep generation total 134144K, used 44285K [0x00000000f7d00000, 0x0000000100000000, 0x0000000100000000)
 Metaspace       used 65084K, capacity 69770K, committed 69888K, reserved 1110016K
  class space    used 8392K, capacity 9186K, committed 9216K, reserved 1048576K
2022-09-12T02:04:34.952+0800: 249.729: [GC (Allocation Failure)  148394K->45492K(249344K), 0.0040837 secs]
Heap after GC invocations=441 (full 0):
 par new generation   total 115200K, used 1196K [0x00000000f0000000, 0x00000000f7d00000, 0x00000000f7d00000)
  eden space 102400K,   0% used [0x00000000f0000000, 0x00000000f0000000, 0x00000000f6400000)
  from space 12800K,   9% used [0x00000000f7080000, 0x00000000f71ab080, 0x00000000f7d00000)
  to   space 12800K,   0% used [0x00000000f6400000, 0x00000000f6400000, 0x00000000f7080000)
 concurrent mark-sweep generation total 134144K, used 44296K [0x00000000f7d00000, 0x0000000100000000, 0x0000000100000000)
 Metaspace       used 65084K, capacity 69770K, committed 69888K, reserved 1110016K
  class space    used 8392K, capacity 9186K, committed 9216K, reserved 1048576K
}
{Heap before GC invocations=441 (full 0):
 par new generation   total 115200K, used 103596K [0x00000000f0000000, 0x00000000f7d00000, 0x00000000f7d00000)
  eden space 102400K, 100% used [0x00000000f0000000, 0x00000000f6400000, 0x00000000f6400000)
  from space 12800K,   9% used [0x00000000f7080000, 0x00000000f71ab080, 0x00000000f7d00000)
  to   space 12800K,   0% used [0x00000000f6400000, 0x00000000f6400000, 0x00000000f7080000)
 concurrent mark-sweep generation total 134144K, used 44296K [0x00000000f7d00000, 0x0000000100000000, 0x0000000100000000)
 Metaspace       used 65084K, capacity 69770K, committed 69888K, reserved 1110016K
  class space    used 8392K, capacity 9186K, committed 9216K, reserved 1048576K
2022-09-12T02:04:35.300+0800: 250.077: [GC (Allocation Failure)  147892K->45849K(249344K), 0.0040434 secs]
Heap after GC invocations=442 (full 0):
 par new generation   total 115200K, used 1533K [0x00000000f0000000, 0x00000000f7d00000, 0x00000000f7d00000)
  eden space 102400K,   0% used [0x00000000f0000000, 0x00000000f0000000, 0x00000000f6400000)
  from space 12800K,  11% used [0x00000000f6400000, 0x00000000f657f780, 0x00000000f7080000)
  to   space 12800K,   0% used [0x00000000f7080000, 0x00000000f7080000, 0x00000000f7d00000)
 concurrent mark-sweep generation total 134144K, used 44315K [0x00000000f7d00000, 0x0000000100000000, 0x0000000100000000)
 Metaspace       used 65084K, capacity 69770K, committed 69888K, reserved 1110016K
  class space    used 8392K, capacity 9186K, committed 9216K, reserved 1048576K
}
{Heap before GC invocations=442 (full 0):
 par new generation   total 115200K, used 103933K [0x00000000f0000000, 0x00000000f7d00000, 0x00000000f7d00000)
  eden space 102400K, 100% used [0x00000000f0000000, 0x00000000f6400000, 0x00000000f6400000)
  from space 12800K,  11% used [0x00000000f6400000, 0x00000000f657f780, 0x00000000f7080000)
  to   space 12800K,   0% used [0x00000000f7080000, 0x00000000f7080000, 0x00000000f7d00000)
 concurrent mark-sweep generation total 134144K, used 44315K [0x00000000f7d00000, 0x0000000100000000, 0x0000000100000000)
 Metaspace       used 65084K, capacity 69770K, committed 69888K, reserved 1110016K
  class space    used 8392K, capacity 9186K, committed 9216K, reserved 1048576K
2022-09-12T02:04:35.648+0800: 250.426: [GC (Allocation Failure)  148249K->45991K(249344K), 0.0040455 secs]
Heap after GC invocations=443 (full 0):
 par new generation   total 115200K, used 1658K [0x00000000f0000000, 0x00000000f7d00000, 0x00000000f7d00000)
  eden space 102400K,   0% used [0x00000000f0000000, 0x00000000f0000000, 0x00000000f6400000)
  from space 12800K,  12% used [0x00000000f7080000, 0x00000000f721e960, 0x00000000f7d00000)
  to   space 12800K,   0% used [0x00000000f6400000, 0x00000000f6400000, 0x00000000f7080000)
 concurrent mark-sweep generation total 134144K, used 44333K [0x00000000f7d00000, 0x0000000100000000, 0x0000000100000000)
 Metaspace       used 65084K, capacity 69770K, committed 69888K, reserved 1110016K
  class space    used 8392K, capacity 9186K, committed 9216K, reserved 1048576K
}
{Heap before GC invocations=443 (full 0):
 par new generation   total 115200K, used 104058K [0x00000000f0000000, 0x00000000f7d00000, 0x00000000f7d00000)
  eden space 102400K, 100% used [0x00000000f0000000, 0x00000000f6400000, 0x00000000f6400000)
  from space 12800K,  12% used [0x00000000f7080000, 0x00000000f721e960, 0x00000000f7d00000)
  to   space 12800K,   0% used [0x00000000f6400000, 0x00000000f6400000, 0x00000000f7080000)
 concurrent mark-sweep generation total 134144K, used 44333K [0x00000000f7d00000, 0x0000000100000000, 0x0000000100000000)
 Metaspace       used 65084K, capacity 69770K, committed 69888K, reserved 1110016K
  class space    used 8392K, capacity 9186K, committed 9216K, reserved 1048576K
2022-09-12T02:04:35.996+0800: 250.773: [GC (Allocation Failure)  148391K->45516K(249344K), 0.0044660 secs]
Heap after GC invocations=444 (full 0):
 par new generation   total 115200K, used 1170K [0x00000000f0000000, 0x00000000f7d00000, 0x00000000f7d00000)
  eden space 102400K,   0% used [0x00000000f0000000, 0x00000000f0000000, 0x00000000f6400000)
  from space 12800K,   9% used [0x00000000f6400000, 0x00000000f6524980, 0x00000000f7080000)
  to   space 12800K,   0% used [0x00000000f7080000, 0x00000000f7080000, 0x00000000f7d00000)
 concurrent mark-sweep generation total 134144K, used 44346K [0x00000000f7d00000, 0x0000000100000000, 0x0000000100000000)
 Metaspace       used 65084K, capacity 69770K, committed 69888K, reserved 1110016K
  class space    used 8392K, capacity 9186K, committed 9216K, reserved 1048576K
}
{Heap before GC invocations=444 (full 0):
 par new generation   total 115200K, used 103570K [0x00000000f0000000, 0x00000000f7d00000, 0x00000000f7d00000)
  eden space 102400K, 100% used [0x00000000f0000000, 0x00000000f6400000, 0x00000000f6400000)
  from space 12800K,   9% used [0x00000000f6400000, 0x00000000f6524980, 0x00000000f7080000)
  to   space 12800K,   0% used [0x00000000f7080000, 0x00000000f7080000, 0x00000000f7d00000)
 concurrent mark-sweep generation total 134144K, used 44346K [0x00000000f7d00000, 0x0000000100000000, 0x0000000100000000)
 Metaspace       used 65084K, capacity 69770K, committed 69888K, reserved 1110016K
  class space    used 8392K, capacity 9186K, committed 9216K, reserved 1048576K
2022-09-12T02:04:36.348+0800: 251.125: [GC (Allocation Failure)  147916K->45866K(249344K), 0.0040856 secs]
Heap after GC invocations=445 (full 0):
 par new generation   total 115200K, used 1506K [0x00000000f0000000, 0x00000000f7d00000, 0x00000000f7d00000)
  eden space 102400K,   0% used [0x00000000f0000000, 0x00000000f0000000, 0x00000000f6400000)
  from space 12800K,  11% used [0x00000000f7080000, 0x00000000f71f8a20, 0x00000000f7d00000)
  to   space 12800K,   0% used [0x00000000f6400000, 0x00000000f6400000, 0x00000000f7080000)
 concurrent mark-sweep generation total 134144K, used 44360K [0x00000000f7d00000, 0x0000000100000000, 0x0000000100000000)
 Metaspace       used 65084K, capacity 69770K, committed 69888K, reserved 1110016K
  class space    used 8392K, capacity 9186K, committed 9216K, reserved 1048576K
}
{Heap before GC invocations=445 (full 0):
 par new generation   total 115200K, used 103906K [0x00000000f0000000, 0x00000000f7d00000, 0x00000000f7d00000)
  eden space 102400K, 100% used [0x00000000f0000000, 0x00000000f6400000, 0x00000000f6400000)
  from space 12800K,  11% used [0x00000000f7080000, 0x00000000f71f8a20, 0x00000000f7d00000)
  to   space 12800K,   0% used [0x00000000f6400000, 0x00000000f6400000, 0x00000000f7080000)
 concurrent mark-sweep generation total 134144K, used 44360K [0x00000000f7d00000, 0x0000000100000000, 0x0000000100000000)
 Metaspace       used 65084K, capacity 69770K, committed 69888K, reserved 1110016K
  class space    used 8392K, capacity 9186K, committed 9216K, reserved 1048576K
2022-09-12T02:04:36.696+0800: 251.473: [GC (Allocation Failure)  148266K->46061K(249344K), 0.0040597 secs]
Heap after GC invocations=446 (full 0):
 par new generation   total 115200K, used 1683K [0x00000000f0000000, 0x00000000f7d00000, 0x00000000f7d00000)
  eden space 102400K,   0% used [0x00000000f0000000, 0x00000000f0000000, 0x00000000f6400000)
  from space 12800K,  13% used [0x00000000f6400000, 0x00000000f65a4dc8, 0x00000000f7080000)
  to   space 12800K,   0% used [0x00000000f7080000, 0x00000000f7080000, 0x00000000f7d00000)
 concurrent mark-sweep generation total 134144K, used 44378K [0x00000000f7d00000, 0x0000000100000000, 0x0000000100000000)
 Metaspace       used 65084K, capacity 69770K, committed 69888K, reserved 1110016K
  class space    used 8392K, capacity 9186K, committed 9216K, reserved 1048576K
}
{Heap before GC invocations=446 (full 0):
 par new generation   total 115200K, used 104083K [0x00000000f0000000, 0x00000000f7d00000, 0x00000000f7d00000)
  eden space 102400K, 100% used [0x00000000f0000000, 0x00000000f6400000, 0x00000000f6400000)
  from space 12800K,  13% used [0x00000000f6400000, 0x00000000f65a4dc8, 0x00000000f7080000)
  to   space 12800K,   0% used [0x00000000f7080000, 0x00000000f7080000, 0x00000000f7d00000)
 concurrent mark-sweep generation total 134144K, used 44378K [0x00000000f7d00000, 0x0000000100000000, 0x0000000100000000)
 Metaspace       used 65084K, capacity 69770K, committed 69888K, reserved 1110016K
  class space    used 8392K, capacity 9186K, committed 9216K, reserved 1048576K
2022-09-12T02:04:37.045+0800: 251.823: [GC (Allocation Failure)  148461K->45608K(249344K), 0.0040657 secs]
Heap after GC invocations=447 (full 0):
 par new generation   total 115200K, used 1208K [0x00000000f0000000, 0x00000000f7d00000, 0x00000000f7d00000)
  eden space 102400K,   0% used [0x00000000f0000000, 0x00000000f0000000, 0x00000000f6400000)
  from space 12800K,   9% used [0x00000000f7080000, 0x00000000f71ae340, 0x00000000f7d00000)
  to   space 12800K,   0% used [0x00000000f6400000, 0x00000000f6400000, 0x00000000f7080000)
 concurrent mark-sweep generation total 134144K, used 44399K [0x00000000f7d00000, 0x0000000100000000, 0x0000000100000000)
 Metaspace       used 65084K, capacity 69770K, committed 69888K, reserved 1110016K
  class space    used 8392K, capacity 9186K, committed 9216K, reserved 1048576K
}
{Heap before GC invocations=447 (full 0):
 par new generation   total 115200K, used 103608K [0x00000000f0000000, 0x00000000f7d00000, 0x00000000f7d00000)
  eden space 102400K, 100% used [0x00000000f0000000, 0x00000000f6400000, 0x00000000f6400000)
  from space 12800K,   9% used [0x00000000f7080000, 0x00000000f71ae340, 0x00000000f7d00000)
  to   space 12800K,   0% used [0x00000000f6400000, 0x00000000f6400000, 0x00000000f7080000)
 concurrent mark-sweep generation total 134144K, used 44399K [0x00000000f7d00000, 0x0000000100000000, 0x0000000100000000)
 Metaspace       used 65084K, capacity 69770K, committed 69888K, reserved 1110016K
  class space    used 8392K, capacity 9186K, committed 9216K, reserved 1048576K
2022-09-12T02:04:37.395+0800: 252.172: [GC (Allocation Failure)  148008K->45924K(249344K), 0.0040681 secs]
Heap after GC invocations=448 (full 0):
 par new generation   total 115200K, used 1511K [0x00000000f0000000, 0x00000000f7d00000, 0x00000000f7d00000)
  eden space 102400K,   0% used [0x00000000f0000000, 0x00000000f0000000, 0x00000000f6400000)
  from space 12800K,  11% used [0x00000000f6400000, 0x00000000f6579e40, 0x00000000f7080000)
  to   space 12800K,   0% used [0x00000000f7080000, 0x00000000f7080000, 0x00000000f7d00000)
 concurrent mark-sweep generation total 134144K, used 44412K [0x00000000f7d00000, 0x0000000100000000, 0x0000000100000000)
 Metaspace       used 65084K, capacity 69770K, committed 69888K, reserved 1110016K
  class space    used 8392K, capacity 9186K, committed 9216K, reserved 1048576K
}
{Heap before GC invocations=448 (full 0):
 par new generation   total 115200K, used 103911K [0x00000000f0000000, 0x00000000f7d00000, 0x00000000f7d00000)
  eden space 102400K, 100% used [0x00000000f0000000, 0x00000000f6400000, 0x00000000f6400000)
  from space 12800K,  11% used [0x00000000f6400000, 0x00000000f6579e40, 0x00000000f7080000)
  to   space 12800K,   0% used [0x00000000f7080000, 0x00000000f7080000, 0x00000000f7d00000)
 concurrent mark-sweep generation total 134144K, used 44412K [0x00000000f7d00000, 0x0000000100000000, 0x0000000100000000)
 Metaspace       used 65084K, capacity 69770K, committed 69888K, reserved 1110016K
  class space    used 8392K, capacity 9186K, committed 9216K, reserved 1048576K
2022-09-12T02:04:37.745+0800: 252.522: [GC (Allocation Failure)  148324K->46077K(249344K), 0.0039929 secs]
Heap after GC invocations=449 (full 0):
 par new generation   total 115200K, used 1649K [0x00000000f0000000, 0x00000000f7d00000, 0x00000000f7d00000)
  eden space 102400K,   0% used [0x00000000f0000000, 0x00000000f0000000, 0x00000000f6400000)
  from space 12800K,  12% used [0x00000000f7080000, 0x00000000f721c580, 0x00000000f7d00000)
  to   space 12800K,   0% used [0x00000000f6400000, 0x00000000f6400000, 0x00000000f7080000)
 concurrent mark-sweep generation total 134144K, used 44427K [0x00000000f7d00000, 0x0000000100000000, 0x0000000100000000)
 Metaspace       used 65084K, capacity 69770K, committed 69888K, reserved 1110016K
  class space    used 8392K, capacity 9186K, committed 9216K, reserved 1048576K
}
{Heap before GC invocations=449 (full 0):
 par new generation   total 115200K, used 104049K [0x00000000f0000000, 0x00000000f7d00000, 0x00000000f7d00000)
  eden space 102400K, 100% used [0x00000000f0000000, 0x00000000f6400000, 0x00000000f6400000)
  from space 12800K,  12% used [0x00000000f7080000, 0x00000000f721c580, 0x00000000f7d00000)
  to   space 12800K,   0% used [0x00000000f6400000, 0x00000000f6400000, 0x00000000f7080000)
 concurrent mark-sweep generation total 134144K, used 44427K [0x00000000f7d00000, 0x0000000100000000, 0x0000000100000000)
 Metaspace       used 65084K, capacity 69770K, committed 69888K, reserved 1110016K
  class space    used 8392K, capacity 9186K, committed 9216K, reserved 1048576K
2022-09-12T02:04:38.103+0800: 252.880: [GC (Allocation Failure)  148477K->45493K(249344K), 0.0040709 secs]
Heap after GC invocations=450 (full 0):
 par new generation   total 115200K, used 1047K [0x00000000f0000000, 0x00000000f7d00000, 0x00000000f7d00000)
  eden space 102400K,   0% used [0x00000000f0000000, 0x00000000f0000000, 0x00000000f6400000)
  from space 12800K,   8% used [0x00000000f6400000, 0x00000000f6505f08, 0x00000000f7080000)
  to   space 12800K,   0% used [0x00000000f7080000, 0x00000000f7080000, 0x00000000f7d00000)
 concurrent mark-sweep generation total 134144K, used 44445K [0x00000000f7d00000, 0x0000000100000000, 0x0000000100000000)
 Metaspace       used 65084K, capacity 69770K, committed 69888K, reserved 1110016K
  class space    used 8392K, capacity 9186K, committed 9216K, reserved 1048576K
}
{Heap before GC invocations=450 (full 0):
 par new generation   total 115200K, used 103447K [0x00000000f0000000, 0x00000000f7d00000, 0x00000000f7d00000)
  eden space 102400K, 100% used [0x00000000f0000000, 0x00000000f6400000, 0x00000000f6400000)
  from space 12800K,   8% used [0x00000000f6400000, 0x00000000f6505f08, 0x00000000f7080000)
  to   space 12800K,   0% used [0x00000000f7080000, 0x00000000f7080000, 0x00000000f7d00000)
 concurrent mark-sweep generation total 134144K, used 44445K [0x00000000f7d00000, 0x0000000100000000, 0x0000000100000000)
 Metaspace       used 65084K, capacity 69770K, committed 69888K, reserved 1110016K
  class space    used 8392K, capacity 9186K, committed 9216K, reserved 1048576K
2022-09-12T02:04:38.452+0800: 253.229: [GC (Allocation Failure)  147893K->45984K(249344K), 0.0041702 secs]
Heap after GC invocations=451 (full 0):
 par new generation   total 115200K, used 1522K [0x00000000f0000000, 0x00000000f7d00000, 0x00000000f7d00000)
  eden space 102400K,   0% used [0x00000000f0000000, 0x00000000f0000000, 0x00000000f6400000)
  from space 12800K,  11% used [0x00000000f7080000, 0x00000000f71fc990, 0x00000000f7d00000)
  to   space 12800K,   0% used [0x00000000f6400000, 0x00000000f6400000, 0x00000000f7080000)
 concurrent mark-sweep generation total 134144K, used 44462K [0x00000000f7d00000, 0x0000000100000000, 0x0000000100000000)
 Metaspace       used 65084K, capacity 69770K, committed 69888K, reserved 1110016K
  class space    used 8392K, capacity 9186K, committed 9216K, reserved 1048576K
}
{Heap before GC invocations=451 (full 0):
 par new generation   total 115200K, used 103922K [0x00000000f0000000, 0x00000000f7d00000, 0x00000000f7d00000)
  eden space 102400K, 100% used [0x00000000f0000000, 0x00000000f6400000, 0x00000000f6400000)
  from space 12800K,  11% used [0x00000000f7080000, 0x00000000f71fc990, 0x00000000f7d00000)
  to   space 12800K,   0% used [0x00000000f6400000, 0x00000000f6400000, 0x00000000f7080000)
 concurrent mark-sweep generation total 134144K, used 44462K [0x00000000f7d00000, 0x0000000100000000, 0x0000000100000000)
 Metaspace       used 65085K, capacity 69770K, committed 69888K, reserved 1110016K
  class space    used 8392K, capacity 9186K, committed 9216K, reserved 1048576K
2022-09-12T02:04:38.800+0800: 253.578: [GC (Allocation Failure)  148384K->46114K(249344K), 0.0041357 secs]
Heap after GC invocations=452 (full 0):
 par new generation   total 115200K, used 1641K [0x00000000f0000000, 0x00000000f7d00000, 0x00000000f7d00000)
  eden space 102400K,   0% used [0x00000000f0000000, 0x00000000f0000000, 0x00000000f6400000)
  from space 12800K,  12% used [0x00000000f6400000, 0x00000000f659a718, 0x00000000f7080000)
  to   space 12800K,   0% used [0x00000000f7080000, 0x00000000f7080000, 0x00000000f7d00000)
 concurrent mark-sweep generation total 134144K, used 44472K [0x00000000f7d00000, 0x0000000100000000, 0x0000000100000000)
 Metaspace       used 65085K, capacity 69770K, committed 69888K, reserved 1110016K
  class space    used 8392K, capacity 9186K, committed 9216K, reserved 1048576K
}
{Heap before GC invocations=452 (full 0):
 par new generation   total 115200K, used 104041K [0x00000000f0000000, 0x00000000f7d00000, 0x00000000f7d00000)
  eden space 102400K, 100% used [0x00000000f0000000, 0x00000000f6400000, 0x00000000f6400000)
  from space 12800K,  12% used [0x00000000f6400000, 0x00000000f659a718, 0x00000000f7080000)
  to   space 12800K,   0% used [0x00000000f7080000, 0x00000000f7080000, 0x00000000f7d00000)
 concurrent mark-sweep generation total 134144K, used 44472K [0x00000000f7d00000, 0x0000000100000000, 0x0000000100000000)
 Metaspace       used 65085K, capacity 69770K, committed 69888K, reserved 1110016K
  class space    used 8392K, capacity 9186K, committed 9216K, reserved 1048576K
2022-09-12T02:04:39.149+0800: 253.926: [GC (Allocation Failure)  148514K->46195K(249344K), 0.0040722 secs]
Heap after GC invocations=453 (full 0):
 par new generation   total 115200K, used 1706K [0x00000000f0000000, 0x00000000f7d00000, 0x00000000f7d00000)
  eden space 102400K,   0% used [0x00000000f0000000, 0x00000000f0000000, 0x00000000f6400000)
  from space 12800K,  13% used [0x00000000f7080000, 0x00000000f722a890, 0x00000000f7d00000)
  to   space 12800K,   0% used [0x00000000f6400000, 0x00000000f6400000, 0x00000000f7080000)
 concurrent mark-sweep generation total 134144K, used 44489K [0x00000000f7d00000, 0x0000000100000000, 0x0000000100000000)
 Metaspace       used 65085K, capacity 69770K, committed 69888K, reserved 1110016K
  class space    used 8392K, capacity 9186K, committed 9216K, reserved 1048576K
}
{Heap before GC invocations=453 (full 0):
 par new generation   total 115200K, used 104106K [0x00000000f0000000, 0x00000000f7d00000, 0x00000000f7d00000)
  eden space 102400K, 100% used [0x00000000f0000000, 0x00000000f6400000, 0x00000000f6400000)
  from space 12800K,  13% used [0x00000000f7080000, 0x00000000f722a890, 0x00000000f7d00000)
  to   space 12800K,   0% used [0x00000000f6400000, 0x00000000f6400000, 0x00000000f7080000)
 concurrent mark-sweep generation total 134144K, used 44489K [0x00000000f7d00000, 0x0000000100000000, 0x0000000100000000)
 Metaspace       used 65085K, capacity 69770K, committed 69888K, reserved 1110016K
  class space    used 8392K, capacity 9186K, committed 9216K, reserved 1048576K
2022-09-12T02:04:39.498+0800: 254.275: [GC (Allocation Failure)  148595K->45704K(249344K), 0.0040424 secs]
Heap after GC invocations=454 (full 0):
 par new generation   total 115200K, used 1196K [0x00000000f0000000, 0x00000000f7d00000, 0x00000000f7d00000)
  eden space 102400K,   0% used [0x00000000f0000000, 0x00000000f0000000, 0x00000000f6400000)
  from space 12800K,   9% used [0x00000000f6400000, 0x00000000f652b000, 0x00000000f7080000)
  to   space 12800K,   0% used [0x00000000f7080000, 0x00000000f7080000, 0x00000000f7d00000)
 concurrent mark-sweep generation total 134144K, used 44508K [0x00000000f7d00000, 0x0000000100000000, 0x0000000100000000)
 Metaspace       used 65085K, capacity 69770K, committed 69888K, reserved 1110016K
  class space    used 8392K, capacity 9186K, committed 9216K, reserved 1048576K
}
{Heap before GC invocations=454 (full 0):
 par new generation   total 115200K, used 103596K [0x00000000f0000000, 0x00000000f7d00000, 0x00000000f7d00000)
  eden space 102400K, 100% used [0x00000000f0000000, 0x00000000f6400000, 0x00000000f6400000)
  from space 12800K,   9% used [0x00000000f6400000, 0x00000000f652b000, 0x00000000f7080000)
  to   space 12800K,   0% used [0x00000000f7080000, 0x00000000f7080000, 0x00000000f7d00000)
 concurrent mark-sweep generation total 134144K, used 44508K [0x00000000f7d00000, 0x0000000100000000, 0x0000000100000000)
 Metaspace       used 65085K, capacity 69770K, committed 69888K, reserved 1110016K
  class space    used 8392K, capacity 9186K, committed 9216K, reserved 1048576K
2022-09-12T02:04:39.846+0800: 254.623: [GC (Allocation Failure)  148104K->46021K(249344K), 0.0041016 secs]
Heap after GC invocations=455 (full 0):
 par new generation   total 115200K, used 1497K [0x00000000f0000000, 0x00000000f7d00000, 0x00000000f7d00000)
  eden space 102400K,   0% used [0x00000000f0000000, 0x00000000f0000000, 0x00000000f6400000)
  from space 12800K,  11% used [0x00000000f7080000, 0x00000000f71f67c8, 0x00000000f7d00000)
  to   space 12800K,   0% used [0x00000000f6400000, 0x00000000f6400000, 0x00000000f7080000)
 concurrent mark-sweep generation total 134144K, used 44523K [0x00000000f7d00000, 0x0000000100000000, 0x0000000100000000)
 Metaspace       used 65085K, capacity 69770K, committed 69888K, reserved 1110016K
  class space    used 8392K, capacity 9186K, committed 9216K, reserved 1048576K
}
{Heap before GC invocations=455 (full 0):
 par new generation   total 115200K, used 103897K [0x00000000f0000000, 0x00000000f7d00000, 0x00000000f7d00000)
  eden space 102400K, 100% used [0x00000000f0000000, 0x00000000f6400000, 0x00000000f6400000)
  from space 12800K,  11% used [0x00000000f7080000, 0x00000000f71f67c8, 0x00000000f7d00000)
  to   space 12800K,   0% used [0x00000000f6400000, 0x00000000f6400000, 0x00000000f7080000)
 concurrent mark-sweep generation total 134144K, used 44523K [0x00000000f7d00000, 0x0000000100000000, 0x0000000100000000)
 Metaspace       used 65085K, capacity 69770K, committed 69888K, reserved 1110016K
  class space    used 8392K, capacity 9186K, committed 9216K, reserved 1048576K
2022-09-12T02:04:40.194+0800: 254.972: [GC (Allocation Failure)  148421K->46196K(249344K), 0.0043198 secs]
Heap after GC invocations=456 (full 0):
 par new generation   total 115200K, used 1655K [0x00000000f0000000, 0x00000000f7d00000, 0x00000000f7d00000)
  eden space 102400K,   0% used [0x00000000f0000000, 0x00000000f0000000, 0x00000000f6400000)
  from space 12800K,  12% used [0x00000000f6400000, 0x00000000f659de00, 0x00000000f7080000)
  to   space 12800K,   0% used [0x00000000f7080000, 0x00000000f7080000, 0x00000000f7d00000)
 concurrent mark-sweep generation total 134144K, used 44541K [0x00000000f7d00000, 0x0000000100000000, 0x0000000100000000)
 Metaspace       used 65085K, capacity 69770K, committed 69888K, reserved 1110016K
  class space    used 8392K, capacity 9186K, committed 9216K, reserved 1048576K
}
{Heap before GC invocations=456 (full 0):
 par new generation   total 115200K, used 104055K [0x00000000f0000000, 0x00000000f7d00000, 0x00000000f7d00000)
  eden space 102400K, 100% used [0x00000000f0000000, 0x00000000f6400000, 0x00000000f6400000)
  from space 12800K,  12% used [0x00000000f6400000, 0x00000000f659de00, 0x00000000f7080000)
  to   space 12800K,   0% used [0x00000000f7080000, 0x00000000f7080000, 0x00000000f7d00000)
 concurrent mark-sweep generation total 134144K, used 44541K [0x00000000f7d00000, 0x0000000100000000, 0x0000000100000000)
 Metaspace       used 65085K, capacity 69770K, committed 69888K, reserved 1110016K
  class space    used 8392K, capacity 9186K, committed 9216K, reserved 1048576K
2022-09-12T02:04:40.542+0800: 255.320: [GC (Allocation Failure)  148596K->45902K(249344K), 0.0041053 secs]
Heap after GC invocations=457 (full 0):
 par new generation   total 115200K, used 1345K [0x00000000f0000000, 0x00000000f7d00000, 0x00000000f7d00000)
  eden space 102400K,   0% used [0x00000000f0000000, 0x00000000f0000000, 0x00000000f6400000)
  from space 12800K,  10% used [0x00000000f7080000, 0x00000000f71d06d8, 0x00000000f7d00000)
  to   space 12800K,   0% used [0x00000000f6400000, 0x00000000f6400000, 0x00000000f7080000)
 concurrent mark-sweep generation total 134144K, used 44556K [0x00000000f7d00000, 0x0000000100000000, 0x0000000100000000)
 Metaspace       used 65085K, capacity 69770K, committed 69888K, reserved 1110016K
  class space    used 8392K, capacity 9186K, committed 9216K, reserved 1048576K
}
{Heap before GC invocations=457 (full 0):
 par new generation   total 115200K, used 103745K [0x00000000f0000000, 0x00000000f7d00000, 0x00000000f7d00000)
  eden space 102400K, 100% used [0x00000000f0000000, 0x00000000f6400000, 0x00000000f6400000)
  from space 12800K,  10% used [0x00000000f7080000, 0x00000000f71d06d8, 0x00000000f7d00000)
  to   space 12800K,   0% used [0x00000000f6400000, 0x00000000f6400000, 0x00000000f7080000)
 concurrent mark-sweep generation total 134144K, used 44556K [0x00000000f7d00000, 0x0000000100000000, 0x0000000100000000)
 Metaspace       used 65085K, capacity 69770K, committed 69888K, reserved 1110016K
  class space    used 8392K, capacity 9186K, committed 9216K, reserved 1048576K
2022-09-12T02:04:40.890+0800: 255.667: [GC (Allocation Failure)  148302K->46107K(249344K), 0.0042582 secs]
Heap after GC invocations=458 (full 0):
 par new generation   total 115200K, used 1531K [0x00000000f0000000, 0x00000000f7d00000, 0x00000000f7d00000)
  eden space 102400K,   0% used [0x00000000f0000000, 0x00000000f0000000, 0x00000000f6400000)
  from space 12800K,  11% used [0x00000000f6400000, 0x00000000f657eec0, 0x00000000f7080000)
  to   space 12800K,   0% used [0x00000000f7080000, 0x00000000f7080000, 0x00000000f7d00000)
 concurrent mark-sweep generation total 134144K, used 44575K [0x00000000f7d00000, 0x0000000100000000, 0x0000000100000000)
 Metaspace       used 65085K, capacity 69770K, committed 69888K, reserved 1110016K
  class space    used 8392K, capacity 9186K, committed 9216K, reserved 1048576K
}
{Heap before GC invocations=458 (full 0):
 par new generation   total 115200K, used 103931K [0x00000000f0000000, 0x00000000f7d00000, 0x00000000f7d00000)
  eden space 102400K, 100% used [0x00000000f0000000, 0x00000000f6400000, 0x00000000f6400000)
  from space 12800K,  11% used [0x00000000f6400000, 0x00000000f657eec0, 0x00000000f7080000)
  to   space 12800K,   0% used [0x00000000f7080000, 0x00000000f7080000, 0x00000000f7d00000)
 concurrent mark-sweep generation total 134144K, used 44575K [0x00000000f7d00000, 0x0000000100000000, 0x0000000100000000)
 Metaspace       used 65085K, capacity 69770K, committed 69888K, reserved 1110016K
  class space    used 8392K, capacity 9186K, committed 9216K, reserved 1048576K
2022-09-12T02:04:41.241+0800: 256.019: [GC (Allocation Failure)  148507K->46234K(249344K), 0.0041845 secs]
Heap after GC invocations=459 (full 0):
 par new generation   total 115200K, used 1644K [0x00000000f0000000, 0x00000000f7d00000, 0x00000000f7d00000)
  eden space 102400K,   0% used [0x00000000f0000000, 0x00000000f0000000, 0x00000000f6400000)
  from space 12800K,  12% used [0x00000000f7080000, 0x00000000f721b160, 0x00000000f7d00000)
  to   space 12800K,   0% used [0x00000000f6400000, 0x00000000f6400000, 0x00000000f7080000)
 concurrent mark-sweep generation total 134144K, used 44589K [0x00000000f7d00000, 0x0000000100000000, 0x0000000100000000)
 Metaspace       used 65085K, capacity 69770K, committed 69888K, reserved 1110016K
  class space    used 8392K, capacity 9186K, committed 9216K, reserved 1048576K
}
{Heap before GC invocations=459 (full 0):
 par new generation   total 115200K, used 104044K [0x00000000f0000000, 0x00000000f7d00000, 0x00000000f7d00000)
  eden space 102400K, 100% used [0x00000000f0000000, 0x00000000f6400000, 0x00000000f6400000)
  from space 12800K,  12% used [0x00000000f7080000, 0x00000000f721b160, 0x00000000f7d00000)
  to   space 12800K,   0% used [0x00000000f6400000, 0x00000000f6400000, 0x00000000f7080000)
 concurrent mark-sweep generation total 134144K, used 44589K [0x00000000f7d00000, 0x0000000100000000, 0x0000000100000000)
 Metaspace       used 65085K, capacity 69770K, committed 69888K, reserved 1110016K
  class space    used 8392K, capacity 9186K, committed 9216K, reserved 1048576K
2022-09-12T02:04:41.590+0800: 256.367: [GC (Allocation Failure)  148634K->45937K(249344K), 0.0039970 secs]
Heap after GC invocations=460 (full 0):
 par new generation   total 115200K, used 1336K [0x00000000f0000000, 0x00000000f7d00000, 0x00000000f7d00000)
  eden space 102400K,   0% used [0x00000000f0000000, 0x00000000f0000000, 0x00000000f6400000)
  from space 12800K,  10% used [0x00000000f6400000, 0x00000000f654e098, 0x00000000f7080000)
  to   space 12800K,   0% used [0x00000000f7080000, 0x00000000f7080000, 0x00000000f7d00000)
 concurrent mark-sweep generation total 134144K, used 44601K [0x00000000f7d00000, 0x0000000100000000, 0x0000000100000000)
 Metaspace       used 65085K, capacity 69770K, committed 69888K, reserved 1110016K
  class space    used 8392K, capacity 9186K, committed 9216K, reserved 1048576K
}
{Heap before GC invocations=460 (full 0):
 par new generation   total 115200K, used 103736K [0x00000000f0000000, 0x00000000f7d00000, 0x00000000f7d00000)
  eden space 102400K, 100% used [0x00000000f0000000, 0x00000000f6400000, 0x00000000f6400000)
  from space 12800K,  10% used [0x00000000f6400000, 0x00000000f654e098, 0x00000000f7080000)
  to   space 12800K,   0% used [0x00000000f7080000, 0x00000000f7080000, 0x00000000f7d00000)
 concurrent mark-sweep generation total 134144K, used 44601K [0x00000000f7d00000, 0x0000000100000000, 0x0000000100000000)
 Metaspace       used 65085K, capacity 69770K, committed 69888K, reserved 1110016K
  class space    used 8392K, capacity 9186K, committed 9216K, reserved 1048576K
2022-09-12T02:04:41.941+0800: 256.719: [GC (Allocation Failure)  148337K->46158K(249344K), 0.0041136 secs]
Heap after GC invocations=461 (full 0):
 par new generation   total 115200K, used 1540K [0x00000000f0000000, 0x00000000f7d00000, 0x00000000f7d00000)
  eden space 102400K,   0% used [0x00000000f0000000, 0x00000000f0000000, 0x00000000f6400000)
  from space 12800K,  12% used [0x00000000f7080000, 0x00000000f7201000, 0x00000000f7d00000)
  to   space 12800K,   0% used [0x00000000f6400000, 0x00000000f6400000, 0x00000000f7080000)
 concurrent mark-sweep generation total 134144K, used 44618K [0x00000000f7d00000, 0x0000000100000000, 0x0000000100000000)
 Metaspace       used 65085K, capacity 69770K, committed 69888K, reserved 1110016K
  class space    used 8392K, capacity 9186K, committed 9216K, reserved 1048576K
}
{Heap before GC invocations=461 (full 0):
 par new generation   total 115200K, used 103940K [0x00000000f0000000, 0x00000000f7d00000, 0x00000000f7d00000)
  eden space 102400K, 100% used [0x00000000f0000000, 0x00000000f6400000, 0x00000000f6400000)
  from space 12800K,  12% used [0x00000000f7080000, 0x00000000f7201000, 0x00000000f7d00000)
  to   space 12800K,   0% used [0x00000000f6400000, 0x00000000f6400000, 0x00000000f7080000)
 concurrent mark-sweep generation total 134144K, used 44618K [0x00000000f7d00000, 0x0000000100000000, 0x0000000100000000)
 Metaspace       used 65085K, capacity 69770K, committed 69888K, reserved 1110016K
  class space    used 8392K, capacity 9186K, committed 9216K, reserved 1048576K
2022-09-12T02:04:42.301+0800: 257.079: [GC (Allocation Failure)  148558K->46268K(249344K), 0.0041879 secs]
Heap after GC invocations=462 (full 0):
 par new generation   total 115200K, used 1632K [0x00000000f0000000, 0x00000000f7d00000, 0x00000000f7d00000)
  eden space 102400K,   0% used [0x00000000f0000000, 0x00000000f0000000, 0x00000000f6400000)
  from space 12800K,  12% used [0x00000000f6400000, 0x00000000f6598108, 0x00000000f7080000)
  to   space 12800K,   0% used [0x00000000f7080000, 0x00000000f7080000, 0x00000000f7d00000)
 concurrent mark-sweep generation total 134144K, used 44635K [0x00000000f7d00000, 0x0000000100000000, 0x0000000100000000)
 Metaspace       used 65085K, capacity 69770K, committed 69888K, reserved 1110016K
  class space    used 8392K, capacity 9186K, committed 9216K, reserved 1048576K
}
{Heap before GC invocations=462 (full 0):
 par new generation   total 115200K, used 104032K [0x00000000f0000000, 0x00000000f7d00000, 0x00000000f7d00000)
  eden space 102400K, 100% used [0x00000000f0000000, 0x00000000f6400000, 0x00000000f6400000)
  from space 12800K,  12% used [0x00000000f6400000, 0x00000000f6598108, 0x00000000f7080000)
  to   space 12800K,   0% used [0x00000000f7080000, 0x00000000f7080000, 0x00000000f7d00000)
 concurrent mark-sweep generation total 134144K, used 44635K [0x00000000f7d00000, 0x0000000100000000, 0x0000000100000000)
 Metaspace       used 65085K, capacity 69770K, committed 69888K, reserved 1110016K
  class space    used 8392K, capacity 9186K, committed 9216K, reserved 1048576K
2022-09-12T02:04:42.652+0800: 257.430: [GC (Allocation Failure)  148668K->45844K(249344K), 0.0040659 secs]
Heap after GC invocations=463 (full 0):
 par new generation   total 115200K, used 1193K [0x00000000f0000000, 0x00000000f7d00000, 0x00000000f7d00000)
  eden space 102400K,   0% used [0x00000000f0000000, 0x00000000f0000000, 0x00000000f6400000)
  from space 12800K,   9% used [0x00000000f7080000, 0x00000000f71aa440, 0x00000000f7d00000)
  to   space 12800K,   0% used [0x00000000f6400000, 0x00000000f6400000, 0x00000000f7080000)
 concurrent mark-sweep generation total 134144K, used 44651K [0x00000000f7d00000, 0x0000000100000000, 0x0000000100000000)
 Metaspace       used 65085K, capacity 69770K, committed 69888K, reserved 1110016K
  class space    used 8392K, capacity 9186K, committed 9216K, reserved 1048576K
}
{Heap before GC invocations=463 (full 0):
 par new generation   total 115200K, used 103593K [0x00000000f0000000, 0x00000000f7d00000, 0x00000000f7d00000)
  eden space 102400K, 100% used [0x00000000f0000000, 0x00000000f6400000, 0x00000000f6400000)
  from space 12800K,   9% used [0x00000000f7080000, 0x00000000f71aa440, 0x00000000f7d00000)
  to   space 12800K,   0% used [0x00000000f6400000, 0x00000000f6400000, 0x00000000f7080000)
 concurrent mark-sweep generation total 134144K, used 44651K [0x00000000f7d00000, 0x0000000100000000, 0x0000000100000000)
 Metaspace       used 65085K, capacity 69770K, committed 69888K, reserved 1110016K
  class space    used 8392K, capacity 9186K, committed 9216K, reserved 1048576K
2022-09-12T02:04:43.001+0800: 257.778: [GC (Allocation Failure)  148244K->45981K(249344K), 0.0042942 secs]
Heap after GC invocations=464 (full 0):
 par new generation   total 115200K, used 1311K [0x00000000f0000000, 0x00000000f7d00000, 0x00000000f7d00000)
  eden space 102400K,   0% used [0x00000000f0000000, 0x00000000f0000000, 0x00000000f6400000)
  from space 12800K,  10% used [0x00000000f6400000, 0x00000000f6547de0, 0x00000000f7080000)
  to   space 12800K,   0% used [0x00000000f7080000, 0x00000000f7080000, 0x00000000f7d00000)
 concurrent mark-sweep generation total 134144K, used 44670K [0x00000000f7d00000, 0x0000000100000000, 0x0000000100000000)
 Metaspace       used 65085K, capacity 69770K, committed 69888K, reserved 1110016K
  class space    used 8392K, capacity 9186K, committed 9216K, reserved 1048576K
}
{Heap before GC invocations=464 (full 0):
 par new generation   total 115200K, used 103711K [0x00000000f0000000, 0x00000000f7d00000, 0x00000000f7d00000)
  eden space 102400K, 100% used [0x00000000f0000000, 0x00000000f6400000, 0x00000000f6400000)
  from space 12800K,  10% used [0x00000000f6400000, 0x00000000f6547de0, 0x00000000f7080000)
  to   space 12800K,   0% used [0x00000000f7080000, 0x00000000f7080000, 0x00000000f7d00000)
 concurrent mark-sweep generation total 134144K, used 44670K [0x00000000f7d00000, 0x0000000100000000, 0x0000000100000000)
 Metaspace       used 65085K, capacity 69770K, committed 69888K, reserved 1110016K
  class space    used 8392K, capacity 9186K, committed 9216K, reserved 1048576K
2022-09-12T02:04:43.350+0800: 258.127: [GC (Allocation Failure)  148381K->46326K(249344K), 0.0040795 secs]
Heap after GC invocations=465 (full 0):
 par new generation   total 115200K, used 1640K [0x00000000f0000000, 0x00000000f7d00000, 0x00000000f7d00000)
  eden space 102400K,   0% used [0x00000000f0000000, 0x00000000f0000000, 0x00000000f6400000)
  from space 12800K,  12% used [0x00000000f7080000, 0x00000000f721a1a0, 0x00000000f7d00000)
  to   space 12800K,   0% used [0x00000000f6400000, 0x00000000f6400000, 0x00000000f7080000)
 concurrent mark-sweep generation total 134144K, used 44685K [0x00000000f7d00000, 0x0000000100000000, 0x0000000100000000)
 Metaspace       used 65085K, capacity 69770K, committed 69888K, reserved 1110016K
  class space    used 8392K, capacity 9186K, committed 9216K, reserved 1048576K
}
{Heap before GC invocations=465 (full 0):
 par new generation   total 115200K, used 104040K [0x00000000f0000000, 0x00000000f7d00000, 0x00000000f7d00000)
  eden space 102400K, 100% used [0x00000000f0000000, 0x00000000f6400000, 0x00000000f6400000)
  from space 12800K,  12% used [0x00000000f7080000, 0x00000000f721a1a0, 0x00000000f7d00000)
  to   space 12800K,   0% used [0x00000000f6400000, 0x00000000f6400000, 0x00000000f7080000)
 concurrent mark-sweep generation total 134144K, used 44685K [0x00000000f7d00000, 0x0000000100000000, 0x0000000100000000)
 Metaspace       used 65085K, capacity 69770K, committed 69888K, reserved 1110016K
  class space    used 8392K, capacity 9186K, committed 9216K, reserved 1048576K
2022-09-12T02:04:43.697+0800: 258.475: [GC (Allocation Failure)  148726K->45877K(249344K), 0.0042132 secs]
Heap after GC invocations=466 (full 0):
 par new generation   total 115200K, used 1172K [0x00000000f0000000, 0x00000000f7d00000, 0x00000000f7d00000)
  eden space 102400K,   0% used [0x00000000f0000000, 0x00000000f0000000, 0x00000000f6400000)
  from space 12800K,   9% used [0x00000000f6400000, 0x00000000f65252c0, 0x00000000f7080000)
  to   space 12800K,   0% used [0x00000000f7080000, 0x00000000f7080000, 0x00000000f7d00000)
 concurrent mark-sweep generation total 134144K, used 44704K [0x00000000f7d00000, 0x0000000100000000, 0x0000000100000000)
 Metaspace       used 65085K, capacity 69770K, committed 69888K, reserved 1110016K
  class space    used 8392K, capacity 9186K, committed 9216K, reserved 1048576K
}
{Heap before GC invocations=466 (full 0):
 par new generation   total 115200K, used 103572K [0x00000000f0000000, 0x00000000f7d00000, 0x00000000f7d00000)
  eden space 102400K, 100% used [0x00000000f0000000, 0x00000000f6400000, 0x00000000f6400000)
  from space 12800K,   9% used [0x00000000f6400000, 0x00000000f65252c0, 0x00000000f7080000)
  to   space 12800K,   0% used [0x00000000f7080000, 0x00000000f7080000, 0x00000000f7d00000)
 concurrent mark-sweep generation total 134144K, used 44704K [0x00000000f7d00000, 0x0000000100000000, 0x0000000100000000)
 Metaspace       used 65085K, capacity 69770K, committed 69888K, reserved 1110016K
  class space    used 8392K, capacity 9186K, committed 9216K, reserved 1048576K
2022-09-12T02:04:44.046+0800: 258.823: [GC (Allocation Failure)  148277K->46253K(249344K), 0.0041294 secs]
Heap after GC invocations=467 (full 0):
 par new generation   total 115200K, used 1533K [0x00000000f0000000, 0x00000000f7d00000, 0x00000000f7d00000)
  eden space 102400K,   0% used [0x00000000f0000000, 0x00000000f0000000, 0x00000000f6400000)
  from space 12800K,  11% used [0x00000000f7080000, 0x00000000f71ff518, 0x00000000f7d00000)
  to   space 12800K,   0% used [0x00000000f6400000, 0x00000000f6400000, 0x00000000f7080000)
 concurrent mark-sweep generation total 134144K, used 44720K [0x00000000f7d00000, 0x0000000100000000, 0x0000000100000000)
 Metaspace       used 65085K, capacity 69770K, committed 69888K, reserved 1110016K
  class space    used 8392K, capacity 9186K, committed 9216K, reserved 1048576K
}
{Heap before GC invocations=467 (full 0):
 par new generation   total 115200K, used 103933K [0x00000000f0000000, 0x00000000f7d00000, 0x00000000f7d00000)
  eden space 102400K, 100% used [0x00000000f0000000, 0x00000000f6400000, 0x00000000f6400000)
  from space 12800K,  11% used [0x00000000f7080000, 0x00000000f71ff518, 0x00000000f7d00000)
  to   space 12800K,   0% used [0x00000000f6400000, 0x00000000f6400000, 0x00000000f7080000)
 concurrent mark-sweep generation total 134144K, used 44720K [0x00000000f7d00000, 0x0000000100000000, 0x0000000100000000)
 Metaspace       used 65085K, capacity 69770K, committed 69888K, reserved 1110016K
  class space    used 8392K, capacity 9186K, committed 9216K, reserved 1048576K
2022-09-12T02:04:44.395+0800: 259.172: [GC (Allocation Failure)  148653K->46339K(249344K), 0.0040609 secs]
Heap after GC invocations=468 (full 0):
 par new generation   total 115200K, used 1607K [0x00000000f0000000, 0x00000000f7d00000, 0x00000000f7d00000)
  eden space 102400K,   0% used [0x00000000f0000000, 0x00000000f0000000, 0x00000000f6400000)
  from space 12800K,  12% used [0x00000000f6400000, 0x00000000f6591fe8, 0x00000000f7080000)
  to   space 12800K,   0% used [0x00000000f7080000, 0x00000000f7080000, 0x00000000f7d00000)
 concurrent mark-sweep generation total 134144K, used 44731K [0x00000000f7d00000, 0x0000000100000000, 0x0000000100000000)
 Metaspace       used 65085K, capacity 69770K, committed 69888K, reserved 1110016K
  class space    used 8392K, capacity 9186K, committed 9216K, reserved 1048576K
}
{Heap before GC invocations=468 (full 0):
 par new generation   total 115200K, used 104007K [0x00000000f0000000, 0x00000000f7d00000, 0x00000000f7d00000)
  eden space 102400K, 100% used [0x00000000f0000000, 0x00000000f6400000, 0x00000000f6400000)
  from space 12800K,  12% used [0x00000000f6400000, 0x00000000f6591fe8, 0x00000000f7080000)
  to   space 12800K,   0% used [0x00000000f7080000, 0x00000000f7080000, 0x00000000f7d00000)
 concurrent mark-sweep generation total 134144K, used 44731K [0x00000000f7d00000, 0x0000000100000000, 0x0000000100000000)
 Metaspace       used 65085K, capacity 69770K, committed 69888K, reserved 1110016K
  class space    used 8392K, capacity 9186K, committed 9216K, reserved 1048576K
2022-09-12T02:04:44.743+0800: 259.520: [GC (Allocation Failure)  148739K->46070K(249344K), 0.0040985 secs]
Heap after GC invocations=469 (full 0):
 par new generation   total 115200K, used 1325K [0x00000000f0000000, 0x00000000f7d00000, 0x00000000f7d00000)
  eden space 102400K,   0% used [0x00000000f0000000, 0x00000000f0000000, 0x00000000f6400000)
  from space 12800K,  10% used [0x00000000f7080000, 0x00000000f71cb500, 0x00000000f7d00000)
  to   space 12800K,   0% used [0x00000000f6400000, 0x00000000f6400000, 0x00000000f7080000)
 concurrent mark-sweep generation total 134144K, used 44745K [0x00000000f7d00000, 0x0000000100000000, 0x0000000100000000)
 Metaspace       used 65085K, capacity 69770K, committed 69888K, reserved 1110016K
  class space    used 8392K, capacity 9186K, committed 9216K, reserved 1048576K
}
{Heap before GC invocations=469 (full 0):
 par new generation   total 115200K, used 103725K [0x00000000f0000000, 0x00000000f7d00000, 0x00000000f7d00000)
  eden space 102400K, 100% used [0x00000000f0000000, 0x00000000f6400000, 0x00000000f6400000)
  from space 12800K,  10% used [0x00000000f7080000, 0x00000000f71cb500, 0x00000000f7d00000)
  to   space 12800K,   0% used [0x00000000f6400000, 0x00000000f6400000, 0x00000000f7080000)
 concurrent mark-sweep generation total 134144K, used 44745K [0x00000000f7d00000, 0x0000000100000000, 0x0000000100000000)
 Metaspace       used 65085K, capacity 69770K, committed 69888K, reserved 1110016K
  class space    used 8392K, capacity 9186K, committed 9216K, reserved 1048576K
2022-09-12T02:04:45.093+0800: 259.871: [GC (Allocation Failure)  148470K->46286K(249344K), 0.0041374 secs]
Heap after GC invocations=470 (full 0):
 par new generation   total 115200K, used 1520K [0x00000000f0000000, 0x00000000f7d00000, 0x00000000f7d00000)
  eden space 102400K,   0% used [0x00000000f0000000, 0x00000000f0000000, 0x00000000f6400000)
  from space 12800K,  11% used [0x00000000f6400000, 0x00000000f657c1b0, 0x00000000f7080000)
  to   space 12800K,   0% used [0x00000000f7080000, 0x00000000f7080000, 0x00000000f7d00000)
 concurrent mark-sweep generation total 134144K, used 44766K [0x00000000f7d00000, 0x0000000100000000, 0x0000000100000000)
 Metaspace       used 65085K, capacity 69770K, committed 69888K, reserved 1110016K
  class space    used 8392K, capacity 9186K, committed 9216K, reserved 1048576K
}
{Heap before GC invocations=470 (full 0):
 par new generation   total 115200K, used 103920K [0x00000000f0000000, 0x00000000f7d00000, 0x00000000f7d00000)
  eden space 102400K, 100% used [0x00000000f0000000, 0x00000000f6400000, 0x00000000f6400000)
  from space 12800K,  11% used [0x00000000f6400000, 0x00000000f657c1b0, 0x00000000f7080000)
  to   space 12800K,   0% used [0x00000000f7080000, 0x00000000f7080000, 0x00000000f7d00000)
 concurrent mark-sweep generation total 134144K, used 44766K [0x00000000f7d00000, 0x0000000100000000, 0x0000000100000000)
 Metaspace       used 65085K, capacity 69770K, committed 69888K, reserved 1110016K
  class space    used 8392K, capacity 9186K, committed 9216K, reserved 1048576K
2022-09-12T02:04:45.443+0800: 260.220: [GC (Allocation Failure)  148686K->46437K(249344K), 0.0041215 secs]
Heap after GC invocations=471 (full 0):
 par new generation   total 115200K, used 1654K [0x00000000f0000000, 0x00000000f7d00000, 0x00000000f7d00000)
  eden space 102400K,   0% used [0x00000000f0000000, 0x00000000f0000000, 0x00000000f6400000)
  from space 12800K,  12% used [0x00000000f7080000, 0x00000000f721db98, 0x00000000f7d00000)
  to   space 12800K,   0% used [0x00000000f6400000, 0x00000000f6400000, 0x00000000f7080000)
 concurrent mark-sweep generation total 134144K, used 44782K [0x00000000f7d00000, 0x0000000100000000, 0x0000000100000000)
 Metaspace       used 65085K, capacity 69770K, committed 69888K, reserved 1110016K
  class space    used 8392K, capacity 9186K, committed 9216K, reserved 1048576K
}
{Heap before GC invocations=471 (full 0):
 par new generation   total 115200K, used 104054K [0x00000000f0000000, 0x00000000f7d00000, 0x00000000f7d00000)
  eden space 102400K, 100% used [0x00000000f0000000, 0x00000000f6400000, 0x00000000f6400000)
  from space 12800K,  12% used [0x00000000f7080000, 0x00000000f721db98, 0x00000000f7d00000)
  to   space 12800K,   0% used [0x00000000f6400000, 0x00000000f6400000, 0x00000000f7080000)
 concurrent mark-sweep generation total 134144K, used 44782K [0x00000000f7d00000, 0x0000000100000000, 0x0000000100000000)
 Metaspace       used 65085K, capacity 69770K, committed 69888K, reserved 1110016K
  class space    used 8392K, capacity 9186K, committed 9216K, reserved 1048576K
2022-09-12T02:04:45.791+0800: 260.569: [GC (Allocation Failure)  148837K->45993K(249344K), 0.0040571 secs]
Heap after GC invocations=472 (full 0):
 par new generation   total 115200K, used 1193K [0x00000000f0000000, 0x00000000f7d00000, 0x00000000f7d00000)
  eden space 102400K,   0% used [0x00000000f0000000, 0x00000000f0000000, 0x00000000f6400000)
  from space 12800K,   9% used [0x00000000f6400000, 0x00000000f652a500, 0x00000000f7080000)
  to   space 12800K,   0% used [0x00000000f7080000, 0x00000000f7080000, 0x00000000f7d00000)
 concurrent mark-sweep generation total 134144K, used 44800K [0x00000000f7d00000, 0x0000000100000000, 0x0000000100000000)
 Metaspace       used 65085K, capacity 69770K, committed 69888K, reserved 1110016K
  class space    used 8392K, capacity 9186K, committed 9216K, reserved 1048576K
}
{Heap before GC invocations=472 (full 0):
 par new generation   total 115200K, used 103593K [0x00000000f0000000, 0x00000000f7d00000, 0x00000000f7d00000)
  eden space 102400K, 100% used [0x00000000f0000000, 0x00000000f6400000, 0x00000000f6400000)
  from space 12800K,   9% used [0x00000000f6400000, 0x00000000f652a500, 0x00000000f7080000)
  to   space 12800K,   0% used [0x00000000f7080000, 0x00000000f7080000, 0x00000000f7d00000)
 concurrent mark-sweep generation total 134144K, used 44800K [0x00000000f7d00000, 0x0000000100000000, 0x0000000100000000)
 Metaspace       used 65085K, capacity 69770K, committed 69888K, reserved 1110016K
  class space    used 8392K, capacity 9186K, committed 9216K, reserved 1048576K
2022-09-12T02:04:46.151+0800: 260.929: [GC (Allocation Failure)  148393K->46333K(249344K), 0.0041438 secs]
Heap after GC invocations=473 (full 0):
 par new generation   total 115200K, used 1516K [0x00000000f0000000, 0x00000000f7d00000, 0x00000000f7d00000)
  eden space 102400K,   0% used [0x00000000f0000000, 0x00000000f0000000, 0x00000000f6400000)
  from space 12800K,  11% used [0x00000000f7080000, 0x00000000f71fb340, 0x00000000f7d00000)
  to   space 12800K,   0% used [0x00000000f6400000, 0x00000000f6400000, 0x00000000f7080000)
 concurrent mark-sweep generation total 134144K, used 44817K [0x00000000f7d00000, 0x0000000100000000, 0x0000000100000000)
 Metaspace       used 65085K, capacity 69770K, committed 69888K, reserved 1110016K
  class space    used 8392K, capacity 9186K, committed 9216K, reserved 1048576K
}
{Heap before GC invocations=473 (full 0):
 par new generation   total 115200K, used 103916K [0x00000000f0000000, 0x00000000f7d00000, 0x00000000f7d00000)
  eden space 102400K, 100% used [0x00000000f0000000, 0x00000000f6400000, 0x00000000f6400000)
  from space 12800K,  11% used [0x00000000f7080000, 0x00000000f71fb340, 0x00000000f7d00000)
  to   space 12800K,   0% used [0x00000000f6400000, 0x00000000f6400000, 0x00000000f7080000)
 concurrent mark-sweep generation total 134144K, used 44817K [0x00000000f7d00000, 0x0000000100000000, 0x0000000100000000)
 Metaspace       used 65085K, capacity 69770K, committed 69888K, reserved 1110016K
  class space    used 8392K, capacity 9186K, committed 9216K, reserved 1048576K
2022-09-12T02:04:46.508+0800: 261.285: [GC (Allocation Failure)  148733K->46217K(249344K), 0.0042695 secs]
Heap after GC invocations=474 (full 0):
 par new generation   total 115200K, used 1385K [0x00000000f0000000, 0x00000000f7d00000, 0x00000000f7d00000)
  eden space 102400K,   0% used [0x00000000f0000000, 0x00000000f0000000, 0x00000000f6400000)
  from space 12800K,  10% used [0x00000000f6400000, 0x00000000f655a5f0, 0x00000000f7080000)
  to   space 12800K,   0% used [0x00000000f7080000, 0x00000000f7080000, 0x00000000f7d00000)
 concurrent mark-sweep generation total 134144K, used 44832K [0x00000000f7d00000, 0x0000000100000000, 0x0000000100000000)
 Metaspace       used 65085K, capacity 69770K, committed 69888K, reserved 1110016K
  class space    used 8392K, capacity 9186K, committed 9216K, reserved 1048576K
}
{Heap before GC invocations=474 (full 0):
 par new generation   total 115200K, used 103785K [0x00000000f0000000, 0x00000000f7d00000, 0x00000000f7d00000)
  eden space 102400K, 100% used [0x00000000f0000000, 0x00000000f6400000, 0x00000000f6400000)
  from space 12800K,  10% used [0x00000000f6400000, 0x00000000f655a5f0, 0x00000000f7080000)
  to   space 12800K,   0% used [0x00000000f7080000, 0x00000000f7080000, 0x00000000f7d00000)
 concurrent mark-sweep generation total 134144K, used 44832K [0x00000000f7d00000, 0x0000000100000000, 0x0000000100000000)
 Metaspace       used 65085K, capacity 69770K, committed 69888K, reserved 1110016K
  class space    used 8392K, capacity 9186K, committed 9216K, reserved 1048576K
2022-09-12T02:04:46.856+0800: 261.633: [GC (Allocation Failure)  148617K->46542K(249344K), 0.0041525 secs]
Heap after GC invocations=475 (full 0):
 par new generation   total 115200K, used 1691K [0x00000000f0000000, 0x00000000f7d00000, 0x00000000f7d00000)
  eden space 102400K,   0% used [0x00000000f0000000, 0x00000000f0000000, 0x00000000f6400000)
  from space 12800K,  13% used [0x00000000f7080000, 0x00000000f7226f78, 0x00000000f7d00000)
  to   space 12800K,   0% used [0x00000000f6400000, 0x00000000f6400000, 0x00000000f7080000)
 concurrent mark-sweep generation total 134144K, used 44850K [0x00000000f7d00000, 0x0000000100000000, 0x0000000100000000)
 Metaspace       used 65085K, capacity 69770K, committed 69888K, reserved 1110016K
  class space    used 8392K, capacity 9186K, committed 9216K, reserved 1048576K
}
{Heap before GC invocations=475 (full 0):
 par new generation   total 115200K, used 104091K [0x00000000f0000000, 0x00000000f7d00000, 0x00000000f7d00000)
  eden space 102400K, 100% used [0x00000000f0000000, 0x00000000f6400000, 0x00000000f6400000)
  from space 12800K,  13% used [0x00000000f7080000, 0x00000000f7226f78, 0x00000000f7d00000)
  to   space 12800K,   0% used [0x00000000f6400000, 0x00000000f6400000, 0x00000000f7080000)
 concurrent mark-sweep generation total 134144K, used 44850K [0x00000000f7d00000, 0x0000000100000000, 0x0000000100000000)
 Metaspace       used 65086K, capacity 69770K, committed 69888K, reserved 1110016K
  class space    used 8392K, capacity 9186K, committed 9216K, reserved 1048576K
2022-09-12T02:04:47.206+0800: 261.983: [GC (Allocation Failure)  148942K->46081K(249344K), 0.0040250 secs]
Heap after GC invocations=476 (full 0):
 par new generation   total 115200K, used 1219K [0x00000000f0000000, 0x00000000f7d00000, 0x00000000f7d00000)
  eden space 102400K,   0% used [0x00000000f0000000, 0x00000000f0000000, 0x00000000f6400000)
  from space 12800K,   9% used [0x00000000f6400000, 0x00000000f6530e40, 0x00000000f7080000)
  to   space 12800K,   0% used [0x00000000f7080000, 0x00000000f7080000, 0x00000000f7d00000)
 concurrent mark-sweep generation total 134144K, used 44861K [0x00000000f7d00000, 0x0000000100000000, 0x0000000100000000)
 Metaspace       used 65086K, capacity 69770K, committed 69888K, reserved 1110016K
  class space    used 8392K, capacity 9186K, committed 9216K, reserved 1048576K
}
{Heap before GC invocations=476 (full 0):
 par new generation   total 115200K, used 103619K [0x00000000f0000000, 0x00000000f7d00000, 0x00000000f7d00000)
  eden space 102400K, 100% used [0x00000000f0000000, 0x00000000f6400000, 0x00000000f6400000)
  from space 12800K,   9% used [0x00000000f6400000, 0x00000000f6530e40, 0x00000000f7080000)
  to   space 12800K,   0% used [0x00000000f7080000, 0x00000000f7080000, 0x00000000f7d00000)
 concurrent mark-sweep generation total 134144K, used 44861K [0x00000000f7d00000, 0x0000000100000000, 0x0000000100000000)
 Metaspace       used 65086K, capacity 69770K, committed 69888K, reserved 1110016K
  class space    used 8392K, capacity 9186K, committed 9216K, reserved 1048576K
2022-09-12T02:04:47.554+0800: 262.331: [GC (Allocation Failure)  148481K->46423K(249344K), 0.0040855 secs]
Heap after GC invocations=477 (full 0):
 par new generation   total 115200K, used 1547K [0x00000000f0000000, 0x00000000f7d00000, 0x00000000f7d00000)
  eden space 102400K,   0% used [0x00000000f0000000, 0x00000000f0000000, 0x00000000f6400000)
  from space 12800K,  12% used [0x00000000f7080000, 0x00000000f7202e68, 0x00000000f7d00000)
  to   space 12800K,   0% used [0x00000000f6400000, 0x00000000f6400000, 0x00000000f7080000)
 concurrent mark-sweep generation total 134144K, used 44875K [0x00000000f7d00000, 0x0000000100000000, 0x0000000100000000)
 Metaspace       used 65086K, capacity 69770K, committed 69888K, reserved 1110016K
  class space    used 8392K, capacity 9186K, committed 9216K, reserved 1048576K
}
{Heap before GC invocations=477 (full 0):
 par new generation   total 115200K, used 103947K [0x00000000f0000000, 0x00000000f7d00000, 0x00000000f7d00000)
  eden space 102400K, 100% used [0x00000000f0000000, 0x00000000f6400000, 0x00000000f6400000)
  from space 12800K,  12% used [0x00000000f7080000, 0x00000000f7202e68, 0x00000000f7d00000)
  to   space 12800K,   0% used [0x00000000f6400000, 0x00000000f6400000, 0x00000000f7080000)
 concurrent mark-sweep generation total 134144K, used 44875K [0x00000000f7d00000, 0x0000000100000000, 0x0000000100000000)
 Metaspace       used 65086K, capacity 69770K, committed 69888K, reserved 1110016K
  class space    used 8392K, capacity 9186K, committed 9216K, reserved 1048576K
2022-09-12T02:04:47.902+0800: 262.679: [GC (Allocation Failure)  148823K->46565K(249344K), 0.0041027 secs]
Heap after GC invocations=478 (full 0):
 par new generation   total 115200K, used 1670K [0x00000000f0000000, 0x00000000f7d00000, 0x00000000f7d00000)
  eden space 102400K,   0% used [0x00000000f0000000, 0x00000000f0000000, 0x00000000f6400000)
  from space 12800K,  13% used [0x00000000f6400000, 0x00000000f65a1910, 0x00000000f7080000)
  to   space 12800K,   0% used [0x00000000f7080000, 0x00000000f7080000, 0x00000000f7d00000)
 concurrent mark-sweep generation total 134144K, used 44895K [0x00000000f7d00000, 0x0000000100000000, 0x0000000100000000)
 Metaspace       used 65086K, capacity 69770K, committed 69888K, reserved 1110016K
  class space    used 8392K, capacity 9186K, committed 9216K, reserved 1048576K
}
{Heap before GC invocations=478 (full 0):
 par new generation   total 115200K, used 104070K [0x00000000f0000000, 0x00000000f7d00000, 0x00000000f7d00000)
  eden space 102400K, 100% used [0x00000000f0000000, 0x00000000f6400000, 0x00000000f6400000)
  from space 12800K,  13% used [0x00000000f6400000, 0x00000000f65a1910, 0x00000000f7080000)
  to   space 12800K,   0% used [0x00000000f7080000, 0x00000000f7080000, 0x00000000f7d00000)
 concurrent mark-sweep generation total 134144K, used 44895K [0x00000000f7d00000, 0x0000000100000000, 0x0000000100000000)
 Metaspace       used 65086K, capacity 69770K, committed 69888K, reserved 1110016K
  class space    used 8392K, capacity 9186K, committed 9216K, reserved 1048576K
2022-09-12T02:04:48.251+0800: 263.028: [GC (Allocation Failure)  148965K->46110K(249344K), 0.0040693 secs]
Heap after GC invocations=479 (full 0):
 par new generation   total 115200K, used 1197K [0x00000000f0000000, 0x00000000f7d00000, 0x00000000f7d00000)
  eden space 102400K,   0% used [0x00000000f0000000, 0x00000000f0000000, 0x00000000f6400000)
  from space 12800K,   9% used [0x00000000f7080000, 0x00000000f71ab780, 0x00000000f7d00000)
  to   space 12800K,   0% used [0x00000000f6400000, 0x00000000f6400000, 0x00000000f7080000)
 concurrent mark-sweep generation total 134144K, used 44912K [0x00000000f7d00000, 0x0000000100000000, 0x0000000100000000)
 Metaspace       used 65086K, capacity 69770K, committed 69888K, reserved 1110016K
  class space    used 8392K, capacity 9186K, committed 9216K, reserved 1048576K
}
{Heap before GC invocations=479 (full 0):
 par new generation   total 115200K, used 103597K [0x00000000f0000000, 0x00000000f7d00000, 0x00000000f7d00000)
  eden space 102400K, 100% used [0x00000000f0000000, 0x00000000f6400000, 0x00000000f6400000)
  from space 12800K,   9% used [0x00000000f7080000, 0x00000000f71ab780, 0x00000000f7d00000)
  to   space 12800K,   0% used [0x00000000f6400000, 0x00000000f6400000, 0x00000000f7080000)
 concurrent mark-sweep generation total 134144K, used 44912K [0x00000000f7d00000, 0x0000000100000000, 0x0000000100000000)
 Metaspace       used 65086K, capacity 69770K, committed 69888K, reserved 1110016K
  class space    used 8392K, capacity 9186K, committed 9216K, reserved 1048576K
2022-09-12T02:04:48.602+0800: 263.379: [GC (Allocation Failure)  148510K->46452K(249344K), 0.0041175 secs]
Heap after GC invocations=480 (full 0):
 par new generation   total 115200K, used 1524K [0x00000000f0000000, 0x00000000f7d00000, 0x00000000f7d00000)
  eden space 102400K,   0% used [0x00000000f0000000, 0x00000000f0000000, 0x00000000f6400000)
  from space 12800K,  11% used [0x00000000f6400000, 0x00000000f657d020, 0x00000000f7080000)
  to   space 12800K,   0% used [0x00000000f7080000, 0x00000000f7080000, 0x00000000f7d00000)
 concurrent mark-sweep generation total 134144K, used 44928K [0x00000000f7d00000, 0x0000000100000000, 0x0000000100000000)
 Metaspace       used 65086K, capacity 69770K, committed 69888K, reserved 1110016K
  class space    used 8392K, capacity 9186K, committed 9216K, reserved 1048576K
}
{Heap before GC invocations=480 (full 0):
 par new generation   total 115200K, used 103924K [0x00000000f0000000, 0x00000000f7d00000, 0x00000000f7d00000)
  eden space 102400K, 100% used [0x00000000f0000000, 0x00000000f6400000, 0x00000000f6400000)
  from space 12800K,  11% used [0x00000000f6400000, 0x00000000f657d020, 0x00000000f7080000)
  to   space 12800K,   0% used [0x00000000f7080000, 0x00000000f7080000, 0x00000000f7d00000)
 concurrent mark-sweep generation total 134144K, used 44928K [0x00000000f7d00000, 0x0000000100000000, 0x0000000100000000)
 Metaspace       used 65086K, capacity 69770K, committed 69888K, reserved 1110016K
  class space    used 8392K, capacity 9186K, committed 9216K, reserved 1048576K
2022-09-12T02:04:48.950+0800: 263.727: [GC (Allocation Failure)  148852K->46556K(249344K), 0.0040695 secs]
Heap after GC invocations=481 (full 0):
 par new generation   total 115200K, used 1616K [0x00000000f0000000, 0x00000000f7d00000, 0x00000000f7d00000)
  eden space 102400K,   0% used [0x00000000f0000000, 0x00000000f0000000, 0x00000000f6400000)
  from space 12800K,  12% used [0x00000000f7080000, 0x00000000f7214048, 0x00000000f7d00000)
  to   space 12800K,   0% used [0x00000000f6400000, 0x00000000f6400000, 0x00000000f7080000)
 concurrent mark-sweep generation total 134144K, used 44940K [0x00000000f7d00000, 0x0000000100000000, 0x0000000100000000)
 Metaspace       used 65086K, capacity 69770K, committed 69888K, reserved 1110016K
  class space    used 8392K, capacity 9186K, committed 9216K, reserved 1048576K
}
{Heap before GC invocations=481 (full 0):
 par new generation   total 115200K, used 104016K [0x00000000f0000000, 0x00000000f7d00000, 0x00000000f7d00000)
  eden space 102400K, 100% used [0x00000000f0000000, 0x00000000f6400000, 0x00000000f6400000)
  from space 12800K,  12% used [0x00000000f7080000, 0x00000000f7214048, 0x00000000f7d00000)
  to   space 12800K,   0% used [0x00000000f6400000, 0x00000000f6400000, 0x00000000f7080000)
 concurrent mark-sweep generation total 134144K, used 44940K [0x00000000f7d00000, 0x0000000100000000, 0x0000000100000000)
 Metaspace       used 65086K, capacity 69770K, committed 69888K, reserved 1110016K
  class space    used 8392K, capacity 9186K, committed 9216K, reserved 1048576K
2022-09-12T02:04:49.298+0800: 264.076: [GC (Allocation Failure)  148956K->46650K(249344K), 0.0040446 secs]
Heap after GC invocations=482 (full 0):
 par new generation   total 115200K, used 1690K [0x00000000f0000000, 0x00000000f7d00000, 0x00000000f7d00000)
  eden space 102400K,   0% used [0x00000000f0000000, 0x00000000f0000000, 0x00000000f6400000)
  from space 12800K,  13% used [0x00000000f6400000, 0x00000000f65a6b50, 0x00000000f7080000)
  to   space 12800K,   0% used [0x00000000f7080000, 0x00000000f7080000, 0x00000000f7d00000)
 concurrent mark-sweep generation total 134144K, used 44960K [0x00000000f7d00000, 0x0000000100000000, 0x0000000100000000)
 Metaspace       used 65086K, capacity 69770K, committed 69888K, reserved 1110016K
  class space    used 8392K, capacity 9186K, committed 9216K, reserved 1048576K
}
{Heap before GC invocations=482 (full 0):
 par new generation   total 115200K, used 104090K [0x00000000f0000000, 0x00000000f7d00000, 0x00000000f7d00000)
  eden space 102400K, 100% used [0x00000000f0000000, 0x00000000f6400000, 0x00000000f6400000)
  from space 12800K,  13% used [0x00000000f6400000, 0x00000000f65a6b50, 0x00000000f7080000)
  to   space 12800K,   0% used [0x00000000f7080000, 0x00000000f7080000, 0x00000000f7d00000)
 concurrent mark-sweep generation total 134144K, used 44960K [0x00000000f7d00000, 0x0000000100000000, 0x0000000100000000)
 Metaspace       used 65086K, capacity 69770K, committed 69888K, reserved 1110016K
  class space    used 8392K, capacity 9186K, committed 9216K, reserved 1048576K
2022-09-12T02:04:49.646+0800: 264.423: [GC (Allocation Failure)  149050K->46180K(249344K), 0.0041037 secs]
Heap after GC invocations=483 (full 0):
 par new generation   total 115200K, used 1204K [0x00000000f0000000, 0x00000000f7d00000, 0x00000000f7d00000)
  eden space 102400K,   0% used [0x00000000f0000000, 0x00000000f0000000, 0x00000000f6400000)
  from space 12800K,   9% used [0x00000000f7080000, 0x00000000f71ad080, 0x00000000f7d00000)
  to   space 12800K,   0% used [0x00000000f6400000, 0x00000000f6400000, 0x00000000f7080000)
 concurrent mark-sweep generation total 134144K, used 44976K [0x00000000f7d00000, 0x0000000100000000, 0x0000000100000000)
 Metaspace       used 65086K, capacity 69770K, committed 69888K, reserved 1110016K
  class space    used 8392K, capacity 9186K, committed 9216K, reserved 1048576K
}
{Heap before GC invocations=483 (full 0):
 par new generation   total 115200K, used 103604K [0x00000000f0000000, 0x00000000f7d00000, 0x00000000f7d00000)
  eden space 102400K, 100% used [0x00000000f0000000, 0x00000000f6400000, 0x00000000f6400000)
  from space 12800K,   9% used [0x00000000f7080000, 0x00000000f71ad080, 0x00000000f7d00000)
  to   space 12800K,   0% used [0x00000000f6400000, 0x00000000f6400000, 0x00000000f7080000)
 concurrent mark-sweep generation total 134144K, used 44976K [0x00000000f7d00000, 0x0000000100000000, 0x0000000100000000)
 Metaspace       used 65086K, capacity 69770K, committed 69888K, reserved 1110016K
  class space    used 8392K, capacity 9186K, committed 9216K, reserved 1048576K
2022-09-12T02:04:49.994+0800: 264.771: [GC (Allocation Failure)  148580K->46525K(249344K), 0.0042547 secs]
Heap after GC invocations=484 (full 0):
 par new generation   total 115200K, used 1536K [0x00000000f0000000, 0x00000000f7d00000, 0x00000000f7d00000)
  eden space 102400K,   0% used [0x00000000f0000000, 0x00000000f0000000, 0x00000000f6400000)
  from space 12800K,  12% used [0x00000000f6400000, 0x00000000f6580120, 0x00000000f7080000)
  to   space 12800K,   0% used [0x00000000f7080000, 0x00000000f7080000, 0x00000000f7d00000)
 concurrent mark-sweep generation total 134144K, used 44989K [0x00000000f7d00000, 0x0000000100000000, 0x0000000100000000)
 Metaspace       used 65086K, capacity 69770K, committed 69888K, reserved 1110016K
  class space    used 8392K, capacity 9186K, committed 9216K, reserved 1048576K
}
{Heap before GC invocations=484 (full 0):
 par new generation   total 115200K, used 103936K [0x00000000f0000000, 0x00000000f7d00000, 0x00000000f7d00000)
  eden space 102400K, 100% used [0x00000000f0000000, 0x00000000f6400000, 0x00000000f6400000)
  from space 12800K,  12% used [0x00000000f6400000, 0x00000000f6580120, 0x00000000f7080000)
  to   space 12800K,   0% used [0x00000000f7080000, 0x00000000f7080000, 0x00000000f7d00000)
 concurrent mark-sweep generation total 134144K, used 44989K [0x00000000f7d00000, 0x0000000100000000, 0x0000000100000000)
 Metaspace       used 65086K, capacity 69770K, committed 69888K, reserved 1110016K
  class space    used 8392K, capacity 9186K, committed 9216K, reserved 1048576K
2022-09-12T02:04:50.355+0800: 265.132: [GC (Allocation Failure)  148925K->46663K(249344K), 0.0040712 secs]
Heap after GC invocations=485 (full 0):
 par new generation   total 115200K, used 1656K [0x00000000f0000000, 0x00000000f7d00000, 0x00000000f7d00000)
  eden space 102400K,   0% used [0x00000000f0000000, 0x00000000f0000000, 0x00000000f6400000)
  from space 12800K,  12% used [0x00000000f7080000, 0x00000000f721e110, 0x00000000f7d00000)
  to   space 12800K,   0% used [0x00000000f6400000, 0x00000000f6400000, 0x00000000f7080000)
 concurrent mark-sweep generation total 134144K, used 45007K [0x00000000f7d00000, 0x0000000100000000, 0x0000000100000000)
 Metaspace       used 65086K, capacity 69770K, committed 69888K, reserved 1110016K
  class space    used 8392K, capacity 9186K, committed 9216K, reserved 1048576K
}
{Heap before GC invocations=485 (full 0):
 par new generation   total 115200K, used 104056K [0x00000000f0000000, 0x00000000f7d00000, 0x00000000f7d00000)
  eden space 102400K, 100% used [0x00000000f0000000, 0x00000000f6400000, 0x00000000f6400000)
  from space 12800K,  12% used [0x00000000f7080000, 0x00000000f721e110, 0x00000000f7d00000)
  to   space 12800K,   0% used [0x00000000f6400000, 0x00000000f6400000, 0x00000000f7080000)
 concurrent mark-sweep generation total 134144K, used 45007K [0x00000000f7d00000, 0x0000000100000000, 0x0000000100000000)
 Metaspace       used 65086K, capacity 69770K, committed 69888K, reserved 1110016K
  class space    used 8392K, capacity 9186K, committed 9216K, reserved 1048576K
2022-09-12T02:04:50.703+0800: 265.480: [GC (Allocation Failure)  149063K->46235K(249344K), 0.0041561 secs]
Heap after GC invocations=486 (full 0):
 par new generation   total 115200K, used 1213K [0x00000000f0000000, 0x00000000f7d00000, 0x00000000f7d00000)
  eden space 102400K,   0% used [0x00000000f0000000, 0x00000000f0000000, 0x00000000f6400000)
  from space 12800K,   9% used [0x00000000f6400000, 0x00000000f652f440, 0x00000000f7080000)
  to   space 12800K,   0% used [0x00000000f7080000, 0x00000000f7080000, 0x00000000f7d00000)
 concurrent mark-sweep generation total 134144K, used 45022K [0x00000000f7d00000, 0x0000000100000000, 0x0000000100000000)
 Metaspace       used 65086K, capacity 69770K, committed 69888K, reserved 1110016K
  class space    used 8392K, capacity 9186K, committed 9216K, reserved 1048576K
}
{Heap before GC invocations=486 (full 0):
 par new generation   total 115200K, used 103613K [0x00000000f0000000, 0x00000000f7d00000, 0x00000000f7d00000)
  eden space 102400K, 100% used [0x00000000f0000000, 0x00000000f6400000, 0x00000000f6400000)
  from space 12800K,   9% used [0x00000000f6400000, 0x00000000f652f440, 0x00000000f7080000)
  to   space 12800K,   0% used [0x00000000f7080000, 0x00000000f7080000, 0x00000000f7d00000)
 concurrent mark-sweep generation total 134144K, used 45022K [0x00000000f7d00000, 0x0000000100000000, 0x0000000100000000)
 Metaspace       used 65086K, capacity 69770K, committed 69888K, reserved 1110016K
  class space    used 8392K, capacity 9186K, committed 9216K, reserved 1048576K
2022-09-12T02:04:51.052+0800: 265.829: [GC (Allocation Failure)  148635K->46538K(249344K), 0.0042688 secs]
Heap after GC invocations=487 (full 0):
 par new generation   total 115200K, used 1498K [0x00000000f0000000, 0x00000000f7d00000, 0x00000000f7d00000)
  eden space 102400K,   0% used [0x00000000f0000000, 0x00000000f0000000, 0x00000000f6400000)
  from space 12800K,  11% used [0x00000000f7080000, 0x00000000f71f6bf0, 0x00000000f7d00000)
  to   space 12800K,   0% used [0x00000000f6400000, 0x00000000f6400000, 0x00000000f7080000)
 concurrent mark-sweep generation total 134144K, used 45039K [0x00000000f7d00000, 0x0000000100000000, 0x0000000100000000)
 Metaspace       used 65086K, capacity 69770K, committed 69888K, reserved 1110016K
  class space    used 8392K, capacity 9186K, committed 9216K, reserved 1048576K
}
{Heap before GC invocations=487 (full 0):
 par new generation   total 115200K, used 103898K [0x00000000f0000000, 0x00000000f7d00000, 0x00000000f7d00000)
  eden space 102400K, 100% used [0x00000000f0000000, 0x00000000f6400000, 0x00000000f6400000)
  from space 12800K,  11% used [0x00000000f7080000, 0x00000000f71f6bf0, 0x00000000f7d00000)
  to   space 12800K,   0% used [0x00000000f6400000, 0x00000000f6400000, 0x00000000f7080000)
 concurrent mark-sweep generation total 134144K, used 45039K [0x00000000f7d00000, 0x0000000100000000, 0x0000000100000000)
 Metaspace       used 65086K, capacity 69770K, committed 69888K, reserved 1110016K
  class space    used 8392K, capacity 9186K, committed 9216K, reserved 1048576K
2022-09-12T02:04:51.401+0800: 266.178: [GC (Allocation Failure)  148938K->46704K(249344K), 0.0041619 secs]
Heap after GC invocations=488 (full 0):
 par new generation   total 115200K, used 1647K [0x00000000f0000000, 0x00000000f7d00000, 0x00000000f7d00000)
  eden space 102400K,   0% used [0x00000000f0000000, 0x00000000f0000000, 0x00000000f6400000)
  from space 12800K,  12% used [0x00000000f6400000, 0x00000000f659bd68, 0x00000000f7080000)
  to   space 12800K,   0% used [0x00000000f7080000, 0x00000000f7080000, 0x00000000f7d00000)
 concurrent mark-sweep generation total 134144K, used 45057K [0x00000000f7d00000, 0x0000000100000000, 0x0000000100000000)
 Metaspace       used 65086K, capacity 69770K, committed 69888K, reserved 1110016K
  class space    used 8392K, capacity 9186K, committed 9216K, reserved 1048576K
}
{Heap before GC invocations=488 (full 0):
 par new generation   total 115200K, used 104047K [0x00000000f0000000, 0x00000000f7d00000, 0x00000000f7d00000)
  eden space 102400K, 100% used [0x00000000f0000000, 0x00000000f6400000, 0x00000000f6400000)
  from space 12800K,  12% used [0x00000000f6400000, 0x00000000f659bd68, 0x00000000f7080000)
  to   space 12800K,   0% used [0x00000000f7080000, 0x00000000f7080000, 0x00000000f7d00000)
 concurrent mark-sweep generation total 134144K, used 45057K [0x00000000f7d00000, 0x0000000100000000, 0x0000000100000000)
 Metaspace       used 65086K, capacity 69770K, committed 69888K, reserved 1110016K
  class space    used 8392K, capacity 9186K, committed 9216K, reserved 1048576K
2022-09-12T02:04:51.749+0800: 266.526: [GC (Allocation Failure)  149104K->46279K(249344K), 0.0041002 secs]
Heap after GC invocations=489 (full 0):
 par new generation   total 115200K, used 1209K [0x00000000f0000000, 0x00000000f7d00000, 0x00000000f7d00000)
  eden space 102400K,   0% used [0x00000000f0000000, 0x00000000f0000000, 0x00000000f6400000)
  from space 12800K,   9% used [0x00000000f7080000, 0x00000000f71ae640, 0x00000000f7d00000)
  to   space 12800K,   0% used [0x00000000f6400000, 0x00000000f6400000, 0x00000000f7080000)
 concurrent mark-sweep generation total 134144K, used 45069K [0x00000000f7d00000, 0x0000000100000000, 0x0000000100000000)
 Metaspace       used 65086K, capacity 69770K, committed 69888K, reserved 1110016K
  class space    used 8392K, capacity 9186K, committed 9216K, reserved 1048576K
}
{Heap before GC invocations=489 (full 0):
 par new generation   total 115200K, used 103609K [0x00000000f0000000, 0x00000000f7d00000, 0x00000000f7d00000)
  eden space 102400K, 100% used [0x00000000f0000000, 0x00000000f6400000, 0x00000000f6400000)
  from space 12800K,   9% used [0x00000000f7080000, 0x00000000f71ae640, 0x00000000f7d00000)
  to   space 12800K,   0% used [0x00000000f6400000, 0x00000000f6400000, 0x00000000f7080000)
 concurrent mark-sweep generation total 134144K, used 45069K [0x00000000f7d00000, 0x0000000100000000, 0x0000000100000000)
 Metaspace       used 65086K, capacity 69770K, committed 69888K, reserved 1110016K
  class space    used 8392K, capacity 9186K, committed 9216K, reserved 1048576K
2022-09-12T02:04:52.098+0800: 266.875: [GC (Allocation Failure)  148679K->46618K(249344K), 0.0045166 secs]
Heap after GC invocations=490 (full 0):
 par new generation   total 115200K, used 1529K [0x00000000f0000000, 0x00000000f7d00000, 0x00000000f7d00000)
  eden space 102400K,   0% used [0x00000000f0000000, 0x00000000f0000000, 0x00000000f6400000)
  from space 12800K,  11% used [0x00000000f6400000, 0x00000000f657e7f8, 0x00000000f7080000)
  to   space 12800K,   0% used [0x00000000f7080000, 0x00000000f7080000, 0x00000000f7d00000)
 concurrent mark-sweep generation total 134144K, used 45088K [0x00000000f7d00000, 0x0000000100000000, 0x0000000100000000)
 Metaspace       used 65086K, capacity 69770K, committed 69888K, reserved 1110016K
  class space    used 8392K, capacity 9186K, committed 9216K, reserved 1048576K
}
{Heap before GC invocations=490 (full 0):
 par new generation   total 115200K, used 103929K [0x00000000f0000000, 0x00000000f7d00000, 0x00000000f7d00000)
  eden space 102400K, 100% used [0x00000000f0000000, 0x00000000f6400000, 0x00000000f6400000)
  from space 12800K,  11% used [0x00000000f6400000, 0x00000000f657e7f8, 0x00000000f7080000)
  to   space 12800K,   0% used [0x00000000f7080000, 0x00000000f7080000, 0x00000000f7d00000)
 concurrent mark-sweep generation total 134144K, used 45088K [0x00000000f7d00000, 0x0000000100000000, 0x0000000100000000)
 Metaspace       used 65086K, capacity 69770K, committed 69888K, reserved 1110016K
  class space    used 8392K, capacity 9186K, committed 9216K, reserved 1048576K
2022-09-12T02:04:52.448+0800: 267.225: [GC (Allocation Failure)  149018K->46773K(249344K), 0.0042265 secs]
Heap after GC invocations=491 (full 0):
 par new generation   total 115200K, used 1669K [0x00000000f0000000, 0x00000000f7d00000, 0x00000000f7d00000)
  eden space 102400K,   0% used [0x00000000f0000000, 0x00000000f0000000, 0x00000000f6400000)
  from space 12800K,  13% used [0x00000000f7080000, 0x00000000f72215c8, 0x00000000f7d00000)
  to   space 12800K,   0% used [0x00000000f6400000, 0x00000000f6400000, 0x00000000f7080000)
 concurrent mark-sweep generation total 134144K, used 45104K [0x00000000f7d00000, 0x0000000100000000, 0x0000000100000000)
 Metaspace       used 65086K, capacity 69770K, committed 69888K, reserved 1110016K
  class space    used 8392K, capacity 9186K, committed 9216K, reserved 1048576K
}
{Heap before GC invocations=491 (full 0):
 par new generation   total 115200K, used 104069K [0x00000000f0000000, 0x00000000f7d00000, 0x00000000f7d00000)
  eden space 102400K, 100% used [0x00000000f0000000, 0x00000000f6400000, 0x00000000f6400000)
  from space 12800K,  13% used [0x00000000f7080000, 0x00000000f72215c8, 0x00000000f7d00000)
  to   space 12800K,   0% used [0x00000000f6400000, 0x00000000f6400000, 0x00000000f7080000)
 concurrent mark-sweep generation total 134144K, used 45104K [0x00000000f7d00000, 0x0000000100000000, 0x0000000100000000)
 Metaspace       used 65086K, capacity 69770K, committed 69888K, reserved 1110016K
  class space    used 8392K, capacity 9186K, committed 9216K, reserved 1048576K
2022-09-12T02:04:52.797+0800: 267.574: [GC (Allocation Failure)  149173K->46167K(249344K), 0.0040743 secs]
Heap after GC invocations=492 (full 0):
 par new generation   total 115200K, used 1047K [0x00000000f0000000, 0x00000000f7d00000, 0x00000000f7d00000)
  eden space 102400K,   0% used [0x00000000f0000000, 0x00000000f0000000, 0x00000000f6400000)
  from space 12800K,   8% used [0x00000000f6400000, 0x00000000f6505f08, 0x00000000f7080000)
  to   space 12800K,   0% used [0x00000000f7080000, 0x00000000f7080000, 0x00000000f7d00000)
 concurrent mark-sweep generation total 134144K, used 45119K [0x00000000f7d00000, 0x0000000100000000, 0x0000000100000000)
 Metaspace       used 65086K, capacity 69770K, committed 69888K, reserved 1110016K
  class space    used 8392K, capacity 9186K, committed 9216K, reserved 1048576K
}
{Heap before GC invocations=492 (full 0):
 par new generation   total 115200K, used 103447K [0x00000000f0000000, 0x00000000f7d00000, 0x00000000f7d00000)
  eden space 102400K, 100% used [0x00000000f0000000, 0x00000000f6400000, 0x00000000f6400000)
  from space 12800K,   8% used [0x00000000f6400000, 0x00000000f6505f08, 0x00000000f7080000)
  to   space 12800K,   0% used [0x00000000f7080000, 0x00000000f7080000, 0x00000000f7d00000)
 concurrent mark-sweep generation total 134144K, used 45119K [0x00000000f7d00000, 0x0000000100000000, 0x0000000100000000)
 Metaspace       used 65086K, capacity 69770K, committed 69888K, reserved 1110016K
  class space    used 8392K, capacity 9186K, committed 9216K, reserved 1048576K
2022-09-12T02:04:53.146+0800: 267.923: [GC (Allocation Failure)  148567K->46622K(249344K), 0.0041347 secs]
Heap after GC invocations=493 (full 0):
 par new generation   total 115200K, used 1490K [0x00000000f0000000, 0x00000000f7d00000, 0x00000000f7d00000)
  eden space 102400K,   0% used [0x00000000f0000000, 0x00000000f0000000, 0x00000000f6400000)
  from space 12800K,  11% used [0x00000000f7080000, 0x00000000f71f4a40, 0x00000000f7d00000)
  to   space 12800K,   0% used [0x00000000f6400000, 0x00000000f6400000, 0x00000000f7080000)
 concurrent mark-sweep generation total 134144K, used 45132K [0x00000000f7d00000, 0x0000000100000000, 0x0000000100000000)
 Metaspace       used 65086K, capacity 69770K, committed 69888K, reserved 1110016K
  class space    used 8392K, capacity 9186K, committed 9216K, reserved 1048576K
}
{Heap before GC invocations=493 (full 0):
 par new generation   total 115200K, used 103890K [0x00000000f0000000, 0x00000000f7d00000, 0x00000000f7d00000)
  eden space 102400K, 100% used [0x00000000f0000000, 0x00000000f6400000, 0x00000000f6400000)
  from space 12800K,  11% used [0x00000000f7080000, 0x00000000f71f4a40, 0x00000000f7d00000)
  to   space 12800K,   0% used [0x00000000f6400000, 0x00000000f6400000, 0x00000000f7080000)
 concurrent mark-sweep generation total 134144K, used 45132K [0x00000000f7d00000, 0x0000000100000000, 0x0000000100000000)
 Metaspace       used 65086K, capacity 69770K, committed 69888K, reserved 1110016K
  class space    used 8392K, capacity 9186K, committed 9216K, reserved 1048576K
2022-09-12T02:04:53.495+0800: 268.272: [GC (Allocation Failure)  149022K->46793K(249344K), 0.0040724 secs]
Heap after GC invocations=494 (full 0):
 par new generation   total 115200K, used 1645K [0x00000000f0000000, 0x00000000f7d00000, 0x00000000f7d00000)
  eden space 102400K,   0% used [0x00000000f0000000, 0x00000000f0000000, 0x00000000f6400000)
  from space 12800K,  12% used [0x00000000f6400000, 0x00000000f659b7f0, 0x00000000f7080000)
  to   space 12800K,   0% used [0x00000000f7080000, 0x00000000f7080000, 0x00000000f7d00000)
 concurrent mark-sweep generation total 134144K, used 45147K [0x00000000f7d00000, 0x0000000100000000, 0x0000000100000000)
 Metaspace       used 65086K, capacity 69770K, committed 69888K, reserved 1110016K
  class space    used 8392K, capacity 9186K, committed 9216K, reserved 1048576K
}
{Heap before GC invocations=494 (full 0):
 par new generation   total 115200K, used 104045K [0x00000000f0000000, 0x00000000f7d00000, 0x00000000f7d00000)
  eden space 102400K, 100% used [0x00000000f0000000, 0x00000000f6400000, 0x00000000f6400000)
  from space 12800K,  12% used [0x00000000f6400000, 0x00000000f659b7f0, 0x00000000f7080000)
  to   space 12800K,   0% used [0x00000000f7080000, 0x00000000f7080000, 0x00000000f7d00000)
 concurrent mark-sweep generation total 134144K, used 45147K [0x00000000f7d00000, 0x0000000100000000, 0x0000000100000000)
 Metaspace       used 65086K, capacity 69770K, committed 69888K, reserved 1110016K
  class space    used 8392K, capacity 9186K, committed 9216K, reserved 1048576K
2022-09-12T02:04:53.843+0800: 268.620: [GC (Allocation Failure)  149193K->46358K(249344K), 0.0040769 secs]
Heap after GC invocations=495 (full 0):
 par new generation   total 115200K, used 1186K [0x00000000f0000000, 0x00000000f7d00000, 0x00000000f7d00000)
  eden space 102400K,   0% used [0x00000000f0000000, 0x00000000f0000000, 0x00000000f6400000)
  from space 12800K,   9% used [0x00000000f7080000, 0x00000000f71a8980, 0x00000000f7d00000)
  to   space 12800K,   0% used [0x00000000f6400000, 0x00000000f6400000, 0x00000000f7080000)
 concurrent mark-sweep generation total 134144K, used 45171K [0x00000000f7d00000, 0x0000000100000000, 0x0000000100000000)
 Metaspace       used 65086K, capacity 69770K, committed 69888K, reserved 1110016K
  class space    used 8392K, capacity 9186K, committed 9216K, reserved 1048576K
}
{Heap before GC invocations=495 (full 0):
 par new generation   total 115200K, used 103586K [0x00000000f0000000, 0x00000000f7d00000, 0x00000000f7d00000)
  eden space 102400K, 100% used [0x00000000f0000000, 0x00000000f6400000, 0x00000000f6400000)
  from space 12800K,   9% used [0x00000000f7080000, 0x00000000f71a8980, 0x00000000f7d00000)
  to   space 12800K,   0% used [0x00000000f6400000, 0x00000000f6400000, 0x00000000f7080000)
 concurrent mark-sweep generation total 134144K, used 45171K [0x00000000f7d00000, 0x0000000100000000, 0x0000000100000000)
 Metaspace       used 65086K, capacity 69770K, committed 69888K, reserved 1110016K
  class space    used 8392K, capacity 9186K, committed 9216K, reserved 1048576K
2022-09-12T02:04:54.203+0800: 268.980: [GC (Allocation Failure)  148758K->46695K(249344K), 0.0040302 secs]
Heap after GC invocations=496 (full 0):
 par new generation   total 115200K, used 1508K [0x00000000f0000000, 0x00000000f7d00000, 0x00000000f7d00000)
  eden space 102400K,   0% used [0x00000000f0000000, 0x00000000f0000000, 0x00000000f6400000)
  from space 12800K,  11% used [0x00000000f6400000, 0x00000000f65791c8, 0x00000000f7080000)
  to   space 12800K,   0% used [0x00000000f7080000, 0x00000000f7080000, 0x00000000f7d00000)
 concurrent mark-sweep generation total 134144K, used 45187K [0x00000000f7d00000, 0x0000000100000000, 0x0000000100000000)
 Metaspace       used 65086K, capacity 69770K, committed 69888K, reserved 1110016K
  class space    used 8392K, capacity 9186K, committed 9216K, reserved 1048576K
}
{Heap before GC invocations=496 (full 0):
 par new generation   total 115200K, used 103908K [0x00000000f0000000, 0x00000000f7d00000, 0x00000000f7d00000)
  eden space 102400K, 100% used [0x00000000f0000000, 0x00000000f6400000, 0x00000000f6400000)
  from space 12800K,  11% used [0x00000000f6400000, 0x00000000f65791c8, 0x00000000f7080000)
  to   space 12800K,   0% used [0x00000000f7080000, 0x00000000f7080000, 0x00000000f7d00000)
 concurrent mark-sweep generation total 134144K, used 45187K [0x00000000f7d00000, 0x0000000100000000, 0x0000000100000000)
 Metaspace       used 65086K, capacity 69770K, committed 69888K, reserved 1110016K
  class space    used 8392K, capacity 9186K, committed 9216K, reserved 1048576K
2022-09-12T02:04:54.552+0800: 269.329: [GC (Allocation Failure)  149095K->46806K(249344K), 0.0041653 secs]
Heap after GC invocations=497 (full 0):
 par new generation   total 115200K, used 1607K [0x00000000f0000000, 0x00000000f7d00000, 0x00000000f7d00000)
  eden space 102400K,   0% used [0x00000000f0000000, 0x00000000f0000000, 0x00000000f6400000)
  from space 12800K,  12% used [0x00000000f7080000, 0x00000000f7211db8, 0x00000000f7d00000)
  to   space 12800K,   0% used [0x00000000f6400000, 0x00000000f6400000, 0x00000000f7080000)
 concurrent mark-sweep generation total 134144K, used 45198K [0x00000000f7d00000, 0x0000000100000000, 0x0000000100000000)
 Metaspace       used 65086K, capacity 69770K, committed 69888K, reserved 1110016K
  class space    used 8392K, capacity 9186K, committed 9216K, reserved 1048576K
}
{Heap before GC invocations=497 (full 0):
 par new generation   total 115200K, used 104007K [0x00000000f0000000, 0x00000000f7d00000, 0x00000000f7d00000)
  eden space 102400K, 100% used [0x00000000f0000000, 0x00000000f6400000, 0x00000000f6400000)
  from space 12800K,  12% used [0x00000000f7080000, 0x00000000f7211db8, 0x00000000f7d00000)
  to   space 12800K,   0% used [0x00000000f6400000, 0x00000000f6400000, 0x00000000f7080000)
 concurrent mark-sweep generation total 134144K, used 45198K [0x00000000f7d00000, 0x0000000100000000, 0x0000000100000000)
 Metaspace       used 65086K, capacity 69770K, committed 69888K, reserved 1110016K
  class space    used 8392K, capacity 9186K, committed 9216K, reserved 1048576K
2022-09-12T02:04:54.901+0800: 269.678: [GC (Allocation Failure)  149206K->46925K(249344K), 0.0041721 secs]
Heap after GC invocations=498 (full 0):
 par new generation   total 115200K, used 1708K [0x00000000f0000000, 0x00000000f7d00000, 0x00000000f7d00000)
  eden space 102400K,   0% used [0x00000000f0000000, 0x00000000f0000000, 0x00000000f6400000)
  from space 12800K,  13% used [0x00000000f6400000, 0x00000000f65ab0a8, 0x00000000f7080000)
  to   space 12800K,   0% used [0x00000000f7080000, 0x00000000f7080000, 0x00000000f7d00000)
 concurrent mark-sweep generation total 134144K, used 45217K [0x00000000f7d00000, 0x0000000100000000, 0x0000000100000000)
 Metaspace       used 65086K, capacity 69770K, committed 69888K, reserved 1110016K
  class space    used 8392K, capacity 9186K, committed 9216K, reserved 1048576K
}
{Heap before GC invocations=498 (full 0):
 par new generation   total 115200K, used 104108K [0x00000000f0000000, 0x00000000f7d00000, 0x00000000f7d00000)
  eden space 102400K, 100% used [0x00000000f0000000, 0x00000000f6400000, 0x00000000f6400000)
  from space 12800K,  13% used [0x00000000f6400000, 0x00000000f65ab0a8, 0x00000000f7080000)
  to   space 12800K,   0% used [0x00000000f7080000, 0x00000000f7080000, 0x00000000f7d00000)
 concurrent mark-sweep generation total 134144K, used 45217K [0x00000000f7d00000, 0x0000000100000000, 0x0000000100000000)
 Metaspace       used 65086K, capacity 69770K, committed 69888K, reserved 1110016K
  class space    used 8392K, capacity 9186K, committed 9216K, reserved 1048576K
2022-09-12T02:04:55.250+0800: 270.027: [GC (Allocation Failure)  149325K->46434K(249344K), 0.0045458 secs]
Heap after GC invocations=499 (full 0):
 par new generation   total 115200K, used 1202K [0x00000000f0000000, 0x00000000f7d00000, 0x00000000f7d00000)
  eden space 102400K,   0% used [0x00000000f0000000, 0x00000000f0000000, 0x00000000f6400000)
  from space 12800K,   9% used [0x00000000f7080000, 0x00000000f71ac900, 0x00000000f7d00000)
  to   space 12800K,   0% used [0x00000000f6400000, 0x00000000f6400000, 0x00000000f7080000)
 concurrent mark-sweep generation total 134144K, used 45231K [0x00000000f7d00000, 0x0000000100000000, 0x0000000100000000)
 Metaspace       used 65086K, capacity 69770K, committed 69888K, reserved 1110016K
  class space    used 8392K, capacity 9186K, committed 9216K, reserved 1048576K
}
{Heap before GC invocations=499 (full 0):
 par new generation   total 115200K, used 103602K [0x00000000f0000000, 0x00000000f7d00000, 0x00000000f7d00000)
  eden space 102400K, 100% used [0x00000000f0000000, 0x00000000f6400000, 0x00000000f6400000)
  from space 12800K,   9% used [0x00000000f7080000, 0x00000000f71ac900, 0x00000000f7d00000)
  to   space 12800K,   0% used [0x00000000f6400000, 0x00000000f6400000, 0x00000000f7080000)
 concurrent mark-sweep generation total 134144K, used 45231K [0x00000000f7d00000, 0x0000000100000000, 0x0000000100000000)
 Metaspace       used 65086K, capacity 69770K, committed 69888K, reserved 1110016K
  class space    used 8392K, capacity 9186K, committed 9216K, reserved 1048576K
2022-09-12T02:04:55.598+0800: 270.376: [GC (Allocation Failure)  148834K->46751K(249344K), 0.0041326 secs]
Heap after GC invocations=500 (full 0):
 par new generation   total 115200K, used 1500K [0x00000000f0000000, 0x00000000f7d00000, 0x00000000f7d00000)
  eden space 102400K,   0% used [0x00000000f0000000, 0x00000000f0000000, 0x00000000f6400000)
  from space 12800K,  11% used [0x00000000f6400000, 0x00000000f6577018, 0x00000000f7080000)
  to   space 12800K,   0% used [0x00000000f7080000, 0x00000000f7080000, 0x00000000f7d00000)
 concurrent mark-sweep generation total 134144K, used 45251K [0x00000000f7d00000, 0x0000000100000000, 0x0000000100000000)
 Metaspace       used 65086K, capacity 69770K, committed 69888K, reserved 1110016K
  class space    used 8392K, capacity 9186K, committed 9216K, reserved 1048576K
}
{Heap before GC invocations=500 (full 0):
 par new generation   total 115200K, used 103900K [0x00000000f0000000, 0x00000000f7d00000, 0x00000000f7d00000)
  eden space 102400K, 100% used [0x00000000f0000000, 0x00000000f6400000, 0x00000000f6400000)
  from space 12800K,  11% used [0x00000000f6400000, 0x00000000f6577018, 0x00000000f7080000)
  to   space 12800K,   0% used [0x00000000f7080000, 0x00000000f7080000, 0x00000000f7d00000)
 concurrent mark-sweep generation total 134144K, used 45251K [0x00000000f7d00000, 0x0000000100000000, 0x0000000100000000)
 Metaspace       used 65086K, capacity 69770K, committed 69888K, reserved 1110016K
  class space    used 8392K, capacity 9186K, committed 9216K, reserved 1048576K
2022-09-12T02:04:55.947+0800: 270.724: [GC (Allocation Failure)  149151K->46909K(249344K), 0.0042725 secs]
Heap after GC invocations=501 (full 0):
 par new generation   total 115200K, used 1645K [0x00000000f0000000, 0x00000000f7d00000, 0x00000000f7d00000)
  eden space 102400K,   0% used [0x00000000f0000000, 0x00000000f0000000, 0x00000000f6400000)
  from space 12800K,  12% used [0x00000000f7080000, 0x00000000f721b668, 0x00000000f7d00000)
  to   space 12800K,   0% used [0x00000000f6400000, 0x00000000f6400000, 0x00000000f7080000)
 concurrent mark-sweep generation total 134144K, used 45263K [0x00000000f7d00000, 0x0000000100000000, 0x0000000100000000)
 Metaspace       used 65086K, capacity 69770K, committed 69888K, reserved 1110016K
  class space    used 8392K, capacity 9186K, committed 9216K, reserved 1048576K
}
{Heap before GC invocations=501 (full 0):
 par new generation   total 115200K, used 104045K [0x00000000f0000000, 0x00000000f7d00000, 0x00000000f7d00000)
  eden space 102400K, 100% used [0x00000000f0000000, 0x00000000f6400000, 0x00000000f6400000)
  from space 12800K,  12% used [0x00000000f7080000, 0x00000000f721b668, 0x00000000f7d00000)
  to   space 12800K,   0% used [0x00000000f6400000, 0x00000000f6400000, 0x00000000f7080000)
 concurrent mark-sweep generation total 134144K, used 45263K [0x00000000f7d00000, 0x0000000100000000, 0x0000000100000000)
 Metaspace       used 65086K, capacity 69770K, committed 69888K, reserved 1110016K
  class space    used 8392K, capacity 9186K, committed 9216K, reserved 1048576K
2022-09-12T02:04:56.296+0800: 271.073: [GC (Allocation Failure)  149309K->46464K(249344K), 0.0041374 secs]
Heap after GC invocations=502 (full 0):
 par new generation   total 115200K, used 1189K [0x00000000f0000000, 0x00000000f7d00000, 0x00000000f7d00000)
  eden space 102400K,   0% used [0x00000000f0000000, 0x00000000f0000000, 0x00000000f6400000)
  from space 12800K,   9% used [0x00000000f6400000, 0x00000000f65294c0, 0x00000000f7080000)
  to   space 12800K,   0% used [0x00000000f7080000, 0x00000000f7080000, 0x00000000f7d00000)
 concurrent mark-sweep generation total 134144K, used 45275K [0x00000000f7d00000, 0x0000000100000000, 0x0000000100000000)
 Metaspace       used 65086K, capacity 69770K, committed 69888K, reserved 1110016K
  class space    used 8392K, capacity 9186K, committed 9216K, reserved 1048576K
}
{Heap before GC invocations=502 (full 0):
 par new generation   total 115200K, used 103589K [0x00000000f0000000, 0x00000000f7d00000, 0x00000000f7d00000)
  eden space 102400K, 100% used [0x00000000f0000000, 0x00000000f6400000, 0x00000000f6400000)
  from space 12800K,   9% used [0x00000000f6400000, 0x00000000f65294c0, 0x00000000f7080000)
  to   space 12800K,   0% used [0x00000000f7080000, 0x00000000f7080000, 0x00000000f7d00000)
 concurrent mark-sweep generation total 134144K, used 45275K [0x00000000f7d00000, 0x0000000100000000, 0x0000000100000000)
 Metaspace       used 65087K, capacity 69770K, committed 69888K, reserved 1110016K
  class space    used 8392K, capacity 9186K, committed 9216K, reserved 1048576K
2022-09-12T02:04:56.642+0800: 271.419: [GC (Allocation Failure)  148864K->46611K(249344K), 0.0046318 secs]
Heap after GC invocations=503 (full 0):
 par new generation   total 115200K, used 1311K [0x00000000f0000000, 0x00000000f7d00000, 0x00000000f7d00000)
  eden space 102400K,   0% used [0x00000000f0000000, 0x00000000f0000000, 0x00000000f6400000)
  from space 12800K,  10% used [0x00000000f7080000, 0x00000000f71c7f90, 0x00000000f7d00000)
  to   space 12800K,   0% used [0x00000000f6400000, 0x00000000f6400000, 0x00000000f7080000)
 concurrent mark-sweep generation total 134144K, used 45299K [0x00000000f7d00000, 0x0000000100000000, 0x0000000100000000)
 Metaspace       used 65087K, capacity 69770K, committed 69888K, reserved 1110016K
  class space    used 8392K, capacity 9186K, committed 9216K, reserved 1048576K
}
{Heap before GC invocations=503 (full 0):
 par new generation   total 115200K, used 103711K [0x00000000f0000000, 0x00000000f7d00000, 0x00000000f7d00000)
  eden space 102400K, 100% used [0x00000000f0000000, 0x00000000f6400000, 0x00000000f6400000)
  from space 12800K,  10% used [0x00000000f7080000, 0x00000000f71c7f90, 0x00000000f7d00000)
  to   space 12800K,   0% used [0x00000000f6400000, 0x00000000f6400000, 0x00000000f7080000)
 concurrent mark-sweep generation total 134144K, used 45299K [0x00000000f7d00000, 0x0000000100000000, 0x0000000100000000)
 Metaspace       used 65087K, capacity 69770K, committed 69888K, reserved 1110016K
  class space    used 8392K, capacity 9186K, committed 9216K, reserved 1048576K
2022-09-12T02:04:56.991+0800: 271.768: [GC (Allocation Failure)  149011K->46946K(249344K), 0.0040819 secs]
Heap after GC invocations=504 (full 0):
 par new generation   total 115200K, used 1630K [0x00000000f0000000, 0x00000000f7d00000, 0x00000000f7d00000)
  eden space 102400K,   0% used [0x00000000f0000000, 0x00000000f0000000, 0x00000000f6400000)
  from space 12800K,  12% used [0x00000000f6400000, 0x00000000f6597960, 0x00000000f7080000)
  to   space 12800K,   0% used [0x00000000f7080000, 0x00000000f7080000, 0x00000000f7d00000)
 concurrent mark-sweep generation total 134144K, used 45316K [0x00000000f7d00000, 0x0000000100000000, 0x0000000100000000)
 Metaspace       used 65087K, capacity 69770K, committed 69888K, reserved 1110016K
  class space    used 8392K, capacity 9186K, committed 9216K, reserved 1048576K
}
{Heap before GC invocations=504 (full 0):
 par new generation   total 115200K, used 104030K [0x00000000f0000000, 0x00000000f7d00000, 0x00000000f7d00000)
  eden space 102400K, 100% used [0x00000000f0000000, 0x00000000f6400000, 0x00000000f6400000)
  from space 12800K,  12% used [0x00000000f6400000, 0x00000000f6597960, 0x00000000f7080000)
  to   space 12800K,   0% used [0x00000000f7080000, 0x00000000f7080000, 0x00000000f7d00000)
 concurrent mark-sweep generation total 134144K, used 45316K [0x00000000f7d00000, 0x0000000100000000, 0x0000000100000000)
 Metaspace       used 65087K, capacity 69770K, committed 69888K, reserved 1110016K
  class space    used 8392K, capacity 9186K, committed 9216K, reserved 1048576K
2022-09-12T02:04:57.341+0800: 272.118: [GC (Allocation Failure)  149346K->46670K(249344K), 0.0040058 secs]
Heap after GC invocations=505 (full 0):
 par new generation   total 115200K, used 1344K [0x00000000f0000000, 0x00000000f7d00000, 0x00000000f7d00000)
  eden space 102400K,   0% used [0x00000000f0000000, 0x00000000f0000000, 0x00000000f6400000)
  from space 12800K,  10% used [0x00000000f7080000, 0x00000000f71d0258, 0x00000000f7d00000)
  to   space 12800K,   0% used [0x00000000f6400000, 0x00000000f6400000, 0x00000000f7080000)
 concurrent mark-sweep generation total 134144K, used 45326K [0x00000000f7d00000, 0x0000000100000000, 0x0000000100000000)
 Metaspace       used 65087K, capacity 69770K, committed 69888K, reserved 1110016K
  class space    used 8392K, capacity 9186K, committed 9216K, reserved 1048576K
}
{Heap before GC invocations=505 (full 0):
 par new generation   total 115200K, used 103744K [0x00000000f0000000, 0x00000000f7d00000, 0x00000000f7d00000)
  eden space 102400K, 100% used [0x00000000f0000000, 0x00000000f6400000, 0x00000000f6400000)
  from space 12800K,  10% used [0x00000000f7080000, 0x00000000f71d0258, 0x00000000f7d00000)
  to   space 12800K,   0% used [0x00000000f6400000, 0x00000000f6400000, 0x00000000f7080000)
 concurrent mark-sweep generation total 134144K, used 45326K [0x00000000f7d00000, 0x0000000100000000, 0x0000000100000000)
 Metaspace       used 65087K, capacity 69770K, committed 69888K, reserved 1110016K
  class space    used 8392K, capacity 9186K, committed 9216K, reserved 1048576K
2022-09-12T02:04:57.692+0800: 272.470: [GC (Allocation Failure)  149070K->46670K(249344K), 0.0048443 secs]
Heap after GC invocations=506 (full 0):
 par new generation   total 115200K, used 1326K [0x00000000f0000000, 0x00000000f7d00000, 0x00000000f7d00000)
  eden space 102400K,   0% used [0x00000000f0000000, 0x00000000f0000000, 0x00000000f6400000)
  from space 12800K,  10% used [0x00000000f6400000, 0x00000000f654b800, 0x00000000f7080000)
  to   space 12800K,   0% used [0x00000000f7080000, 0x00000000f7080000, 0x00000000f7d00000)
 concurrent mark-sweep generation total 134144K, used 45344K [0x00000000f7d00000, 0x0000000100000000, 0x0000000100000000)
 Metaspace       used 65087K, capacity 69770K, committed 69888K, reserved 1110016K
  class space    used 8392K, capacity 9186K, committed 9216K, reserved 1048576K
}
{Heap before GC invocations=506 (full 0):
 par new generation   total 115200K, used 103726K [0x00000000f0000000, 0x00000000f7d00000, 0x00000000f7d00000)
  eden space 102400K, 100% used [0x00000000f0000000, 0x00000000f6400000, 0x00000000f6400000)
  from space 12800K,  10% used [0x00000000f6400000, 0x00000000f654b800, 0x00000000f7080000)
  to   space 12800K,   0% used [0x00000000f7080000, 0x00000000f7080000, 0x00000000f7d00000)
 concurrent mark-sweep generation total 134144K, used 45344K [0x00000000f7d00000, 0x0000000100000000, 0x0000000100000000)
 Metaspace       used 65087K, capacity 69770K, committed 69888K, reserved 1110016K
  class space    used 8392K, capacity 9186K, committed 9216K, reserved 1048576K
2022-09-12T02:04:58.048+0800: 272.826: [GC (Allocation Failure)  149070K->47027K(249344K), 0.0040464 secs]
Heap after GC invocations=507 (full 0):
 par new generation   total 115200K, used 1669K [0x00000000f0000000, 0x00000000f7d00000, 0x00000000f7d00000)
  eden space 102400K,   0% used [0x00000000f0000000, 0x00000000f0000000, 0x00000000f6400000)
  from space 12800K,  13% used [0x00000000f7080000, 0x00000000f7221590, 0x00000000f7d00000)
  to   space 12800K,   0% used [0x00000000f6400000, 0x00000000f6400000, 0x00000000f7080000)
 concurrent mark-sweep generation total 134144K, used 45358K [0x00000000f7d00000, 0x0000000100000000, 0x0000000100000000)
 Metaspace       used 65087K, capacity 69770K, committed 69888K, reserved 1110016K
  class space    used 8392K, capacity 9186K, committed 9216K, reserved 1048576K
}
{Heap before GC invocations=507 (full 0):
 par new generation   total 115200K, used 104069K [0x00000000f0000000, 0x00000000f7d00000, 0x00000000f7d00000)
  eden space 102400K, 100% used [0x00000000f0000000, 0x00000000f6400000, 0x00000000f6400000)
  from space 12800K,  13% used [0x00000000f7080000, 0x00000000f7221590, 0x00000000f7d00000)
  to   space 12800K,   0% used [0x00000000f6400000, 0x00000000f6400000, 0x00000000f7080000)
 concurrent mark-sweep generation total 134144K, used 45358K [0x00000000f7d00000, 0x0000000100000000, 0x0000000100000000)
 Metaspace       used 65087K, capacity 69770K, committed 69888K, reserved 1110016K
  class space    used 8392K, capacity 9186K, committed 9216K, reserved 1048576K
2022-09-12T02:04:58.397+0800: 273.174: [GC (Allocation Failure)  149427K->46729K(249344K), 0.0043030 secs]
Heap after GC invocations=508 (full 0):
 par new generation   total 115200K, used 1351K [0x00000000f0000000, 0x00000000f7d00000, 0x00000000f7d00000)
  eden space 102400K,   0% used [0x00000000f0000000, 0x00000000f0000000, 0x00000000f6400000)
  from space 12800K,  10% used [0x00000000f6400000, 0x00000000f6551f08, 0x00000000f7080000)
  to   space 12800K,   0% used [0x00000000f7080000, 0x00000000f7080000, 0x00000000f7d00000)
 concurrent mark-sweep generation total 134144K, used 45377K [0x00000000f7d00000, 0x0000000100000000, 0x0000000100000000)
 Metaspace       used 65087K, capacity 69770K, committed 69888K, reserved 1110016K
  class space    used 8392K, capacity 9186K, committed 9216K, reserved 1048576K
}
{Heap before GC invocations=508 (full 0):
 par new generation   total 115200K, used 103751K [0x00000000f0000000, 0x00000000f7d00000, 0x00000000f7d00000)
  eden space 102400K, 100% used [0x00000000f0000000, 0x00000000f6400000, 0x00000000f6400000)
  from space 12800K,  10% used [0x00000000f6400000, 0x00000000f6551f08, 0x00000000f7080000)
  to   space 12800K,   0% used [0x00000000f7080000, 0x00000000f7080000, 0x00000000f7d00000)
 concurrent mark-sweep generation total 134144K, used 45377K [0x00000000f7d00000, 0x0000000100000000, 0x0000000100000000)
 Metaspace       used 65087K, capacity 69770K, committed 69888K, reserved 1110016K
  class space    used 8392K, capacity 9186K, committed 9216K, reserved 1048576K
2022-09-12T02:04:58.745+0800: 273.522: [GC (Allocation Failure)  149129K->46941K(249344K), 0.0042465 secs]
Heap after GC invocations=509 (full 0):
 par new generation   total 115200K, used 1547K [0x00000000f0000000, 0x00000000f7d00000, 0x00000000f7d00000)
  eden space 102400K,   0% used [0x00000000f0000000, 0x00000000f0000000, 0x00000000f6400000)
  from space 12800K,  12% used [0x00000000f7080000, 0x00000000f7202f48, 0x00000000f7d00000)
  to   space 12800K,   0% used [0x00000000f6400000, 0x00000000f6400000, 0x00000000f7080000)
 concurrent mark-sweep generation total 134144K, used 45393K [0x00000000f7d00000, 0x0000000100000000, 0x0000000100000000)
 Metaspace       used 65087K, capacity 69770K, committed 69888K, reserved 1110016K
  class space    used 8392K, capacity 9186K, committed 9216K, reserved 1048576K
}
{Heap before GC invocations=509 (full 0):
 par new generation   total 115200K, used 103947K [0x00000000f0000000, 0x00000000f7d00000, 0x00000000f7d00000)
  eden space 102400K, 100% used [0x00000000f0000000, 0x00000000f6400000, 0x00000000f6400000)
  from space 12800K,  12% used [0x00000000f7080000, 0x00000000f7202f48, 0x00000000f7d00000)
  to   space 12800K,   0% used [0x00000000f6400000, 0x00000000f6400000, 0x00000000f7080000)
 concurrent mark-sweep generation total 134144K, used 45393K [0x00000000f7d00000, 0x0000000100000000, 0x0000000100000000)
 Metaspace       used 65087K, capacity 69770K, committed 69888K, reserved 1110016K
  class space    used 8392K, capacity 9186K, committed 9216K, reserved 1048576K
2022-09-12T02:04:59.092+0800: 273.870: [GC (Allocation Failure)  149341K->47062K(249344K), 0.0040601 secs]
Heap after GC invocations=510 (full 0):
 par new generation   total 115200K, used 1655K [0x00000000f0000000, 0x00000000f7d00000, 0x00000000f7d00000)
  eden space 102400K,   0% used [0x00000000f0000000, 0x00000000f0000000, 0x00000000f6400000)
  from space 12800K,  12% used [0x00000000f6400000, 0x00000000f659df88, 0x00000000f7080000)
  to   space 12800K,   0% used [0x00000000f7080000, 0x00000000f7080000, 0x00000000f7d00000)
 concurrent mark-sweep generation total 134144K, used 45406K [0x00000000f7d00000, 0x0000000100000000, 0x0000000100000000)
 Metaspace       used 65087K, capacity 69770K, committed 69888K, reserved 1110016K
  class space    used 8392K, capacity 9186K, committed 9216K, reserved 1048576K
}
{Heap before GC invocations=510 (full 0):
 par new generation   total 115200K, used 104055K [0x00000000f0000000, 0x00000000f7d00000, 0x00000000f7d00000)
  eden space 102400K, 100% used [0x00000000f0000000, 0x00000000f6400000, 0x00000000f6400000)
  from space 12800K,  12% used [0x00000000f6400000, 0x00000000f659df88, 0x00000000f7080000)
  to   space 12800K,   0% used [0x00000000f7080000, 0x00000000f7080000, 0x00000000f7d00000)
 concurrent mark-sweep generation total 134144K, used 45406K [0x00000000f7d00000, 0x0000000100000000, 0x0000000100000000)
 Metaspace       used 65087K, capacity 69770K, committed 69888K, reserved 1110016K
  class space    used 8392K, capacity 9186K, committed 9216K, reserved 1048576K
2022-09-12T02:04:59.443+0800: 274.220: [GC (Allocation Failure)  149462K->46486K(249344K), 0.0040217 secs]
Heap after GC invocations=511 (full 0):
 par new generation   total 115200K, used 1056K [0x00000000f0000000, 0x00000000f7d00000, 0x00000000f7d00000)
  eden space 102400K,   0% used [0x00000000f0000000, 0x00000000f0000000, 0x00000000f6400000)
  from space 12800K,   8% used [0x00000000f7080000, 0x00000000f71882b0, 0x00000000f7d00000)
  to   space 12800K,   0% used [0x00000000f6400000, 0x00000000f6400000, 0x00000000f7080000)
 concurrent mark-sweep generation total 134144K, used 45430K [0x00000000f7d00000, 0x0000000100000000, 0x0000000100000000)
 Metaspace       used 65087K, capacity 69770K, committed 69888K, reserved 1110016K
  class space    used 8392K, capacity 9186K, committed 9216K, reserved 1048576K
}
{Heap before GC invocations=511 (full 0):
 par new generation   total 115200K, used 103456K [0x00000000f0000000, 0x00000000f7d00000, 0x00000000f7d00000)
  eden space 102400K, 100% used [0x00000000f0000000, 0x00000000f6400000, 0x00000000f6400000)
  from space 12800K,   8% used [0x00000000f7080000, 0x00000000f71882b0, 0x00000000f7d00000)
  to   space 12800K,   0% used [0x00000000f6400000, 0x00000000f6400000, 0x00000000f7080000)
 concurrent mark-sweep generation total 134144K, used 45430K [0x00000000f7d00000, 0x0000000100000000, 0x0000000100000000)
 Metaspace       used 65088K, capacity 69770K, committed 69888K, reserved 1110016K
  class space    used 8392K, capacity 9186K, committed 9216K, reserved 1048576K
2022-09-12T02:04:59.791+0800: 274.568: [GC (Allocation Failure)  148886K->46951K(249344K), 0.0040068 secs]
Heap after GC invocations=512 (full 0):
 par new generation   total 115200K, used 1507K [0x00000000f0000000, 0x00000000f7d00000, 0x00000000f7d00000)
  eden space 102400K,   0% used [0x00000000f0000000, 0x00000000f0000000, 0x00000000f6400000)
  from space 12800K,  11% used [0x00000000f6400000, 0x00000000f6578e10, 0x00000000f7080000)
  to   space 12800K,   0% used [0x00000000f7080000, 0x00000000f7080000, 0x00000000f7d00000)
 concurrent mark-sweep generation total 134144K, used 45444K [0x00000000f7d00000, 0x0000000100000000, 0x0000000100000000)
 Metaspace       used 65088K, capacity 69770K, committed 69888K, reserved 1110016K
  class space    used 8392K, capacity 9186K, committed 9216K, reserved 1048576K
}
{Heap before GC invocations=512 (full 0):
 par new generation   total 115200K, used 103907K [0x00000000f0000000, 0x00000000f7d00000, 0x00000000f7d00000)
  eden space 102400K, 100% used [0x00000000f0000000, 0x00000000f6400000, 0x00000000f6400000)
  from space 12800K,  11% used [0x00000000f6400000, 0x00000000f6578e10, 0x00000000f7080000)
  to   space 12800K,   0% used [0x00000000f7080000, 0x00000000f7080000, 0x00000000f7d00000)
 concurrent mark-sweep generation total 134144K, used 45444K [0x00000000f7d00000, 0x0000000100000000, 0x0000000100000000)
 Metaspace       used 65088K, capacity 69770K, committed 69888K, reserved 1110016K
  class space    used 8392K, capacity 9186K, committed 9216K, reserved 1048576K
2022-09-12T02:05:00.139+0800: 274.916: [GC (Allocation Failure)  149351K->46849K(249344K), 0.0047636 secs]
Heap after GC invocations=513 (full 0):
 par new generation   total 115200K, used 1392K [0x00000000f0000000, 0x00000000f7d00000, 0x00000000f7d00000)
  eden space 102400K,   0% used [0x00000000f0000000, 0x00000000f0000000, 0x00000000f6400000)
  from space 12800K,  10% used [0x00000000f7080000, 0x00000000f71dc090, 0x00000000f7d00000)
  to   space 12800K,   0% used [0x00000000f6400000, 0x00000000f6400000, 0x00000000f7080000)
 concurrent mark-sweep generation total 134144K, used 45457K [0x00000000f7d00000, 0x0000000100000000, 0x0000000100000000)
 Metaspace       used 65088K, capacity 69770K, committed 69888K, reserved 1110016K
  class space    used 8392K, capacity 9186K, committed 9216K, reserved 1048576K
}
{Heap before GC invocations=513 (full 0):
 par new generation   total 115200K, used 103792K [0x00000000f0000000, 0x00000000f7d00000, 0x00000000f7d00000)
  eden space 102400K, 100% used [0x00000000f0000000, 0x00000000f6400000, 0x00000000f6400000)
  from space 12800K,  10% used [0x00000000f7080000, 0x00000000f71dc090, 0x00000000f7d00000)
  to   space 12800K,   0% used [0x00000000f6400000, 0x00000000f6400000, 0x00000000f7080000)
 concurrent mark-sweep generation total 134144K, used 45457K [0x00000000f7d00000, 0x0000000100000000, 0x0000000100000000)
 Metaspace       used 65088K, capacity 69770K, committed 69888K, reserved 1110016K
  class space    used 8392K, capacity 9186K, committed 9216K, reserved 1048576K
2022-09-12T02:05:00.487+0800: 275.265: [GC (Allocation Failure)  149249K->47159K(249344K), 0.0041457 secs]
Heap after GC invocations=514 (full 0):
 par new generation   total 115200K, used 1685K [0x00000000f0000000, 0x00000000f7d00000, 0x00000000f7d00000)
  eden space 102400K,   0% used [0x00000000f0000000, 0x00000000f0000000, 0x00000000f6400000)
  from space 12800K,  13% used [0x00000000f6400000, 0x00000000f65a5570, 0x00000000f7080000)
  to   space 12800K,   0% used [0x00000000f7080000, 0x00000000f7080000, 0x00000000f7d00000)
 concurrent mark-sweep generation total 134144K, used 45473K [0x00000000f7d00000, 0x0000000100000000, 0x0000000100000000)
 Metaspace       used 65088K, capacity 69770K, committed 69888K, reserved 1110016K
  class space    used 8392K, capacity 9186K, committed 9216K, reserved 1048576K
}
{Heap before GC invocations=514 (full 0):
 par new generation   total 115200K, used 104085K [0x00000000f0000000, 0x00000000f7d00000, 0x00000000f7d00000)
  eden space 102400K, 100% used [0x00000000f0000000, 0x00000000f6400000, 0x00000000f6400000)
  from space 12800K,  13% used [0x00000000f6400000, 0x00000000f65a5570, 0x00000000f7080000)
  to   space 12800K,   0% used [0x00000000f7080000, 0x00000000f7080000, 0x00000000f7d00000)
 concurrent mark-sweep generation total 134144K, used 45473K [0x00000000f7d00000, 0x0000000100000000, 0x0000000100000000)
 Metaspace       used 65088K, capacity 69770K, committed 69888K, reserved 1110016K
  class space    used 8392K, capacity 9186K, committed 9216K, reserved 1048576K
2022-09-12T02:05:00.835+0800: 275.612: [GC (Allocation Failure)  149559K->46690K(249344K), 0.0040288 secs]
Heap after GC invocations=515 (full 0):
 par new generation   total 115200K, used 1204K [0x00000000f0000000, 0x00000000f7d00000, 0x00000000f7d00000)
  eden space 102400K,   0% used [0x00000000f0000000, 0x00000000f0000000, 0x00000000f6400000)
  from space 12800K,   9% used [0x00000000f7080000, 0x00000000f71ad100, 0x00000000f7d00000)
  to   space 12800K,   0% used [0x00000000f6400000, 0x00000000f6400000, 0x00000000f7080000)
 concurrent mark-sweep generation total 134144K, used 45486K [0x00000000f7d00000, 0x0000000100000000, 0x0000000100000000)
 Metaspace       used 65088K, capacity 69770K, committed 69888K, reserved 1110016K
  class space    used 8392K, capacity 9186K, committed 9216K, reserved 1048576K
}
{Heap before GC invocations=515 (full 0):
 par new generation   total 115200K, used 103604K [0x00000000f0000000, 0x00000000f7d00000, 0x00000000f7d00000)
  eden space 102400K, 100% used [0x00000000f0000000, 0x00000000f6400000, 0x00000000f6400000)
  from space 12800K,   9% used [0x00000000f7080000, 0x00000000f71ad100, 0x00000000f7d00000)
  to   space 12800K,   0% used [0x00000000f6400000, 0x00000000f6400000, 0x00000000f7080000)
 concurrent mark-sweep generation total 134144K, used 45486K [0x00000000f7d00000, 0x0000000100000000, 0x0000000100000000)
 Metaspace       used 65088K, capacity 69770K, committed 69888K, reserved 1110016K
  class space    used 8392K, capacity 9186K, committed 9216K, reserved 1048576K
2022-09-12T02:05:01.183+0800: 275.960: [GC (Allocation Failure)  149090K->47057K(249344K), 0.0041087 secs]
Heap after GC invocations=516 (full 0):
 par new generation   total 115200K, used 1551K [0x00000000f0000000, 0x00000000f7d00000, 0x00000000f7d00000)
  eden space 102400K,   0% used [0x00000000f0000000, 0x00000000f0000000, 0x00000000f6400000)
  from space 12800K,  12% used [0x00000000f6400000, 0x00000000f6583d48, 0x00000000f7080000)
  to   space 12800K,   0% used [0x00000000f7080000, 0x00000000f7080000, 0x00000000f7d00000)
 concurrent mark-sweep generation total 134144K, used 45505K [0x00000000f7d00000, 0x0000000100000000, 0x0000000100000000)
 Metaspace       used 65088K, capacity 69770K, committed 69888K, reserved 1110016K
  class space    used 8392K, capacity 9186K, committed 9216K, reserved 1048576K
}
{Heap before GC invocations=516 (full 0):
 par new generation   total 115200K, used 103951K [0x00000000f0000000, 0x00000000f7d00000, 0x00000000f7d00000)
  eden space 102400K, 100% used [0x00000000f0000000, 0x00000000f6400000, 0x00000000f6400000)
  from space 12800K,  12% used [0x00000000f6400000, 0x00000000f6583d48, 0x00000000f7080000)
  to   space 12800K,   0% used [0x00000000f7080000, 0x00000000f7080000, 0x00000000f7d00000)
 concurrent mark-sweep generation total 134144K, used 45505K [0x00000000f7d00000, 0x0000000100000000, 0x0000000100000000)
 Metaspace       used 65109K, capacity 69770K, committed 69888K, reserved 1110016K
  class space    used 8392K, capacity 9186K, committed 9216K, reserved 1048576K
2022-09-12T02:05:01.540+0800: 276.317: [GC (Allocation Failure)  149457K->46934K(249344K), 0.0045987 secs]
Heap after GC invocations=517 (full 0):
 par new generation   total 115200K, used 1411K [0x00000000f0000000, 0x00000000f7d00000, 0x00000000f7d00000)
  eden space 102400K,   0% used [0x00000000f0000000, 0x00000000f0000000, 0x00000000f6400000)
  from space 12800K,  11% used [0x00000000f7080000, 0x00000000f71e0fe0, 0x00000000f7d00000)
  to   space 12800K,   0% used [0x00000000f6400000, 0x00000000f6400000, 0x00000000f7080000)
 concurrent mark-sweep generation total 134144K, used 45522K [0x00000000f7d00000, 0x0000000100000000, 0x0000000100000000)
 Metaspace       used 65109K, capacity 69770K, committed 69888K, reserved 1110016K
  class space    used 8392K, capacity 9186K, committed 9216K, reserved 1048576K
}
{Heap before GC invocations=517 (full 0):
 par new generation   total 115200K, used 103811K [0x00000000f0000000, 0x00000000f7d00000, 0x00000000f7d00000)
  eden space 102400K, 100% used [0x00000000f0000000, 0x00000000f6400000, 0x00000000f6400000)
  from space 12800K,  11% used [0x00000000f7080000, 0x00000000f71e0fe0, 0x00000000f7d00000)
  to   space 12800K,   0% used [0x00000000f6400000, 0x00000000f6400000, 0x00000000f7080000)
 concurrent mark-sweep generation total 134144K, used 45522K [0x00000000f7d00000, 0x0000000100000000, 0x0000000100000000)
 Metaspace       used 65109K, capacity 69770K, committed 69888K, reserved 1110016K
  class space    used 8392K, capacity 9186K, committed 9216K, reserved 1048576K
2022-09-12T02:05:01.888+0800: 276.666: [GC (Allocation Failure)  149334K->47163K(249344K), 0.0039844 secs]
Heap after GC invocations=518 (full 0):
 par new generation   total 115200K, used 1630K [0x00000000f0000000, 0x00000000f7d00000, 0x00000000f7d00000)
  eden space 102400K,   0% used [0x00000000f0000000, 0x00000000f0000000, 0x00000000f6400000)
  from space 12800K,  12% used [0x00000000f6400000, 0x00000000f6597ab0, 0x00000000f7080000)
  to   space 12800K,   0% used [0x00000000f7080000, 0x00000000f7080000, 0x00000000f7d00000)
 concurrent mark-sweep generation total 134144K, used 45532K [0x00000000f7d00000, 0x0000000100000000, 0x0000000100000000)
 Metaspace       used 65109K, capacity 69770K, committed 69888K, reserved 1110016K
  class space    used 8392K, capacity 9186K, committed 9216K, reserved 1048576K
}
{Heap before GC invocations=518 (full 0):
 par new generation   total 115200K, used 104030K [0x00000000f0000000, 0x00000000f7d00000, 0x00000000f7d00000)
  eden space 102400K, 100% used [0x00000000f0000000, 0x00000000f6400000, 0x00000000f6400000)
  from space 12800K,  12% used [0x00000000f6400000, 0x00000000f6597ab0, 0x00000000f7080000)
  to   space 12800K,   0% used [0x00000000f7080000, 0x00000000f7080000, 0x00000000f7d00000)
 concurrent mark-sweep generation total 134144K, used 45532K [0x00000000f7d00000, 0x0000000100000000, 0x0000000100000000)
 Metaspace       used 65109K, capacity 69770K, committed 69888K, reserved 1110016K
  class space    used 8392K, capacity 9186K, committed 9216K, reserved 1048576K
2022-09-12T02:05:02.248+0800: 277.026: [GC (Allocation Failure)  149563K->46729K(249344K), 0.0041747 secs]
Heap after GC invocations=519 (full 0):
 par new generation   total 115200K, used 1173K [0x00000000f0000000, 0x00000000f7d00000, 0x00000000f7d00000)
  eden space 102400K,   0% used [0x00000000f0000000, 0x00000000f0000000, 0x00000000f6400000)
  from space 12800K,   9% used [0x00000000f7080000, 0x00000000f71a5500, 0x00000000f7d00000)
  to   space 12800K,   0% used [0x00000000f6400000, 0x00000000f6400000, 0x00000000f7080000)
 concurrent mark-sweep generation total 134144K, used 45556K [0x00000000f7d00000, 0x0000000100000000, 0x0000000100000000)
 Metaspace       used 65109K, capacity 69770K, committed 69888K, reserved 1110016K
  class space    used 8392K, capacity 9186K, committed 9216K, reserved 1048576K
}
{Heap before GC invocations=519 (full 0):
 par new generation   total 115200K, used 103573K [0x00000000f0000000, 0x00000000f7d00000, 0x00000000f7d00000)
  eden space 102400K, 100% used [0x00000000f0000000, 0x00000000f6400000, 0x00000000f6400000)
  from space 12800K,   9% used [0x00000000f7080000, 0x00000000f71a5500, 0x00000000f7d00000)
  to   space 12800K,   0% used [0x00000000f6400000, 0x00000000f6400000, 0x00000000f7080000)
 concurrent mark-sweep generation total 134144K, used 45556K [0x00000000f7d00000, 0x0000000100000000, 0x0000000100000000)
 Metaspace       used 65109K, capacity 69770K, committed 69888K, reserved 1110016K
  class space    used 8392K, capacity 9186K, committed 9216K, reserved 1048576K
2022-09-12T02:05:02.599+0800: 277.376: [GC (Allocation Failure)  149129K->47109K(249344K), 0.0040101 secs]
Heap after GC invocations=520 (full 0):
 par new generation   total 115200K, used 1534K [0x00000000f0000000, 0x00000000f7d00000, 0x00000000f7d00000)
  eden space 102400K,   0% used [0x00000000f0000000, 0x00000000f0000000, 0x00000000f6400000)
  from space 12800K,  11% used [0x00000000f6400000, 0x00000000f657f828, 0x00000000f7080000)
  to   space 12800K,   0% used [0x00000000f7080000, 0x00000000f7080000, 0x00000000f7d00000)
 concurrent mark-sweep generation total 134144K, used 45575K [0x00000000f7d00000, 0x0000000100000000, 0x0000000100000000)
 Metaspace       used 65109K, capacity 69770K, committed 69888K, reserved 1110016K
  class space    used 8392K, capacity 9186K, committed 9216K, reserved 1048576K
}
{Heap before GC invocations=520 (full 0):
 par new generation   total 115200K, used 103934K [0x00000000f0000000, 0x00000000f7d00000, 0x00000000f7d00000)
  eden space 102400K, 100% used [0x00000000f0000000, 0x00000000f6400000, 0x00000000f6400000)
  from space 12800K,  11% used [0x00000000f6400000, 0x00000000f657f828, 0x00000000f7080000)
  to   space 12800K,   0% used [0x00000000f7080000, 0x00000000f7080000, 0x00000000f7d00000)
 concurrent mark-sweep generation total 134144K, used 45575K [0x00000000f7d00000, 0x0000000100000000, 0x0000000100000000)
 Metaspace       used 65109K, capacity 69770K, committed 69888K, reserved 1110016K
  class space    used 8392K, capacity 9186K, committed 9216K, reserved 1048576K
2022-09-12T02:05:02.946+0800: 277.724: [GC (Allocation Failure)  149509K->47190K(249344K), 0.0040406 secs]
Heap after GC invocations=521 (full 0):
 par new generation   total 115200K, used 1605K [0x00000000f0000000, 0x00000000f7d00000, 0x00000000f7d00000)
  eden space 102400K,   0% used [0x00000000f0000000, 0x00000000f0000000, 0x00000000f6400000)
  from space 12800K,  12% used [0x00000000f7080000, 0x00000000f72117d0, 0x00000000f7d00000)
  to   space 12800K,   0% used [0x00000000f6400000, 0x00000000f6400000, 0x00000000f7080000)
 concurrent mark-sweep generation total 134144K, used 45584K [0x00000000f7d00000, 0x0000000100000000, 0x0000000100000000)
 Metaspace       used 65109K, capacity 69770K, committed 69888K, reserved 1110016K
  class space    used 8392K, capacity 9186K, committed 9216K, reserved 1048576K
}
{Heap before GC invocations=521 (full 0):
 par new generation   total 115200K, used 104005K [0x00000000f0000000, 0x00000000f7d00000, 0x00000000f7d00000)
  eden space 102400K, 100% used [0x00000000f0000000, 0x00000000f6400000, 0x00000000f6400000)
  from space 12800K,  12% used [0x00000000f7080000, 0x00000000f72117d0, 0x00000000f7d00000)
  to   space 12800K,   0% used [0x00000000f6400000, 0x00000000f6400000, 0x00000000f7080000)
 concurrent mark-sweep generation total 134144K, used 45584K [0x00000000f7d00000, 0x0000000100000000, 0x0000000100000000)
 Metaspace       used 65109K, capacity 69770K, committed 69888K, reserved 1110016K
  class space    used 8392K, capacity 9186K, committed 9216K, reserved 1048576K
2022-09-12T02:05:03.295+0800: 278.072: [GC (Allocation Failure)  149590K->47282K(249344K), 0.0041161 secs]
Heap after GC invocations=522 (full 0):
 par new generation   total 115200K, used 1678K [0x00000000f0000000, 0x00000000f7d00000, 0x00000000f7d00000)
  eden space 102400K,   0% used [0x00000000f0000000, 0x00000000f0000000, 0x00000000f6400000)
  from space 12800K,  13% used [0x00000000f6400000, 0x00000000f65a3938, 0x00000000f7080000)
  to   space 12800K,   0% used [0x00000000f7080000, 0x00000000f7080000, 0x00000000f7d00000)
 concurrent mark-sweep generation total 134144K, used 45603K [0x00000000f7d00000, 0x0000000100000000, 0x0000000100000000)
 Metaspace       used 65109K, capacity 69770K, committed 69888K, reserved 1110016K
  class space    used 8392K, capacity 9186K, committed 9216K, reserved 1048576K
}
{Heap before GC invocations=522 (full 0):
 par new generation   total 115200K, used 104078K [0x00000000f0000000, 0x00000000f7d00000, 0x00000000f7d00000)
  eden space 102400K, 100% used [0x00000000f0000000, 0x00000000f6400000, 0x00000000f6400000)
  from space 12800K,  13% used [0x00000000f6400000, 0x00000000f65a3938, 0x00000000f7080000)
  to   space 12800K,   0% used [0x00000000f7080000, 0x00000000f7080000, 0x00000000f7d00000)
 concurrent mark-sweep generation total 134144K, used 45603K [0x00000000f7d00000, 0x0000000100000000, 0x0000000100000000)
 Metaspace       used 65109K, capacity 69770K, committed 69888K, reserved 1110016K
  class space    used 8392K, capacity 9186K, committed 9216K, reserved 1048576K
2022-09-12T02:05:03.643+0800: 278.420: [GC (Allocation Failure)  149682K->46817K(249344K), 0.0040220 secs]
Heap after GC invocations=523 (full 0):
 par new generation   total 115200K, used 1202K [0x00000000f0000000, 0x00000000f7d00000, 0x00000000f7d00000)
  eden space 102400K,   0% used [0x00000000f0000000, 0x00000000f0000000, 0x00000000f6400000)
  from space 12800K,   9% used [0x00000000f7080000, 0x00000000f71aca40, 0x00000000f7d00000)
  to   space 12800K,   0% used [0x00000000f6400000, 0x00000000f6400000, 0x00000000f7080000)
 concurrent mark-sweep generation total 134144K, used 45615K [0x00000000f7d00000, 0x0000000100000000, 0x0000000100000000)
 Metaspace       used 65109K, capacity 69770K, committed 69888K, reserved 1110016K
  class space    used 8392K, capacity 9186K, committed 9216K, reserved 1048576K
}
{Heap before GC invocations=523 (full 0):
 par new generation   total 115200K, used 103602K [0x00000000f0000000, 0x00000000f7d00000, 0x00000000f7d00000)
  eden space 102400K, 100% used [0x00000000f0000000, 0x00000000f6400000, 0x00000000f6400000)
  from space 12800K,   9% used [0x00000000f7080000, 0x00000000f71aca40, 0x00000000f7d00000)
  to   space 12800K,   0% used [0x00000000f6400000, 0x00000000f6400000, 0x00000000f7080000)
 concurrent mark-sweep generation total 134144K, used 45615K [0x00000000f7d00000, 0x0000000100000000, 0x0000000100000000)
 Metaspace       used 65109K, capacity 69770K, committed 69888K, reserved 1110016K
  class space    used 8392K, capacity 9186K, committed 9216K, reserved 1048576K
2022-09-12T02:05:03.992+0800: 278.769: [GC (Allocation Failure)  149217K->47148K(249344K), 0.0041113 secs]
Heap after GC invocations=524 (full 0):
 par new generation   total 115200K, used 1513K [0x00000000f0000000, 0x00000000f7d00000, 0x00000000f7d00000)
  eden space 102400K,   0% used [0x00000000f0000000, 0x00000000f0000000, 0x00000000f6400000)
  from space 12800K,  11% used [0x00000000f6400000, 0x00000000f657a6c8, 0x00000000f7080000)
  to   space 12800K,   0% used [0x00000000f7080000, 0x00000000f7080000, 0x00000000f7d00000)
 concurrent mark-sweep generation total 134144K, used 45634K [0x00000000f7d00000, 0x0000000100000000, 0x0000000100000000)
 Metaspace       used 65109K, capacity 69770K, committed 69888K, reserved 1110016K
  class space    used 8392K, capacity 9186K, committed 9216K, reserved 1048576K
}
{Heap before GC invocations=524 (full 0):
 par new generation   total 115200K, used 103913K [0x00000000f0000000, 0x00000000f7d00000, 0x00000000f7d00000)
  eden space 102400K, 100% used [0x00000000f0000000, 0x00000000f6400000, 0x00000000f6400000)
  from space 12800K,  11% used [0x00000000f6400000, 0x00000000f657a6c8, 0x00000000f7080000)
  to   space 12800K,   0% used [0x00000000f7080000, 0x00000000f7080000, 0x00000000f7d00000)
 concurrent mark-sweep generation total 134144K, used 45634K [0x00000000f7d00000, 0x0000000100000000, 0x0000000100000000)
 Metaspace       used 65109K, capacity 69770K, committed 69888K, reserved 1110016K
  class space    used 8392K, capacity 9186K, committed 9216K, reserved 1048576K
2022-09-12T02:05:04.341+0800: 279.119: [GC (Allocation Failure)  149548K->47288K(249344K), 0.0040556 secs]
Heap after GC invocations=525 (full 0):
 par new generation   total 115200K, used 1636K [0x00000000f0000000, 0x00000000f7d00000, 0x00000000f7d00000)
  eden space 102400K,   0% used [0x00000000f0000000, 0x00000000f0000000, 0x00000000f6400000)
  from space 12800K,  12% used [0x00000000f7080000, 0x00000000f7219100, 0x00000000f7d00000)
  to   space 12800K,   0% used [0x00000000f6400000, 0x00000000f6400000, 0x00000000f7080000)
 concurrent mark-sweep generation total 134144K, used 45652K [0x00000000f7d00000, 0x0000000100000000, 0x0000000100000000)
 Metaspace       used 65109K, capacity 69770K, committed 69888K, reserved 1110016K
  class space    used 8392K, capacity 9186K, committed 9216K, reserved 1048576K
}
{Heap before GC invocations=525 (full 0):
 par new generation   total 115200K, used 104036K [0x00000000f0000000, 0x00000000f7d00000, 0x00000000f7d00000)
  eden space 102400K, 100% used [0x00000000f0000000, 0x00000000f6400000, 0x00000000f6400000)
  from space 12800K,  12% used [0x00000000f7080000, 0x00000000f7219100, 0x00000000f7d00000)
  to   space 12800K,   0% used [0x00000000f6400000, 0x00000000f6400000, 0x00000000f7080000)
 concurrent mark-sweep generation total 134144K, used 45652K [0x00000000f7d00000, 0x0000000100000000, 0x0000000100000000)
 Metaspace       used 65109K, capacity 69770K, committed 69888K, reserved 1110016K
  class space    used 8392K, capacity 9186K, committed 9216K, reserved 1048576K
2022-09-12T02:05:04.692+0800: 279.469: [GC (Allocation Failure)  149688K->46841K(249344K), 0.0040361 secs]
Heap after GC invocations=526 (full 0):
 par new generation   total 115200K, used 1177K [0x00000000f0000000, 0x00000000f7d00000, 0x00000000f7d00000)
  eden space 102400K,   0% used [0x00000000f0000000, 0x00000000f0000000, 0x00000000f6400000)
  from space 12800K,   9% used [0x00000000f6400000, 0x00000000f65266c0, 0x00000000f7080000)
  to   space 12800K,   0% used [0x00000000f7080000, 0x00000000f7080000, 0x00000000f7d00000)
 concurrent mark-sweep generation total 134144K, used 45664K [0x00000000f7d00000, 0x0000000100000000, 0x0000000100000000)
 Metaspace       used 65109K, capacity 69770K, committed 69888K, reserved 1110016K
  class space    used 8392K, capacity 9186K, committed 9216K, reserved 1048576K
}
{Heap before GC invocations=526 (full 0):
 par new generation   total 115200K, used 103577K [0x00000000f0000000, 0x00000000f7d00000, 0x00000000f7d00000)
  eden space 102400K, 100% used [0x00000000f0000000, 0x00000000f6400000, 0x00000000f6400000)
  from space 12800K,   9% used [0x00000000f6400000, 0x00000000f65266c0, 0x00000000f7080000)
  to   space 12800K,   0% used [0x00000000f7080000, 0x00000000f7080000, 0x00000000f7d00000)
 concurrent mark-sweep generation total 134144K, used 45664K [0x00000000f7d00000, 0x0000000100000000, 0x0000000100000000)
 Metaspace       used 65109K, capacity 69770K, committed 69888K, reserved 1110016K
  class space    used 8392K, capacity 9186K, committed 9216K, reserved 1048576K
2022-09-12T02:05:05.041+0800: 279.818: [GC (Allocation Failure)  149241K->47223K(249344K), 0.0041099 secs]
Heap after GC invocations=527 (full 0):
 par new generation   total 115200K, used 1537K [0x00000000f0000000, 0x00000000f7d00000, 0x00000000f7d00000)
  eden space 102400K,   0% used [0x00000000f0000000, 0x00000000f0000000, 0x00000000f6400000)
  from space 12800K,  12% used [0x00000000f7080000, 0x00000000f7200778, 0x00000000f7d00000)
  to   space 12800K,   0% used [0x00000000f6400000, 0x00000000f6400000, 0x00000000f7080000)
 concurrent mark-sweep generation total 134144K, used 45685K [0x00000000f7d00000, 0x0000000100000000, 0x0000000100000000)
 Metaspace       used 65109K, capacity 69770K, committed 69888K, reserved 1110016K
  class space    used 8392K, capacity 9186K, committed 9216K, reserved 1048576K
}
{Heap before GC invocations=527 (full 0):
 par new generation   total 115200K, used 103937K [0x00000000f0000000, 0x00000000f7d00000, 0x00000000f7d00000)
  eden space 102400K, 100% used [0x00000000f0000000, 0x00000000f6400000, 0x00000000f6400000)
  from space 12800K,  12% used [0x00000000f7080000, 0x00000000f7200778, 0x00000000f7d00000)
  to   space 12800K,   0% used [0x00000000f6400000, 0x00000000f6400000, 0x00000000f7080000)
 concurrent mark-sweep generation total 134144K, used 45685K [0x00000000f7d00000, 0x0000000100000000, 0x0000000100000000)
 Metaspace       used 65109K, capacity 69770K, committed 69888K, reserved 1110016K
  class space    used 8392K, capacity 9186K, committed 9216K, reserved 1048576K
2022-09-12T02:05:05.389+0800: 280.166: [GC (Allocation Failure)  149623K->47376K(249344K), 0.0040102 secs]
Heap after GC invocations=528 (full 0):
 par new generation   total 115200K, used 1672K [0x00000000f0000000, 0x00000000f7d00000, 0x00000000f7d00000)
  eden space 102400K,   0% used [0x00000000f0000000, 0x00000000f0000000, 0x00000000f6400000)
  from space 12800K,  13% used [0x00000000f6400000, 0x00000000f65a2358, 0x00000000f7080000)
  to   space 12800K,   0% used [0x00000000f7080000, 0x00000000f7080000, 0x00000000f7d00000)
 concurrent mark-sweep generation total 134144K, used 45703K [0x00000000f7d00000, 0x0000000100000000, 0x0000000100000000)
 Metaspace       used 65109K, capacity 69770K, committed 69888K, reserved 1110016K
  class space    used 8392K, capacity 9186K, committed 9216K, reserved 1048576K
}
{Heap before GC invocations=528 (full 0):
 par new generation   total 115200K, used 104072K [0x00000000f0000000, 0x00000000f7d00000, 0x00000000f7d00000)
  eden space 102400K, 100% used [0x00000000f0000000, 0x00000000f6400000, 0x00000000f6400000)
  from space 12800K,  13% used [0x00000000f6400000, 0x00000000f65a2358, 0x00000000f7080000)
  to   space 12800K,   0% used [0x00000000f7080000, 0x00000000f7080000, 0x00000000f7d00000)
 concurrent mark-sweep generation total 134144K, used 45703K [0x00000000f7d00000, 0x0000000100000000, 0x0000000100000000)
 Metaspace       used 65109K, capacity 69770K, committed 69888K, reserved 1110016K
  class space    used 8392K, capacity 9186K, committed 9216K, reserved 1048576K
2022-09-12T02:05:05.736+0800: 280.513: [GC (Allocation Failure)  149776K->47037K(249344K), 0.0042258 secs]
Heap after GC invocations=529 (full 0):
 par new generation   total 115200K, used 1324K [0x00000000f0000000, 0x00000000f7d00000, 0x00000000f7d00000)
  eden space 102400K,   0% used [0x00000000f0000000, 0x00000000f0000000, 0x00000000f6400000)
  from space 12800K,  10% used [0x00000000f7080000, 0x00000000f71cb110, 0x00000000f7d00000)
  to   space 12800K,   0% used [0x00000000f6400000, 0x00000000f6400000, 0x00000000f7080000)
 concurrent mark-sweep generation total 134144K, used 45713K [0x00000000f7d00000, 0x0000000100000000, 0x0000000100000000)
 Metaspace       used 65109K, capacity 69770K, committed 69888K, reserved 1110016K
  class space    used 8392K, capacity 9186K, committed 9216K, reserved 1048576K
}
{Heap before GC invocations=529 (full 0):
 par new generation   total 115200K, used 103724K [0x00000000f0000000, 0x00000000f7d00000, 0x00000000f7d00000)
  eden space 102400K, 100% used [0x00000000f0000000, 0x00000000f6400000, 0x00000000f6400000)
  from space 12800K,  10% used [0x00000000f7080000, 0x00000000f71cb110, 0x00000000f7d00000)
  to   space 12800K,   0% used [0x00000000f6400000, 0x00000000f6400000, 0x00000000f7080000)
 concurrent mark-sweep generation total 134144K, used 45713K [0x00000000f7d00000, 0x0000000100000000, 0x0000000100000000)
 Metaspace       used 65109K, capacity 69770K, committed 69888K, reserved 1110016K
  class space    used 8392K, capacity 9186K, committed 9216K, reserved 1048576K
2022-09-12T02:05:06.097+0800: 280.874: [GC (Allocation Failure)  149437K->47049K(249344K), 0.0042248 secs]
Heap after GC invocations=530 (full 0):
 par new generation   total 115200K, used 1318K [0x00000000f0000000, 0x00000000f7d00000, 0x00000000f7d00000)
  eden space 102400K,   0% used [0x00000000f0000000, 0x00000000f0000000, 0x00000000f6400000)
  from space 12800K,  10% used [0x00000000f6400000, 0x00000000f6549ac0, 0x00000000f7080000)
  to   space 12800K,   0% used [0x00000000f7080000, 0x00000000f7080000, 0x00000000f7d00000)
 concurrent mark-sweep generation total 134144K, used 45730K [0x00000000f7d00000, 0x0000000100000000, 0x0000000100000000)
 Metaspace       used 65109K, capacity 69770K, committed 69888K, reserved 1110016K
  class space    used 8392K, capacity 9186K, committed 9216K, reserved 1048576K
}
{Heap before GC invocations=530 (full 0):
 par new generation   total 115200K, used 103718K [0x00000000f0000000, 0x00000000f7d00000, 0x00000000f7d00000)
  eden space 102400K, 100% used [0x00000000f0000000, 0x00000000f6400000, 0x00000000f6400000)
  from space 12800K,  10% used [0x00000000f6400000, 0x00000000f6549ac0, 0x00000000f7080000)
  to   space 12800K,   0% used [0x00000000f7080000, 0x00000000f7080000, 0x00000000f7d00000)
 concurrent mark-sweep generation total 134144K, used 45730K [0x00000000f7d00000, 0x0000000100000000, 0x0000000100000000)
 Metaspace       used 65109K, capacity 69770K, committed 69888K, reserved 1110016K
  class space    used 8392K, capacity 9186K, committed 9216K, reserved 1048576K
2022-09-12T02:05:06.445+0800: 281.222: [GC (Allocation Failure)  149449K->47370K(249344K), 0.0040991 secs]
Heap after GC invocations=531 (full 0):
 par new generation   total 115200K, used 1623K [0x00000000f0000000, 0x00000000f7d00000, 0x00000000f7d00000)
  eden space 102400K,   0% used [0x00000000f0000000, 0x00000000f0000000, 0x00000000f6400000)
  from space 12800K,  12% used [0x00000000f7080000, 0x00000000f7215eb0, 0x00000000f7d00000)
  to   space 12800K,   0% used [0x00000000f6400000, 0x00000000f6400000, 0x00000000f7080000)
 concurrent mark-sweep generation total 134144K, used 45746K [0x00000000f7d00000, 0x0000000100000000, 0x0000000100000000)
 Metaspace       used 65109K, capacity 69770K, committed 69888K, reserved 1110016K
  class space    used 8392K, capacity 9186K, committed 9216K, reserved 1048576K
}
{Heap before GC invocations=531 (full 0):
 par new generation   total 115200K, used 104023K [0x00000000f0000000, 0x00000000f7d00000, 0x00000000f7d00000)
  eden space 102400K, 100% used [0x00000000f0000000, 0x00000000f6400000, 0x00000000f6400000)
  from space 12800K,  12% used [0x00000000f7080000, 0x00000000f7215eb0, 0x00000000f7d00000)
  to   space 12800K,   0% used [0x00000000f6400000, 0x00000000f6400000, 0x00000000f7080000)
 concurrent mark-sweep generation total 134144K, used 45746K [0x00000000f7d00000, 0x0000000100000000, 0x0000000100000000)
 Metaspace       used 65109K, capacity 69770K, committed 69888K, reserved 1110016K
  class space    used 8392K, capacity 9186K, committed 9216K, reserved 1048576K
2022-09-12T02:05:06.793+0800: 281.571: [GC (Allocation Failure)  149770K->46936K(249344K), 0.0041208 secs]
Heap after GC invocations=532 (full 0):
 par new generation   total 115200K, used 1175K [0x00000000f0000000, 0x00000000f7d00000, 0x00000000f7d00000)
  eden space 102400K,   0% used [0x00000000f0000000, 0x00000000f0000000, 0x00000000f6400000)
  from space 12800K,   9% used [0x00000000f6400000, 0x00000000f6525e40, 0x00000000f7080000)
  to   space 12800K,   0% used [0x00000000f7080000, 0x00000000f7080000, 0x00000000f7d00000)
 concurrent mark-sweep generation total 134144K, used 45760K [0x00000000f7d00000, 0x0000000100000000, 0x0000000100000000)
 Metaspace       used 65109K, capacity 69770K, committed 69888K, reserved 1110016K
  class space    used 8392K, capacity 9186K, committed 9216K, reserved 1048576K
}
{Heap before GC invocations=532 (full 0):
 par new generation   total 115200K, used 103575K [0x00000000f0000000, 0x00000000f7d00000, 0x00000000f7d00000)
  eden space 102400K, 100% used [0x00000000f0000000, 0x00000000f6400000, 0x00000000f6400000)
  from space 12800K,   9% used [0x00000000f6400000, 0x00000000f6525e40, 0x00000000f7080000)
  to   space 12800K,   0% used [0x00000000f7080000, 0x00000000f7080000, 0x00000000f7d00000)
 concurrent mark-sweep generation total 134144K, used 45760K [0x00000000f7d00000, 0x0000000100000000, 0x0000000100000000)
 Metaspace       used 65109K, capacity 69770K, committed 69888K, reserved 1110016K
  class space    used 8392K, capacity 9186K, committed 9216K, reserved 1048576K
2022-09-12T02:05:07.141+0800: 281.918: [GC (Allocation Failure)  149336K->47303K(249344K), 0.0040841 secs]
Heap after GC invocations=533 (full 0):
 par new generation   total 115200K, used 1524K [0x00000000f0000000, 0x00000000f7d00000, 0x00000000f7d00000)
  eden space 102400K,   0% used [0x00000000f0000000, 0x00000000f0000000, 0x00000000f6400000)
  from space 12800K,  11% used [0x00000000f7080000, 0x00000000f71fd368, 0x00000000f7d00000)
  to   space 12800K,   0% used [0x00000000f6400000, 0x00000000f6400000, 0x00000000f7080000)
 concurrent mark-sweep generation total 134144K, used 45778K [0x00000000f7d00000, 0x0000000100000000, 0x0000000100000000)
 Metaspace       used 65109K, capacity 69770K, committed 69888K, reserved 1110016K
  class space    used 8392K, capacity 9186K, committed 9216K, reserved 1048576K
}
{Heap before GC invocations=533 (full 0):
 par new generation   total 115200K, used 103924K [0x00000000f0000000, 0x00000000f7d00000, 0x00000000f7d00000)
  eden space 102400K, 100% used [0x00000000f0000000, 0x00000000f6400000, 0x00000000f6400000)
  from space 12800K,  11% used [0x00000000f7080000, 0x00000000f71fd368, 0x00000000f7d00000)
  to   space 12800K,   0% used [0x00000000f6400000, 0x00000000f6400000, 0x00000000f7080000)
 concurrent mark-sweep generation total 134144K, used 45778K [0x00000000f7d00000, 0x0000000100000000, 0x0000000100000000)
 Metaspace       used 65109K, capacity 69770K, committed 69888K, reserved 1110016K
  class space    used 8392K, capacity 9186K, committed 9216K, reserved 1048576K
2022-09-12T02:05:07.491+0800: 282.269: [GC (Allocation Failure)  149703K->47460K(249344K), 0.0040217 secs]
Heap after GC invocations=534 (full 0):
 par new generation   total 115200K, used 1664K [0x00000000f0000000, 0x00000000f7d00000, 0x00000000f7d00000)
  eden space 102400K,   0% used [0x00000000f0000000, 0x00000000f0000000, 0x00000000f6400000)
  from space 12800K,  13% used [0x00000000f6400000, 0x00000000f65a0288, 0x00000000f7080000)
  to   space 12800K,   0% used [0x00000000f7080000, 0x00000000f7080000, 0x00000000f7d00000)
 concurrent mark-sweep generation total 134144K, used 45795K [0x00000000f7d00000, 0x0000000100000000, 0x0000000100000000)
 Metaspace       used 65109K, capacity 69770K, committed 69888K, reserved 1110016K
  class space    used 8392K, capacity 9186K, committed 9216K, reserved 1048576K
}
{Heap before GC invocations=534 (full 0):
 par new generation   total 115200K, used 104064K [0x00000000f0000000, 0x00000000f7d00000, 0x00000000f7d00000)
  eden space 102400K, 100% used [0x00000000f0000000, 0x00000000f6400000, 0x00000000f6400000)
  from space 12800K,  13% used [0x00000000f6400000, 0x00000000f65a0288, 0x00000000f7080000)
  to   space 12800K,   0% used [0x00000000f7080000, 0x00000000f7080000, 0x00000000f7d00000)
 concurrent mark-sweep generation total 134144K, used 45795K [0x00000000f7d00000, 0x0000000100000000, 0x0000000100000000)
 Metaspace       used 65109K, capacity 69770K, committed 69888K, reserved 1110016K
  class space    used 8392K, capacity 9186K, committed 9216K, reserved 1048576K
2022-09-12T02:05:07.839+0800: 282.616: [GC (Allocation Failure)  149860K->47141K(249344K), 0.0041158 secs]
Heap after GC invocations=535 (full 0):
 par new generation   total 115200K, used 1327K [0x00000000f0000000, 0x00000000f7d00000, 0x00000000f7d00000)
  eden space 102400K,   0% used [0x00000000f0000000, 0x00000000f0000000, 0x00000000f6400000)
  from space 12800K,  10% used [0x00000000f7080000, 0x00000000f71cbc50, 0x00000000f7d00000)
  to   space 12800K,   0% used [0x00000000f6400000, 0x00000000f6400000, 0x00000000f7080000)
 concurrent mark-sweep generation total 134144K, used 45814K [0x00000000f7d00000, 0x0000000100000000, 0x0000000100000000)
 Metaspace       used 65109K, capacity 69770K, committed 69888K, reserved 1110016K
  class space    used 8392K, capacity 9186K, committed 9216K, reserved 1048576K
}
{Heap before GC invocations=535 (full 0):
 par new generation   total 115200K, used 103727K [0x00000000f0000000, 0x00000000f7d00000, 0x00000000f7d00000)
  eden space 102400K, 100% used [0x00000000f0000000, 0x00000000f6400000, 0x00000000f6400000)
  from space 12800K,  10% used [0x00000000f7080000, 0x00000000f71cbc50, 0x00000000f7d00000)
  to   space 12800K,   0% used [0x00000000f6400000, 0x00000000f6400000, 0x00000000f7080000)
 concurrent mark-sweep generation total 134144K, used 45814K [0x00000000f7d00000, 0x0000000100000000, 0x0000000100000000)
 Metaspace       used 65109K, capacity 69770K, committed 69888K, reserved 1110016K
  class space    used 8392K, capacity 9186K, committed 9216K, reserved 1048576K
2022-09-12T02:05:08.190+0800: 282.967: [GC (Allocation Failure)  149541K->47354K(249344K), 0.0041331 secs]
Heap after GC invocations=536 (full 0):
 par new generation   total 115200K, used 1523K [0x00000000f0000000, 0x00000000f7d00000, 0x00000000f7d00000)
  eden space 102400K,   0% used [0x00000000f0000000, 0x00000000f0000000, 0x00000000f6400000)
  from space 12800K,  11% used [0x00000000f6400000, 0x00000000f657ce28, 0x00000000f7080000)
  to   space 12800K,   0% used [0x00000000f7080000, 0x00000000f7080000, 0x00000000f7d00000)
 concurrent mark-sweep generation total 134144K, used 45831K [0x00000000f7d00000, 0x0000000100000000, 0x0000000100000000)
 Metaspace       used 65109K, capacity 69770K, committed 69888K, reserved 1110016K
  class space    used 8392K, capacity 9186K, committed 9216K, reserved 1048576K
}
{Heap before GC invocations=536 (full 0):
 par new generation   total 115200K, used 103923K [0x00000000f0000000, 0x00000000f7d00000, 0x00000000f7d00000)
  eden space 102400K, 100% used [0x00000000f0000000, 0x00000000f6400000, 0x00000000f6400000)
  from space 12800K,  11% used [0x00000000f6400000, 0x00000000f657ce28, 0x00000000f7080000)
  to   space 12800K,   0% used [0x00000000f7080000, 0x00000000f7080000, 0x00000000f7d00000)
 concurrent mark-sweep generation total 134144K, used 45831K [0x00000000f7d00000, 0x0000000100000000, 0x0000000100000000)
 Metaspace       used 65109K, capacity 69770K, committed 69888K, reserved 1110016K
  class space    used 8392K, capacity 9186K, committed 9216K, reserved 1048576K
2022-09-12T02:05:08.539+0800: 283.316: [GC (Allocation Failure)  149754K->47244K(249344K), 0.0042139 secs]
Heap after GC invocations=537 (full 0):
 par new generation   total 115200K, used 1405K [0x00000000f0000000, 0x00000000f7d00000, 0x00000000f7d00000)
  eden space 102400K,   0% used [0x00000000f0000000, 0x00000000f0000000, 0x00000000f6400000)
  from space 12800K,  10% used [0x00000000f7080000, 0x00000000f71df7b0, 0x00000000f7d00000)
  to   space 12800K,   0% used [0x00000000f6400000, 0x00000000f6400000, 0x00000000f7080000)
 concurrent mark-sweep generation total 134144K, used 45838K [0x00000000f7d00000, 0x0000000100000000, 0x0000000100000000)
 Metaspace       used 65109K, capacity 69770K, committed 69888K, reserved 1110016K
  class space    used 8392K, capacity 9186K, committed 9216K, reserved 1048576K
}
{Heap before GC invocations=537 (full 0):
 par new generation   total 115200K, used 103805K [0x00000000f0000000, 0x00000000f7d00000, 0x00000000f7d00000)
  eden space 102400K, 100% used [0x00000000f0000000, 0x00000000f6400000, 0x00000000f6400000)
  from space 12800K,  10% used [0x00000000f7080000, 0x00000000f71df7b0, 0x00000000f7d00000)
  to   space 12800K,   0% used [0x00000000f6400000, 0x00000000f6400000, 0x00000000f7080000)
 concurrent mark-sweep generation total 134144K, used 45838K [0x00000000f7d00000, 0x0000000100000000, 0x0000000100000000)
 Metaspace       used 65109K, capacity 69770K, committed 69888K, reserved 1110016K
  class space    used 8392K, capacity 9186K, committed 9216K, reserved 1048576K
2022-09-12T02:05:08.887+0800: 283.664: [GC (Allocation Failure)  149644K->47567K(249344K), 0.0040934 secs]
Heap after GC invocations=538 (full 0):
 par new generation   total 115200K, used 1709K [0x00000000f0000000, 0x00000000f7d00000, 0x00000000f7d00000)
  eden space 102400K,   0% used [0x00000000f0000000, 0x00000000f0000000, 0x00000000f6400000)
  from space 12800K,  13% used [0x00000000f6400000, 0x00000000f65ab690, 0x00000000f7080000)
  to   space 12800K,   0% used [0x00000000f7080000, 0x00000000f7080000, 0x00000000f7d00000)
 concurrent mark-sweep generation total 134144K, used 45857K [0x00000000f7d00000, 0x0000000100000000, 0x0000000100000000)
 Metaspace       used 65109K, capacity 69770K, committed 69888K, reserved 1110016K
  class space    used 8392K, capacity 9186K, committed 9216K, reserved 1048576K
}
{Heap before GC invocations=538 (full 0):
 par new generation   total 115200K, used 104109K [0x00000000f0000000, 0x00000000f7d00000, 0x00000000f7d00000)
  eden space 102400K, 100% used [0x00000000f0000000, 0x00000000f6400000, 0x00000000f6400000)
  from space 12800K,  13% used [0x00000000f6400000, 0x00000000f65ab690, 0x00000000f7080000)
  to   space 12800K,   0% used [0x00000000f7080000, 0x00000000f7080000, 0x00000000f7d00000)
 concurrent mark-sweep generation total 134144K, used 45857K [0x00000000f7d00000, 0x0000000100000000, 0x0000000100000000)
 Metaspace       used 65109K, capacity 69770K, committed 69888K, reserved 1110016K
  class space    used 8392K, capacity 9186K, committed 9216K, reserved 1048576K
2022-09-12T02:05:09.236+0800: 284.013: [GC (Allocation Failure)  149967K->46936K(249344K), 0.0041397 secs]
Heap after GC invocations=539 (full 0):
 par new generation   total 115200K, used 1060K [0x00000000f0000000, 0x00000000f7d00000, 0x00000000f7d00000)
  eden space 102400K,   0% used [0x00000000f0000000, 0x00000000f0000000, 0x00000000f6400000)
  from space 12800K,   8% used [0x00000000f7080000, 0x00000000f7189318, 0x00000000f7d00000)
  to   space 12800K,   0% used [0x00000000f6400000, 0x00000000f6400000, 0x00000000f7080000)
 concurrent mark-sweep generation total 134144K, used 45875K [0x00000000f7d00000, 0x0000000100000000, 0x0000000100000000)
 Metaspace       used 65109K, capacity 69770K, committed 69888K, reserved 1110016K
  class space    used 8392K, capacity 9186K, committed 9216K, reserved 1048576K
}
{Heap before GC invocations=539 (full 0):
 par new generation   total 115200K, used 103460K [0x00000000f0000000, 0x00000000f7d00000, 0x00000000f7d00000)
  eden space 102400K, 100% used [0x00000000f0000000, 0x00000000f6400000, 0x00000000f6400000)
  from space 12800K,   8% used [0x00000000f7080000, 0x00000000f7189318, 0x00000000f7d00000)
  to   space 12800K,   0% used [0x00000000f6400000, 0x00000000f6400000, 0x00000000f7080000)
 concurrent mark-sweep generation total 134144K, used 45875K [0x00000000f7d00000, 0x0000000100000000, 0x0000000100000000)
 Metaspace       used 65109K, capacity 69770K, committed 69888K, reserved 1110016K
  class space    used 8392K, capacity 9186K, committed 9216K, reserved 1048576K
2022-09-12T02:05:09.584+0800: 284.362: [GC (Allocation Failure)  149336K->47399K(249344K), 0.0041200 secs]
Heap after GC invocations=540 (full 0):
 par new generation   total 115200K, used 1509K [0x00000000f0000000, 0x00000000f7d00000, 0x00000000f7d00000)
  eden space 102400K,   0% used [0x00000000f0000000, 0x00000000f0000000, 0x00000000f6400000)
  from space 12800K,  11% used [0x00000000f6400000, 0x00000000f6579580, 0x00000000f7080000)
  to   space 12800K,   0% used [0x00000000f7080000, 0x00000000f7080000, 0x00000000f7d00000)
 concurrent mark-sweep generation total 134144K, used 45889K [0x00000000f7d00000, 0x0000000100000000, 0x0000000100000000)
 Metaspace       used 65109K, capacity 69770K, committed 69888K, reserved 1110016K
  class space    used 8392K, capacity 9186K, committed 9216K, reserved 1048576K
}
{Heap before GC invocations=540 (full 0):
 par new generation   total 115200K, used 103909K [0x00000000f0000000, 0x00000000f7d00000, 0x00000000f7d00000)
  eden space 102400K, 100% used [0x00000000f0000000, 0x00000000f6400000, 0x00000000f6400000)
  from space 12800K,  11% used [0x00000000f6400000, 0x00000000f6579580, 0x00000000f7080000)
  to   space 12800K,   0% used [0x00000000f7080000, 0x00000000f7080000, 0x00000000f7d00000)
 concurrent mark-sweep generation total 134144K, used 45889K [0x00000000f7d00000, 0x0000000100000000, 0x0000000100000000)
 Metaspace       used 65109K, capacity 69770K, committed 69888K, reserved 1110016K
  class space    used 8392K, capacity 9186K, committed 9216K, reserved 1048576K
2022-09-12T02:05:09.944+0800: 284.721: [GC (Allocation Failure)  149799K->47538K(249344K), 0.0041842 secs]
Heap after GC invocations=541 (full 0):
 par new generation   total 115200K, used 1634K [0x00000000f0000000, 0x00000000f7d00000, 0x00000000f7d00000)
  eden space 102400K,   0% used [0x00000000f0000000, 0x00000000f0000000, 0x00000000f6400000)
  from space 12800K,  12% used [0x00000000f7080000, 0x00000000f7218ae0, 0x00000000f7d00000)
  to   space 12800K,   0% used [0x00000000f6400000, 0x00000000f6400000, 0x00000000f7080000)
 concurrent mark-sweep generation total 134144K, used 45903K [0x00000000f7d00000, 0x0000000100000000, 0x0000000100000000)
 Metaspace       used 65109K, capacity 69770K, committed 69888K, reserved 1110016K
  class space    used 8392K, capacity 9186K, committed 9216K, reserved 1048576K
}
{Heap before GC invocations=541 (full 0):
 par new generation   total 115200K, used 104034K [0x00000000f0000000, 0x00000000f7d00000, 0x00000000f7d00000)
  eden space 102400K, 100% used [0x00000000f0000000, 0x00000000f6400000, 0x00000000f6400000)
  from space 12800K,  12% used [0x00000000f7080000, 0x00000000f7218ae0, 0x00000000f7d00000)
  to   space 12800K,   0% used [0x00000000f6400000, 0x00000000f6400000, 0x00000000f7080000)
 concurrent mark-sweep generation total 134144K, used 45903K [0x00000000f7d00000, 0x0000000100000000, 0x0000000100000000)
 Metaspace       used 65109K, capacity 69770K, committed 69888K, reserved 1110016K
  class space    used 8392K, capacity 9186K, committed 9216K, reserved 1048576K
2022-09-12T02:05:10.293+0800: 285.070: [GC (Allocation Failure)  149938K->47263K(249344K), 0.0041492 secs]
Heap after GC invocations=542 (full 0):
 par new generation   total 115200K, used 1339K [0x00000000f0000000, 0x00000000f7d00000, 0x00000000f7d00000)
  eden space 102400K,   0% used [0x00000000f0000000, 0x00000000f0000000, 0x00000000f6400000)
  from space 12800K,  10% used [0x00000000f6400000, 0x00000000f654eea8, 0x00000000f7080000)
  to   space 12800K,   0% used [0x00000000f7080000, 0x00000000f7080000, 0x00000000f7d00000)
 concurrent mark-sweep generation total 134144K, used 45924K [0x00000000f7d00000, 0x0000000100000000, 0x0000000100000000)
 Metaspace       used 65109K, capacity 69770K, committed 69888K, reserved 1110016K
  class space    used 8392K, capacity 9186K, committed 9216K, reserved 1048576K
}
{Heap before GC invocations=542 (full 0):
 par new generation   total 115200K, used 103739K [0x00000000f0000000, 0x00000000f7d00000, 0x00000000f7d00000)
  eden space 102400K, 100% used [0x00000000f0000000, 0x00000000f6400000, 0x00000000f6400000)
  from space 12800K,  10% used [0x00000000f6400000, 0x00000000f654eea8, 0x00000000f7080000)
  to   space 12800K,   0% used [0x00000000f7080000, 0x00000000f7080000, 0x00000000f7d00000)
 concurrent mark-sweep generation total 134144K, used 45924K [0x00000000f7d00000, 0x0000000100000000, 0x0000000100000000)
 Metaspace       used 65109K, capacity 69770K, committed 69888K, reserved 1110016K
  class space    used 8392K, capacity 9186K, committed 9216K, reserved 1048576K
2022-09-12T02:05:10.640+0800: 285.418: [GC (Allocation Failure)  149663K->47444K(249344K), 0.0040550 secs]
Heap after GC invocations=543 (full 0):
 par new generation   total 115200K, used 1500K [0x00000000f0000000, 0x00000000f7d00000, 0x00000000f7d00000)
  eden space 102400K,   0% used [0x00000000f0000000, 0x00000000f0000000, 0x00000000f6400000)
  from space 12800K,  11% used [0x00000000f7080000, 0x00000000f71f72f0, 0x00000000f7d00000)
  to   space 12800K,   0% used [0x00000000f6400000, 0x00000000f6400000, 0x00000000f7080000)
 concurrent mark-sweep generation total 134144K, used 45943K [0x00000000f7d00000, 0x0000000100000000, 0x0000000100000000)
 Metaspace       used 65109K, capacity 69770K, committed 69888K, reserved 1110016K
  class space    used 8392K, capacity 9186K, committed 9216K, reserved 1048576K
}
{Heap before GC invocations=543 (full 0):
 par new generation   total 115200K, used 103900K [0x00000000f0000000, 0x00000000f7d00000, 0x00000000f7d00000)
  eden space 102400K, 100% used [0x00000000f0000000, 0x00000000f6400000, 0x00000000f6400000)
  from space 12800K,  11% used [0x00000000f7080000, 0x00000000f71f72f0, 0x00000000f7d00000)
  to   space 12800K,   0% used [0x00000000f6400000, 0x00000000f6400000, 0x00000000f7080000)
 concurrent mark-sweep generation total 134144K, used 45943K [0x00000000f7d00000, 0x0000000100000000, 0x0000000100000000)
 Metaspace       used 65109K, capacity 69770K, committed 69888K, reserved 1110016K
  class space    used 8392K, capacity 9186K, committed 9216K, reserved 1048576K
2022-09-12T02:05:10.988+0800: 285.766: [GC (Allocation Failure)  149844K->47625K(249344K), 0.0041201 secs]
Heap after GC invocations=544 (full 0):
 par new generation   total 115200K, used 1667K [0x00000000f0000000, 0x00000000f7d00000, 0x00000000f7d00000)
  eden space 102400K,   0% used [0x00000000f0000000, 0x00000000f0000000, 0x00000000f6400000)
  from space 12800K,  13% used [0x00000000f6400000, 0x00000000f65a0f00, 0x00000000f7080000)
  to   space 12800K,   0% used [0x00000000f7080000, 0x00000000f7080000, 0x00000000f7d00000)
 concurrent mark-sweep generation total 134144K, used 45957K [0x00000000f7d00000, 0x0000000100000000, 0x0000000100000000)
 Metaspace       used 65109K, capacity 69770K, committed 69888K, reserved 1110016K
  class space    used 8392K, capacity 9186K, committed 9216K, reserved 1048576K
}
{Heap before GC invocations=544 (full 0):
 par new generation   total 115200K, used 104067K [0x00000000f0000000, 0x00000000f7d00000, 0x00000000f7d00000)
  eden space 102400K, 100% used [0x00000000f0000000, 0x00000000f6400000, 0x00000000f6400000)
  from space 12800K,  13% used [0x00000000f6400000, 0x00000000f65a0f00, 0x00000000f7080000)
  to   space 12800K,   0% used [0x00000000f7080000, 0x00000000f7080000, 0x00000000f7d00000)
 concurrent mark-sweep generation total 134144K, used 45957K [0x00000000f7d00000, 0x0000000100000000, 0x0000000100000000)
 Metaspace       used 65109K, capacity 69770K, committed 69888K, reserved 1110016K
  class space    used 8392K, capacity 9186K, committed 9216K, reserved 1048576K
2022-09-12T02:05:11.340+0800: 286.117: [GC (Allocation Failure)  150025K->47176K(249344K), 0.0044924 secs]
Heap after GC invocations=545 (full 0):
 par new generation   total 115200K, used 1207K [0x00000000f0000000, 0x00000000f7d00000, 0x00000000f7d00000)
  eden space 102400K,   0% used [0x00000000f0000000, 0x00000000f0000000, 0x00000000f6400000)
  from space 12800K,   9% used [0x00000000f7080000, 0x00000000f71ade00, 0x00000000f7d00000)
  to   space 12800K,   0% used [0x00000000f6400000, 0x00000000f6400000, 0x00000000f7080000)
 concurrent mark-sweep generation total 134144K, used 45968K [0x00000000f7d00000, 0x0000000100000000, 0x0000000100000000)
 Metaspace       used 65109K, capacity 69770K, committed 69888K, reserved 1110016K
  class space    used 8392K, capacity 9186K, committed 9216K, reserved 1048576K
}
{Heap before GC invocations=545 (full 0):
 par new generation   total 115200K, used 103607K [0x00000000f0000000, 0x00000000f7d00000, 0x00000000f7d00000)
  eden space 102400K, 100% used [0x00000000f0000000, 0x00000000f6400000, 0x00000000f6400000)
  from space 12800K,   9% used [0x00000000f7080000, 0x00000000f71ade00, 0x00000000f7d00000)
  to   space 12800K,   0% used [0x00000000f6400000, 0x00000000f6400000, 0x00000000f7080000)
 concurrent mark-sweep generation total 134144K, used 45968K [0x00000000f7d00000, 0x0000000100000000, 0x0000000100000000)
 Metaspace       used 65109K, capacity 69770K, committed 69888K, reserved 1110016K
  class space    used 8392K, capacity 9186K, committed 9216K, reserved 1048576K
2022-09-12T02:05:11.688+0800: 286.466: [GC (Allocation Failure)  149576K->47473K(249344K), 0.0041837 secs]
Heap after GC invocations=546 (full 0):
 par new generation   total 115200K, used 1488K [0x00000000f0000000, 0x00000000f7d00000, 0x00000000f7d00000)
  eden space 102400K,   0% used [0x00000000f0000000, 0x00000000f0000000, 0x00000000f6400000)
  from space 12800K,  11% used [0x00000000f6400000, 0x00000000f65740d8, 0x00000000f7080000)
  to   space 12800K,   0% used [0x00000000f7080000, 0x00000000f7080000, 0x00000000f7d00000)
 concurrent mark-sweep generation total 134144K, used 45985K [0x00000000f7d00000, 0x0000000100000000, 0x0000000100000000)
 Metaspace       used 65109K, capacity 69770K, committed 69888K, reserved 1110016K
  class space    used 8392K, capacity 9186K, committed 9216K, reserved 1048576K
}
{Heap before GC invocations=546 (full 0):
 par new generation   total 115200K, used 103888K [0x00000000f0000000, 0x00000000f7d00000, 0x00000000f7d00000)
  eden space 102400K, 100% used [0x00000000f0000000, 0x00000000f6400000, 0x00000000f6400000)
  from space 12800K,  11% used [0x00000000f6400000, 0x00000000f65740d8, 0x00000000f7080000)
  to   space 12800K,   0% used [0x00000000f7080000, 0x00000000f7080000, 0x00000000f7d00000)
 concurrent mark-sweep generation total 134144K, used 45985K [0x00000000f7d00000, 0x0000000100000000, 0x0000000100000000)
 Metaspace       used 65109K, capacity 69770K, committed 69888K, reserved 1110016K
  class space    used 8392K, capacity 9186K, committed 9216K, reserved 1048576K
2022-09-12T02:05:12.043+0800: 286.821: [GC (Allocation Failure)  149873K->47635K(249344K), 0.0041235 secs]
Heap after GC invocations=547 (full 0):
 par new generation   total 115200K, used 1631K [0x00000000f0000000, 0x00000000f7d00000, 0x00000000f7d00000)
  eden space 102400K,   0% used [0x00000000f0000000, 0x00000000f0000000, 0x00000000f6400000)
  from space 12800K,  12% used [0x00000000f7080000, 0x00000000f7217e68, 0x00000000f7d00000)
  to   space 12800K,   0% used [0x00000000f6400000, 0x00000000f6400000, 0x00000000f7080000)
 concurrent mark-sweep generation total 134144K, used 46003K [0x00000000f7d00000, 0x0000000100000000, 0x0000000100000000)
 Metaspace       used 65109K, capacity 69770K, committed 69888K, reserved 1110016K
  class space    used 8392K, capacity 9186K, committed 9216K, reserved 1048576K
}
{Heap before GC invocations=547 (full 0):
 par new generation   total 115200K, used 104031K [0x00000000f0000000, 0x00000000f7d00000, 0x00000000f7d00000)
  eden space 102400K, 100% used [0x00000000f0000000, 0x00000000f6400000, 0x00000000f6400000)
  from space 12800K,  12% used [0x00000000f7080000, 0x00000000f7217e68, 0x00000000f7d00000)
  to   space 12800K,   0% used [0x00000000f6400000, 0x00000000f6400000, 0x00000000f7080000)
 concurrent mark-sweep generation total 134144K, used 46003K [0x00000000f7d00000, 0x0000000100000000, 0x0000000100000000)
 Metaspace       used 65109K, capacity 69770K, committed 69888K, reserved 1110016K
  class space    used 8392K, capacity 9186K, committed 9216K, reserved 1048576K
2022-09-12T02:05:12.394+0800: 287.171: [GC (Allocation Failure)  150035K->47197K(249344K), 0.0041115 secs]
Heap after GC invocations=548 (full 0):
 par new generation   total 115200K, used 1178K [0x00000000f0000000, 0x00000000f7d00000, 0x00000000f7d00000)
  eden space 102400K,   0% used [0x00000000f0000000, 0x00000000f0000000, 0x00000000f6400000)
  from space 12800K,   9% used [0x00000000f6400000, 0x00000000f6526900, 0x00000000f7080000)
  to   space 12800K,   0% used [0x00000000f7080000, 0x00000000f7080000, 0x00000000f7d00000)
 concurrent mark-sweep generation total 134144K, used 46018K [0x00000000f7d00000, 0x0000000100000000, 0x0000000100000000)
 Metaspace       used 65109K, capacity 69770K, committed 69888K, reserved 1110016K
  class space    used 8392K, capacity 9186K, committed 9216K, reserved 1048576K
}
{Heap before GC invocations=548 (full 0):
 par new generation   total 115200K, used 103578K [0x00000000f0000000, 0x00000000f7d00000, 0x00000000f7d00000)
  eden space 102400K, 100% used [0x00000000f0000000, 0x00000000f6400000, 0x00000000f6400000)
  from space 12800K,   9% used [0x00000000f6400000, 0x00000000f6526900, 0x00000000f7080000)
  to   space 12800K,   0% used [0x00000000f7080000, 0x00000000f7080000, 0x00000000f7d00000)
 concurrent mark-sweep generation total 134144K, used 46018K [0x00000000f7d00000, 0x0000000100000000, 0x0000000100000000)
 Metaspace       used 65109K, capacity 69770K, committed 69888K, reserved 1110016K
  class space    used 8392K, capacity 9186K, committed 9216K, reserved 1048576K
2022-09-12T02:05:12.743+0800: 287.520: [GC (Allocation Failure)  149597K->47556K(249344K), 0.0042160 secs]
Heap after GC invocations=549 (full 0):
 par new generation   total 115200K, used 1524K [0x00000000f0000000, 0x00000000f7d00000, 0x00000000f7d00000)
  eden space 102400K,   0% used [0x00000000f0000000, 0x00000000f0000000, 0x00000000f6400000)
  from space 12800K,  11% used [0x00000000f7080000, 0x00000000f71fd250, 0x00000000f7d00000)
  to   space 12800K,   0% used [0x00000000f6400000, 0x00000000f6400000, 0x00000000f7080000)
 concurrent mark-sweep generation total 134144K, used 46031K [0x00000000f7d00000, 0x0000000100000000, 0x0000000100000000)
 Metaspace       used 65109K, capacity 69770K, committed 69888K, reserved 1110016K
  class space    used 8392K, capacity 9186K, committed 9216K, reserved 1048576K
}
{Heap before GC invocations=549 (full 0):
 par new generation   total 115200K, used 103924K [0x00000000f0000000, 0x00000000f7d00000, 0x00000000f7d00000)
  eden space 102400K, 100% used [0x00000000f0000000, 0x00000000f6400000, 0x00000000f6400000)
  from space 12800K,  11% used [0x00000000f7080000, 0x00000000f71fd250, 0x00000000f7d00000)
  to   space 12800K,   0% used [0x00000000f6400000, 0x00000000f6400000, 0x00000000f7080000)
 concurrent mark-sweep generation total 134144K, used 46031K [0x00000000f7d00000, 0x0000000100000000, 0x0000000100000000)
 Metaspace       used 65109K, capacity 69770K, committed 69888K, reserved 1110016K
  class space    used 8392K, capacity 9186K, committed 9216K, reserved 1048576K
2022-09-12T02:05:13.092+0800: 287.869: [GC (Allocation Failure)  149956K->47712K(249344K), 0.0041696 secs]
Heap after GC invocations=550 (full 0):
 par new generation   total 115200K, used 1660K [0x00000000f0000000, 0x00000000f7d00000, 0x00000000f7d00000)
  eden space 102400K,   0% used [0x00000000f0000000, 0x00000000f0000000, 0x00000000f6400000)
  from space 12800K,  12% used [0x00000000f6400000, 0x00000000f659f300, 0x00000000f7080000)
  to   space 12800K,   0% used [0x00000000f7080000, 0x00000000f7080000, 0x00000000f7d00000)
 concurrent mark-sweep generation total 134144K, used 46051K [0x00000000f7d00000, 0x0000000100000000, 0x0000000100000000)
 Metaspace       used 65109K, capacity 69770K, committed 69888K, reserved 1110016K
  class space    used 8392K, capacity 9186K, committed 9216K, reserved 1048576K
}
{Heap before GC invocations=550 (full 0):
 par new generation   total 115200K, used 104060K [0x00000000f0000000, 0x00000000f7d00000, 0x00000000f7d00000)
  eden space 102400K, 100% used [0x00000000f0000000, 0x00000000f6400000, 0x00000000f6400000)
  from space 12800K,  12% used [0x00000000f6400000, 0x00000000f659f300, 0x00000000f7080000)
  to   space 12800K,   0% used [0x00000000f7080000, 0x00000000f7080000, 0x00000000f7d00000)
 concurrent mark-sweep generation total 134144K, used 46051K [0x00000000f7d00000, 0x0000000100000000, 0x0000000100000000)
 Metaspace       used 65109K, capacity 69770K, committed 69888K, reserved 1110016K
  class space    used 8392K, capacity 9186K, committed 9216K, reserved 1048576K
2022-09-12T02:05:13.441+0800: 288.218: [GC (Allocation Failure)  150112K->47268K(249344K), 0.0042799 secs]
Heap after GC invocations=551 (full 0):
 par new generation   total 115200K, used 1197K [0x00000000f0000000, 0x00000000f7d00000, 0x00000000f7d00000)
  eden space 102400K,   0% used [0x00000000f0000000, 0x00000000f0000000, 0x00000000f6400000)
  from space 12800K,   9% used [0x00000000f7080000, 0x00000000f71ab740, 0x00000000f7d00000)
  to   space 12800K,   0% used [0x00000000f6400000, 0x00000000f6400000, 0x00000000f7080000)
 concurrent mark-sweep generation total 134144K, used 46070K [0x00000000f7d00000, 0x0000000100000000, 0x0000000100000000)
 Metaspace       used 65109K, capacity 69770K, committed 69888K, reserved 1110016K
  class space    used 8392K, capacity 9186K, committed 9216K, reserved 1048576K
}
{Heap before GC invocations=551 (full 0):
 par new generation   total 115200K, used 103597K [0x00000000f0000000, 0x00000000f7d00000, 0x00000000f7d00000)
  eden space 102400K, 100% used [0x00000000f0000000, 0x00000000f6400000, 0x00000000f6400000)
  from space 12800K,   9% used [0x00000000f7080000, 0x00000000f71ab740, 0x00000000f7d00000)
  to   space 12800K,   0% used [0x00000000f6400000, 0x00000000f6400000, 0x00000000f7080000)
 concurrent mark-sweep generation total 134144K, used 46070K [0x00000000f7d00000, 0x0000000100000000, 0x0000000100000000)
 Metaspace       used 65109K, capacity 69770K, committed 69888K, reserved 1110016K
  class space    used 8392K, capacity 9186K, committed 9216K, reserved 1048576K
2022-09-12T02:05:13.802+0800: 288.580: [GC (Allocation Failure)  149668K->47630K(249344K), 0.0040376 secs]
Heap after GC invocations=552 (full 0):
 par new generation   total 115200K, used 1543K [0x00000000f0000000, 0x00000000f7d00000, 0x00000000f7d00000)
  eden space 102400K,   0% used [0x00000000f0000000, 0x00000000f0000000, 0x00000000f6400000)
  from space 12800K,  12% used [0x00000000f6400000, 0x00000000f6581c40, 0x00000000f7080000)
  to   space 12800K,   0% used [0x00000000f7080000, 0x00000000f7080000, 0x00000000f7d00000)
 concurrent mark-sweep generation total 134144K, used 46087K [0x00000000f7d00000, 0x0000000100000000, 0x0000000100000000)
 Metaspace       used 65109K, capacity 69770K, committed 69888K, reserved 1110016K
  class space    used 8392K, capacity 9186K, committed 9216K, reserved 1048576K
}
{Heap before GC invocations=552 (full 0):
 par new generation   total 115200K, used 103943K [0x00000000f0000000, 0x00000000f7d00000, 0x00000000f7d00000)
  eden space 102400K, 100% used [0x00000000f0000000, 0x00000000f6400000, 0x00000000f6400000)
  from space 12800K,  12% used [0x00000000f6400000, 0x00000000f6581c40, 0x00000000f7080000)
  to   space 12800K,   0% used [0x00000000f7080000, 0x00000000f7080000, 0x00000000f7d00000)
 concurrent mark-sweep generation total 134144K, used 46087K [0x00000000f7d00000, 0x0000000100000000, 0x0000000100000000)
 Metaspace       used 65109K, capacity 69770K, committed 69888K, reserved 1110016K
  class space    used 8392K, capacity 9186K, committed 9216K, reserved 1048576K
2022-09-12T02:05:14.153+0800: 288.931: [GC (Allocation Failure)  150030K->47744K(249344K), 0.0039305 secs]
Heap after GC invocations=553 (full 0):
 par new generation   total 115200K, used 1646K [0x00000000f0000000, 0x00000000f7d00000, 0x00000000f7d00000)
  eden space 102400K,   0% used [0x00000000f0000000, 0x00000000f0000000, 0x00000000f6400000)
  from space 12800K,  12% used [0x00000000f7080000, 0x00000000f721ba20, 0x00000000f7d00000)
  to   space 12800K,   0% used [0x00000000f6400000, 0x00000000f6400000, 0x00000000f7080000)
 concurrent mark-sweep generation total 134144K, used 46097K [0x00000000f7d00000, 0x0000000100000000, 0x0000000100000000)
 Metaspace       used 65109K, capacity 69770K, committed 69888K, reserved 1110016K
  class space    used 8392K, capacity 9186K, committed 9216K, reserved 1048576K
}
{Heap before GC invocations=553 (full 0):
 par new generation   total 115200K, used 104046K [0x00000000f0000000, 0x00000000f7d00000, 0x00000000f7d00000)
  eden space 102400K, 100% used [0x00000000f0000000, 0x00000000f6400000, 0x00000000f6400000)
  from space 12800K,  12% used [0x00000000f7080000, 0x00000000f721ba20, 0x00000000f7d00000)
  to   space 12800K,   0% used [0x00000000f6400000, 0x00000000f6400000, 0x00000000f7080000)
 concurrent mark-sweep generation total 134144K, used 46097K [0x00000000f7d00000, 0x0000000100000000, 0x0000000100000000)
 Metaspace       used 65109K, capacity 69770K, committed 69888K, reserved 1110016K
  class space    used 8392K, capacity 9186K, committed 9216K, reserved 1048576K
2022-09-12T02:05:14.501+0800: 289.278: [GC (Allocation Failure)  150144K->47379K(249344K), 0.0041726 secs]
Heap after GC invocations=554 (full 0):
 par new generation   total 115200K, used 1261K [0x00000000f0000000, 0x00000000f7d00000, 0x00000000f7d00000)
  eden space 102400K,   0% used [0x00000000f0000000, 0x00000000f0000000, 0x00000000f6400000)
  from space 12800K,   9% used [0x00000000f6400000, 0x00000000f653b630, 0x00000000f7080000)
  to   space 12800K,   0% used [0x00000000f7080000, 0x00000000f7080000, 0x00000000f7d00000)
 concurrent mark-sweep generation total 134144K, used 46118K [0x00000000f7d00000, 0x0000000100000000, 0x0000000100000000)
 Metaspace       used 65109K, capacity 69770K, committed 69888K, reserved 1110016K
  class space    used 8392K, capacity 9186K, committed 9216K, reserved 1048576K
}
{Heap before GC invocations=554 (full 0):
 par new generation   total 115200K, used 103661K [0x00000000f0000000, 0x00000000f7d00000, 0x00000000f7d00000)
  eden space 102400K, 100% used [0x00000000f0000000, 0x00000000f6400000, 0x00000000f6400000)
  from space 12800K,   9% used [0x00000000f6400000, 0x00000000f653b630, 0x00000000f7080000)
  to   space 12800K,   0% used [0x00000000f7080000, 0x00000000f7080000, 0x00000000f7d00000)
 concurrent mark-sweep generation total 134144K, used 46118K [0x00000000f7d00000, 0x0000000100000000, 0x0000000100000000)
 Metaspace       used 65109K, capacity 69770K, committed 69888K, reserved 1110016K
  class space    used 8392K, capacity 9186K, committed 9216K, reserved 1048576K
2022-09-12T02:05:14.849+0800: 289.627: [GC (Allocation Failure)  149779K->47663K(249344K), 0.0041135 secs]
Heap after GC invocations=555 (full 0):
 par new generation   total 115200K, used 1525K [0x00000000f0000000, 0x00000000f7d00000, 0x00000000f7d00000)
  eden space 102400K,   0% used [0x00000000f0000000, 0x00000000f0000000, 0x00000000f6400000)
  from space 12800K,  11% used [0x00000000f7080000, 0x00000000f71fd720, 0x00000000f7d00000)
  to   space 12800K,   0% used [0x00000000f6400000, 0x00000000f6400000, 0x00000000f7080000)
 concurrent mark-sweep generation total 134144K, used 46137K [0x00000000f7d00000, 0x0000000100000000, 0x0000000100000000)
 Metaspace       used 65109K, capacity 69770K, committed 69888K, reserved 1110016K
  class space    used 8392K, capacity 9186K, committed 9216K, reserved 1048576K
}
{Heap before GC invocations=555 (full 0):
 par new generation   total 115200K, used 103925K [0x00000000f0000000, 0x00000000f7d00000, 0x00000000f7d00000)
  eden space 102400K, 100% used [0x00000000f0000000, 0x00000000f6400000, 0x00000000f6400000)
  from space 12800K,  11% used [0x00000000f7080000, 0x00000000f71fd720, 0x00000000f7d00000)
  to   space 12800K,   0% used [0x00000000f6400000, 0x00000000f6400000, 0x00000000f7080000)
 concurrent mark-sweep generation total 134144K, used 46137K [0x00000000f7d00000, 0x0000000100000000, 0x0000000100000000)
 Metaspace       used 65109K, capacity 69770K, committed 69888K, reserved 1110016K
  class space    used 8392K, capacity 9186K, committed 9216K, reserved 1048576K
2022-09-12T02:05:15.197+0800: 289.975: [GC (Allocation Failure)  150063K->47788K(249344K), 0.0040360 secs]
Heap after GC invocations=556 (full 0):
 par new generation   total 115200K, used 1640K [0x00000000f0000000, 0x00000000f7d00000, 0x00000000f7d00000)
  eden space 102400K,   0% used [0x00000000f0000000, 0x00000000f0000000, 0x00000000f6400000)
  from space 12800K,  12% used [0x00000000f6400000, 0x00000000f659a360, 0x00000000f7080000)
  to   space 12800K,   0% used [0x00000000f7080000, 0x00000000f7080000, 0x00000000f7d00000)
 concurrent mark-sweep generation total 134144K, used 46147K [0x00000000f7d00000, 0x0000000100000000, 0x0000000100000000)
 Metaspace       used 65109K, capacity 69770K, committed 69888K, reserved 1110016K
  class space    used 8392K, capacity 9186K, committed 9216K, reserved 1048576K
}
{Heap before GC invocations=556 (full 0):
 par new generation   total 115200K, used 104040K [0x00000000f0000000, 0x00000000f7d00000, 0x00000000f7d00000)
  eden space 102400K, 100% used [0x00000000f0000000, 0x00000000f6400000, 0x00000000f6400000)
  from space 12800K,  12% used [0x00000000f6400000, 0x00000000f659a360, 0x00000000f7080000)
  to   space 12800K,   0% used [0x00000000f7080000, 0x00000000f7080000, 0x00000000f7d00000)
 concurrent mark-sweep generation total 134144K, used 46147K [0x00000000f7d00000, 0x0000000100000000, 0x0000000100000000)
 Metaspace       used 65109K, capacity 69770K, committed 69888K, reserved 1110016K
  class space    used 8392K, capacity 9186K, committed 9216K, reserved 1048576K
2022-09-12T02:05:15.545+0800: 290.323: [GC (Allocation Failure)  150188K->47360K(249344K), 0.0040821 secs]
Heap after GC invocations=557 (full 0):
 par new generation   total 115200K, used 1196K [0x00000000f0000000, 0x00000000f7d00000, 0x00000000f7d00000)
  eden space 102400K,   0% used [0x00000000f0000000, 0x00000000f0000000, 0x00000000f6400000)
  from space 12800K,   9% used [0x00000000f7080000, 0x00000000f71ab280, 0x00000000f7d00000)
  to   space 12800K,   0% used [0x00000000f6400000, 0x00000000f6400000, 0x00000000f7080000)
 concurrent mark-sweep generation total 134144K, used 46164K [0x00000000f7d00000, 0x0000000100000000, 0x0000000100000000)
 Metaspace       used 65109K, capacity 69770K, committed 69888K, reserved 1110016K
  class space    used 8392K, capacity 9186K, committed 9216K, reserved 1048576K
}
{Heap before GC invocations=557 (full 0):
 par new generation   total 115200K, used 103596K [0x00000000f0000000, 0x00000000f7d00000, 0x00000000f7d00000)
  eden space 102400K, 100% used [0x00000000f0000000, 0x00000000f6400000, 0x00000000f6400000)
  from space 12800K,   9% used [0x00000000f7080000, 0x00000000f71ab280, 0x00000000f7d00000)
  to   space 12800K,   0% used [0x00000000f6400000, 0x00000000f6400000, 0x00000000f7080000)
 concurrent mark-sweep generation total 134144K, used 46164K [0x00000000f7d00000, 0x0000000100000000, 0x0000000100000000)
 Metaspace       used 65109K, capacity 69770K, committed 69888K, reserved 1110016K
  class space    used 8392K, capacity 9186K, committed 9216K, reserved 1048576K
2022-09-12T02:05:15.897+0800: 290.674: [GC (Allocation Failure)  149760K->47715K(249344K), 0.0040667 secs]
Heap after GC invocations=558 (full 0):
 par new generation   total 115200K, used 1535K [0x00000000f0000000, 0x00000000f7d00000, 0x00000000f7d00000)
  eden space 102400K,   0% used [0x00000000f0000000, 0x00000000f0000000, 0x00000000f6400000)
  from space 12800K,  11% used [0x00000000f6400000, 0x00000000f657fef0, 0x00000000f7080000)
  to   space 12800K,   0% used [0x00000000f7080000, 0x00000000f7080000, 0x00000000f7d00000)
 concurrent mark-sweep generation total 134144K, used 46179K [0x00000000f7d00000, 0x0000000100000000, 0x0000000100000000)
 Metaspace       used 65109K, capacity 69770K, committed 69888K, reserved 1110016K
  class space    used 8392K, capacity 9186K, committed 9216K, reserved 1048576K
}
{Heap before GC invocations=558 (full 0):
 par new generation   total 115200K, used 103935K [0x00000000f0000000, 0x00000000f7d00000, 0x00000000f7d00000)
  eden space 102400K, 100% used [0x00000000f0000000, 0x00000000f6400000, 0x00000000f6400000)
  from space 12800K,  11% used [0x00000000f6400000, 0x00000000f657fef0, 0x00000000f7080000)
  to   space 12800K,   0% used [0x00000000f7080000, 0x00000000f7080000, 0x00000000f7d00000)
 concurrent mark-sweep generation total 134144K, used 46179K [0x00000000f7d00000, 0x0000000100000000, 0x0000000100000000)
 Metaspace       used 65109K, capacity 69770K, committed 69888K, reserved 1110016K
  class space    used 8392K, capacity 9186K, committed 9216K, reserved 1048576K
2022-09-12T02:05:16.253+0800: 291.031: [GC (Allocation Failure)  150115K->47845K(249344K), 0.0039659 secs]
Heap after GC invocations=559 (full 0):
 par new generation   total 115200K, used 1644K [0x00000000f0000000, 0x00000000f7d00000, 0x00000000f7d00000)
  eden space 102400K,   0% used [0x00000000f0000000, 0x00000000f0000000, 0x00000000f6400000)
  from space 12800K,  12% used [0x00000000f7080000, 0x00000000f721b0b8, 0x00000000f7d00000)
  to   space 12800K,   0% used [0x00000000f6400000, 0x00000000f6400000, 0x00000000f7080000)
 concurrent mark-sweep generation total 134144K, used 46201K [0x00000000f7d00000, 0x0000000100000000, 0x0000000100000000)
 Metaspace       used 65109K, capacity 69770K, committed 69888K, reserved 1110016K
  class space    used 8392K, capacity 9186K, committed 9216K, reserved 1048576K
}
{Heap before GC invocations=559 (full 0):
 par new generation   total 115200K, used 104044K [0x00000000f0000000, 0x00000000f7d00000, 0x00000000f7d00000)
  eden space 102400K, 100% used [0x00000000f0000000, 0x00000000f6400000, 0x00000000f6400000)
  from space 12800K,  12% used [0x00000000f7080000, 0x00000000f721b0b8, 0x00000000f7d00000)
  to   space 12800K,   0% used [0x00000000f6400000, 0x00000000f6400000, 0x00000000f7080000)
 concurrent mark-sweep generation total 134144K, used 46201K [0x00000000f7d00000, 0x0000000100000000, 0x0000000100000000)
 Metaspace       used 65109K, capacity 69770K, committed 69888K, reserved 1110016K
  class space    used 8392K, capacity 9186K, committed 9216K, reserved 1048576K
2022-09-12T02:05:16.601+0800: 291.379: [GC (Allocation Failure)  150245K->47247K(249344K), 0.0040207 secs]
Heap after GC invocations=560 (full 0):
 par new generation   total 115200K, used 1033K [0x00000000f0000000, 0x00000000f7d00000, 0x00000000f7d00000)
  eden space 102400K,   0% used [0x00000000f0000000, 0x00000000f0000000, 0x00000000f6400000)
  from space 12800K,   8% used [0x00000000f6400000, 0x00000000f6502580, 0x00000000f7080000)
  to   space 12800K,   0% used [0x00000000f7080000, 0x00000000f7080000, 0x00000000f7d00000)
 concurrent mark-sweep generation total 134144K, used 46213K [0x00000000f7d00000, 0x0000000100000000, 0x0000000100000000)
 Metaspace       used 65109K, capacity 69770K, committed 69888K, reserved 1110016K
  class space    used 8392K, capacity 9186K, committed 9216K, reserved 1048576K
}
{Heap before GC invocations=560 (full 0):
 par new generation   total 115200K, used 103433K [0x00000000f0000000, 0x00000000f7d00000, 0x00000000f7d00000)
  eden space 102400K, 100% used [0x00000000f0000000, 0x00000000f6400000, 0x00000000f6400000)
  from space 12800K,   8% used [0x00000000f6400000, 0x00000000f6502580, 0x00000000f7080000)
  to   space 12800K,   0% used [0x00000000f7080000, 0x00000000f7080000, 0x00000000f7d00000)
 concurrent mark-sweep generation total 134144K, used 46213K [0x00000000f7d00000, 0x0000000100000000, 0x0000000100000000)
 Metaspace       used 65114K, capacity 69770K, committed 69888K, reserved 1110016K
  class space    used 8392K, capacity 9186K, committed 9216K, reserved 1048576K
2022-09-12T02:05:16.950+0800: 291.728: [GC (Allocation Failure)  149647K->47725K(249344K), 0.0041297 secs]
Heap after GC invocations=561 (full 0):
 par new generation   total 115200K, used 1501K [0x00000000f0000000, 0x00000000f7d00000, 0x00000000f7d00000)
  eden space 102400K,   0% used [0x00000000f0000000, 0x00000000f0000000, 0x00000000f6400000)
  from space 12800K,  11% used [0x00000000f7080000, 0x00000000f71f7718, 0x00000000f7d00000)
  to   space 12800K,   0% used [0x00000000f6400000, 0x00000000f6400000, 0x00000000f7080000)
 concurrent mark-sweep generation total 134144K, used 46224K [0x00000000f7d00000, 0x0000000100000000, 0x0000000100000000)
 Metaspace       used 65114K, capacity 69770K, committed 69888K, reserved 1110016K
  class space    used 8392K, capacity 9186K, committed 9216K, reserved 1048576K
}
{Heap before GC invocations=561 (full 0):
 par new generation   total 115200K, used 103901K [0x00000000f0000000, 0x00000000f7d00000, 0x00000000f7d00000)
  eden space 102400K, 100% used [0x00000000f0000000, 0x00000000f6400000, 0x00000000f6400000)
  from space 12800K,  11% used [0x00000000f7080000, 0x00000000f71f7718, 0x00000000f7d00000)
  to   space 12800K,   0% used [0x00000000f6400000, 0x00000000f6400000, 0x00000000f7080000)
 concurrent mark-sweep generation total 134144K, used 46224K [0x00000000f7d00000, 0x0000000100000000, 0x0000000100000000)
 Metaspace       used 65115K, capacity 69770K, committed 69888K, reserved 1110016K
  class space    used 8392K, capacity 9186K, committed 9216K, reserved 1048576K
2022-09-12T02:05:17.299+0800: 292.076: [GC (Allocation Failure)  150125K->47907K(249344K), 0.0041872 secs]
Heap after GC invocations=562 (full 0):
 par new generation   total 115200K, used 1661K [0x00000000f0000000, 0x00000000f7d00000, 0x00000000f7d00000)
  eden space 102400K,   0% used [0x00000000f0000000, 0x00000000f0000000, 0x00000000f6400000)
  from space 12800K,  12% used [0x00000000f6400000, 0x00000000f659f5d8, 0x00000000f7080000)
  to   space 12800K,   0% used [0x00000000f7080000, 0x00000000f7080000, 0x00000000f7d00000)
 concurrent mark-sweep generation total 134144K, used 46245K [0x00000000f7d00000, 0x0000000100000000, 0x0000000100000000)
 Metaspace       used 65115K, capacity 69770K, committed 69888K, reserved 1110016K
  class space    used 8392K, capacity 9186K, committed 9216K, reserved 1048576K
}
{Heap before GC invocations=562 (full 0):
 par new generation   total 115200K, used 104061K [0x00000000f0000000, 0x00000000f7d00000, 0x00000000f7d00000)
  eden space 102400K, 100% used [0x00000000f0000000, 0x00000000f6400000, 0x00000000f6400000)
  from space 12800K,  12% used [0x00000000f6400000, 0x00000000f659f5d8, 0x00000000f7080000)
  to   space 12800K,   0% used [0x00000000f7080000, 0x00000000f7080000, 0x00000000f7d00000)
 concurrent mark-sweep generation total 134144K, used 46245K [0x00000000f7d00000, 0x0000000100000000, 0x0000000100000000)
 Metaspace       used 65115K, capacity 69770K, committed 69888K, reserved 1110016K
  class space    used 8392K, capacity 9186K, committed 9216K, reserved 1048576K
2022-09-12T02:05:17.653+0800: 292.430: [GC (Allocation Failure)  150307K->47464K(249344K), 0.0042267 secs]
Heap after GC invocations=563 (full 0):
 par new generation   total 115200K, used 1195K [0x00000000f0000000, 0x00000000f7d00000, 0x00000000f7d00000)
  eden space 102400K,   0% used [0x00000000f0000000, 0x00000000f0000000, 0x00000000f6400000)
  from space 12800K,   9% used [0x00000000f7080000, 0x00000000f71aaf80, 0x00000000f7d00000)
  to   space 12800K,   0% used [0x00000000f6400000, 0x00000000f6400000, 0x00000000f7080000)
 concurrent mark-sweep generation total 134144K, used 46268K [0x00000000f7d00000, 0x0000000100000000, 0x0000000100000000)
 Metaspace       used 65115K, capacity 69770K, committed 69888K, reserved 1110016K
  class space    used 8392K, capacity 9186K, committed 9216K, reserved 1048576K
}
{Heap before GC invocations=563 (full 0):
 par new generation   total 115200K, used 103595K [0x00000000f0000000, 0x00000000f7d00000, 0x00000000f7d00000)
  eden space 102400K, 100% used [0x00000000f0000000, 0x00000000f6400000, 0x00000000f6400000)
  from space 12800K,   9% used [0x00000000f7080000, 0x00000000f71aaf80, 0x00000000f7d00000)
  to   space 12800K,   0% used [0x00000000f6400000, 0x00000000f6400000, 0x00000000f7080000)
 concurrent mark-sweep generation total 134144K, used 46268K [0x00000000f7d00000, 0x0000000100000000, 0x0000000100000000)
 Metaspace       used 65115K, capacity 69770K, committed 69888K, reserved 1110016K
  class space    used 8392K, capacity 9186K, committed 9216K, reserved 1048576K
2022-09-12T02:05:18.002+0800: 292.779: [GC (Allocation Failure)  149864K->47804K(249344K), 0.0041071 secs]
Heap after GC invocations=564 (full 0):
 par new generation   total 115200K, used 1525K [0x00000000f0000000, 0x00000000f7d00000, 0x00000000f7d00000)
  eden space 102400K,   0% used [0x00000000f0000000, 0x00000000f0000000, 0x00000000f6400000)
  from space 12800K,  11% used [0x00000000f6400000, 0x00000000f657d5d0, 0x00000000f7080000)
  to   space 12800K,   0% used [0x00000000f7080000, 0x00000000f7080000, 0x00000000f7d00000)
 concurrent mark-sweep generation total 134144K, used 46279K [0x00000000f7d00000, 0x0000000100000000, 0x0000000100000000)
 Metaspace       used 65115K, capacity 69770K, committed 69888K, reserved 1110016K
  class space    used 8392K, capacity 9186K, committed 9216K, reserved 1048576K
}
{Heap before GC invocations=564 (full 0):
 par new generation   total 115200K, used 103925K [0x00000000f0000000, 0x00000000f7d00000, 0x00000000f7d00000)
  eden space 102400K, 100% used [0x00000000f0000000, 0x00000000f6400000, 0x00000000f6400000)
  from space 12800K,  11% used [0x00000000f6400000, 0x00000000f657d5d0, 0x00000000f7080000)
  to   space 12800K,   0% used [0x00000000f7080000, 0x00000000f7080000, 0x00000000f7d00000)
 concurrent mark-sweep generation total 134144K, used 46279K [0x00000000f7d00000, 0x0000000100000000, 0x0000000100000000)
 Metaspace       used 65115K, capacity 69770K, committed 69888K, reserved 1110016K
  class space    used 8392K, capacity 9186K, committed 9216K, reserved 1048576K
2022-09-12T02:05:18.351+0800: 293.129: [GC (Allocation Failure)  150204K->47951K(249344K), 0.0041297 secs]
Heap after GC invocations=565 (full 0):
 par new generation   total 115200K, used 1657K [0x00000000f0000000, 0x00000000f7d00000, 0x00000000f7d00000)
  eden space 102400K,   0% used [0x00000000f0000000, 0x00000000f0000000, 0x00000000f6400000)
  from space 12800K,  12% used [0x00000000f7080000, 0x00000000f721e500, 0x00000000f7d00000)
  to   space 12800K,   0% used [0x00000000f6400000, 0x00000000f6400000, 0x00000000f7080000)
 concurrent mark-sweep generation total 134144K, used 46294K [0x00000000f7d00000, 0x0000000100000000, 0x0000000100000000)
 Metaspace       used 65115K, capacity 69770K, committed 69888K, reserved 1110016K
  class space    used 8392K, capacity 9186K, committed 9216K, reserved 1048576K
}
{Heap before GC invocations=565 (full 0):
 par new generation   total 115200K, used 104057K [0x00000000f0000000, 0x00000000f7d00000, 0x00000000f7d00000)
  eden space 102400K, 100% used [0x00000000f0000000, 0x00000000f6400000, 0x00000000f6400000)
  from space 12800K,  12% used [0x00000000f7080000, 0x00000000f721e500, 0x00000000f7d00000)
  to   space 12800K,   0% used [0x00000000f6400000, 0x00000000f6400000, 0x00000000f7080000)
 concurrent mark-sweep generation total 134144K, used 46294K [0x00000000f7d00000, 0x0000000100000000, 0x0000000100000000)
 Metaspace       used 65115K, capacity 69770K, committed 69888K, reserved 1110016K
  class space    used 8392K, capacity 9186K, committed 9216K, reserved 1048576K
2022-09-12T02:05:18.700+0800: 293.478: [GC (Allocation Failure)  150351K->47528K(249344K), 0.0040522 secs]
Heap after GC invocations=566 (full 0):
 par new generation   total 115200K, used 1217K [0x00000000f0000000, 0x00000000f7d00000, 0x00000000f7d00000)
  eden space 102400K,   0% used [0x00000000f0000000, 0x00000000f0000000, 0x00000000f6400000)
  from space 12800K,   9% used [0x00000000f6400000, 0x00000000f65307c0, 0x00000000f7080000)
  to   space 12800K,   0% used [0x00000000f7080000, 0x00000000f7080000, 0x00000000f7d00000)
 concurrent mark-sweep generation total 134144K, used 46310K [0x00000000f7d00000, 0x0000000100000000, 0x0000000100000000)
 Metaspace       used 65115K, capacity 69770K, committed 69888K, reserved 1110016K
  class space    used 8392K, capacity 9186K, committed 9216K, reserved 1048576K
}
{Heap before GC invocations=566 (full 0):
 par new generation   total 115200K, used 103617K [0x00000000f0000000, 0x00000000f7d00000, 0x00000000f7d00000)
  eden space 102400K, 100% used [0x00000000f0000000, 0x00000000f6400000, 0x00000000f6400000)
  from space 12800K,   9% used [0x00000000f6400000, 0x00000000f65307c0, 0x00000000f7080000)
  to   space 12800K,   0% used [0x00000000f7080000, 0x00000000f7080000, 0x00000000f7d00000)
 concurrent mark-sweep generation total 134144K, used 46310K [0x00000000f7d00000, 0x0000000100000000, 0x0000000100000000)
 Metaspace       used 65115K, capacity 69770K, committed 69888K, reserved 1110016K
  class space    used 8392K, capacity 9186K, committed 9216K, reserved 1048576K
2022-09-12T02:05:19.048+0800: 293.825: [GC (Allocation Failure)  149928K->47839K(249344K), 0.0040296 secs]
Heap after GC invocations=567 (full 0):
 par new generation   total 115200K, used 1511K [0x00000000f0000000, 0x00000000f7d00000, 0x00000000f7d00000)
  eden space 102400K,   0% used [0x00000000f0000000, 0x00000000f0000000, 0x00000000f6400000)
  from space 12800K,  11% used [0x00000000f7080000, 0x00000000f71f9e08, 0x00000000f7d00000)
  to   space 12800K,   0% used [0x00000000f6400000, 0x00000000f6400000, 0x00000000f7080000)
 concurrent mark-sweep generation total 134144K, used 46327K [0x00000000f7d00000, 0x0000000100000000, 0x0000000100000000)
 Metaspace       used 65115K, capacity 69770K, committed 69888K, reserved 1110016K
  class space    used 8392K, capacity 9186K, committed 9216K, reserved 1048576K
}
{Heap before GC invocations=567 (full 0):
 par new generation   total 115200K, used 103911K [0x00000000f0000000, 0x00000000f7d00000, 0x00000000f7d00000)
  eden space 102400K, 100% used [0x00000000f0000000, 0x00000000f6400000, 0x00000000f6400000)
  from space 12800K,  11% used [0x00000000f7080000, 0x00000000f71f9e08, 0x00000000f7d00000)
  to   space 12800K,   0% used [0x00000000f6400000, 0x00000000f6400000, 0x00000000f7080000)
 concurrent mark-sweep generation total 134144K, used 46327K [0x00000000f7d00000, 0x0000000100000000, 0x0000000100000000)
 Metaspace       used 65115K, capacity 69770K, committed 69888K, reserved 1110016K
  class space    used 8392K, capacity 9186K, committed 9216K, reserved 1048576K
2022-09-12T02:05:19.397+0800: 294.175: [GC (Allocation Failure)  150239K->47997K(249344K), 0.0041303 secs]
Heap after GC invocations=568 (full 0):
 par new generation   total 115200K, used 1656K [0x00000000f0000000, 0x00000000f7d00000, 0x00000000f7d00000)
  eden space 102400K,   0% used [0x00000000f0000000, 0x00000000f0000000, 0x00000000f6400000)
  from space 12800K,  12% used [0x00000000f6400000, 0x00000000f659e030, 0x00000000f7080000)
  to   space 12800K,   0% used [0x00000000f7080000, 0x00000000f7080000, 0x00000000f7d00000)
 concurrent mark-sweep generation total 134144K, used 46341K [0x00000000f7d00000, 0x0000000100000000, 0x0000000100000000)
 Metaspace       used 65115K, capacity 69770K, committed 69888K, reserved 1110016K
  class space    used 8392K, capacity 9186K, committed 9216K, reserved 1048576K
}
{Heap before GC invocations=568 (full 0):
 par new generation   total 115200K, used 104056K [0x00000000f0000000, 0x00000000f7d00000, 0x00000000f7d00000)
  eden space 102400K, 100% used [0x00000000f0000000, 0x00000000f6400000, 0x00000000f6400000)
  from space 12800K,  12% used [0x00000000f6400000, 0x00000000f659e030, 0x00000000f7080000)
  to   space 12800K,   0% used [0x00000000f7080000, 0x00000000f7080000, 0x00000000f7d00000)
 concurrent mark-sweep generation total 134144K, used 46341K [0x00000000f7d00000, 0x0000000100000000, 0x0000000100000000)
 Metaspace       used 65115K, capacity 69770K, committed 69888K, reserved 1110016K
  class space    used 8392K, capacity 9186K, committed 9216K, reserved 1048576K
2022-09-12T02:05:19.746+0800: 294.523: [GC (Allocation Failure)  150397K->47699K(249344K), 0.0040364 secs]
Heap after GC invocations=569 (full 0):
 par new generation   total 115200K, used 1345K [0x00000000f0000000, 0x00000000f7d00000, 0x00000000f7d00000)
  eden space 102400K,   0% used [0x00000000f0000000, 0x00000000f0000000, 0x00000000f6400000)
  from space 12800K,  10% used [0x00000000f7080000, 0x00000000f71d0648, 0x00000000f7d00000)
  to   space 12800K,   0% used [0x00000000f6400000, 0x00000000f6400000, 0x00000000f7080000)
 concurrent mark-sweep generation total 134144K, used 46354K [0x00000000f7d00000, 0x0000000100000000, 0x0000000100000000)
 Metaspace       used 65115K, capacity 69770K, committed 69888K, reserved 1110016K
  class space    used 8392K, capacity 9186K, committed 9216K, reserved 1048576K
}
{Heap before GC invocations=569 (full 0):
 par new generation   total 115200K, used 103745K [0x00000000f0000000, 0x00000000f7d00000, 0x00000000f7d00000)
  eden space 102400K, 100% used [0x00000000f0000000, 0x00000000f6400000, 0x00000000f6400000)
  from space 12800K,  10% used [0x00000000f7080000, 0x00000000f71d0648, 0x00000000f7d00000)
  to   space 12800K,   0% used [0x00000000f6400000, 0x00000000f6400000, 0x00000000f7080000)
 concurrent mark-sweep generation total 134144K, used 46354K [0x00000000f7d00000, 0x0000000100000000, 0x0000000100000000)
 Metaspace       used 65115K, capacity 69770K, committed 69888K, reserved 1110016K
  class space    used 8392K, capacity 9186K, committed 9216K, reserved 1048576K
2022-09-12T02:05:20.096+0800: 294.873: [GC (Allocation Failure)  150099K->47907K(249344K), 0.0042643 secs]
Heap after GC invocations=570 (full 0):
 par new generation   total 115200K, used 1534K [0x00000000f0000000, 0x00000000f7d00000, 0x00000000f7d00000)
  eden space 102400K,   0% used [0x00000000f0000000, 0x00000000f0000000, 0x00000000f6400000)
  from space 12800K,  11% used [0x00000000f6400000, 0x00000000f657f898, 0x00000000f7080000)
  to   space 12800K,   0% used [0x00000000f7080000, 0x00000000f7080000, 0x00000000f7d00000)
 concurrent mark-sweep generation total 134144K, used 46373K [0x00000000f7d00000, 0x0000000100000000, 0x0000000100000000)
 Metaspace       used 65115K, capacity 69770K, committed 69888K, reserved 1110016K
  class space    used 8392K, capacity 9186K, committed 9216K, reserved 1048576K
}
{Heap before GC invocations=570 (full 0):
 par new generation   total 115200K, used 103934K [0x00000000f0000000, 0x00000000f7d00000, 0x00000000f7d00000)
  eden space 102400K, 100% used [0x00000000f0000000, 0x00000000f6400000, 0x00000000f6400000)
  from space 12800K,  11% used [0x00000000f6400000, 0x00000000f657f898, 0x00000000f7080000)
  to   space 12800K,   0% used [0x00000000f7080000, 0x00000000f7080000, 0x00000000f7d00000)
 concurrent mark-sweep generation total 134144K, used 46373K [0x00000000f7d00000, 0x0000000100000000, 0x0000000100000000)
 Metaspace       used 65115K, capacity 69770K, committed 69888K, reserved 1110016K
  class space    used 8392K, capacity 9186K, committed 9216K, reserved 1048576K
2022-09-12T02:05:20.449+0800: 295.226: [GC (Allocation Failure)  150307K->48061K(249344K), 0.0040515 secs]
Heap after GC invocations=571 (full 0):
 par new generation   total 115200K, used 1667K [0x00000000f0000000, 0x00000000f7d00000, 0x00000000f7d00000)
  eden space 102400K,   0% used [0x00000000f0000000, 0x00000000f0000000, 0x00000000f6400000)
  from space 12800K,  13% used [0x00000000f7080000, 0x00000000f7220c98, 0x00000000f7d00000)
  to   space 12800K,   0% used [0x00000000f6400000, 0x00000000f6400000, 0x00000000f7080000)
 concurrent mark-sweep generation total 134144K, used 46393K [0x00000000f7d00000, 0x0000000100000000, 0x0000000100000000)
 Metaspace       used 65115K, capacity 69770K, committed 69888K, reserved 1110016K
  class space    used 8392K, capacity 9186K, committed 9216K, reserved 1048576K
}
{Heap before GC invocations=571 (full 0):
 par new generation   total 115200K, used 104067K [0x00000000f0000000, 0x00000000f7d00000, 0x00000000f7d00000)
  eden space 102400K, 100% used [0x00000000f0000000, 0x00000000f6400000, 0x00000000f6400000)
  from space 12800K,  13% used [0x00000000f7080000, 0x00000000f7220c98, 0x00000000f7d00000)
  to   space 12800K,   0% used [0x00000000f6400000, 0x00000000f6400000, 0x00000000f7080000)
 concurrent mark-sweep generation total 134144K, used 46393K [0x00000000f7d00000, 0x0000000100000000, 0x0000000100000000)
 Metaspace       used 65115K, capacity 69770K, committed 69888K, reserved 1110016K
  class space    used 8392K, capacity 9186K, committed 9216K, reserved 1048576K
2022-09-12T02:05:20.796+0800: 295.574: [GC (Allocation Failure)  150461K->47728K(249344K), 0.0040755 secs]
Heap after GC invocations=572 (full 0):
 par new generation   total 115200K, used 1320K [0x00000000f0000000, 0x00000000f7d00000, 0x00000000f7d00000)
  eden space 102400K,   0% used [0x00000000f0000000, 0x00000000f0000000, 0x00000000f6400000)
  from space 12800K,  10% used [0x00000000f6400000, 0x00000000f654a0c0, 0x00000000f7080000)
  to   space 12800K,   0% used [0x00000000f7080000, 0x00000000f7080000, 0x00000000f7d00000)
 concurrent mark-sweep generation total 134144K, used 46407K [0x00000000f7d00000, 0x0000000100000000, 0x0000000100000000)
 Metaspace       used 65115K, capacity 69770K, committed 69888K, reserved 1110016K
  class space    used 8392K, capacity 9186K, committed 9216K, reserved 1048576K
}
{Heap before GC invocations=572 (full 0):
 par new generation   total 115200K, used 103720K [0x00000000f0000000, 0x00000000f7d00000, 0x00000000f7d00000)
  eden space 102400K, 100% used [0x00000000f0000000, 0x00000000f6400000, 0x00000000f6400000)
  from space 12800K,  10% used [0x00000000f6400000, 0x00000000f654a0c0, 0x00000000f7080000)
  to   space 12800K,   0% used [0x00000000f7080000, 0x00000000f7080000, 0x00000000f7d00000)
 concurrent mark-sweep generation total 134144K, used 46407K [0x00000000f7d00000, 0x0000000100000000, 0x0000000100000000)
 Metaspace       used 65115K, capacity 69770K, committed 69888K, reserved 1110016K
  class space    used 8392K, capacity 9186K, committed 9216K, reserved 1048576K
2022-09-12T02:05:21.144+0800: 295.922: [GC (Allocation Failure)  150128K->47978K(249344K), 0.0040230 secs]
Heap after GC invocations=573 (full 0):
 par new generation   total 115200K, used 1552K [0x00000000f0000000, 0x00000000f7d00000, 0x00000000f7d00000)
  eden space 102400K,   0% used [0x00000000f0000000, 0x00000000f0000000, 0x00000000f6400000)
  from space 12800K,  12% used [0x00000000f7080000, 0x00000000f7204100, 0x00000000f7d00000)
  to   space 12800K,   0% used [0x00000000f6400000, 0x00000000f6400000, 0x00000000f7080000)
 concurrent mark-sweep generation total 134144K, used 46425K [0x00000000f7d00000, 0x0000000100000000, 0x0000000100000000)
 Metaspace       used 65115K, capacity 69770K, committed 69888K, reserved 1110016K
  class space    used 8392K, capacity 9186K, committed 9216K, reserved 1048576K
}
{Heap before GC invocations=573 (full 0):
 par new generation   total 115200K, used 103952K [0x00000000f0000000, 0x00000000f7d00000, 0x00000000f7d00000)
  eden space 102400K, 100% used [0x00000000f0000000, 0x00000000f6400000, 0x00000000f6400000)
  from space 12800K,  12% used [0x00000000f7080000, 0x00000000f7204100, 0x00000000f7d00000)
  to   space 12800K,   0% used [0x00000000f6400000, 0x00000000f6400000, 0x00000000f7080000)
 concurrent mark-sweep generation total 134144K, used 46425K [0x00000000f7d00000, 0x0000000100000000, 0x0000000100000000)
 Metaspace       used 65115K, capacity 69770K, committed 69888K, reserved 1110016K
  class space    used 8392K, capacity 9186K, committed 9216K, reserved 1048576K
2022-09-12T02:05:21.502+0800: 296.280: [GC (Allocation Failure)  150378K->48094K(249344K), 0.0040761 secs]
Heap after GC invocations=574 (full 0):
 par new generation   total 115200K, used 1653K [0x00000000f0000000, 0x00000000f7d00000, 0x00000000f7d00000)
  eden space 102400K,   0% used [0x00000000f0000000, 0x00000000f0000000, 0x00000000f6400000)
  from space 12800K,  12% used [0x00000000f6400000, 0x00000000f659d5e8, 0x00000000f7080000)
  to   space 12800K,   0% used [0x00000000f7080000, 0x00000000f7080000, 0x00000000f7d00000)
 concurrent mark-sweep generation total 134144K, used 46440K [0x00000000f7d00000, 0x0000000100000000, 0x0000000100000000)
 Metaspace       used 65115K, capacity 69770K, committed 69888K, reserved 1110016K
  class space    used 8392K, capacity 9186K, committed 9216K, reserved 1048576K
}
{Heap before GC invocations=574 (full 0):
 par new generation   total 115200K, used 104053K [0x00000000f0000000, 0x00000000f7d00000, 0x00000000f7d00000)
  eden space 102400K, 100% used [0x00000000f0000000, 0x00000000f6400000, 0x00000000f6400000)
  from space 12800K,  12% used [0x00000000f6400000, 0x00000000f659d5e8, 0x00000000f7080000)
  to   space 12800K,   0% used [0x00000000f7080000, 0x00000000f7080000, 0x00000000f7d00000)
 concurrent mark-sweep generation total 134144K, used 46440K [0x00000000f7d00000, 0x0000000100000000, 0x0000000100000000)
 Metaspace       used 65115K, capacity 69770K, committed 69888K, reserved 1110016K
  class space    used 8392K, capacity 9186K, committed 9216K, reserved 1048576K
2022-09-12T02:05:21.850+0800: 296.627: [GC (Allocation Failure)  150494K->47798K(249344K), 0.0040241 secs]
Heap after GC invocations=575 (full 0):
 par new generation   total 115200K, used 1345K [0x00000000f0000000, 0x00000000f7d00000, 0x00000000f7d00000)
  eden space 102400K,   0% used [0x00000000f0000000, 0x00000000f0000000, 0x00000000f6400000)
  from space 12800K,  10% used [0x00000000f7080000, 0x00000000f71d0648, 0x00000000f7d00000)
  to   space 12800K,   0% used [0x00000000f6400000, 0x00000000f6400000, 0x00000000f7080000)
 concurrent mark-sweep generation total 134144K, used 46452K [0x00000000f7d00000, 0x0000000100000000, 0x0000000100000000)
 Metaspace       used 65115K, capacity 69770K, committed 69888K, reserved 1110016K
  class space    used 8392K, capacity 9186K, committed 9216K, reserved 1048576K
}
{Heap before GC invocations=575 (full 0):
 par new generation   total 115200K, used 103745K [0x00000000f0000000, 0x00000000f7d00000, 0x00000000f7d00000)
  eden space 102400K, 100% used [0x00000000f0000000, 0x00000000f6400000, 0x00000000f6400000)
  from space 12800K,  10% used [0x00000000f7080000, 0x00000000f71d0648, 0x00000000f7d00000)
  to   space 12800K,   0% used [0x00000000f6400000, 0x00000000f6400000, 0x00000000f7080000)
 concurrent mark-sweep generation total 134144K, used 46452K [0x00000000f7d00000, 0x0000000100000000, 0x0000000100000000)
 Metaspace       used 65115K, capacity 69770K, committed 69888K, reserved 1110016K
  class space    used 8392K, capacity 9186K, committed 9216K, reserved 1048576K
2022-09-12T02:05:22.198+0800: 296.976: [GC (Allocation Failure)  150198K->48020K(249344K), 0.0040332 secs]
Heap after GC invocations=576 (full 0):
 par new generation   total 115200K, used 1552K [0x00000000f0000000, 0x00000000f7d00000, 0x00000000f7d00000)
  eden space 102400K,   0% used [0x00000000f0000000, 0x00000000f0000000, 0x00000000f6400000)
  from space 12800K,  12% used [0x00000000f6400000, 0x00000000f6584090, 0x00000000f7080000)
  to   space 12800K,   0% used [0x00000000f7080000, 0x00000000f7080000, 0x00000000f7d00000)
 concurrent mark-sweep generation total 134144K, used 46467K [0x00000000f7d00000, 0x0000000100000000, 0x0000000100000000)
 Metaspace       used 65115K, capacity 69770K, committed 69888K, reserved 1110016K
  class space    used 8392K, capacity 9186K, committed 9216K, reserved 1048576K
}
{Heap before GC invocations=576 (full 0):
 par new generation   total 115200K, used 103952K [0x00000000f0000000, 0x00000000f7d00000, 0x00000000f7d00000)
  eden space 102400K, 100% used [0x00000000f0000000, 0x00000000f6400000, 0x00000000f6400000)
  from space 12800K,  12% used [0x00000000f6400000, 0x00000000f6584090, 0x00000000f7080000)
  to   space 12800K,   0% used [0x00000000f7080000, 0x00000000f7080000, 0x00000000f7d00000)
 concurrent mark-sweep generation total 134144K, used 46467K [0x00000000f7d00000, 0x0000000100000000, 0x0000000100000000)
 Metaspace       used 65115K, capacity 69770K, committed 69888K, reserved 1110016K
  class space    used 8392K, capacity 9186K, committed 9216K, reserved 1048576K
2022-09-12T02:05:22.550+0800: 297.327: [GC (Allocation Failure)  150420K->48110K(249344K), 0.0040545 secs]
Heap after GC invocations=577 (full 0):
 par new generation   total 115200K, used 1628K [0x00000000f0000000, 0x00000000f7d00000, 0x00000000f7d00000)
  eden space 102400K,   0% used [0x00000000f0000000, 0x00000000f0000000, 0x00000000f6400000)
  from space 12800K,  12% used [0x00000000f7080000, 0x00000000f72171b8, 0x00000000f7d00000)
  to   space 12800K,   0% used [0x00000000f6400000, 0x00000000f6400000, 0x00000000f7080000)
 concurrent mark-sweep generation total 134144K, used 46481K [0x00000000f7d00000, 0x0000000100000000, 0x0000000100000000)
 Metaspace       used 65115K, capacity 69770K, committed 69888K, reserved 1110016K
  class space    used 8392K, capacity 9186K, committed 9216K, reserved 1048576K
}
{Heap before GC invocations=577 (full 0):
 par new generation   total 115200K, used 104028K [0x00000000f0000000, 0x00000000f7d00000, 0x00000000f7d00000)
  eden space 102400K, 100% used [0x00000000f0000000, 0x00000000f6400000, 0x00000000f6400000)
  from space 12800K,  12% used [0x00000000f7080000, 0x00000000f72171b8, 0x00000000f7d00000)
  to   space 12800K,   0% used [0x00000000f6400000, 0x00000000f6400000, 0x00000000f7080000)
 concurrent mark-sweep generation total 134144K, used 46481K [0x00000000f7d00000, 0x0000000100000000, 0x0000000100000000)
 Metaspace       used 65115K, capacity 69770K, committed 69888K, reserved 1110016K
  class space    used 8392K, capacity 9186K, committed 9216K, reserved 1048576K
2022-09-12T02:05:22.899+0800: 297.676: [GC (Allocation Failure)  150510K->47960K(249344K), 0.0043060 secs]
Heap after GC invocations=578 (full 0):
 par new generation   total 115200K, used 1458K [0x00000000f0000000, 0x00000000f7d00000, 0x00000000f7d00000)
  eden space 102400K,   0% used [0x00000000f0000000, 0x00000000f0000000, 0x00000000f6400000)
  from space 12800K,  11% used [0x00000000f6400000, 0x00000000f656c8f0, 0x00000000f7080000)
  to   space 12800K,   0% used [0x00000000f7080000, 0x00000000f7080000, 0x00000000f7d00000)
 concurrent mark-sweep generation total 134144K, used 46502K [0x00000000f7d00000, 0x0000000100000000, 0x0000000100000000)
 Metaspace       used 65115K, capacity 69770K, committed 69888K, reserved 1110016K
  class space    used 8392K, capacity 9186K, committed 9216K, reserved 1048576K
}
{Heap before GC invocations=578 (full 0):
 par new generation   total 115200K, used 103858K [0x00000000f0000000, 0x00000000f7d00000, 0x00000000f7d00000)
  eden space 102400K, 100% used [0x00000000f0000000, 0x00000000f6400000, 0x00000000f6400000)
  from space 12800K,  11% used [0x00000000f6400000, 0x00000000f656c8f0, 0x00000000f7080000)
  to   space 12800K,   0% used [0x00000000f7080000, 0x00000000f7080000, 0x00000000f7d00000)
 concurrent mark-sweep generation total 134144K, used 46502K [0x00000000f7d00000, 0x0000000100000000, 0x0000000100000000)
 Metaspace       used 65115K, capacity 69770K, committed 69888K, reserved 1110016K
  class space    used 8392K, capacity 9186K, committed 9216K, reserved 1048576K
2022-09-12T02:05:23.250+0800: 298.027: [GC (Allocation Failure)  150360K->48182K(249344K), 0.0040868 secs]
Heap after GC invocations=579 (full 0):
 par new generation   total 115200K, used 1658K [0x00000000f0000000, 0x00000000f7d00000, 0x00000000f7d00000)
  eden space 102400K,   0% used [0x00000000f0000000, 0x00000000f0000000, 0x00000000f6400000)
  from space 12800K,  12% used [0x00000000f7080000, 0x00000000f721eb20, 0x00000000f7d00000)
  to   space 12800K,   0% used [0x00000000f6400000, 0x00000000f6400000, 0x00000000f7080000)
 concurrent mark-sweep generation total 134144K, used 46523K [0x00000000f7d00000, 0x0000000100000000, 0x0000000100000000)
 Metaspace       used 65115K, capacity 69770K, committed 69888K, reserved 1110016K
  class space    used 8392K, capacity 9186K, committed 9216K, reserved 1048576K
}
{Heap before GC invocations=579 (full 0):
 par new generation   total 115200K, used 104058K [0x00000000f0000000, 0x00000000f7d00000, 0x00000000f7d00000)
  eden space 102400K, 100% used [0x00000000f0000000, 0x00000000f6400000, 0x00000000f6400000)
  from space 12800K,  12% used [0x00000000f7080000, 0x00000000f721eb20, 0x00000000f7d00000)
  to   space 12800K,   0% used [0x00000000f6400000, 0x00000000f6400000, 0x00000000f7080000)
 concurrent mark-sweep generation total 134144K, used 46523K [0x00000000f7d00000, 0x0000000100000000, 0x0000000100000000)
 Metaspace       used 65115K, capacity 69770K, committed 69888K, reserved 1110016K
  class space    used 8392K, capacity 9186K, committed 9216K, reserved 1048576K
2022-09-12T02:05:23.598+0800: 298.376: [GC (Allocation Failure)  150582K->47865K(249344K), 0.0043001 secs]
Heap after GC invocations=580 (full 0):
 par new generation   total 115200K, used 1329K [0x00000000f0000000, 0x00000000f7d00000, 0x00000000f7d00000)
  eden space 102400K,   0% used [0x00000000f0000000, 0x00000000f0000000, 0x00000000f6400000)
  from space 12800K,  10% used [0x00000000f6400000, 0x00000000f654c748, 0x00000000f7080000)
  to   space 12800K,   0% used [0x00000000f7080000, 0x00000000f7080000, 0x00000000f7d00000)
 concurrent mark-sweep generation total 134144K, used 46535K [0x00000000f7d00000, 0x0000000100000000, 0x0000000100000000)
 Metaspace       used 65115K, capacity 69770K, committed 69888K, reserved 1110016K
  class space    used 8392K, capacity 9186K, committed 9216K, reserved 1048576K
}
{Heap before GC invocations=580 (full 0):
 par new generation   total 115200K, used 103729K [0x00000000f0000000, 0x00000000f7d00000, 0x00000000f7d00000)
  eden space 102400K, 100% used [0x00000000f0000000, 0x00000000f6400000, 0x00000000f6400000)
  from space 12800K,  10% used [0x00000000f6400000, 0x00000000f654c748, 0x00000000f7080000)
  to   space 12800K,   0% used [0x00000000f7080000, 0x00000000f7080000, 0x00000000f7d00000)
 concurrent mark-sweep generation total 134144K, used 46535K [0x00000000f7d00000, 0x0000000100000000, 0x0000000100000000)
 Metaspace       used 65115K, capacity 69770K, committed 69888K, reserved 1110016K
  class space    used 8392K, capacity 9186K, committed 9216K, reserved 1048576K
2022-09-12T02:05:23.947+0800: 298.724: [GC (Allocation Failure)  150265K->48083K(249344K), 0.0040121 secs]
Heap after GC invocations=581 (full 0):
 par new generation   total 115200K, used 1529K [0x00000000f0000000, 0x00000000f7d00000, 0x00000000f7d00000)
  eden space 102400K,   0% used [0x00000000f0000000, 0x00000000f0000000, 0x00000000f6400000)
  from space 12800K,  11% used [0x00000000f7080000, 0x00000000f71fe7c0, 0x00000000f7d00000)
  to   space 12800K,   0% used [0x00000000f6400000, 0x00000000f6400000, 0x00000000f7080000)
 concurrent mark-sweep generation total 134144K, used 46553K [0x00000000f7d00000, 0x0000000100000000, 0x0000000100000000)
 Metaspace       used 65115K, capacity 69770K, committed 69888K, reserved 1110016K
  class space    used 8392K, capacity 9186K, committed 9216K, reserved 1048576K
}
{Heap before GC invocations=581 (full 0):
 par new generation   total 115200K, used 103929K [0x00000000f0000000, 0x00000000f7d00000, 0x00000000f7d00000)
  eden space 102400K, 100% used [0x00000000f0000000, 0x00000000f6400000, 0x00000000f6400000)
  from space 12800K,  11% used [0x00000000f7080000, 0x00000000f71fe7c0, 0x00000000f7d00000)
  to   space 12800K,   0% used [0x00000000f6400000, 0x00000000f6400000, 0x00000000f7080000)
 concurrent mark-sweep generation total 134144K, used 46553K [0x00000000f7d00000, 0x0000000100000000, 0x0000000100000000)
 Metaspace       used 65115K, capacity 69770K, committed 69888K, reserved 1110016K
  class space    used 8392K, capacity 9186K, committed 9216K, reserved 1048576K
2022-09-12T02:05:24.295+0800: 299.072: [GC (Allocation Failure)  150483K->48205K(249344K), 0.0040284 secs]
Heap after GC invocations=582 (full 0):
 par new generation   total 115200K, used 1639K [0x00000000f0000000, 0x00000000f7d00000, 0x00000000f7d00000)
  eden space 102400K,   0% used [0x00000000f0000000, 0x00000000f0000000, 0x00000000f6400000)
  from space 12800K,  12% used [0x00000000f6400000, 0x00000000f6599db0, 0x00000000f7080000)
  to   space 12800K,   0% used [0x00000000f7080000, 0x00000000f7080000, 0x00000000f7d00000)
 concurrent mark-sweep generation total 134144K, used 46566K [0x00000000f7d00000, 0x0000000100000000, 0x0000000100000000)
 Metaspace       used 65115K, capacity 69770K, committed 69888K, reserved 1110016K
  class space    used 8392K, capacity 9186K, committed 9216K, reserved 1048576K
}
{Heap before GC invocations=582 (full 0):
 par new generation   total 115200K, used 104039K [0x00000000f0000000, 0x00000000f7d00000, 0x00000000f7d00000)
  eden space 102400K, 100% used [0x00000000f0000000, 0x00000000f6400000, 0x00000000f6400000)
  from space 12800K,  12% used [0x00000000f6400000, 0x00000000f6599db0, 0x00000000f7080000)
  to   space 12800K,   0% used [0x00000000f7080000, 0x00000000f7080000, 0x00000000f7d00000)
 concurrent mark-sweep generation total 134144K, used 46566K [0x00000000f7d00000, 0x0000000100000000, 0x0000000100000000)
 Metaspace       used 65115K, capacity 69770K, committed 69888K, reserved 1110016K
  class space    used 8392K, capacity 9186K, committed 9216K, reserved 1048576K
2022-09-12T02:05:24.643+0800: 299.420: [GC (Allocation Failure)  150605K->47784K(249344K), 0.0040518 secs]
Heap after GC invocations=583 (full 0):
 par new generation   total 115200K, used 1200K [0x00000000f0000000, 0x00000000f7d00000, 0x00000000f7d00000)
  eden space 102400K,   0% used [0x00000000f0000000, 0x00000000f0000000, 0x00000000f6400000)
  from space 12800K,   9% used [0x00000000f7080000, 0x00000000f71ac200, 0x00000000f7d00000)
  to   space 12800K,   0% used [0x00000000f6400000, 0x00000000f6400000, 0x00000000f7080000)
 concurrent mark-sweep generation total 134144K, used 46584K [0x00000000f7d00000, 0x0000000100000000, 0x0000000100000000)
 Metaspace       used 65115K, capacity 69770K, committed 69888K, reserved 1110016K
  class space    used 8392K, capacity 9186K, committed 9216K, reserved 1048576K
}
{Heap before GC invocations=583 (full 0):
 par new generation   total 115200K, used 103600K [0x00000000f0000000, 0x00000000f7d00000, 0x00000000f7d00000)
  eden space 102400K, 100% used [0x00000000f0000000, 0x00000000f6400000, 0x00000000f6400000)
  from space 12800K,   9% used [0x00000000f7080000, 0x00000000f71ac200, 0x00000000f7d00000)
  to   space 12800K,   0% used [0x00000000f6400000, 0x00000000f6400000, 0x00000000f7080000)
 concurrent mark-sweep generation total 134144K, used 46584K [0x00000000f7d00000, 0x0000000100000000, 0x0000000100000000)
 Metaspace       used 65115K, capacity 69770K, committed 69888K, reserved 1110016K
  class space    used 8392K, capacity 9186K, committed 9216K, reserved 1048576K
2022-09-12T02:05:24.993+0800: 299.770: [GC (Allocation Failure)  150184K->48099K(249344K), 0.0040726 secs]
Heap after GC invocations=584 (full 0):
 par new generation   total 115200K, used 1499K [0x00000000f0000000, 0x00000000f7d00000, 0x00000000f7d00000)
  eden space 102400K,   0% used [0x00000000f0000000, 0x00000000f0000000, 0x00000000f6400000)
  from space 12800K,  11% used [0x00000000f6400000, 0x00000000f6576f38, 0x00000000f7080000)
  to   space 12800K,   0% used [0x00000000f7080000, 0x00000000f7080000, 0x00000000f7d00000)
 concurrent mark-sweep generation total 134144K, used 46599K [0x00000000f7d00000, 0x0000000100000000, 0x0000000100000000)
 Metaspace       used 65115K, capacity 69770K, committed 69888K, reserved 1110016K
  class space    used 8392K, capacity 9186K, committed 9216K, reserved 1048576K
}
{Heap before GC invocations=584 (full 0):
 par new generation   total 115200K, used 103899K [0x00000000f0000000, 0x00000000f7d00000, 0x00000000f7d00000)
  eden space 102400K, 100% used [0x00000000f0000000, 0x00000000f6400000, 0x00000000f6400000)
  from space 12800K,  11% used [0x00000000f6400000, 0x00000000f6576f38, 0x00000000f7080000)
  to   space 12800K,   0% used [0x00000000f7080000, 0x00000000f7080000, 0x00000000f7d00000)
 concurrent mark-sweep generation total 134144K, used 46599K [0x00000000f7d00000, 0x0000000100000000, 0x0000000100000000)
 Metaspace       used 65115K, capacity 69770K, committed 69888K, reserved 1110016K
  class space    used 8392K, capacity 9186K, committed 9216K, reserved 1048576K
2022-09-12T02:05:25.353+0800: 300.131: [GC (Allocation Failure)  150499K->48250K(249344K), 0.0040517 secs]
Heap after GC invocations=585 (full 0):
 par new generation   total 115200K, used 1642K [0x00000000f0000000, 0x00000000f7d00000, 0x00000000f7d00000)
  eden space 102400K,   0% used [0x00000000f0000000, 0x00000000f0000000, 0x00000000f6400000)
  from space 12800K,  12% used [0x00000000f7080000, 0x00000000f721a948, 0x00000000f7d00000)
  to   space 12800K,   0% used [0x00000000f6400000, 0x00000000f6400000, 0x00000000f7080000)
 concurrent mark-sweep generation total 134144K, used 46608K [0x00000000f7d00000, 0x0000000100000000, 0x0000000100000000)
 Metaspace       used 65115K, capacity 69770K, committed 69888K, reserved 1110016K
  class space    used 8392K, capacity 9186K, committed 9216K, reserved 1048576K
}
{Heap before GC invocations=585 (full 0):
 par new generation   total 115200K, used 104042K [0x00000000f0000000, 0x00000000f7d00000, 0x00000000f7d00000)
  eden space 102400K, 100% used [0x00000000f0000000, 0x00000000f6400000, 0x00000000f6400000)
  from space 12800K,  12% used [0x00000000f7080000, 0x00000000f721a948, 0x00000000f7d00000)
  to   space 12800K,   0% used [0x00000000f6400000, 0x00000000f6400000, 0x00000000f7080000)
 concurrent mark-sweep generation total 134144K, used 46608K [0x00000000f7d00000, 0x0000000100000000, 0x0000000100000000)
 Metaspace       used 65115K, capacity 69770K, committed 69888K, reserved 1110016K
  class space    used 8392K, capacity 9186K, committed 9216K, reserved 1048576K
2022-09-12T02:05:25.701+0800: 300.478: [GC (Allocation Failure)  150650K->47837K(249344K), 0.0041524 secs]
Heap after GC invocations=586 (full 0):
 par new generation   total 115200K, used 1204K [0x00000000f0000000, 0x00000000f7d00000, 0x00000000f7d00000)
  eden space 102400K,   0% used [0x00000000f0000000, 0x00000000f0000000, 0x00000000f6400000)
  from space 12800K,   9% used [0x00000000f6400000, 0x00000000f652d380, 0x00000000f7080000)
  to   space 12800K,   0% used [0x00000000f7080000, 0x00000000f7080000, 0x00000000f7d00000)
 concurrent mark-sweep generation total 134144K, used 46632K [0x00000000f7d00000, 0x0000000100000000, 0x0000000100000000)
 Metaspace       used 65115K, capacity 69770K, committed 69888K, reserved 1110016K
  class space    used 8392K, capacity 9186K, committed 9216K, reserved 1048576K
}
{Heap before GC invocations=586 (full 0):
 par new generation   total 115200K, used 103604K [0x00000000f0000000, 0x00000000f7d00000, 0x00000000f7d00000)
  eden space 102400K, 100% used [0x00000000f0000000, 0x00000000f6400000, 0x00000000f6400000)
  from space 12800K,   9% used [0x00000000f6400000, 0x00000000f652d380, 0x00000000f7080000)
  to   space 12800K,   0% used [0x00000000f7080000, 0x00000000f7080000, 0x00000000f7d00000)
 concurrent mark-sweep generation total 134144K, used 46632K [0x00000000f7d00000, 0x0000000100000000, 0x0000000100000000)
 Metaspace       used 65115K, capacity 69770K, committed 69888K, reserved 1110016K
  class space    used 8392K, capacity 9186K, committed 9216K, reserved 1048576K
2022-09-12T02:05:26.049+0800: 300.827: [GC (Allocation Failure)  150237K->48189K(249344K), 0.0041581 secs]
Heap after GC invocations=587 (full 0):
 par new generation   total 115200K, used 1538K [0x00000000f0000000, 0x00000000f7d00000, 0x00000000f7d00000)
  eden space 102400K,   0% used [0x00000000f0000000, 0x00000000f0000000, 0x00000000f6400000)
  from space 12800K,  12% used [0x00000000f7080000, 0x00000000f7200890, 0x00000000f7d00000)
  to   space 12800K,   0% used [0x00000000f6400000, 0x00000000f6400000, 0x00000000f7080000)
 concurrent mark-sweep generation total 134144K, used 46651K [0x00000000f7d00000, 0x0000000100000000, 0x0000000100000000)
 Metaspace       used 65115K, capacity 69770K, committed 69888K, reserved 1110016K
  class space    used 8392K, capacity 9186K, committed 9216K, reserved 1048576K
}
{Heap before GC invocations=587 (full 0):
 par new generation   total 115200K, used 103938K [0x00000000f0000000, 0x00000000f7d00000, 0x00000000f7d00000)
  eden space 102400K, 100% used [0x00000000f0000000, 0x00000000f6400000, 0x00000000f6400000)
  from space 12800K,  12% used [0x00000000f7080000, 0x00000000f7200890, 0x00000000f7d00000)
  to   space 12800K,   0% used [0x00000000f6400000, 0x00000000f6400000, 0x00000000f7080000)
 concurrent mark-sweep generation total 134144K, used 46651K [0x00000000f7d00000, 0x0000000100000000, 0x0000000100000000)
 Metaspace       used 65115K, capacity 69770K, committed 69888K, reserved 1110016K
  class space    used 8392K, capacity 9186K, committed 9216K, reserved 1048576K
2022-09-12T02:05:26.399+0800: 301.176: [GC (Allocation Failure)  150589K->48087K(249344K), 0.0041917 secs]
Heap after GC invocations=588 (full 0):
 par new generation   total 115200K, used 1421K [0x00000000f0000000, 0x00000000f7d00000, 0x00000000f7d00000)
  eden space 102400K,   0% used [0x00000000f0000000, 0x00000000f0000000, 0x00000000f6400000)
  from space 12800K,  11% used [0x00000000f6400000, 0x00000000f65634d0, 0x00000000f7080000)
  to   space 12800K,   0% used [0x00000000f7080000, 0x00000000f7080000, 0x00000000f7d00000)
 concurrent mark-sweep generation total 134144K, used 46665K [0x00000000f7d00000, 0x0000000100000000, 0x0000000100000000)
 Metaspace       used 65115K, capacity 69770K, committed 69888K, reserved 1110016K
  class space    used 8392K, capacity 9186K, committed 9216K, reserved 1048576K
}
{Heap before GC invocations=588 (full 0):
 par new generation   total 115200K, used 103821K [0x00000000f0000000, 0x00000000f7d00000, 0x00000000f7d00000)
  eden space 102400K, 100% used [0x00000000f0000000, 0x00000000f6400000, 0x00000000f6400000)
  from space 12800K,  11% used [0x00000000f6400000, 0x00000000f65634d0, 0x00000000f7080000)
  to   space 12800K,   0% used [0x00000000f7080000, 0x00000000f7080000, 0x00000000f7d00000)
 concurrent mark-sweep generation total 134144K, used 46665K [0x00000000f7d00000, 0x0000000100000000, 0x0000000100000000)
 Metaspace       used 65116K, capacity 69770K, committed 69888K, reserved 1110016K
  class space    used 8392K, capacity 9186K, committed 9216K, reserved 1048576K
2022-09-12T02:05:26.745+0800: 301.522: [GC (Allocation Failure)  150487K->48377K(249344K), 0.0040627 secs]
Heap after GC invocations=589 (full 0):
 par new generation   total 115200K, used 1697K [0x00000000f0000000, 0x00000000f7d00000, 0x00000000f7d00000)
  eden space 102400K,   0% used [0x00000000f0000000, 0x00000000f0000000, 0x00000000f6400000)
  from space 12800K,  13% used [0x00000000f7080000, 0x00000000f72285c8, 0x00000000f7d00000)
  to   space 12800K,   0% used [0x00000000f6400000, 0x00000000f6400000, 0x00000000f7080000)
 concurrent mark-sweep generation total 134144K, used 46680K [0x00000000f7d00000, 0x0000000100000000, 0x0000000100000000)
 Metaspace       used 65116K, capacity 69770K, committed 69888K, reserved 1110016K
  class space    used 8392K, capacity 9186K, committed 9216K, reserved 1048576K
}
{Heap before GC invocations=589 (full 0):
 par new generation   total 115200K, used 104097K [0x00000000f0000000, 0x00000000f7d00000, 0x00000000f7d00000)
  eden space 102400K, 100% used [0x00000000f0000000, 0x00000000f6400000, 0x00000000f6400000)
  from space 12800K,  13% used [0x00000000f7080000, 0x00000000f72285c8, 0x00000000f7d00000)
  to   space 12800K,   0% used [0x00000000f6400000, 0x00000000f6400000, 0x00000000f7080000)
 concurrent mark-sweep generation total 134144K, used 46680K [0x00000000f7d00000, 0x0000000100000000, 0x0000000100000000)
 Metaspace       used 65116K, capacity 69770K, committed 69888K, reserved 1110016K
  class space    used 8392K, capacity 9186K, committed 9216K, reserved 1048576K
2022-09-12T02:05:27.093+0800: 301.870: [GC (Allocation Failure)  150777K->48053K(249344K), 0.0041992 secs]
Heap after GC invocations=590 (full 0):
 par new generation   total 115200K, used 1357K [0x00000000f0000000, 0x00000000f7d00000, 0x00000000f7d00000)
  eden space 102400K,   0% used [0x00000000f0000000, 0x00000000f0000000, 0x00000000f6400000)
  from space 12800K,  10% used [0x00000000f6400000, 0x00000000f65536a8, 0x00000000f7080000)
  to   space 12800K,   0% used [0x00000000f7080000, 0x00000000f7080000, 0x00000000f7d00000)
 concurrent mark-sweep generation total 134144K, used 46695K [0x00000000f7d00000, 0x0000000100000000, 0x0000000100000000)
 Metaspace       used 65116K, capacity 69770K, committed 69888K, reserved 1110016K
  class space    used 8392K, capacity 9186K, committed 9216K, reserved 1048576K
}
{Heap before GC invocations=590 (full 0):
 par new generation   total 115200K, used 103757K [0x00000000f0000000, 0x00000000f7d00000, 0x00000000f7d00000)
  eden space 102400K, 100% used [0x00000000f0000000, 0x00000000f6400000, 0x00000000f6400000)
  from space 12800K,  10% used [0x00000000f6400000, 0x00000000f65536a8, 0x00000000f7080000)
  to   space 12800K,   0% used [0x00000000f7080000, 0x00000000f7080000, 0x00000000f7d00000)
 concurrent mark-sweep generation total 134144K, used 46695K [0x00000000f7d00000, 0x0000000100000000, 0x0000000100000000)
 Metaspace       used 65116K, capacity 69770K, committed 69888K, reserved 1110016K
  class space    used 8392K, capacity 9186K, committed 9216K, reserved 1048576K
2022-09-12T02:05:27.443+0800: 302.220: [GC (Allocation Failure)  150453K->48258K(249344K), 0.0040995 secs]
Heap after GC invocations=591 (full 0):
 par new generation   total 115200K, used 1543K [0x00000000f0000000, 0x00000000f7d00000, 0x00000000f7d00000)
  eden space 102400K,   0% used [0x00000000f0000000, 0x00000000f0000000, 0x00000000f6400000)
  from space 12800K,  12% used [0x00000000f7080000, 0x00000000f7201ea8, 0x00000000f7d00000)
  to   space 12800K,   0% used [0x00000000f6400000, 0x00000000f6400000, 0x00000000f7080000)
 concurrent mark-sweep generation total 134144K, used 46714K [0x00000000f7d00000, 0x0000000100000000, 0x0000000100000000)
 Metaspace       used 65116K, capacity 69770K, committed 69888K, reserved 1110016K
  class space    used 8392K, capacity 9186K, committed 9216K, reserved 1048576K
}
{Heap before GC invocations=591 (full 0):
 par new generation   total 115200K, used 103943K [0x00000000f0000000, 0x00000000f7d00000, 0x00000000f7d00000)
  eden space 102400K, 100% used [0x00000000f0000000, 0x00000000f6400000, 0x00000000f6400000)
  from space 12800K,  12% used [0x00000000f7080000, 0x00000000f7201ea8, 0x00000000f7d00000)
  to   space 12800K,   0% used [0x00000000f6400000, 0x00000000f6400000, 0x00000000f7080000)
 concurrent mark-sweep generation total 134144K, used 46714K [0x00000000f7d00000, 0x0000000100000000, 0x0000000100000000)
 Metaspace       used 65116K, capacity 69770K, committed 69888K, reserved 1110016K
  class space    used 8392K, capacity 9186K, committed 9216K, reserved 1048576K
2022-09-12T02:05:27.791+0800: 302.568: [GC (Allocation Failure)  150658K->48376K(249344K), 0.0041270 secs]
Heap after GC invocations=592 (full 0):
 par new generation   total 115200K, used 1652K [0x00000000f0000000, 0x00000000f7d00000, 0x00000000f7d00000)
  eden space 102400K,   0% used [0x00000000f0000000, 0x00000000f0000000, 0x00000000f6400000)
  from space 12800K,  12% used [0x00000000f6400000, 0x00000000f659d000, 0x00000000f7080000)
  to   space 12800K,   0% used [0x00000000f7080000, 0x00000000f7080000, 0x00000000f7d00000)
 concurrent mark-sweep generation total 134144K, used 46724K [0x00000000f7d00000, 0x0000000100000000, 0x0000000100000000)
 Metaspace       used 65116K, capacity 69770K, committed 69888K, reserved 1110016K
  class space    used 8392K, capacity 9186K, committed 9216K, reserved 1048576K
}
{Heap before GC invocations=592 (full 0):
 par new generation   total 115200K, used 104052K [0x00000000f0000000, 0x00000000f7d00000, 0x00000000f7d00000)
  eden space 102400K, 100% used [0x00000000f0000000, 0x00000000f6400000, 0x00000000f6400000)
  from space 12800K,  12% used [0x00000000f6400000, 0x00000000f659d000, 0x00000000f7080000)
  to   space 12800K,   0% used [0x00000000f7080000, 0x00000000f7080000, 0x00000000f7d00000)
 concurrent mark-sweep generation total 134144K, used 46724K [0x00000000f7d00000, 0x0000000100000000, 0x0000000100000000)
 Metaspace       used 65116K, capacity 69770K, committed 69888K, reserved 1110016K
  class space    used 8392K, capacity 9186K, committed 9216K, reserved 1048576K
2022-09-12T02:05:28.139+0800: 302.917: [GC (Allocation Failure)  150776K->47935K(249344K), 0.0040721 secs]
Heap after GC invocations=593 (full 0):
 par new generation   total 115200K, used 1197K [0x00000000f0000000, 0x00000000f7d00000, 0x00000000f7d00000)
  eden space 102400K,   0% used [0x00000000f0000000, 0x00000000f0000000, 0x00000000f6400000)
  from space 12800K,   9% used [0x00000000f7080000, 0x00000000f71ab440, 0x00000000f7d00000)
  to   space 12800K,   0% used [0x00000000f6400000, 0x00000000f6400000, 0x00000000f7080000)
 concurrent mark-sweep generation total 134144K, used 46738K [0x00000000f7d00000, 0x0000000100000000, 0x0000000100000000)
 Metaspace       used 65116K, capacity 69770K, committed 69888K, reserved 1110016K
  class space    used 8392K, capacity 9186K, committed 9216K, reserved 1048576K
}
{Heap before GC invocations=593 (full 0):
 par new generation   total 115200K, used 103597K [0x00000000f0000000, 0x00000000f7d00000, 0x00000000f7d00000)
  eden space 102400K, 100% used [0x00000000f0000000, 0x00000000f6400000, 0x00000000f6400000)
  from space 12800K,   9% used [0x00000000f7080000, 0x00000000f71ab440, 0x00000000f7d00000)
  to   space 12800K,   0% used [0x00000000f6400000, 0x00000000f6400000, 0x00000000f7080000)
 concurrent mark-sweep generation total 134144K, used 46738K [0x00000000f7d00000, 0x0000000100000000, 0x0000000100000000)
 Metaspace       used 65116K, capacity 69770K, committed 69888K, reserved 1110016K
  class space    used 8392K, capacity 9186K, committed 9216K, reserved 1048576K
2022-09-12T02:05:28.488+0800: 303.265: [GC (Allocation Failure)  150335K->48288K(249344K), 0.0041954 secs]
Heap after GC invocations=594 (full 0):
 par new generation   total 115200K, used 1524K [0x00000000f0000000, 0x00000000f7d00000, 0x00000000f7d00000)
  eden space 102400K,   0% used [0x00000000f0000000, 0x00000000f0000000, 0x00000000f6400000)
  from space 12800K,  11% used [0x00000000f6400000, 0x00000000f657d330, 0x00000000f7080000)
  to   space 12800K,   0% used [0x00000000f7080000, 0x00000000f7080000, 0x00000000f7d00000)
 concurrent mark-sweep generation total 134144K, used 46764K [0x00000000f7d00000, 0x0000000100000000, 0x0000000100000000)
 Metaspace       used 65116K, capacity 69770K, committed 69888K, reserved 1110016K
  class space    used 8392K, capacity 9186K, committed 9216K, reserved 1048576K
}
{Heap before GC invocations=594 (full 0):
 par new generation   total 115200K, used 103924K [0x00000000f0000000, 0x00000000f7d00000, 0x00000000f7d00000)
  eden space 102400K, 100% used [0x00000000f0000000, 0x00000000f6400000, 0x00000000f6400000)
  from space 12800K,  11% used [0x00000000f6400000, 0x00000000f657d330, 0x00000000f7080000)
  to   space 12800K,   0% used [0x00000000f7080000, 0x00000000f7080000, 0x00000000f7d00000)
 concurrent mark-sweep generation total 134144K, used 46764K [0x00000000f7d00000, 0x0000000100000000, 0x0000000100000000)
 Metaspace       used 65118K, capacity 69770K, committed 69888K, reserved 1110016K
  class space    used 8392K, capacity 9186K, committed 9216K, reserved 1048576K
2022-09-12T02:05:28.836+0800: 303.613: [GC (Allocation Failure)  150688K->48409K(249344K), 0.0040816 secs]
Heap after GC invocations=595 (full 0):
 par new generation   total 115200K, used 1630K [0x00000000f0000000, 0x00000000f7d00000, 0x00000000f7d00000)
  eden space 102400K,   0% used [0x00000000f0000000, 0x00000000f0000000, 0x00000000f6400000)
  from space 12800K,  12% used [0x00000000f7080000, 0x00000000f7217810, 0x00000000f7d00000)
  to   space 12800K,   0% used [0x00000000f6400000, 0x00000000f6400000, 0x00000000f7080000)
 concurrent mark-sweep generation total 134144K, used 46779K [0x00000000f7d00000, 0x0000000100000000, 0x0000000100000000)
 Metaspace       used 65118K, capacity 69770K, committed 69888K, reserved 1110016K
  class space    used 8392K, capacity 9186K, committed 9216K, reserved 1048576K
}
{Heap before GC invocations=595 (full 0):
 par new generation   total 115200K, used 104030K [0x00000000f0000000, 0x00000000f7d00000, 0x00000000f7d00000)
  eden space 102400K, 100% used [0x00000000f0000000, 0x00000000f6400000, 0x00000000f6400000)
  from space 12800K,  12% used [0x00000000f7080000, 0x00000000f7217810, 0x00000000f7d00000)
  to   space 12800K,   0% used [0x00000000f6400000, 0x00000000f6400000, 0x00000000f7080000)
 concurrent mark-sweep generation total 134144K, used 46779K [0x00000000f7d00000, 0x0000000100000000, 0x0000000100000000)
 Metaspace       used 65118K, capacity 69770K, committed 69888K, reserved 1110016K
  class space    used 8392K, capacity 9186K, committed 9216K, reserved 1048576K
2022-09-12T02:05:29.194+0800: 303.971: [GC (Allocation Failure)  150809K->47970K(249344K), 0.0041074 secs]
Heap after GC invocations=596 (full 0):
 par new generation   total 115200K, used 1178K [0x00000000f0000000, 0x00000000f7d00000, 0x00000000f7d00000)
  eden space 102400K,   0% used [0x00000000f0000000, 0x00000000f0000000, 0x00000000f6400000)
  from space 12800K,   9% used [0x00000000f6400000, 0x00000000f6526880, 0x00000000f7080000)
  to   space 12800K,   0% used [0x00000000f7080000, 0x00000000f7080000, 0x00000000f7d00000)
 concurrent mark-sweep generation total 134144K, used 46792K [0x00000000f7d00000, 0x0000000100000000, 0x0000000100000000)
 Metaspace       used 65118K, capacity 69770K, committed 69888K, reserved 1110016K
  class space    used 8392K, capacity 9186K, committed 9216K, reserved 1048576K
}
{Heap before GC invocations=596 (full 0):
 par new generation   total 115200K, used 103578K [0x00000000f0000000, 0x00000000f7d00000, 0x00000000f7d00000)
  eden space 102400K, 100% used [0x00000000f0000000, 0x00000000f6400000, 0x00000000f6400000)
  from space 12800K,   9% used [0x00000000f6400000, 0x00000000f6526880, 0x00000000f7080000)
  to   space 12800K,   0% used [0x00000000f7080000, 0x00000000f7080000, 0x00000000f7d00000)
 concurrent mark-sweep generation total 134144K, used 46792K [0x00000000f7d00000, 0x0000000100000000, 0x0000000100000000)
 Metaspace       used 65118K, capacity 69770K, committed 69888K, reserved 1110016K
  class space    used 8392K, capacity 9186K, committed 9216K, reserved 1048576K
2022-09-12T02:05:29.543+0800: 304.320: [GC (Allocation Failure)  150370K->48340K(249344K), 0.0040774 secs]
Heap after GC invocations=597 (full 0):
 par new generation   total 115200K, used 1529K [0x00000000f0000000, 0x00000000f7d00000, 0x00000000f7d00000)
  eden space 102400K,   0% used [0x00000000f0000000, 0x00000000f0000000, 0x00000000f6400000)
  from space 12800K,  11% used [0x00000000f7080000, 0x00000000f71fe4b0, 0x00000000f7d00000)
  to   space 12800K,   0% used [0x00000000f6400000, 0x00000000f6400000, 0x00000000f7080000)
 concurrent mark-sweep generation total 134144K, used 46811K [0x00000000f7d00000, 0x0000000100000000, 0x0000000100000000)
 Metaspace       used 65118K, capacity 69770K, committed 69888K, reserved 1110016K
  class space    used 8392K, capacity 9186K, committed 9216K, reserved 1048576K
}
{Heap before GC invocations=597 (full 0):
 par new generation   total 115200K, used 103929K [0x00000000f0000000, 0x00000000f7d00000, 0x00000000f7d00000)
  eden space 102400K, 100% used [0x00000000f0000000, 0x00000000f6400000, 0x00000000f6400000)
  from space 12800K,  11% used [0x00000000f7080000, 0x00000000f71fe4b0, 0x00000000f7d00000)
  to   space 12800K,   0% used [0x00000000f6400000, 0x00000000f6400000, 0x00000000f7080000)
 concurrent mark-sweep generation total 134144K, used 46811K [0x00000000f7d00000, 0x0000000100000000, 0x0000000100000000)
 Metaspace       used 65118K, capacity 69770K, committed 69888K, reserved 1110016K
  class space    used 8392K, capacity 9186K, committed 9216K, reserved 1048576K
2022-09-12T02:05:29.895+0800: 304.672: [GC (Allocation Failure)  150740K->48470K(249344K), 0.0041164 secs]
Heap after GC invocations=598 (full 0):
 par new generation   total 115200K, used 1647K [0x00000000f0000000, 0x00000000f7d00000, 0x00000000f7d00000)
  eden space 102400K,   0% used [0x00000000f0000000, 0x00000000f0000000, 0x00000000f6400000)
  from space 12800K,  12% used [0x00000000f6400000, 0x00000000f659bcf8, 0x00000000f7080000)
  to   space 12800K,   0% used [0x00000000f7080000, 0x00000000f7080000, 0x00000000f7d00000)
 concurrent mark-sweep generation total 134144K, used 46823K [0x00000000f7d00000, 0x0000000100000000, 0x0000000100000000)
 Metaspace       used 65118K, capacity 69770K, committed 69888K, reserved 1110016K
  class space    used 8392K, capacity 9186K, committed 9216K, reserved 1048576K
}
{Heap before GC invocations=598 (full 0):
 par new generation   total 115200K, used 104047K [0x00000000f0000000, 0x00000000f7d00000, 0x00000000f7d00000)
  eden space 102400K, 100% used [0x00000000f0000000, 0x00000000f6400000, 0x00000000f6400000)
  from space 12800K,  12% used [0x00000000f6400000, 0x00000000f659bcf8, 0x00000000f7080000)
  to   space 12800K,   0% used [0x00000000f7080000, 0x00000000f7080000, 0x00000000f7d00000)
 concurrent mark-sweep generation total 134144K, used 46823K [0x00000000f7d00000, 0x0000000100000000, 0x0000000100000000)
 Metaspace       used 65118K, capacity 69770K, committed 69888K, reserved 1110016K
  class space    used 8392K, capacity 9186K, committed 9216K, reserved 1048576K
2022-09-12T02:05:30.243+0800: 305.020: [GC (Allocation Failure)  150870K->48051K(249344K), 0.0041281 secs]
Heap after GC invocations=599 (full 0):
 par new generation   total 115200K, used 1210K [0x00000000f0000000, 0x00000000f7d00000, 0x00000000f7d00000)
  eden space 102400K,   0% used [0x00000000f0000000, 0x00000000f0000000, 0x00000000f6400000)
  from space 12800K,   9% used [0x00000000f7080000, 0x00000000f71aea00, 0x00000000f7d00000)
  to   space 12800K,   0% used [0x00000000f6400000, 0x00000000f6400000, 0x00000000f7080000)
 concurrent mark-sweep generation total 134144K, used 46841K [0x00000000f7d00000, 0x0000000100000000, 0x0000000100000000)
 Metaspace       used 65118K, capacity 69770K, committed 69888K, reserved 1110016K
  class space    used 8392K, capacity 9186K, committed 9216K, reserved 1048576K
}
{Heap before GC invocations=599 (full 0):
 par new generation   total 115200K, used 103610K [0x00000000f0000000, 0x00000000f7d00000, 0x00000000f7d00000)
  eden space 102400K, 100% used [0x00000000f0000000, 0x00000000f6400000, 0x00000000f6400000)
  from space 12800K,   9% used [0x00000000f7080000, 0x00000000f71aea00, 0x00000000f7d00000)
  to   space 12800K,   0% used [0x00000000f6400000, 0x00000000f6400000, 0x00000000f7080000)
 concurrent mark-sweep generation total 134144K, used 46841K [0x00000000f7d00000, 0x0000000100000000, 0x0000000100000000)
 Metaspace       used 65118K, capacity 69770K, committed 69888K, reserved 1110016K
  class space    used 8392K, capacity 9186K, committed 9216K, reserved 1048576K
2022-09-12T02:05:30.591+0800: 305.368: [GC (Allocation Failure)  150451K->48385K(249344K), 0.0040549 secs]
Heap after GC invocations=600 (full 0):
 par new generation   total 115200K, used 1531K [0x00000000f0000000, 0x00000000f7d00000, 0x00000000f7d00000)
  eden space 102400K,   0% used [0x00000000f0000000, 0x00000000f0000000, 0x00000000f6400000)
  from space 12800K,  11% used [0x00000000f6400000, 0x00000000f657ee50, 0x00000000f7080000)
  to   space 12800K,   0% used [0x00000000f7080000, 0x00000000f7080000, 0x00000000f7d00000)
 concurrent mark-sweep generation total 134144K, used 46853K [0x00000000f7d00000, 0x0000000100000000, 0x0000000100000000)
 Metaspace       used 65118K, capacity 69770K, committed 69888K, reserved 1110016K
  class space    used 8392K, capacity 9186K, committed 9216K, reserved 1048576K
}
{Heap before GC invocations=600 (full 0):
 par new generation   total 115200K, used 103931K [0x00000000f0000000, 0x00000000f7d00000, 0x00000000f7d00000)
  eden space 102400K, 100% used [0x00000000f0000000, 0x00000000f6400000, 0x00000000f6400000)
  from space 12800K,  11% used [0x00000000f6400000, 0x00000000f657ee50, 0x00000000f7080000)
  to   space 12800K,   0% used [0x00000000f7080000, 0x00000000f7080000, 0x00000000f7d00000)
 concurrent mark-sweep generation total 134144K, used 46853K [0x00000000f7d00000, 0x0000000100000000, 0x0000000100000000)
 Metaspace       used 65118K, capacity 69770K, committed 69888K, reserved 1110016K
  class space    used 8392K, capacity 9186K, committed 9216K, reserved 1048576K
2022-09-12T02:05:30.939+0800: 305.716: [GC (Allocation Failure)  150785K->48513K(249344K), 0.0041029 secs]
Heap after GC invocations=601 (full 0):
 par new generation   total 115200K, used 1638K [0x00000000f0000000, 0x00000000f7d00000, 0x00000000f7d00000)
  eden space 102400K,   0% used [0x00000000f0000000, 0x00000000f0000000, 0x00000000f6400000)
  from space 12800K,  12% used [0x00000000f7080000, 0x00000000f72198e0, 0x00000000f7d00000)
  to   space 12800K,   0% used [0x00000000f6400000, 0x00000000f6400000, 0x00000000f7080000)
 concurrent mark-sweep generation total 134144K, used 46875K [0x00000000f7d00000, 0x0000000100000000, 0x0000000100000000)
 Metaspace       used 65118K, capacity 69770K, committed 69888K, reserved 1110016K
  class space    used 8392K, capacity 9186K, committed 9216K, reserved 1048576K
}
{Heap before GC invocations=601 (full 0):
 par new generation   total 115200K, used 104038K [0x00000000f0000000, 0x00000000f7d00000, 0x00000000f7d00000)
  eden space 102400K, 100% used [0x00000000f0000000, 0x00000000f6400000, 0x00000000f6400000)
  from space 12800K,  12% used [0x00000000f7080000, 0x00000000f72198e0, 0x00000000f7d00000)
  to   space 12800K,   0% used [0x00000000f6400000, 0x00000000f6400000, 0x00000000f7080000)
 concurrent mark-sweep generation total 134144K, used 46875K [0x00000000f7d00000, 0x0000000100000000, 0x0000000100000000)
 Metaspace       used 65118K, capacity 69770K, committed 69888K, reserved 1110016K
  class space    used 8392K, capacity 9186K, committed 9216K, reserved 1048576K
2022-09-12T02:05:31.298+0800: 306.075: [GC (Allocation Failure)  150913K->48083K(249344K), 0.0042673 secs]
Heap after GC invocations=602 (full 0):
 par new generation   total 115200K, used 1189K [0x00000000f0000000, 0x00000000f7d00000, 0x00000000f7d00000)
  eden space 102400K,   0% used [0x00000000f0000000, 0x00000000f0000000, 0x00000000f6400000)
  from space 12800K,   9% used [0x00000000f6400000, 0x00000000f65297c0, 0x00000000f7080000)
  to   space 12800K,   0% used [0x00000000f7080000, 0x00000000f7080000, 0x00000000f7d00000)
 concurrent mark-sweep generation total 134144K, used 46893K [0x00000000f7d00000, 0x0000000100000000, 0x0000000100000000)
 Metaspace       used 65118K, capacity 69770K, committed 69888K, reserved 1110016K
  class space    used 8392K, capacity 9186K, committed 9216K, reserved 1048576K
}
{Heap before GC invocations=602 (full 0):
 par new generation   total 115200K, used 103589K [0x00000000f0000000, 0x00000000f7d00000, 0x00000000f7d00000)
  eden space 102400K, 100% used [0x00000000f0000000, 0x00000000f6400000, 0x00000000f6400000)
  from space 12800K,   9% used [0x00000000f6400000, 0x00000000f65297c0, 0x00000000f7080000)
  to   space 12800K,   0% used [0x00000000f7080000, 0x00000000f7080000, 0x00000000f7d00000)
 concurrent mark-sweep generation total 134144K, used 46893K [0x00000000f7d00000, 0x0000000100000000, 0x0000000100000000)
 Metaspace       used 65118K, capacity 69770K, committed 69888K, reserved 1110016K
  class space    used 8392K, capacity 9186K, committed 9216K, reserved 1048576K
2022-09-12T02:05:31.646+0800: 306.423: [GC (Allocation Failure)  150483K->48416K(249344K), 0.0040852 secs]
Heap after GC invocations=603 (full 0):
 par new generation   total 115200K, used 1506K [0x00000000f0000000, 0x00000000f7d00000, 0x00000000f7d00000)
  eden space 102400K,   0% used [0x00000000f0000000, 0x00000000f0000000, 0x00000000f6400000)
  from space 12800K,  11% used [0x00000000f7080000, 0x00000000f71f8b38, 0x00000000f7d00000)
  to   space 12800K,   0% used [0x00000000f6400000, 0x00000000f6400000, 0x00000000f7080000)
 concurrent mark-sweep generation total 134144K, used 46910K [0x00000000f7d00000, 0x0000000100000000, 0x0000000100000000)
 Metaspace       used 65118K, capacity 69770K, committed 69888K, reserved 1110016K
  class space    used 8392K, capacity 9186K, committed 9216K, reserved 1048576K
}
{Heap before GC invocations=603 (full 0):
 par new generation   total 115200K, used 103906K [0x00000000f0000000, 0x00000000f7d00000, 0x00000000f7d00000)
  eden space 102400K, 100% used [0x00000000f0000000, 0x00000000f6400000, 0x00000000f6400000)
  from space 12800K,  11% used [0x00000000f7080000, 0x00000000f71f8b38, 0x00000000f7d00000)
  to   space 12800K,   0% used [0x00000000f6400000, 0x00000000f6400000, 0x00000000f7080000)
 concurrent mark-sweep generation total 134144K, used 46910K [0x00000000f7d00000, 0x0000000100000000, 0x0000000100000000)
 Metaspace       used 65118K, capacity 69770K, committed 69888K, reserved 1110016K
  class space    used 8392K, capacity 9186K, committed 9216K, reserved 1048576K
2022-09-12T02:05:31.994+0800: 306.772: [GC (Allocation Failure)  150816K->48578K(249344K), 0.0040387 secs]
Heap after GC invocations=604 (full 0):
 par new generation   total 115200K, used 1655K [0x00000000f0000000, 0x00000000f7d00000, 0x00000000f7d00000)
  eden space 102400K,   0% used [0x00000000f0000000, 0x00000000f0000000, 0x00000000f6400000)
  from space 12800K,  12% used [0x00000000f6400000, 0x00000000f659dff8, 0x00000000f7080000)
  to   space 12800K,   0% used [0x00000000f7080000, 0x00000000f7080000, 0x00000000f7d00000)
 concurrent mark-sweep generation total 134144K, used 46922K [0x00000000f7d00000, 0x0000000100000000, 0x0000000100000000)
 Metaspace       used 65118K, capacity 69770K, committed 69888K, reserved 1110016K
  class space    used 8392K, capacity 9186K, committed 9216K, reserved 1048576K
}
{Heap before GC invocations=604 (full 0):
 par new generation   total 115200K, used 104055K [0x00000000f0000000, 0x00000000f7d00000, 0x00000000f7d00000)
  eden space 102400K, 100% used [0x00000000f0000000, 0x00000000f6400000, 0x00000000f6400000)
  from space 12800K,  12% used [0x00000000f6400000, 0x00000000f659dff8, 0x00000000f7080000)
  to   space 12800K,   0% used [0x00000000f7080000, 0x00000000f7080000, 0x00000000f7d00000)
 concurrent mark-sweep generation total 134144K, used 46922K [0x00000000f7d00000, 0x0000000100000000, 0x0000000100000000)
 Metaspace       used 65118K, capacity 69770K, committed 69888K, reserved 1110016K
  class space    used 8392K, capacity 9186K, committed 9216K, reserved 1048576K
2022-09-12T02:05:32.344+0800: 307.121: [GC (Allocation Failure)  150978K->48266K(249344K), 0.0041975 secs]
Heap after GC invocations=605 (full 0):
 par new generation   total 115200K, used 1329K [0x00000000f0000000, 0x00000000f7d00000, 0x00000000f7d00000)
  eden space 102400K,   0% used [0x00000000f0000000, 0x00000000f0000000, 0x00000000f6400000)
  from space 12800K,  10% used [0x00000000f7080000, 0x00000000f71cc700, 0x00000000f7d00000)
  to   space 12800K,   0% used [0x00000000f6400000, 0x00000000f6400000, 0x00000000f7080000)
 concurrent mark-sweep generation total 134144K, used 46936K [0x00000000f7d00000, 0x0000000100000000, 0x0000000100000000)
 Metaspace       used 65118K, capacity 69770K, committed 69888K, reserved 1110016K
  class space    used 8392K, capacity 9186K, committed 9216K, reserved 1048576K
}
{Heap before GC invocations=605 (full 0):
 par new generation   total 115200K, used 103729K [0x00000000f0000000, 0x00000000f7d00000, 0x00000000f7d00000)
  eden space 102400K, 100% used [0x00000000f0000000, 0x00000000f6400000, 0x00000000f6400000)
  from space 12800K,  10% used [0x00000000f7080000, 0x00000000f71cc700, 0x00000000f7d00000)
  to   space 12800K,   0% used [0x00000000f6400000, 0x00000000f6400000, 0x00000000f7080000)
 concurrent mark-sweep generation total 134144K, used 46936K [0x00000000f7d00000, 0x0000000100000000, 0x0000000100000000)
 Metaspace       used 65118K, capacity 69770K, committed 69888K, reserved 1110016K
  class space    used 8392K, capacity 9186K, committed 9216K, reserved 1048576K
2022-09-12T02:05:32.692+0800: 307.470: [GC (Allocation Failure)  150666K->48480K(249344K), 0.0041151 secs]
Heap after GC invocations=606 (full 0):
 par new generation   total 115200K, used 1525K [0x00000000f0000000, 0x00000000f7d00000, 0x00000000f7d00000)
  eden space 102400K,   0% used [0x00000000f0000000, 0x00000000f0000000, 0x00000000f6400000)
  from space 12800K,  11% used [0x00000000f6400000, 0x00000000f657d758, 0x00000000f7080000)
  to   space 12800K,   0% used [0x00000000f7080000, 0x00000000f7080000, 0x00000000f7d00000)
 concurrent mark-sweep generation total 134144K, used 46954K [0x00000000f7d00000, 0x0000000100000000, 0x0000000100000000)
 Metaspace       used 65118K, capacity 69770K, committed 69888K, reserved 1110016K
  class space    used 8392K, capacity 9186K, committed 9216K, reserved 1048576K
}
{Heap before GC invocations=606 (full 0):
 par new generation   total 115200K, used 103925K [0x00000000f0000000, 0x00000000f7d00000, 0x00000000f7d00000)
  eden space 102400K, 100% used [0x00000000f0000000, 0x00000000f6400000, 0x00000000f6400000)
  from space 12800K,  11% used [0x00000000f6400000, 0x00000000f657d758, 0x00000000f7080000)
  to   space 12800K,   0% used [0x00000000f7080000, 0x00000000f7080000, 0x00000000f7d00000)
 concurrent mark-sweep generation total 134144K, used 46954K [0x00000000f7d00000, 0x0000000100000000, 0x0000000100000000)
 Metaspace       used 65118K, capacity 69770K, committed 69888K, reserved 1110016K
  class space    used 8392K, capacity 9186K, committed 9216K, reserved 1048576K
2022-09-12T02:05:33.052+0800: 307.829: [GC (Allocation Failure)  150880K->48641K(249344K), 0.0040589 secs]
Heap after GC invocations=607 (full 0):
 par new generation   total 115200K, used 1671K [0x00000000f0000000, 0x00000000f7d00000, 0x00000000f7d00000)
  eden space 102400K,   0% used [0x00000000f0000000, 0x00000000f0000000, 0x00000000f6400000)
  from space 12800K,  13% used [0x00000000f7080000, 0x00000000f7221e18, 0x00000000f7d00000)
  to   space 12800K,   0% used [0x00000000f6400000, 0x00000000f6400000, 0x00000000f7080000)
 concurrent mark-sweep generation total 134144K, used 46970K [0x00000000f7d00000, 0x0000000100000000, 0x0000000100000000)
 Metaspace       used 65118K, capacity 69770K, committed 69888K, reserved 1110016K
  class space    used 8392K, capacity 9186K, committed 9216K, reserved 1048576K
}
{Heap before GC invocations=607 (full 0):
 par new generation   total 115200K, used 104071K [0x00000000f0000000, 0x00000000f7d00000, 0x00000000f7d00000)
  eden space 102400K, 100% used [0x00000000f0000000, 0x00000000f6400000, 0x00000000f6400000)
  from space 12800K,  13% used [0x00000000f7080000, 0x00000000f7221e18, 0x00000000f7d00000)
  to   space 12800K,   0% used [0x00000000f6400000, 0x00000000f6400000, 0x00000000f7080000)
 concurrent mark-sweep generation total 134144K, used 46970K [0x00000000f7d00000, 0x0000000100000000, 0x0000000100000000)
 Metaspace       used 65118K, capacity 69770K, committed 69888K, reserved 1110016K
  class space    used 8392K, capacity 9186K, committed 9216K, reserved 1048576K
2022-09-12T02:05:33.402+0800: 308.179: [GC (Allocation Failure)  151041K->48328K(249344K), 0.0041973 secs]
Heap after GC invocations=608 (full 0):
 par new generation   total 115200K, used 1349K [0x00000000f0000000, 0x00000000f7d00000, 0x00000000f7d00000)
  eden space 102400K,   0% used [0x00000000f0000000, 0x00000000f0000000, 0x00000000f6400000)
  from space 12800K,  10% used [0x00000000f6400000, 0x00000000f65516e0, 0x00000000f7080000)
  to   space 12800K,   0% used [0x00000000f7080000, 0x00000000f7080000, 0x00000000f7d00000)
 concurrent mark-sweep generation total 134144K, used 46979K [0x00000000f7d00000, 0x0000000100000000, 0x0000000100000000)
 Metaspace       used 65118K, capacity 69770K, committed 69888K, reserved 1110016K
  class space    used 8392K, capacity 9186K, committed 9216K, reserved 1048576K
}
{Heap before GC invocations=608 (full 0):
 par new generation   total 115200K, used 103749K [0x00000000f0000000, 0x00000000f7d00000, 0x00000000f7d00000)
  eden space 102400K, 100% used [0x00000000f0000000, 0x00000000f6400000, 0x00000000f6400000)
  from space 12800K,  10% used [0x00000000f6400000, 0x00000000f65516e0, 0x00000000f7080000)
  to   space 12800K,   0% used [0x00000000f7080000, 0x00000000f7080000, 0x00000000f7d00000)
 concurrent mark-sweep generation total 134144K, used 46979K [0x00000000f7d00000, 0x0000000100000000, 0x0000000100000000)
 Metaspace       used 65118K, capacity 69770K, committed 69888K, reserved 1110016K
  class space    used 8392K, capacity 9186K, committed 9216K, reserved 1048576K
2022-09-12T02:05:33.750+0800: 308.528: [GC (Allocation Failure)  150728K->48547K(249344K), 0.0040899 secs]
Heap after GC invocations=609 (full 0):
 par new generation   total 115200K, used 1545K [0x00000000f0000000, 0x00000000f7d00000, 0x00000000f7d00000)
  eden space 102400K,   0% used [0x00000000f0000000, 0x00000000f0000000, 0x00000000f6400000)
  from space 12800K,  12% used [0x00000000f7080000, 0x00000000f72025e0, 0x00000000f7d00000)
  to   space 12800K,   0% used [0x00000000f6400000, 0x00000000f6400000, 0x00000000f7080000)
 concurrent mark-sweep generation total 134144K, used 47001K [0x00000000f7d00000, 0x0000000100000000, 0x0000000100000000)
 Metaspace       used 65118K, capacity 69770K, committed 69888K, reserved 1110016K
  class space    used 8392K, capacity 9186K, committed 9216K, reserved 1048576K
}
{Heap before GC invocations=609 (full 0):
 par new generation   total 115200K, used 103945K [0x00000000f0000000, 0x00000000f7d00000, 0x00000000f7d00000)
  eden space 102400K, 100% used [0x00000000f0000000, 0x00000000f6400000, 0x00000000f6400000)
  from space 12800K,  12% used [0x00000000f7080000, 0x00000000f72025e0, 0x00000000f7d00000)
  to   space 12800K,   0% used [0x00000000f6400000, 0x00000000f6400000, 0x00000000f7080000)
 concurrent mark-sweep generation total 134144K, used 47001K [0x00000000f7d00000, 0x0000000100000000, 0x0000000100000000)
 Metaspace       used 65118K, capacity 69770K, committed 69888K, reserved 1110016K
  class space    used 8392K, capacity 9186K, committed 9216K, reserved 1048576K
2022-09-12T02:05:34.100+0800: 308.877: [GC (Allocation Failure)  150947K->48441K(249344K), 0.0043218 secs]
Heap after GC invocations=610 (full 0):
 par new generation   total 115200K, used 1420K [0x00000000f0000000, 0x00000000f7d00000, 0x00000000f7d00000)
  eden space 102400K,   0% used [0x00000000f0000000, 0x00000000f0000000, 0x00000000f6400000)
  from space 12800K,  11% used [0x00000000f6400000, 0x00000000f6563230, 0x00000000f7080000)
  to   space 12800K,   0% used [0x00000000f7080000, 0x00000000f7080000, 0x00000000f7d00000)
 concurrent mark-sweep generation total 134144K, used 47021K [0x00000000f7d00000, 0x0000000100000000, 0x0000000100000000)
 Metaspace       used 65118K, capacity 69770K, committed 69888K, reserved 1110016K
  class space    used 8392K, capacity 9186K, committed 9216K, reserved 1048576K
}
{Heap before GC invocations=610 (full 0):
 par new generation   total 115200K, used 103820K [0x00000000f0000000, 0x00000000f7d00000, 0x00000000f7d00000)
  eden space 102400K, 100% used [0x00000000f0000000, 0x00000000f6400000, 0x00000000f6400000)
  from space 12800K,  11% used [0x00000000f6400000, 0x00000000f6563230, 0x00000000f7080000)
  to   space 12800K,   0% used [0x00000000f7080000, 0x00000000f7080000, 0x00000000f7d00000)
 concurrent mark-sweep generation total 134144K, used 47021K [0x00000000f7d00000, 0x0000000100000000, 0x0000000100000000)
 Metaspace       used 65118K, capacity 69770K, committed 69888K, reserved 1110016K
  class space    used 8392K, capacity 9186K, committed 9216K, reserved 1048576K
2022-09-12T02:05:34.449+0800: 309.227: [GC (Allocation Failure)  150841K->48576K(249344K), 0.0040057 secs]
Heap after GC invocations=611 (full 0):
 par new generation   total 115200K, used 1537K [0x00000000f0000000, 0x00000000f7d00000, 0x00000000f7d00000)
  eden space 102400K,   0% used [0x00000000f0000000, 0x00000000f0000000, 0x00000000f6400000)
  from space 12800K,  12% used [0x00000000f7080000, 0x00000000f72007b0, 0x00000000f7d00000)
  to   space 12800K,   0% used [0x00000000f6400000, 0x00000000f6400000, 0x00000000f7080000)
 concurrent mark-sweep generation total 134144K, used 47038K [0x00000000f7d00000, 0x0000000100000000, 0x0000000100000000)
 Metaspace       used 65118K, capacity 69770K, committed 69888K, reserved 1110016K
  class space    used 8392K, capacity 9186K, committed 9216K, reserved 1048576K
}
{Heap before GC invocations=611 (full 0):
 par new generation   total 115200K, used 103937K [0x00000000f0000000, 0x00000000f7d00000, 0x00000000f7d00000)
  eden space 102400K, 100% used [0x00000000f0000000, 0x00000000f6400000, 0x00000000f6400000)
  from space 12800K,  12% used [0x00000000f7080000, 0x00000000f72007b0, 0x00000000f7d00000)
  to   space 12800K,   0% used [0x00000000f6400000, 0x00000000f6400000, 0x00000000f7080000)
 concurrent mark-sweep generation total 134144K, used 47038K [0x00000000f7d00000, 0x0000000100000000, 0x0000000100000000)
 Metaspace       used 65118K, capacity 69770K, committed 69888K, reserved 1110016K
  class space    used 8392K, capacity 9186K, committed 9216K, reserved 1048576K
2022-09-12T02:05:34.798+0800: 309.575: [GC (Allocation Failure)  150976K->48677K(249344K), 0.0042894 secs]
Heap after GC invocations=612 (full 0):
 par new generation   total 115200K, used 1625K [0x00000000f0000000, 0x00000000f7d00000, 0x00000000f7d00000)
  eden space 102400K,   0% used [0x00000000f0000000, 0x00000000f0000000, 0x00000000f6400000)
  from space 12800K,  12% used [0x00000000f6400000, 0x00000000f6596690, 0x00000000f7080000)
  to   space 12800K,   0% used [0x00000000f7080000, 0x00000000f7080000, 0x00000000f7d00000)
 concurrent mark-sweep generation total 134144K, used 47051K [0x00000000f7d00000, 0x0000000100000000, 0x0000000100000000)
 Metaspace       used 65118K, capacity 69770K, committed 69888K, reserved 1110016K
  class space    used 8392K, capacity 9186K, committed 9216K, reserved 1048576K
}
{Heap before GC invocations=612 (full 0):
 par new generation   total 115200K, used 104025K [0x00000000f0000000, 0x00000000f7d00000, 0x00000000f7d00000)
  eden space 102400K, 100% used [0x00000000f0000000, 0x00000000f6400000, 0x00000000f6400000)
  from space 12800K,  12% used [0x00000000f6400000, 0x00000000f6596690, 0x00000000f7080000)
  to   space 12800K,   0% used [0x00000000f7080000, 0x00000000f7080000, 0x00000000f7d00000)
 concurrent mark-sweep generation total 134144K, used 47051K [0x00000000f7d00000, 0x0000000100000000, 0x0000000100000000)
 Metaspace       used 65118K, capacity 69770K, committed 69888K, reserved 1110016K
  class space    used 8392K, capacity 9186K, committed 9216K, reserved 1048576K
2022-09-12T02:05:35.147+0800: 309.924: [GC (Allocation Failure)  151077K->48405K(249344K), 0.0040736 secs]
Heap after GC invocations=613 (full 0):
 par new generation   total 115200K, used 1341K [0x00000000f0000000, 0x00000000f7d00000, 0x00000000f7d00000)
  eden space 102400K,   0% used [0x00000000f0000000, 0x00000000f0000000, 0x00000000f6400000)
  from space 12800K,  10% used [0x00000000f7080000, 0x00000000f71cf448, 0x00000000f7d00000)
  to   space 12800K,   0% used [0x00000000f6400000, 0x00000000f6400000, 0x00000000f7080000)
 concurrent mark-sweep generation total 134144K, used 47064K [0x00000000f7d00000, 0x0000000100000000, 0x0000000100000000)
 Metaspace       used 65118K, capacity 69770K, committed 69888K, reserved 1110016K
  class space    used 8392K, capacity 9186K, committed 9216K, reserved 1048576K
}
{Heap before GC invocations=613 (full 0):
 par new generation   total 115200K, used 103741K [0x00000000f0000000, 0x00000000f7d00000, 0x00000000f7d00000)
  eden space 102400K, 100% used [0x00000000f0000000, 0x00000000f6400000, 0x00000000f6400000)
  from space 12800K,  10% used [0x00000000f7080000, 0x00000000f71cf448, 0x00000000f7d00000)
  to   space 12800K,   0% used [0x00000000f6400000, 0x00000000f6400000, 0x00000000f7080000)
 concurrent mark-sweep generation total 134144K, used 47064K [0x00000000f7d00000, 0x0000000100000000, 0x0000000100000000)
 Metaspace       used 65118K, capacity 69770K, committed 69888K, reserved 1110016K
  class space    used 8392K, capacity 9186K, committed 9216K, reserved 1048576K
2022-09-12T02:05:35.495+0800: 310.273: [GC (Allocation Failure)  150805K->48614K(249344K), 0.0042491 secs]
Heap after GC invocations=614 (full 0):
 par new generation   total 115200K, used 1533K [0x00000000f0000000, 0x00000000f7d00000, 0x00000000f7d00000)
  eden space 102400K,   0% used [0x00000000f0000000, 0x00000000f0000000, 0x00000000f6400000)
  from space 12800K,  11% used [0x00000000f6400000, 0x00000000f657f5c0, 0x00000000f7080000)
  to   space 12800K,   0% used [0x00000000f7080000, 0x00000000f7080000, 0x00000000f7d00000)
 concurrent mark-sweep generation total 134144K, used 47080K [0x00000000f7d00000, 0x0000000100000000, 0x0000000100000000)
 Metaspace       used 65118K, capacity 69770K, committed 69888K, reserved 1110016K
  class space    used 8392K, capacity 9186K, committed 9216K, reserved 1048576K
}
{Heap before GC invocations=614 (full 0):
 par new generation   total 115200K, used 103933K [0x00000000f0000000, 0x00000000f7d00000, 0x00000000f7d00000)
  eden space 102400K, 100% used [0x00000000f0000000, 0x00000000f6400000, 0x00000000f6400000)
  from space 12800K,  11% used [0x00000000f6400000, 0x00000000f657f5c0, 0x00000000f7080000)
  to   space 12800K,   0% used [0x00000000f7080000, 0x00000000f7080000, 0x00000000f7d00000)
 concurrent mark-sweep generation total 134144K, used 47080K [0x00000000f7d00000, 0x0000000100000000, 0x0000000100000000)
 Metaspace       used 65118K, capacity 69770K, committed 69888K, reserved 1110016K
  class space    used 8392K, capacity 9186K, committed 9216K, reserved 1048576K
2022-09-12T02:05:35.844+0800: 310.621: [GC (Allocation Failure)  151014K->48784K(249344K), 0.0041709 secs]
Heap after GC invocations=615 (full 0):
 par new generation   total 115200K, used 1686K [0x00000000f0000000, 0x00000000f7d00000, 0x00000000f7d00000)
  eden space 102400K,   0% used [0x00000000f0000000, 0x00000000f0000000, 0x00000000f6400000)
  from space 12800K,  13% used [0x00000000f7080000, 0x00000000f7225a08, 0x00000000f7d00000)
  to   space 12800K,   0% used [0x00000000f6400000, 0x00000000f6400000, 0x00000000f7080000)
 concurrent mark-sweep generation total 134144K, used 47097K [0x00000000f7d00000, 0x0000000100000000, 0x0000000100000000)
 Metaspace       used 65118K, capacity 69770K, committed 69888K, reserved 1110016K
  class space    used 8392K, capacity 9186K, committed 9216K, reserved 1048576K
}
{Heap before GC invocations=615 (full 0):
 par new generation   total 115200K, used 104086K [0x00000000f0000000, 0x00000000f7d00000, 0x00000000f7d00000)
  eden space 102400K, 100% used [0x00000000f0000000, 0x00000000f6400000, 0x00000000f6400000)
  from space 12800K,  13% used [0x00000000f7080000, 0x00000000f7225a08, 0x00000000f7d00000)
  to   space 12800K,   0% used [0x00000000f6400000, 0x00000000f6400000, 0x00000000f7080000)
 concurrent mark-sweep generation total 134144K, used 47097K [0x00000000f7d00000, 0x0000000100000000, 0x0000000100000000)
 Metaspace       used 65118K, capacity 69770K, committed 69888K, reserved 1110016K
  class space    used 8392K, capacity 9186K, committed 9216K, reserved 1048576K
2022-09-12T02:05:36.196+0800: 310.973: [GC (Allocation Failure)  151184K->48310K(249344K), 0.0040880 secs]
Heap after GC invocations=616 (full 0):
 par new generation   total 115200K, used 1204K [0x00000000f0000000, 0x00000000f7d00000, 0x00000000f7d00000)
  eden space 102400K,   0% used [0x00000000f0000000, 0x00000000f0000000, 0x00000000f6400000)
  from space 12800K,   9% used [0x00000000f6400000, 0x00000000f652d000, 0x00000000f7080000)
  to   space 12800K,   0% used [0x00000000f7080000, 0x00000000f7080000, 0x00000000f7d00000)
 concurrent mark-sweep generation total 134144K, used 47106K [0x00000000f7d00000, 0x0000000100000000, 0x0000000100000000)
 Metaspace       used 65118K, capacity 69770K, committed 69888K, reserved 1110016K
  class space    used 8392K, capacity 9186K, committed 9216K, reserved 1048576K
}
{Heap before GC invocations=616 (full 0):
 par new generation   total 115200K, used 103604K [0x00000000f0000000, 0x00000000f7d00000, 0x00000000f7d00000)
  eden space 102400K, 100% used [0x00000000f0000000, 0x00000000f6400000, 0x00000000f6400000)
  from space 12800K,   9% used [0x00000000f6400000, 0x00000000f652d000, 0x00000000f7080000)
  to   space 12800K,   0% used [0x00000000f7080000, 0x00000000f7080000, 0x00000000f7d00000)
 concurrent mark-sweep generation total 134144K, used 47106K [0x00000000f7d00000, 0x0000000100000000, 0x0000000100000000)
 Metaspace       used 65118K, capacity 69770K, committed 69888K, reserved 1110016K
  class space    used 8392K, capacity 9186K, committed 9216K, reserved 1048576K
2022-09-12T02:05:36.544+0800: 311.322: [GC (Allocation Failure)  150710K->48676K(249344K), 0.0048493 secs]
Heap after GC invocations=617 (full 0):
 par new generation   total 115200K, used 1546K [0x00000000f0000000, 0x00000000f7d00000, 0x00000000f7d00000)
  eden space 102400K,   0% used [0x00000000f0000000, 0x00000000f0000000, 0x00000000f6400000)
  from space 12800K,  12% used [0x00000000f7080000, 0x00000000f7202a08, 0x00000000f7d00000)
  to   space 12800K,   0% used [0x00000000f6400000, 0x00000000f6400000, 0x00000000f7080000)
 concurrent mark-sweep generation total 134144K, used 47129K [0x00000000f7d00000, 0x0000000100000000, 0x0000000100000000)
 Metaspace       used 65118K, capacity 69770K, committed 69888K, reserved 1110016K
  class space    used 8392K, capacity 9186K, committed 9216K, reserved 1048576K
}
{Heap before GC invocations=617 (full 0):
 par new generation   total 115200K, used 103946K [0x00000000f0000000, 0x00000000f7d00000, 0x00000000f7d00000)
  eden space 102400K, 100% used [0x00000000f0000000, 0x00000000f6400000, 0x00000000f6400000)
  from space 12800K,  12% used [0x00000000f7080000, 0x00000000f7202a08, 0x00000000f7d00000)
  to   space 12800K,   0% used [0x00000000f6400000, 0x00000000f6400000, 0x00000000f7080000)
 concurrent mark-sweep generation total 134144K, used 47129K [0x00000000f7d00000, 0x0000000100000000, 0x0000000100000000)
 Metaspace       used 65118K, capacity 69770K, committed 69888K, reserved 1110016K
  class space    used 8392K, capacity 9186K, committed 9216K, reserved 1048576K
2022-09-12T02:05:36.901+0800: 311.678: [GC (Allocation Failure)  151076K->48567K(249344K), 0.0041694 secs]
Heap after GC invocations=618 (full 0):
 par new generation   total 115200K, used 1416K [0x00000000f0000000, 0x00000000f7d00000, 0x00000000f7d00000)
  eden space 102400K,   0% used [0x00000000f0000000, 0x00000000f0000000, 0x00000000f6400000)
  from space 12800K,  11% used [0x00000000f6400000, 0x00000000f6562000, 0x00000000f7080000)
  to   space 12800K,   0% used [0x00000000f7080000, 0x00000000f7080000, 0x00000000f7d00000)
 concurrent mark-sweep generation total 134144K, used 47151K [0x00000000f7d00000, 0x0000000100000000, 0x0000000100000000)
 Metaspace       used 65118K, capacity 69770K, committed 69888K, reserved 1110016K
  class space    used 8392K, capacity 9186K, committed 9216K, reserved 1048576K
}
{Heap before GC invocations=618 (full 0):
 par new generation   total 115200K, used 103816K [0x00000000f0000000, 0x00000000f7d00000, 0x00000000f7d00000)
  eden space 102400K, 100% used [0x00000000f0000000, 0x00000000f6400000, 0x00000000f6400000)
  from space 12800K,  11% used [0x00000000f6400000, 0x00000000f6562000, 0x00000000f7080000)
  to   space 12800K,   0% used [0x00000000f7080000, 0x00000000f7080000, 0x00000000f7d00000)
 concurrent mark-sweep generation total 134144K, used 47151K [0x00000000f7d00000, 0x0000000100000000, 0x0000000100000000)
 Metaspace       used 65118K, capacity 69770K, committed 69888K, reserved 1110016K
  class space    used 8392K, capacity 9186K, committed 9216K, reserved 1048576K
2022-09-12T02:05:37.250+0800: 312.027: [GC (Allocation Failure)  150967K->48820K(249344K), 0.0040630 secs]
Heap after GC invocations=619 (full 0):
 par new generation   total 115200K, used 1651K [0x00000000f0000000, 0x00000000f7d00000, 0x00000000f7d00000)
  eden space 102400K,   0% used [0x00000000f0000000, 0x00000000f0000000, 0x00000000f6400000)
  from space 12800K,  12% used [0x00000000f7080000, 0x00000000f721ce40, 0x00000000f7d00000)
  to   space 12800K,   0% used [0x00000000f6400000, 0x00000000f6400000, 0x00000000f7080000)
 concurrent mark-sweep generation total 134144K, used 47169K [0x00000000f7d00000, 0x0000000100000000, 0x0000000100000000)
 Metaspace       used 65118K, capacity 69770K, committed 69888K, reserved 1110016K
  class space    used 8392K, capacity 9186K, committed 9216K, reserved 1048576K
}
{Heap before GC invocations=619 (full 0):
 par new generation   total 115200K, used 104051K [0x00000000f0000000, 0x00000000f7d00000, 0x00000000f7d00000)
  eden space 102400K, 100% used [0x00000000f0000000, 0x00000000f6400000, 0x00000000f6400000)
  from space 12800K,  12% used [0x00000000f7080000, 0x00000000f721ce40, 0x00000000f7d00000)
  to   space 12800K,   0% used [0x00000000f6400000, 0x00000000f6400000, 0x00000000f7080000)
 concurrent mark-sweep generation total 134144K, used 47169K [0x00000000f7d00000, 0x0000000100000000, 0x0000000100000000)
 Metaspace       used 65118K, capacity 69770K, committed 69888K, reserved 1110016K
  class space    used 8392K, capacity 9186K, committed 9216K, reserved 1048576K
2022-09-12T02:05:37.601+0800: 312.378: [GC (Allocation Failure)  151220K->48352K(249344K), 0.0042487 secs]
Heap after GC invocations=620 (full 0):
 par new generation   total 115200K, used 1170K [0x00000000f0000000, 0x00000000f7d00000, 0x00000000f7d00000)
  eden space 102400K,   0% used [0x00000000f0000000, 0x00000000f0000000, 0x00000000f6400000)
  from space 12800K,   9% used [0x00000000f6400000, 0x00000000f6524b00, 0x00000000f7080000)
  to   space 12800K,   0% used [0x00000000f7080000, 0x00000000f7080000, 0x00000000f7d00000)
 concurrent mark-sweep generation total 134144K, used 47181K [0x00000000f7d00000, 0x0000000100000000, 0x0000000100000000)
 Metaspace       used 65118K, capacity 69770K, committed 69888K, reserved 1110016K
  class space    used 8392K, capacity 9186K, committed 9216K, reserved 1048576K
}
{Heap before GC invocations=620 (full 0):
 par new generation   total 115200K, used 103570K [0x00000000f0000000, 0x00000000f7d00000, 0x00000000f7d00000)
  eden space 102400K, 100% used [0x00000000f0000000, 0x00000000f6400000, 0x00000000f6400000)
  from space 12800K,   9% used [0x00000000f6400000, 0x00000000f6524b00, 0x00000000f7080000)
  to   space 12800K,   0% used [0x00000000f7080000, 0x00000000f7080000, 0x00000000f7d00000)
 concurrent mark-sweep generation total 134144K, used 47181K [0x00000000f7d00000, 0x0000000100000000, 0x0000000100000000)
 Metaspace       used 65118K, capacity 69770K, committed 69888K, reserved 1110016K
  class space    used 8392K, capacity 9186K, committed 9216K, reserved 1048576K
2022-09-12T02:05:37.949+0800: 312.726: [GC (Allocation Failure)  150752K->48735K(249344K), 0.0041347 secs]
Heap after GC invocations=621 (full 0):
 par new generation   total 115200K, used 1541K [0x00000000f0000000, 0x00000000f7d00000, 0x00000000f7d00000)
  eden space 102400K,   0% used [0x00000000f0000000, 0x00000000f0000000, 0x00000000f6400000)
  from space 12800K,  12% used [0x00000000f7080000, 0x00000000f72016c8, 0x00000000f7d00000)
  to   space 12800K,   0% used [0x00000000f6400000, 0x00000000f6400000, 0x00000000f7080000)
 concurrent mark-sweep generation total 134144K, used 47193K [0x00000000f7d00000, 0x0000000100000000, 0x0000000100000000)
 Metaspace       used 65118K, capacity 69770K, committed 69888K, reserved 1110016K
  class space    used 8392K, capacity 9186K, committed 9216K, reserved 1048576K
}
{Heap before GC invocations=621 (full 0):
 par new generation   total 115200K, used 103941K [0x00000000f0000000, 0x00000000f7d00000, 0x00000000f7d00000)
  eden space 102400K, 100% used [0x00000000f0000000, 0x00000000f6400000, 0x00000000f6400000)
  from space 12800K,  12% used [0x00000000f7080000, 0x00000000f72016c8, 0x00000000f7d00000)
  to   space 12800K,   0% used [0x00000000f6400000, 0x00000000f6400000, 0x00000000f7080000)
 concurrent mark-sweep generation total 134144K, used 47193K [0x00000000f7d00000, 0x0000000100000000, 0x0000000100000000)
 Metaspace       used 65118K, capacity 69770K, committed 69888K, reserved 1110016K
  class space    used 8392K, capacity 9186K, committed 9216K, reserved 1048576K
2022-09-12T02:05:38.296+0800: 313.073: [GC (Allocation Failure)  151135K->48866K(249344K), 0.0040898 secs]
Heap after GC invocations=622 (full 0):
 par new generation   total 115200K, used 1655K [0x00000000f0000000, 0x00000000f7d00000, 0x00000000f7d00000)
  eden space 102400K,   0% used [0x00000000f0000000, 0x00000000f0000000, 0x00000000f6400000)
  from space 12800K,  12% used [0x00000000f6400000, 0x00000000f659dc40, 0x00000000f7080000)
  to   space 12800K,   0% used [0x00000000f7080000, 0x00000000f7080000, 0x00000000f7d00000)
 concurrent mark-sweep generation total 134144K, used 47211K [0x00000000f7d00000, 0x0000000100000000, 0x0000000100000000)
 Metaspace       used 65118K, capacity 69770K, committed 69888K, reserved 1110016K
  class space    used 8392K, capacity 9186K, committed 9216K, reserved 1048576K
}
{Heap before GC invocations=622 (full 0):
 par new generation   total 115200K, used 104055K [0x00000000f0000000, 0x00000000f7d00000, 0x00000000f7d00000)
  eden space 102400K, 100% used [0x00000000f0000000, 0x00000000f6400000, 0x00000000f6400000)
  from space 12800K,  12% used [0x00000000f6400000, 0x00000000f659dc40, 0x00000000f7080000)
  to   space 12800K,   0% used [0x00000000f7080000, 0x00000000f7080000, 0x00000000f7d00000)
 concurrent mark-sweep generation total 134144K, used 47211K [0x00000000f7d00000, 0x0000000100000000, 0x0000000100000000)
 Metaspace       used 65118K, capacity 69770K, committed 69888K, reserved 1110016K
  class space    used 8392K, capacity 9186K, committed 9216K, reserved 1048576K
2022-09-12T02:05:38.645+0800: 313.422: [GC (Allocation Failure)  151266K->48563K(249344K), 0.0041778 secs]
Heap after GC invocations=623 (full 0):
 par new generation   total 115200K, used 1337K [0x00000000f0000000, 0x00000000f7d00000, 0x00000000f7d00000)
  eden space 102400K,   0% used [0x00000000f0000000, 0x00000000f0000000, 0x00000000f6400000)
  from space 12800K,  10% used [0x00000000f7080000, 0x00000000f71ce710, 0x00000000f7d00000)
  to   space 12800K,   0% used [0x00000000f6400000, 0x00000000f6400000, 0x00000000f7080000)
 concurrent mark-sweep generation total 134144K, used 47225K [0x00000000f7d00000, 0x0000000100000000, 0x0000000100000000)
 Metaspace       used 65118K, capacity 69770K, committed 69888K, reserved 1110016K
  class space    used 8392K, capacity 9186K, committed 9216K, reserved 1048576K
}
{Heap before GC invocations=623 (full 0):
 par new generation   total 115200K, used 103737K [0x00000000f0000000, 0x00000000f7d00000, 0x00000000f7d00000)
  eden space 102400K, 100% used [0x00000000f0000000, 0x00000000f6400000, 0x00000000f6400000)
  from space 12800K,  10% used [0x00000000f7080000, 0x00000000f71ce710, 0x00000000f7d00000)
  to   space 12800K,   0% used [0x00000000f6400000, 0x00000000f6400000, 0x00000000f7080000)
 concurrent mark-sweep generation total 134144K, used 47225K [0x00000000f7d00000, 0x0000000100000000, 0x0000000100000000)
 Metaspace       used 65118K, capacity 69770K, committed 69888K, reserved 1110016K
  class space    used 8392K, capacity 9186K, committed 9216K, reserved 1048576K
2022-09-12T02:05:38.992+0800: 313.770: [GC (Allocation Failure)  150963K->48766K(249344K), 0.0040341 secs]
Heap after GC invocations=624 (full 0):
 par new generation   total 115200K, used 1526K [0x00000000f0000000, 0x00000000f7d00000, 0x00000000f7d00000)
  eden space 102400K,   0% used [0x00000000f0000000, 0x00000000f0000000, 0x00000000f6400000)
  from space 12800K,  11% used [0x00000000f6400000, 0x00000000f657daa0, 0x00000000f7080000)
  to   space 12800K,   0% used [0x00000000f7080000, 0x00000000f7080000, 0x00000000f7d00000)
 concurrent mark-sweep generation total 134144K, used 47239K [0x00000000f7d00000, 0x0000000100000000, 0x0000000100000000)
 Metaspace       used 65118K, capacity 69770K, committed 69888K, reserved 1110016K
  class space    used 8392K, capacity 9186K, committed 9216K, reserved 1048576K
}
{Heap before GC invocations=624 (full 0):
 par new generation   total 115200K, used 103926K [0x00000000f0000000, 0x00000000f7d00000, 0x00000000f7d00000)
  eden space 102400K, 100% used [0x00000000f0000000, 0x00000000f6400000, 0x00000000f6400000)
  from space 12800K,  11% used [0x00000000f6400000, 0x00000000f657daa0, 0x00000000f7080000)
  to   space 12800K,   0% used [0x00000000f7080000, 0x00000000f7080000, 0x00000000f7d00000)
 concurrent mark-sweep generation total 134144K, used 47239K [0x00000000f7d00000, 0x0000000100000000, 0x0000000100000000)
 Metaspace       used 65118K, capacity 69770K, committed 69888K, reserved 1110016K
  class space    used 8392K, capacity 9186K, committed 9216K, reserved 1048576K
2022-09-12T02:05:39.340+0800: 314.117: [GC (Allocation Failure)  151166K->48894K(249344K), 0.0040494 secs]
Heap after GC invocations=625 (full 0):
 par new generation   total 115200K, used 1638K [0x00000000f0000000, 0x00000000f7d00000, 0x00000000f7d00000)
  eden space 102400K,   0% used [0x00000000f0000000, 0x00000000f0000000, 0x00000000f6400000)
  from space 12800K,  12% used [0x00000000f7080000, 0x00000000f7219988, 0x00000000f7d00000)
  to   space 12800K,   0% used [0x00000000f6400000, 0x00000000f6400000, 0x00000000f7080000)
 concurrent mark-sweep generation total 134144K, used 47256K [0x00000000f7d00000, 0x0000000100000000, 0x0000000100000000)
 Metaspace       used 65118K, capacity 69770K, committed 69888K, reserved 1110016K
  class space    used 8392K, capacity 9186K, committed 9216K, reserved 1048576K
}
{Heap before GC invocations=625 (full 0):
 par new generation   total 115200K, used 104038K [0x00000000f0000000, 0x00000000f7d00000, 0x00000000f7d00000)
  eden space 102400K, 100% used [0x00000000f0000000, 0x00000000f6400000, 0x00000000f6400000)
  from space 12800K,  12% used [0x00000000f7080000, 0x00000000f7219988, 0x00000000f7d00000)
  to   space 12800K,   0% used [0x00000000f6400000, 0x00000000f6400000, 0x00000000f7080000)
 concurrent mark-sweep generation total 134144K, used 47256K [0x00000000f7d00000, 0x0000000100000000, 0x0000000100000000)
 Metaspace       used 65118K, capacity 69770K, committed 69888K, reserved 1110016K
  class space    used 8392K, capacity 9186K, committed 9216K, reserved 1048576K
2022-09-12T02:05:39.687+0800: 314.465: [GC (Allocation Failure)  151294K->48609K(249344K), 0.0041914 secs]
Heap after GC invocations=626 (full 0):
 par new generation   total 115200K, used 1331K [0x00000000f0000000, 0x00000000f7d00000, 0x00000000f7d00000)
  eden space 102400K,   0% used [0x00000000f0000000, 0x00000000f0000000, 0x00000000f6400000)
  from space 12800K,  10% used [0x00000000f6400000, 0x00000000f654cee0, 0x00000000f7080000)
  to   space 12800K,   0% used [0x00000000f7080000, 0x00000000f7080000, 0x00000000f7d00000)
 concurrent mark-sweep generation total 134144K, used 47277K [0x00000000f7d00000, 0x0000000100000000, 0x0000000100000000)
 Metaspace       used 65118K, capacity 69770K, committed 69888K, reserved 1110016K
  class space    used 8392K, capacity 9186K, committed 9216K, reserved 1048576K
}
{Heap before GC invocations=626 (full 0):
 par new generation   total 115200K, used 103731K [0x00000000f0000000, 0x00000000f7d00000, 0x00000000f7d00000)
  eden space 102400K, 100% used [0x00000000f0000000, 0x00000000f6400000, 0x00000000f6400000)
  from space 12800K,  10% used [0x00000000f6400000, 0x00000000f654cee0, 0x00000000f7080000)
  to   space 12800K,   0% used [0x00000000f7080000, 0x00000000f7080000, 0x00000000f7d00000)
 concurrent mark-sweep generation total 134144K, used 47277K [0x00000000f7d00000, 0x0000000100000000, 0x0000000100000000)
 Metaspace       used 65118K, capacity 69770K, committed 69888K, reserved 1110016K
  class space    used 8392K, capacity 9186K, committed 9216K, reserved 1048576K
2022-09-12T02:05:40.035+0800: 314.812: [GC (Allocation Failure)  151009K->48823K(249344K), 0.0042151 secs]
Heap after GC invocations=627 (full 0):
 par new generation   total 115200K, used 1529K [0x00000000f0000000, 0x00000000f7d00000, 0x00000000f7d00000)
  eden space 102400K,   0% used [0x00000000f0000000, 0x00000000f0000000, 0x00000000f6400000)
  from space 12800K,  11% used [0x00000000f7080000, 0x00000000f71fe478, 0x00000000f7d00000)
  to   space 12800K,   0% used [0x00000000f6400000, 0x00000000f6400000, 0x00000000f7080000)
 concurrent mark-sweep generation total 134144K, used 47294K [0x00000000f7d00000, 0x0000000100000000, 0x0000000100000000)
 Metaspace       used 65118K, capacity 69770K, committed 69888K, reserved 1110016K
  class space    used 8392K, capacity 9186K, committed 9216K, reserved 1048576K
}
{Heap before GC invocations=627 (full 0):
 par new generation   total 115200K, used 103929K [0x00000000f0000000, 0x00000000f7d00000, 0x00000000f7d00000)
  eden space 102400K, 100% used [0x00000000f0000000, 0x00000000f6400000, 0x00000000f6400000)
  from space 12800K,  11% used [0x00000000f7080000, 0x00000000f71fe478, 0x00000000f7d00000)
  to   space 12800K,   0% used [0x00000000f6400000, 0x00000000f6400000, 0x00000000f7080000)
 concurrent mark-sweep generation total 134144K, used 47294K [0x00000000f7d00000, 0x0000000100000000, 0x0000000100000000)
 Metaspace       used 65118K, capacity 69770K, committed 69888K, reserved 1110016K
  class space    used 8392K, capacity 9186K, committed 9216K, reserved 1048576K
2022-09-12T02:05:40.383+0800: 315.161: [GC (Allocation Failure)  151223K->48685K(249344K), 0.0043962 secs]
Heap after GC invocations=628 (full 0):
 par new generation   total 115200K, used 1374K [0x00000000f0000000, 0x00000000f7d00000, 0x00000000f7d00000)
  eden space 102400K,   0% used [0x00000000f0000000, 0x00000000f0000000, 0x00000000f6400000)
  from space 12800K,  10% used [0x00000000f6400000, 0x00000000f65579b0, 0x00000000f7080000)
  to   space 12800K,   0% used [0x00000000f7080000, 0x00000000f7080000, 0x00000000f7d00000)
 concurrent mark-sweep generation total 134144K, used 47310K [0x00000000f7d00000, 0x0000000100000000, 0x0000000100000000)
 Metaspace       used 65118K, capacity 69770K, committed 69888K, reserved 1110016K
  class space    used 8392K, capacity 9186K, committed 9216K, reserved 1048576K
}
{Heap before GC invocations=628 (full 0):
 par new generation   total 115200K, used 103774K [0x00000000f0000000, 0x00000000f7d00000, 0x00000000f7d00000)
  eden space 102400K, 100% used [0x00000000f0000000, 0x00000000f6400000, 0x00000000f6400000)
  from space 12800K,  10% used [0x00000000f6400000, 0x00000000f65579b0, 0x00000000f7080000)
  to   space 12800K,   0% used [0x00000000f7080000, 0x00000000f7080000, 0x00000000f7d00000)
 concurrent mark-sweep generation total 134144K, used 47310K [0x00000000f7d00000, 0x0000000100000000, 0x0000000100000000)
 Metaspace       used 65118K, capacity 69770K, committed 69888K, reserved 1110016K
  class space    used 8392K, capacity 9186K, committed 9216K, reserved 1048576K
2022-09-12T02:05:40.736+0800: 315.513: [GC (Allocation Failure)  151085K->48932K(249344K), 0.0041125 secs]
Heap after GC invocations=629 (full 0):
 par new generation   total 115200K, used 1609K [0x00000000f0000000, 0x00000000f7d00000, 0x00000000f7d00000)
  eden space 102400K,   0% used [0x00000000f0000000, 0x00000000f0000000, 0x00000000f6400000)
  from space 12800K,  12% used [0x00000000f7080000, 0x00000000f72127c8, 0x00000000f7d00000)
  to   space 12800K,   0% used [0x00000000f6400000, 0x00000000f6400000, 0x00000000f7080000)
 concurrent mark-sweep generation total 134144K, used 47322K [0x00000000f7d00000, 0x0000000100000000, 0x0000000100000000)
 Metaspace       used 65118K, capacity 69770K, committed 69888K, reserved 1110016K
  class space    used 8392K, capacity 9186K, committed 9216K, reserved 1048576K
}
{Heap before GC invocations=629 (full 0):
 par new generation   total 115200K, used 104009K [0x00000000f0000000, 0x00000000f7d00000, 0x00000000f7d00000)
  eden space 102400K, 100% used [0x00000000f0000000, 0x00000000f6400000, 0x00000000f6400000)
  from space 12800K,  12% used [0x00000000f7080000, 0x00000000f72127c8, 0x00000000f7d00000)
  to   space 12800K,   0% used [0x00000000f6400000, 0x00000000f6400000, 0x00000000f7080000)
 concurrent mark-sweep generation total 134144K, used 47322K [0x00000000f7d00000, 0x0000000100000000, 0x0000000100000000)
 Metaspace       used 65118K, capacity 69770K, committed 69888K, reserved 1110016K
  class space    used 8392K, capacity 9186K, committed 9216K, reserved 1048576K
2022-09-12T02:05:41.084+0800: 315.862: [GC (Allocation Failure)  151332K->49006K(249344K), 0.0040493 secs]
Heap after GC invocations=630 (full 0):
 par new generation   total 115200K, used 1670K [0x00000000f0000000, 0x00000000f7d00000, 0x00000000f7d00000)
  eden space 102400K,   0% used [0x00000000f0000000, 0x00000000f0000000, 0x00000000f6400000)
  from space 12800K,  13% used [0x00000000f6400000, 0x00000000f65a1a28, 0x00000000f7080000)
  to   space 12800K,   0% used [0x00000000f7080000, 0x00000000f7080000, 0x00000000f7d00000)
 concurrent mark-sweep generation total 134144K, used 47336K [0x00000000f7d00000, 0x0000000100000000, 0x0000000100000000)
 Metaspace       used 65118K, capacity 69770K, committed 69888K, reserved 1110016K
  class space    used 8392K, capacity 9186K, committed 9216K, reserved 1048576K
}
{Heap before GC invocations=630 (full 0):
 par new generation   total 115200K, used 104070K [0x00000000f0000000, 0x00000000f7d00000, 0x00000000f7d00000)
  eden space 102400K, 100% used [0x00000000f0000000, 0x00000000f6400000, 0x00000000f6400000)
  from space 12800K,  13% used [0x00000000f6400000, 0x00000000f65a1a28, 0x00000000f7080000)
  to   space 12800K,   0% used [0x00000000f7080000, 0x00000000f7080000, 0x00000000f7d00000)
 concurrent mark-sweep generation total 134144K, used 47336K [0x00000000f7d00000, 0x0000000100000000, 0x0000000100000000)
 Metaspace       used 65118K, capacity 69770K, committed 69888K, reserved 1110016K
  class space    used 8392K, capacity 9186K, committed 9216K, reserved 1048576K
2022-09-12T02:05:41.434+0800: 316.211: [GC (Allocation Failure)  151406K->48562K(249344K), 0.0041431 secs]
Heap after GC invocations=631 (full 0):
 par new generation   total 115200K, used 1206K [0x00000000f0000000, 0x00000000f7d00000, 0x00000000f7d00000)
  eden space 102400K,   0% used [0x00000000f0000000, 0x00000000f0000000, 0x00000000f6400000)
  from space 12800K,   9% used [0x00000000f7080000, 0x00000000f71ad900, 0x00000000f7d00000)
  to   space 12800K,   0% used [0x00000000f6400000, 0x00000000f6400000, 0x00000000f7080000)
 concurrent mark-sweep generation total 134144K, used 47356K [0x00000000f7d00000, 0x0000000100000000, 0x0000000100000000)
 Metaspace       used 65118K, capacity 69770K, committed 69888K, reserved 1110016K
  class space    used 8392K, capacity 9186K, committed 9216K, reserved 1048576K
}
{Heap before GC invocations=631 (full 0):
 par new generation   total 115200K, used 103606K [0x00000000f0000000, 0x00000000f7d00000, 0x00000000f7d00000)
  eden space 102400K, 100% used [0x00000000f0000000, 0x00000000f6400000, 0x00000000f6400000)
  from space 12800K,   9% used [0x00000000f7080000, 0x00000000f71ad900, 0x00000000f7d00000)
  to   space 12800K,   0% used [0x00000000f6400000, 0x00000000f6400000, 0x00000000f7080000)
 concurrent mark-sweep generation total 134144K, used 47356K [0x00000000f7d00000, 0x0000000100000000, 0x0000000100000000)
 Metaspace       used 65118K, capacity 69770K, committed 69888K, reserved 1110016K
  class space    used 8392K, capacity 9186K, committed 9216K, reserved 1048576K
2022-09-12T02:05:41.784+0800: 316.562: [GC (Allocation Failure)  150962K->48908K(249344K), 0.0040968 secs]
Heap after GC invocations=632 (full 0):
 par new generation   total 115200K, used 1540K [0x00000000f0000000, 0x00000000f7d00000, 0x00000000f7d00000)
  eden space 102400K,   0% used [0x00000000f0000000, 0x00000000f0000000, 0x00000000f6400000)
  from space 12800K,  12% used [0x00000000f6400000, 0x00000000f65811f8, 0x00000000f7080000)
  to   space 12800K,   0% used [0x00000000f7080000, 0x00000000f7080000, 0x00000000f7d00000)
 concurrent mark-sweep generation total 134144K, used 47368K [0x00000000f7d00000, 0x0000000100000000, 0x0000000100000000)
 Metaspace       used 65118K, capacity 69770K, committed 69888K, reserved 1110016K
  class space    used 8392K, capacity 9186K, committed 9216K, reserved 1048576K
}
{Heap before GC invocations=632 (full 0):
 par new generation   total 115200K, used 103940K [0x00000000f0000000, 0x00000000f7d00000, 0x00000000f7d00000)
  eden space 102400K, 100% used [0x00000000f0000000, 0x00000000f6400000, 0x00000000f6400000)
  from space 12800K,  12% used [0x00000000f6400000, 0x00000000f65811f8, 0x00000000f7080000)
  to   space 12800K,   0% used [0x00000000f7080000, 0x00000000f7080000, 0x00000000f7d00000)
 concurrent mark-sweep generation total 134144K, used 47368K [0x00000000f7d00000, 0x0000000100000000, 0x0000000100000000)
 Metaspace       used 65118K, capacity 69770K, committed 69888K, reserved 1110016K
  class space    used 8392K, capacity 9186K, committed 9216K, reserved 1048576K
2022-09-12T02:05:42.136+0800: 316.913: [GC (Allocation Failure)  151308K->48814K(249344K), 0.0045418 secs]
Heap after GC invocations=633 (full 0):
 par new generation   total 115200K, used 1428K [0x00000000f0000000, 0x00000000f7d00000, 0x00000000f7d00000)
  eden space 102400K,   0% used [0x00000000f0000000, 0x00000000f0000000, 0x00000000f6400000)
  from space 12800K,  11% used [0x00000000f7080000, 0x00000000f71e52d0, 0x00000000f7d00000)
  to   space 12800K,   0% used [0x00000000f6400000, 0x00000000f6400000, 0x00000000f7080000)
 concurrent mark-sweep generation total 134144K, used 47386K [0x00000000f7d00000, 0x0000000100000000, 0x0000000100000000)
 Metaspace       used 65118K, capacity 69770K, committed 69888K, reserved 1110016K
  class space    used 8392K, capacity 9186K, committed 9216K, reserved 1048576K
}
{Heap before GC invocations=633 (full 0):
 par new generation   total 115200K, used 103828K [0x00000000f0000000, 0x00000000f7d00000, 0x00000000f7d00000)
  eden space 102400K, 100% used [0x00000000f0000000, 0x00000000f6400000, 0x00000000f6400000)
  from space 12800K,  11% used [0x00000000f7080000, 0x00000000f71e52d0, 0x00000000f7d00000)
  to   space 12800K,   0% used [0x00000000f6400000, 0x00000000f6400000, 0x00000000f7080000)
 concurrent mark-sweep generation total 134144K, used 47386K [0x00000000f7d00000, 0x0000000100000000, 0x0000000100000000)
 Metaspace       used 65118K, capacity 69770K, committed 69888K, reserved 1110016K
  class space    used 8392K, capacity 9186K, committed 9216K, reserved 1048576K
2022-09-12T02:05:42.488+0800: 317.265: [GC (Allocation Failure)  151214K->49098K(249344K), 0.0041901 secs]
Heap after GC invocations=634 (full 0):
 par new generation   total 115200K, used 1689K [0x00000000f0000000, 0x00000000f7d00000, 0x00000000f7d00000)
  eden space 102400K,   0% used [0x00000000f0000000, 0x00000000f0000000, 0x00000000f6400000)
  from space 12800K,  13% used [0x00000000f6400000, 0x00000000f65a65a0, 0x00000000f7080000)
  to   space 12800K,   0% used [0x00000000f7080000, 0x00000000f7080000, 0x00000000f7d00000)
 concurrent mark-sweep generation total 134144K, used 47409K [0x00000000f7d00000, 0x0000000100000000, 0x0000000100000000)
 Metaspace       used 65118K, capacity 69770K, committed 69888K, reserved 1110016K
  class space    used 8392K, capacity 9186K, committed 9216K, reserved 1048576K
}
{Heap before GC invocations=634 (full 0):
 par new generation   total 115200K, used 104089K [0x00000000f0000000, 0x00000000f7d00000, 0x00000000f7d00000)
  eden space 102400K, 100% used [0x00000000f0000000, 0x00000000f6400000, 0x00000000f6400000)
  from space 12800K,  13% used [0x00000000f6400000, 0x00000000f65a65a0, 0x00000000f7080000)
  to   space 12800K,   0% used [0x00000000f7080000, 0x00000000f7080000, 0x00000000f7d00000)
 concurrent mark-sweep generation total 134144K, used 47409K [0x00000000f7d00000, 0x0000000100000000, 0x0000000100000000)
 Metaspace       used 65118K, capacity 69770K, committed 69888K, reserved 1110016K
  class space    used 8392K, capacity 9186K, committed 9216K, reserved 1048576K
2022-09-12T02:05:42.837+0800: 317.614: [GC (Allocation Failure)  151498K->48791K(249344K), 0.0040023 secs]
Heap after GC invocations=635 (full 0):
 par new generation   total 115200K, used 1368K [0x00000000f0000000, 0x00000000f7d00000, 0x00000000f7d00000)
  eden space 102400K,   0% used [0x00000000f0000000, 0x00000000f0000000, 0x00000000f6400000)
  from space 12800K,  10% used [0x00000000f7080000, 0x00000000f71d60d8, 0x00000000f7d00000)
  to   space 12800K,   0% used [0x00000000f6400000, 0x00000000f6400000, 0x00000000f7080000)
 concurrent mark-sweep generation total 134144K, used 47423K [0x00000000f7d00000, 0x0000000100000000, 0x0000000100000000)
 Metaspace       used 65118K, capacity 69770K, committed 69888K, reserved 1110016K
  class space    used 8392K, capacity 9186K, committed 9216K, reserved 1048576K
}
{Heap before GC invocations=635 (full 0):
 par new generation   total 115200K, used 103768K [0x00000000f0000000, 0x00000000f7d00000, 0x00000000f7d00000)
  eden space 102400K, 100% used [0x00000000f0000000, 0x00000000f6400000, 0x00000000f6400000)
  from space 12800K,  10% used [0x00000000f7080000, 0x00000000f71d60d8, 0x00000000f7d00000)
  to   space 12800K,   0% used [0x00000000f6400000, 0x00000000f6400000, 0x00000000f7080000)
 concurrent mark-sweep generation total 134144K, used 47423K [0x00000000f7d00000, 0x0000000100000000, 0x0000000100000000)
 Metaspace       used 65118K, capacity 69770K, committed 69888K, reserved 1110016K
  class space    used 8392K, capacity 9186K, committed 9216K, reserved 1048576K
2022-09-12T02:05:43.186+0800: 317.964: [GC (Allocation Failure)  151191K->48996K(249344K), 0.0039503 secs]
Heap after GC invocations=636 (full 0):
 par new generation   total 115200K, used 1555K [0x00000000f0000000, 0x00000000f7d00000, 0x00000000f7d00000)
  eden space 102400K,   0% used [0x00000000f0000000, 0x00000000f0000000, 0x00000000f6400000)
  from space 12800K,  12% used [0x00000000f6400000, 0x00000000f6584cd0, 0x00000000f7080000)
  to   space 12800K,   0% used [0x00000000f7080000, 0x00000000f7080000, 0x00000000f7d00000)
 concurrent mark-sweep generation total 134144K, used 47440K [0x00000000f7d00000, 0x0000000100000000, 0x0000000100000000)
 Metaspace       used 65118K, capacity 69770K, committed 69888K, reserved 1110016K
  class space    used 8392K, capacity 9186K, committed 9216K, reserved 1048576K
}
{Heap before GC invocations=636 (full 0):
 par new generation   total 115200K, used 103955K [0x00000000f0000000, 0x00000000f7d00000, 0x00000000f7d00000)
  eden space 102400K, 100% used [0x00000000f0000000, 0x00000000f6400000, 0x00000000f6400000)
  from space 12800K,  12% used [0x00000000f6400000, 0x00000000f6584cd0, 0x00000000f7080000)
  to   space 12800K,   0% used [0x00000000f7080000, 0x00000000f7080000, 0x00000000f7d00000)
 concurrent mark-sweep generation total 134144K, used 47440K [0x00000000f7d00000, 0x0000000100000000, 0x0000000100000000)
 Metaspace       used 65118K, capacity 69770K, committed 69888K, reserved 1110016K
  class space    used 8392K, capacity 9186K, committed 9216K, reserved 1048576K
2022-09-12T02:05:43.534+0800: 318.311: [GC (Allocation Failure)  151396K->48684K(249344K), 0.0040872 secs]
Heap after GC invocations=637 (full 0):
 par new generation   total 115200K, used 1231K [0x00000000f0000000, 0x00000000f7d00000, 0x00000000f7d00000)
  eden space 102400K,   0% used [0x00000000f0000000, 0x00000000f0000000, 0x00000000f6400000)
  from space 12800K,   9% used [0x00000000f7080000, 0x00000000f71b3ef0, 0x00000000f7d00000)
  to   space 12800K,   0% used [0x00000000f6400000, 0x00000000f6400000, 0x00000000f7080000)
 concurrent mark-sweep generation total 134144K, used 47452K [0x00000000f7d00000, 0x0000000100000000, 0x0000000100000000)
 Metaspace       used 65118K, capacity 69770K, committed 69888K, reserved 1110016K
  class space    used 8392K, capacity 9186K, committed 9216K, reserved 1048576K
}
{Heap before GC invocations=637 (full 0):
 par new generation   total 115200K, used 103631K [0x00000000f0000000, 0x00000000f7d00000, 0x00000000f7d00000)
  eden space 102400K, 100% used [0x00000000f0000000, 0x00000000f6400000, 0x00000000f6400000)
  from space 12800K,   9% used [0x00000000f7080000, 0x00000000f71b3ef0, 0x00000000f7d00000)
  to   space 12800K,   0% used [0x00000000f6400000, 0x00000000f6400000, 0x00000000f7080000)
 concurrent mark-sweep generation total 134144K, used 47452K [0x00000000f7d00000, 0x0000000100000000, 0x0000000100000000)
 Metaspace       used 65118K, capacity 69770K, committed 69888K, reserved 1110016K
  class space    used 8392K, capacity 9186K, committed 9216K, reserved 1048576K
2022-09-12T02:05:43.881+0800: 318.659: [GC (Allocation Failure)  151084K->48969K(249344K), 0.0041425 secs]
Heap after GC invocations=638 (full 0):
 par new generation   total 115200K, used 1501K [0x00000000f0000000, 0x00000000f7d00000, 0x00000000f7d00000)
  eden space 102400K,   0% used [0x00000000f0000000, 0x00000000f0000000, 0x00000000f6400000)
  from space 12800K,  11% used [0x00000000f6400000, 0x00000000f6577478, 0x00000000f7080000)
  to   space 12800K,   0% used [0x00000000f7080000, 0x00000000f7080000, 0x00000000f7d00000)
 concurrent mark-sweep generation total 134144K, used 47468K [0x00000000f7d00000, 0x0000000100000000, 0x0000000100000000)
 Metaspace       used 65118K, capacity 69770K, committed 69888K, reserved 1110016K
  class space    used 8392K, capacity 9186K, committed 9216K, reserved 1048576K
}
{Heap before GC invocations=638 (full 0):
 par new generation   total 115200K, used 103901K [0x00000000f0000000, 0x00000000f7d00000, 0x00000000f7d00000)
  eden space 102400K, 100% used [0x00000000f0000000, 0x00000000f6400000, 0x00000000f6400000)
  from space 12800K,  11% used [0x00000000f6400000, 0x00000000f6577478, 0x00000000f7080000)
  to   space 12800K,   0% used [0x00000000f7080000, 0x00000000f7080000, 0x00000000f7d00000)
 concurrent mark-sweep generation total 134144K, used 47468K [0x00000000f7d00000, 0x0000000100000000, 0x0000000100000000)
 Metaspace       used 65118K, capacity 69770K, committed 69888K, reserved 1110016K
  class space    used 8392K, capacity 9186K, committed 9216K, reserved 1048576K
2022-09-12T02:05:44.241+0800: 319.019: [GC (Allocation Failure)  151369K->49150K(249344K), 0.0039923 secs]
Heap after GC invocations=639 (full 0):
 par new generation   total 115200K, used 1668K [0x00000000f0000000, 0x00000000f7d00000, 0x00000000f7d00000)
  eden space 102400K,   0% used [0x00000000f0000000, 0x00000000f0000000, 0x00000000f6400000)
  from space 12800K,  13% used [0x00000000f7080000, 0x00000000f7221088, 0x00000000f7d00000)
  to   space 12800K,   0% used [0x00000000f6400000, 0x00000000f6400000, 0x00000000f7080000)
 concurrent mark-sweep generation total 134144K, used 47482K [0x00000000f7d00000, 0x0000000100000000, 0x0000000100000000)
 Metaspace       used 65118K, capacity 69770K, committed 69888K, reserved 1110016K
  class space    used 8392K, capacity 9186K, committed 9216K, reserved 1048576K
}
{Heap before GC invocations=639 (full 0):
 par new generation   total 115200K, used 104068K [0x00000000f0000000, 0x00000000f7d00000, 0x00000000f7d00000)
  eden space 102400K, 100% used [0x00000000f0000000, 0x00000000f6400000, 0x00000000f6400000)
  from space 12800K,  13% used [0x00000000f7080000, 0x00000000f7221088, 0x00000000f7d00000)
  to   space 12800K,   0% used [0x00000000f6400000, 0x00000000f6400000, 0x00000000f7080000)
 concurrent mark-sweep generation total 134144K, used 47482K [0x00000000f7d00000, 0x0000000100000000, 0x0000000100000000)
 Metaspace       used 65118K, capacity 69770K, committed 69888K, reserved 1110016K
  class space    used 8392K, capacity 9186K, committed 9216K, reserved 1048576K
2022-09-12T02:05:44.589+0800: 319.366: [GC (Allocation Failure)  151550K->48679K(249344K), 0.0039963 secs]
Heap after GC invocations=640 (full 0):
 par new generation   total 115200K, used 1178K [0x00000000f0000000, 0x00000000f7d00000, 0x00000000f7d00000)
  eden space 102400K,   0% used [0x00000000f0000000, 0x00000000f0000000, 0x00000000f6400000)
  from space 12800K,   9% used [0x00000000f6400000, 0x00000000f6526a80, 0x00000000f7080000)
  to   space 12800K,   0% used [0x00000000f7080000, 0x00000000f7080000, 0x00000000f7d00000)
 concurrent mark-sweep generation total 134144K, used 47501K [0x00000000f7d00000, 0x0000000100000000, 0x0000000100000000)
 Metaspace       used 65118K, capacity 69770K, committed 69888K, reserved 1110016K
  class space    used 8392K, capacity 9186K, committed 9216K, reserved 1048576K
}
{Heap before GC invocations=640 (full 0):
 par new generation   total 115200K, used 103578K [0x00000000f0000000, 0x00000000f7d00000, 0x00000000f7d00000)
  eden space 102400K, 100% used [0x00000000f0000000, 0x00000000f6400000, 0x00000000f6400000)
  from space 12800K,   9% used [0x00000000f6400000, 0x00000000f6526a80, 0x00000000f7080000)
  to   space 12800K,   0% used [0x00000000f7080000, 0x00000000f7080000, 0x00000000f7d00000)
 concurrent mark-sweep generation total 134144K, used 47501K [0x00000000f7d00000, 0x0000000100000000, 0x0000000100000000)
 Metaspace       used 65118K, capacity 69770K, committed 69888K, reserved 1110016K
  class space    used 8392K, capacity 9186K, committed 9216K, reserved 1048576K
2022-09-12T02:05:44.937+0800: 319.714: [GC (Allocation Failure)  151079K->49016K(249344K), 0.0040367 secs]
Heap after GC invocations=641 (full 0):
 par new generation   total 115200K, used 1499K [0x00000000f0000000, 0x00000000f7d00000, 0x00000000f7d00000)
  eden space 102400K,   0% used [0x00000000f0000000, 0x00000000f0000000, 0x00000000f6400000)
  from space 12800K,  11% used [0x00000000f7080000, 0x00000000f71f6e20, 0x00000000f7d00000)
  to   space 12800K,   0% used [0x00000000f6400000, 0x00000000f6400000, 0x00000000f7080000)
 concurrent mark-sweep generation total 134144K, used 47516K [0x00000000f7d00000, 0x0000000100000000, 0x0000000100000000)
 Metaspace       used 65118K, capacity 69770K, committed 69888K, reserved 1110016K
  class space    used 8392K, capacity 9186K, committed 9216K, reserved 1048576K
}
{Heap before GC invocations=641 (full 0):
 par new generation   total 115200K, used 103899K [0x00000000f0000000, 0x00000000f7d00000, 0x00000000f7d00000)
  eden space 102400K, 100% used [0x00000000f0000000, 0x00000000f6400000, 0x00000000f6400000)
  from space 12800K,  11% used [0x00000000f7080000, 0x00000000f71f6e20, 0x00000000f7d00000)
  to   space 12800K,   0% used [0x00000000f6400000, 0x00000000f6400000, 0x00000000f7080000)
 concurrent mark-sweep generation total 134144K, used 47516K [0x00000000f7d00000, 0x0000000100000000, 0x0000000100000000)
 Metaspace       used 65118K, capacity 69770K, committed 69888K, reserved 1110016K
  class space    used 8392K, capacity 9186K, committed 9216K, reserved 1048576K
2022-09-12T02:05:45.289+0800: 320.066: [GC (Allocation Failure)  151416K->49156K(249344K), 0.0041055 secs]
Heap after GC invocations=642 (full 0):
 par new generation   total 115200K, used 1620K [0x00000000f0000000, 0x00000000f7d00000, 0x00000000f7d00000)
  eden space 102400K,   0% used [0x00000000f0000000, 0x00000000f0000000, 0x00000000f6400000)
  from space 12800K,  12% used [0x00000000f6400000, 0x00000000f6595270, 0x00000000f7080000)
  to   space 12800K,   0% used [0x00000000f7080000, 0x00000000f7080000, 0x00000000f7d00000)
 concurrent mark-sweep generation total 134144K, used 47535K [0x00000000f7d00000, 0x0000000100000000, 0x0000000100000000)
 Metaspace       used 65118K, capacity 69770K, committed 69888K, reserved 1110016K
  class space    used 8392K, capacity 9186K, committed 9216K, reserved 1048576K
}
{Heap before GC invocations=642 (full 0):
 par new generation   total 115200K, used 104020K [0x00000000f0000000, 0x00000000f7d00000, 0x00000000f7d00000)
  eden space 102400K, 100% used [0x00000000f0000000, 0x00000000f6400000, 0x00000000f6400000)
  from space 12800K,  12% used [0x00000000f6400000, 0x00000000f6595270, 0x00000000f7080000)
  to   space 12800K,   0% used [0x00000000f7080000, 0x00000000f7080000, 0x00000000f7d00000)
 concurrent mark-sweep generation total 134144K, used 47535K [0x00000000f7d00000, 0x0000000100000000, 0x0000000100000000)
 Metaspace       used 65118K, capacity 69770K, committed 69888K, reserved 1110016K
  class space    used 8392K, capacity 9186K, committed 9216K, reserved 1048576K
2022-09-12T02:05:45.637+0800: 320.415: [GC (Allocation Failure)  151556K->49236K(249344K), 0.0039801 secs]
Heap after GC invocations=643 (full 0):
 par new generation   total 115200K, used 1686K [0x00000000f0000000, 0x00000000f7d00000, 0x00000000f7d00000)
  eden space 102400K,   0% used [0x00000000f0000000, 0x00000000f0000000, 0x00000000f6400000)
  from space 12800K,  13% used [0x00000000f7080000, 0x00000000f7225a40, 0x00000000f7d00000)
  to   space 12800K,   0% used [0x00000000f6400000, 0x00000000f6400000, 0x00000000f7080000)
 concurrent mark-sweep generation total 134144K, used 47549K [0x00000000f7d00000, 0x0000000100000000, 0x0000000100000000)
 Metaspace       used 65118K, capacity 69770K, committed 69888K, reserved 1110016K
  class space    used 8392K, capacity 9186K, committed 9216K, reserved 1048576K
}
{Heap before GC invocations=643 (full 0):
 par new generation   total 115200K, used 104086K [0x00000000f0000000, 0x00000000f7d00000, 0x00000000f7d00000)
  eden space 102400K, 100% used [0x00000000f0000000, 0x00000000f6400000, 0x00000000f6400000)
  from space 12800K,  13% used [0x00000000f7080000, 0x00000000f7225a40, 0x00000000f7d00000)
  to   space 12800K,   0% used [0x00000000f6400000, 0x00000000f6400000, 0x00000000f7080000)
 concurrent mark-sweep generation total 134144K, used 47549K [0x00000000f7d00000, 0x0000000100000000, 0x0000000100000000)
 Metaspace       used 65119K, capacity 69770K, committed 69888K, reserved 1110016K
  class space    used 8392K, capacity 9186K, committed 9216K, reserved 1048576K
2022-09-12T02:05:45.986+0800: 320.763: [GC (Allocation Failure)  151636K->48759K(249344K), 0.0042010 secs]
Heap after GC invocations=644 (full 0):
 par new generation   total 115200K, used 1188K [0x00000000f0000000, 0x00000000f7d00000, 0x00000000f7d00000)
  eden space 102400K,   0% used [0x00000000f0000000, 0x00000000f0000000, 0x00000000f6400000)
  from space 12800K,   9% used [0x00000000f6400000, 0x00000000f65291c0, 0x00000000f7080000)
  to   space 12800K,   0% used [0x00000000f7080000, 0x00000000f7080000, 0x00000000f7d00000)
 concurrent mark-sweep generation total 134144K, used 47571K [0x00000000f7d00000, 0x0000000100000000, 0x0000000100000000)
 Metaspace       used 65119K, capacity 69770K, committed 69888K, reserved 1110016K
  class space    used 8392K, capacity 9186K, committed 9216K, reserved 1048576K
}
{Heap before GC invocations=644 (full 0):
 par new generation   total 115200K, used 103588K [0x00000000f0000000, 0x00000000f7d00000, 0x00000000f7d00000)
  eden space 102400K, 100% used [0x00000000f0000000, 0x00000000f6400000, 0x00000000f6400000)
  from space 12800K,   9% used [0x00000000f6400000, 0x00000000f65291c0, 0x00000000f7080000)
  to   space 12800K,   0% used [0x00000000f7080000, 0x00000000f7080000, 0x00000000f7d00000)
 concurrent mark-sweep generation total 134144K, used 47571K [0x00000000f7d00000, 0x0000000100000000, 0x0000000100000000)
 Metaspace       used 65119K, capacity 69770K, committed 69888K, reserved 1110016K
  class space    used 8392K, capacity 9186K, committed 9216K, reserved 1048576K
2022-09-12T02:05:46.342+0800: 321.120: [GC (Allocation Failure)  151159K->49099K(249344K), 0.0040840 secs]
Heap after GC invocations=645 (full 0):
 par new generation   total 115200K, used 1518K [0x00000000f0000000, 0x00000000f7d00000, 0x00000000f7d00000)
  eden space 102400K,   0% used [0x00000000f0000000, 0x00000000f0000000, 0x00000000f6400000)
  from space 12800K,  11% used [0x00000000f7080000, 0x00000000f71fbb58, 0x00000000f7d00000)
  to   space 12800K,   0% used [0x00000000f6400000, 0x00000000f6400000, 0x00000000f7080000)
 concurrent mark-sweep generation total 134144K, used 47580K [0x00000000f7d00000, 0x0000000100000000, 0x0000000100000000)
 Metaspace       used 65119K, capacity 69770K, committed 69888K, reserved 1110016K
  class space    used 8392K, capacity 9186K, committed 9216K, reserved 1048576K
}
{Heap before GC invocations=645 (full 0):
 par new generation   total 115200K, used 103918K [0x00000000f0000000, 0x00000000f7d00000, 0x00000000f7d00000)
  eden space 102400K, 100% used [0x00000000f0000000, 0x00000000f6400000, 0x00000000f6400000)
  from space 12800K,  11% used [0x00000000f7080000, 0x00000000f71fbb58, 0x00000000f7d00000)
  to   space 12800K,   0% used [0x00000000f6400000, 0x00000000f6400000, 0x00000000f7080000)
 concurrent mark-sweep generation total 134144K, used 47580K [0x00000000f7d00000, 0x0000000100000000, 0x0000000100000000)
 Metaspace       used 65119K, capacity 69770K, committed 69888K, reserved 1110016K
  class space    used 8392K, capacity 9186K, committed 9216K, reserved 1048576K
2022-09-12T02:05:46.690+0800: 321.467: [GC (Allocation Failure)  151499K->49240K(249344K), 0.0040563 secs]
Heap after GC invocations=646 (full 0):
 par new generation   total 115200K, used 1643K [0x00000000f0000000, 0x00000000f7d00000, 0x00000000f7d00000)
  eden space 102400K,   0% used [0x00000000f0000000, 0x00000000f0000000, 0x00000000f6400000)
  from space 12800K,  12% used [0x00000000f6400000, 0x00000000f659af68, 0x00000000f7080000)
  to   space 12800K,   0% used [0x00000000f7080000, 0x00000000f7080000, 0x00000000f7d00000)
 concurrent mark-sweep generation total 134144K, used 47597K [0x00000000f7d00000, 0x0000000100000000, 0x0000000100000000)
 Metaspace       used 65119K, capacity 69770K, committed 69888K, reserved 1110016K
  class space    used 8392K, capacity 9186K, committed 9216K, reserved 1048576K
}
{Heap before GC invocations=646 (full 0):
 par new generation   total 115200K, used 104043K [0x00000000f0000000, 0x00000000f7d00000, 0x00000000f7d00000)
  eden space 102400K, 100% used [0x00000000f0000000, 0x00000000f6400000, 0x00000000f6400000)
  from space 12800K,  12% used [0x00000000f6400000, 0x00000000f659af68, 0x00000000f7080000)
  to   space 12800K,   0% used [0x00000000f7080000, 0x00000000f7080000, 0x00000000f7d00000)
 concurrent mark-sweep generation total 134144K, used 47597K [0x00000000f7d00000, 0x0000000100000000, 0x0000000100000000)
 Metaspace       used 65119K, capacity 69770K, committed 69888K, reserved 1110016K
  class space    used 8392K, capacity 9186K, committed 9216K, reserved 1048576K
2022-09-12T02:05:47.038+0800: 321.815: [GC (Allocation Failure)  151640K->48644K(249344K), 0.0039386 secs]
Heap after GC invocations=647 (full 0):
 par new generation   total 115200K, used 1034K [0x00000000f0000000, 0x00000000f7d00000, 0x00000000f7d00000)
  eden space 102400K,   0% used [0x00000000f0000000, 0x00000000f0000000, 0x00000000f6400000)
  from space 12800K,   8% used [0x00000000f7080000, 0x00000000f7182af8, 0x00000000f7d00000)
  to   space 12800K,   0% used [0x00000000f6400000, 0x00000000f6400000, 0x00000000f7080000)
 concurrent mark-sweep generation total 134144K, used 47609K [0x00000000f7d00000, 0x0000000100000000, 0x0000000100000000)
 Metaspace       used 65119K, capacity 69770K, committed 69888K, reserved 1110016K
  class space    used 8392K, capacity 9186K, committed 9216K, reserved 1048576K
}
{Heap before GC invocations=647 (full 0):
 par new generation   total 115200K, used 103434K [0x00000000f0000000, 0x00000000f7d00000, 0x00000000f7d00000)
  eden space 102400K, 100% used [0x00000000f0000000, 0x00000000f6400000, 0x00000000f6400000)
  from space 12800K,   8% used [0x00000000f7080000, 0x00000000f7182af8, 0x00000000f7d00000)
  to   space 12800K,   0% used [0x00000000f6400000, 0x00000000f6400000, 0x00000000f7080000)
 concurrent mark-sweep generation total 134144K, used 47609K [0x00000000f7d00000, 0x0000000100000000, 0x0000000100000000)
 Metaspace       used 65119K, capacity 69770K, committed 69888K, reserved 1110016K
  class space    used 8392K, capacity 9186K, committed 9216K, reserved 1048576K
2022-09-12T02:05:47.386+0800: 322.164: [GC (Allocation Failure)  151044K->48910K(249344K), 0.0040288 secs]
Heap after GC invocations=648 (full 0):
 par new generation   total 115200K, used 1276K [0x00000000f0000000, 0x00000000f7d00000, 0x00000000f7d00000)
  eden space 102400K,   0% used [0x00000000f0000000, 0x00000000f0000000, 0x00000000f6400000)
  from space 12800K,   9% used [0x00000000f6400000, 0x00000000f653f260, 0x00000000f7080000)
  to   space 12800K,   0% used [0x00000000f7080000, 0x00000000f7080000, 0x00000000f7d00000)
 concurrent mark-sweep generation total 134144K, used 47634K [0x00000000f7d00000, 0x0000000100000000, 0x0000000100000000)
 Metaspace       used 65119K, capacity 69770K, committed 69888K, reserved 1110016K
  class space    used 8392K, capacity 9186K, committed 9216K, reserved 1048576K
}
{Heap before GC invocations=648 (full 0):
 par new generation   total 115200K, used 103676K [0x00000000f0000000, 0x00000000f7d00000, 0x00000000f7d00000)
  eden space 102400K, 100% used [0x00000000f0000000, 0x00000000f6400000, 0x00000000f6400000)
  from space 12800K,   9% used [0x00000000f6400000, 0x00000000f653f260, 0x00000000f7080000)
  to   space 12800K,   0% used [0x00000000f7080000, 0x00000000f7080000, 0x00000000f7d00000)
 concurrent mark-sweep generation total 134144K, used 47634K [0x00000000f7d00000, 0x0000000100000000, 0x0000000100000000)
 Metaspace       used 65119K, capacity 69770K, committed 69888K, reserved 1110016K
  class space    used 8392K, capacity 9186K, committed 9216K, reserved 1048576K
2022-09-12T02:05:47.735+0800: 322.513: [GC (Allocation Failure)  151310K->49228K(249344K), 0.0040349 secs]
Heap after GC invocations=649 (full 0):
 par new generation   total 115200K, used 1583K [0x00000000f0000000, 0x00000000f7d00000, 0x00000000f7d00000)
  eden space 102400K,   0% used [0x00000000f0000000, 0x00000000f0000000, 0x00000000f6400000)
  from space 12800K,  12% used [0x00000000f7080000, 0x00000000f720bfa8, 0x00000000f7d00000)
  to   space 12800K,   0% used [0x00000000f6400000, 0x00000000f6400000, 0x00000000f7080000)
 concurrent mark-sweep generation total 134144K, used 47644K [0x00000000f7d00000, 0x0000000100000000, 0x0000000100000000)
 Metaspace       used 65119K, capacity 69770K, committed 69888K, reserved 1110016K
  class space    used 8392K, capacity 9186K, committed 9216K, reserved 1048576K
}
{Heap before GC invocations=649 (full 0):
 par new generation   total 115200K, used 103983K [0x00000000f0000000, 0x00000000f7d00000, 0x00000000f7d00000)
  eden space 102400K, 100% used [0x00000000f0000000, 0x00000000f6400000, 0x00000000f6400000)
  from space 12800K,  12% used [0x00000000f7080000, 0x00000000f720bfa8, 0x00000000f7d00000)
  to   space 12800K,   0% used [0x00000000f6400000, 0x00000000f6400000, 0x00000000f7080000)
 concurrent mark-sweep generation total 134144K, used 47644K [0x00000000f7d00000, 0x0000000100000000, 0x0000000100000000)
 Metaspace       used 65119K, capacity 69770K, committed 69888K, reserved 1110016K
  class space    used 8392K, capacity 9186K, committed 9216K, reserved 1048576K
2022-09-12T02:05:48.097+0800: 322.874: [GC (Allocation Failure)  151628K->48666K(249344K), 0.0041841 secs]
Heap after GC invocations=650 (full 0):
 par new generation   total 115200K, used 1000K [0x00000000f0000000, 0x00000000f7d00000, 0x00000000f7d00000)
  eden space 102400K,   0% used [0x00000000f0000000, 0x00000000f0000000, 0x00000000f6400000)
  from space 12800K,   7% used [0x00000000f6400000, 0x00000000f64fa278, 0x00000000f7080000)
  to   space 12800K,   0% used [0x00000000f7080000, 0x00000000f7080000, 0x00000000f7d00000)
 concurrent mark-sweep generation total 134144K, used 47665K [0x00000000f7d00000, 0x0000000100000000, 0x0000000100000000)
 Metaspace       used 65119K, capacity 69770K, committed 69888K, reserved 1110016K
  class space    used 8392K, capacity 9186K, committed 9216K, reserved 1048576K
}
{Heap before GC invocations=650 (full 0):
 par new generation   total 115200K, used 103400K [0x00000000f0000000, 0x00000000f7d00000, 0x00000000f7d00000)
  eden space 102400K, 100% used [0x00000000f0000000, 0x00000000f6400000, 0x00000000f6400000)
  from space 12800K,   7% used [0x00000000f6400000, 0x00000000f64fa278, 0x00000000f7080000)
  to   space 12800K,   0% used [0x00000000f7080000, 0x00000000f7080000, 0x00000000f7d00000)
 concurrent mark-sweep generation total 134144K, used 47665K [0x00000000f7d00000, 0x0000000100000000, 0x0000000100000000)
 Metaspace       used 65119K, capacity 69770K, committed 69888K, reserved 1110016K
  class space    used 8392K, capacity 9186K, committed 9216K, reserved 1048576K
2022-09-12T02:05:48.448+0800: 323.225: [GC (Allocation Failure)  151066K->49125K(249344K), 0.0044249 secs]
Heap after GC invocations=651 (full 0):
 par new generation   total 115200K, used 1449K [0x00000000f0000000, 0x00000000f7d00000, 0x00000000f7d00000)
  eden space 102400K,   0% used [0x00000000f0000000, 0x00000000f0000000, 0x00000000f6400000)
  from space 12800K,  11% used [0x00000000f7080000, 0x00000000f71ea438, 0x00000000f7d00000)
  to   space 12800K,   0% used [0x00000000f6400000, 0x00000000f6400000, 0x00000000f7080000)
 concurrent mark-sweep generation total 134144K, used 47676K [0x00000000f7d00000, 0x0000000100000000, 0x0000000100000000)
 Metaspace       used 65119K, capacity 69770K, committed 69888K, reserved 1110016K
  class space    used 8392K, capacity 9186K, committed 9216K, reserved 1048576K
}
{Heap before GC invocations=651 (full 0):
 par new generation   total 115200K, used 103849K [0x00000000f0000000, 0x00000000f7d00000, 0x00000000f7d00000)
  eden space 102400K, 100% used [0x00000000f0000000, 0x00000000f6400000, 0x00000000f6400000)
  from space 12800K,  11% used [0x00000000f7080000, 0x00000000f71ea438, 0x00000000f7d00000)
  to   space 12800K,   0% used [0x00000000f6400000, 0x00000000f6400000, 0x00000000f7080000)
 concurrent mark-sweep generation total 134144K, used 47676K [0x00000000f7d00000, 0x0000000100000000, 0x0000000100000000)
 Metaspace       used 65119K, capacity 69770K, committed 69888K, reserved 1110016K
  class space    used 8392K, capacity 9186K, committed 9216K, reserved 1048576K
2022-09-12T02:05:48.796+0800: 323.573: [GC (Allocation Failure)  151525K->49074K(249344K), 0.0044145 secs]
Heap after GC invocations=652 (full 0):
 par new generation   total 115200K, used 1374K [0x00000000f0000000, 0x00000000f7d00000, 0x00000000f7d00000)
  eden space 102400K,   0% used [0x00000000f0000000, 0x00000000f0000000, 0x00000000f6400000)
  from space 12800K,  10% used [0x00000000f6400000, 0x00000000f6557b90, 0x00000000f7080000)
  to   space 12800K,   0% used [0x00000000f7080000, 0x00000000f7080000, 0x00000000f7d00000)
 concurrent mark-sweep generation total 134144K, used 47699K [0x00000000f7d00000, 0x0000000100000000, 0x0000000100000000)
 Metaspace       used 65119K, capacity 69770K, committed 69888K, reserved 1110016K
  class space    used 8392K, capacity 9186K, committed 9216K, reserved 1048576K
}
{Heap before GC invocations=652 (full 0):
 par new generation   total 115200K, used 103774K [0x00000000f0000000, 0x00000000f7d00000, 0x00000000f7d00000)
  eden space 102400K, 100% used [0x00000000f0000000, 0x00000000f6400000, 0x00000000f6400000)
  from space 12800K,  10% used [0x00000000f6400000, 0x00000000f6557b90, 0x00000000f7080000)
  to   space 12800K,   0% used [0x00000000f7080000, 0x00000000f7080000, 0x00000000f7d00000)
 concurrent mark-sweep generation total 134144K, used 47699K [0x00000000f7d00000, 0x0000000100000000, 0x0000000100000000)
 Metaspace       used 65119K, capacity 69770K, committed 69888K, reserved 1110016K
  class space    used 8392K, capacity 9186K, committed 9216K, reserved 1048576K
2022-09-12T02:05:49.144+0800: 323.921: [GC (Allocation Failure)  151474K->49374K(249344K), 0.0040049 secs]
Heap after GC invocations=653 (full 0):
 par new generation   total 115200K, used 1664K [0x00000000f0000000, 0x00000000f7d00000, 0x00000000f7d00000)
  eden space 102400K,   0% used [0x00000000f0000000, 0x00000000f0000000, 0x00000000f6400000)
  from space 12800K,  13% used [0x00000000f7080000, 0x00000000f7220288, 0x00000000f7d00000)
  to   space 12800K,   0% used [0x00000000f6400000, 0x00000000f6400000, 0x00000000f7080000)
 concurrent mark-sweep generation total 134144K, used 47709K [0x00000000f7d00000, 0x0000000100000000, 0x0000000100000000)
 Metaspace       used 65119K, capacity 69770K, committed 69888K, reserved 1110016K
  class space    used 8392K, capacity 9186K, committed 9216K, reserved 1048576K
}
{Heap before GC invocations=653 (full 0):
 par new generation   total 115200K, used 104064K [0x00000000f0000000, 0x00000000f7d00000, 0x00000000f7d00000)
  eden space 102400K, 100% used [0x00000000f0000000, 0x00000000f6400000, 0x00000000f6400000)
  from space 12800K,  13% used [0x00000000f7080000, 0x00000000f7220288, 0x00000000f7d00000)
  to   space 12800K,   0% used [0x00000000f6400000, 0x00000000f6400000, 0x00000000f7080000)
 concurrent mark-sweep generation total 134144K, used 47709K [0x00000000f7d00000, 0x0000000100000000, 0x0000000100000000)
 Metaspace       used 65119K, capacity 69770K, committed 69888K, reserved 1110016K
  class space    used 8392K, capacity 9186K, committed 9216K, reserved 1048576K
2022-09-12T02:05:49.492+0800: 324.269: [GC (Allocation Failure)  151774K->48918K(249344K), 0.0040950 secs]
Heap after GC invocations=654 (full 0):
 par new generation   total 115200K, used 1192K [0x00000000f0000000, 0x00000000f7d00000, 0x00000000f7d00000)
  eden space 102400K,   0% used [0x00000000f0000000, 0x00000000f0000000, 0x00000000f6400000)
  from space 12800K,   9% used [0x00000000f6400000, 0x00000000f652a140, 0x00000000f7080000)
  to   space 12800K,   0% used [0x00000000f7080000, 0x00000000f7080000, 0x00000000f7d00000)
 concurrent mark-sweep generation total 134144K, used 47726K [0x00000000f7d00000, 0x0000000100000000, 0x0000000100000000)
 Metaspace       used 65119K, capacity 69770K, committed 69888K, reserved 1110016K
  class space    used 8392K, capacity 9186K, committed 9216K, reserved 1048576K
}
{Heap before GC invocations=654 (full 0):
 par new generation   total 115200K, used 103592K [0x00000000f0000000, 0x00000000f7d00000, 0x00000000f7d00000)
  eden space 102400K, 100% used [0x00000000f0000000, 0x00000000f6400000, 0x00000000f6400000)
  from space 12800K,   9% used [0x00000000f6400000, 0x00000000f652a140, 0x00000000f7080000)
  to   space 12800K,   0% used [0x00000000f7080000, 0x00000000f7080000, 0x00000000f7d00000)
 concurrent mark-sweep generation total 134144K, used 47726K [0x00000000f7d00000, 0x0000000100000000, 0x0000000100000000)
 Metaspace       used 65119K, capacity 69770K, committed 69888K, reserved 1110016K
  class space    used 8392K, capacity 9186K, committed 9216K, reserved 1048576K
2022-09-12T02:05:49.840+0800: 324.617: [GC (Allocation Failure)  151318K->49289K(249344K), 0.0040514 secs]
Heap after GC invocations=655 (full 0):
 par new generation   total 115200K, used 1551K [0x00000000f0000000, 0x00000000f7d00000, 0x00000000f7d00000)
  eden space 102400K,   0% used [0x00000000f0000000, 0x00000000f0000000, 0x00000000f6400000)
  from space 12800K,  12% used [0x00000000f7080000, 0x00000000f7203fe8, 0x00000000f7d00000)
  to   space 12800K,   0% used [0x00000000f6400000, 0x00000000f6400000, 0x00000000f7080000)
 concurrent mark-sweep generation total 134144K, used 47737K [0x00000000f7d00000, 0x0000000100000000, 0x0000000100000000)
 Metaspace       used 65119K, capacity 69770K, committed 69888K, reserved 1110016K
  class space    used 8392K, capacity 9186K, committed 9216K, reserved 1048576K
}
{Heap before GC invocations=655 (full 0):
 par new generation   total 115200K, used 103951K [0x00000000f0000000, 0x00000000f7d00000, 0x00000000f7d00000)
  eden space 102400K, 100% used [0x00000000f0000000, 0x00000000f6400000, 0x00000000f6400000)
  from space 12800K,  12% used [0x00000000f7080000, 0x00000000f7203fe8, 0x00000000f7d00000)
  to   space 12800K,   0% used [0x00000000f6400000, 0x00000000f6400000, 0x00000000f7080000)
 concurrent mark-sweep generation total 134144K, used 47737K [0x00000000f7d00000, 0x0000000100000000, 0x0000000100000000)
 Metaspace       used 65119K, capacity 69770K, committed 69888K, reserved 1110016K
  class space    used 8392K, capacity 9186K, committed 9216K, reserved 1048576K
2022-09-12T02:05:50.189+0800: 324.967: [GC (Allocation Failure)  151689K->49386K(249344K), 0.0042603 secs]
Heap after GC invocations=656 (full 0):
 par new generation   total 115200K, used 1628K [0x00000000f0000000, 0x00000000f7d00000, 0x00000000f7d00000)
  eden space 102400K,   0% used [0x00000000f0000000, 0x00000000f0000000, 0x00000000f6400000)
  from space 12800K,  12% used [0x00000000f6400000, 0x00000000f6597298, 0x00000000f7080000)
  to   space 12800K,   0% used [0x00000000f7080000, 0x00000000f7080000, 0x00000000f7d00000)
 concurrent mark-sweep generation total 134144K, used 47758K [0x00000000f7d00000, 0x0000000100000000, 0x0000000100000000)
 Metaspace       used 65119K, capacity 69770K, committed 69888K, reserved 1110016K
  class space    used 8392K, capacity 9186K, committed 9216K, reserved 1048576K
}
{Heap before GC invocations=656 (full 0):
 par new generation   total 115200K, used 104028K [0x00000000f0000000, 0x00000000f7d00000, 0x00000000f7d00000)
  eden space 102400K, 100% used [0x00000000f0000000, 0x00000000f6400000, 0x00000000f6400000)
  from space 12800K,  12% used [0x00000000f6400000, 0x00000000f6597298, 0x00000000f7080000)
  to   space 12800K,   0% used [0x00000000f7080000, 0x00000000f7080000, 0x00000000f7d00000)
 concurrent mark-sweep generation total 134144K, used 47758K [0x00000000f7d00000, 0x0000000100000000, 0x0000000100000000)
 Metaspace       used 65119K, capacity 69770K, committed 69888K, reserved 1110016K
  class space    used 8392K, capacity 9186K, committed 9216K, reserved 1048576K
2022-09-12T02:05:50.539+0800: 325.317: [GC (Allocation Failure)  151786K->49111K(249344K), 0.0040430 secs]
Heap after GC invocations=657 (full 0):
 par new generation   total 115200K, used 1337K [0x00000000f0000000, 0x00000000f7d00000, 0x00000000f7d00000)
  eden space 102400K,   0% used [0x00000000f0000000, 0x00000000f0000000, 0x00000000f6400000)
  from space 12800K,  10% used [0x00000000f7080000, 0x00000000f71ce6c8, 0x00000000f7d00000)
  to   space 12800K,   0% used [0x00000000f6400000, 0x00000000f6400000, 0x00000000f7080000)
 concurrent mark-sweep generation total 134144K, used 47773K [0x00000000f7d00000, 0x0000000100000000, 0x0000000100000000)
 Metaspace       used 65119K, capacity 69770K, committed 69888K, reserved 1110016K
  class space    used 8392K, capacity 9186K, committed 9216K, reserved 1048576K
}
{Heap before GC invocations=657 (full 0):
 par new generation   total 115200K, used 103737K [0x00000000f0000000, 0x00000000f7d00000, 0x00000000f7d00000)
  eden space 102400K, 100% used [0x00000000f0000000, 0x00000000f6400000, 0x00000000f6400000)
  from space 12800K,  10% used [0x00000000f7080000, 0x00000000f71ce6c8, 0x00000000f7d00000)
  to   space 12800K,   0% used [0x00000000f6400000, 0x00000000f6400000, 0x00000000f7080000)
 concurrent mark-sweep generation total 134144K, used 47773K [0x00000000f7d00000, 0x0000000100000000, 0x0000000100000000)
 Metaspace       used 65119K, capacity 69770K, committed 69888K, reserved 1110016K
  class space    used 8392K, capacity 9186K, committed 9216K, reserved 1048576K
2022-09-12T02:05:50.888+0800: 325.665: [GC (Allocation Failure)  151511K->49325K(249344K), 0.0041527 secs]
Heap after GC invocations=658 (full 0):
 par new generation   total 115200K, used 1533K [0x00000000f0000000, 0x00000000f7d00000, 0x00000000f7d00000)
  eden space 102400K,   0% used [0x00000000f0000000, 0x00000000f0000000, 0x00000000f6400000)
  from space 12800K,  11% used [0x00000000f6400000, 0x00000000f657f4a8, 0x00000000f7080000)
  to   space 12800K,   0% used [0x00000000f7080000, 0x00000000f7080000, 0x00000000f7d00000)
 concurrent mark-sweep generation total 134144K, used 47792K [0x00000000f7d00000, 0x0000000100000000, 0x0000000100000000)
 Metaspace       used 65119K, capacity 69770K, committed 69888K, reserved 1110016K
  class space    used 8392K, capacity 9186K, committed 9216K, reserved 1048576K
}
{Heap before GC invocations=658 (full 0):
 par new generation   total 115200K, used 103933K [0x00000000f0000000, 0x00000000f7d00000, 0x00000000f7d00000)
  eden space 102400K, 100% used [0x00000000f0000000, 0x00000000f6400000, 0x00000000f6400000)
  from space 12800K,  11% used [0x00000000f6400000, 0x00000000f657f4a8, 0x00000000f7080000)
  to   space 12800K,   0% used [0x00000000f7080000, 0x00000000f7080000, 0x00000000f7d00000)
 concurrent mark-sweep generation total 134144K, used 47792K [0x00000000f7d00000, 0x0000000100000000, 0x0000000100000000)
 Metaspace       used 65119K, capacity 69770K, committed 69888K, reserved 1110016K
  class space    used 8392K, capacity 9186K, committed 9216K, reserved 1048576K
2022-09-12T02:05:51.236+0800: 326.014: [GC (Allocation Failure)  151725K->49461K(249344K), 0.0041237 secs]
Heap after GC invocations=659 (full 0):
 par new generation   total 115200K, used 1655K [0x00000000f0000000, 0x00000000f7d00000, 0x00000000f7d00000)
  eden space 102400K,   0% used [0x00000000f0000000, 0x00000000f0000000, 0x00000000f6400000)
  from space 12800K,  12% used [0x00000000f7080000, 0x00000000f721dc08, 0x00000000f7d00000)
  to   space 12800K,   0% used [0x00000000f6400000, 0x00000000f6400000, 0x00000000f7080000)
 concurrent mark-sweep generation total 134144K, used 47806K [0x00000000f7d00000, 0x0000000100000000, 0x0000000100000000)
 Metaspace       used 65119K, capacity 69770K, committed 69888K, reserved 1110016K
  class space    used 8392K, capacity 9186K, committed 9216K, reserved 1048576K
}
{Heap before GC invocations=659 (full 0):
 par new generation   total 115200K, used 104055K [0x00000000f0000000, 0x00000000f7d00000, 0x00000000f7d00000)
  eden space 102400K, 100% used [0x00000000f0000000, 0x00000000f6400000, 0x00000000f6400000)
  from space 12800K,  12% used [0x00000000f7080000, 0x00000000f721dc08, 0x00000000f7d00000)
  to   space 12800K,   0% used [0x00000000f6400000, 0x00000000f6400000, 0x00000000f7080000)
 concurrent mark-sweep generation total 134144K, used 47806K [0x00000000f7d00000, 0x0000000100000000, 0x0000000100000000)
 Metaspace       used 65119K, capacity 69770K, committed 69888K, reserved 1110016K
  class space    used 8392K, capacity 9186K, committed 9216K, reserved 1048576K
2022-09-12T02:05:51.602+0800: 326.379: [GC (Allocation Failure)  151861K->49186K(249344K), 0.0043807 secs]
Heap after GC invocations=660 (full 0):
 par new generation   total 115200K, used 1357K [0x00000000f0000000, 0x00000000f7d00000, 0x00000000f7d00000)
  eden space 102400K,   0% used [0x00000000f0000000, 0x00000000f0000000, 0x00000000f6400000)
  from space 12800K,  10% used [0x00000000f6400000, 0x00000000f65534f8, 0x00000000f7080000)
  to   space 12800K,   0% used [0x00000000f7080000, 0x00000000f7080000, 0x00000000f7d00000)
 concurrent mark-sweep generation total 134144K, used 47829K [0x00000000f7d00000, 0x0000000100000000, 0x0000000100000000)
 Metaspace       used 65119K, capacity 69770K, committed 69888K, reserved 1110016K
  class space    used 8392K, capacity 9186K, committed 9216K, reserved 1048576K
}
{Heap before GC invocations=660 (full 0):
 par new generation   total 115200K, used 103757K [0x00000000f0000000, 0x00000000f7d00000, 0x00000000f7d00000)
  eden space 102400K, 100% used [0x00000000f0000000, 0x00000000f6400000, 0x00000000f6400000)
  from space 12800K,  10% used [0x00000000f6400000, 0x00000000f65534f8, 0x00000000f7080000)
  to   space 12800K,   0% used [0x00000000f7080000, 0x00000000f7080000, 0x00000000f7d00000)
 concurrent mark-sweep generation total 134144K, used 47829K [0x00000000f7d00000, 0x0000000100000000, 0x0000000100000000)
 Metaspace       used 65119K, capacity 69770K, committed 69888K, reserved 1110016K
  class space    used 8392K, capacity 9186K, committed 9216K, reserved 1048576K
2022-09-12T02:05:51.950+0800: 326.727: [GC (Allocation Failure)  151586K->49382K(249344K), 0.0041566 secs]
Heap after GC invocations=661 (full 0):
 par new generation   total 115200K, used 1541K [0x00000000f0000000, 0x00000000f7d00000, 0x00000000f7d00000)
  eden space 102400K,   0% used [0x00000000f0000000, 0x00000000f0000000, 0x00000000f6400000)
  from space 12800K,  12% used [0x00000000f7080000, 0x00000000f7201508, 0x00000000f7d00000)
  to   space 12800K,   0% used [0x00000000f6400000, 0x00000000f6400000, 0x00000000f7080000)
 concurrent mark-sweep generation total 134144K, used 47840K [0x00000000f7d00000, 0x0000000100000000, 0x0000000100000000)
 Metaspace       used 65119K, capacity 69770K, committed 69888K, reserved 1110016K
  class space    used 8392K, capacity 9186K, committed 9216K, reserved 1048576K
}
{Heap before GC invocations=661 (full 0):
 par new generation   total 115200K, used 103941K [0x00000000f0000000, 0x00000000f7d00000, 0x00000000f7d00000)
  eden space 102400K, 100% used [0x00000000f0000000, 0x00000000f6400000, 0x00000000f6400000)
  from space 12800K,  12% used [0x00000000f7080000, 0x00000000f7201508, 0x00000000f7d00000)
  to   space 12800K,   0% used [0x00000000f6400000, 0x00000000f6400000, 0x00000000f7080000)
 concurrent mark-sweep generation total 134144K, used 47840K [0x00000000f7d00000, 0x0000000100000000, 0x0000000100000000)
 Metaspace       used 65119K, capacity 69770K, committed 69888K, reserved 1110016K
  class space    used 8392K, capacity 9186K, committed 9216K, reserved 1048576K
2022-09-12T02:05:52.298+0800: 327.075: [GC (Allocation Failure)  151782K->49280K(249344K), 0.0043685 secs]
Heap after GC invocations=662 (full 0):
 par new generation   total 115200K, used 1422K [0x00000000f0000000, 0x00000000f7d00000, 0x00000000f7d00000)
  eden space 102400K,   0% used [0x00000000f0000000, 0x00000000f0000000, 0x00000000f6400000)
  from space 12800K,  11% used [0x00000000f6400000, 0x00000000f6563aa0, 0x00000000f7080000)
  to   space 12800K,   0% used [0x00000000f7080000, 0x00000000f7080000, 0x00000000f7d00000)
 concurrent mark-sweep generation total 134144K, used 47857K [0x00000000f7d00000, 0x0000000100000000, 0x0000000100000000)
 Metaspace       used 65119K, capacity 69770K, committed 69888K, reserved 1110016K
  class space    used 8392K, capacity 9186K, committed 9216K, reserved 1048576K
}
{Heap before GC invocations=662 (full 0):
 par new generation   total 115200K, used 103822K [0x00000000f0000000, 0x00000000f7d00000, 0x00000000f7d00000)
  eden space 102400K, 100% used [0x00000000f0000000, 0x00000000f6400000, 0x00000000f6400000)
  from space 12800K,  11% used [0x00000000f6400000, 0x00000000f6563aa0, 0x00000000f7080000)
  to   space 12800K,   0% used [0x00000000f7080000, 0x00000000f7080000, 0x00000000f7d00000)
 concurrent mark-sweep generation total 134144K, used 47857K [0x00000000f7d00000, 0x0000000100000000, 0x0000000100000000)
 Metaspace       used 65119K, capacity 69770K, committed 69888K, reserved 1110016K
  class space    used 8392K, capacity 9186K, committed 9216K, reserved 1048576K
2022-09-12T02:05:52.649+0800: 327.426: [GC (Allocation Failure)  151680K->49575K(249344K), 0.0040891 secs]
Heap after GC invocations=663 (full 0):
 par new generation   total 115200K, used 1707K [0x00000000f0000000, 0x00000000f7d00000, 0x00000000f7d00000)
  eden space 102400K,   0% used [0x00000000f0000000, 0x00000000f0000000, 0x00000000f6400000)
  from space 12800K,  13% used [0x00000000f7080000, 0x00000000f722ae40, 0x00000000f7d00000)
  to   space 12800K,   0% used [0x00000000f6400000, 0x00000000f6400000, 0x00000000f7080000)
 concurrent mark-sweep generation total 134144K, used 47867K [0x00000000f7d00000, 0x0000000100000000, 0x0000000100000000)
 Metaspace       used 65119K, capacity 69770K, committed 69888K, reserved 1110016K
  class space    used 8392K, capacity 9186K, committed 9216K, reserved 1048576K
}
{Heap before GC invocations=663 (full 0):
 par new generation   total 115200K, used 104107K [0x00000000f0000000, 0x00000000f7d00000, 0x00000000f7d00000)
  eden space 102400K, 100% used [0x00000000f0000000, 0x00000000f6400000, 0x00000000f6400000)
  from space 12800K,  13% used [0x00000000f7080000, 0x00000000f722ae40, 0x00000000f7d00000)
  to   space 12800K,   0% used [0x00000000f6400000, 0x00000000f6400000, 0x00000000f7080000)
 concurrent mark-sweep generation total 134144K, used 47867K [0x00000000f7d00000, 0x0000000100000000, 0x0000000100000000)
 Metaspace       used 65119K, capacity 69770K, committed 69888K, reserved 1110016K
  class space    used 8392K, capacity 9186K, committed 9216K, reserved 1048576K
2022-09-12T02:05:52.997+0800: 327.775: [GC (Allocation Failure)  151975K->49266K(249344K), 0.0041669 secs]
Heap after GC invocations=664 (full 0):
 par new generation   total 115200K, used 1378K [0x00000000f0000000, 0x00000000f7d00000, 0x00000000f7d00000)
  eden space 102400K,   0% used [0x00000000f0000000, 0x00000000f0000000, 0x00000000f6400000)
  from space 12800K,  10% used [0x00000000f6400000, 0x00000000f6558b98, 0x00000000f7080000)
  to   space 12800K,   0% used [0x00000000f7080000, 0x00000000f7080000, 0x00000000f7d00000)
 concurrent mark-sweep generation total 134144K, used 47888K [0x00000000f7d00000, 0x0000000100000000, 0x0000000100000000)
 Metaspace       used 65119K, capacity 69770K, committed 69888K, reserved 1110016K
  class space    used 8392K, capacity 9186K, committed 9216K, reserved 1048576K
}
{Heap before GC invocations=664 (full 0):
 par new generation   total 115200K, used 103778K [0x00000000f0000000, 0x00000000f7d00000, 0x00000000f7d00000)
  eden space 102400K, 100% used [0x00000000f0000000, 0x00000000f6400000, 0x00000000f6400000)
  from space 12800K,  10% used [0x00000000f6400000, 0x00000000f6558b98, 0x00000000f7080000)
  to   space 12800K,   0% used [0x00000000f7080000, 0x00000000f7080000, 0x00000000f7d00000)
 concurrent mark-sweep generation total 134144K, used 47888K [0x00000000f7d00000, 0x0000000100000000, 0x0000000100000000)
 Metaspace       used 65119K, capacity 69770K, committed 69888K, reserved 1110016K
  class space    used 8392K, capacity 9186K, committed 9216K, reserved 1048576K
2022-09-12T02:05:53.346+0800: 328.123: [GC (Allocation Failure)  151666K->49414K(249344K), 0.0040461 secs]
Heap after GC invocations=665 (full 0):
 par new generation   total 115200K, used 1513K [0x00000000f0000000, 0x00000000f7d00000, 0x00000000f7d00000)
  eden space 102400K,   0% used [0x00000000f0000000, 0x00000000f0000000, 0x00000000f6400000)
  from space 12800K,  11% used [0x00000000f7080000, 0x00000000f71fa460, 0x00000000f7d00000)
  to   space 12800K,   0% used [0x00000000f6400000, 0x00000000f6400000, 0x00000000f7080000)
 concurrent mark-sweep generation total 134144K, used 47901K [0x00000000f7d00000, 0x0000000100000000, 0x0000000100000000)
 Metaspace       used 65119K, capacity 69770K, committed 69888K, reserved 1110016K
  class space    used 8392K, capacity 9186K, committed 9216K, reserved 1048576K
}
{Heap before GC invocations=665 (full 0):
 par new generation   total 115200K, used 103913K [0x00000000f0000000, 0x00000000f7d00000, 0x00000000f7d00000)
  eden space 102400K, 100% used [0x00000000f0000000, 0x00000000f6400000, 0x00000000f6400000)
  from space 12800K,  11% used [0x00000000f7080000, 0x00000000f71fa460, 0x00000000f7d00000)
  to   space 12800K,   0% used [0x00000000f6400000, 0x00000000f6400000, 0x00000000f7080000)
 concurrent mark-sweep generation total 134144K, used 47901K [0x00000000f7d00000, 0x0000000100000000, 0x0000000100000000)
 Metaspace       used 65119K, capacity 69770K, committed 69888K, reserved 1110016K
  class space    used 8392K, capacity 9186K, committed 9216K, reserved 1048576K
2022-09-12T02:05:53.695+0800: 328.472: [GC (Allocation Failure)  151814K->49568K(249344K), 0.0041895 secs]
Heap after GC invocations=666 (full 0):
 par new generation   total 115200K, used 1643K [0x00000000f0000000, 0x00000000f7d00000, 0x00000000f7d00000)
  eden space 102400K,   0% used [0x00000000f0000000, 0x00000000f0000000, 0x00000000f6400000)
  from space 12800K,  12% used [0x00000000f6400000, 0x00000000f659afa0, 0x00000000f7080000)
  to   space 12800K,   0% used [0x00000000f7080000, 0x00000000f7080000, 0x00000000f7d00000)
 concurrent mark-sweep generation total 134144K, used 47924K [0x00000000f7d00000, 0x0000000100000000, 0x0000000100000000)
 Metaspace       used 65119K, capacity 69770K, committed 69888K, reserved 1110016K
  class space    used 8392K, capacity 9186K, committed 9216K, reserved 1048576K
}
{Heap before GC invocations=666 (full 0):
 par new generation   total 115200K, used 104043K [0x00000000f0000000, 0x00000000f7d00000, 0x00000000f7d00000)
  eden space 102400K, 100% used [0x00000000f0000000, 0x00000000f6400000, 0x00000000f6400000)
  from space 12800K,  12% used [0x00000000f6400000, 0x00000000f659afa0, 0x00000000f7080000)
  to   space 12800K,   0% used [0x00000000f7080000, 0x00000000f7080000, 0x00000000f7d00000)
 concurrent mark-sweep generation total 134144K, used 47924K [0x00000000f7d00000, 0x0000000100000000, 0x0000000100000000)
 Metaspace       used 65119K, capacity 69770K, committed 69888K, reserved 1110016K
  class space    used 8392K, capacity 9186K, committed 9216K, reserved 1048576K
2022-09-12T02:05:54.045+0800: 328.823: [GC (Allocation Failure)  151968K->49266K(249344K), 0.0039839 secs]
Heap after GC invocations=667 (full 0):
 par new generation   total 115200K, used 1328K [0x00000000f0000000, 0x00000000f7d00000, 0x00000000f7d00000)
  eden space 102400K,   0% used [0x00000000f0000000, 0x00000000f0000000, 0x00000000f6400000)
  from space 12800K,  10% used [0x00000000f7080000, 0x00000000f71cc1f0, 0x00000000f7d00000)
  to   space 12800K,   0% used [0x00000000f6400000, 0x00000000f6400000, 0x00000000f7080000)
 concurrent mark-sweep generation total 134144K, used 47937K [0x00000000f7d00000, 0x0000000100000000, 0x0000000100000000)
 Metaspace       used 65119K, capacity 69770K, committed 69888K, reserved 1110016K
  class space    used 8392K, capacity 9186K, committed 9216K, reserved 1048576K
}
{Heap before GC invocations=667 (full 0):
 par new generation   total 115200K, used 103728K [0x00000000f0000000, 0x00000000f7d00000, 0x00000000f7d00000)
  eden space 102400K, 100% used [0x00000000f0000000, 0x00000000f6400000, 0x00000000f6400000)
  from space 12800K,  10% used [0x00000000f7080000, 0x00000000f71cc1f0, 0x00000000f7d00000)
  to   space 12800K,   0% used [0x00000000f6400000, 0x00000000f6400000, 0x00000000f7080000)
 concurrent mark-sweep generation total 134144K, used 47937K [0x00000000f7d00000, 0x0000000100000000, 0x0000000100000000)
 Metaspace       used 65119K, capacity 69770K, committed 69888K, reserved 1110016K
  class space    used 8392K, capacity 9186K, committed 9216K, reserved 1048576K
2022-09-12T02:05:54.393+0800: 329.170: [GC (Allocation Failure)  151666K->49476K(249344K), 0.0040165 secs]
Heap after GC invocations=668 (full 0):
 par new generation   total 115200K, used 1520K [0x00000000f0000000, 0x00000000f7d00000, 0x00000000f7d00000)
  eden space 102400K,   0% used [0x00000000f0000000, 0x00000000f0000000, 0x00000000f6400000)
  from space 12800K,  11% used [0x00000000f6400000, 0x00000000f657c370, 0x00000000f7080000)
  to   space 12800K,   0% used [0x00000000f7080000, 0x00000000f7080000, 0x00000000f7d00000)
 concurrent mark-sweep generation total 134144K, used 47955K [0x00000000f7d00000, 0x0000000100000000, 0x0000000100000000)
 Metaspace       used 65119K, capacity 69770K, committed 69888K, reserved 1110016K
  class space    used 8392K, capacity 9186K, committed 9216K, reserved 1048576K
}
{Heap before GC invocations=668 (full 0):
 par new generation   total 115200K, used 103920K [0x00000000f0000000, 0x00000000f7d00000, 0x00000000f7d00000)
  eden space 102400K, 100% used [0x00000000f0000000, 0x00000000f6400000, 0x00000000f6400000)
  from space 12800K,  11% used [0x00000000f6400000, 0x00000000f657c370, 0x00000000f7080000)
  to   space 12800K,   0% used [0x00000000f7080000, 0x00000000f7080000, 0x00000000f7d00000)
 concurrent mark-sweep generation total 134144K, used 47955K [0x00000000f7d00000, 0x0000000100000000, 0x0000000100000000)
 Metaspace       used 65119K, capacity 69770K, committed 69888K, reserved 1110016K
  class space    used 8392K, capacity 9186K, committed 9216K, reserved 1048576K
2022-09-12T02:05:54.741+0800: 329.518: [GC (Allocation Failure)  151876K->49617K(249344K), 0.0040380 secs]
Heap after GC invocations=669 (full 0):
 par new generation   total 115200K, used 1650K [0x00000000f0000000, 0x00000000f7d00000, 0x00000000f7d00000)
  eden space 102400K,   0% used [0x00000000f0000000, 0x00000000f0000000, 0x00000000f6400000)
  from space 12800K,  12% used [0x00000000f7080000, 0x00000000f721c8c8, 0x00000000f7d00000)
  to   space 12800K,   0% used [0x00000000f6400000, 0x00000000f6400000, 0x00000000f7080000)
 concurrent mark-sweep generation total 134144K, used 47966K [0x00000000f7d00000, 0x0000000100000000, 0x0000000100000000)
 Metaspace       used 65119K, capacity 69770K, committed 69888K, reserved 1110016K
  class space    used 8392K, capacity 9186K, committed 9216K, reserved 1048576K
}
{Heap before GC invocations=669 (full 0):
 par new generation   total 115200K, used 104050K [0x00000000f0000000, 0x00000000f7d00000, 0x00000000f7d00000)
  eden space 102400K, 100% used [0x00000000f0000000, 0x00000000f6400000, 0x00000000f6400000)
  from space 12800K,  12% used [0x00000000f7080000, 0x00000000f721c8c8, 0x00000000f7d00000)
  to   space 12800K,   0% used [0x00000000f6400000, 0x00000000f6400000, 0x00000000f7080000)
 concurrent mark-sweep generation total 134144K, used 47966K [0x00000000f7d00000, 0x0000000100000000, 0x0000000100000000)
 Metaspace       used 65119K, capacity 69770K, committed 69888K, reserved 1110016K
  class space    used 8392K, capacity 9186K, committed 9216K, reserved 1048576K
2022-09-12T02:05:55.089+0800: 329.867: [GC (Allocation Failure)  152017K->49183K(249344K), 0.0041559 secs]
Heap after GC invocations=670 (full 0):
 par new generation   total 115200K, used 1198K [0x00000000f0000000, 0x00000000f7d00000, 0x00000000f7d00000)
  eden space 102400K,   0% used [0x00000000f0000000, 0x00000000f0000000, 0x00000000f6400000)
  from space 12800K,   9% used [0x00000000f6400000, 0x00000000f652bbc0, 0x00000000f7080000)
  to   space 12800K,   0% used [0x00000000f7080000, 0x00000000f7080000, 0x00000000f7d00000)
 concurrent mark-sweep generation total 134144K, used 47984K [0x00000000f7d00000, 0x0000000100000000, 0x0000000100000000)
 Metaspace       used 65119K, capacity 69770K, committed 69888K, reserved 1110016K
  class space    used 8392K, capacity 9186K, committed 9216K, reserved 1048576K
}
{Heap before GC invocations=670 (full 0):
 par new generation   total 115200K, used 103598K [0x00000000f0000000, 0x00000000f7d00000, 0x00000000f7d00000)
  eden space 102400K, 100% used [0x00000000f0000000, 0x00000000f6400000, 0x00000000f6400000)
  from space 12800K,   9% used [0x00000000f6400000, 0x00000000f652bbc0, 0x00000000f7080000)
  to   space 12800K,   0% used [0x00000000f7080000, 0x00000000f7080000, 0x00000000f7d00000)
 concurrent mark-sweep generation total 134144K, used 47984K [0x00000000f7d00000, 0x0000000100000000, 0x0000000100000000)
 Metaspace       used 65119K, capacity 69770K, committed 69888K, reserved 1110016K
  class space    used 8392K, capacity 9186K, committed 9216K, reserved 1048576K
2022-09-12T02:05:55.452+0800: 330.229: [GC (Allocation Failure)  151583K->49549K(249344K), 0.0039736 secs]
Heap after GC invocations=671 (full 0):
 par new generation   total 115200K, used 1552K [0x00000000f0000000, 0x00000000f7d00000, 0x00000000f7d00000)
  eden space 102400K,   0% used [0x00000000f0000000, 0x00000000f0000000, 0x00000000f6400000)
  from space 12800K,  12% used [0x00000000f7080000, 0x00000000f7204020, 0x00000000f7d00000)
  to   space 12800K,   0% used [0x00000000f6400000, 0x00000000f6400000, 0x00000000f7080000)
 concurrent mark-sweep generation total 134144K, used 47997K [0x00000000f7d00000, 0x0000000100000000, 0x0000000100000000)
 Metaspace       used 65119K, capacity 69770K, committed 69888K, reserved 1110016K
  class space    used 8392K, capacity 9186K, committed 9216K, reserved 1048576K
}
{Heap before GC invocations=671 (full 0):
 par new generation   total 115200K, used 103952K [0x00000000f0000000, 0x00000000f7d00000, 0x00000000f7d00000)
  eden space 102400K, 100% used [0x00000000f0000000, 0x00000000f6400000, 0x00000000f6400000)
  from space 12800K,  12% used [0x00000000f7080000, 0x00000000f7204020, 0x00000000f7d00000)
  to   space 12800K,   0% used [0x00000000f6400000, 0x00000000f6400000, 0x00000000f7080000)
 concurrent mark-sweep generation total 134144K, used 47997K [0x00000000f7d00000, 0x0000000100000000, 0x0000000100000000)
 Metaspace       used 65119K, capacity 69770K, committed 69888K, reserved 1110016K
  class space    used 8392K, capacity 9186K, committed 9216K, reserved 1048576K
2022-09-12T02:05:55.800+0800: 330.577: [GC (Allocation Failure)  151949K->49639K(249344K), 0.0041379 secs]
Heap after GC invocations=672 (full 0):
 par new generation   total 115200K, used 1624K [0x00000000f0000000, 0x00000000f7d00000, 0x00000000f7d00000)
  eden space 102400K,   0% used [0x00000000f0000000, 0x00000000f0000000, 0x00000000f6400000)
  from space 12800K,  12% used [0x00000000f6400000, 0x00000000f65960e0, 0x00000000f7080000)
  to   space 12800K,   0% used [0x00000000f7080000, 0x00000000f7080000, 0x00000000f7d00000)
 concurrent mark-sweep generation total 134144K, used 48015K [0x00000000f7d00000, 0x0000000100000000, 0x0000000100000000)
 Metaspace       used 65119K, capacity 69770K, committed 69888K, reserved 1110016K
  class space    used 8392K, capacity 9186K, committed 9216K, reserved 1048576K
}
{Heap before GC invocations=672 (full 0):
 par new generation   total 115200K, used 104024K [0x00000000f0000000, 0x00000000f7d00000, 0x00000000f7d00000)
  eden space 102400K, 100% used [0x00000000f0000000, 0x00000000f6400000, 0x00000000f6400000)
  from space 12800K,  12% used [0x00000000f6400000, 0x00000000f65960e0, 0x00000000f7080000)
  to   space 12800K,   0% used [0x00000000f7080000, 0x00000000f7080000, 0x00000000f7d00000)
 concurrent mark-sweep generation total 134144K, used 48015K [0x00000000f7d00000, 0x0000000100000000, 0x0000000100000000)
 Metaspace       used 65119K, capacity 69770K, committed 69888K, reserved 1110016K
  class space    used 8392K, capacity 9186K, committed 9216K, reserved 1048576K
2022-09-12T02:05:56.149+0800: 330.926: [GC (Allocation Failure)  152039K->49745K(249344K), 0.0041722 secs]
Heap after GC invocations=673 (full 0):
 par new generation   total 115200K, used 1713K [0x00000000f0000000, 0x00000000f7d00000, 0x00000000f7d00000)
  eden space 102400K,   0% used [0x00000000f0000000, 0x00000000f0000000, 0x00000000f6400000)
  from space 12800K,  13% used [0x00000000f7080000, 0x00000000f722c570, 0x00000000f7d00000)
  to   space 12800K,   0% used [0x00000000f6400000, 0x00000000f6400000, 0x00000000f7080000)
 concurrent mark-sweep generation total 134144K, used 48032K [0x00000000f7d00000, 0x0000000100000000, 0x0000000100000000)
 Metaspace       used 65119K, capacity 69770K, committed 69888K, reserved 1110016K
  class space    used 8392K, capacity 9186K, committed 9216K, reserved 1048576K
}
{Heap before GC invocations=673 (full 0):
 par new generation   total 115200K, used 104113K [0x00000000f0000000, 0x00000000f7d00000, 0x00000000f7d00000)
  eden space 102400K, 100% used [0x00000000f0000000, 0x00000000f6400000, 0x00000000f6400000)
  from space 12800K,  13% used [0x00000000f7080000, 0x00000000f722c570, 0x00000000f7d00000)
  to   space 12800K,   0% used [0x00000000f6400000, 0x00000000f6400000, 0x00000000f7080000)
 concurrent mark-sweep generation total 134144K, used 48032K [0x00000000f7d00000, 0x0000000100000000, 0x0000000100000000)
 Metaspace       used 65120K, capacity 69770K, committed 69888K, reserved 1110016K
  class space    used 8392K, capacity 9186K, committed 9216K, reserved 1048576K
2022-09-12T02:05:56.494+0800: 331.272: [GC (Allocation Failure)  152145K->49402K(249344K), 0.0043390 secs]
Heap after GC invocations=674 (full 0):
 par new generation   total 115200K, used 1352K [0x00000000f0000000, 0x00000000f7d00000, 0x00000000f7d00000)
  eden space 102400K,   0% used [0x00000000f0000000, 0x00000000f0000000, 0x00000000f6400000)
  from space 12800K,  10% used [0x00000000f6400000, 0x00000000f6552148, 0x00000000f7080000)
  to   space 12800K,   0% used [0x00000000f7080000, 0x00000000f7080000, 0x00000000f7d00000)
 concurrent mark-sweep generation total 134144K, used 48049K [0x00000000f7d00000, 0x0000000100000000, 0x0000000100000000)
 Metaspace       used 65120K, capacity 69770K, committed 69888K, reserved 1110016K
  class space    used 8392K, capacity 9186K, committed 9216K, reserved 1048576K
}
{Heap before GC invocations=674 (full 0):
 par new generation   total 115200K, used 103752K [0x00000000f0000000, 0x00000000f7d00000, 0x00000000f7d00000)
  eden space 102400K, 100% used [0x00000000f0000000, 0x00000000f6400000, 0x00000000f6400000)
  from space 12800K,  10% used [0x00000000f6400000, 0x00000000f6552148, 0x00000000f7080000)
  to   space 12800K,   0% used [0x00000000f7080000, 0x00000000f7080000, 0x00000000f7d00000)
 concurrent mark-sweep generation total 134144K, used 48049K [0x00000000f7d00000, 0x0000000100000000, 0x0000000100000000)
 Metaspace       used 65120K, capacity 69770K, committed 69888K, reserved 1110016K
  class space    used 8392K, capacity 9186K, committed 9216K, reserved 1048576K
2022-09-12T02:05:56.844+0800: 331.621: [GC (Allocation Failure)  151802K->49577K(249344K), 0.0041234 secs]
Heap after GC invocations=675 (full 0):
 par new generation   total 115200K, used 1508K [0x00000000f0000000, 0x00000000f7d00000, 0x00000000f7d00000)
  eden space 102400K,   0% used [0x00000000f0000000, 0x00000000f0000000, 0x00000000f6400000)
  from space 12800K,  11% used [0x00000000f7080000, 0x00000000f71f9158, 0x00000000f7d00000)
  to   space 12800K,   0% used [0x00000000f6400000, 0x00000000f6400000, 0x00000000f7080000)
 concurrent mark-sweep generation total 134144K, used 48069K [0x00000000f7d00000, 0x0000000100000000, 0x0000000100000000)
 Metaspace       used 65120K, capacity 69770K, committed 69888K, reserved 1110016K
  class space    used 8392K, capacity 9186K, committed 9216K, reserved 1048576K
}
{Heap before GC invocations=675 (full 0):
 par new generation   total 115200K, used 103908K [0x00000000f0000000, 0x00000000f7d00000, 0x00000000f7d00000)
  eden space 102400K, 100% used [0x00000000f0000000, 0x00000000f6400000, 0x00000000f6400000)
  from space 12800K,  11% used [0x00000000f7080000, 0x00000000f71f9158, 0x00000000f7d00000)
  to   space 12800K,   0% used [0x00000000f6400000, 0x00000000f6400000, 0x00000000f7080000)
 concurrent mark-sweep generation total 134144K, used 48069K [0x00000000f7d00000, 0x0000000100000000, 0x0000000100000000)
 Metaspace       used 65120K, capacity 69770K, committed 69888K, reserved 1110016K
  class space    used 8392K, capacity 9186K, committed 9216K, reserved 1048576K
2022-09-12T02:05:57.192+0800: 331.969: [GC (Allocation Failure)  151977K->49735K(249344K), 0.0041274 secs]
Heap after GC invocations=676 (full 0):
 par new generation   total 115200K, used 1655K [0x00000000f0000000, 0x00000000f7d00000, 0x00000000f7d00000)
  eden space 102400K,   0% used [0x00000000f0000000, 0x00000000f0000000, 0x00000000f6400000)
  from space 12800K,  12% used [0x00000000f6400000, 0x00000000f659dc40, 0x00000000f7080000)
  to   space 12800K,   0% used [0x00000000f7080000, 0x00000000f7080000, 0x00000000f7d00000)
 concurrent mark-sweep generation total 134144K, used 48080K [0x00000000f7d00000, 0x0000000100000000, 0x0000000100000000)
 Metaspace       used 65120K, capacity 69770K, committed 69888K, reserved 1110016K
  class space    used 8392K, capacity 9186K, committed 9216K, reserved 1048576K
}
{Heap before GC invocations=676 (full 0):
 par new generation   total 115200K, used 104055K [0x00000000f0000000, 0x00000000f7d00000, 0x00000000f7d00000)
  eden space 102400K, 100% used [0x00000000f0000000, 0x00000000f6400000, 0x00000000f6400000)
  from space 12800K,  12% used [0x00000000f6400000, 0x00000000f659dc40, 0x00000000f7080000)
  to   space 12800K,   0% used [0x00000000f7080000, 0x00000000f7080000, 0x00000000f7d00000)
 concurrent mark-sweep generation total 134144K, used 48080K [0x00000000f7d00000, 0x0000000100000000, 0x0000000100000000)
 Metaspace       used 65120K, capacity 69770K, committed 69888K, reserved 1110016K
  class space    used 8392K, capacity 9186K, committed 9216K, reserved 1048576K
2022-09-12T02:05:57.540+0800: 332.317: [GC (Allocation Failure)  152135K->49302K(249344K), 0.0040707 secs]
Heap after GC invocations=677 (full 0):
 par new generation   total 115200K, used 1206K [0x00000000f0000000, 0x00000000f7d00000, 0x00000000f7d00000)
  eden space 102400K,   0% used [0x00000000f0000000, 0x00000000f0000000, 0x00000000f6400000)
  from space 12800K,   9% used [0x00000000f7080000, 0x00000000f71adb00, 0x00000000f7d00000)
  to   space 12800K,   0% used [0x00000000f6400000, 0x00000000f6400000, 0x00000000f7080000)
 concurrent mark-sweep generation total 134144K, used 48095K [0x00000000f7d00000, 0x0000000100000000, 0x0000000100000000)
 Metaspace       used 65120K, capacity 69770K, committed 69888K, reserved 1110016K
  class space    used 8392K, capacity 9186K, committed 9216K, reserved 1048576K
}
{Heap before GC invocations=677 (full 0):
 par new generation   total 115200K, used 103606K [0x00000000f0000000, 0x00000000f7d00000, 0x00000000f7d00000)
  eden space 102400K, 100% used [0x00000000f0000000, 0x00000000f6400000, 0x00000000f6400000)
  from space 12800K,   9% used [0x00000000f7080000, 0x00000000f71adb00, 0x00000000f7d00000)
  to   space 12800K,   0% used [0x00000000f6400000, 0x00000000f6400000, 0x00000000f7080000)
 concurrent mark-sweep generation total 134144K, used 48095K [0x00000000f7d00000, 0x0000000100000000, 0x0000000100000000)
 Metaspace       used 65120K, capacity 69770K, committed 69888K, reserved 1110016K
  class space    used 8392K, capacity 9186K, committed 9216K, reserved 1048576K
2022-09-12T02:05:57.888+0800: 332.665: [GC (Allocation Failure)  151702K->49668K(249344K), 0.0041888 secs]
Heap after GC invocations=678 (full 0):
 par new generation   total 115200K, used 1553K [0x00000000f0000000, 0x00000000f7d00000, 0x00000000f7d00000)
  eden space 102400K,   0% used [0x00000000f0000000, 0x00000000f0000000, 0x00000000f6400000)
  from space 12800K,  12% used [0x00000000f6400000, 0x00000000f65844f0, 0x00000000f7080000)
  to   space 12800K,   0% used [0x00000000f7080000, 0x00000000f7080000, 0x00000000f7d00000)
 concurrent mark-sweep generation total 134144K, used 48114K [0x00000000f7d00000, 0x0000000100000000, 0x0000000100000000)
 Metaspace       used 65120K, capacity 69770K, committed 69888K, reserved 1110016K
  class space    used 8392K, capacity 9186K, committed 9216K, reserved 1048576K
}
{Heap before GC invocations=678 (full 0):
 par new generation   total 115200K, used 103953K [0x00000000f0000000, 0x00000000f7d00000, 0x00000000f7d00000)
  eden space 102400K, 100% used [0x00000000f0000000, 0x00000000f6400000, 0x00000000f6400000)
  from space 12800K,  12% used [0x00000000f6400000, 0x00000000f65844f0, 0x00000000f7080000)
  to   space 12800K,   0% used [0x00000000f7080000, 0x00000000f7080000, 0x00000000f7d00000)
 concurrent mark-sweep generation total 134144K, used 48114K [0x00000000f7d00000, 0x0000000100000000, 0x0000000100000000)
 Metaspace       used 65120K, capacity 69770K, committed 69888K, reserved 1110016K
  class space    used 8392K, capacity 9186K, committed 9216K, reserved 1048576K
2022-09-12T02:05:58.238+0800: 333.015: [GC (Allocation Failure)  152068K->49792K(249344K), 0.0040637 secs]
Heap after GC invocations=679 (full 0):
 par new generation   total 115200K, used 1665K [0x00000000f0000000, 0x00000000f7d00000, 0x00000000f7d00000)
  eden space 102400K,   0% used [0x00000000f0000000, 0x00000000f0000000, 0x00000000f6400000)
  from space 12800K,  13% used [0x00000000f7080000, 0x00000000f72207c8, 0x00000000f7d00000)
  to   space 12800K,   0% used [0x00000000f6400000, 0x00000000f6400000, 0x00000000f7080000)
 concurrent mark-sweep generation total 134144K, used 48126K [0x00000000f7d00000, 0x0000000100000000, 0x0000000100000000)
 Metaspace       used 65120K, capacity 69770K, committed 69888K, reserved 1110016K
  class space    used 8392K, capacity 9186K, committed 9216K, reserved 1048576K
}
{Heap before GC invocations=679 (full 0):
 par new generation   total 115200K, used 104065K [0x00000000f0000000, 0x00000000f7d00000, 0x00000000f7d00000)
  eden space 102400K, 100% used [0x00000000f0000000, 0x00000000f6400000, 0x00000000f6400000)
  from space 12800K,  13% used [0x00000000f7080000, 0x00000000f72207c8, 0x00000000f7d00000)
  to   space 12800K,   0% used [0x00000000f6400000, 0x00000000f6400000, 0x00000000f7080000)
 concurrent mark-sweep generation total 134144K, used 48126K [0x00000000f7d00000, 0x0000000100000000, 0x0000000100000000)
 Metaspace       used 65120K, capacity 69770K, committed 69888K, reserved 1110016K
  class space    used 8392K, capacity 9186K, committed 9216K, reserved 1048576K
2022-09-12T02:05:58.587+0800: 333.364: [GC (Allocation Failure)  152192K->49323K(249344K), 0.0040533 secs]
Heap after GC invocations=680 (full 0):
 par new generation   total 115200K, used 1177K [0x00000000f0000000, 0x00000000f7d00000, 0x00000000f7d00000)
  eden space 102400K,   0% used [0x00000000f0000000, 0x00000000f0000000, 0x00000000f6400000)
  from space 12800K,   9% used [0x00000000f6400000, 0x00000000f6526600, 0x00000000f7080000)
  to   space 12800K,   0% used [0x00000000f7080000, 0x00000000f7080000, 0x00000000f7d00000)
 concurrent mark-sweep generation total 134144K, used 48145K [0x00000000f7d00000, 0x0000000100000000, 0x0000000100000000)
 Metaspace       used 65120K, capacity 69770K, committed 69888K, reserved 1110016K
  class space    used 8392K, capacity 9186K, committed 9216K, reserved 1048576K
}
{Heap before GC invocations=680 (full 0):
 par new generation   total 115200K, used 103577K [0x00000000f0000000, 0x00000000f7d00000, 0x00000000f7d00000)
  eden space 102400K, 100% used [0x00000000f0000000, 0x00000000f6400000, 0x00000000f6400000)
  from space 12800K,   9% used [0x00000000f6400000, 0x00000000f6526600, 0x00000000f7080000)
  to   space 12800K,   0% used [0x00000000f7080000, 0x00000000f7080000, 0x00000000f7d00000)
 concurrent mark-sweep generation total 134144K, used 48145K [0x00000000f7d00000, 0x0000000100000000, 0x0000000100000000)
 Metaspace       used 65120K, capacity 69770K, committed 69888K, reserved 1110016K
  class space    used 8392K, capacity 9186K, committed 9216K, reserved 1048576K
2022-09-12T02:05:58.952+0800: 333.729: [GC (Allocation Failure)  151723K->49688K(249344K), 0.0040524 secs]
Heap after GC invocations=681 (full 0):
 par new generation   total 115200K, used 1527K [0x00000000f0000000, 0x00000000f7d00000, 0x00000000f7d00000)
  eden space 102400K,   0% used [0x00000000f0000000, 0x00000000f0000000, 0x00000000f6400000)
  from space 12800K,  11% used [0x00000000f7080000, 0x00000000f71fdc98, 0x00000000f7d00000)
  to   space 12800K,   0% used [0x00000000f6400000, 0x00000000f6400000, 0x00000000f7080000)
 concurrent mark-sweep generation total 134144K, used 48160K [0x00000000f7d00000, 0x0000000100000000, 0x0000000100000000)
 Metaspace       used 65120K, capacity 69770K, committed 69888K, reserved 1110016K
  class space    used 8392K, capacity 9186K, committed 9216K, reserved 1048576K
}
{Heap before GC invocations=681 (full 0):
 par new generation   total 115200K, used 103927K [0x00000000f0000000, 0x00000000f7d00000, 0x00000000f7d00000)
  eden space 102400K, 100% used [0x00000000f0000000, 0x00000000f6400000, 0x00000000f6400000)
  from space 12800K,  11% used [0x00000000f7080000, 0x00000000f71fdc98, 0x00000000f7d00000)
  to   space 12800K,   0% used [0x00000000f6400000, 0x00000000f6400000, 0x00000000f7080000)
 concurrent mark-sweep generation total 134144K, used 48160K [0x00000000f7d00000, 0x0000000100000000, 0x0000000100000000)
 Metaspace       used 65120K, capacity 69770K, committed 69888K, reserved 1110016K
  class space    used 8392K, capacity 9186K, committed 9216K, reserved 1048576K
2022-09-12T02:05:59.300+0800: 334.077: [GC (Allocation Failure)  152088K->49772K(249344K), 0.0041455 secs]
Heap after GC invocations=682 (full 0):
 par new generation   total 115200K, used 1593K [0x00000000f0000000, 0x00000000f7d00000, 0x00000000f7d00000)
  eden space 102400K,   0% used [0x00000000f0000000, 0x00000000f0000000, 0x00000000f6400000)
  from space 12800K,  12% used [0x00000000f6400000, 0x00000000f658e7e8, 0x00000000f7080000)
  to   space 12800K,   0% used [0x00000000f7080000, 0x00000000f7080000, 0x00000000f7d00000)
 concurrent mark-sweep generation total 134144K, used 48178K [0x00000000f7d00000, 0x0000000100000000, 0x0000000100000000)
 Metaspace       used 65120K, capacity 69770K, committed 69888K, reserved 1110016K
  class space    used 8392K, capacity 9186K, committed 9216K, reserved 1048576K
}
{Heap before GC invocations=682 (full 0):
 par new generation   total 115200K, used 103993K [0x00000000f0000000, 0x00000000f7d00000, 0x00000000f7d00000)
  eden space 102400K, 100% used [0x00000000f0000000, 0x00000000f6400000, 0x00000000f6400000)
  from space 12800K,  12% used [0x00000000f6400000, 0x00000000f658e7e8, 0x00000000f7080000)
  to   space 12800K,   0% used [0x00000000f7080000, 0x00000000f7080000, 0x00000000f7d00000)
 concurrent mark-sweep generation total 134144K, used 48178K [0x00000000f7d00000, 0x0000000100000000, 0x0000000100000000)
 Metaspace       used 65120K, capacity 69770K, committed 69888K, reserved 1110016K
  class space    used 8392K, capacity 9186K, committed 9216K, reserved 1048576K
2022-09-12T02:05:59.650+0800: 334.427: [GC (Allocation Failure)  152172K->49871K(249344K), 0.0040657 secs]
Heap after GC invocations=683 (full 0):
 par new generation   total 115200K, used 1674K [0x00000000f0000000, 0x00000000f7d00000, 0x00000000f7d00000)
  eden space 102400K,   0% used [0x00000000f0000000, 0x00000000f0000000, 0x00000000f6400000)
  from space 12800K,  13% used [0x00000000f7080000, 0x00000000f72229e8, 0x00000000f7d00000)
  to   space 12800K,   0% used [0x00000000f6400000, 0x00000000f6400000, 0x00000000f7080000)
 concurrent mark-sweep generation total 134144K, used 48196K [0x00000000f7d00000, 0x0000000100000000, 0x0000000100000000)
 Metaspace       used 65120K, capacity 69770K, committed 69888K, reserved 1110016K
  class space    used 8392K, capacity 9186K, committed 9216K, reserved 1048576K
}
{Heap before GC invocations=683 (full 0):
 par new generation   total 115200K, used 104074K [0x00000000f0000000, 0x00000000f7d00000, 0x00000000f7d00000)
  eden space 102400K, 100% used [0x00000000f0000000, 0x00000000f6400000, 0x00000000f6400000)
  from space 12800K,  13% used [0x00000000f7080000, 0x00000000f72229e8, 0x00000000f7d00000)
  to   space 12800K,   0% used [0x00000000f6400000, 0x00000000f6400000, 0x00000000f7080000)
 concurrent mark-sweep generation total 134144K, used 48196K [0x00000000f7d00000, 0x0000000100000000, 0x0000000100000000)
 Metaspace       used 65120K, capacity 69770K, committed 69888K, reserved 1110016K
  class space    used 8392K, capacity 9186K, committed 9216K, reserved 1048576K
2022-09-12T02:05:59.998+0800: 334.776: [GC (Allocation Failure)  152271K->49399K(249344K), 0.0041669 secs]
Heap after GC invocations=684 (full 0):
 par new generation   total 115200K, used 1186K [0x00000000f0000000, 0x00000000f7d00000, 0x00000000f7d00000)
  eden space 102400K,   0% used [0x00000000f0000000, 0x00000000f0000000, 0x00000000f6400000)
  from space 12800K,   9% used [0x00000000f6400000, 0x00000000f6528a40, 0x00000000f7080000)
  to   space 12800K,   0% used [0x00000000f7080000, 0x00000000f7080000, 0x00000000f7d00000)
 concurrent mark-sweep generation total 134144K, used 48213K [0x00000000f7d00000, 0x0000000100000000, 0x0000000100000000)
 Metaspace       used 65120K, capacity 69770K, committed 69888K, reserved 1110016K
  class space    used 8392K, capacity 9186K, committed 9216K, reserved 1048576K
}
{Heap before GC invocations=684 (full 0):
 par new generation   total 115200K, used 103586K [0x00000000f0000000, 0x00000000f7d00000, 0x00000000f7d00000)
  eden space 102400K, 100% used [0x00000000f0000000, 0x00000000f6400000, 0x00000000f6400000)
  from space 12800K,   9% used [0x00000000f6400000, 0x00000000f6528a40, 0x00000000f7080000)
  to   space 12800K,   0% used [0x00000000f7080000, 0x00000000f7080000, 0x00000000f7d00000)
 concurrent mark-sweep generation total 134144K, used 48213K [0x00000000f7d00000, 0x0000000100000000, 0x0000000100000000)
 Metaspace       used 65120K, capacity 69770K, committed 69888K, reserved 1110016K
  class space    used 8392K, capacity 9186K, committed 9216K, reserved 1048576K
2022-09-12T02:06:00.347+0800: 335.124: [GC (Allocation Failure)  151799K->49693K(249344K), 0.0041019 secs]
Heap after GC invocations=685 (full 0):
 par new generation   total 115200K, used 1469K [0x00000000f0000000, 0x00000000f7d00000, 0x00000000f7d00000)
  eden space 102400K,   0% used [0x00000000f0000000, 0x00000000f0000000, 0x00000000f6400000)
  from space 12800K,  11% used [0x00000000f7080000, 0x00000000f71ef4f0, 0x00000000f7d00000)
  to   space 12800K,   0% used [0x00000000f6400000, 0x00000000f6400000, 0x00000000f7080000)
 concurrent mark-sweep generation total 134144K, used 48224K [0x00000000f7d00000, 0x0000000100000000, 0x0000000100000000)
 Metaspace       used 65120K, capacity 69770K, committed 69888K, reserved 1110016K
  class space    used 8392K, capacity 9186K, committed 9216K, reserved 1048576K
}
{Heap before GC invocations=685 (full 0):
 par new generation   total 115200K, used 103869K [0x00000000f0000000, 0x00000000f7d00000, 0x00000000f7d00000)
  eden space 102400K, 100% used [0x00000000f0000000, 0x00000000f6400000, 0x00000000f6400000)
  from space 12800K,  11% used [0x00000000f7080000, 0x00000000f71ef4f0, 0x00000000f7d00000)
  to   space 12800K,   0% used [0x00000000f6400000, 0x00000000f6400000, 0x00000000f7080000)
 concurrent mark-sweep generation total 134144K, used 48224K [0x00000000f7d00000, 0x0000000100000000, 0x0000000100000000)
 Metaspace       used 65120K, capacity 69770K, committed 69888K, reserved 1110016K
  class space    used 8392K, capacity 9186K, committed 9216K, reserved 1048576K
2022-09-12T02:06:00.701+0800: 335.478: [GC (Allocation Failure)  152093K->49641K(249344K), 0.0043419 secs]
Heap after GC invocations=686 (full 0):
 par new generation   total 115200K, used 1392K [0x00000000f0000000, 0x00000000f7d00000, 0x00000000f7d00000)
  eden space 102400K,   0% used [0x00000000f0000000, 0x00000000f0000000, 0x00000000f6400000)
  from space 12800K,  10% used [0x00000000f6400000, 0x00000000f655c270, 0x00000000f7080000)
  to   space 12800K,   0% used [0x00000000f7080000, 0x00000000f7080000, 0x00000000f7d00000)
 concurrent mark-sweep generation total 134144K, used 48248K [0x00000000f7d00000, 0x0000000100000000, 0x0000000100000000)
 Metaspace       used 65120K, capacity 69770K, committed 69888K, reserved 1110016K
  class space    used 8392K, capacity 9186K, committed 9216K, reserved 1048576K
}
{Heap before GC invocations=686 (full 0):
 par new generation   total 115200K, used 103792K [0x00000000f0000000, 0x00000000f7d00000, 0x00000000f7d00000)
  eden space 102400K, 100% used [0x00000000f0000000, 0x00000000f6400000, 0x00000000f6400000)
  from space 12800K,  10% used [0x00000000f6400000, 0x00000000f655c270, 0x00000000f7080000)
  to   space 12800K,   0% used [0x00000000f7080000, 0x00000000f7080000, 0x00000000f7d00000)
 concurrent mark-sweep generation total 134144K, used 48248K [0x00000000f7d00000, 0x0000000100000000, 0x0000000100000000)
 Metaspace       used 65120K, capacity 69770K, committed 69888K, reserved 1110016K
  class space    used 8392K, capacity 9186K, committed 9216K, reserved 1048576K
2022-09-12T02:06:01.060+0800: 335.837: [GC (Allocation Failure)  152041K->49951K(249344K), 0.0040317 secs]
Heap after GC invocations=687 (full 0):
 par new generation   total 115200K, used 1696K [0x00000000f0000000, 0x00000000f7d00000, 0x00000000f7d00000)
  eden space 102400K,   0% used [0x00000000f0000000, 0x00000000f0000000, 0x00000000f6400000)
  from space 12800K,  13% used [0x00000000f7080000, 0x00000000f7228398, 0x00000000f7d00000)
  to   space 12800K,   0% used [0x00000000f6400000, 0x00000000f6400000, 0x00000000f7080000)
 concurrent mark-sweep generation total 134144K, used 48254K [0x00000000f7d00000, 0x0000000100000000, 0x0000000100000000)
 Metaspace       used 65120K, capacity 69770K, committed 69888K, reserved 1110016K
  class space    used 8392K, capacity 9186K, committed 9216K, reserved 1048576K
}
{Heap before GC invocations=687 (full 0):
 par new generation   total 115200K, used 104096K [0x00000000f0000000, 0x00000000f7d00000, 0x00000000f7d00000)
  eden space 102400K, 100% used [0x00000000f0000000, 0x00000000f6400000, 0x00000000f6400000)
  from space 12800K,  13% used [0x00000000f7080000, 0x00000000f7228398, 0x00000000f7d00000)
  to   space 12800K,   0% used [0x00000000f6400000, 0x00000000f6400000, 0x00000000f7080000)
 concurrent mark-sweep generation total 134144K, used 48254K [0x00000000f7d00000, 0x0000000100000000, 0x0000000100000000)
 Metaspace       used 65120K, capacity 69770K, committed 69888K, reserved 1110016K
  class space    used 8392K, capacity 9186K, committed 9216K, reserved 1048576K
2022-09-12T02:06:01.409+0800: 336.186: [GC (Allocation Failure)  152351K->49344K(249344K), 0.0040786 secs]
Heap after GC invocations=688 (full 0):
 par new generation   total 115200K, used 1067K [0x00000000f0000000, 0x00000000f7d00000, 0x00000000f7d00000)
  eden space 102400K,   0% used [0x00000000f0000000, 0x00000000f0000000, 0x00000000f6400000)
  from space 12800K,   8% used [0x00000000f6400000, 0x00000000f650af50, 0x00000000f7080000)
  to   space 12800K,   0% used [0x00000000f7080000, 0x00000000f7080000, 0x00000000f7d00000)
 concurrent mark-sweep generation total 134144K, used 48276K [0x00000000f7d00000, 0x0000000100000000, 0x0000000100000000)
 Metaspace       used 65120K, capacity 69770K, committed 69888K, reserved 1110016K
  class space    used 8392K, capacity 9186K, committed 9216K, reserved 1048576K
}
{Heap before GC invocations=688 (full 0):
 par new generation   total 115200K, used 103467K [0x00000000f0000000, 0x00000000f7d00000, 0x00000000f7d00000)
  eden space 102400K, 100% used [0x00000000f0000000, 0x00000000f6400000, 0x00000000f6400000)
  from space 12800K,   8% used [0x00000000f6400000, 0x00000000f650af50, 0x00000000f7080000)
  to   space 12800K,   0% used [0x00000000f7080000, 0x00000000f7080000, 0x00000000f7d00000)
 concurrent mark-sweep generation total 134144K, used 48276K [0x00000000f7d00000, 0x0000000100000000, 0x0000000100000000)
 Metaspace       used 65120K, capacity 69770K, committed 69888K, reserved 1110016K
  class space    used 8392K, capacity 9186K, committed 9216K, reserved 1048576K
2022-09-12T02:06:01.757+0800: 336.534: [GC (Allocation Failure)  151744K->49784K(249344K), 0.0040898 secs]
Heap after GC invocations=689 (full 0):
 par new generation   total 115200K, used 1492K [0x00000000f0000000, 0x00000000f7d00000, 0x00000000f7d00000)
  eden space 102400K,   0% used [0x00000000f0000000, 0x00000000f0000000, 0x00000000f6400000)
  from space 12800K,  11% used [0x00000000f7080000, 0x00000000f71f51b0, 0x00000000f7d00000)
  to   space 12800K,   0% used [0x00000000f6400000, 0x00000000f6400000, 0x00000000f7080000)
 concurrent mark-sweep generation total 134144K, used 48291K [0x00000000f7d00000, 0x0000000100000000, 0x0000000100000000)
 Metaspace       used 65120K, capacity 69770K, committed 69888K, reserved 1110016K
  class space    used 8392K, capacity 9186K, committed 9216K, reserved 1048576K
}
{Heap before GC invocations=689 (full 0):
 par new generation   total 115200K, used 103892K [0x00000000f0000000, 0x00000000f7d00000, 0x00000000f7d00000)
  eden space 102400K, 100% used [0x00000000f0000000, 0x00000000f6400000, 0x00000000f6400000)
  from space 12800K,  11% used [0x00000000f7080000, 0x00000000f71f51b0, 0x00000000f7d00000)
  to   space 12800K,   0% used [0x00000000f6400000, 0x00000000f6400000, 0x00000000f7080000)
 concurrent mark-sweep generation total 134144K, used 48291K [0x00000000f7d00000, 0x0000000100000000, 0x0000000100000000)
 Metaspace       used 65120K, capacity 69770K, committed 69888K, reserved 1110016K
  class space    used 8392K, capacity 9186K, committed 9216K, reserved 1048576K
2022-09-12T02:06:02.105+0800: 336.882: [GC (Allocation Failure)  152184K->49979K(249344K), 0.0041282 secs]
Heap after GC invocations=690 (full 0):
 par new generation   total 115200K, used 1667K [0x00000000f0000000, 0x00000000f7d00000, 0x00000000f7d00000)
  eden space 102400K,   0% used [0x00000000f0000000, 0x00000000f0000000, 0x00000000f6400000)
  from space 12800K,  13% used [0x00000000f6400000, 0x00000000f65a0c98, 0x00000000f7080000)
  to   space 12800K,   0% used [0x00000000f7080000, 0x00000000f7080000, 0x00000000f7d00000)
 concurrent mark-sweep generation total 134144K, used 48312K [0x00000000f7d00000, 0x0000000100000000, 0x0000000100000000)
 Metaspace       used 65120K, capacity 69770K, committed 69888K, reserved 1110016K
  class space    used 8392K, capacity 9186K, committed 9216K, reserved 1048576K
}
{Heap before GC invocations=690 (full 0):
 par new generation   total 115200K, used 104067K [0x00000000f0000000, 0x00000000f7d00000, 0x00000000f7d00000)
  eden space 102400K, 100% used [0x00000000f0000000, 0x00000000f6400000, 0x00000000f6400000)
  from space 12800K,  13% used [0x00000000f6400000, 0x00000000f65a0c98, 0x00000000f7080000)
  to   space 12800K,   0% used [0x00000000f7080000, 0x00000000f7080000, 0x00000000f7d00000)
 concurrent mark-sweep generation total 134144K, used 48312K [0x00000000f7d00000, 0x0000000100000000, 0x0000000100000000)
 Metaspace       used 65120K, capacity 69770K, committed 69888K, reserved 1110016K
  class space    used 8392K, capacity 9186K, committed 9216K, reserved 1048576K
2022-09-12T02:06:02.468+0800: 337.246: [GC (Allocation Failure)  152379K->49539K(249344K), 0.0040148 secs]
Heap after GC invocations=691 (full 0):
 par new generation   total 115200K, used 1214K [0x00000000f0000000, 0x00000000f7d00000, 0x00000000f7d00000)
  eden space 102400K,   0% used [0x00000000f0000000, 0x00000000f0000000, 0x00000000f6400000)
  from space 12800K,   9% used [0x00000000f7080000, 0x00000000f71afa00, 0x00000000f7d00000)
  to   space 12800K,   0% used [0x00000000f6400000, 0x00000000f6400000, 0x00000000f7080000)
 concurrent mark-sweep generation total 134144K, used 48325K [0x00000000f7d00000, 0x0000000100000000, 0x0000000100000000)
 Metaspace       used 65120K, capacity 69770K, committed 69888K, reserved 1110016K
  class space    used 8392K, capacity 9186K, committed 9216K, reserved 1048576K
}
{Heap before GC invocations=691 (full 0):
 par new generation   total 115200K, used 103614K [0x00000000f0000000, 0x00000000f7d00000, 0x00000000f7d00000)
  eden space 102400K, 100% used [0x00000000f0000000, 0x00000000f6400000, 0x00000000f6400000)
  from space 12800K,   9% used [0x00000000f7080000, 0x00000000f71afa00, 0x00000000f7d00000)
  to   space 12800K,   0% used [0x00000000f6400000, 0x00000000f6400000, 0x00000000f7080000)
 concurrent mark-sweep generation total 134144K, used 48325K [0x00000000f7d00000, 0x0000000100000000, 0x0000000100000000)
 Metaspace       used 65120K, capacity 69770K, committed 69888K, reserved 1110016K
  class space    used 8392K, capacity 9186K, committed 9216K, reserved 1048576K
2022-09-12T02:06:02.819+0800: 337.596: [GC (Allocation Failure)  151939K->49860K(249344K), 0.0041052 secs]
Heap after GC invocations=692 (full 0):
 par new generation   total 115200K, used 1517K [0x00000000f0000000, 0x00000000f7d00000, 0x00000000f7d00000)
  eden space 102400K,   0% used [0x00000000f0000000, 0x00000000f0000000, 0x00000000f6400000)
  from space 12800K,  11% used [0x00000000f6400000, 0x00000000f657b6c0, 0x00000000f7080000)
  to   space 12800K,   0% used [0x00000000f7080000, 0x00000000f7080000, 0x00000000f7d00000)
 concurrent mark-sweep generation total 134144K, used 48342K [0x00000000f7d00000, 0x0000000100000000, 0x0000000100000000)
 Metaspace       used 65120K, capacity 69770K, committed 69888K, reserved 1110016K
  class space    used 8392K, capacity 9186K, committed 9216K, reserved 1048576K
}
{Heap before GC invocations=692 (full 0):
 par new generation   total 115200K, used 103917K [0x00000000f0000000, 0x00000000f7d00000, 0x00000000f7d00000)
  eden space 102400K, 100% used [0x00000000f0000000, 0x00000000f6400000, 0x00000000f6400000)
  from space 12800K,  11% used [0x00000000f6400000, 0x00000000f657b6c0, 0x00000000f7080000)
  to   space 12800K,   0% used [0x00000000f7080000, 0x00000000f7080000, 0x00000000f7d00000)
 concurrent mark-sweep generation total 134144K, used 48342K [0x00000000f7d00000, 0x0000000100000000, 0x0000000100000000)
 Metaspace       used 65120K, capacity 69770K, committed 69888K, reserved 1110016K
  class space    used 8392K, capacity 9186K, committed 9216K, reserved 1048576K
2022-09-12T02:06:03.168+0800: 337.945: [GC (Allocation Failure)  152260K->49998K(249344K), 0.0040633 secs]
Heap after GC invocations=693 (full 0):
 par new generation   total 115200K, used 1641K [0x00000000f0000000, 0x00000000f7d00000, 0x00000000f7d00000)
  eden space 102400K,   0% used [0x00000000f0000000, 0x00000000f0000000, 0x00000000f6400000)
  from space 12800K,  12% used [0x00000000f7080000, 0x00000000f721a7f8, 0x00000000f7d00000)
  to   space 12800K,   0% used [0x00000000f6400000, 0x00000000f6400000, 0x00000000f7080000)
 concurrent mark-sweep generation total 134144K, used 48356K [0x00000000f7d00000, 0x0000000100000000, 0x0000000100000000)
 Metaspace       used 65120K, capacity 69770K, committed 69888K, reserved 1110016K
  class space    used 8392K, capacity 9186K, committed 9216K, reserved 1048576K
}
{Heap before GC invocations=693 (full 0):
 par new generation   total 115200K, used 104041K [0x00000000f0000000, 0x00000000f7d00000, 0x00000000f7d00000)
  eden space 102400K, 100% used [0x00000000f0000000, 0x00000000f6400000, 0x00000000f6400000)
  from space 12800K,  12% used [0x00000000f7080000, 0x00000000f721a7f8, 0x00000000f7d00000)
  to   space 12800K,   0% used [0x00000000f6400000, 0x00000000f6400000, 0x00000000f7080000)
 concurrent mark-sweep generation total 134144K, used 48356K [0x00000000f7d00000, 0x0000000100000000, 0x0000000100000000)
 Metaspace       used 65120K, capacity 69770K, committed 69888K, reserved 1110016K
  class space    used 8392K, capacity 9186K, committed 9216K, reserved 1048576K
2022-09-12T02:06:03.516+0800: 338.293: [GC (Allocation Failure)  152398K->49571K(249344K), 0.0040883 secs]
Heap after GC invocations=694 (full 0):
 par new generation   total 115200K, used 1195K [0x00000000f0000000, 0x00000000f7d00000, 0x00000000f7d00000)
  eden space 102400K,   0% used [0x00000000f0000000, 0x00000000f0000000, 0x00000000f6400000)
  from space 12800K,   9% used [0x00000000f6400000, 0x00000000f652adc0, 0x00000000f7080000)
  to   space 12800K,   0% used [0x00000000f7080000, 0x00000000f7080000, 0x00000000f7d00000)
 concurrent mark-sweep generation total 134144K, used 48376K [0x00000000f7d00000, 0x0000000100000000, 0x0000000100000000)
 Metaspace       used 65120K, capacity 69770K, committed 69888K, reserved 1110016K
  class space    used 8392K, capacity 9186K, committed 9216K, reserved 1048576K
}
{Heap before GC invocations=694 (full 0):
 par new generation   total 115200K, used 103595K [0x00000000f0000000, 0x00000000f7d00000, 0x00000000f7d00000)
  eden space 102400K, 100% used [0x00000000f0000000, 0x00000000f6400000, 0x00000000f6400000)
  from space 12800K,   9% used [0x00000000f6400000, 0x00000000f652adc0, 0x00000000f7080000)
  to   space 12800K,   0% used [0x00000000f7080000, 0x00000000f7080000, 0x00000000f7d00000)
 concurrent mark-sweep generation total 134144K, used 48376K [0x00000000f7d00000, 0x0000000100000000, 0x0000000100000000)
 Metaspace       used 65120K, capacity 69770K, committed 69888K, reserved 1110016K
  class space    used 8392K, capacity 9186K, committed 9216K, reserved 1048576K
2022-09-12T02:06:03.865+0800: 338.642: [GC (Allocation Failure)  151971K->49920K(249344K), 0.0039505 secs]
Heap after GC invocations=695 (full 0):
 par new generation   total 115200K, used 1531K [0x00000000f0000000, 0x00000000f7d00000, 0x00000000f7d00000)
  eden space 102400K,   0% used [0x00000000f0000000, 0x00000000f0000000, 0x00000000f6400000)
  from space 12800K,  11% used [0x00000000f7080000, 0x00000000f71feda8, 0x00000000f7d00000)
  to   space 12800K,   0% used [0x00000000f6400000, 0x00000000f6400000, 0x00000000f7080000)
 concurrent mark-sweep generation total 134144K, used 48389K [0x00000000f7d00000, 0x0000000100000000, 0x0000000100000000)
 Metaspace       used 65120K, capacity 69770K, committed 69888K, reserved 1110016K
  class space    used 8392K, capacity 9186K, committed 9216K, reserved 1048576K
}
{Heap before GC invocations=695 (full 0):
 par new generation   total 115200K, used 103931K [0x00000000f0000000, 0x00000000f7d00000, 0x00000000f7d00000)
  eden space 102400K, 100% used [0x00000000f0000000, 0x00000000f6400000, 0x00000000f6400000)
  from space 12800K,  11% used [0x00000000f7080000, 0x00000000f71feda8, 0x00000000f7d00000)
  to   space 12800K,   0% used [0x00000000f6400000, 0x00000000f6400000, 0x00000000f7080000)
 concurrent mark-sweep generation total 134144K, used 48389K [0x00000000f7d00000, 0x0000000100000000, 0x0000000100000000)
 Metaspace       used 65120K, capacity 69770K, committed 69888K, reserved 1110016K
  class space    used 8392K, capacity 9186K, committed 9216K, reserved 1048576K
2022-09-12T02:06:04.214+0800: 338.991: [GC (Allocation Failure)  152320K->50014K(249344K), 0.0040259 secs]
Heap after GC invocations=696 (full 0):
 par new generation   total 115200K, used 1607K [0x00000000f0000000, 0x00000000f7d00000, 0x00000000f7d00000)
  eden space 102400K,   0% used [0x00000000f0000000, 0x00000000f0000000, 0x00000000f6400000)
  from space 12800K,  12% used [0x00000000f6400000, 0x00000000f6591cd8, 0x00000000f7080000)
  to   space 12800K,   0% used [0x00000000f7080000, 0x00000000f7080000, 0x00000000f7d00000)
 concurrent mark-sweep generation total 134144K, used 48406K [0x00000000f7d00000, 0x0000000100000000, 0x0000000100000000)
 Metaspace       used 65120K, capacity 69770K, committed 69888K, reserved 1110016K
  class space    used 8392K, capacity 9186K, committed 9216K, reserved 1048576K
}
{Heap before GC invocations=696 (full 0):
 par new generation   total 115200K, used 104007K [0x00000000f0000000, 0x00000000f7d00000, 0x00000000f7d00000)
  eden space 102400K, 100% used [0x00000000f0000000, 0x00000000f6400000, 0x00000000f6400000)
  from space 12800K,  12% used [0x00000000f6400000, 0x00000000f6591cd8, 0x00000000f7080000)
  to   space 12800K,   0% used [0x00000000f7080000, 0x00000000f7080000, 0x00000000f7d00000)
 concurrent mark-sweep generation total 134144K, used 48406K [0x00000000f7d00000, 0x0000000100000000, 0x0000000100000000)
 Metaspace       used 65120K, capacity 69770K, committed 69888K, reserved 1110016K
  class space    used 8392K, capacity 9186K, committed 9216K, reserved 1048576K
2022-09-12T02:06:04.566+0800: 339.343: [GC (Allocation Failure)  152414K->49599K(249344K), 0.0039912 secs]
Heap after GC invocations=697 (full 0):
 par new generation   total 115200K, used 1178K [0x00000000f0000000, 0x00000000f7d00000, 0x00000000f7d00000)
  eden space 102400K,   0% used [0x00000000f0000000, 0x00000000f0000000, 0x00000000f6400000)
  from space 12800K,   9% used [0x00000000f7080000, 0x00000000f71a6a40, 0x00000000f7d00000)
  to   space 12800K,   0% used [0x00000000f6400000, 0x00000000f6400000, 0x00000000f7080000)
 concurrent mark-sweep generation total 134144K, used 48421K [0x00000000f7d00000, 0x0000000100000000, 0x0000000100000000)
 Metaspace       used 65120K, capacity 69770K, committed 69888K, reserved 1110016K
  class space    used 8392K, capacity 9186K, committed 9216K, reserved 1048576K
}
{Heap before GC invocations=697 (full 0):
 par new generation   total 115200K, used 103578K [0x00000000f0000000, 0x00000000f7d00000, 0x00000000f7d00000)
  eden space 102400K, 100% used [0x00000000f0000000, 0x00000000f6400000, 0x00000000f6400000)
  from space 12800K,   9% used [0x00000000f7080000, 0x00000000f71a6a40, 0x00000000f7d00000)
  to   space 12800K,   0% used [0x00000000f6400000, 0x00000000f6400000, 0x00000000f7080000)
 concurrent mark-sweep generation total 134144K, used 48421K [0x00000000f7d00000, 0x0000000100000000, 0x0000000100000000)
 Metaspace       used 65120K, capacity 69770K, committed 69888K, reserved 1110016K
  class space    used 8392K, capacity 9186K, committed 9216K, reserved 1048576K
2022-09-12T02:06:04.914+0800: 339.691: [GC (Allocation Failure)  151999K->49947K(249344K), 0.0041173 secs]
Heap after GC invocations=698 (full 0):
 par new generation   total 115200K, used 1506K [0x00000000f0000000, 0x00000000f7d00000, 0x00000000f7d00000)
  eden space 102400K,   0% used [0x00000000f0000000, 0x00000000f0000000, 0x00000000f6400000)
  from space 12800K,  11% used [0x00000000f6400000, 0x00000000f6578978, 0x00000000f7080000)
  to   space 12800K,   0% used [0x00000000f7080000, 0x00000000f7080000, 0x00000000f7d00000)
 concurrent mark-sweep generation total 134144K, used 48441K [0x00000000f7d00000, 0x0000000100000000, 0x0000000100000000)
 Metaspace       used 65120K, capacity 69770K, committed 69888K, reserved 1110016K
  class space    used 8392K, capacity 9186K, committed 9216K, reserved 1048576K
}
{Heap before GC invocations=698 (full 0):
 par new generation   total 115200K, used 103906K [0x00000000f0000000, 0x00000000f7d00000, 0x00000000f7d00000)
  eden space 102400K, 100% used [0x00000000f0000000, 0x00000000f6400000, 0x00000000f6400000)
  from space 12800K,  11% used [0x00000000f6400000, 0x00000000f6578978, 0x00000000f7080000)
  to   space 12800K,   0% used [0x00000000f7080000, 0x00000000f7080000, 0x00000000f7d00000)
 concurrent mark-sweep generation total 134144K, used 48441K [0x00000000f7d00000, 0x0000000100000000, 0x0000000100000000)
 Metaspace       used 65120K, capacity 69770K, committed 69888K, reserved 1110016K
  class space    used 8392K, capacity 9186K, committed 9216K, reserved 1048576K
2022-09-12T02:06:05.263+0800: 340.040: [GC (Allocation Failure)  152347K->50088K(249344K), 0.0040118 secs]
Heap after GC invocations=699 (full 0):
 par new generation   total 115200K, used 1635K [0x00000000f0000000, 0x00000000f7d00000, 0x00000000f7d00000)
  eden space 102400K,   0% used [0x00000000f0000000, 0x00000000f0000000, 0x00000000f6400000)
  from space 12800K,  12% used [0x00000000f7080000, 0x00000000f7218f08, 0x00000000f7d00000)
  to   space 12800K,   0% used [0x00000000f6400000, 0x00000000f6400000, 0x00000000f7080000)
 concurrent mark-sweep generation total 134144K, used 48452K [0x00000000f7d00000, 0x0000000100000000, 0x0000000100000000)
 Metaspace       used 65120K, capacity 69770K, committed 69888K, reserved 1110016K
  class space    used 8392K, capacity 9186K, committed 9216K, reserved 1048576K
}
{Heap before GC invocations=699 (full 0):
 par new generation   total 115200K, used 104035K [0x00000000f0000000, 0x00000000f7d00000, 0x00000000f7d00000)
  eden space 102400K, 100% used [0x00000000f0000000, 0x00000000f6400000, 0x00000000f6400000)
  from space 12800K,  12% used [0x00000000f7080000, 0x00000000f7218f08, 0x00000000f7d00000)
  to   space 12800K,   0% used [0x00000000f6400000, 0x00000000f6400000, 0x00000000f7080000)
 concurrent mark-sweep generation total 134144K, used 48452K [0x00000000f7d00000, 0x0000000100000000, 0x0000000100000000)
 Metaspace       used 65120K, capacity 69770K, committed 69888K, reserved 1110016K
  class space    used 8392K, capacity 9186K, committed 9216K, reserved 1048576K
2022-09-12T02:06:05.612+0800: 340.389: [GC (Allocation Failure)  152488K->49795K(249344K), 0.0041613 secs]
Heap after GC invocations=700 (full 0):
 par new generation   total 115200K, used 1325K [0x00000000f0000000, 0x00000000f7d00000, 0x00000000f7d00000)
  eden space 102400K,   0% used [0x00000000f0000000, 0x00000000f0000000, 0x00000000f6400000)
  from space 12800K,  10% used [0x00000000f6400000, 0x00000000f654b7d0, 0x00000000f7080000)
  to   space 12800K,   0% used [0x00000000f7080000, 0x00000000f7080000, 0x00000000f7d00000)
 concurrent mark-sweep generation total 134144K, used 48469K [0x00000000f7d00000, 0x0000000100000000, 0x0000000100000000)
 Metaspace       used 65120K, capacity 69770K, committed 69888K, reserved 1110016K
  class space    used 8392K, capacity 9186K, committed 9216K, reserved 1048576K
}
{Heap before GC invocations=700 (full 0):
 par new generation   total 115200K, used 103725K [0x00000000f0000000, 0x00000000f7d00000, 0x00000000f7d00000)
  eden space 102400K, 100% used [0x00000000f0000000, 0x00000000f6400000, 0x00000000f6400000)
  from space 12800K,  10% used [0x00000000f6400000, 0x00000000f654b7d0, 0x00000000f7080000)
  to   space 12800K,   0% used [0x00000000f7080000, 0x00000000f7080000, 0x00000000f7d00000)
 concurrent mark-sweep generation total 134144K, used 48469K [0x00000000f7d00000, 0x0000000100000000, 0x0000000100000000)
 Metaspace       used 65120K, capacity 69770K, committed 69888K, reserved 1110016K
  class space    used 8392K, capacity 9186K, committed 9216K, reserved 1048576K
2022-09-12T02:06:05.964+0800: 340.742: [GC (Allocation Failure)  152195K->49787K(249344K), 0.0037564 secs]
Heap after GC invocations=701 (full 0):
 par new generation   total 115200K, used 1301K [0x00000000f0000000, 0x00000000f7d00000, 0x00000000f7d00000)
  eden space 102400K,   0% used [0x00000000f0000000, 0x00000000f0000000, 0x00000000f6400000)
  from space 12800K,  10% used [0x00000000f7080000, 0x00000000f71c55f0, 0x00000000f7d00000)
  to   space 12800K,   0% used [0x00000000f6400000, 0x00000000f6400000, 0x00000000f7080000)
 concurrent mark-sweep generation total 134144K, used 48486K [0x00000000f7d00000, 0x0000000100000000, 0x0000000100000000)
 Metaspace       used 65120K, capacity 69770K, committed 69888K, reserved 1110016K
  class space    used 8392K, capacity 9186K, committed 9216K, reserved 1048576K
}
{Heap before GC invocations=701 (full 0):
 par new generation   total 115200K, used 103701K [0x00000000f0000000, 0x00000000f7d00000, 0x00000000f7d00000)
  eden space 102400K, 100% used [0x00000000f0000000, 0x00000000f6400000, 0x00000000f6400000)
  from space 12800K,  10% used [0x00000000f7080000, 0x00000000f71c55f0, 0x00000000f7d00000)
  to   space 12800K,   0% used [0x00000000f6400000, 0x00000000f6400000, 0x00000000f7080000)
 concurrent mark-sweep generation total 134144K, used 48486K [0x00000000f7d00000, 0x0000000100000000, 0x0000000100000000)
 Metaspace       used 65120K, capacity 69770K, committed 69888K, reserved 1110016K
  class space    used 8392K, capacity 9186K, committed 9216K, reserved 1048576K
2022-09-12T02:06:06.317+0800: 341.094: [GC (Allocation Failure)  152187K->49716K(249344K), 0.0040841 secs]
Heap after GC invocations=702 (full 0):
 par new generation   total 115200K, used 1212K [0x00000000f0000000, 0x00000000f7d00000, 0x00000000f7d00000)
  eden space 102400K,   0% used [0x00000000f0000000, 0x00000000f0000000, 0x00000000f6400000)
  from space 12800K,   9% used [0x00000000f6400000, 0x00000000f652f3e0, 0x00000000f7080000)
  to   space 12800K,   0% used [0x00000000f7080000, 0x00000000f7080000, 0x00000000f7d00000)
 concurrent mark-sweep generation total 134144K, used 48503K [0x00000000f7d00000, 0x0000000100000000, 0x0000000100000000)
 Metaspace       used 65120K, capacity 69770K, committed 69888K, reserved 1110016K
  class space    used 8392K, capacity 9186K, committed 9216K, reserved 1048576K
}
{Heap before GC invocations=702 (full 0):
 par new generation   total 115200K, used 103612K [0x00000000f0000000, 0x00000000f7d00000, 0x00000000f7d00000)
  eden space 102400K, 100% used [0x00000000f0000000, 0x00000000f6400000, 0x00000000f6400000)
  from space 12800K,   9% used [0x00000000f6400000, 0x00000000f652f3e0, 0x00000000f7080000)
  to   space 12800K,   0% used [0x00000000f7080000, 0x00000000f7080000, 0x00000000f7d00000)
 concurrent mark-sweep generation total 134144K, used 48503K [0x00000000f7d00000, 0x0000000100000000, 0x0000000100000000)
 Metaspace       used 65120K, capacity 69770K, committed 69888K, reserved 1110016K
  class space    used 8392K, capacity 9186K, committed 9216K, reserved 1048576K
2022-09-12T02:06:06.666+0800: 341.443: [GC (Allocation Failure)  152116K->49979K(249344K), 0.0040159 secs]
Heap after GC invocations=703 (full 0):
 par new generation   total 115200K, used 1460K [0x00000000f0000000, 0x00000000f7d00000, 0x00000000f7d00000)
  eden space 102400K,   0% used [0x00000000f0000000, 0x00000000f0000000, 0x00000000f6400000)
  from space 12800K,  11% used [0x00000000f7080000, 0x00000000f71ed260, 0x00000000f7d00000)
  to   space 12800K,   0% used [0x00000000f6400000, 0x00000000f6400000, 0x00000000f7080000)
 concurrent mark-sweep generation total 134144K, used 48519K [0x00000000f7d00000, 0x0000000100000000, 0x0000000100000000)
 Metaspace       used 65120K, capacity 69770K, committed 69888K, reserved 1110016K
  class space    used 8392K, capacity 9186K, committed 9216K, reserved 1048576K
}
{Heap before GC invocations=703 (full 0):
 par new generation   total 115200K, used 103860K [0x00000000f0000000, 0x00000000f7d00000, 0x00000000f7d00000)
  eden space 102400K, 100% used [0x00000000f0000000, 0x00000000f6400000, 0x00000000f6400000)
  from space 12800K,  11% used [0x00000000f7080000, 0x00000000f71ed260, 0x00000000f7d00000)
  to   space 12800K,   0% used [0x00000000f6400000, 0x00000000f6400000, 0x00000000f7080000)
 concurrent mark-sweep generation total 134144K, used 48519K [0x00000000f7d00000, 0x0000000100000000, 0x0000000100000000)
 Metaspace       used 65120K, capacity 69770K, committed 69888K, reserved 1110016K
  class space    used 8392K, capacity 9186K, committed 9216K, reserved 1048576K
2022-09-12T02:06:07.015+0800: 341.792: [GC (Allocation Failure)  152379K->50142K(249344K), 0.0039928 secs]
Heap after GC invocations=704 (full 0):
 par new generation   total 115200K, used 1606K [0x00000000f0000000, 0x00000000f7d00000, 0x00000000f7d00000)
  eden space 102400K,   0% used [0x00000000f0000000, 0x00000000f0000000, 0x00000000f6400000)
  from space 12800K,  12% used [0x00000000f6400000, 0x00000000f6591bf8, 0x00000000f7080000)
  to   space 12800K,   0% used [0x00000000f7080000, 0x00000000f7080000, 0x00000000f7d00000)
 concurrent mark-sweep generation total 134144K, used 48535K [0x00000000f7d00000, 0x0000000100000000, 0x0000000100000000)
 Metaspace       used 65120K, capacity 69770K, committed 69888K, reserved 1110016K
  class space    used 8392K, capacity 9186K, committed 9216K, reserved 1048576K
}
{Heap before GC invocations=704 (full 0):
 par new generation   total 115200K, used 104006K [0x00000000f0000000, 0x00000000f7d00000, 0x00000000f7d00000)
  eden space 102400K, 100% used [0x00000000f0000000, 0x00000000f6400000, 0x00000000f6400000)
  from space 12800K,  12% used [0x00000000f6400000, 0x00000000f6591bf8, 0x00000000f7080000)
  to   space 12800K,   0% used [0x00000000f7080000, 0x00000000f7080000, 0x00000000f7d00000)
 concurrent mark-sweep generation total 134144K, used 48535K [0x00000000f7d00000, 0x0000000100000000, 0x0000000100000000)
 Metaspace       used 65120K, capacity 69770K, committed 69888K, reserved 1110016K
  class space    used 8392K, capacity 9186K, committed 9216K, reserved 1048576K
2022-09-12T02:06:07.363+0800: 342.140: [GC (Allocation Failure)  152542K->50251K(249344K), 0.0041722 secs]
Heap after GC invocations=705 (full 0):
 par new generation   total 115200K, used 1698K [0x00000000f0000000, 0x00000000f7d00000, 0x00000000f7d00000)
  eden space 102400K,   0% used [0x00000000f0000000, 0x00000000f0000000, 0x00000000f6400000)
  from space 12800K,  13% used [0x00000000f7080000, 0x00000000f7228be8, 0x00000000f7d00000)
  to   space 12800K,   0% used [0x00000000f6400000, 0x00000000f6400000, 0x00000000f7080000)
 concurrent mark-sweep generation total 134144K, used 48552K [0x00000000f7d00000, 0x0000000100000000, 0x0000000100000000)
 Metaspace       used 65120K, capacity 69770K, committed 69888K, reserved 1110016K
  class space    used 8392K, capacity 9186K, committed 9216K, reserved 1048576K
}
{Heap before GC invocations=705 (full 0):
 par new generation   total 115200K, used 104098K [0x00000000f0000000, 0x00000000f7d00000, 0x00000000f7d00000)
  eden space 102400K, 100% used [0x00000000f0000000, 0x00000000f6400000, 0x00000000f6400000)
  from space 12800K,  13% used [0x00000000f7080000, 0x00000000f7228be8, 0x00000000f7d00000)
  to   space 12800K,   0% used [0x00000000f6400000, 0x00000000f6400000, 0x00000000f7080000)
 concurrent mark-sweep generation total 134144K, used 48552K [0x00000000f7d00000, 0x0000000100000000, 0x0000000100000000)
 Metaspace       used 65120K, capacity 69770K, committed 69888K, reserved 1110016K
  class space    used 8392K, capacity 9186K, committed 9216K, reserved 1048576K
2022-09-12T02:06:07.714+0800: 342.491: [GC (Allocation Failure)  152651K->49780K(249344K), 0.0040218 secs]
Heap after GC invocations=706 (full 0):
 par new generation   total 115200K, used 1211K [0x00000000f0000000, 0x00000000f7d00000, 0x00000000f7d00000)
  eden space 102400K,   0% used [0x00000000f0000000, 0x00000000f0000000, 0x00000000f6400000)
  from space 12800K,   9% used [0x00000000f6400000, 0x00000000f652ed80, 0x00000000f7080000)
  to   space 12800K,   0% used [0x00000000f7080000, 0x00000000f7080000, 0x00000000f7d00000)
 concurrent mark-sweep generation total 134144K, used 48569K [0x00000000f7d00000, 0x0000000100000000, 0x0000000100000000)
 Metaspace       used 65120K, capacity 69770K, committed 69888K, reserved 1110016K
  class space    used 8392K, capacity 9186K, committed 9216K, reserved 1048576K
}
{Heap before GC invocations=706 (full 0):
 par new generation   total 115200K, used 103611K [0x00000000f0000000, 0x00000000f7d00000, 0x00000000f7d00000)
  eden space 102400K, 100% used [0x00000000f0000000, 0x00000000f6400000, 0x00000000f6400000)
  from space 12800K,   9% used [0x00000000f6400000, 0x00000000f652ed80, 0x00000000f7080000)
  to   space 12800K,   0% used [0x00000000f7080000, 0x00000000f7080000, 0x00000000f7d00000)
 concurrent mark-sweep generation total 134144K, used 48569K [0x00000000f7d00000, 0x0000000100000000, 0x0000000100000000)
 Metaspace       used 65120K, capacity 69770K, committed 69888K, reserved 1110016K
  class space    used 8392K, capacity 9186K, committed 9216K, reserved 1048576K
2022-09-12T02:06:08.066+0800: 342.843: [GC (Allocation Failure)  152180K->50089K(249344K), 0.0040475 secs]
Heap after GC invocations=707 (full 0):
 par new generation   total 115200K, used 1506K [0x00000000f0000000, 0x00000000f7d00000, 0x00000000f7d00000)
  eden space 102400K,   0% used [0x00000000f0000000, 0x00000000f0000000, 0x00000000f6400000)
  from space 12800K,  11% used [0x00000000f7080000, 0x00000000f71f8898, 0x00000000f7d00000)
  to   space 12800K,   0% used [0x00000000f6400000, 0x00000000f6400000, 0x00000000f7080000)
 concurrent mark-sweep generation total 134144K, used 48583K [0x00000000f7d00000, 0x0000000100000000, 0x0000000100000000)
 Metaspace       used 65120K, capacity 69770K, committed 69888K, reserved 1110016K
  class space    used 8392K, capacity 9186K, committed 9216K, reserved 1048576K
}
{Heap before GC invocations=707 (full 0):
 par new generation   total 115200K, used 103906K [0x00000000f0000000, 0x00000000f7d00000, 0x00000000f7d00000)
  eden space 102400K, 100% used [0x00000000f0000000, 0x00000000f6400000, 0x00000000f6400000)
  from space 12800K,  11% used [0x00000000f7080000, 0x00000000f71f8898, 0x00000000f7d00000)
  to   space 12800K,   0% used [0x00000000f6400000, 0x00000000f6400000, 0x00000000f7080000)
 concurrent mark-sweep generation total 134144K, used 48583K [0x00000000f7d00000, 0x0000000100000000, 0x0000000100000000)
 Metaspace       used 65120K, capacity 69770K, committed 69888K, reserved 1110016K
  class space    used 8392K, capacity 9186K, committed 9216K, reserved 1048576K
2022-09-12T02:06:08.415+0800: 343.193: [GC (Allocation Failure)  152489K->50243K(249344K), 0.0040813 secs]
Heap after GC invocations=708 (full 0):
 par new generation   total 115200K, used 1643K [0x00000000f0000000, 0x00000000f7d00000, 0x00000000f7d00000)
  eden space 102400K,   0% used [0x00000000f0000000, 0x00000000f0000000, 0x00000000f6400000)
  from space 12800K,  12% used [0x00000000f6400000, 0x00000000f659ae18, 0x00000000f7080000)
  to   space 12800K,   0% used [0x00000000f7080000, 0x00000000f7080000, 0x00000000f7d00000)
 concurrent mark-sweep generation total 134144K, used 48599K [0x00000000f7d00000, 0x0000000100000000, 0x0000000100000000)
 Metaspace       used 65120K, capacity 69770K, committed 69888K, reserved 1110016K
  class space    used 8392K, capacity 9186K, committed 9216K, reserved 1048576K
}
{Heap before GC invocations=708 (full 0):
 par new generation   total 115200K, used 104043K [0x00000000f0000000, 0x00000000f7d00000, 0x00000000f7d00000)
  eden space 102400K, 100% used [0x00000000f0000000, 0x00000000f6400000, 0x00000000f6400000)
  from space 12800K,  12% used [0x00000000f6400000, 0x00000000f659ae18, 0x00000000f7080000)
  to   space 12800K,   0% used [0x00000000f7080000, 0x00000000f7080000, 0x00000000f7d00000)
 concurrent mark-sweep generation total 134144K, used 48599K [0x00000000f7d00000, 0x0000000100000000, 0x0000000100000000)
 Metaspace       used 65120K, capacity 69770K, committed 69888K, reserved 1110016K
  class space    used 8392K, capacity 9186K, committed 9216K, reserved 1048576K
2022-09-12T02:06:08.764+0800: 343.541: [GC (Allocation Failure)  152643K->49795K(249344K), 0.0039767 secs]
Heap after GC invocations=709 (full 0):
 par new generation   total 115200K, used 1180K [0x00000000f0000000, 0x00000000f7d00000, 0x00000000f7d00000)
  eden space 102400K,   0% used [0x00000000f0000000, 0x00000000f0000000, 0x00000000f6400000)
  from space 12800K,   9% used [0x00000000f7080000, 0x00000000f71a71c0, 0x00000000f7d00000)
  to   space 12800K,   0% used [0x00000000f6400000, 0x00000000f6400000, 0x00000000f7080000)
 concurrent mark-sweep generation total 134144K, used 48614K [0x00000000f7d00000, 0x0000000100000000, 0x0000000100000000)
 Metaspace       used 65120K, capacity 69770K, committed 69888K, reserved 1110016K
  class space    used 8392K, capacity 9186K, committed 9216K, reserved 1048576K
}
{Heap before GC invocations=709 (full 0):
 par new generation   total 115200K, used 103580K [0x00000000f0000000, 0x00000000f7d00000, 0x00000000f7d00000)
  eden space 102400K, 100% used [0x00000000f0000000, 0x00000000f6400000, 0x00000000f6400000)
  from space 12800K,   9% used [0x00000000f7080000, 0x00000000f71a71c0, 0x00000000f7d00000)
  to   space 12800K,   0% used [0x00000000f6400000, 0x00000000f6400000, 0x00000000f7080000)
 concurrent mark-sweep generation total 134144K, used 48614K [0x00000000f7d00000, 0x0000000100000000, 0x0000000100000000)
 Metaspace       used 65120K, capacity 69770K, committed 69888K, reserved 1110016K
  class space    used 8392K, capacity 9186K, committed 9216K, reserved 1048576K
2022-09-12T02:06:09.113+0800: 343.890: [GC (Allocation Failure)  152195K->50139K(249344K), 0.0039916 secs]
Heap after GC invocations=710 (full 0):
 par new generation   total 115200K, used 1509K [0x00000000f0000000, 0x00000000f7d00000, 0x00000000f7d00000)
  eden space 102400K,   0% used [0x00000000f0000000, 0x00000000f0000000, 0x00000000f6400000)
  from space 12800K,  11% used [0x00000000f6400000, 0x00000000f65795f0, 0x00000000f7080000)
  to   space 12800K,   0% used [0x00000000f7080000, 0x00000000f7080000, 0x00000000f7d00000)
 concurrent mark-sweep generation total 134144K, used 48630K [0x00000000f7d00000, 0x0000000100000000, 0x0000000100000000)
 Metaspace       used 65120K, capacity 69770K, committed 69888K, reserved 1110016K
  class space    used 8392K, capacity 9186K, committed 9216K, reserved 1048576K
}
{Heap before GC invocations=710 (full 0):
 par new generation   total 115200K, used 103909K [0x00000000f0000000, 0x00000000f7d00000, 0x00000000f7d00000)
  eden space 102400K, 100% used [0x00000000f0000000, 0x00000000f6400000, 0x00000000f6400000)
  from space 12800K,  11% used [0x00000000f6400000, 0x00000000f65795f0, 0x00000000f7080000)
  to   space 12800K,   0% used [0x00000000f7080000, 0x00000000f7080000, 0x00000000f7d00000)
 concurrent mark-sweep generation total 134144K, used 48630K [0x00000000f7d00000, 0x0000000100000000, 0x0000000100000000)
 Metaspace       used 65120K, capacity 69770K, committed 69888K, reserved 1110016K
  class space    used 8392K, capacity 9186K, committed 9216K, reserved 1048576K
2022-09-12T02:06:09.461+0800: 344.238: [GC (Allocation Failure)  152539K->50273K(249344K), 0.0040445 secs]
Heap after GC invocations=711 (full 0):
 par new generation   total 115200K, used 1626K [0x00000000f0000000, 0x00000000f7d00000, 0x00000000f7d00000)
  eden space 102400K,   0% used [0x00000000f0000000, 0x00000000f0000000, 0x00000000f6400000)
  from space 12800K,  12% used [0x00000000f7080000, 0x00000000f7216a10, 0x00000000f7d00000)
  to   space 12800K,   0% used [0x00000000f6400000, 0x00000000f6400000, 0x00000000f7080000)
 concurrent mark-sweep generation total 134144K, used 48646K [0x00000000f7d00000, 0x0000000100000000, 0x0000000100000000)
 Metaspace       used 65120K, capacity 69770K, committed 69888K, reserved 1110016K
  class space    used 8392K, capacity 9186K, committed 9216K, reserved 1048576K
}
{Heap before GC invocations=711 (full 0):
 par new generation   total 115200K, used 104026K [0x00000000f0000000, 0x00000000f7d00000, 0x00000000f7d00000)
  eden space 102400K, 100% used [0x00000000f0000000, 0x00000000f6400000, 0x00000000f6400000)
  from space 12800K,  12% used [0x00000000f7080000, 0x00000000f7216a10, 0x00000000f7d00000)
  to   space 12800K,   0% used [0x00000000f6400000, 0x00000000f6400000, 0x00000000f7080000)
 concurrent mark-sweep generation total 134144K, used 48646K [0x00000000f7d00000, 0x0000000100000000, 0x0000000100000000)
 Metaspace       used 65120K, capacity 69770K, committed 69888K, reserved 1110016K
  class space    used 8392K, capacity 9186K, committed 9216K, reserved 1048576K
2022-09-12T02:06:09.819+0800: 344.597: [GC (Allocation Failure)  152673K->50005K(249344K), 0.0039789 secs]
Heap after GC invocations=712 (full 0):
 par new generation   total 115200K, used 1341K [0x00000000f0000000, 0x00000000f7d00000, 0x00000000f7d00000)
  eden space 102400K,   0% used [0x00000000f0000000, 0x00000000f0000000, 0x00000000f6400000)
  from space 12800K,  10% used [0x00000000f6400000, 0x00000000f654f7f0, 0x00000000f7080000)
  to   space 12800K,   0% used [0x00000000f7080000, 0x00000000f7080000, 0x00000000f7d00000)
 concurrent mark-sweep generation total 134144K, used 48663K [0x00000000f7d00000, 0x0000000100000000, 0x0000000100000000)
 Metaspace       used 65120K, capacity 69770K, committed 69888K, reserved 1110016K
  class space    used 8392K, capacity 9186K, committed 9216K, reserved 1048576K
}
{Heap before GC invocations=712 (full 0):
 par new generation   total 115200K, used 103741K [0x00000000f0000000, 0x00000000f7d00000, 0x00000000f7d00000)
  eden space 102400K, 100% used [0x00000000f0000000, 0x00000000f6400000, 0x00000000f6400000)
  from space 12800K,  10% used [0x00000000f6400000, 0x00000000f654f7f0, 0x00000000f7080000)
  to   space 12800K,   0% used [0x00000000f7080000, 0x00000000f7080000, 0x00000000f7d00000)
 concurrent mark-sweep generation total 134144K, used 48663K [0x00000000f7d00000, 0x0000000100000000, 0x0000000100000000)
 Metaspace       used 65120K, capacity 69770K, committed 69888K, reserved 1110016K
  class space    used 8392K, capacity 9186K, committed 9216K, reserved 1048576K
2022-09-12T02:06:10.168+0800: 344.945: [GC (Allocation Failure)  152405K->50192K(249344K), 0.0041833 secs]
Heap after GC invocations=713 (full 0):
 par new generation   total 115200K, used 1512K [0x00000000f0000000, 0x00000000f7d00000, 0x00000000f7d00000)
  eden space 102400K,   0% used [0x00000000f0000000, 0x00000000f0000000, 0x00000000f6400000)
  from space 12800K,  11% used [0x00000000f7080000, 0x00000000f71fa2a0, 0x00000000f7d00000)
  to   space 12800K,   0% used [0x00000000f6400000, 0x00000000f6400000, 0x00000000f7080000)
 concurrent mark-sweep generation total 134144K, used 48680K [0x00000000f7d00000, 0x0000000100000000, 0x0000000100000000)
 Metaspace       used 65120K, capacity 69770K, committed 69888K, reserved 1110016K
  class space    used 8392K, capacity 9186K, committed 9216K, reserved 1048576K
}
{Heap before GC invocations=713 (full 0):
 par new generation   total 115200K, used 103912K [0x00000000f0000000, 0x00000000f7d00000, 0x00000000f7d00000)
  eden space 102400K, 100% used [0x00000000f0000000, 0x00000000f6400000, 0x00000000f6400000)
  from space 12800K,  11% used [0x00000000f7080000, 0x00000000f71fa2a0, 0x00000000f7d00000)
  to   space 12800K,   0% used [0x00000000f6400000, 0x00000000f6400000, 0x00000000f7080000)
 concurrent mark-sweep generation total 134144K, used 48680K [0x00000000f7d00000, 0x0000000100000000, 0x0000000100000000)
 Metaspace       used 65120K, capacity 69770K, committed 69888K, reserved 1110016K
  class space    used 8392K, capacity 9186K, committed 9216K, reserved 1048576K
2022-09-12T02:06:10.516+0800: 345.293: [GC (Allocation Failure)  152592K->50339K(249344K), 0.0040114 secs]
Heap after GC invocations=714 (full 0):
 par new generation   total 115200K, used 1641K [0x00000000f0000000, 0x00000000f7d00000, 0x00000000f7d00000)
  eden space 102400K,   0% used [0x00000000f0000000, 0x00000000f0000000, 0x00000000f6400000)
  from space 12800K,  12% used [0x00000000f6400000, 0x00000000f659a408, 0x00000000f7080000)
  to   space 12800K,   0% used [0x00000000f7080000, 0x00000000f7080000, 0x00000000f7d00000)
 concurrent mark-sweep generation total 134144K, used 48698K [0x00000000f7d00000, 0x0000000100000000, 0x0000000100000000)
 Metaspace       used 65120K, capacity 69770K, committed 69888K, reserved 1110016K
  class space    used 8392K, capacity 9186K, committed 9216K, reserved 1048576K
}
{Heap before GC invocations=714 (full 0):
 par new generation   total 115200K, used 104041K [0x00000000f0000000, 0x00000000f7d00000, 0x00000000f7d00000)
  eden space 102400K, 100% used [0x00000000f0000000, 0x00000000f6400000, 0x00000000f6400000)
  from space 12800K,  12% used [0x00000000f6400000, 0x00000000f659a408, 0x00000000f7080000)
  to   space 12800K,   0% used [0x00000000f7080000, 0x00000000f7080000, 0x00000000f7d00000)
 concurrent mark-sweep generation total 134144K, used 48698K [0x00000000f7d00000, 0x0000000100000000, 0x0000000100000000)
 Metaspace       used 65120K, capacity 69770K, committed 69888K, reserved 1110016K
  class space    used 8392K, capacity 9186K, committed 9216K, reserved 1048576K
2022-09-12T02:06:10.864+0800: 345.642: [GC (Allocation Failure)  152739K->49905K(249344K), 0.0040547 secs]
Heap after GC invocations=715 (full 0):
 par new generation   total 115200K, used 1192K [0x00000000f0000000, 0x00000000f7d00000, 0x00000000f7d00000)
  eden space 102400K,   0% used [0x00000000f0000000, 0x00000000f0000000, 0x00000000f6400000)
  from space 12800K,   9% used [0x00000000f7080000, 0x00000000f71aa1c0, 0x00000000f7d00000)
  to   space 12800K,   0% used [0x00000000f6400000, 0x00000000f6400000, 0x00000000f7080000)
 concurrent mark-sweep generation total 134144K, used 48713K [0x00000000f7d00000, 0x0000000100000000, 0x0000000100000000)
 Metaspace       used 65120K, capacity 69770K, committed 69888K, reserved 1110016K
  class space    used 8392K, capacity 9186K, committed 9216K, reserved 1048576K
}
{Heap before GC invocations=715 (full 0):
 par new generation   total 115200K, used 103592K [0x00000000f0000000, 0x00000000f7d00000, 0x00000000f7d00000)
  eden space 102400K, 100% used [0x00000000f0000000, 0x00000000f6400000, 0x00000000f6400000)
  from space 12800K,   9% used [0x00000000f7080000, 0x00000000f71aa1c0, 0x00000000f7d00000)
  to   space 12800K,   0% used [0x00000000f6400000, 0x00000000f6400000, 0x00000000f7080000)
 concurrent mark-sweep generation total 134144K, used 48713K [0x00000000f7d00000, 0x0000000100000000, 0x0000000100000000)
 Metaspace       used 65120K, capacity 69770K, committed 69888K, reserved 1110016K
  class space    used 8392K, capacity 9186K, committed 9216K, reserved 1048576K
2022-09-12T02:06:11.214+0800: 345.991: [GC (Allocation Failure)  152305K->50268K(249344K), 0.0040720 secs]
Heap after GC invocations=716 (full 0):
 par new generation   total 115200K, used 1538K [0x00000000f0000000, 0x00000000f7d00000, 0x00000000f7d00000)
  eden space 102400K,   0% used [0x00000000f0000000, 0x00000000f0000000, 0x00000000f6400000)
  from space 12800K,  12% used [0x00000000f6400000, 0x00000000f6580b68, 0x00000000f7080000)
  to   space 12800K,   0% used [0x00000000f7080000, 0x00000000f7080000, 0x00000000f7d00000)
 concurrent mark-sweep generation total 134144K, used 48729K [0x00000000f7d00000, 0x0000000100000000, 0x0000000100000000)
 Metaspace       used 65120K, capacity 69770K, committed 69888K, reserved 1110016K
  class space    used 8392K, capacity 9186K, committed 9216K, reserved 1048576K
}
{Heap before GC invocations=716 (full 0):
 par new generation   total 115200K, used 103938K [0x00000000f0000000, 0x00000000f7d00000, 0x00000000f7d00000)
  eden space 102400K, 100% used [0x00000000f0000000, 0x00000000f6400000, 0x00000000f6400000)
  from space 12800K,  12% used [0x00000000f6400000, 0x00000000f6580b68, 0x00000000f7080000)
  to   space 12800K,   0% used [0x00000000f7080000, 0x00000000f7080000, 0x00000000f7d00000)
 concurrent mark-sweep generation total 134144K, used 48729K [0x00000000f7d00000, 0x0000000100000000, 0x0000000100000000)
 Metaspace       used 65120K, capacity 69770K, committed 69888K, reserved 1110016K
  class space    used 8392K, capacity 9186K, committed 9216K, reserved 1048576K
2022-09-12T02:06:11.562+0800: 346.339: [GC (Allocation Failure)  152668K->50404K(249344K), 0.0040492 secs]
Heap after GC invocations=717 (full 0):
 par new generation   total 115200K, used 1661K [0x00000000f0000000, 0x00000000f7d00000, 0x00000000f7d00000)
  eden space 102400K,   0% used [0x00000000f0000000, 0x00000000f0000000, 0x00000000f6400000)
  from space 12800K,  12% used [0x00000000f7080000, 0x00000000f721f6f0, 0x00000000f7d00000)
  to   space 12800K,   0% used [0x00000000f6400000, 0x00000000f6400000, 0x00000000f7080000)
 concurrent mark-sweep generation total 134144K, used 48742K [0x00000000f7d00000, 0x0000000100000000, 0x0000000100000000)
 Metaspace       used 65120K, capacity 69770K, committed 69888K, reserved 1110016K
  class space    used 8392K, capacity 9186K, committed 9216K, reserved 1048576K
}
{Heap before GC invocations=717 (full 0):
 par new generation   total 115200K, used 104061K [0x00000000f0000000, 0x00000000f7d00000, 0x00000000f7d00000)
  eden space 102400K, 100% used [0x00000000f0000000, 0x00000000f6400000, 0x00000000f6400000)
  from space 12800K,  12% used [0x00000000f7080000, 0x00000000f721f6f0, 0x00000000f7d00000)
  to   space 12800K,   0% used [0x00000000f6400000, 0x00000000f6400000, 0x00000000f7080000)
 concurrent mark-sweep generation total 134144K, used 48742K [0x00000000f7d00000, 0x0000000100000000, 0x0000000100000000)
 Metaspace       used 65120K, capacity 69770K, committed 69888K, reserved 1110016K
  class space    used 8392K, capacity 9186K, committed 9216K, reserved 1048576K
2022-09-12T02:06:11.915+0800: 346.693: [GC (Allocation Failure)  152804K->49956K(249344K), 0.0040419 secs]
Heap after GC invocations=718 (full 0):
 par new generation   total 115200K, used 1194K [0x00000000f0000000, 0x00000000f7d00000, 0x00000000f7d00000)
  eden space 102400K,   0% used [0x00000000f0000000, 0x00000000f0000000, 0x00000000f6400000)
  from space 12800K,   9% used [0x00000000f6400000, 0x00000000f652a980, 0x00000000f7080000)
  to   space 12800K,   0% used [0x00000000f7080000, 0x00000000f7080000, 0x00000000f7d00000)
 concurrent mark-sweep generation total 134144K, used 48761K [0x00000000f7d00000, 0x0000000100000000, 0x0000000100000000)
 Metaspace       used 65120K, capacity 69770K, committed 69888K, reserved 1110016K
  class space    used 8392K, capacity 9186K, committed 9216K, reserved 1048576K
}
{Heap before GC invocations=718 (full 0):
 par new generation   total 115200K, used 103594K [0x00000000f0000000, 0x00000000f7d00000, 0x00000000f7d00000)
  eden space 102400K, 100% used [0x00000000f0000000, 0x00000000f6400000, 0x00000000f6400000)
  from space 12800K,   9% used [0x00000000f6400000, 0x00000000f652a980, 0x00000000f7080000)
  to   space 12800K,   0% used [0x00000000f7080000, 0x00000000f7080000, 0x00000000f7d00000)
 concurrent mark-sweep generation total 134144K, used 48761K [0x00000000f7d00000, 0x0000000100000000, 0x0000000100000000)
 Metaspace       used 65120K, capacity 69770K, committed 69888K, reserved 1110016K
  class space    used 8392K, capacity 9186K, committed 9216K, reserved 1048576K
2022-09-12T02:06:12.265+0800: 347.042: [GC (Allocation Failure)  152356K->50248K(249344K), 0.0040663 secs]
Heap after GC invocations=719 (full 0):
 par new generation   total 115200K, used 1472K [0x00000000f0000000, 0x00000000f7d00000, 0x00000000f7d00000)
  eden space 102400K,   0% used [0x00000000f0000000, 0x00000000f0000000, 0x00000000f6400000)
  from space 12800K,  11% used [0x00000000f7080000, 0x00000000f71f0280, 0x00000000f7d00000)
  to   space 12800K,   0% used [0x00000000f6400000, 0x00000000f6400000, 0x00000000f7080000)
 concurrent mark-sweep generation total 134144K, used 48775K [0x00000000f7d00000, 0x0000000100000000, 0x0000000100000000)
 Metaspace       used 65120K, capacity 69770K, committed 69888K, reserved 1110016K
  class space    used 8392K, capacity 9186K, committed 9216K, reserved 1048576K
}
{Heap before GC invocations=719 (full 0):
 par new generation   total 115200K, used 103872K [0x00000000f0000000, 0x00000000f7d00000, 0x00000000f7d00000)
  eden space 102400K, 100% used [0x00000000f0000000, 0x00000000f6400000, 0x00000000f6400000)
  from space 12800K,  11% used [0x00000000f7080000, 0x00000000f71f0280, 0x00000000f7d00000)
  to   space 12800K,   0% used [0x00000000f6400000, 0x00000000f6400000, 0x00000000f7080000)
 concurrent mark-sweep generation total 134144K, used 48775K [0x00000000f7d00000, 0x0000000100000000, 0x0000000100000000)
 Metaspace       used 65120K, capacity 69770K, committed 69888K, reserved 1110016K
  class space    used 8392K, capacity 9186K, committed 9216K, reserved 1048576K
2022-09-12T02:06:12.616+0800: 347.393: [GC (Allocation Failure)  152648K->50436K(249344K), 0.0041040 secs]
Heap after GC invocations=720 (full 0):
 par new generation   total 115200K, used 1643K [0x00000000f0000000, 0x00000000f7d00000, 0x00000000f7d00000)
  eden space 102400K,   0% used [0x00000000f0000000, 0x00000000f0000000, 0x00000000f6400000)
  from space 12800K,  12% used [0x00000000f6400000, 0x00000000f659ac58, 0x00000000f7080000)
  to   space 12800K,   0% used [0x00000000f7080000, 0x00000000f7080000, 0x00000000f7d00000)
 concurrent mark-sweep generation total 134144K, used 48793K [0x00000000f7d00000, 0x0000000100000000, 0x0000000100000000)
 Metaspace       used 65120K, capacity 69770K, committed 69888K, reserved 1110016K
  class space    used 8392K, capacity 9186K, committed 9216K, reserved 1048576K
}
{Heap before GC invocations=720 (full 0):
 par new generation   total 115200K, used 104043K [0x00000000f0000000, 0x00000000f7d00000, 0x00000000f7d00000)
  eden space 102400K, 100% used [0x00000000f0000000, 0x00000000f6400000, 0x00000000f6400000)
  from space 12800K,  12% used [0x00000000f6400000, 0x00000000f659ac58, 0x00000000f7080000)
  to   space 12800K,   0% used [0x00000000f7080000, 0x00000000f7080000, 0x00000000f7d00000)
 concurrent mark-sweep generation total 134144K, used 48793K [0x00000000f7d00000, 0x0000000100000000, 0x0000000100000000)
 Metaspace       used 65120K, capacity 69770K, committed 69888K, reserved 1110016K
  class space    used 8392K, capacity 9186K, committed 9216K, reserved 1048576K
2022-09-12T02:06:12.964+0800: 347.742: [GC (Allocation Failure)  152836K->50002K(249344K), 0.0040863 secs]
Heap after GC invocations=721 (full 0):
 par new generation   total 115200K, used 1197K [0x00000000f0000000, 0x00000000f7d00000, 0x00000000f7d00000)
  eden space 102400K,   0% used [0x00000000f0000000, 0x00000000f0000000, 0x00000000f6400000)
  from space 12800K,   9% used [0x00000000f7080000, 0x00000000f71ab740, 0x00000000f7d00000)
  to   space 12800K,   0% used [0x00000000f6400000, 0x00000000f6400000, 0x00000000f7080000)
 concurrent mark-sweep generation total 134144K, used 48805K [0x00000000f7d00000, 0x0000000100000000, 0x0000000100000000)
 Metaspace       used 65120K, capacity 69770K, committed 69888K, reserved 1110016K
  class space    used 8392K, capacity 9186K, committed 9216K, reserved 1048576K
}
{Heap before GC invocations=721 (full 0):
 par new generation   total 115200K, used 103597K [0x00000000f0000000, 0x00000000f7d00000, 0x00000000f7d00000)
  eden space 102400K, 100% used [0x00000000f0000000, 0x00000000f6400000, 0x00000000f6400000)
  from space 12800K,   9% used [0x00000000f7080000, 0x00000000f71ab740, 0x00000000f7d00000)
  to   space 12800K,   0% used [0x00000000f6400000, 0x00000000f6400000, 0x00000000f7080000)
 concurrent mark-sweep generation total 134144K, used 48805K [0x00000000f7d00000, 0x0000000100000000, 0x0000000100000000)
 Metaspace       used 65120K, capacity 69770K, committed 69888K, reserved 1110016K
  class space    used 8392K, capacity 9186K, committed 9216K, reserved 1048576K
2022-09-12T02:06:13.318+0800: 348.095: [GC (Allocation Failure)  152402K->50323K(249344K), 0.0040472 secs]
Heap after GC invocations=722 (full 0):
 par new generation   total 115200K, used 1494K [0x00000000f0000000, 0x00000000f7d00000, 0x00000000f7d00000)
  eden space 102400K,   0% used [0x00000000f0000000, 0x00000000f0000000, 0x00000000f6400000)
  from space 12800K,  11% used [0x00000000f6400000, 0x00000000f6575808, 0x00000000f7080000)
  to   space 12800K,   0% used [0x00000000f7080000, 0x00000000f7080000, 0x00000000f7d00000)
 concurrent mark-sweep generation total 134144K, used 48829K [0x00000000f7d00000, 0x0000000100000000, 0x0000000100000000)
 Metaspace       used 65120K, capacity 69770K, committed 69888K, reserved 1110016K
  class space    used 8392K, capacity 9186K, committed 9216K, reserved 1048576K
}
{Heap before GC invocations=722 (full 0):
 par new generation   total 115200K, used 103894K [0x00000000f0000000, 0x00000000f7d00000, 0x00000000f7d00000)
  eden space 102400K, 100% used [0x00000000f0000000, 0x00000000f6400000, 0x00000000f6400000)
  from space 12800K,  11% used [0x00000000f6400000, 0x00000000f6575808, 0x00000000f7080000)
  to   space 12800K,   0% used [0x00000000f7080000, 0x00000000f7080000, 0x00000000f7d00000)
 concurrent mark-sweep generation total 134144K, used 48829K [0x00000000f7d00000, 0x0000000100000000, 0x0000000100000000)
 Metaspace       used 65120K, capacity 69770K, committed 69888K, reserved 1110016K
  class space    used 8392K, capacity 9186K, committed 9216K, reserved 1048576K
2022-09-12T02:06:13.666+0800: 348.443: [GC (Allocation Failure)  152723K->50464K(249344K), 0.0039671 secs]
Heap after GC invocations=723 (full 0):
 par new generation   total 115200K, used 1621K [0x00000000f0000000, 0x00000000f7d00000, 0x00000000f7d00000)
  eden space 102400K,   0% used [0x00000000f0000000, 0x00000000f0000000, 0x00000000f6400000)
  from space 12800K,  12% used [0x00000000f7080000, 0x00000000f7215740, 0x00000000f7d00000)
  to   space 12800K,   0% used [0x00000000f6400000, 0x00000000f6400000, 0x00000000f7080000)
 concurrent mark-sweep generation total 134144K, used 48842K [0x00000000f7d00000, 0x0000000100000000, 0x0000000100000000)
 Metaspace       used 65120K, capacity 69770K, committed 69888K, reserved 1110016K
  class space    used 8392K, capacity 9186K, committed 9216K, reserved 1048576K
}
{Heap before GC invocations=723 (full 0):
 par new generation   total 115200K, used 104021K [0x00000000f0000000, 0x00000000f7d00000, 0x00000000f7d00000)
  eden space 102400K, 100% used [0x00000000f0000000, 0x00000000f6400000, 0x00000000f6400000)
  from space 12800K,  12% used [0x00000000f7080000, 0x00000000f7215740, 0x00000000f7d00000)
  to   space 12800K,   0% used [0x00000000f6400000, 0x00000000f6400000, 0x00000000f7080000)
 concurrent mark-sweep generation total 134144K, used 48842K [0x00000000f7d00000, 0x0000000100000000, 0x0000000100000000)
 Metaspace       used 65120K, capacity 69770K, committed 69888K, reserved 1110016K
  class space    used 8392K, capacity 9186K, committed 9216K, reserved 1048576K
2022-09-12T02:06:14.014+0800: 348.791: [GC (Allocation Failure)  152864K->50307K(249344K), 0.0041788 secs]
Heap after GC invocations=724 (full 0):
 par new generation   total 115200K, used 1448K [0x00000000f0000000, 0x00000000f7d00000, 0x00000000f7d00000)
  eden space 102400K,   0% used [0x00000000f0000000, 0x00000000f0000000, 0x00000000f6400000)
  from space 12800K,  11% used [0x00000000f6400000, 0x00000000f656a210, 0x00000000f7080000)
  to   space 12800K,   0% used [0x00000000f7080000, 0x00000000f7080000, 0x00000000f7d00000)
 concurrent mark-sweep generation total 134144K, used 48859K [0x00000000f7d00000, 0x0000000100000000, 0x0000000100000000)
 Metaspace       used 65120K, capacity 69770K, committed 69888K, reserved 1110016K
  class space    used 8392K, capacity 9186K, committed 9216K, reserved 1048576K
}
{Heap before GC invocations=724 (full 0):
 par new generation   total 115200K, used 103848K [0x00000000f0000000, 0x00000000f7d00000, 0x00000000f7d00000)
  eden space 102400K, 100% used [0x00000000f0000000, 0x00000000f6400000, 0x00000000f6400000)
  from space 12800K,  11% used [0x00000000f6400000, 0x00000000f656a210, 0x00000000f7080000)
  to   space 12800K,   0% used [0x00000000f7080000, 0x00000000f7080000, 0x00000000f7d00000)
 concurrent mark-sweep generation total 134144K, used 48859K [0x00000000f7d00000, 0x0000000100000000, 0x0000000100000000)
 Metaspace       used 65120K, capacity 69770K, committed 69888K, reserved 1110016K
  class space    used 8392K, capacity 9186K, committed 9216K, reserved 1048576K
2022-09-12T02:06:14.363+0800: 349.140: [GC (Allocation Failure)  152707K->50392K(249344K), 0.0042131 secs]
Heap after GC invocations=725 (full 0):
 par new generation   total 115200K, used 1519K [0x00000000f0000000, 0x00000000f7d00000, 0x00000000f7d00000)
  eden space 102400K,   0% used [0x00000000f0000000, 0x00000000f0000000, 0x00000000f6400000)
  from space 12800K,  11% used [0x00000000f7080000, 0x00000000f71fbc70, 0x00000000f7d00000)
  to   space 12800K,   0% used [0x00000000f6400000, 0x00000000f6400000, 0x00000000f7080000)
 concurrent mark-sweep generation total 134144K, used 48873K [0x00000000f7d00000, 0x0000000100000000, 0x0000000100000000)
 Metaspace       used 65120K, capacity 69770K, committed 69888K, reserved 1110016K
  class space    used 8392K, capacity 9186K, committed 9216K, reserved 1048576K
}
{Heap before GC invocations=725 (full 0):
 par new generation   total 115200K, used 103919K [0x00000000f0000000, 0x00000000f7d00000, 0x00000000f7d00000)
  eden space 102400K, 100% used [0x00000000f0000000, 0x00000000f6400000, 0x00000000f6400000)
  from space 12800K,  11% used [0x00000000f7080000, 0x00000000f71fbc70, 0x00000000f7d00000)
  to   space 12800K,   0% used [0x00000000f6400000, 0x00000000f6400000, 0x00000000f7080000)
 concurrent mark-sweep generation total 134144K, used 48873K [0x00000000f7d00000, 0x0000000100000000, 0x0000000100000000)
 Metaspace       used 65120K, capacity 69770K, committed 69888K, reserved 1110016K
  class space    used 8392K, capacity 9186K, committed 9216K, reserved 1048576K
2022-09-12T02:06:14.711+0800: 349.489: [GC (Allocation Failure)  152792K->50510K(249344K), 0.0040308 secs]
Heap after GC invocations=726 (full 0):
 par new generation   total 115200K, used 1620K [0x00000000f0000000, 0x00000000f7d00000, 0x00000000f7d00000)
  eden space 102400K,   0% used [0x00000000f0000000, 0x00000000f0000000, 0x00000000f6400000)
  from space 12800K,  12% used [0x00000000f6400000, 0x00000000f6595200, 0x00000000f7080000)
  to   space 12800K,   0% used [0x00000000f7080000, 0x00000000f7080000, 0x00000000f7d00000)
 concurrent mark-sweep generation total 134144K, used 48889K [0x00000000f7d00000, 0x0000000100000000, 0x0000000100000000)
 Metaspace       used 65120K, capacity 69770K, committed 69888K, reserved 1110016K
  class space    used 8392K, capacity 9186K, committed 9216K, reserved 1048576K
}
{Heap before GC invocations=726 (full 0):
 par new generation   total 115200K, used 104020K [0x00000000f0000000, 0x00000000f7d00000, 0x00000000f7d00000)
  eden space 102400K, 100% used [0x00000000f0000000, 0x00000000f6400000, 0x00000000f6400000)
  from space 12800K,  12% used [0x00000000f6400000, 0x00000000f6595200, 0x00000000f7080000)
  to   space 12800K,   0% used [0x00000000f7080000, 0x00000000f7080000, 0x00000000f7d00000)
 concurrent mark-sweep generation total 134144K, used 48889K [0x00000000f7d00000, 0x0000000100000000, 0x0000000100000000)
 Metaspace       used 65120K, capacity 69770K, committed 69888K, reserved 1110016K
  class space    used 8392K, capacity 9186K, committed 9216K, reserved 1048576K
2022-09-12T02:06:15.060+0800: 349.837: [GC (Allocation Failure)  152910K->50088K(249344K), 0.0040460 secs]
Heap after GC invocations=727 (full 0):
 par new generation   total 115200K, used 1182K [0x00000000f0000000, 0x00000000f7d00000, 0x00000000f7d00000)
  eden space 102400K,   0% used [0x00000000f0000000, 0x00000000f0000000, 0x00000000f6400000)
  from space 12800K,   9% used [0x00000000f7080000, 0x00000000f71a7900, 0x00000000f7d00000)
  to   space 12800K,   0% used [0x00000000f6400000, 0x00000000f6400000, 0x00000000f7080000)
 concurrent mark-sweep generation total 134144K, used 48906K [0x00000000f7d00000, 0x0000000100000000, 0x0000000100000000)
 Metaspace       used 65120K, capacity 69770K, committed 69888K, reserved 1110016K
  class space    used 8392K, capacity 9186K, committed 9216K, reserved 1048576K
}
{Heap before GC invocations=727 (full 0):
 par new generation   total 115200K, used 103582K [0x00000000f0000000, 0x00000000f7d00000, 0x00000000f7d00000)
  eden space 102400K, 100% used [0x00000000f0000000, 0x00000000f6400000, 0x00000000f6400000)
  from space 12800K,   9% used [0x00000000f7080000, 0x00000000f71a7900, 0x00000000f7d00000)
  to   space 12800K,   0% used [0x00000000f6400000, 0x00000000f6400000, 0x00000000f7080000)
 concurrent mark-sweep generation total 134144K, used 48906K [0x00000000f7d00000, 0x0000000100000000, 0x0000000100000000)
 Metaspace       used 65120K, capacity 69770K, committed 69888K, reserved 1110016K
  class space    used 8392K, capacity 9186K, committed 9216K, reserved 1048576K
2022-09-12T02:06:15.409+0800: 350.186: [GC (Allocation Failure)  152488K->50422K(249344K), 0.0041044 secs]
Heap after GC invocations=728 (full 0):
 par new generation   total 115200K, used 1500K [0x00000000f0000000, 0x00000000f7d00000, 0x00000000f7d00000)
  eden space 102400K,   0% used [0x00000000f0000000, 0x00000000f0000000, 0x00000000f6400000)
  from space 12800K,  11% used [0x00000000f6400000, 0x00000000f6577050, 0x00000000f7080000)
  to   space 12800K,   0% used [0x00000000f7080000, 0x00000000f7080000, 0x00000000f7d00000)
 concurrent mark-sweep generation total 134144K, used 48922K [0x00000000f7d00000, 0x0000000100000000, 0x0000000100000000)
 Metaspace       used 65120K, capacity 69770K, committed 69888K, reserved 1110016K
  class space    used 8392K, capacity 9186K, committed 9216K, reserved 1048576K
}
{Heap before GC invocations=728 (full 0):
 par new generation   total 115200K, used 103900K [0x00000000f0000000, 0x00000000f7d00000, 0x00000000f7d00000)
  eden space 102400K, 100% used [0x00000000f0000000, 0x00000000f6400000, 0x00000000f6400000)
  from space 12800K,  11% used [0x00000000f6400000, 0x00000000f6577050, 0x00000000f7080000)
  to   space 12800K,   0% used [0x00000000f7080000, 0x00000000f7080000, 0x00000000f7d00000)
 concurrent mark-sweep generation total 134144K, used 48922K [0x00000000f7d00000, 0x0000000100000000, 0x0000000100000000)
 Metaspace       used 65120K, capacity 69770K, committed 69888K, reserved 1110016K
  class space    used 8392K, capacity 9186K, committed 9216K, reserved 1048576K
2022-09-12T02:06:15.756+0800: 350.534: [GC (Allocation Failure)  152822K->50583K(249344K), 0.0041119 secs]
Heap after GC invocations=729 (full 0):
 par new generation   total 115200K, used 1645K [0x00000000f0000000, 0x00000000f7d00000, 0x00000000f7d00000)
  eden space 102400K,   0% used [0x00000000f0000000, 0x00000000f0000000, 0x00000000f6400000)
  from space 12800K,  12% used [0x00000000f7080000, 0x00000000f721b668, 0x00000000f7d00000)
  to   space 12800K,   0% used [0x00000000f6400000, 0x00000000f6400000, 0x00000000f7080000)
 concurrent mark-sweep generation total 134144K, used 48938K [0x00000000f7d00000, 0x0000000100000000, 0x0000000100000000)
 Metaspace       used 65120K, capacity 69770K, committed 69888K, reserved 1110016K
  class space    used 8392K, capacity 9186K, committed 9216K, reserved 1048576K
}
{Heap before GC invocations=729 (full 0):
 par new generation   total 115200K, used 104045K [0x00000000f0000000, 0x00000000f7d00000, 0x00000000f7d00000)
  eden space 102400K, 100% used [0x00000000f0000000, 0x00000000f6400000, 0x00000000f6400000)
  from space 12800K,  12% used [0x00000000f7080000, 0x00000000f721b668, 0x00000000f7d00000)
  to   space 12800K,   0% used [0x00000000f6400000, 0x00000000f6400000, 0x00000000f7080000)
 concurrent mark-sweep generation total 134144K, used 48938K [0x00000000f7d00000, 0x0000000100000000, 0x0000000100000000)
 Metaspace       used 65120K, capacity 69770K, committed 69888K, reserved 1110016K
  class space    used 8392K, capacity 9186K, committed 9216K, reserved 1048576K
2022-09-12T02:06:16.113+0800: 350.890: [GC (Allocation Failure)  152983K->50155K(249344K), 0.0040694 secs]
Heap after GC invocations=730 (full 0):
 par new generation   total 115200K, used 1199K [0x00000000f0000000, 0x00000000f7d00000, 0x00000000f7d00000)
  eden space 102400K,   0% used [0x00000000f0000000, 0x00000000f0000000, 0x00000000f6400000)
  from space 12800K,   9% used [0x00000000f6400000, 0x00000000f652bf80, 0x00000000f7080000)
  to   space 12800K,   0% used [0x00000000f7080000, 0x00000000f7080000, 0x00000000f7d00000)
 concurrent mark-sweep generation total 134144K, used 48956K [0x00000000f7d00000, 0x0000000100000000, 0x0000000100000000)
 Metaspace       used 65120K, capacity 69770K, committed 69888K, reserved 1110016K
  class space    used 8392K, capacity 9186K, committed 9216K, reserved 1048576K
}
{Heap before GC invocations=730 (full 0):
 par new generation   total 115200K, used 103599K [0x00000000f0000000, 0x00000000f7d00000, 0x00000000f7d00000)
  eden space 102400K, 100% used [0x00000000f0000000, 0x00000000f6400000, 0x00000000f6400000)
  from space 12800K,   9% used [0x00000000f6400000, 0x00000000f652bf80, 0x00000000f7080000)
  to   space 12800K,   0% used [0x00000000f7080000, 0x00000000f7080000, 0x00000000f7d00000)
 concurrent mark-sweep generation total 134144K, used 48956K [0x00000000f7d00000, 0x0000000100000000, 0x0000000100000000)
 Metaspace       used 65120K, capacity 69770K, committed 69888K, reserved 1110016K
  class space    used 8392K, capacity 9186K, committed 9216K, reserved 1048576K
2022-09-12T02:06:16.463+0800: 351.240: [GC (Allocation Failure)  152555K->50296K(249344K), 0.0036811 secs]
Heap after GC invocations=731 (full 0):
 par new generation   total 115200K, used 1324K [0x00000000f0000000, 0x00000000f7d00000, 0x00000000f7d00000)
  eden space 102400K,   0% used [0x00000000f0000000, 0x00000000f0000000, 0x00000000f6400000)
  from space 12800K,  10% used [0x00000000f7080000, 0x00000000f71cb140, 0x00000000f7d00000)
  to   space 12800K,   0% used [0x00000000f6400000, 0x00000000f6400000, 0x00000000f7080000)
 concurrent mark-sweep generation total 134144K, used 48972K [0x00000000f7d00000, 0x0000000100000000, 0x0000000100000000)
 Metaspace       used 65120K, capacity 69770K, committed 69888K, reserved 1110016K
  class space    used 8392K, capacity 9186K, committed 9216K, reserved 1048576K
}
{Heap before GC invocations=731 (full 0):
 par new generation   total 115200K, used 103724K [0x00000000f0000000, 0x00000000f7d00000, 0x00000000f7d00000)
  eden space 102400K, 100% used [0x00000000f0000000, 0x00000000f6400000, 0x00000000f6400000)
  from space 12800K,  10% used [0x00000000f7080000, 0x00000000f71cb140, 0x00000000f7d00000)
  to   space 12800K,   0% used [0x00000000f6400000, 0x00000000f6400000, 0x00000000f7080000)
 concurrent mark-sweep generation total 134144K, used 48972K [0x00000000f7d00000, 0x0000000100000000, 0x0000000100000000)
 Metaspace       used 65120K, capacity 69770K, committed 69888K, reserved 1110016K
  class space    used 8392K, capacity 9186K, committed 9216K, reserved 1048576K
2022-09-12T02:06:16.810+0800: 351.588: [GC (Allocation Failure)  152696K->50206K(249344K), 0.0041428 secs]
Heap after GC invocations=732 (full 0):
 par new generation   total 115200K, used 1216K [0x00000000f0000000, 0x00000000f7d00000, 0x00000000f7d00000)
  eden space 102400K,   0% used [0x00000000f0000000, 0x00000000f0000000, 0x00000000f6400000)
  from space 12800K,   9% used [0x00000000f6400000, 0x00000000f65301a0, 0x00000000f7080000)
  to   space 12800K,   0% used [0x00000000f7080000, 0x00000000f7080000, 0x00000000f7d00000)
 concurrent mark-sweep generation total 134144K, used 48990K [0x00000000f7d00000, 0x0000000100000000, 0x0000000100000000)
 Metaspace       used 65120K, capacity 69770K, committed 69888K, reserved 1110016K
  class space    used 8392K, capacity 9186K, committed 9216K, reserved 1048576K
}
{Heap before GC invocations=732 (full 0):
 par new generation   total 115200K, used 103616K [0x00000000f0000000, 0x00000000f7d00000, 0x00000000f7d00000)
  eden space 102400K, 100% used [0x00000000f0000000, 0x00000000f6400000, 0x00000000f6400000)
  from space 12800K,   9% used [0x00000000f6400000, 0x00000000f65301a0, 0x00000000f7080000)
  to   space 12800K,   0% used [0x00000000f7080000, 0x00000000f7080000, 0x00000000f7d00000)
 concurrent mark-sweep generation total 134144K, used 48990K [0x00000000f7d00000, 0x0000000100000000, 0x0000000100000000)
 Metaspace       used 65120K, capacity 69770K, committed 69888K, reserved 1110016K
  class space    used 8392K, capacity 9186K, committed 9216K, reserved 1048576K
2022-09-12T02:06:17.159+0800: 351.936: [GC (Allocation Failure)  152606K->50493K(249344K), 0.0041005 secs]
Heap after GC invocations=733 (full 0):
 par new generation   total 115200K, used 1492K [0x00000000f0000000, 0x00000000f7d00000, 0x00000000f7d00000)
  eden space 102400K,   0% used [0x00000000f0000000, 0x00000000f0000000, 0x00000000f6400000)
  from space 12800K,  11% used [0x00000000f7080000, 0x00000000f71f5300, 0x00000000f7d00000)
  to   space 12800K,   0% used [0x00000000f6400000, 0x00000000f6400000, 0x00000000f7080000)
 concurrent mark-sweep generation total 134144K, used 49000K [0x00000000f7d00000, 0x0000000100000000, 0x0000000100000000)
 Metaspace       used 65120K, capacity 69770K, committed 69888K, reserved 1110016K
  class space    used 8392K, capacity 9186K, committed 9216K, reserved 1048576K
}
{Heap before GC invocations=733 (full 0):
 par new generation   total 115200K, used 103892K [0x00000000f0000000, 0x00000000f7d00000, 0x00000000f7d00000)
  eden space 102400K, 100% used [0x00000000f0000000, 0x00000000f6400000, 0x00000000f6400000)
  from space 12800K,  11% used [0x00000000f7080000, 0x00000000f71f5300, 0x00000000f7d00000)
  to   space 12800K,   0% used [0x00000000f6400000, 0x00000000f6400000, 0x00000000f7080000)
 concurrent mark-sweep generation total 134144K, used 49000K [0x00000000f7d00000, 0x0000000100000000, 0x0000000100000000)
 Metaspace       used 65120K, capacity 69770K, committed 69888K, reserved 1110016K
  class space    used 8392K, capacity 9186K, committed 9216K, reserved 1048576K
2022-09-12T02:06:17.506+0800: 352.284: [GC (Allocation Failure)  152893K->50421K(249344K), 0.0044146 secs]
Heap after GC invocations=734 (full 0):
 par new generation   total 115200K, used 1406K [0x00000000f0000000, 0x00000000f7d00000, 0x00000000f7d00000)
  eden space 102400K,   0% used [0x00000000f0000000, 0x00000000f0000000, 0x00000000f6400000)
  from space 12800K,  10% used [0x00000000f6400000, 0x00000000f655fb10, 0x00000000f7080000)
  to   space 12800K,   0% used [0x00000000f7080000, 0x00000000f7080000, 0x00000000f7d00000)
 concurrent mark-sweep generation total 134144K, used 49014K [0x00000000f7d00000, 0x0000000100000000, 0x0000000100000000)
 Metaspace       used 65120K, capacity 69770K, committed 69888K, reserved 1110016K
  class space    used 8392K, capacity 9186K, committed 9216K, reserved 1048576K
}
{Heap before GC invocations=734 (full 0):
 par new generation   total 115200K, used 103806K [0x00000000f0000000, 0x00000000f7d00000, 0x00000000f7d00000)
  eden space 102400K, 100% used [0x00000000f0000000, 0x00000000f6400000, 0x00000000f6400000)
  from space 12800K,  10% used [0x00000000f6400000, 0x00000000f655fb10, 0x00000000f7080000)
  to   space 12800K,   0% used [0x00000000f7080000, 0x00000000f7080000, 0x00000000f7d00000)
 concurrent mark-sweep generation total 134144K, used 49014K [0x00000000f7d00000, 0x0000000100000000, 0x0000000100000000)
 Metaspace       used 65120K, capacity 69770K, committed 69888K, reserved 1110016K
  class space    used 8392K, capacity 9186K, committed 9216K, reserved 1048576K
2022-09-12T02:06:17.856+0800: 352.633: [GC (Allocation Failure)  152821K->50686K(249344K), 0.0040885 secs]
Heap after GC invocations=735 (full 0):
 par new generation   total 115200K, used 1649K [0x00000000f0000000, 0x00000000f7d00000, 0x00000000f7d00000)
  eden space 102400K,   0% used [0x00000000f0000000, 0x00000000f0000000, 0x00000000f6400000)
  from space 12800K,  12% used [0x00000000f7080000, 0x00000000f721c740, 0x00000000f7d00000)
  to   space 12800K,   0% used [0x00000000f6400000, 0x00000000f6400000, 0x00000000f7080000)
 concurrent mark-sweep generation total 134144K, used 49036K [0x00000000f7d00000, 0x0000000100000000, 0x0000000100000000)
 Metaspace       used 65120K, capacity 69770K, committed 69888K, reserved 1110016K
  class space    used 8392K, capacity 9186K, committed 9216K, reserved 1048576K
}
{Heap before GC invocations=735 (full 0):
 par new generation   total 115200K, used 104049K [0x00000000f0000000, 0x00000000f7d00000, 0x00000000f7d00000)
  eden space 102400K, 100% used [0x00000000f0000000, 0x00000000f6400000, 0x00000000f6400000)
  from space 12800K,  12% used [0x00000000f7080000, 0x00000000f721c740, 0x00000000f7d00000)
  to   space 12800K,   0% used [0x00000000f6400000, 0x00000000f6400000, 0x00000000f7080000)
 concurrent mark-sweep generation total 134144K, used 49036K [0x00000000f7d00000, 0x0000000100000000, 0x0000000100000000)
 Metaspace       used 65120K, capacity 69770K, committed 69888K, reserved 1110016K
  class space    used 8392K, capacity 9186K, committed 9216K, reserved 1048576K
2022-09-12T02:06:18.203+0800: 352.981: [GC (Allocation Failure)  153086K->50244K(249344K), 0.0039768 secs]
Heap after GC invocations=736 (full 0):
 par new generation   total 115200K, used 1191K [0x00000000f0000000, 0x00000000f7d00000, 0x00000000f7d00000)
  eden space 102400K,   0% used [0x00000000f0000000, 0x00000000f0000000, 0x00000000f6400000)
  from space 12800K,   9% used [0x00000000f6400000, 0x00000000f6529d00, 0x00000000f7080000)
  to   space 12800K,   0% used [0x00000000f7080000, 0x00000000f7080000, 0x00000000f7d00000)
 concurrent mark-sweep generation total 134144K, used 49053K [0x00000000f7d00000, 0x0000000100000000, 0x0000000100000000)
 Metaspace       used 65120K, capacity 69770K, committed 69888K, reserved 1110016K
  class space    used 8392K, capacity 9186K, committed 9216K, reserved 1048576K
}
{Heap before GC invocations=736 (full 0):
 par new generation   total 115200K, used 103591K [0x00000000f0000000, 0x00000000f7d00000, 0x00000000f7d00000)
  eden space 102400K, 100% used [0x00000000f0000000, 0x00000000f6400000, 0x00000000f6400000)
  from space 12800K,   9% used [0x00000000f6400000, 0x00000000f6529d00, 0x00000000f7080000)
  to   space 12800K,   0% used [0x00000000f7080000, 0x00000000f7080000, 0x00000000f7d00000)
 concurrent mark-sweep generation total 134144K, used 49053K [0x00000000f7d00000, 0x0000000100000000, 0x0000000100000000)
 Metaspace       used 65120K, capacity 69770K, committed 69888K, reserved 1110016K
  class space    used 8392K, capacity 9186K, committed 9216K, reserved 1048576K
2022-09-12T02:06:18.552+0800: 353.329: [GC (Allocation Failure)  152644K->50580K(249344K), 0.0040766 secs]
Heap after GC invocations=737 (full 0):
 par new generation   total 115200K, used 1514K [0x00000000f0000000, 0x00000000f7d00000, 0x00000000f7d00000)
  eden space 102400K,   0% used [0x00000000f0000000, 0x00000000f0000000, 0x00000000f6400000)
  from space 12800K,  11% used [0x00000000f7080000, 0x00000000f71fa930, 0x00000000f7d00000)
  to   space 12800K,   0% used [0x00000000f6400000, 0x00000000f6400000, 0x00000000f7080000)
 concurrent mark-sweep generation total 134144K, used 49065K [0x00000000f7d00000, 0x0000000100000000, 0x0000000100000000)
 Metaspace       used 65120K, capacity 69770K, committed 69888K, reserved 1110016K
  class space    used 8392K, capacity 9186K, committed 9216K, reserved 1048576K
}
{Heap before GC invocations=737 (full 0):
 par new generation   total 115200K, used 103914K [0x00000000f0000000, 0x00000000f7d00000, 0x00000000f7d00000)
  eden space 102400K, 100% used [0x00000000f0000000, 0x00000000f6400000, 0x00000000f6400000)
  from space 12800K,  11% used [0x00000000f7080000, 0x00000000f71fa930, 0x00000000f7d00000)
  to   space 12800K,   0% used [0x00000000f6400000, 0x00000000f6400000, 0x00000000f7080000)
 concurrent mark-sweep generation total 134144K, used 49065K [0x00000000f7d00000, 0x0000000100000000, 0x0000000100000000)
 Metaspace       used 65120K, capacity 69770K, committed 69888K, reserved 1110016K
  class space    used 8392K, capacity 9186K, committed 9216K, reserved 1048576K
2022-09-12T02:06:18.900+0800: 353.677: [GC (Allocation Failure)  152980K->50721K(249344K), 0.0040848 secs]
Heap after GC invocations=738 (full 0):
 par new generation   total 115200K, used 1640K [0x00000000f0000000, 0x00000000f7d00000, 0x00000000f7d00000)
  eden space 102400K,   0% used [0x00000000f0000000, 0x00000000f0000000, 0x00000000f6400000)
  from space 12800K,  12% used [0x00000000f6400000, 0x00000000f659a1a0, 0x00000000f7080000)
  to   space 12800K,   0% used [0x00000000f7080000, 0x00000000f7080000, 0x00000000f7d00000)
 concurrent mark-sweep generation total 134144K, used 49081K [0x00000000f7d00000, 0x0000000100000000, 0x0000000100000000)
 Metaspace       used 65120K, capacity 69770K, committed 69888K, reserved 1110016K
  class space    used 8392K, capacity 9186K, committed 9216K, reserved 1048576K
}
{Heap before GC invocations=738 (full 0):
 par new generation   total 115200K, used 104040K [0x00000000f0000000, 0x00000000f7d00000, 0x00000000f7d00000)
  eden space 102400K, 100% used [0x00000000f0000000, 0x00000000f6400000, 0x00000000f6400000)
  from space 12800K,  12% used [0x00000000f6400000, 0x00000000f659a1a0, 0x00000000f7080000)
  to   space 12800K,   0% used [0x00000000f7080000, 0x00000000f7080000, 0x00000000f7d00000)
 concurrent mark-sweep generation total 134144K, used 49081K [0x00000000f7d00000, 0x0000000100000000, 0x0000000100000000)
 Metaspace       used 65120K, capacity 69770K, committed 69888K, reserved 1110016K
  class space    used 8392K, capacity 9186K, committed 9216K, reserved 1048576K
2022-09-12T02:06:19.249+0800: 354.026: [GC (Allocation Failure)  153121K->50294K(249344K), 0.0040195 secs]
Heap after GC invocations=739 (full 0):
 par new generation   total 115200K, used 1195K [0x00000000f0000000, 0x00000000f7d00000, 0x00000000f7d00000)
  eden space 102400K,   0% used [0x00000000f0000000, 0x00000000f0000000, 0x00000000f6400000)
  from space 12800K,   9% used [0x00000000f7080000, 0x00000000f71aad00, 0x00000000f7d00000)
  to   space 12800K,   0% used [0x00000000f6400000, 0x00000000f6400000, 0x00000000f7080000)
 concurrent mark-sweep generation total 134144K, used 49099K [0x00000000f7d00000, 0x0000000100000000, 0x0000000100000000)
 Metaspace       used 65120K, capacity 69770K, committed 69888K, reserved 1110016K
  class space    used 8392K, capacity 9186K, committed 9216K, reserved 1048576K
}
{Heap before GC invocations=739 (full 0):
 par new generation   total 115200K, used 103595K [0x00000000f0000000, 0x00000000f7d00000, 0x00000000f7d00000)
  eden space 102400K, 100% used [0x00000000f0000000, 0x00000000f6400000, 0x00000000f6400000)
  from space 12800K,   9% used [0x00000000f7080000, 0x00000000f71aad00, 0x00000000f7d00000)
  to   space 12800K,   0% used [0x00000000f6400000, 0x00000000f6400000, 0x00000000f7080000)
 concurrent mark-sweep generation total 134144K, used 49099K [0x00000000f7d00000, 0x0000000100000000, 0x0000000100000000)
 Metaspace       used 65120K, capacity 69770K, committed 69888K, reserved 1110016K
  class space    used 8392K, capacity 9186K, committed 9216K, reserved 1048576K
2022-09-12T02:06:19.597+0800: 354.375: [GC (Allocation Failure)  152694K->50621K(249344K), 0.0040654 secs]
Heap after GC invocations=740 (full 0):
 par new generation   total 115200K, used 1503K [0x00000000f0000000, 0x00000000f7d00000, 0x00000000f7d00000)
  eden space 102400K,   0% used [0x00000000f0000000, 0x00000000f0000000, 0x00000000f6400000)
  from space 12800K,  11% used [0x00000000f6400000, 0x00000000f6577da8, 0x00000000f7080000)
  to   space 12800K,   0% used [0x00000000f7080000, 0x00000000f7080000, 0x00000000f7d00000)
 concurrent mark-sweep generation total 134144K, used 49118K [0x00000000f7d00000, 0x0000000100000000, 0x0000000100000000)
 Metaspace       used 65120K, capacity 69770K, committed 69888K, reserved 1110016K
  class space    used 8392K, capacity 9186K, committed 9216K, reserved 1048576K
}
{Heap before GC invocations=740 (full 0):
 par new generation   total 115200K, used 103903K [0x00000000f0000000, 0x00000000f7d00000, 0x00000000f7d00000)
  eden space 102400K, 100% used [0x00000000f0000000, 0x00000000f6400000, 0x00000000f6400000)
  from space 12800K,  11% used [0x00000000f6400000, 0x00000000f6577da8, 0x00000000f7080000)
  to   space 12800K,   0% used [0x00000000f7080000, 0x00000000f7080000, 0x00000000f7d00000)
 concurrent mark-sweep generation total 134144K, used 49118K [0x00000000f7d00000, 0x0000000100000000, 0x0000000100000000)
 Metaspace       used 65120K, capacity 69770K, committed 69888K, reserved 1110016K
  class space    used 8392K, capacity 9186K, committed 9216K, reserved 1048576K
2022-09-12T02:06:19.959+0800: 354.737: [GC (Allocation Failure)  153021K->50057K(249344K), 0.0035622 secs]
Heap after GC invocations=741 (full 0):
 par new generation   total 115200K, used 928K [0x00000000f0000000, 0x00000000f7d00000, 0x00000000f7d00000)
  eden space 102400K,   0% used [0x00000000f0000000, 0x00000000f0000000, 0x00000000f6400000)
  from space 12800K,   7% used [0x00000000f7080000, 0x00000000f7168000, 0x00000000f7d00000)
  to   space 12800K,   0% used [0x00000000f6400000, 0x00000000f6400000, 0x00000000f7080000)
 concurrent mark-sweep generation total 134144K, used 49129K [0x00000000f7d00000, 0x0000000100000000, 0x0000000100000000)
 Metaspace       used 65120K, capacity 69770K, committed 69888K, reserved 1110016K
  class space    used 8392K, capacity 9186K, committed 9216K, reserved 1048576K
}
{Heap before GC invocations=741 (full 0):
 par new generation   total 115200K, used 103328K [0x00000000f0000000, 0x00000000f7d00000, 0x00000000f7d00000)
  eden space 102400K, 100% used [0x00000000f0000000, 0x00000000f6400000, 0x00000000f6400000)
  from space 12800K,   7% used [0x00000000f7080000, 0x00000000f7168000, 0x00000000f7d00000)
  to   space 12800K,   0% used [0x00000000f6400000, 0x00000000f6400000, 0x00000000f7080000)
 concurrent mark-sweep generation total 134144K, used 49129K [0x00000000f7d00000, 0x0000000100000000, 0x0000000100000000)
 Metaspace       used 65120K, capacity 69770K, committed 69888K, reserved 1110016K
  class space    used 8392K, capacity 9186K, committed 9216K, reserved 1048576K
2022-09-12T02:06:20.305+0800: 355.082: [GC (Allocation Failure)  152457K->50332K(249344K), 0.0041184 secs]
Heap after GC invocations=742 (full 0):
 par new generation   total 115200K, used 1188K [0x00000000f0000000, 0x00000000f7d00000, 0x00000000f7d00000)
  eden space 102400K,   0% used [0x00000000f0000000, 0x00000000f0000000, 0x00000000f6400000)
  from space 12800K,   9% used [0x00000000f6400000, 0x00000000f6529330, 0x00000000f7080000)
  to   space 12800K,   0% used [0x00000000f7080000, 0x00000000f7080000, 0x00000000f7d00000)
 concurrent mark-sweep generation total 134144K, used 49143K [0x00000000f7d00000, 0x0000000100000000, 0x0000000100000000)
 Metaspace       used 65120K, capacity 69770K, committed 69888K, reserved 1110016K
  class space    used 8392K, capacity 9186K, committed 9216K, reserved 1048576K
}
{Heap before GC invocations=742 (full 0):
 par new generation   total 115200K, used 103588K [0x00000000f0000000, 0x00000000f7d00000, 0x00000000f7d00000)
  eden space 102400K, 100% used [0x00000000f0000000, 0x00000000f6400000, 0x00000000f6400000)
  from space 12800K,   9% used [0x00000000f6400000, 0x00000000f6529330, 0x00000000f7080000)
  to   space 12800K,   0% used [0x00000000f7080000, 0x00000000f7080000, 0x00000000f7d00000)
 concurrent mark-sweep generation total 134144K, used 49143K [0x00000000f7d00000, 0x0000000100000000, 0x0000000100000000)
 Metaspace       used 65120K, capacity 69770K, committed 69888K, reserved 1110016K
  class space    used 8392K, capacity 9186K, committed 9216K, reserved 1048576K
2022-09-12T02:06:20.654+0800: 355.431: [GC (Allocation Failure)  152732K->50711K(249344K), 0.0041678 secs]
Heap after GC invocations=743 (full 0):
 par new generation   total 115200K, used 1544K [0x00000000f0000000, 0x00000000f7d00000, 0x00000000f7d00000)
  eden space 102400K,   0% used [0x00000000f0000000, 0x00000000f0000000, 0x00000000f6400000)
  from space 12800K,  12% used [0x00000000f7080000, 0x00000000f7202340, 0x00000000f7d00000)
  to   space 12800K,   0% used [0x00000000f6400000, 0x00000000f6400000, 0x00000000f7080000)
 concurrent mark-sweep generation total 134144K, used 49166K [0x00000000f7d00000, 0x0000000100000000, 0x0000000100000000)
 Metaspace       used 65120K, capacity 69770K, committed 69888K, reserved 1110016K
  class space    used 8392K, capacity 9186K, committed 9216K, reserved 1048576K
}
{Heap before GC invocations=743 (full 0):
 par new generation   total 115200K, used 103944K [0x00000000f0000000, 0x00000000f7d00000, 0x00000000f7d00000)
  eden space 102400K, 100% used [0x00000000f0000000, 0x00000000f6400000, 0x00000000f6400000)
  from space 12800K,  12% used [0x00000000f7080000, 0x00000000f7202340, 0x00000000f7d00000)
  to   space 12800K,   0% used [0x00000000f6400000, 0x00000000f6400000, 0x00000000f7080000)
 concurrent mark-sweep generation total 134144K, used 49166K [0x00000000f7d00000, 0x0000000100000000, 0x0000000100000000)
 Metaspace       used 65120K, capacity 69770K, committed 69888K, reserved 1110016K
  class space    used 8392K, capacity 9186K, committed 9216K, reserved 1048576K
2022-09-12T02:06:21.002+0800: 355.780: [GC (Allocation Failure)  153111K->50814K(249344K), 0.0046580 secs]
Heap after GC invocations=744 (full 0):
 par new generation   total 115200K, used 1633K [0x00000000f0000000, 0x00000000f7d00000, 0x00000000f7d00000)
  eden space 102400K,   0% used [0x00000000f0000000, 0x00000000f0000000, 0x00000000f6400000)
  from space 12800K,  12% used [0x00000000f6400000, 0x00000000f65986f0, 0x00000000f7080000)
  to   space 12800K,   0% used [0x00000000f7080000, 0x00000000f7080000, 0x00000000f7d00000)
 concurrent mark-sweep generation total 134144K, used 49180K [0x00000000f7d00000, 0x0000000100000000, 0x0000000100000000)
 Metaspace       used 65120K, capacity 69770K, committed 69888K, reserved 1110016K
  class space    used 8392K, capacity 9186K, committed 9216K, reserved 1048576K
}
{Heap before GC invocations=744 (full 0):
 par new generation   total 115200K, used 104033K [0x00000000f0000000, 0x00000000f7d00000, 0x00000000f7d00000)
  eden space 102400K, 100% used [0x00000000f0000000, 0x00000000f6400000, 0x00000000f6400000)
  from space 12800K,  12% used [0x00000000f6400000, 0x00000000f65986f0, 0x00000000f7080000)
  to   space 12800K,   0% used [0x00000000f7080000, 0x00000000f7080000, 0x00000000f7d00000)
 concurrent mark-sweep generation total 134144K, used 49180K [0x00000000f7d00000, 0x0000000100000000, 0x0000000100000000)
 Metaspace       used 65120K, capacity 69770K, committed 69888K, reserved 1110016K
  class space    used 8392K, capacity 9186K, committed 9216K, reserved 1048576K
2022-09-12T02:06:21.351+0800: 356.128: [GC (Allocation Failure)  153214K->50530K(249344K), 0.0040485 secs]
Heap after GC invocations=745 (full 0):
 par new generation   total 115200K, used 1335K [0x00000000f0000000, 0x00000000f7d00000, 0x00000000f7d00000)
  eden space 102400K,   0% used [0x00000000f0000000, 0x00000000f0000000, 0x00000000f6400000)
  from space 12800K,  10% used [0x00000000f7080000, 0x00000000f71cdee8, 0x00000000f7d00000)
  to   space 12800K,   0% used [0x00000000f6400000, 0x00000000f6400000, 0x00000000f7080000)
 concurrent mark-sweep generation total 134144K, used 49194K [0x00000000f7d00000, 0x0000000100000000, 0x0000000100000000)
 Metaspace       used 65120K, capacity 69770K, committed 69888K, reserved 1110016K
  class space    used 8392K, capacity 9186K, committed 9216K, reserved 1048576K
}
{Heap before GC invocations=745 (full 0):
 par new generation   total 115200K, used 103735K [0x00000000f0000000, 0x00000000f7d00000, 0x00000000f7d00000)
  eden space 102400K, 100% used [0x00000000f0000000, 0x00000000f6400000, 0x00000000f6400000)
  from space 12800K,  10% used [0x00000000f7080000, 0x00000000f71cdee8, 0x00000000f7d00000)
  to   space 12800K,   0% used [0x00000000f6400000, 0x00000000f6400000, 0x00000000f7080000)
 concurrent mark-sweep generation total 134144K, used 49194K [0x00000000f7d00000, 0x0000000100000000, 0x0000000100000000)
 Metaspace       used 65120K, capacity 69770K, committed 69888K, reserved 1110016K
  class space    used 8392K, capacity 9186K, committed 9216K, reserved 1048576K
2022-09-12T02:06:21.699+0800: 356.476: [GC (Allocation Failure)  152930K->50734K(249344K), 0.0042880 secs]
Heap after GC invocations=746 (full 0):
 par new generation   total 115200K, used 1522K [0x00000000f0000000, 0x00000000f7d00000, 0x00000000f7d00000)
  eden space 102400K,   0% used [0x00000000f0000000, 0x00000000f0000000, 0x00000000f6400000)
  from space 12800K,  11% used [0x00000000f6400000, 0x00000000f657c878, 0x00000000f7080000)
  to   space 12800K,   0% used [0x00000000f7080000, 0x00000000f7080000, 0x00000000f7d00000)
 concurrent mark-sweep generation total 134144K, used 49212K [0x00000000f7d00000, 0x0000000100000000, 0x0000000100000000)
 Metaspace       used 65120K, capacity 69770K, committed 69888K, reserved 1110016K
  class space    used 8392K, capacity 9186K, committed 9216K, reserved 1048576K
}
{Heap before GC invocations=746 (full 0):
 par new generation   total 115200K, used 103922K [0x00000000f0000000, 0x00000000f7d00000, 0x00000000f7d00000)
  eden space 102400K, 100% used [0x00000000f0000000, 0x00000000f6400000, 0x00000000f6400000)
  from space 12800K,  11% used [0x00000000f6400000, 0x00000000f657c878, 0x00000000f7080000)
  to   space 12800K,   0% used [0x00000000f7080000, 0x00000000f7080000, 0x00000000f7d00000)
 concurrent mark-sweep generation total 134144K, used 49212K [0x00000000f7d00000, 0x0000000100000000, 0x0000000100000000)
 Metaspace       used 65120K, capacity 69770K, committed 69888K, reserved 1110016K
  class space    used 8392K, capacity 9186K, committed 9216K, reserved 1048576K
2022-09-12T02:06:22.047+0800: 356.824: [GC (Allocation Failure)  153134K->50869K(249344K), 0.0040730 secs]
Heap after GC invocations=747 (full 0):
 par new generation   total 115200K, used 1638K [0x00000000f0000000, 0x00000000f7d00000, 0x00000000f7d00000)
  eden space 102400K,   0% used [0x00000000f0000000, 0x00000000f0000000, 0x00000000f6400000)
  from space 12800K,  12% used [0x00000000f7080000, 0x00000000f72198a8, 0x00000000f7d00000)
  to   space 12800K,   0% used [0x00000000f6400000, 0x00000000f6400000, 0x00000000f7080000)
 concurrent mark-sweep generation total 134144K, used 49231K [0x00000000f7d00000, 0x0000000100000000, 0x0000000100000000)
 Metaspace       used 65120K, capacity 69770K, committed 69888K, reserved 1110016K
  class space    used 8392K, capacity 9186K, committed 9216K, reserved 1048576K
}
{Heap before GC invocations=747 (full 0):
 par new generation   total 115200K, used 104038K [0x00000000f0000000, 0x00000000f7d00000, 0x00000000f7d00000)
  eden space 102400K, 100% used [0x00000000f0000000, 0x00000000f6400000, 0x00000000f6400000)
  from space 12800K,  12% used [0x00000000f7080000, 0x00000000f72198a8, 0x00000000f7d00000)
  to   space 12800K,   0% used [0x00000000f6400000, 0x00000000f6400000, 0x00000000f7080000)
 concurrent mark-sweep generation total 134144K, used 49231K [0x00000000f7d00000, 0x0000000100000000, 0x0000000100000000)
 Metaspace       used 65120K, capacity 69770K, committed 69888K, reserved 1110016K
  class space    used 8392K, capacity 9186K, committed 9216K, reserved 1048576K
2022-09-12T02:06:22.395+0800: 357.173: [GC (Allocation Failure)  153269K->50573K(249344K), 0.0041893 secs]
Heap after GC invocations=748 (full 0):
 par new generation   total 115200K, used 1329K [0x00000000f0000000, 0x00000000f7d00000, 0x00000000f7d00000)
  eden space 102400K,   0% used [0x00000000f0000000, 0x00000000f0000000, 0x00000000f6400000)
  from space 12800K,  10% used [0x00000000f6400000, 0x00000000f654c478, 0x00000000f7080000)
  to   space 12800K,   0% used [0x00000000f7080000, 0x00000000f7080000, 0x00000000f7d00000)
 concurrent mark-sweep generation total 134144K, used 49244K [0x00000000f7d00000, 0x0000000100000000, 0x0000000100000000)
 Metaspace       used 65120K, capacity 69770K, committed 69888K, reserved 1110016K
  class space    used 8392K, capacity 9186K, committed 9216K, reserved 1048576K
}
{Heap before GC invocations=748 (full 0):
 par new generation   total 115200K, used 103729K [0x00000000f0000000, 0x00000000f7d00000, 0x00000000f7d00000)
  eden space 102400K, 100% used [0x00000000f0000000, 0x00000000f6400000, 0x00000000f6400000)
  from space 12800K,  10% used [0x00000000f6400000, 0x00000000f654c478, 0x00000000f7080000)
  to   space 12800K,   0% used [0x00000000f7080000, 0x00000000f7080000, 0x00000000f7d00000)
 concurrent mark-sweep generation total 134144K, used 49244K [0x00000000f7d00000, 0x0000000100000000, 0x0000000100000000)
 Metaspace       used 65120K, capacity 69770K, committed 69888K, reserved 1110016K
  class space    used 8392K, capacity 9186K, committed 9216K, reserved 1048576K
2022-09-12T02:06:22.745+0800: 357.523: [GC (Allocation Failure)  152973K->50799K(249344K), 0.0041093 secs]
Heap after GC invocations=749 (full 0):
 par new generation   total 115200K, used 1541K [0x00000000f0000000, 0x00000000f7d00000, 0x00000000f7d00000)
  eden space 102400K,   0% used [0x00000000f0000000, 0x00000000f0000000, 0x00000000f6400000)
  from space 12800K,  12% used [0x00000000f7080000, 0x00000000f7201578, 0x00000000f7d00000)
  to   space 12800K,   0% used [0x00000000f6400000, 0x00000000f6400000, 0x00000000f7080000)
 concurrent mark-sweep generation total 134144K, used 49258K [0x00000000f7d00000, 0x0000000100000000, 0x0000000100000000)
 Metaspace       used 65120K, capacity 69770K, committed 69888K, reserved 1110016K
  class space    used 8392K, capacity 9186K, committed 9216K, reserved 1048576K
}
{Heap before GC invocations=749 (full 0):
 par new generation   total 115200K, used 103941K [0x00000000f0000000, 0x00000000f7d00000, 0x00000000f7d00000)
  eden space 102400K, 100% used [0x00000000f0000000, 0x00000000f6400000, 0x00000000f6400000)
  from space 12800K,  12% used [0x00000000f7080000, 0x00000000f7201578, 0x00000000f7d00000)
  to   space 12800K,   0% used [0x00000000f6400000, 0x00000000f6400000, 0x00000000f7080000)
 concurrent mark-sweep generation total 134144K, used 49258K [0x00000000f7d00000, 0x0000000100000000, 0x0000000100000000)
 Metaspace       used 65120K, capacity 69770K, committed 69888K, reserved 1110016K
  class space    used 8392K, capacity 9186K, committed 9216K, reserved 1048576K
2022-09-12T02:06:23.094+0800: 357.871: [GC (Allocation Failure)  153199K->50924K(249344K), 0.0040645 secs]
Heap after GC invocations=750 (full 0):
 par new generation   total 115200K, used 1650K [0x00000000f0000000, 0x00000000f7d00000, 0x00000000f7d00000)
  eden space 102400K,   0% used [0x00000000f0000000, 0x00000000f0000000, 0x00000000f6400000)
  from space 12800K,  12% used [0x00000000f6400000, 0x00000000f659ca18, 0x00000000f7080000)
  to   space 12800K,   0% used [0x00000000f7080000, 0x00000000f7080000, 0x00000000f7d00000)
 concurrent mark-sweep generation total 134144K, used 49273K [0x00000000f7d00000, 0x0000000100000000, 0x0000000100000000)
 Metaspace       used 65120K, capacity 69770K, committed 69888K, reserved 1110016K
  class space    used 8392K, capacity 9186K, committed 9216K, reserved 1048576K
}
{Heap before GC invocations=750 (full 0):
 par new generation   total 115200K, used 104050K [0x00000000f0000000, 0x00000000f7d00000, 0x00000000f7d00000)
  eden space 102400K, 100% used [0x00000000f0000000, 0x00000000f6400000, 0x00000000f6400000)
  from space 12800K,  12% used [0x00000000f6400000, 0x00000000f659ca18, 0x00000000f7080000)
  to   space 12800K,   0% used [0x00000000f7080000, 0x00000000f7080000, 0x00000000f7d00000)
 concurrent mark-sweep generation total 134144K, used 49273K [0x00000000f7d00000, 0x0000000100000000, 0x0000000100000000)
 Metaspace       used 65120K, capacity 69770K, committed 69888K, reserved 1110016K
  class space    used 8392K, capacity 9186K, committed 9216K, reserved 1048576K
2022-09-12T02:06:23.450+0800: 358.228: [GC (Allocation Failure)  153324K->50632K(249344K), 0.0040605 secs]
Heap after GC invocations=751 (full 0):
 par new generation   total 115200K, used 1337K [0x00000000f0000000, 0x00000000f7d00000, 0x00000000f7d00000)
  eden space 102400K,   0% used [0x00000000f0000000, 0x00000000f0000000, 0x00000000f6400000)
  from space 12800K,  10% used [0x00000000f7080000, 0x00000000f71ce7e8, 0x00000000f7d00000)
  to   space 12800K,   0% used [0x00000000f6400000, 0x00000000f6400000, 0x00000000f7080000)
 concurrent mark-sweep generation total 134144K, used 49294K [0x00000000f7d00000, 0x0000000100000000, 0x0000000100000000)
 Metaspace       used 65120K, capacity 69770K, committed 69888K, reserved 1110016K
  class space    used 8392K, capacity 9186K, committed 9216K, reserved 1048576K
}
{Heap before GC invocations=751 (full 0):
 par new generation   total 115200K, used 103737K [0x00000000f0000000, 0x00000000f7d00000, 0x00000000f7d00000)
  eden space 102400K, 100% used [0x00000000f0000000, 0x00000000f6400000, 0x00000000f6400000)
  from space 12800K,  10% used [0x00000000f7080000, 0x00000000f71ce7e8, 0x00000000f7d00000)
  to   space 12800K,   0% used [0x00000000f6400000, 0x00000000f6400000, 0x00000000f7080000)
 concurrent mark-sweep generation total 134144K, used 49294K [0x00000000f7d00000, 0x0000000100000000, 0x0000000100000000)
 Metaspace       used 65120K, capacity 69770K, committed 69888K, reserved 1110016K
  class space    used 8392K, capacity 9186K, committed 9216K, reserved 1048576K
2022-09-12T02:06:23.798+0800: 358.576: [GC (Allocation Failure)  153032K->50858K(249344K), 0.0040477 secs]
Heap after GC invocations=752 (full 0):
 par new generation   total 115200K, used 1550K [0x00000000f0000000, 0x00000000f7d00000, 0x00000000f7d00000)
  eden space 102400K,   0% used [0x00000000f0000000, 0x00000000f0000000, 0x00000000f6400000)
  from space 12800K,  12% used [0x00000000f6400000, 0x00000000f6583958, 0x00000000f7080000)
  to   space 12800K,   0% used [0x00000000f7080000, 0x00000000f7080000, 0x00000000f7d00000)
 concurrent mark-sweep generation total 134144K, used 49308K [0x00000000f7d00000, 0x0000000100000000, 0x0000000100000000)
 Metaspace       used 65120K, capacity 69770K, committed 69888K, reserved 1110016K
  class space    used 8392K, capacity 9186K, committed 9216K, reserved 1048576K
}
{Heap before GC invocations=752 (full 0):
 par new generation   total 115200K, used 103950K [0x00000000f0000000, 0x00000000f7d00000, 0x00000000f7d00000)
  eden space 102400K, 100% used [0x00000000f0000000, 0x00000000f6400000, 0x00000000f6400000)
  from space 12800K,  12% used [0x00000000f6400000, 0x00000000f6583958, 0x00000000f7080000)
  to   space 12800K,   0% used [0x00000000f7080000, 0x00000000f7080000, 0x00000000f7d00000)
 concurrent mark-sweep generation total 134144K, used 49308K [0x00000000f7d00000, 0x0000000100000000, 0x0000000100000000)
 Metaspace       used 65120K, capacity 69770K, committed 69888K, reserved 1110016K
  class space    used 8392K, capacity 9186K, committed 9216K, reserved 1048576K
2022-09-12T02:06:24.148+0800: 358.925: [GC (Allocation Failure)  153258K->50989K(249344K), 0.0039964 secs]
Heap after GC invocations=753 (full 0):
 par new generation   total 115200K, used 1669K [0x00000000f0000000, 0x00000000f7d00000, 0x00000000f7d00000)
  eden space 102400K,   0% used [0x00000000f0000000, 0x00000000f0000000, 0x00000000f6400000)
  from space 12800K,  13% used [0x00000000f7080000, 0x00000000f72216a8, 0x00000000f7d00000)
  to   space 12800K,   0% used [0x00000000f6400000, 0x00000000f6400000, 0x00000000f7080000)
 concurrent mark-sweep generation total 134144K, used 49319K [0x00000000f7d00000, 0x0000000100000000, 0x0000000100000000)
 Metaspace       used 65120K, capacity 69770K, committed 69888K, reserved 1110016K
  class space    used 8392K, capacity 9186K, committed 9216K, reserved 1048576K
}
{Heap before GC invocations=753 (full 0):
 par new generation   total 115200K, used 104069K [0x00000000f0000000, 0x00000000f7d00000, 0x00000000f7d00000)
  eden space 102400K, 100% used [0x00000000f0000000, 0x00000000f6400000, 0x00000000f6400000)
  from space 12800K,  13% used [0x00000000f7080000, 0x00000000f72216a8, 0x00000000f7d00000)
  to   space 12800K,   0% used [0x00000000f6400000, 0x00000000f6400000, 0x00000000f7080000)
 concurrent mark-sweep generation total 134144K, used 49319K [0x00000000f7d00000, 0x0000000100000000, 0x0000000100000000)
 Metaspace       used 65120K, capacity 69770K, committed 69888K, reserved 1110016K
  class space    used 8392K, capacity 9186K, committed 9216K, reserved 1048576K
2022-09-12T02:06:24.495+0800: 359.272: [GC (Allocation Failure)  153389K->50694K(249344K), 0.0041780 secs]
Heap after GC invocations=754 (full 0):
 par new generation   total 115200K, used 1355K [0x00000000f0000000, 0x00000000f7d00000, 0x00000000f7d00000)
  eden space 102400K,   0% used [0x00000000f0000000, 0x00000000f0000000, 0x00000000f6400000)
  from space 12800K,  10% used [0x00000000f6400000, 0x00000000f6552ec8, 0x00000000f7080000)
  to   space 12800K,   0% used [0x00000000f7080000, 0x00000000f7080000, 0x00000000f7d00000)
 concurrent mark-sweep generation total 134144K, used 49339K [0x00000000f7d00000, 0x0000000100000000, 0x0000000100000000)
 Metaspace       used 65120K, capacity 69770K, committed 69888K, reserved 1110016K
  class space    used 8392K, capacity 9186K, committed 9216K, reserved 1048576K
}
{Heap before GC invocations=754 (full 0):
 par new generation   total 115200K, used 103755K [0x00000000f0000000, 0x00000000f7d00000, 0x00000000f7d00000)
  eden space 102400K, 100% used [0x00000000f0000000, 0x00000000f6400000, 0x00000000f6400000)
  from space 12800K,  10% used [0x00000000f6400000, 0x00000000f6552ec8, 0x00000000f7080000)
  to   space 12800K,   0% used [0x00000000f7080000, 0x00000000f7080000, 0x00000000f7d00000)
 concurrent mark-sweep generation total 134144K, used 49339K [0x00000000f7d00000, 0x0000000100000000, 0x0000000100000000)
 Metaspace       used 65120K, capacity 69770K, committed 69888K, reserved 1110016K
  class space    used 8392K, capacity 9186K, committed 9216K, reserved 1048576K
2022-09-12T02:06:24.846+0800: 359.623: [GC (Allocation Failure)  153094K->50907K(249344K), 0.0040645 secs]
Heap after GC invocations=755 (full 0):
 par new generation   total 115200K, used 1550K [0x00000000f0000000, 0x00000000f7d00000, 0x00000000f7d00000)
  eden space 102400K,   0% used [0x00000000f0000000, 0x00000000f0000000, 0x00000000f6400000)
  from space 12800K,  12% used [0x00000000f7080000, 0x00000000f7203990, 0x00000000f7d00000)
  to   space 12800K,   0% used [0x00000000f6400000, 0x00000000f6400000, 0x00000000f7080000)
 concurrent mark-sweep generation total 134144K, used 49356K [0x00000000f7d00000, 0x0000000100000000, 0x0000000100000000)
 Metaspace       used 65120K, capacity 69770K, committed 69888K, reserved 1110016K
  class space    used 8392K, capacity 9186K, committed 9216K, reserved 1048576K
}
{Heap before GC invocations=755 (full 0):
 par new generation   total 115200K, used 103950K [0x00000000f0000000, 0x00000000f7d00000, 0x00000000f7d00000)
  eden space 102400K, 100% used [0x00000000f0000000, 0x00000000f6400000, 0x00000000f6400000)
  from space 12800K,  12% used [0x00000000f7080000, 0x00000000f7203990, 0x00000000f7d00000)
  to   space 12800K,   0% used [0x00000000f6400000, 0x00000000f6400000, 0x00000000f7080000)
 concurrent mark-sweep generation total 134144K, used 49356K [0x00000000f7d00000, 0x0000000100000000, 0x0000000100000000)
 Metaspace       used 65120K, capacity 69770K, committed 69888K, reserved 1110016K
  class space    used 8392K, capacity 9186K, committed 9216K, reserved 1048576K
2022-09-12T02:06:25.193+0800: 359.970: [GC (Allocation Failure)  153307K->51018K(249344K), 0.0039785 secs]
Heap after GC invocations=756 (full 0):
 par new generation   total 115200K, used 1646K [0x00000000f0000000, 0x00000000f7d00000, 0x00000000f7d00000)
  eden space 102400K,   0% used [0x00000000f0000000, 0x00000000f0000000, 0x00000000f6400000)
  from space 12800K,  12% used [0x00000000f6400000, 0x00000000f659b908, 0x00000000f7080000)
  to   space 12800K,   0% used [0x00000000f7080000, 0x00000000f7080000, 0x00000000f7d00000)
 concurrent mark-sweep generation total 134144K, used 49372K [0x00000000f7d00000, 0x0000000100000000, 0x0000000100000000)
 Metaspace       used 65120K, capacity 69770K, committed 69888K, reserved 1110016K
  class space    used 8392K, capacity 9186K, committed 9216K, reserved 1048576K
}
{Heap before GC invocations=756 (full 0):
 par new generation   total 115200K, used 104046K [0x00000000f0000000, 0x00000000f7d00000, 0x00000000f7d00000)
  eden space 102400K, 100% used [0x00000000f0000000, 0x00000000f6400000, 0x00000000f6400000)
  from space 12800K,  12% used [0x00000000f6400000, 0x00000000f659b908, 0x00000000f7080000)
  to   space 12800K,   0% used [0x00000000f7080000, 0x00000000f7080000, 0x00000000f7d00000)
 concurrent mark-sweep generation total 134144K, used 49372K [0x00000000f7d00000, 0x0000000100000000, 0x0000000100000000)
 Metaspace       used 65120K, capacity 69770K, committed 69888K, reserved 1110016K
  class space    used 8392K, capacity 9186K, committed 9216K, reserved 1048576K
2022-09-12T02:06:25.540+0800: 360.317: [GC (Allocation Failure)  153418K->50727K(249344K), 0.0043160 secs]
Heap after GC invocations=757 (full 0):
 par new generation   total 115200K, used 1341K [0x00000000f0000000, 0x00000000f7d00000, 0x00000000f7d00000)
  eden space 102400K,   0% used [0x00000000f0000000, 0x00000000f0000000, 0x00000000f6400000)
  from space 12800K,  10% used [0x00000000f7080000, 0x00000000f71cf448, 0x00000000f7d00000)
  to   space 12800K,   0% used [0x00000000f6400000, 0x00000000f6400000, 0x00000000f7080000)
 concurrent mark-sweep generation total 134144K, used 49386K [0x00000000f7d00000, 0x0000000100000000, 0x0000000100000000)
 Metaspace       used 65120K, capacity 69770K, committed 69888K, reserved 1110016K
  class space    used 8392K, capacity 9186K, committed 9216K, reserved 1048576K
}
{Heap before GC invocations=757 (full 0):
 par new generation   total 115200K, used 103741K [0x00000000f0000000, 0x00000000f7d00000, 0x00000000f7d00000)
  eden space 102400K, 100% used [0x00000000f0000000, 0x00000000f6400000, 0x00000000f6400000)
  from space 12800K,  10% used [0x00000000f7080000, 0x00000000f71cf448, 0x00000000f7d00000)
  to   space 12800K,   0% used [0x00000000f6400000, 0x00000000f6400000, 0x00000000f7080000)
 concurrent mark-sweep generation total 134144K, used 49386K [0x00000000f7d00000, 0x0000000100000000, 0x0000000100000000)
 Metaspace       used 65120K, capacity 69770K, committed 69888K, reserved 1110016K
  class space    used 8392K, capacity 9186K, committed 9216K, reserved 1048576K
2022-09-12T02:06:25.889+0800: 360.666: [GC (Allocation Failure)  153127K->50945K(249344K), 0.0040772 secs]
Heap after GC invocations=758 (full 0):
 par new generation   total 115200K, used 1540K [0x00000000f0000000, 0x00000000f7d00000, 0x00000000f7d00000)
  eden space 102400K,   0% used [0x00000000f0000000, 0x00000000f0000000, 0x00000000f6400000)
  from space 12800K,  12% used [0x00000000f6400000, 0x00000000f65812d8, 0x00000000f7080000)
  to   space 12800K,   0% used [0x00000000f7080000, 0x00000000f7080000, 0x00000000f7d00000)
 concurrent mark-sweep generation total 134144K, used 49405K [0x00000000f7d00000, 0x0000000100000000, 0x0000000100000000)
 Metaspace       used 65120K, capacity 69770K, committed 69888K, reserved 1110016K
  class space    used 8392K, capacity 9186K, committed 9216K, reserved 1048576K
}
{Heap before GC invocations=758 (full 0):
 par new generation   total 115200K, used 103940K [0x00000000f0000000, 0x00000000f7d00000, 0x00000000f7d00000)
  eden space 102400K, 100% used [0x00000000f0000000, 0x00000000f6400000, 0x00000000f6400000)
  from space 12800K,  12% used [0x00000000f6400000, 0x00000000f65812d8, 0x00000000f7080000)
  to   space 12800K,   0% used [0x00000000f7080000, 0x00000000f7080000, 0x00000000f7d00000)
 concurrent mark-sweep generation total 134144K, used 49405K [0x00000000f7d00000, 0x0000000100000000, 0x0000000100000000)
 Metaspace       used 65120K, capacity 69770K, committed 69888K, reserved 1110016K
  class space    used 8392K, capacity 9186K, committed 9216K, reserved 1048576K
2022-09-12T02:06:26.237+0800: 361.014: [GC (Allocation Failure)  153345K->51039K(249344K), 0.0038873 secs]
Heap after GC invocations=759 (full 0):
 par new generation   total 115200K, used 1618K [0x00000000f0000000, 0x00000000f7d00000, 0x00000000f7d00000)
  eden space 102400K,   0% used [0x00000000f0000000, 0x00000000f0000000, 0x00000000f6400000)
  from space 12800K,  12% used [0x00000000f7080000, 0x00000000f7214b00, 0x00000000f7d00000)
  to   space 12800K,   0% used [0x00000000f6400000, 0x00000000f6400000, 0x00000000f7080000)
 concurrent mark-sweep generation total 134144K, used 49420K [0x00000000f7d00000, 0x0000000100000000, 0x0000000100000000)
 Metaspace       used 65120K, capacity 69770K, committed 69888K, reserved 1110016K
  class space    used 8392K, capacity 9186K, committed 9216K, reserved 1048576K
}
{Heap before GC invocations=759 (full 0):
 par new generation   total 115200K, used 104018K [0x00000000f0000000, 0x00000000f7d00000, 0x00000000f7d00000)
  eden space 102400K, 100% used [0x00000000f0000000, 0x00000000f6400000, 0x00000000f6400000)
  from space 12800K,  12% used [0x00000000f7080000, 0x00000000f7214b00, 0x00000000f7d00000)
  to   space 12800K,   0% used [0x00000000f6400000, 0x00000000f6400000, 0x00000000f7080000)
 concurrent mark-sweep generation total 134144K, used 49420K [0x00000000f7d00000, 0x0000000100000000, 0x0000000100000000)
 Metaspace       used 65120K, capacity 69770K, committed 69888K, reserved 1110016K
  class space    used 8392K, capacity 9186K, committed 9216K, reserved 1048576K
2022-09-12T02:06:26.582+0800: 361.360: [GC (Allocation Failure)  153439K->50617K(249344K), 0.0040376 secs]
Heap after GC invocations=760 (full 0):
 par new generation   total 115200K, used 1178K [0x00000000f0000000, 0x00000000f7d00000, 0x00000000f7d00000)
  eden space 102400K,   0% used [0x00000000f0000000, 0x00000000f0000000, 0x00000000f6400000)
  from space 12800K,   9% used [0x00000000f6400000, 0x00000000f65268c0, 0x00000000f7080000)
  to   space 12800K,   0% used [0x00000000f7080000, 0x00000000f7080000, 0x00000000f7d00000)
 concurrent mark-sweep generation total 134144K, used 49439K [0x00000000f7d00000, 0x0000000100000000, 0x0000000100000000)
 Metaspace       used 65120K, capacity 69770K, committed 69888K, reserved 1110016K
  class space    used 8392K, capacity 9186K, committed 9216K, reserved 1048576K
}
{Heap before GC invocations=760 (full 0):
 par new generation   total 115200K, used 103578K [0x00000000f0000000, 0x00000000f7d00000, 0x00000000f7d00000)
  eden space 102400K, 100% used [0x00000000f0000000, 0x00000000f6400000, 0x00000000f6400000)
  from space 12800K,   9% used [0x00000000f6400000, 0x00000000f65268c0, 0x00000000f7080000)
  to   space 12800K,   0% used [0x00000000f7080000, 0x00000000f7080000, 0x00000000f7d00000)
 concurrent mark-sweep generation total 134144K, used 49439K [0x00000000f7d00000, 0x0000000100000000, 0x0000000100000000)
 Metaspace       used 65120K, capacity 69770K, committed 69888K, reserved 1110016K
  class space    used 8392K, capacity 9186K, committed 9216K, reserved 1048576K
2022-09-12T02:06:26.944+0800: 361.722: [GC (Allocation Failure)  153017K->50975K(249344K), 0.0040337 secs]
Heap after GC invocations=761 (full 0):
 par new generation   total 115200K, used 1524K [0x00000000f0000000, 0x00000000f7d00000, 0x00000000f7d00000)
  eden space 102400K,   0% used [0x00000000f0000000, 0x00000000f0000000, 0x00000000f6400000)
  from space 12800K,  11% used [0x00000000f7080000, 0x00000000f71fd058, 0x00000000f7d00000)
  to   space 12800K,   0% used [0x00000000f6400000, 0x00000000f6400000, 0x00000000f7080000)
 concurrent mark-sweep generation total 134144K, used 49451K [0x00000000f7d00000, 0x0000000100000000, 0x0000000100000000)
 Metaspace       used 65120K, capacity 69770K, committed 69888K, reserved 1110016K
  class space    used 8392K, capacity 9186K, committed 9216K, reserved 1048576K
}
{Heap before GC invocations=761 (full 0):
 par new generation   total 115200K, used 103924K [0x00000000f0000000, 0x00000000f7d00000, 0x00000000f7d00000)
  eden space 102400K, 100% used [0x00000000f0000000, 0x00000000f6400000, 0x00000000f6400000)
  from space 12800K,  11% used [0x00000000f7080000, 0x00000000f71fd058, 0x00000000f7d00000)
  to   space 12800K,   0% used [0x00000000f6400000, 0x00000000f6400000, 0x00000000f7080000)
 concurrent mark-sweep generation total 134144K, used 49451K [0x00000000f7d00000, 0x0000000100000000, 0x0000000100000000)
 Metaspace       used 65120K, capacity 69770K, committed 69888K, reserved 1110016K
  class space    used 8392K, capacity 9186K, committed 9216K, reserved 1048576K
2022-09-12T02:06:27.294+0800: 362.071: [GC (Allocation Failure)  153375K->51092K(249344K), 0.0040907 secs]
Heap after GC invocations=762 (full 0):
 par new generation   total 115200K, used 1627K [0x00000000f0000000, 0x00000000f7d00000, 0x00000000f7d00000)
  eden space 102400K,   0% used [0x00000000f0000000, 0x00000000f0000000, 0x00000000f6400000)
  from space 12800K,  12% used [0x00000000f6400000, 0x00000000f6596dc8, 0x00000000f7080000)
  to   space 12800K,   0% used [0x00000000f7080000, 0x00000000f7080000, 0x00000000f7d00000)
 concurrent mark-sweep generation total 134144K, used 49465K [0x00000000f7d00000, 0x0000000100000000, 0x0000000100000000)
 Metaspace       used 65120K, capacity 69770K, committed 69888K, reserved 1110016K
  class space    used 8392K, capacity 9186K, committed 9216K, reserved 1048576K
}
{Heap before GC invocations=762 (full 0):
 par new generation   total 115200K, used 104027K [0x00000000f0000000, 0x00000000f7d00000, 0x00000000f7d00000)
  eden space 102400K, 100% used [0x00000000f0000000, 0x00000000f6400000, 0x00000000f6400000)
  from space 12800K,  12% used [0x00000000f6400000, 0x00000000f6596dc8, 0x00000000f7080000)
  to   space 12800K,   0% used [0x00000000f7080000, 0x00000000f7080000, 0x00000000f7d00000)
 concurrent mark-sweep generation total 134144K, used 49465K [0x00000000f7d00000, 0x0000000100000000, 0x0000000100000000)
 Metaspace       used 65120K, capacity 69770K, committed 69888K, reserved 1110016K
  class space    used 8392K, capacity 9186K, committed 9216K, reserved 1048576K
2022-09-12T02:06:27.643+0800: 362.420: [GC (Allocation Failure)  153492K->50678K(249344K), 0.0039786 secs]
Heap after GC invocations=763 (full 0):
 par new generation   total 115200K, used 1192K [0x00000000f0000000, 0x00000000f7d00000, 0x00000000f7d00000)
  eden space 102400K,   0% used [0x00000000f0000000, 0x00000000f0000000, 0x00000000f6400000)
  from space 12800K,   9% used [0x00000000f7080000, 0x00000000f71aa180, 0x00000000f7d00000)
  to   space 12800K,   0% used [0x00000000f6400000, 0x00000000f6400000, 0x00000000f7080000)
 concurrent mark-sweep generation total 134144K, used 49485K [0x00000000f7d00000, 0x0000000100000000, 0x0000000100000000)
 Metaspace       used 65120K, capacity 69770K, committed 69888K, reserved 1110016K
  class space    used 8392K, capacity 9186K, committed 9216K, reserved 1048576K
}
{Heap before GC invocations=763 (full 0):
 par new generation   total 115200K, used 103592K [0x00000000f0000000, 0x00000000f7d00000, 0x00000000f7d00000)
  eden space 102400K, 100% used [0x00000000f0000000, 0x00000000f6400000, 0x00000000f6400000)
  from space 12800K,   9% used [0x00000000f7080000, 0x00000000f71aa180, 0x00000000f7d00000)
  to   space 12800K,   0% used [0x00000000f6400000, 0x00000000f6400000, 0x00000000f7080000)
 concurrent mark-sweep generation total 134144K, used 49485K [0x00000000f7d00000, 0x0000000100000000, 0x0000000100000000)
 Metaspace       used 65120K, capacity 69770K, committed 69888K, reserved 1110016K
  class space    used 8392K, capacity 9186K, committed 9216K, reserved 1048576K
2022-09-12T02:06:27.990+0800: 362.768: [GC (Allocation Failure)  153078K->50995K(249344K), 0.0041219 secs]
Heap after GC invocations=764 (full 0):
 par new generation   total 115200K, used 1498K [0x00000000f0000000, 0x00000000f7d00000, 0x00000000f7d00000)
  eden space 102400K,   0% used [0x00000000f0000000, 0x00000000f0000000, 0x00000000f6400000)
  from space 12800K,  11% used [0x00000000f6400000, 0x00000000f6576aa0, 0x00000000f7080000)
  to   space 12800K,   0% used [0x00000000f7080000, 0x00000000f7080000, 0x00000000f7d00000)
 concurrent mark-sweep generation total 134144K, used 49497K [0x00000000f7d00000, 0x0000000100000000, 0x0000000100000000)
 Metaspace       used 65120K, capacity 69770K, committed 69888K, reserved 1110016K
  class space    used 8392K, capacity 9186K, committed 9216K, reserved 1048576K
}
{Heap before GC invocations=764 (full 0):
 par new generation   total 115200K, used 103898K [0x00000000f0000000, 0x00000000f7d00000, 0x00000000f7d00000)
  eden space 102400K, 100% used [0x00000000f0000000, 0x00000000f6400000, 0x00000000f6400000)
  from space 12800K,  11% used [0x00000000f6400000, 0x00000000f6576aa0, 0x00000000f7080000)
  to   space 12800K,   0% used [0x00000000f7080000, 0x00000000f7080000, 0x00000000f7d00000)
 concurrent mark-sweep generation total 134144K, used 49497K [0x00000000f7d00000, 0x0000000100000000, 0x0000000100000000)
 Metaspace       used 65120K, capacity 69770K, committed 69888K, reserved 1110016K
  class space    used 8392K, capacity 9186K, committed 9216K, reserved 1048576K
2022-09-12T02:06:28.339+0800: 363.116: [GC (Allocation Failure)  153395K->51187K(249344K), 0.0040951 secs]
Heap after GC invocations=765 (full 0):
 par new generation   total 115200K, used 1672K [0x00000000f0000000, 0x00000000f7d00000, 0x00000000f7d00000)
  eden space 102400K,   0% used [0x00000000f0000000, 0x00000000f0000000, 0x00000000f6400000)
  from space 12800K,  13% used [0x00000000f7080000, 0x00000000f72220f0, 0x00000000f7d00000)
  to   space 12800K,   0% used [0x00000000f6400000, 0x00000000f6400000, 0x00000000f7080000)
 concurrent mark-sweep generation total 134144K, used 49515K [0x00000000f7d00000, 0x0000000100000000, 0x0000000100000000)
 Metaspace       used 65120K, capacity 69770K, committed 69888K, reserved 1110016K
  class space    used 8392K, capacity 9186K, committed 9216K, reserved 1048576K
}
{Heap before GC invocations=765 (full 0):
 par new generation   total 115200K, used 104072K [0x00000000f0000000, 0x00000000f7d00000, 0x00000000f7d00000)
  eden space 102400K, 100% used [0x00000000f0000000, 0x00000000f6400000, 0x00000000f6400000)
  from space 12800K,  13% used [0x00000000f7080000, 0x00000000f72220f0, 0x00000000f7d00000)
  to   space 12800K,   0% used [0x00000000f6400000, 0x00000000f6400000, 0x00000000f7080000)
 concurrent mark-sweep generation total 134144K, used 49515K [0x00000000f7d00000, 0x0000000100000000, 0x0000000100000000)
 Metaspace       used 65120K, capacity 69770K, committed 69888K, reserved 1110016K
  class space    used 8392K, capacity 9186K, committed 9216K, reserved 1048576K
2022-09-12T02:06:28.687+0800: 363.464: [GC (Allocation Failure)  153587K->50737K(249344K), 0.0040448 secs]
Heap after GC invocations=766 (full 0):
 par new generation   total 115200K, used 1203K [0x00000000f0000000, 0x00000000f7d00000, 0x00000000f7d00000)
  eden space 102400K,   0% used [0x00000000f0000000, 0x00000000f0000000, 0x00000000f6400000)
  from space 12800K,   9% used [0x00000000f6400000, 0x00000000f652cd40, 0x00000000f7080000)
  to   space 12800K,   0% used [0x00000000f7080000, 0x00000000f7080000, 0x00000000f7d00000)
 concurrent mark-sweep generation total 134144K, used 49534K [0x00000000f7d00000, 0x0000000100000000, 0x0000000100000000)
 Metaspace       used 65120K, capacity 69770K, committed 69888K, reserved 1110016K
  class space    used 8392K, capacity 9186K, committed 9216K, reserved 1048576K
}
{Heap before GC invocations=766 (full 0):
 par new generation   total 115200K, used 103603K [0x00000000f0000000, 0x00000000f7d00000, 0x00000000f7d00000)
  eden space 102400K, 100% used [0x00000000f0000000, 0x00000000f6400000, 0x00000000f6400000)
  from space 12800K,   9% used [0x00000000f6400000, 0x00000000f652cd40, 0x00000000f7080000)
  to   space 12800K,   0% used [0x00000000f7080000, 0x00000000f7080000, 0x00000000f7d00000)
 concurrent mark-sweep generation total 134144K, used 49534K [0x00000000f7d00000, 0x0000000100000000, 0x0000000100000000)
 Metaspace       used 65120K, capacity 69770K, committed 69888K, reserved 1110016K
  class space    used 8392K, capacity 9186K, committed 9216K, reserved 1048576K
2022-09-12T02:06:29.035+0800: 363.812: [GC (Allocation Failure)  153137K->51071K(249344K), 0.0040075 secs]
Heap after GC invocations=767 (full 0):
 par new generation   total 115200K, used 1515K [0x00000000f0000000, 0x00000000f7d00000, 0x00000000f7d00000)
  eden space 102400K,   0% used [0x00000000f0000000, 0x00000000f0000000, 0x00000000f6400000)
  from space 12800K,  11% used [0x00000000f7080000, 0x00000000f71face8, 0x00000000f7d00000)
  to   space 12800K,   0% used [0x00000000f6400000, 0x00000000f6400000, 0x00000000f7080000)
 concurrent mark-sweep generation total 134144K, used 49555K [0x00000000f7d00000, 0x0000000100000000, 0x0000000100000000)
 Metaspace       used 65120K, capacity 69770K, committed 69888K, reserved 1110016K
  class space    used 8392K, capacity 9186K, committed 9216K, reserved 1048576K
}
{Heap before GC invocations=767 (full 0):
 par new generation   total 115200K, used 103915K [0x00000000f0000000, 0x00000000f7d00000, 0x00000000f7d00000)
  eden space 102400K, 100% used [0x00000000f0000000, 0x00000000f6400000, 0x00000000f6400000)
  from space 12800K,  11% used [0x00000000f7080000, 0x00000000f71face8, 0x00000000f7d00000)
  to   space 12800K,   0% used [0x00000000f6400000, 0x00000000f6400000, 0x00000000f7080000)
 concurrent mark-sweep generation total 134144K, used 49555K [0x00000000f7d00000, 0x0000000100000000, 0x0000000100000000)
 Metaspace       used 65120K, capacity 69770K, committed 69888K, reserved 1110016K
  class space    used 8392K, capacity 9186K, committed 9216K, reserved 1048576K
2022-09-12T02:06:29.382+0800: 364.159: [GC (Allocation Failure)  153471K->51215K(249344K), 0.0040259 secs]
Heap after GC invocations=768 (full 0):
 par new generation   total 115200K, used 1647K [0x00000000f0000000, 0x00000000f7d00000, 0x00000000f7d00000)
  eden space 102400K,   0% used [0x00000000f0000000, 0x00000000f0000000, 0x00000000f6400000)
  from space 12800K,  12% used [0x00000000f6400000, 0x00000000f659bf28, 0x00000000f7080000)
  to   space 12800K,   0% used [0x00000000f7080000, 0x00000000f7080000, 0x00000000f7d00000)
 concurrent mark-sweep generation total 134144K, used 49567K [0x00000000f7d00000, 0x0000000100000000, 0x0000000100000000)
 Metaspace       used 65120K, capacity 69770K, committed 69888K, reserved 1110016K
  class space    used 8392K, capacity 9186K, committed 9216K, reserved 1048576K
}
{Heap before GC invocations=768 (full 0):
 par new generation   total 115200K, used 104047K [0x00000000f0000000, 0x00000000f7d00000, 0x00000000f7d00000)
  eden space 102400K, 100% used [0x00000000f0000000, 0x00000000f6400000, 0x00000000f6400000)
  from space 12800K,  12% used [0x00000000f6400000, 0x00000000f659bf28, 0x00000000f7080000)
  to   space 12800K,   0% used [0x00000000f7080000, 0x00000000f7080000, 0x00000000f7d00000)
 concurrent mark-sweep generation total 134144K, used 49567K [0x00000000f7d00000, 0x0000000100000000, 0x0000000100000000)
 Metaspace       used 65120K, capacity 69770K, committed 69888K, reserved 1110016K
  class space    used 8392K, capacity 9186K, committed 9216K, reserved 1048576K
2022-09-12T02:06:29.732+0800: 364.509: [GC (Allocation Failure)  153615K->50789K(249344K), 0.0040249 secs]
Heap after GC invocations=769 (full 0):
 par new generation   total 115200K, used 1209K [0x00000000f0000000, 0x00000000f7d00000, 0x00000000f7d00000)
  eden space 102400K,   0% used [0x00000000f0000000, 0x00000000f0000000, 0x00000000f6400000)
  from space 12800K,   9% used [0x00000000f7080000, 0x00000000f71ae400, 0x00000000f7d00000)
  to   space 12800K,   0% used [0x00000000f6400000, 0x00000000f6400000, 0x00000000f7080000)
 concurrent mark-sweep generation total 134144K, used 49580K [0x00000000f7d00000, 0x0000000100000000, 0x0000000100000000)
 Metaspace       used 65120K, capacity 69770K, committed 69888K, reserved 1110016K
  class space    used 8392K, capacity 9186K, committed 9216K, reserved 1048576K
}
{Heap before GC invocations=769 (full 0):
 par new generation   total 115200K, used 103609K [0x00000000f0000000, 0x00000000f7d00000, 0x00000000f7d00000)
  eden space 102400K, 100% used [0x00000000f0000000, 0x00000000f6400000, 0x00000000f6400000)
  from space 12800K,   9% used [0x00000000f7080000, 0x00000000f71ae400, 0x00000000f7d00000)
  to   space 12800K,   0% used [0x00000000f6400000, 0x00000000f6400000, 0x00000000f7080000)
 concurrent mark-sweep generation total 134144K, used 49580K [0x00000000f7d00000, 0x0000000100000000, 0x0000000100000000)
 Metaspace       used 65120K, capacity 69770K, committed 69888K, reserved 1110016K
  class space    used 8392K, capacity 9186K, committed 9216K, reserved 1048576K
2022-09-12T02:06:30.081+0800: 364.858: [GC (Allocation Failure)  153189K->51152K(249344K), 0.0041532 secs]
Heap after GC invocations=770 (full 0):
 par new generation   total 115200K, used 1555K [0x00000000f0000000, 0x00000000f7d00000, 0x00000000f7d00000)
  eden space 102400K,   0% used [0x00000000f0000000, 0x00000000f0000000, 0x00000000f6400000)
  from space 12800K,  12% used [0x00000000f6400000, 0x00000000f6584de8, 0x00000000f7080000)
  to   space 12800K,   0% used [0x00000000f7080000, 0x00000000f7080000, 0x00000000f7d00000)
 concurrent mark-sweep generation total 134144K, used 49596K [0x00000000f7d00000, 0x0000000100000000, 0x0000000100000000)
 Metaspace       used 65120K, capacity 69770K, committed 69888K, reserved 1110016K
  class space    used 8392K, capacity 9186K, committed 9216K, reserved 1048576K
}
{Heap before GC invocations=770 (full 0):
 par new generation   total 115200K, used 103955K [0x00000000f0000000, 0x00000000f7d00000, 0x00000000f7d00000)
  eden space 102400K, 100% used [0x00000000f0000000, 0x00000000f6400000, 0x00000000f6400000)
  from space 12800K,  12% used [0x00000000f6400000, 0x00000000f6584de8, 0x00000000f7080000)
  to   space 12800K,   0% used [0x00000000f7080000, 0x00000000f7080000, 0x00000000f7d00000)
 concurrent mark-sweep generation total 134144K, used 49596K [0x00000000f7d00000, 0x0000000100000000, 0x0000000100000000)
 Metaspace       used 65120K, capacity 69770K, committed 69888K, reserved 1110016K
  class space    used 8392K, capacity 9186K, committed 9216K, reserved 1048576K
2022-09-12T02:06:30.442+0800: 365.219: [GC (Allocation Failure)  153552K->51276K(249344K), 0.0040381 secs]
Heap after GC invocations=771 (full 0):
 par new generation   total 115200K, used 1662K [0x00000000f0000000, 0x00000000f7d00000, 0x00000000f7d00000)
  eden space 102400K,   0% used [0x00000000f0000000, 0x00000000f0000000, 0x00000000f6400000)
  from space 12800K,  12% used [0x00000000f7080000, 0x00000000f721f840, 0x00000000f7d00000)
  to   space 12800K,   0% used [0x00000000f6400000, 0x00000000f6400000, 0x00000000f7080000)
 concurrent mark-sweep generation total 134144K, used 49614K [0x00000000f7d00000, 0x0000000100000000, 0x0000000100000000)
 Metaspace       used 65120K, capacity 69770K, committed 69888K, reserved 1110016K
  class space    used 8392K, capacity 9186K, committed 9216K, reserved 1048576K
}
{Heap before GC invocations=771 (full 0):
 par new generation   total 115200K, used 104062K [0x00000000f0000000, 0x00000000f7d00000, 0x00000000f7d00000)
  eden space 102400K, 100% used [0x00000000f0000000, 0x00000000f6400000, 0x00000000f6400000)
  from space 12800K,  12% used [0x00000000f7080000, 0x00000000f721f840, 0x00000000f7d00000)
  to   space 12800K,   0% used [0x00000000f6400000, 0x00000000f6400000, 0x00000000f7080000)
 concurrent mark-sweep generation total 134144K, used 49614K [0x00000000f7d00000, 0x0000000100000000, 0x0000000100000000)
 Metaspace       used 65120K, capacity 69770K, committed 69888K, reserved 1110016K
  class space    used 8392K, capacity 9186K, committed 9216K, reserved 1048576K
2022-09-12T02:06:30.798+0800: 365.576: [GC (Allocation Failure)  153676K->50834K(249344K), 0.0041289 secs]
Heap after GC invocations=772 (full 0):
 par new generation   total 115200K, used 1204K [0x00000000f0000000, 0x00000000f7d00000, 0x00000000f7d00000)
  eden space 102400K,   0% used [0x00000000f0000000, 0x00000000f0000000, 0x00000000f6400000)
  from space 12800K,   9% used [0x00000000f6400000, 0x00000000f652d380, 0x00000000f7080000)
  to   space 12800K,   0% used [0x00000000f7080000, 0x00000000f7080000, 0x00000000f7d00000)
 concurrent mark-sweep generation total 134144K, used 49629K [0x00000000f7d00000, 0x0000000100000000, 0x0000000100000000)
 Metaspace       used 65120K, capacity 69770K, committed 69888K, reserved 1110016K
  class space    used 8392K, capacity 9186K, committed 9216K, reserved 1048576K
}
{Heap before GC invocations=772 (full 0):
 par new generation   total 115200K, used 103604K [0x00000000f0000000, 0x00000000f7d00000, 0x00000000f7d00000)
  eden space 102400K, 100% used [0x00000000f0000000, 0x00000000f6400000, 0x00000000f6400000)
  from space 12800K,   9% used [0x00000000f6400000, 0x00000000f652d380, 0x00000000f7080000)
  to   space 12800K,   0% used [0x00000000f7080000, 0x00000000f7080000, 0x00000000f7d00000)
 concurrent mark-sweep generation total 134144K, used 49629K [0x00000000f7d00000, 0x0000000100000000, 0x0000000100000000)
 Metaspace       used 65120K, capacity 69770K, committed 69888K, reserved 1110016K
  class space    used 8392K, capacity 9186K, committed 9216K, reserved 1048576K
2022-09-12T02:06:31.149+0800: 365.926: [GC (Allocation Failure)  153234K->51177K(249344K), 0.0041320 secs]
Heap after GC invocations=773 (full 0):
 par new generation   total 115200K, used 1533K [0x00000000f0000000, 0x00000000f7d00000, 0x00000000f7d00000)
  eden space 102400K,   0% used [0x00000000f0000000, 0x00000000f0000000, 0x00000000f6400000)
  from space 12800K,  11% used [0x00000000f7080000, 0x00000000f71ff630, 0x00000000f7d00000)
  to   space 12800K,   0% used [0x00000000f6400000, 0x00000000f6400000, 0x00000000f7080000)
 concurrent mark-sweep generation total 134144K, used 49643K [0x00000000f7d00000, 0x0000000100000000, 0x0000000100000000)
 Metaspace       used 65120K, capacity 69770K, committed 69888K, reserved 1110016K
  class space    used 8392K, capacity 9186K, committed 9216K, reserved 1048576K
}
{Heap before GC invocations=773 (full 0):
 par new generation   total 115200K, used 103933K [0x00000000f0000000, 0x00000000f7d00000, 0x00000000f7d00000)
  eden space 102400K, 100% used [0x00000000f0000000, 0x00000000f6400000, 0x00000000f6400000)
  from space 12800K,  11% used [0x00000000f7080000, 0x00000000f71ff630, 0x00000000f7d00000)
  to   space 12800K,   0% used [0x00000000f6400000, 0x00000000f6400000, 0x00000000f7080000)
 concurrent mark-sweep generation total 134144K, used 49643K [0x00000000f7d00000, 0x0000000100000000, 0x0000000100000000)
 Metaspace       used 65120K, capacity 69770K, committed 69888K, reserved 1110016K
  class space    used 8392K, capacity 9186K, committed 9216K, reserved 1048576K
2022-09-12T02:06:31.497+0800: 366.275: [GC (Allocation Failure)  153577K->51339K(249344K), 0.0041499 secs]
Heap after GC invocations=774 (full 0):
 par new generation   total 115200K, used 1676K [0x00000000f0000000, 0x00000000f7d00000, 0x00000000f7d00000)
  eden space 102400K,   0% used [0x00000000f0000000, 0x00000000f0000000, 0x00000000f6400000)
  from space 12800K,  13% used [0x00000000f6400000, 0x00000000f65a3200, 0x00000000f7080000)
  to   space 12800K,   0% used [0x00000000f7080000, 0x00000000f7080000, 0x00000000f7d00000)
 concurrent mark-sweep generation total 134144K, used 49663K [0x00000000f7d00000, 0x0000000100000000, 0x0000000100000000)
 Metaspace       used 65120K, capacity 69770K, committed 69888K, reserved 1110016K
  class space    used 8392K, capacity 9186K, committed 9216K, reserved 1048576K
}
{Heap before GC invocations=774 (full 0):
 par new generation   total 115200K, used 104076K [0x00000000f0000000, 0x00000000f7d00000, 0x00000000f7d00000)
  eden space 102400K, 100% used [0x00000000f0000000, 0x00000000f6400000, 0x00000000f6400000)
  from space 12800K,  13% used [0x00000000f6400000, 0x00000000f65a3200, 0x00000000f7080000)
  to   space 12800K,   0% used [0x00000000f7080000, 0x00000000f7080000, 0x00000000f7d00000)
 concurrent mark-sweep generation total 134144K, used 49663K [0x00000000f7d00000, 0x0000000100000000, 0x0000000100000000)
 Metaspace       used 65120K, capacity 69770K, committed 69888K, reserved 1110016K
  class space    used 8392K, capacity 9186K, committed 9216K, reserved 1048576K
2022-09-12T02:06:31.847+0800: 366.624: [GC (Allocation Failure)  153739K->50878K(249344K), 0.0040419 secs]
Heap after GC invocations=775 (full 0):
 par new generation   total 115200K, used 1197K [0x00000000f0000000, 0x00000000f7d00000, 0x00000000f7d00000)
  eden space 102400K,   0% used [0x00000000f0000000, 0x00000000f0000000, 0x00000000f6400000)
  from space 12800K,   9% used [0x00000000f7080000, 0x00000000f71ab700, 0x00000000f7d00000)
  to   space 12800K,   0% used [0x00000000f6400000, 0x00000000f6400000, 0x00000000f7080000)
 concurrent mark-sweep generation total 134144K, used 49680K [0x00000000f7d00000, 0x0000000100000000, 0x0000000100000000)
 Metaspace       used 65120K, capacity 69770K, committed 69888K, reserved 1110016K
  class space    used 8392K, capacity 9186K, committed 9216K, reserved 1048576K
}
{Heap before GC invocations=775 (full 0):
 par new generation   total 115200K, used 103597K [0x00000000f0000000, 0x00000000f7d00000, 0x00000000f7d00000)
  eden space 102400K, 100% used [0x00000000f0000000, 0x00000000f6400000, 0x00000000f6400000)
  from space 12800K,   9% used [0x00000000f7080000, 0x00000000f71ab700, 0x00000000f7d00000)
  to   space 12800K,   0% used [0x00000000f6400000, 0x00000000f6400000, 0x00000000f7080000)
 concurrent mark-sweep generation total 134144K, used 49680K [0x00000000f7d00000, 0x0000000100000000, 0x0000000100000000)
 Metaspace       used 65120K, capacity 69770K, committed 69888K, reserved 1110016K
  class space    used 8392K, capacity 9186K, committed 9216K, reserved 1048576K
2022-09-12T02:06:32.196+0800: 366.973: [GC (Allocation Failure)  153278K->51194K(249344K), 0.0042771 secs]
Heap after GC invocations=776 (full 0):
 par new generation   total 115200K, used 1498K [0x00000000f0000000, 0x00000000f7d00000, 0x00000000f7d00000)
  eden space 102400K,   0% used [0x00000000f0000000, 0x00000000f0000000, 0x00000000f6400000)
  from space 12800K,  11% used [0x00000000f6400000, 0x00000000f6576950, 0x00000000f7080000)
  to   space 12800K,   0% used [0x00000000f7080000, 0x00000000f7080000, 0x00000000f7d00000)
 concurrent mark-sweep generation total 134144K, used 49696K [0x00000000f7d00000, 0x0000000100000000, 0x0000000100000000)
 Metaspace       used 65120K, capacity 69770K, committed 69888K, reserved 1110016K
  class space    used 8392K, capacity 9186K, committed 9216K, reserved 1048576K
}
{Heap before GC invocations=776 (full 0):
 par new generation   total 115200K, used 103898K [0x00000000f0000000, 0x00000000f7d00000, 0x00000000f7d00000)
  eden space 102400K, 100% used [0x00000000f0000000, 0x00000000f6400000, 0x00000000f6400000)
  from space 12800K,  11% used [0x00000000f6400000, 0x00000000f6576950, 0x00000000f7080000)
  to   space 12800K,   0% used [0x00000000f7080000, 0x00000000f7080000, 0x00000000f7d00000)
 concurrent mark-sweep generation total 134144K, used 49696K [0x00000000f7d00000, 0x0000000100000000, 0x0000000100000000)
 Metaspace       used 65120K, capacity 69770K, committed 69888K, reserved 1110016K
  class space    used 8392K, capacity 9186K, committed 9216K, reserved 1048576K
2022-09-12T02:06:32.543+0800: 367.320: [GC (Allocation Failure)  153594K->51361K(249344K), 0.0040962 secs]
Heap after GC invocations=777 (full 0):
 par new generation   total 115200K, used 1651K [0x00000000f0000000, 0x00000000f7d00000, 0x00000000f7d00000)
  eden space 102400K,   0% used [0x00000000f0000000, 0x00000000f0000000, 0x00000000f6400000)
  from space 12800K,  12% used [0x00000000f7080000, 0x00000000f721cc48, 0x00000000f7d00000)
  to   space 12800K,   0% used [0x00000000f6400000, 0x00000000f6400000, 0x00000000f7080000)
 concurrent mark-sweep generation total 134144K, used 49710K [0x00000000f7d00000, 0x0000000100000000, 0x0000000100000000)
 Metaspace       used 65120K, capacity 69770K, committed 69888K, reserved 1110016K
  class space    used 8392K, capacity 9186K, committed 9216K, reserved 1048576K
}
{Heap before GC invocations=777 (full 0):
 par new generation   total 115200K, used 104051K [0x00000000f0000000, 0x00000000f7d00000, 0x00000000f7d00000)
  eden space 102400K, 100% used [0x00000000f0000000, 0x00000000f6400000, 0x00000000f6400000)
  from space 12800K,  12% used [0x00000000f7080000, 0x00000000f721cc48, 0x00000000f7d00000)
  to   space 12800K,   0% used [0x00000000f6400000, 0x00000000f6400000, 0x00000000f7080000)
 concurrent mark-sweep generation total 134144K, used 49710K [0x00000000f7d00000, 0x0000000100000000, 0x0000000100000000)
 Metaspace       used 65120K, capacity 69770K, committed 69888K, reserved 1110016K
  class space    used 8392K, capacity 9186K, committed 9216K, reserved 1048576K
2022-09-12T02:06:32.892+0800: 367.669: [GC (Allocation Failure)  153761K->50789K(249344K), 0.0041615 secs]
Heap after GC invocations=778 (full 0):
 par new generation   total 115200K, used 1060K [0x00000000f0000000, 0x00000000f7d00000, 0x00000000f7d00000)
  eden space 102400K,   0% used [0x00000000f0000000, 0x00000000f0000000, 0x00000000f6400000)
  from space 12800K,   8% used [0x00000000f6400000, 0x00000000f65092e0, 0x00000000f7080000)
  to   space 12800K,   0% used [0x00000000f7080000, 0x00000000f7080000, 0x00000000f7d00000)
 concurrent mark-sweep generation total 134144K, used 49728K [0x00000000f7d00000, 0x0000000100000000, 0x0000000100000000)
 Metaspace       used 65120K, capacity 69770K, committed 69888K, reserved 1110016K
  class space    used 8392K, capacity 9186K, committed 9216K, reserved 1048576K
}
{Heap before GC invocations=778 (full 0):
 par new generation   total 115200K, used 103460K [0x00000000f0000000, 0x00000000f7d00000, 0x00000000f7d00000)
  eden space 102400K, 100% used [0x00000000f0000000, 0x00000000f6400000, 0x00000000f6400000)
  from space 12800K,   8% used [0x00000000f6400000, 0x00000000f65092e0, 0x00000000f7080000)
  to   space 12800K,   0% used [0x00000000f7080000, 0x00000000f7080000, 0x00000000f7d00000)
 concurrent mark-sweep generation total 134144K, used 49728K [0x00000000f7d00000, 0x0000000100000000, 0x0000000100000000)
 Metaspace       used 65120K, capacity 69770K, committed 69888K, reserved 1110016K
  class space    used 8392K, capacity 9186K, committed 9216K, reserved 1048576K
2022-09-12T02:06:33.241+0800: 368.018: [GC (Allocation Failure)  153189K->51222K(249344K), 0.0039760 secs]
Heap after GC invocations=779 (full 0):
 par new generation   total 115200K, used 1482K [0x00000000f0000000, 0x00000000f7d00000, 0x00000000f7d00000)
  eden space 102400K,   0% used [0x00000000f0000000, 0x00000000f0000000, 0x00000000f6400000)
  from space 12800K,  11% used [0x00000000f7080000, 0x00000000f71f2b30, 0x00000000f7d00000)
  to   space 12800K,   0% used [0x00000000f6400000, 0x00000000f6400000, 0x00000000f7080000)
 concurrent mark-sweep generation total 134144K, used 49740K [0x00000000f7d00000, 0x0000000100000000, 0x0000000100000000)
 Metaspace       used 65120K, capacity 69770K, committed 69888K, reserved 1110016K
  class space    used 8392K, capacity 9186K, committed 9216K, reserved 1048576K
}
{Heap before GC invocations=779 (full 0):
 par new generation   total 115200K, used 103882K [0x00000000f0000000, 0x00000000f7d00000, 0x00000000f7d00000)
  eden space 102400K, 100% used [0x00000000f0000000, 0x00000000f6400000, 0x00000000f6400000)
  from space 12800K,  11% used [0x00000000f7080000, 0x00000000f71f2b30, 0x00000000f7d00000)
  to   space 12800K,   0% used [0x00000000f6400000, 0x00000000f6400000, 0x00000000f7080000)
 concurrent mark-sweep generation total 134144K, used 49740K [0x00000000f7d00000, 0x0000000100000000, 0x0000000100000000)
 Metaspace       used 65120K, capacity 69770K, committed 69888K, reserved 1110016K
  class space    used 8392K, capacity 9186K, committed 9216K, reserved 1048576K
2022-09-12T02:06:33.598+0800: 368.375: [GC (Allocation Failure)  153622K->50701K(249344K), 0.0029337 secs]
Heap after GC invocations=780 (full 0):
 par new generation   total 115200K, used 943K [0x00000000f0000000, 0x00000000f7d00000, 0x00000000f7d00000)
  eden space 102400K,   0% used [0x00000000f0000000, 0x00000000f0000000, 0x00000000f6400000)
  from space 12800K,   7% used [0x00000000f6400000, 0x00000000f64ebde0, 0x00000000f7080000)
  to   space 12800K,   0% used [0x00000000f7080000, 0x00000000f7080000, 0x00000000f7d00000)
 concurrent mark-sweep generation total 134144K, used 49757K [0x00000000f7d00000, 0x0000000100000000, 0x0000000100000000)
 Metaspace       used 65120K, capacity 69770K, committed 69888K, reserved 1110016K
  class space    used 8392K, capacity 9186K, committed 9216K, reserved 1048576K
}
{Heap before GC invocations=780 (full 0):
 par new generation   total 115200K, used 103343K [0x00000000f0000000, 0x00000000f7d00000, 0x00000000f7d00000)
  eden space 102400K, 100% used [0x00000000f0000000, 0x00000000f6400000, 0x00000000f6400000)
  from space 12800K,   7% used [0x00000000f6400000, 0x00000000f64ebde0, 0x00000000f7080000)
  to   space 12800K,   0% used [0x00000000f7080000, 0x00000000f7080000, 0x00000000f7d00000)
 concurrent mark-sweep generation total 134144K, used 49757K [0x00000000f7d00000, 0x0000000100000000, 0x0000000100000000)
 Metaspace       used 65120K, capacity 69770K, committed 69888K, reserved 1110016K
  class space    used 8392K, capacity 9186K, committed 9216K, reserved 1048576K
2022-09-12T02:06:33.940+0800: 368.717: [GC (Allocation Failure)  153101K->50938K(249344K), 0.0040875 secs]
Heap after GC invocations=781 (full 0):
 par new generation   total 115200K, used 1163K [0x00000000f0000000, 0x00000000f7d00000, 0x00000000f7d00000)
  eden space 102400K,   0% used [0x00000000f0000000, 0x00000000f0000000, 0x00000000f6400000)
  from space 12800K,   9% used [0x00000000f7080000, 0x00000000f71a2c80, 0x00000000f7d00000)
  to   space 12800K,   0% used [0x00000000f6400000, 0x00000000f6400000, 0x00000000f7080000)
 concurrent mark-sweep generation total 134144K, used 49775K [0x00000000f7d00000, 0x0000000100000000, 0x0000000100000000)
 Metaspace       used 65120K, capacity 69770K, committed 69888K, reserved 1110016K
  class space    used 8392K, capacity 9186K, committed 9216K, reserved 1048576K
}
{Heap before GC invocations=781 (full 0):
 par new generation   total 115200K, used 103563K [0x00000000f0000000, 0x00000000f7d00000, 0x00000000f7d00000)
  eden space 102400K, 100% used [0x00000000f0000000, 0x00000000f6400000, 0x00000000f6400000)
  from space 12800K,   9% used [0x00000000f7080000, 0x00000000f71a2c80, 0x00000000f7d00000)
  to   space 12800K,   0% used [0x00000000f6400000, 0x00000000f6400000, 0x00000000f7080000)
 concurrent mark-sweep generation total 134144K, used 49775K [0x00000000f7d00000, 0x0000000100000000, 0x0000000100000000)
 Metaspace       used 65120K, capacity 69770K, committed 69888K, reserved 1110016K
  class space    used 8392K, capacity 9186K, committed 9216K, reserved 1048576K
2022-09-12T02:06:34.288+0800: 369.065: [GC (Allocation Failure)  153338K->51189K(249344K), 0.0040291 secs]
Heap after GC invocations=782 (full 0):
 par new generation   total 115200K, used 1397K [0x00000000f0000000, 0x00000000f7d00000, 0x00000000f7d00000)
  eden space 102400K,   0% used [0x00000000f0000000, 0x00000000f0000000, 0x00000000f6400000)
  from space 12800K,  10% used [0x00000000f6400000, 0x00000000f655d580, 0x00000000f7080000)
  to   space 12800K,   0% used [0x00000000f7080000, 0x00000000f7080000, 0x00000000f7d00000)
 concurrent mark-sweep generation total 134144K, used 49792K [0x00000000f7d00000, 0x0000000100000000, 0x0000000100000000)
 Metaspace       used 65120K, capacity 69770K, committed 69888K, reserved 1110016K
  class space    used 8392K, capacity 9186K, committed 9216K, reserved 1048576K
}
{Heap before GC invocations=782 (full 0):
 par new generation   total 115200K, used 103797K [0x00000000f0000000, 0x00000000f7d00000, 0x00000000f7d00000)
  eden space 102400K, 100% used [0x00000000f0000000, 0x00000000f6400000, 0x00000000f6400000)
  from space 12800K,  10% used [0x00000000f6400000, 0x00000000f655d580, 0x00000000f7080000)
  to   space 12800K,   0% used [0x00000000f7080000, 0x00000000f7080000, 0x00000000f7d00000)
 concurrent mark-sweep generation total 134144K, used 49792K [0x00000000f7d00000, 0x0000000100000000, 0x0000000100000000)
 Metaspace       used 65120K, capacity 69770K, committed 69888K, reserved 1110016K
  class space    used 8392K, capacity 9186K, committed 9216K, reserved 1048576K
2022-09-12T02:06:34.637+0800: 369.414: [GC (Allocation Failure)  153589K->51418K(249344K), 0.0040863 secs]
Heap after GC invocations=783 (full 0):
 par new generation   total 115200K, used 1604K [0x00000000f0000000, 0x00000000f7d00000, 0x00000000f7d00000)
  eden space 102400K,   0% used [0x00000000f0000000, 0x00000000f0000000, 0x00000000f6400000)
  from space 12800K,  12% used [0x00000000f7080000, 0x00000000f7211300, 0x00000000f7d00000)
  to   space 12800K,   0% used [0x00000000f6400000, 0x00000000f6400000, 0x00000000f7080000)
 concurrent mark-sweep generation total 134144K, used 49813K [0x00000000f7d00000, 0x0000000100000000, 0x0000000100000000)
 Metaspace       used 65120K, capacity 69770K, committed 69888K, reserved 1110016K
  class space    used 8392K, capacity 9186K, committed 9216K, reserved 1048576K
}
{Heap before GC invocations=783 (full 0):
 par new generation   total 115200K, used 104004K [0x00000000f0000000, 0x00000000f7d00000, 0x00000000f7d00000)
  eden space 102400K, 100% used [0x00000000f0000000, 0x00000000f6400000, 0x00000000f6400000)
  from space 12800K,  12% used [0x00000000f7080000, 0x00000000f7211300, 0x00000000f7d00000)
  to   space 12800K,   0% used [0x00000000f6400000, 0x00000000f6400000, 0x00000000f7080000)
 concurrent mark-sweep generation total 134144K, used 49813K [0x00000000f7d00000, 0x0000000100000000, 0x0000000100000000)
 Metaspace       used 65120K, capacity 69770K, committed 69888K, reserved 1110016K
  class space    used 8392K, capacity 9186K, committed 9216K, reserved 1048576K
2022-09-12T02:06:34.985+0800: 369.763: [GC (Allocation Failure)  153818K->50981K(249344K), 0.0039522 secs]
Heap after GC invocations=784 (full 0):
 par new generation   total 115200K, used 1157K [0x00000000f0000000, 0x00000000f7d00000, 0x00000000f7d00000)
  eden space 102400K,   0% used [0x00000000f0000000, 0x00000000f0000000, 0x00000000f6400000)
  from space 12800K,   9% used [0x00000000f6400000, 0x00000000f65216c0, 0x00000000f7080000)
  to   space 12800K,   0% used [0x00000000f7080000, 0x00000000f7080000, 0x00000000f7d00000)
 concurrent mark-sweep generation total 134144K, used 49824K [0x00000000f7d00000, 0x0000000100000000, 0x0000000100000000)
 Metaspace       used 65120K, capacity 69770K, committed 69888K, reserved 1110016K
  class space    used 8392K, capacity 9186K, committed 9216K, reserved 1048576K
}
{Heap before GC invocations=784 (full 0):
 par new generation   total 115200K, used 103557K [0x00000000f0000000, 0x00000000f7d00000, 0x00000000f7d00000)
  eden space 102400K, 100% used [0x00000000f0000000, 0x00000000f6400000, 0x00000000f6400000)
  from space 12800K,   9% used [0x00000000f6400000, 0x00000000f65216c0, 0x00000000f7080000)
  to   space 12800K,   0% used [0x00000000f7080000, 0x00000000f7080000, 0x00000000f7d00000)
 concurrent mark-sweep generation total 134144K, used 49824K [0x00000000f7d00000, 0x0000000100000000, 0x0000000100000000)
 Metaspace       used 65120K, capacity 69770K, committed 69888K, reserved 1110016K
  class space    used 8392K, capacity 9186K, committed 9216K, reserved 1048576K
2022-09-12T02:06:35.333+0800: 370.110: [GC (Allocation Failure)  153381K->51359K(249344K), 0.0040320 secs]
Heap after GC invocations=785 (full 0):
 par new generation   total 115200K, used 1519K [0x00000000f0000000, 0x00000000f7d00000, 0x00000000f7d00000)
  eden space 102400K,   0% used [0x00000000f0000000, 0x00000000f0000000, 0x00000000f6400000)
  from space 12800K,  11% used [0x00000000f7080000, 0x00000000f71fbd18, 0x00000000f7d00000)
  to   space 12800K,   0% used [0x00000000f6400000, 0x00000000f6400000, 0x00000000f7080000)
 concurrent mark-sweep generation total 134144K, used 49840K [0x00000000f7d00000, 0x0000000100000000, 0x0000000100000000)
 Metaspace       used 65120K, capacity 69770K, committed 69888K, reserved 1110016K
  class space    used 8392K, capacity 9186K, committed 9216K, reserved 1048576K
}
{Heap before GC invocations=785 (full 0):
 par new generation   total 115200K, used 103919K [0x00000000f0000000, 0x00000000f7d00000, 0x00000000f7d00000)
  eden space 102400K, 100% used [0x00000000f0000000, 0x00000000f6400000, 0x00000000f6400000)
  from space 12800K,  11% used [0x00000000f7080000, 0x00000000f71fbd18, 0x00000000f7d00000)
  to   space 12800K,   0% used [0x00000000f6400000, 0x00000000f6400000, 0x00000000f7080000)
 concurrent mark-sweep generation total 134144K, used 49840K [0x00000000f7d00000, 0x0000000100000000, 0x0000000100000000)
 Metaspace       used 65120K, capacity 69770K, committed 69888K, reserved 1110016K
  class space    used 8392K, capacity 9186K, committed 9216K, reserved 1048576K
2022-09-12T02:06:35.681+0800: 370.459: [GC (Allocation Failure)  153759K->51523K(249344K), 0.0039473 secs]
Heap after GC invocations=786 (full 0):
 par new generation   total 115200K, used 1670K [0x00000000f0000000, 0x00000000f7d00000, 0x00000000f7d00000)
  eden space 102400K,   0% used [0x00000000f0000000, 0x00000000f0000000, 0x00000000f6400000)
  from space 12800K,  13% used [0x00000000f6400000, 0x00000000f65a18a0, 0x00000000f7080000)
  to   space 12800K,   0% used [0x00000000f7080000, 0x00000000f7080000, 0x00000000f7d00000)
 concurrent mark-sweep generation total 134144K, used 49853K [0x00000000f7d00000, 0x0000000100000000, 0x0000000100000000)
 Metaspace       used 65120K, capacity 69770K, committed 69888K, reserved 1110016K
  class space    used 8392K, capacity 9186K, committed 9216K, reserved 1048576K
}
{Heap before GC invocations=786 (full 0):
 par new generation   total 115200K, used 104070K [0x00000000f0000000, 0x00000000f7d00000, 0x00000000f7d00000)
  eden space 102400K, 100% used [0x00000000f0000000, 0x00000000f6400000, 0x00000000f6400000)
  from space 12800K,  13% used [0x00000000f6400000, 0x00000000f65a18a0, 0x00000000f7080000)
  to   space 12800K,   0% used [0x00000000f7080000, 0x00000000f7080000, 0x00000000f7d00000)
 concurrent mark-sweep generation total 134144K, used 49853K [0x00000000f7d00000, 0x0000000100000000, 0x0000000100000000)
 Metaspace       used 65120K, capacity 69770K, committed 69888K, reserved 1110016K
  class space    used 8392K, capacity 9186K, committed 9216K, reserved 1048576K
2022-09-12T02:06:36.029+0800: 370.806: [GC (Allocation Failure)  153923K->51066K(249344K), 0.0040465 secs]
Heap after GC invocations=787 (full 0):
 par new generation   total 115200K, used 1197K [0x00000000f0000000, 0x00000000f7d00000, 0x00000000f7d00000)
  eden space 102400K,   0% used [0x00000000f0000000, 0x00000000f0000000, 0x00000000f6400000)
  from space 12800K,   9% used [0x00000000f7080000, 0x00000000f71ab680, 0x00000000f7d00000)
  to   space 12800K,   0% used [0x00000000f6400000, 0x00000000f6400000, 0x00000000f7080000)
 concurrent mark-sweep generation total 134144K, used 49868K [0x00000000f7d00000, 0x0000000100000000, 0x0000000100000000)
 Metaspace       used 65120K, capacity 69770K, committed 69888K, reserved 1110016K
  class space    used 8392K, capacity 9186K, committed 9216K, reserved 1048576K
}
{Heap before GC invocations=787 (full 0):
 par new generation   total 115200K, used 103597K [0x00000000f0000000, 0x00000000f7d00000, 0x00000000f7d00000)
  eden space 102400K, 100% used [0x00000000f0000000, 0x00000000f6400000, 0x00000000f6400000)
  from space 12800K,   9% used [0x00000000f7080000, 0x00000000f71ab680, 0x00000000f7d00000)
  to   space 12800K,   0% used [0x00000000f6400000, 0x00000000f6400000, 0x00000000f7080000)
 concurrent mark-sweep generation total 134144K, used 49868K [0x00000000f7d00000, 0x0000000100000000, 0x0000000100000000)
 Metaspace       used 65120K, capacity 69770K, committed 69888K, reserved 1110016K
  class space    used 8392K, capacity 9186K, committed 9216K, reserved 1048576K
2022-09-12T02:06:36.379+0800: 371.156: [GC (Allocation Failure)  153466K->51388K(249344K), 0.0040194 secs]
Heap after GC invocations=788 (full 0):
 par new generation   total 115200K, used 1505K [0x00000000f0000000, 0x00000000f7d00000, 0x00000000f7d00000)
  eden space 102400K,   0% used [0x00000000f0000000, 0x00000000f0000000, 0x00000000f6400000)
  from space 12800K,  11% used [0x00000000f6400000, 0x00000000f65785f8, 0x00000000f7080000)
  to   space 12800K,   0% used [0x00000000f7080000, 0x00000000f7080000, 0x00000000f7d00000)
 concurrent mark-sweep generation total 134144K, used 49882K [0x00000000f7d00000, 0x0000000100000000, 0x0000000100000000)
 Metaspace       used 65120K, capacity 69770K, committed 69888K, reserved 1110016K
  class space    used 8392K, capacity 9186K, committed 9216K, reserved 1048576K
}
{Heap before GC invocations=788 (full 0):
 par new generation   total 115200K, used 103905K [0x00000000f0000000, 0x00000000f7d00000, 0x00000000f7d00000)
  eden space 102400K, 100% used [0x00000000f0000000, 0x00000000f6400000, 0x00000000f6400000)
  from space 12800K,  11% used [0x00000000f6400000, 0x00000000f65785f8, 0x00000000f7080000)
  to   space 12800K,   0% used [0x00000000f7080000, 0x00000000f7080000, 0x00000000f7d00000)
 concurrent mark-sweep generation total 134144K, used 49882K [0x00000000f7d00000, 0x0000000100000000, 0x0000000100000000)
 Metaspace       used 65120K, capacity 69770K, committed 69888K, reserved 1110016K
  class space    used 8392K, capacity 9186K, committed 9216K, reserved 1048576K
2022-09-12T02:06:36.727+0800: 371.504: [GC (Allocation Failure)  153788K->51561K(249344K), 0.0040472 secs]
Heap after GC invocations=789 (full 0):
 par new generation   total 115200K, used 1660K [0x00000000f0000000, 0x00000000f7d00000, 0x00000000f7d00000)
  eden space 102400K,   0% used [0x00000000f0000000, 0x00000000f0000000, 0x00000000f6400000)
  from space 12800K,  12% used [0x00000000f7080000, 0x00000000f721f290, 0x00000000f7d00000)
  to   space 12800K,   0% used [0x00000000f6400000, 0x00000000f6400000, 0x00000000f7080000)
 concurrent mark-sweep generation total 134144K, used 49900K [0x00000000f7d00000, 0x0000000100000000, 0x0000000100000000)
 Metaspace       used 65120K, capacity 69770K, committed 69888K, reserved 1110016K
  class space    used 8392K, capacity 9186K, committed 9216K, reserved 1048576K
}
{Heap before GC invocations=789 (full 0):
 par new generation   total 115200K, used 104060K [0x00000000f0000000, 0x00000000f7d00000, 0x00000000f7d00000)
  eden space 102400K, 100% used [0x00000000f0000000, 0x00000000f6400000, 0x00000000f6400000)
  from space 12800K,  12% used [0x00000000f7080000, 0x00000000f721f290, 0x00000000f7d00000)
  to   space 12800K,   0% used [0x00000000f6400000, 0x00000000f6400000, 0x00000000f7080000)
 concurrent mark-sweep generation total 134144K, used 49900K [0x00000000f7d00000, 0x0000000100000000, 0x0000000100000000)
 Metaspace       used 65120K, capacity 69770K, committed 69888K, reserved 1110016K
  class space    used 8392K, capacity 9186K, committed 9216K, reserved 1048576K
2022-09-12T02:06:37.080+0800: 371.857: [GC (Allocation Failure)  153961K->51129K(249344K), 0.0039829 secs]
Heap after GC invocations=790 (full 0):
 par new generation   total 115200K, used 1207K [0x00000000f0000000, 0x00000000f7d00000, 0x00000000f7d00000)
  eden space 102400K,   0% used [0x00000000f0000000, 0x00000000f0000000, 0x00000000f6400000)
  from space 12800K,   9% used [0x00000000f6400000, 0x00000000f652dc80, 0x00000000f7080000)
  to   space 12800K,   0% used [0x00000000f7080000, 0x00000000f7080000, 0x00000000f7d00000)
 concurrent mark-sweep generation total 134144K, used 49922K [0x00000000f7d00000, 0x0000000100000000, 0x0000000100000000)
 Metaspace       used 65120K, capacity 69770K, committed 69888K, reserved 1110016K
  class space    used 8392K, capacity 9186K, committed 9216K, reserved 1048576K
}
{Heap before GC invocations=790 (full 0):
 par new generation   total 115200K, used 103607K [0x00000000f0000000, 0x00000000f7d00000, 0x00000000f7d00000)
  eden space 102400K, 100% used [0x00000000f0000000, 0x00000000f6400000, 0x00000000f6400000)
  from space 12800K,   9% used [0x00000000f6400000, 0x00000000f652dc80, 0x00000000f7080000)
  to   space 12800K,   0% used [0x00000000f7080000, 0x00000000f7080000, 0x00000000f7d00000)
 concurrent mark-sweep generation total 134144K, used 49922K [0x00000000f7d00000, 0x0000000100000000, 0x0000000100000000)
 Metaspace       used 65120K, capacity 69770K, committed 69888K, reserved 1110016K
  class space    used 8392K, capacity 9186K, committed 9216K, reserved 1048576K
2022-09-12T02:06:37.427+0800: 372.204: [GC (Allocation Failure)  153529K->51467K(249344K), 0.0040557 secs]
Heap after GC invocations=791 (full 0):
 par new generation   total 115200K, used 1525K [0x00000000f0000000, 0x00000000f7d00000, 0x00000000f7d00000)
  eden space 102400K,   0% used [0x00000000f0000000, 0x00000000f0000000, 0x00000000f6400000)
  from space 12800K,  11% used [0x00000000f7080000, 0x00000000f71fd678, 0x00000000f7d00000)
  to   space 12800K,   0% used [0x00000000f6400000, 0x00000000f6400000, 0x00000000f7080000)
 concurrent mark-sweep generation total 134144K, used 49941K [0x00000000f7d00000, 0x0000000100000000, 0x0000000100000000)
 Metaspace       used 65120K, capacity 69770K, committed 69888K, reserved 1110016K
  class space    used 8392K, capacity 9186K, committed 9216K, reserved 1048576K
}
{Heap before GC invocations=791 (full 0):
 par new generation   total 115200K, used 103925K [0x00000000f0000000, 0x00000000f7d00000, 0x00000000f7d00000)
  eden space 102400K, 100% used [0x00000000f0000000, 0x00000000f6400000, 0x00000000f6400000)
  from space 12800K,  11% used [0x00000000f7080000, 0x00000000f71fd678, 0x00000000f7d00000)
  to   space 12800K,   0% used [0x00000000f6400000, 0x00000000f6400000, 0x00000000f7080000)
 concurrent mark-sweep generation total 134144K, used 49941K [0x00000000f7d00000, 0x0000000100000000, 0x0000000100000000)
 Metaspace       used 65120K, capacity 69770K, committed 69888K, reserved 1110016K
  class space    used 8392K, capacity 9186K, committed 9216K, reserved 1048576K
2022-09-12T02:06:37.778+0800: 372.555: [GC (Allocation Failure)  153867K->51579K(249344K), 0.0039753 secs]
Heap after GC invocations=792 (full 0):
 par new generation   total 115200K, used 1626K [0x00000000f0000000, 0x00000000f7d00000, 0x00000000f7d00000)
  eden space 102400K,   0% used [0x00000000f0000000, 0x00000000f0000000, 0x00000000f6400000)
  from space 12800K,  12% used [0x00000000f6400000, 0x00000000f6596b60, 0x00000000f7080000)
  to   space 12800K,   0% used [0x00000000f7080000, 0x00000000f7080000, 0x00000000f7d00000)
 concurrent mark-sweep generation total 134144K, used 49953K [0x00000000f7d00000, 0x0000000100000000, 0x0000000100000000)
 Metaspace       used 65120K, capacity 69770K, committed 69888K, reserved 1110016K
  class space    used 8392K, capacity 9186K, committed 9216K, reserved 1048576K
}
{Heap before GC invocations=792 (full 0):
 par new generation   total 115200K, used 104026K [0x00000000f0000000, 0x00000000f7d00000, 0x00000000f7d00000)
  eden space 102400K, 100% used [0x00000000f0000000, 0x00000000f6400000, 0x00000000f6400000)
  from space 12800K,  12% used [0x00000000f6400000, 0x00000000f6596b60, 0x00000000f7080000)
  to   space 12800K,   0% used [0x00000000f7080000, 0x00000000f7080000, 0x00000000f7d00000)
 concurrent mark-sweep generation total 134144K, used 49953K [0x00000000f7d00000, 0x0000000100000000, 0x0000000100000000)
 Metaspace       used 65120K, capacity 69770K, committed 69888K, reserved 1110016K
  class space    used 8392K, capacity 9186K, committed 9216K, reserved 1048576K
2022-09-12T02:06:38.125+0800: 372.903: [GC (Allocation Failure)  153979K->51305K(249344K), 0.0040603 secs]
Heap after GC invocations=793 (full 0):
 par new generation   total 115200K, used 1332K [0x00000000f0000000, 0x00000000f7d00000, 0x00000000f7d00000)
  eden space 102400K,   0% used [0x00000000f0000000, 0x00000000f0000000, 0x00000000f6400000)
  from space 12800K,  10% used [0x00000000f7080000, 0x00000000f71cd3a8, 0x00000000f7d00000)
  to   space 12800K,   0% used [0x00000000f6400000, 0x00000000f6400000, 0x00000000f7080000)
 concurrent mark-sweep generation total 134144K, used 49972K [0x00000000f7d00000, 0x0000000100000000, 0x0000000100000000)
 Metaspace       used 65120K, capacity 69770K, committed 69888K, reserved 1110016K
  class space    used 8392K, capacity 9186K, committed 9216K, reserved 1048576K
}
{Heap before GC invocations=793 (full 0):
 par new generation   total 115200K, used 103732K [0x00000000f0000000, 0x00000000f7d00000, 0x00000000f7d00000)
  eden space 102400K, 100% used [0x00000000f0000000, 0x00000000f6400000, 0x00000000f6400000)
  from space 12800K,  10% used [0x00000000f7080000, 0x00000000f71cd3a8, 0x00000000f7d00000)
  to   space 12800K,   0% used [0x00000000f6400000, 0x00000000f6400000, 0x00000000f7080000)
 concurrent mark-sweep generation total 134144K, used 49972K [0x00000000f7d00000, 0x0000000100000000, 0x0000000100000000)
 Metaspace       used 65120K, capacity 69770K, committed 69888K, reserved 1110016K
  class space    used 8392K, capacity 9186K, committed 9216K, reserved 1048576K
2022-09-12T02:06:38.474+0800: 373.252: [GC (Allocation Failure)  153705K->51538K(249344K), 0.0040364 secs]
Heap after GC invocations=794 (full 0):
 par new generation   total 115200K, used 1556K [0x00000000f0000000, 0x00000000f7d00000, 0x00000000f7d00000)
  eden space 102400K,   0% used [0x00000000f0000000, 0x00000000f0000000, 0x00000000f6400000)
  from space 12800K,  12% used [0x00000000f6400000, 0x00000000f65853d0, 0x00000000f7080000)
  to   space 12800K,   0% used [0x00000000f7080000, 0x00000000f7080000, 0x00000000f7d00000)
 concurrent mark-sweep generation total 134144K, used 49981K [0x00000000f7d00000, 0x0000000100000000, 0x0000000100000000)
 Metaspace       used 65120K, capacity 69770K, committed 69888K, reserved 1110016K
  class space    used 8392K, capacity 9186K, committed 9216K, reserved 1048576K
}
{Heap before GC invocations=794 (full 0):
 par new generation   total 115200K, used 103956K [0x00000000f0000000, 0x00000000f7d00000, 0x00000000f7d00000)
  eden space 102400K, 100% used [0x00000000f0000000, 0x00000000f6400000, 0x00000000f6400000)
  from space 12800K,  12% used [0x00000000f6400000, 0x00000000f65853d0, 0x00000000f7080000)
  to   space 12800K,   0% used [0x00000000f7080000, 0x00000000f7080000, 0x00000000f7d00000)
 concurrent mark-sweep generation total 134144K, used 49981K [0x00000000f7d00000, 0x0000000100000000, 0x0000000100000000)
 Metaspace       used 65120K, capacity 69770K, committed 69888K, reserved 1110016K
  class space    used 8392K, capacity 9186K, committed 9216K, reserved 1048576K
2022-09-12T02:06:38.824+0800: 373.601: [GC (Allocation Failure)  153938K->51660K(249344K), 0.0040646 secs]
Heap after GC invocations=795 (full 0):
 par new generation   total 115200K, used 1662K [0x00000000f0000000, 0x00000000f7d00000, 0x00000000f7d00000)
  eden space 102400K,   0% used [0x00000000f0000000, 0x00000000f0000000, 0x00000000f6400000)
  from space 12800K,  12% used [0x00000000f7080000, 0x00000000f721faa8, 0x00000000f7d00000)
  to   space 12800K,   0% used [0x00000000f6400000, 0x00000000f6400000, 0x00000000f7080000)
 concurrent mark-sweep generation total 134144K, used 49997K [0x00000000f7d00000, 0x0000000100000000, 0x0000000100000000)
 Metaspace       used 65120K, capacity 69770K, committed 69888K, reserved 1110016K
  class space    used 8392K, capacity 9186K, committed 9216K, reserved 1048576K
}
{Heap before GC invocations=795 (full 0):
 par new generation   total 115200K, used 104062K [0x00000000f0000000, 0x00000000f7d00000, 0x00000000f7d00000)
  eden space 102400K, 100% used [0x00000000f0000000, 0x00000000f6400000, 0x00000000f6400000)
  from space 12800K,  12% used [0x00000000f7080000, 0x00000000f721faa8, 0x00000000f7d00000)
  to   space 12800K,   0% used [0x00000000f6400000, 0x00000000f6400000, 0x00000000f7080000)
 concurrent mark-sweep generation total 134144K, used 49997K [0x00000000f7d00000, 0x0000000100000000, 0x0000000100000000)
 Metaspace       used 65120K, capacity 69770K, committed 69888K, reserved 1110016K
  class space    used 8392K, capacity 9186K, committed 9216K, reserved 1048576K
2022-09-12T02:06:39.172+0800: 373.949: [GC (Allocation Failure)  154060K->51220K(249344K), 0.0039941 secs]
Heap after GC invocations=796 (full 0):
 par new generation   total 115200K, used 1207K [0x00000000f0000000, 0x00000000f7d00000, 0x00000000f7d00000)
  eden space 102400K,   0% used [0x00000000f0000000, 0x00000000f0000000, 0x00000000f6400000)
  from space 12800K,   9% used [0x00000000f6400000, 0x00000000f652dec0, 0x00000000f7080000)
  to   space 12800K,   0% used [0x00000000f7080000, 0x00000000f7080000, 0x00000000f7d00000)
 concurrent mark-sweep generation total 134144K, used 50013K [0x00000000f7d00000, 0x0000000100000000, 0x0000000100000000)
 Metaspace       used 65120K, capacity 69770K, committed 69888K, reserved 1110016K
  class space    used 8392K, capacity 9186K, committed 9216K, reserved 1048576K
}
{Heap before GC invocations=796 (full 0):
 par new generation   total 115200K, used 103607K [0x00000000f0000000, 0x00000000f7d00000, 0x00000000f7d00000)
  eden space 102400K, 100% used [0x00000000f0000000, 0x00000000f6400000, 0x00000000f6400000)
  from space 12800K,   9% used [0x00000000f6400000, 0x00000000f652dec0, 0x00000000f7080000)
  to   space 12800K,   0% used [0x00000000f7080000, 0x00000000f7080000, 0x00000000f7d00000)
 concurrent mark-sweep generation total 134144K, used 50013K [0x00000000f7d00000, 0x0000000100000000, 0x0000000100000000)
 Metaspace       used 65120K, capacity 69770K, committed 69888K, reserved 1110016K
  class space    used 8392K, capacity 9186K, committed 9216K, reserved 1048576K
2022-09-12T02:06:39.520+0800: 374.297: [GC (Allocation Failure)  153620K->51565K(249344K), 0.0039951 secs]
Heap after GC invocations=797 (full 0):
 par new generation   total 115200K, used 1538K [0x00000000f0000000, 0x00000000f7d00000, 0x00000000f7d00000)
  eden space 102400K,   0% used [0x00000000f0000000, 0x00000000f0000000, 0x00000000f6400000)
  from space 12800K,  12% used [0x00000000f7080000, 0x00000000f7200900, 0x00000000f7d00000)
  to   space 12800K,   0% used [0x00000000f6400000, 0x00000000f6400000, 0x00000000f7080000)
 concurrent mark-sweep generation total 134144K, used 50027K [0x00000000f7d00000, 0x0000000100000000, 0x0000000100000000)
 Metaspace       used 65120K, capacity 69770K, committed 69888K, reserved 1110016K
  class space    used 8392K, capacity 9186K, committed 9216K, reserved 1048576K
}
{Heap before GC invocations=797 (full 0):
 par new generation   total 115200K, used 103938K [0x00000000f0000000, 0x00000000f7d00000, 0x00000000f7d00000)
  eden space 102400K, 100% used [0x00000000f0000000, 0x00000000f6400000, 0x00000000f6400000)
  from space 12800K,  12% used [0x00000000f7080000, 0x00000000f7200900, 0x00000000f7d00000)
  to   space 12800K,   0% used [0x00000000f6400000, 0x00000000f6400000, 0x00000000f7080000)
 concurrent mark-sweep generation total 134144K, used 50027K [0x00000000f7d00000, 0x0000000100000000, 0x0000000100000000)
 Metaspace       used 65120K, capacity 69770K, committed 69888K, reserved 1110016K
  class space    used 8392K, capacity 9186K, committed 9216K, reserved 1048576K
2022-09-12T02:06:39.868+0800: 374.645: [GC (Allocation Failure)  153965K->51708K(249344K), 0.0040690 secs]
Heap after GC invocations=798 (full 0):
 par new generation   total 115200K, used 1656K [0x00000000f0000000, 0x00000000f7d00000, 0x00000000f7d00000)
  eden space 102400K,   0% used [0x00000000f0000000, 0x00000000f0000000, 0x00000000f6400000)
  from space 12800K,  12% used [0x00000000f6400000, 0x00000000f659e340, 0x00000000f7080000)
  to   space 12800K,   0% used [0x00000000f7080000, 0x00000000f7080000, 0x00000000f7d00000)
 concurrent mark-sweep generation total 134144K, used 50051K [0x00000000f7d00000, 0x0000000100000000, 0x0000000100000000)
 Metaspace       used 65120K, capacity 69770K, committed 69888K, reserved 1110016K
  class space    used 8392K, capacity 9186K, committed 9216K, reserved 1048576K
}
{Heap before GC invocations=798 (full 0):
 par new generation   total 115200K, used 104056K [0x00000000f0000000, 0x00000000f7d00000, 0x00000000f7d00000)
  eden space 102400K, 100% used [0x00000000f0000000, 0x00000000f6400000, 0x00000000f6400000)
  from space 12800K,  12% used [0x00000000f6400000, 0x00000000f659e340, 0x00000000f7080000)
  to   space 12800K,   0% used [0x00000000f7080000, 0x00000000f7080000, 0x00000000f7d00000)
 concurrent mark-sweep generation total 134144K, used 50051K [0x00000000f7d00000, 0x0000000100000000, 0x0000000100000000)
 Metaspace       used 65120K, capacity 69770K, committed 69888K, reserved 1110016K
  class space    used 8392K, capacity 9186K, committed 9216K, reserved 1048576K
2022-09-12T02:06:40.216+0800: 374.994: [GC (Allocation Failure)  154108K->51250K(249344K), 0.0040391 secs]
Heap after GC invocations=799 (full 0):
 par new generation   total 115200K, used 1181K [0x00000000f0000000, 0x00000000f7d00000, 0x00000000f7d00000)
  eden space 102400K,   0% used [0x00000000f0000000, 0x00000000f0000000, 0x00000000f6400000)
  from space 12800K,   9% used [0x00000000f7080000, 0x00000000f71a7480, 0x00000000f7d00000)
  to   space 12800K,   0% used [0x00000000f6400000, 0x00000000f6400000, 0x00000000f7080000)
 concurrent mark-sweep generation total 134144K, used 50069K [0x00000000f7d00000, 0x0000000100000000, 0x0000000100000000)
 Metaspace       used 65120K, capacity 69770K, committed 69888K, reserved 1110016K
  class space    used 8392K, capacity 9186K, committed 9216K, reserved 1048576K
}
{Heap before GC invocations=799 (full 0):
 par new generation   total 115200K, used 103581K [0x00000000f0000000, 0x00000000f7d00000, 0x00000000f7d00000)
  eden space 102400K, 100% used [0x00000000f0000000, 0x00000000f6400000, 0x00000000f6400000)
  from space 12800K,   9% used [0x00000000f7080000, 0x00000000f71a7480, 0x00000000f7d00000)
  to   space 12800K,   0% used [0x00000000f6400000, 0x00000000f6400000, 0x00000000f7080000)
 concurrent mark-sweep generation total 134144K, used 50069K [0x00000000f7d00000, 0x0000000100000000, 0x0000000100000000)
 Metaspace       used 65120K, capacity 69770K, committed 69888K, reserved 1110016K
  class space    used 8392K, capacity 9186K, committed 9216K, reserved 1048576K
2022-09-12T02:06:40.571+0800: 375.348: [GC (Allocation Failure)  153650K->51565K(249344K), 0.0040718 secs]
Heap after GC invocations=800 (full 0):
 par new generation   total 115200K, used 1484K [0x00000000f0000000, 0x00000000f7d00000, 0x00000000f7d00000)
  eden space 102400K,   0% used [0x00000000f0000000, 0x00000000f0000000, 0x00000000f6400000)
  from space 12800K,  11% used [0x00000000f6400000, 0x00000000f6573268, 0x00000000f7080000)
  to   space 12800K,   0% used [0x00000000f7080000, 0x00000000f7080000, 0x00000000f7d00000)
 concurrent mark-sweep generation total 134144K, used 50080K [0x00000000f7d00000, 0x0000000100000000, 0x0000000100000000)
 Metaspace       used 65120K, capacity 69770K, committed 69888K, reserved 1110016K
  class space    used 8392K, capacity 9186K, committed 9216K, reserved 1048576K
}
{Heap before GC invocations=800 (full 0):
 par new generation   total 115200K, used 103884K [0x00000000f0000000, 0x00000000f7d00000, 0x00000000f7d00000)
  eden space 102400K, 100% used [0x00000000f0000000, 0x00000000f6400000, 0x00000000f6400000)
  from space 12800K,  11% used [0x00000000f6400000, 0x00000000f6573268, 0x00000000f7080000)
  to   space 12800K,   0% used [0x00000000f7080000, 0x00000000f7080000, 0x00000000f7d00000)
 concurrent mark-sweep generation total 134144K, used 50080K [0x00000000f7d00000, 0x0000000100000000, 0x0000000100000000)
 Metaspace       used 65120K, capacity 69770K, committed 69888K, reserved 1110016K
  class space    used 8392K, capacity 9186K, committed 9216K, reserved 1048576K
2022-09-12T02:06:40.919+0800: 375.696: [GC (Allocation Failure)  153965K->51720K(249344K), 0.0040023 secs]
Heap after GC invocations=801 (full 0):
 par new generation   total 115200K, used 1619K [0x00000000f0000000, 0x00000000f7d00000, 0x00000000f7d00000)
  eden space 102400K,   0% used [0x00000000f0000000, 0x00000000f0000000, 0x00000000f6400000)
  from space 12800K,  12% used [0x00000000f7080000, 0x00000000f7214c88, 0x00000000f7d00000)
  to   space 12800K,   0% used [0x00000000f6400000, 0x00000000f6400000, 0x00000000f7080000)
 concurrent mark-sweep generation total 134144K, used 50101K [0x00000000f7d00000, 0x0000000100000000, 0x0000000100000000)
 Metaspace       used 65120K, capacity 69770K, committed 69888K, reserved 1110016K
  class space    used 8392K, capacity 9186K, committed 9216K, reserved 1048576K
}
{Heap before GC invocations=801 (full 0):
 par new generation   total 115200K, used 104019K [0x00000000f0000000, 0x00000000f7d00000, 0x00000000f7d00000)
  eden space 102400K, 100% used [0x00000000f0000000, 0x00000000f6400000, 0x00000000f6400000)
  from space 12800K,  12% used [0x00000000f7080000, 0x00000000f7214c88, 0x00000000f7d00000)
  to   space 12800K,   0% used [0x00000000f6400000, 0x00000000f6400000, 0x00000000f7080000)
 concurrent mark-sweep generation total 134144K, used 50101K [0x00000000f7d00000, 0x0000000100000000, 0x0000000100000000)
 Metaspace       used 65120K, capacity 69770K, committed 69888K, reserved 1110016K
  class space    used 8392K, capacity 9186K, committed 9216K, reserved 1048576K
2022-09-12T02:06:41.270+0800: 376.047: [GC (Allocation Failure)  154120K->51432K(249344K), 0.0040299 secs]
Heap after GC invocations=802 (full 0):
 par new generation   total 115200K, used 1318K [0x00000000f0000000, 0x00000000f7d00000, 0x00000000f7d00000)
  eden space 102400K,   0% used [0x00000000f0000000, 0x00000000f0000000, 0x00000000f6400000)
  from space 12800K,  10% used [0x00000000f6400000, 0x00000000f6549b68, 0x00000000f7080000)
  to   space 12800K,   0% used [0x00000000f7080000, 0x00000000f7080000, 0x00000000f7d00000)
 concurrent mark-sweep generation total 134144K, used 50113K [0x00000000f7d00000, 0x0000000100000000, 0x0000000100000000)
 Metaspace       used 65120K, capacity 69770K, committed 69888K, reserved 1110016K
  class space    used 8392K, capacity 9186K, committed 9216K, reserved 1048576K
}
{Heap before GC invocations=802 (full 0):
 par new generation   total 115200K, used 103718K [0x00000000f0000000, 0x00000000f7d00000, 0x00000000f7d00000)
  eden space 102400K, 100% used [0x00000000f0000000, 0x00000000f6400000, 0x00000000f6400000)
  from space 12800K,  10% used [0x00000000f6400000, 0x00000000f6549b68, 0x00000000f7080000)
  to   space 12800K,   0% used [0x00000000f7080000, 0x00000000f7080000, 0x00000000f7d00000)
 concurrent mark-sweep generation total 134144K, used 50113K [0x00000000f7d00000, 0x0000000100000000, 0x0000000100000000)
 Metaspace       used 65120K, capacity 69770K, committed 69888K, reserved 1110016K
  class space    used 8392K, capacity 9186K, committed 9216K, reserved 1048576K
2022-09-12T02:06:41.618+0800: 376.395: [GC (Allocation Failure)  153832K->51625K(249344K), 0.0039950 secs]
Heap after GC invocations=803 (full 0):
 par new generation   total 115200K, used 1500K [0x00000000f0000000, 0x00000000f7d00000, 0x00000000f7d00000)
  eden space 102400K,   0% used [0x00000000f0000000, 0x00000000f0000000, 0x00000000f6400000)
  from space 12800K,  11% used [0x00000000f7080000, 0x00000000f71f70f8, 0x00000000f7d00000)
  to   space 12800K,   0% used [0x00000000f6400000, 0x00000000f6400000, 0x00000000f7080000)
 concurrent mark-sweep generation total 134144K, used 50125K [0x00000000f7d00000, 0x0000000100000000, 0x0000000100000000)
 Metaspace       used 65120K, capacity 69770K, committed 69888K, reserved 1110016K
  class space    used 8392K, capacity 9186K, committed 9216K, reserved 1048576K
}
{Heap before GC invocations=803 (full 0):
 par new generation   total 115200K, used 103900K [0x00000000f0000000, 0x00000000f7d00000, 0x00000000f7d00000)
  eden space 102400K, 100% used [0x00000000f0000000, 0x00000000f6400000, 0x00000000f6400000)
  from space 12800K,  11% used [0x00000000f7080000, 0x00000000f71f70f8, 0x00000000f7d00000)
  to   space 12800K,   0% used [0x00000000f6400000, 0x00000000f6400000, 0x00000000f7080000)
 concurrent mark-sweep generation total 134144K, used 50125K [0x00000000f7d00000, 0x0000000100000000, 0x0000000100000000)
 Metaspace       used 65120K, capacity 69770K, committed 69888K, reserved 1110016K
  class space    used 8392K, capacity 9186K, committed 9216K, reserved 1048576K
2022-09-12T02:06:41.971+0800: 376.748: [GC (Allocation Failure)  154025K->51780K(249344K), 0.0041156 secs]
Heap after GC invocations=804 (full 0):
 par new generation   total 115200K, used 1638K [0x00000000f0000000, 0x00000000f7d00000, 0x00000000f7d00000)
  eden space 102400K,   0% used [0x00000000f0000000, 0x00000000f0000000, 0x00000000f6400000)
  from space 12800K,  12% used [0x00000000f6400000, 0x00000000f6599b80, 0x00000000f7080000)
  to   space 12800K,   0% used [0x00000000f7080000, 0x00000000f7080000, 0x00000000f7d00000)
 concurrent mark-sweep generation total 134144K, used 50141K [0x00000000f7d00000, 0x0000000100000000, 0x0000000100000000)
 Metaspace       used 65120K, capacity 69770K, committed 69888K, reserved 1110016K
  class space    used 8392K, capacity 9186K, committed 9216K, reserved 1048576K
}
{Heap before GC invocations=804 (full 0):
 par new generation   total 115200K, used 104038K [0x00000000f0000000, 0x00000000f7d00000, 0x00000000f7d00000)
  eden space 102400K, 100% used [0x00000000f0000000, 0x00000000f6400000, 0x00000000f6400000)
  from space 12800K,  12% used [0x00000000f6400000, 0x00000000f6599b80, 0x00000000f7080000)
  to   space 12800K,   0% used [0x00000000f7080000, 0x00000000f7080000, 0x00000000f7d00000)
 concurrent mark-sweep generation total 134144K, used 50141K [0x00000000f7d00000, 0x0000000100000000, 0x0000000100000000)
 Metaspace       used 65120K, capacity 69770K, committed 69888K, reserved 1110016K
  class space    used 8392K, capacity 9186K, committed 9216K, reserved 1048576K
2022-09-12T02:06:42.319+0800: 377.096: [GC (Allocation Failure)  154180K->51358K(249344K), 0.0039964 secs]
Heap after GC invocations=805 (full 0):
 par new generation   total 115200K, used 1203K [0x00000000f0000000, 0x00000000f7d00000, 0x00000000f7d00000)
  eden space 102400K,   0% used [0x00000000f0000000, 0x00000000f0000000, 0x00000000f6400000)
  from space 12800K,   9% used [0x00000000f7080000, 0x00000000f71acf80, 0x00000000f7d00000)
  to   space 12800K,   0% used [0x00000000f6400000, 0x00000000f6400000, 0x00000000f7080000)
 concurrent mark-sweep generation total 134144K, used 50154K [0x00000000f7d00000, 0x0000000100000000, 0x0000000100000000)
 Metaspace       used 65120K, capacity 69770K, committed 69888K, reserved 1110016K
  class space    used 8392K, capacity 9186K, committed 9216K, reserved 1048576K
}
{Heap before GC invocations=805 (full 0):
 par new generation   total 115200K, used 103603K [0x00000000f0000000, 0x00000000f7d00000, 0x00000000f7d00000)
  eden space 102400K, 100% used [0x00000000f0000000, 0x00000000f6400000, 0x00000000f6400000)
  from space 12800K,   9% used [0x00000000f7080000, 0x00000000f71acf80, 0x00000000f7d00000)
  to   space 12800K,   0% used [0x00000000f6400000, 0x00000000f6400000, 0x00000000f7080000)
 concurrent mark-sweep generation total 134144K, used 50154K [0x00000000f7d00000, 0x0000000100000000, 0x0000000100000000)
 Metaspace       used 65120K, capacity 69770K, committed 69888K, reserved 1110016K
  class space    used 8392K, capacity 9186K, committed 9216K, reserved 1048576K
2022-09-12T02:06:42.671+0800: 377.448: [GC (Allocation Failure)  153758K->51681K(249344K), 0.0041097 secs]
Heap after GC invocations=806 (full 0):
 par new generation   total 115200K, used 1502K [0x00000000f0000000, 0x00000000f7d00000, 0x00000000f7d00000)
  eden space 102400K,   0% used [0x00000000f0000000, 0x00000000f0000000, 0x00000000f6400000)
  from space 12800K,  11% used [0x00000000f6400000, 0x00000000f65778d8, 0x00000000f7080000)
  to   space 12800K,   0% used [0x00000000f7080000, 0x00000000f7080000, 0x00000000f7d00000)
 concurrent mark-sweep generation total 134144K, used 50178K [0x00000000f7d00000, 0x0000000100000000, 0x0000000100000000)
 Metaspace       used 65120K, capacity 69770K, committed 69888K, reserved 1110016K
  class space    used 8392K, capacity 9186K, committed 9216K, reserved 1048576K
}
{Heap before GC invocations=806 (full 0):
 par new generation   total 115200K, used 103902K [0x00000000f0000000, 0x00000000f7d00000, 0x00000000f7d00000)
  eden space 102400K, 100% used [0x00000000f0000000, 0x00000000f6400000, 0x00000000f6400000)
  from space 12800K,  11% used [0x00000000f6400000, 0x00000000f65778d8, 0x00000000f7080000)
  to   space 12800K,   0% used [0x00000000f7080000, 0x00000000f7080000, 0x00000000f7d00000)
 concurrent mark-sweep generation total 134144K, used 50178K [0x00000000f7d00000, 0x0000000100000000, 0x0000000100000000)
 Metaspace       used 65120K, capacity 69770K, committed 69888K, reserved 1110016K
  class space    used 8392K, capacity 9186K, committed 9216K, reserved 1048576K
2022-09-12T02:06:43.022+0800: 377.799: [GC (Allocation Failure)  154081K->51812K(249344K), 0.0040823 secs]
Heap after GC invocations=807 (full 0):
 par new generation   total 115200K, used 1614K [0x00000000f0000000, 0x00000000f7d00000, 0x00000000f7d00000)
  eden space 102400K,   0% used [0x00000000f0000000, 0x00000000f0000000, 0x00000000f6400000)
  from space 12800K,  12% used [0x00000000f7080000, 0x00000000f72139b8, 0x00000000f7d00000)
  to   space 12800K,   0% used [0x00000000f6400000, 0x00000000f6400000, 0x00000000f7080000)
 concurrent mark-sweep generation total 134144K, used 50198K [0x00000000f7d00000, 0x0000000100000000, 0x0000000100000000)
 Metaspace       used 65120K, capacity 69770K, committed 69888K, reserved 1110016K
  class space    used 8392K, capacity 9186K, committed 9216K, reserved 1048576K
}
{Heap before GC invocations=807 (full 0):
 par new generation   total 115200K, used 104014K [0x00000000f0000000, 0x00000000f7d00000, 0x00000000f7d00000)
  eden space 102400K, 100% used [0x00000000f0000000, 0x00000000f6400000, 0x00000000f6400000)
  from space 12800K,  12% used [0x00000000f7080000, 0x00000000f72139b8, 0x00000000f7d00000)
  to   space 12800K,   0% used [0x00000000f6400000, 0x00000000f6400000, 0x00000000f7080000)
 concurrent mark-sweep generation total 134144K, used 50198K [0x00000000f7d00000, 0x0000000100000000, 0x0000000100000000)
 Metaspace       used 65120K, capacity 69770K, committed 69888K, reserved 1110016K
  class space    used 8392K, capacity 9186K, committed 9216K, reserved 1048576K
2022-09-12T02:06:43.370+0800: 378.148: [GC (Allocation Failure)  154212K->51397K(249344K), 0.0042833 secs]
Heap after GC invocations=808 (full 0):
 par new generation   total 115200K, used 1185K [0x00000000f0000000, 0x00000000f7d00000, 0x00000000f7d00000)
  eden space 102400K,   0% used [0x00000000f0000000, 0x00000000f0000000, 0x00000000f6400000)
  from space 12800K,   9% used [0x00000000f6400000, 0x00000000f65285c0, 0x00000000f7080000)
  to   space 12800K,   0% used [0x00000000f7080000, 0x00000000f7080000, 0x00000000f7d00000)
 concurrent mark-sweep generation total 134144K, used 50212K [0x00000000f7d00000, 0x0000000100000000, 0x0000000100000000)
 Metaspace       used 65120K, capacity 69770K, committed 69888K, reserved 1110016K
  class space    used 8392K, capacity 9186K, committed 9216K, reserved 1048576K
}
{Heap before GC invocations=808 (full 0):
 par new generation   total 115200K, used 103585K [0x00000000f0000000, 0x00000000f7d00000, 0x00000000f7d00000)
  eden space 102400K, 100% used [0x00000000f0000000, 0x00000000f6400000, 0x00000000f6400000)
  from space 12800K,   9% used [0x00000000f6400000, 0x00000000f65285c0, 0x00000000f7080000)
  to   space 12800K,   0% used [0x00000000f7080000, 0x00000000f7080000, 0x00000000f7d00000)
 concurrent mark-sweep generation total 134144K, used 50212K [0x00000000f7d00000, 0x0000000100000000, 0x0000000100000000)
 Metaspace       used 65120K, capacity 69770K, committed 69888K, reserved 1110016K
  class space    used 8392K, capacity 9186K, committed 9216K, reserved 1048576K
2022-09-12T02:06:43.725+0800: 378.502: [GC (Allocation Failure)  153797K->51754K(249344K), 0.0040718 secs]
Heap after GC invocations=809 (full 0):
 par new generation   total 115200K, used 1528K [0x00000000f0000000, 0x00000000f7d00000, 0x00000000f7d00000)
  eden space 102400K,   0% used [0x00000000f0000000, 0x00000000f0000000, 0x00000000f6400000)
  from space 12800K,  11% used [0x00000000f7080000, 0x00000000f71fe018, 0x00000000f7d00000)
  to   space 12800K,   0% used [0x00000000f6400000, 0x00000000f6400000, 0x00000000f7080000)
 concurrent mark-sweep generation total 134144K, used 50226K [0x00000000f7d00000, 0x0000000100000000, 0x0000000100000000)
 Metaspace       used 65120K, capacity 69770K, committed 69888K, reserved 1110016K
  class space    used 8392K, capacity 9186K, committed 9216K, reserved 1048576K
}
{Heap before GC invocations=809 (full 0):
 par new generation   total 115200K, used 103928K [0x00000000f0000000, 0x00000000f7d00000, 0x00000000f7d00000)
  eden space 102400K, 100% used [0x00000000f0000000, 0x00000000f6400000, 0x00000000f6400000)
  from space 12800K,  11% used [0x00000000f7080000, 0x00000000f71fe018, 0x00000000f7d00000)
  to   space 12800K,   0% used [0x00000000f6400000, 0x00000000f6400000, 0x00000000f7080000)
 concurrent mark-sweep generation total 134144K, used 50226K [0x00000000f7d00000, 0x0000000100000000, 0x0000000100000000)
 Metaspace       used 65120K, capacity 69770K, committed 69888K, reserved 1110016K
  class space    used 8392K, capacity 9186K, committed 9216K, reserved 1048576K
2022-09-12T02:06:44.074+0800: 378.851: [GC (Allocation Failure)  154154K->51852K(249344K), 0.0041456 secs]
Heap after GC invocations=810 (full 0):
 par new generation   total 115200K, used 1608K [0x00000000f0000000, 0x00000000f7d00000, 0x00000000f7d00000)
  eden space 102400K,   0% used [0x00000000f0000000, 0x00000000f0000000, 0x00000000f6400000)
  from space 12800K,  12% used [0x00000000f6400000, 0x00000000f65922c0, 0x00000000f7080000)
  to   space 12800K,   0% used [0x00000000f7080000, 0x00000000f7080000, 0x00000000f7d00000)
 concurrent mark-sweep generation total 134144K, used 50243K [0x00000000f7d00000, 0x0000000100000000, 0x0000000100000000)
 Metaspace       used 65120K, capacity 69770K, committed 69888K, reserved 1110016K
  class space    used 8392K, capacity 9186K, committed 9216K, reserved 1048576K
}
{Heap before GC invocations=810 (full 0):
 par new generation   total 115200K, used 104008K [0x00000000f0000000, 0x00000000f7d00000, 0x00000000f7d00000)
  eden space 102400K, 100% used [0x00000000f0000000, 0x00000000f6400000, 0x00000000f6400000)
  from space 12800K,  12% used [0x00000000f6400000, 0x00000000f65922c0, 0x00000000f7080000)
  to   space 12800K,   0% used [0x00000000f7080000, 0x00000000f7080000, 0x00000000f7d00000)
 concurrent mark-sweep generation total 134144K, used 50243K [0x00000000f7d00000, 0x0000000100000000, 0x0000000100000000)
 Metaspace       used 65120K, capacity 69770K, committed 69888K, reserved 1110016K
  class space    used 8392K, capacity 9186K, committed 9216K, reserved 1048576K
2022-09-12T02:06:44.423+0800: 379.200: [GC (Allocation Failure)  154252K->51932K(249344K), 0.0040410 secs]
Heap after GC invocations=811 (full 0):
 par new generation   total 115200K, used 1677K [0x00000000f0000000, 0x00000000f7d00000, 0x00000000f7d00000)
  eden space 102400K,   0% used [0x00000000f0000000, 0x00000000f0000000, 0x00000000f6400000)
  from space 12800K,  13% used [0x00000000f7080000, 0x00000000f7223698, 0x00000000f7d00000)
  to   space 12800K,   0% used [0x00000000f6400000, 0x00000000f6400000, 0x00000000f7080000)
 concurrent mark-sweep generation total 134144K, used 50254K [0x00000000f7d00000, 0x0000000100000000, 0x0000000100000000)
 Metaspace       used 65120K, capacity 69770K, committed 69888K, reserved 1110016K
  class space    used 8392K, capacity 9186K, committed 9216K, reserved 1048576K
}
{Heap before GC invocations=811 (full 0):
 par new generation   total 115200K, used 104077K [0x00000000f0000000, 0x00000000f7d00000, 0x00000000f7d00000)
  eden space 102400K, 100% used [0x00000000f0000000, 0x00000000f6400000, 0x00000000f6400000)
  from space 12800K,  13% used [0x00000000f7080000, 0x00000000f7223698, 0x00000000f7d00000)
  to   space 12800K,   0% used [0x00000000f6400000, 0x00000000f6400000, 0x00000000f7080000)
 concurrent mark-sweep generation total 134144K, used 50254K [0x00000000f7d00000, 0x0000000100000000, 0x0000000100000000)
 Metaspace       used 65120K, capacity 69770K, committed 69888K, reserved 1110016K
  class space    used 8392K, capacity 9186K, committed 9216K, reserved 1048576K
2022-09-12T02:06:44.771+0800: 379.549: [GC (Allocation Failure)  154332K->51457K(249344K), 0.0040914 secs]
Heap after GC invocations=812 (full 0):
 par new generation   total 115200K, used 1186K [0x00000000f0000000, 0x00000000f7d00000, 0x00000000f7d00000)
  eden space 102400K,   0% used [0x00000000f0000000, 0x00000000f0000000, 0x00000000f6400000)
  from space 12800K,   9% used [0x00000000f6400000, 0x00000000f6528980, 0x00000000f7080000)
  to   space 12800K,   0% used [0x00000000f7080000, 0x00000000f7080000, 0x00000000f7d00000)
 concurrent mark-sweep generation total 134144K, used 50271K [0x00000000f7d00000, 0x0000000100000000, 0x0000000100000000)
 Metaspace       used 65120K, capacity 69770K, committed 69888K, reserved 1110016K
  class space    used 8392K, capacity 9186K, committed 9216K, reserved 1048576K
}
{Heap before GC invocations=812 (full 0):
 par new generation   total 115200K, used 103586K [0x00000000f0000000, 0x00000000f7d00000, 0x00000000f7d00000)
  eden space 102400K, 100% used [0x00000000f0000000, 0x00000000f6400000, 0x00000000f6400000)
  from space 12800K,   9% used [0x00000000f6400000, 0x00000000f6528980, 0x00000000f7080000)
  to   space 12800K,   0% used [0x00000000f7080000, 0x00000000f7080000, 0x00000000f7d00000)
 concurrent mark-sweep generation total 134144K, used 50271K [0x00000000f7d00000, 0x0000000100000000, 0x0000000100000000)
 Metaspace       used 65120K, capacity 69770K, committed 69888K, reserved 1110016K
  class space    used 8392K, capacity 9186K, committed 9216K, reserved 1048576K
2022-09-12T02:06:45.120+0800: 379.897: [GC (Allocation Failure)  153857K->51801K(249344K), 0.0041301 secs]
Heap after GC invocations=813 (full 0):
 par new generation   total 115200K, used 1512K [0x00000000f0000000, 0x00000000f7d00000, 0x00000000f7d00000)
  eden space 102400K,   0% used [0x00000000f0000000, 0x00000000f0000000, 0x00000000f6400000)
  from space 12800K,  11% used [0x00000000f7080000, 0x00000000f71fa3b8, 0x00000000f7d00000)
  to   space 12800K,   0% used [0x00000000f6400000, 0x00000000f6400000, 0x00000000f7080000)
 concurrent mark-sweep generation total 134144K, used 50288K [0x00000000f7d00000, 0x0000000100000000, 0x0000000100000000)
 Metaspace       used 65120K, capacity 69770K, committed 69888K, reserved 1110016K
  class space    used 8392K, capacity 9186K, committed 9216K, reserved 1048576K
}
{Heap before GC invocations=813 (full 0):
 par new generation   total 115200K, used 103912K [0x00000000f0000000, 0x00000000f7d00000, 0x00000000f7d00000)
  eden space 102400K, 100% used [0x00000000f0000000, 0x00000000f6400000, 0x00000000f6400000)
  from space 12800K,  11% used [0x00000000f7080000, 0x00000000f71fa3b8, 0x00000000f7d00000)
  to   space 12800K,   0% used [0x00000000f6400000, 0x00000000f6400000, 0x00000000f7080000)
 concurrent mark-sweep generation total 134144K, used 50288K [0x00000000f7d00000, 0x0000000100000000, 0x0000000100000000)
 Metaspace       used 65120K, capacity 69770K, committed 69888K, reserved 1110016K
  class space    used 8392K, capacity 9186K, committed 9216K, reserved 1048576K
2022-09-12T02:06:45.469+0800: 380.246: [GC (Allocation Failure)  154201K->51974K(249344K), 0.0041205 secs]
Heap after GC invocations=814 (full 0):
 par new generation   total 115200K, used 1662K [0x00000000f0000000, 0x00000000f7d00000, 0x00000000f7d00000)
  eden space 102400K,   0% used [0x00000000f0000000, 0x00000000f0000000, 0x00000000f6400000)
  from space 12800K,  12% used [0x00000000f6400000, 0x00000000f659f808, 0x00000000f7080000)
  to   space 12800K,   0% used [0x00000000f7080000, 0x00000000f7080000, 0x00000000f7d00000)
 concurrent mark-sweep generation total 134144K, used 50312K [0x00000000f7d00000, 0x0000000100000000, 0x0000000100000000)
 Metaspace       used 65120K, capacity 69770K, committed 69888K, reserved 1110016K
  class space    used 8392K, capacity 9186K, committed 9216K, reserved 1048576K
}
{Heap before GC invocations=814 (full 0):
 par new generation   total 115200K, used 104062K [0x00000000f0000000, 0x00000000f7d00000, 0x00000000f7d00000)
  eden space 102400K, 100% used [0x00000000f0000000, 0x00000000f6400000, 0x00000000f6400000)
  from space 12800K,  12% used [0x00000000f6400000, 0x00000000f659f808, 0x00000000f7080000)
  to   space 12800K,   0% used [0x00000000f7080000, 0x00000000f7080000, 0x00000000f7d00000)
 concurrent mark-sweep generation total 134144K, used 50312K [0x00000000f7d00000, 0x0000000100000000, 0x0000000100000000)
 Metaspace       used 65120K, capacity 69770K, committed 69888K, reserved 1110016K
  class space    used 8392K, capacity 9186K, committed 9216K, reserved 1048576K
2022-09-12T02:06:45.825+0800: 380.603: [GC (Allocation Failure)  154374K->51681K(249344K), 0.0040167 secs]
Heap after GC invocations=815 (full 0):
 par new generation   total 115200K, used 1355K [0x00000000f0000000, 0x00000000f7d00000, 0x00000000f7d00000)
  eden space 102400K,   0% used [0x00000000f0000000, 0x00000000f0000000, 0x00000000f6400000)
  from space 12800K,  10% used [0x00000000f7080000, 0x00000000f71d2cd0, 0x00000000f7d00000)
  to   space 12800K,   0% used [0x00000000f6400000, 0x00000000f6400000, 0x00000000f7080000)
 concurrent mark-sweep generation total 134144K, used 50326K [0x00000000f7d00000, 0x0000000100000000, 0x0000000100000000)
 Metaspace       used 65120K, capacity 69770K, committed 69888K, reserved 1110016K
  class space    used 8392K, capacity 9186K, committed 9216K, reserved 1048576K
}
{Heap before GC invocations=815 (full 0):
 par new generation   total 115200K, used 103755K [0x00000000f0000000, 0x00000000f7d00000, 0x00000000f7d00000)
  eden space 102400K, 100% used [0x00000000f0000000, 0x00000000f6400000, 0x00000000f6400000)
  from space 12800K,  10% used [0x00000000f7080000, 0x00000000f71d2cd0, 0x00000000f7d00000)
  to   space 12800K,   0% used [0x00000000f6400000, 0x00000000f6400000, 0x00000000f7080000)
 concurrent mark-sweep generation total 134144K, used 50326K [0x00000000f7d00000, 0x0000000100000000, 0x0000000100000000)
 Metaspace       used 65120K, capacity 69770K, committed 69888K, reserved 1110016K
  class space    used 8392K, capacity 9186K, committed 9216K, reserved 1048576K
2022-09-12T02:06:46.173+0800: 380.951: [GC (Allocation Failure)  154081K->51850K(249344K), 0.0040718 secs]
Heap after GC invocations=816 (full 0):
 par new generation   total 115200K, used 1509K [0x00000000f0000000, 0x00000000f7d00000, 0x00000000f7d00000)
  eden space 102400K,   0% used [0x00000000f0000000, 0x00000000f0000000, 0x00000000f6400000)
  from space 12800K,  11% used [0x00000000f6400000, 0x00000000f6579468, 0x00000000f7080000)
  to   space 12800K,   0% used [0x00000000f7080000, 0x00000000f7080000, 0x00000000f7d00000)
 concurrent mark-sweep generation total 134144K, used 50341K [0x00000000f7d00000, 0x0000000100000000, 0x0000000100000000)
 Metaspace       used 65120K, capacity 69770K, committed 69888K, reserved 1110016K
  class space    used 8392K, capacity 9186K, committed 9216K, reserved 1048576K
}
{Heap before GC invocations=816 (full 0):
 par new generation   total 115200K, used 103909K [0x00000000f0000000, 0x00000000f7d00000, 0x00000000f7d00000)
  eden space 102400K, 100% used [0x00000000f0000000, 0x00000000f6400000, 0x00000000f6400000)
  from space 12800K,  11% used [0x00000000f6400000, 0x00000000f6579468, 0x00000000f7080000)
  to   space 12800K,   0% used [0x00000000f7080000, 0x00000000f7080000, 0x00000000f7d00000)
 concurrent mark-sweep generation total 134144K, used 50341K [0x00000000f7d00000, 0x0000000100000000, 0x0000000100000000)
 Metaspace       used 65120K, capacity 69770K, committed 69888K, reserved 1110016K
  class space    used 8392K, capacity 9186K, committed 9216K, reserved 1048576K
2022-09-12T02:06:46.521+0800: 381.299: [GC (Allocation Failure)  154250K->51976K(249344K), 0.0040372 secs]
Heap after GC invocations=817 (full 0):
 par new generation   total 115200K, used 1620K [0x00000000f0000000, 0x00000000f7d00000, 0x00000000f7d00000)
  eden space 102400K,   0% used [0x00000000f0000000, 0x00000000f0000000, 0x00000000f6400000)
  from space 12800K,  12% used [0x00000000f7080000, 0x00000000f7215190, 0x00000000f7d00000)
  to   space 12800K,   0% used [0x00000000f6400000, 0x00000000f6400000, 0x00000000f7080000)
 concurrent mark-sweep generation total 134144K, used 50355K [0x00000000f7d00000, 0x0000000100000000, 0x0000000100000000)
 Metaspace       used 65120K, capacity 69770K, committed 69888K, reserved 1110016K
  class space    used 8392K, capacity 9186K, committed 9216K, reserved 1048576K
}
{Heap before GC invocations=817 (full 0):
 par new generation   total 115200K, used 104020K [0x00000000f0000000, 0x00000000f7d00000, 0x00000000f7d00000)
  eden space 102400K, 100% used [0x00000000f0000000, 0x00000000f6400000, 0x00000000f6400000)
  from space 12800K,  12% used [0x00000000f7080000, 0x00000000f7215190, 0x00000000f7d00000)
  to   space 12800K,   0% used [0x00000000f6400000, 0x00000000f6400000, 0x00000000f7080000)
 concurrent mark-sweep generation total 134144K, used 50355K [0x00000000f7d00000, 0x0000000100000000, 0x0000000100000000)
 Metaspace       used 65120K, capacity 69770K, committed 69888K, reserved 1110016K
  class space    used 8392K, capacity 9186K, committed 9216K, reserved 1048576K
2022-09-12T02:06:46.869+0800: 381.647: [GC (Allocation Failure)  154376K->51695K(249344K), 0.0043705 secs]
Heap after GC invocations=818 (full 0):
 par new generation   total 115200K, used 1327K [0x00000000f0000000, 0x00000000f7d00000, 0x00000000f7d00000)
  eden space 102400K,   0% used [0x00000000f0000000, 0x00000000f0000000, 0x00000000f6400000)
  from space 12800K,  10% used [0x00000000f6400000, 0x00000000f654be48, 0x00000000f7080000)
  to   space 12800K,   0% used [0x00000000f7080000, 0x00000000f7080000, 0x00000000f7d00000)
 concurrent mark-sweep generation total 134144K, used 50368K [0x00000000f7d00000, 0x0000000100000000, 0x0000000100000000)
 Metaspace       used 65120K, capacity 69770K, committed 69888K, reserved 1110016K
  class space    used 8392K, capacity 9186K, committed 9216K, reserved 1048576K
}
{Heap before GC invocations=818 (full 0):
 par new generation   total 115200K, used 103727K [0x00000000f0000000, 0x00000000f7d00000, 0x00000000f7d00000)
  eden space 102400K, 100% used [0x00000000f0000000, 0x00000000f6400000, 0x00000000f6400000)
  from space 12800K,  10% used [0x00000000f6400000, 0x00000000f654be48, 0x00000000f7080000)
  to   space 12800K,   0% used [0x00000000f7080000, 0x00000000f7080000, 0x00000000f7d00000)
 concurrent mark-sweep generation total 134144K, used 50368K [0x00000000f7d00000, 0x0000000100000000, 0x0000000100000000)
 Metaspace       used 65120K, capacity 69770K, committed 69888K, reserved 1110016K
  class space    used 8392K, capacity 9186K, committed 9216K, reserved 1048576K
2022-09-12T02:06:47.222+0800: 382.000: [GC (Allocation Failure)  154095K->51913K(249344K), 0.0040095 secs]
Heap after GC invocations=819 (full 0):
 par new generation   total 115200K, used 1529K [0x00000000f0000000, 0x00000000f7d00000, 0x00000000f7d00000)
  eden space 102400K,   0% used [0x00000000f0000000, 0x00000000f0000000, 0x00000000f6400000)
  from space 12800K,  11% used [0x00000000f7080000, 0x00000000f71fe750, 0x00000000f7d00000)
  to   space 12800K,   0% used [0x00000000f6400000, 0x00000000f6400000, 0x00000000f7080000)
 concurrent mark-sweep generation total 134144K, used 50383K [0x00000000f7d00000, 0x0000000100000000, 0x0000000100000000)
 Metaspace       used 65120K, capacity 69770K, committed 69888K, reserved 1110016K
  class space    used 8392K, capacity 9186K, committed 9216K, reserved 1048576K
}
{Heap before GC invocations=819 (full 0):
 par new generation   total 115200K, used 103929K [0x00000000f0000000, 0x00000000f7d00000, 0x00000000f7d00000)
  eden space 102400K, 100% used [0x00000000f0000000, 0x00000000f6400000, 0x00000000f6400000)
  from space 12800K,  11% used [0x00000000f7080000, 0x00000000f71fe750, 0x00000000f7d00000)
  to   space 12800K,   0% used [0x00000000f6400000, 0x00000000f6400000, 0x00000000f7080000)
 concurrent mark-sweep generation total 134144K, used 50383K [0x00000000f7d00000, 0x0000000100000000, 0x0000000100000000)
 Metaspace       used 65120K, capacity 69770K, committed 69888K, reserved 1110016K
  class space    used 8392K, capacity 9186K, committed 9216K, reserved 1048576K
2022-09-12T02:06:47.570+0800: 382.347: [GC (Allocation Failure)  154313K->52048K(249344K), 0.0040712 secs]
Heap after GC invocations=820 (full 0):
 par new generation   total 115200K, used 1649K [0x00000000f0000000, 0x00000000f7d00000, 0x00000000f7d00000)
  eden space 102400K,   0% used [0x00000000f0000000, 0x00000000f0000000, 0x00000000f6400000)
  from space 12800K,  12% used [0x00000000f6400000, 0x00000000f659c698, 0x00000000f7080000)
  to   space 12800K,   0% used [0x00000000f7080000, 0x00000000f7080000, 0x00000000f7d00000)
 concurrent mark-sweep generation total 134144K, used 50399K [0x00000000f7d00000, 0x0000000100000000, 0x0000000100000000)
 Metaspace       used 65120K, capacity 69770K, committed 69888K, reserved 1110016K
  class space    used 8392K, capacity 9186K, committed 9216K, reserved 1048576K
}
{Heap before GC invocations=820 (full 0):
 par new generation   total 115200K, used 104049K [0x00000000f0000000, 0x00000000f7d00000, 0x00000000f7d00000)
  eden space 102400K, 100% used [0x00000000f0000000, 0x00000000f6400000, 0x00000000f6400000)
  from space 12800K,  12% used [0x00000000f6400000, 0x00000000f659c698, 0x00000000f7080000)
  to   space 12800K,   0% used [0x00000000f7080000, 0x00000000f7080000, 0x00000000f7d00000)
 concurrent mark-sweep generation total 134144K, used 50399K [0x00000000f7d00000, 0x0000000100000000, 0x0000000100000000)
 Metaspace       used 65120K, capacity 69770K, committed 69888K, reserved 1110016K
  class space    used 8392K, capacity 9186K, committed 9216K, reserved 1048576K
2022-09-12T02:06:47.918+0800: 382.695: [GC (Allocation Failure)  154448K->51764K(249344K), 0.0040253 secs]
Heap after GC invocations=821 (full 0):
 par new generation   total 115200K, used 1348K [0x00000000f0000000, 0x00000000f7d00000, 0x00000000f7d00000)
  eden space 102400K,   0% used [0x00000000f0000000, 0x00000000f0000000, 0x00000000f6400000)
  from space 12800K,  10% used [0x00000000f7080000, 0x00000000f71d12f0, 0x00000000f7d00000)
  to   space 12800K,   0% used [0x00000000f6400000, 0x00000000f6400000, 0x00000000f7080000)
 concurrent mark-sweep generation total 134144K, used 50415K [0x00000000f7d00000, 0x0000000100000000, 0x0000000100000000)
 Metaspace       used 65120K, capacity 69770K, committed 69888K, reserved 1110016K
  class space    used 8392K, capacity 9186K, committed 9216K, reserved 1048576K
}
{Heap before GC invocations=821 (full 0):
 par new generation   total 115200K, used 103748K [0x00000000f0000000, 0x00000000f7d00000, 0x00000000f7d00000)
  eden space 102400K, 100% used [0x00000000f0000000, 0x00000000f6400000, 0x00000000f6400000)
  from space 12800K,  10% used [0x00000000f7080000, 0x00000000f71d12f0, 0x00000000f7d00000)
  to   space 12800K,   0% used [0x00000000f6400000, 0x00000000f6400000, 0x00000000f7080000)
 concurrent mark-sweep generation total 134144K, used 50415K [0x00000000f7d00000, 0x0000000100000000, 0x0000000100000000)
 Metaspace       used 65120K, capacity 69770K, committed 69888K, reserved 1110016K
  class space    used 8392K, capacity 9186K, committed 9216K, reserved 1048576K
2022-09-12T02:06:48.266+0800: 383.043: [GC (Allocation Failure)  154164K->51989K(249344K), 0.0039751 secs]
Heap after GC invocations=822 (full 0):
 par new generation   total 115200K, used 1550K [0x00000000f0000000, 0x00000000f7d00000, 0x00000000f7d00000)
  eden space 102400K,   0% used [0x00000000f0000000, 0x00000000f0000000, 0x00000000f6400000)
  from space 12800K,  12% used [0x00000000f6400000, 0x00000000f6583a00, 0x00000000f7080000)
  to   space 12800K,   0% used [0x00000000f7080000, 0x00000000f7080000, 0x00000000f7d00000)
 concurrent mark-sweep generation total 134144K, used 50438K [0x00000000f7d00000, 0x0000000100000000, 0x0000000100000000)
 Metaspace       used 65120K, capacity 69770K, committed 69888K, reserved 1110016K
  class space    used 8392K, capacity 9186K, committed 9216K, reserved 1048576K
}
{Heap before GC invocations=822 (full 0):
 par new generation   total 115200K, used 103950K [0x00000000f0000000, 0x00000000f7d00000, 0x00000000f7d00000)
  eden space 102400K, 100% used [0x00000000f0000000, 0x00000000f6400000, 0x00000000f6400000)
  from space 12800K,  12% used [0x00000000f6400000, 0x00000000f6583a00, 0x00000000f7080000)
  to   space 12800K,   0% used [0x00000000f7080000, 0x00000000f7080000, 0x00000000f7d00000)
 concurrent mark-sweep generation total 134144K, used 50438K [0x00000000f7d00000, 0x0000000100000000, 0x0000000100000000)
 Metaspace       used 65120K, capacity 69770K, committed 69888K, reserved 1110016K
  class space    used 8392K, capacity 9186K, committed 9216K, reserved 1048576K
2022-09-12T02:06:48.616+0800: 383.393: [GC (Allocation Failure)  154389K->52097K(249344K), 0.0039816 secs]
Heap after GC invocations=823 (full 0):
 par new generation   total 115200K, used 1645K [0x00000000f0000000, 0x00000000f7d00000, 0x00000000f7d00000)
  eden space 102400K,   0% used [0x00000000f0000000, 0x00000000f0000000, 0x00000000f6400000)
  from space 12800K,  12% used [0x00000000f7080000, 0x00000000f721b4a8, 0x00000000f7d00000)
  to   space 12800K,   0% used [0x00000000f6400000, 0x00000000f6400000, 0x00000000f7080000)
 concurrent mark-sweep generation total 134144K, used 50452K [0x00000000f7d00000, 0x0000000100000000, 0x0000000100000000)
 Metaspace       used 65120K, capacity 69770K, committed 69888K, reserved 1110016K
  class space    used 8392K, capacity 9186K, committed 9216K, reserved 1048576K
}
{Heap before GC invocations=823 (full 0):
 par new generation   total 115200K, used 104045K [0x00000000f0000000, 0x00000000f7d00000, 0x00000000f7d00000)
  eden space 102400K, 100% used [0x00000000f0000000, 0x00000000f6400000, 0x00000000f6400000)
  from space 12800K,  12% used [0x00000000f7080000, 0x00000000f721b4a8, 0x00000000f7d00000)
  to   space 12800K,   0% used [0x00000000f6400000, 0x00000000f6400000, 0x00000000f7080000)
 concurrent mark-sweep generation total 134144K, used 50452K [0x00000000f7d00000, 0x0000000100000000, 0x0000000100000000)
 Metaspace       used 65120K, capacity 69770K, committed 69888K, reserved 1110016K
  class space    used 8392K, capacity 9186K, committed 9216K, reserved 1048576K
2022-09-12T02:06:48.965+0800: 383.742: [GC (Allocation Failure)  154497K->51645K(249344K), 0.0039785 secs]
Heap after GC invocations=824 (full 0):
 par new generation   total 115200K, used 1174K [0x00000000f0000000, 0x00000000f7d00000, 0x00000000f7d00000)
  eden space 102400K,   0% used [0x00000000f0000000, 0x00000000f0000000, 0x00000000f6400000)
  from space 12800K,   9% used [0x00000000f6400000, 0x00000000f65259c0, 0x00000000f7080000)
  to   space 12800K,   0% used [0x00000000f7080000, 0x00000000f7080000, 0x00000000f7d00000)
 concurrent mark-sweep generation total 134144K, used 50470K [0x00000000f7d00000, 0x0000000100000000, 0x0000000100000000)
 Metaspace       used 65120K, capacity 69770K, committed 69888K, reserved 1110016K
  class space    used 8392K, capacity 9186K, committed 9216K, reserved 1048576K
}
{Heap before GC invocations=824 (full 0):
 par new generation   total 115200K, used 103574K [0x00000000f0000000, 0x00000000f7d00000, 0x00000000f7d00000)
  eden space 102400K, 100% used [0x00000000f0000000, 0x00000000f6400000, 0x00000000f6400000)
  from space 12800K,   9% used [0x00000000f6400000, 0x00000000f65259c0, 0x00000000f7080000)
  to   space 12800K,   0% used [0x00000000f7080000, 0x00000000f7080000, 0x00000000f7d00000)
 concurrent mark-sweep generation total 134144K, used 50470K [0x00000000f7d00000, 0x0000000100000000, 0x0000000100000000)
 Metaspace       used 65120K, capacity 69770K, committed 69888K, reserved 1110016K
  class space    used 8392K, capacity 9186K, committed 9216K, reserved 1048576K
2022-09-12T02:06:49.313+0800: 384.091: [GC (Allocation Failure)  154045K->51973K(249344K), 0.0040686 secs]
Heap after GC invocations=825 (full 0):
 par new generation   total 115200K, used 1486K [0x00000000f0000000, 0x00000000f7d00000, 0x00000000f7d00000)
  eden space 102400K,   0% used [0x00000000f0000000, 0x00000000f0000000, 0x00000000f6400000)
  from space 12800K,  11% used [0x00000000f7080000, 0x00000000f71f3ab8, 0x00000000f7d00000)
  to   space 12800K,   0% used [0x00000000f6400000, 0x00000000f6400000, 0x00000000f7080000)
 concurrent mark-sweep generation total 134144K, used 50487K [0x00000000f7d00000, 0x0000000100000000, 0x0000000100000000)
 Metaspace       used 65120K, capacity 69770K, committed 69888K, reserved 1110016K
  class space    used 8392K, capacity 9186K, committed 9216K, reserved 1048576K
}
{Heap before GC invocations=825 (full 0):
 par new generation   total 115200K, used 103886K [0x00000000f0000000, 0x00000000f7d00000, 0x00000000f7d00000)
  eden space 102400K, 100% used [0x00000000f0000000, 0x00000000f6400000, 0x00000000f6400000)
  from space 12800K,  11% used [0x00000000f7080000, 0x00000000f71f3ab8, 0x00000000f7d00000)
  to   space 12800K,   0% used [0x00000000f6400000, 0x00000000f6400000, 0x00000000f7080000)
 concurrent mark-sweep generation total 134144K, used 50487K [0x00000000f7d00000, 0x0000000100000000, 0x0000000100000000)
 Metaspace       used 65120K, capacity 69770K, committed 69888K, reserved 1110016K
  class space    used 8392K, capacity 9186K, committed 9216K, reserved 1048576K
2022-09-12T02:06:49.661+0800: 384.438: [GC (Allocation Failure)  154373K->52109K(249344K), 0.0040375 secs]
Heap after GC invocations=826 (full 0):
 par new generation   total 115200K, used 1613K [0x00000000f0000000, 0x00000000f7d00000, 0x00000000f7d00000)
  eden space 102400K,   0% used [0x00000000f0000000, 0x00000000f0000000, 0x00000000f6400000)
  from space 12800K,  12% used [0x00000000f6400000, 0x00000000f6593750, 0x00000000f7080000)
  to   space 12800K,   0% used [0x00000000f7080000, 0x00000000f7080000, 0x00000000f7d00000)
 concurrent mark-sweep generation total 134144K, used 50496K [0x00000000f7d00000, 0x0000000100000000, 0x0000000100000000)
 Metaspace       used 65120K, capacity 69770K, committed 69888K, reserved 1110016K
  class space    used 8392K, capacity 9186K, committed 9216K, reserved 1048576K
}
{Heap before GC invocations=826 (full 0):
 par new generation   total 115200K, used 104013K [0x00000000f0000000, 0x00000000f7d00000, 0x00000000f7d00000)
  eden space 102400K, 100% used [0x00000000f0000000, 0x00000000f6400000, 0x00000000f6400000)
  from space 12800K,  12% used [0x00000000f6400000, 0x00000000f6593750, 0x00000000f7080000)
  to   space 12800K,   0% used [0x00000000f7080000, 0x00000000f7080000, 0x00000000f7d00000)
 concurrent mark-sweep generation total 134144K, used 50496K [0x00000000f7d00000, 0x0000000100000000, 0x0000000100000000)
 Metaspace       used 65120K, capacity 69770K, committed 69888K, reserved 1110016K
  class space    used 8392K, capacity 9186K, committed 9216K, reserved 1048576K
2022-09-12T02:06:50.009+0800: 384.787: [GC (Allocation Failure)  154509K->52188K(249344K), 0.0040783 secs]
Heap after GC invocations=827 (full 0):
 par new generation   total 115200K, used 1675K [0x00000000f0000000, 0x00000000f7d00000, 0x00000000f7d00000)
  eden space 102400K,   0% used [0x00000000f0000000, 0x00000000f0000000, 0x00000000f6400000)
  from space 12800K,  13% used [0x00000000f7080000, 0x00000000f7222da0, 0x00000000f7d00000)
  to   space 12800K,   0% used [0x00000000f6400000, 0x00000000f6400000, 0x00000000f7080000)
 concurrent mark-sweep generation total 134144K, used 50512K [0x00000000f7d00000, 0x0000000100000000, 0x0000000100000000)
 Metaspace       used 65120K, capacity 69770K, committed 69888K, reserved 1110016K
  class space    used 8392K, capacity 9186K, committed 9216K, reserved 1048576K
}
{Heap before GC invocations=827 (full 0):
 par new generation   total 115200K, used 104075K [0x00000000f0000000, 0x00000000f7d00000, 0x00000000f7d00000)
  eden space 102400K, 100% used [0x00000000f0000000, 0x00000000f6400000, 0x00000000f6400000)
  from space 12800K,  13% used [0x00000000f7080000, 0x00000000f7222da0, 0x00000000f7d00000)
  to   space 12800K,   0% used [0x00000000f6400000, 0x00000000f6400000, 0x00000000f7080000)
 concurrent mark-sweep generation total 134144K, used 50512K [0x00000000f7d00000, 0x0000000100000000, 0x0000000100000000)
 Metaspace       used 65120K, capacity 69770K, committed 69888K, reserved 1110016K
  class space    used 8392K, capacity 9186K, committed 9216K, reserved 1048576K
2022-09-12T02:06:50.363+0800: 385.140: [GC (Allocation Failure)  154588K->51721K(249344K), 0.0040656 secs]
Heap after GC invocations=828 (full 0):
 par new generation   total 115200K, used 1193K [0x00000000f0000000, 0x00000000f7d00000, 0x00000000f7d00000)
  eden space 102400K,   0% used [0x00000000f0000000, 0x00000000f0000000, 0x00000000f6400000)
  from space 12800K,   9% used [0x00000000f6400000, 0x00000000f652a5c0, 0x00000000f7080000)
  to   space 12800K,   0% used [0x00000000f7080000, 0x00000000f7080000, 0x00000000f7d00000)
 concurrent mark-sweep generation total 134144K, used 50527K [0x00000000f7d00000, 0x0000000100000000, 0x0000000100000000)
 Metaspace       used 65120K, capacity 69770K, committed 69888K, reserved 1110016K
  class space    used 8392K, capacity 9186K, committed 9216K, reserved 1048576K
}
{Heap before GC invocations=828 (full 0):
 par new generation   total 115200K, used 103593K [0x00000000f0000000, 0x00000000f7d00000, 0x00000000f7d00000)
  eden space 102400K, 100% used [0x00000000f0000000, 0x00000000f6400000, 0x00000000f6400000)
  from space 12800K,   9% used [0x00000000f6400000, 0x00000000f652a5c0, 0x00000000f7080000)
  to   space 12800K,   0% used [0x00000000f7080000, 0x00000000f7080000, 0x00000000f7d00000)
 concurrent mark-sweep generation total 134144K, used 50527K [0x00000000f7d00000, 0x0000000100000000, 0x0000000100000000)
 Metaspace       used 65120K, capacity 69770K, committed 69888K, reserved 1110016K
  class space    used 8392K, capacity 9186K, committed 9216K, reserved 1048576K
2022-09-12T02:06:50.710+0800: 385.487: [GC (Allocation Failure)  154121K->52071K(249344K), 0.0040091 secs]
Heap after GC invocations=829 (full 0):
 par new generation   total 115200K, used 1530K [0x00000000f0000000, 0x00000000f7d00000, 0x00000000f7d00000)
  eden space 102400K,   0% used [0x00000000f0000000, 0x00000000f0000000, 0x00000000f6400000)
  from space 12800K,  11% used [0x00000000f7080000, 0x00000000f71fe830, 0x00000000f7d00000)
  to   space 12800K,   0% used [0x00000000f6400000, 0x00000000f6400000, 0x00000000f7080000)
 concurrent mark-sweep generation total 134144K, used 50541K [0x00000000f7d00000, 0x0000000100000000, 0x0000000100000000)
 Metaspace       used 65120K, capacity 69770K, committed 69888K, reserved 1110016K
  class space    used 8392K, capacity 9186K, committed 9216K, reserved 1048576K
}
{Heap before GC invocations=829 (full 0):
 par new generation   total 115200K, used 103930K [0x00000000f0000000, 0x00000000f7d00000, 0x00000000f7d00000)
  eden space 102400K, 100% used [0x00000000f0000000, 0x00000000f6400000, 0x00000000f6400000)
  from space 12800K,  11% used [0x00000000f7080000, 0x00000000f71fe830, 0x00000000f7d00000)
  to   space 12800K,   0% used [0x00000000f6400000, 0x00000000f6400000, 0x00000000f7080000)
 concurrent mark-sweep generation total 134144K, used 50541K [0x00000000f7d00000, 0x0000000100000000, 0x0000000100000000)
 Metaspace       used 65120K, capacity 69770K, committed 69888K, reserved 1110016K
  class space    used 8392K, capacity 9186K, committed 9216K, reserved 1048576K
2022-09-12T02:06:51.059+0800: 385.837: [GC (Allocation Failure)  154471K->52226K(249344K), 0.0039490 secs]
Heap after GC invocations=830 (full 0):
 par new generation   total 115200K, used 1659K [0x00000000f0000000, 0x00000000f7d00000, 0x00000000f7d00000)
  eden space 102400K,   0% used [0x00000000f0000000, 0x00000000f0000000, 0x00000000f6400000)
  from space 12800K,  12% used [0x00000000f6400000, 0x00000000f659efb8, 0x00000000f7080000)
  to   space 12800K,   0% used [0x00000000f7080000, 0x00000000f7080000, 0x00000000f7d00000)
 concurrent mark-sweep generation total 134144K, used 50566K [0x00000000f7d00000, 0x0000000100000000, 0x0000000100000000)
 Metaspace       used 65120K, capacity 69770K, committed 69888K, reserved 1110016K
  class space    used 8392K, capacity 9186K, committed 9216K, reserved 1048576K
}
{Heap before GC invocations=830 (full 0):
 par new generation   total 115200K, used 104059K [0x00000000f0000000, 0x00000000f7d00000, 0x00000000f7d00000)
  eden space 102400K, 100% used [0x00000000f0000000, 0x00000000f6400000, 0x00000000f6400000)
  from space 12800K,  12% used [0x00000000f6400000, 0x00000000f659efb8, 0x00000000f7080000)
  to   space 12800K,   0% used [0x00000000f7080000, 0x00000000f7080000, 0x00000000f7d00000)
 concurrent mark-sweep generation total 134144K, used 50566K [0x00000000f7d00000, 0x0000000100000000, 0x0000000100000000)
 Metaspace       used 65120K, capacity 69770K, committed 69888K, reserved 1110016K
  class space    used 8392K, capacity 9186K, committed 9216K, reserved 1048576K
2022-09-12T02:06:51.408+0800: 386.185: [GC (Allocation Failure)  154626K->51763K(249344K), 0.0039087 secs]
Heap after GC invocations=831 (full 0):
 par new generation   total 115200K, used 1181K [0x00000000f0000000, 0x00000000f7d00000, 0x00000000f7d00000)
  eden space 102400K,   0% used [0x00000000f0000000, 0x00000000f0000000, 0x00000000f6400000)
  from space 12800K,   9% used [0x00000000f7080000, 0x00000000f71a76c0, 0x00000000f7d00000)
  to   space 12800K,   0% used [0x00000000f6400000, 0x00000000f6400000, 0x00000000f7080000)
 concurrent mark-sweep generation total 134144K, used 50581K [0x00000000f7d00000, 0x0000000100000000, 0x0000000100000000)
 Metaspace       used 65120K, capacity 69770K, committed 69888K, reserved 1110016K
  class space    used 8392K, capacity 9186K, committed 9216K, reserved 1048576K
}
{Heap before GC invocations=831 (full 0):
 par new generation   total 115200K, used 103581K [0x00000000f0000000, 0x00000000f7d00000, 0x00000000f7d00000)
  eden space 102400K, 100% used [0x00000000f0000000, 0x00000000f6400000, 0x00000000f6400000)
  from space 12800K,   9% used [0x00000000f7080000, 0x00000000f71a76c0, 0x00000000f7d00000)
  to   space 12800K,   0% used [0x00000000f6400000, 0x00000000f6400000, 0x00000000f7080000)
 concurrent mark-sweep generation total 134144K, used 50581K [0x00000000f7d00000, 0x0000000100000000, 0x0000000100000000)
 Metaspace       used 65120K, capacity 69770K, committed 69888K, reserved 1110016K
  class space    used 8392K, capacity 9186K, committed 9216K, reserved 1048576K
2022-09-12T02:06:51.756+0800: 386.533: [GC (Allocation Failure)  154163K->52096K(249344K), 0.0039648 secs]
Heap after GC invocations=832 (full 0):
 par new generation   total 115200K, used 1497K [0x00000000f0000000, 0x00000000f7d00000, 0x00000000f7d00000)
  eden space 102400K,   0% used [0x00000000f0000000, 0x00000000f0000000, 0x00000000f6400000)
  from space 12800K,  11% used [0x00000000f6400000, 0x00000000f6576790, 0x00000000f7080000)
  to   space 12800K,   0% used [0x00000000f7080000, 0x00000000f7080000, 0x00000000f7d00000)
 concurrent mark-sweep generation total 134144K, used 50598K [0x00000000f7d00000, 0x0000000100000000, 0x0000000100000000)
 Metaspace       used 65120K, capacity 69770K, committed 69888K, reserved 1110016K
  class space    used 8392K, capacity 9186K, committed 9216K, reserved 1048576K
}
{Heap before GC invocations=832 (full 0):
 par new generation   total 115200K, used 103897K [0x00000000f0000000, 0x00000000f7d00000, 0x00000000f7d00000)
  eden space 102400K, 100% used [0x00000000f0000000, 0x00000000f6400000, 0x00000000f6400000)
  from space 12800K,  11% used [0x00000000f6400000, 0x00000000f6576790, 0x00000000f7080000)
  to   space 12800K,   0% used [0x00000000f7080000, 0x00000000f7080000, 0x00000000f7d00000)
 concurrent mark-sweep generation total 134144K, used 50598K [0x00000000f7d00000, 0x0000000100000000, 0x0000000100000000)
 Metaspace       used 65120K, capacity 69770K, committed 69888K, reserved 1110016K
  class space    used 8392K, capacity 9186K, committed 9216K, reserved 1048576K
2022-09-12T02:06:52.104+0800: 386.881: [GC (Allocation Failure)  154496K->52264K(249344K), 0.0040412 secs]
Heap after GC invocations=833 (full 0):
 par new generation   total 115200K, used 1651K [0x00000000f0000000, 0x00000000f7d00000, 0x00000000f7d00000)
  eden space 102400K,   0% used [0x00000000f0000000, 0x00000000f0000000, 0x00000000f6400000)
  from space 12800K,  12% used [0x00000000f7080000, 0x00000000f721ccb8, 0x00000000f7d00000)
  to   space 12800K,   0% used [0x00000000f6400000, 0x00000000f6400000, 0x00000000f7080000)
 concurrent mark-sweep generation total 134144K, used 50613K [0x00000000f7d00000, 0x0000000100000000, 0x0000000100000000)
 Metaspace       used 65120K, capacity 69770K, committed 69888K, reserved 1110016K
  class space    used 8392K, capacity 9186K, committed 9216K, reserved 1048576K
}
{Heap before GC invocations=833 (full 0):
 par new generation   total 115200K, used 104051K [0x00000000f0000000, 0x00000000f7d00000, 0x00000000f7d00000)
  eden space 102400K, 100% used [0x00000000f0000000, 0x00000000f6400000, 0x00000000f6400000)
  from space 12800K,  12% used [0x00000000f7080000, 0x00000000f721ccb8, 0x00000000f7d00000)
  to   space 12800K,   0% used [0x00000000f6400000, 0x00000000f6400000, 0x00000000f7080000)
 concurrent mark-sweep generation total 134144K, used 50613K [0x00000000f7d00000, 0x0000000100000000, 0x0000000100000000)
 Metaspace       used 65120K, capacity 69770K, committed 69888K, reserved 1110016K
  class space    used 8392K, capacity 9186K, committed 9216K, reserved 1048576K
2022-09-12T02:06:52.453+0800: 387.230: [GC (Allocation Failure)  154664K->51956K(249344K), 0.0041274 secs]
Heap after GC invocations=834 (full 0):
 par new generation   total 115200K, used 1334K [0x00000000f0000000, 0x00000000f7d00000, 0x00000000f7d00000)
  eden space 102400K,   0% used [0x00000000f0000000, 0x00000000f0000000, 0x00000000f6400000)
  from space 12800K,  10% used [0x00000000f6400000, 0x00000000f654d828, 0x00000000f7080000)
  to   space 12800K,   0% used [0x00000000f7080000, 0x00000000f7080000, 0x00000000f7d00000)
 concurrent mark-sweep generation total 134144K, used 50622K [0x00000000f7d00000, 0x0000000100000000, 0x0000000100000000)
 Metaspace       used 65120K, capacity 69770K, committed 69888K, reserved 1110016K
  class space    used 8392K, capacity 9186K, committed 9216K, reserved 1048576K
}
{Heap before GC invocations=834 (full 0):
 par new generation   total 115200K, used 103734K [0x00000000f0000000, 0x00000000f7d00000, 0x00000000f7d00000)
  eden space 102400K, 100% used [0x00000000f0000000, 0x00000000f6400000, 0x00000000f6400000)
  from space 12800K,  10% used [0x00000000f6400000, 0x00000000f654d828, 0x00000000f7080000)
  to   space 12800K,   0% used [0x00000000f7080000, 0x00000000f7080000, 0x00000000f7d00000)
 concurrent mark-sweep generation total 134144K, used 50622K [0x00000000f7d00000, 0x0000000100000000, 0x0000000100000000)
 Metaspace       used 65120K, capacity 69770K, committed 69888K, reserved 1110016K
  class space    used 8392K, capacity 9186K, committed 9216K, reserved 1048576K
2022-09-12T02:06:52.803+0800: 387.581: [GC (Allocation Failure)  154356K->52182K(249344K), 0.0040175 secs]
Heap after GC invocations=835 (full 0):
 par new generation   total 115200K, used 1539K [0x00000000f0000000, 0x00000000f7d00000, 0x00000000f7d00000)
  eden space 102400K,   0% used [0x00000000f0000000, 0x00000000f0000000, 0x00000000f6400000)
  from space 12800K,  12% used [0x00000000f7080000, 0x00000000f7200d28, 0x00000000f7d00000)
  to   space 12800K,   0% used [0x00000000f6400000, 0x00000000f6400000, 0x00000000f7080000)
 concurrent mark-sweep generation total 134144K, used 50642K [0x00000000f7d00000, 0x0000000100000000, 0x0000000100000000)
 Metaspace       used 65120K, capacity 69770K, committed 69888K, reserved 1110016K
  class space    used 8392K, capacity 9186K, committed 9216K, reserved 1048576K
}
{Heap before GC invocations=835 (full 0):
 par new generation   total 115200K, used 103939K [0x00000000f0000000, 0x00000000f7d00000, 0x00000000f7d00000)
  eden space 102400K, 100% used [0x00000000f0000000, 0x00000000f6400000, 0x00000000f6400000)
  from space 12800K,  12% used [0x00000000f7080000, 0x00000000f7200d28, 0x00000000f7d00000)
  to   space 12800K,   0% used [0x00000000f6400000, 0x00000000f6400000, 0x00000000f7080000)
 concurrent mark-sweep generation total 134144K, used 50642K [0x00000000f7d00000, 0x0000000100000000, 0x0000000100000000)
 Metaspace       used 65120K, capacity 69770K, committed 69888K, reserved 1110016K
  class space    used 8392K, capacity 9186K, committed 9216K, reserved 1048576K
2022-09-12T02:06:53.152+0800: 387.930: [GC (Allocation Failure)  154582K->52333K(249344K), 0.0040925 secs]
Heap after GC invocations=836 (full 0):
 par new generation   total 115200K, used 1677K [0x00000000f0000000, 0x00000000f7d00000, 0x00000000f7d00000)
  eden space 102400K,   0% used [0x00000000f0000000, 0x00000000f0000000, 0x00000000f6400000)
  from space 12800K,  13% used [0x00000000f6400000, 0x00000000f65a3430, 0x00000000f7080000)
  to   space 12800K,   0% used [0x00000000f7080000, 0x00000000f7080000, 0x00000000f7d00000)
 concurrent mark-sweep generation total 134144K, used 50656K [0x00000000f7d00000, 0x0000000100000000, 0x0000000100000000)
 Metaspace       used 65120K, capacity 69770K, committed 69888K, reserved 1110016K
  class space    used 8392K, capacity 9186K, committed 9216K, reserved 1048576K
}
{Heap before GC invocations=836 (full 0):
 par new generation   total 115200K, used 104077K [0x00000000f0000000, 0x00000000f7d00000, 0x00000000f7d00000)
  eden space 102400K, 100% used [0x00000000f0000000, 0x00000000f6400000, 0x00000000f6400000)
  from space 12800K,  13% used [0x00000000f6400000, 0x00000000f65a3430, 0x00000000f7080000)
  to   space 12800K,   0% used [0x00000000f7080000, 0x00000000f7080000, 0x00000000f7d00000)
 concurrent mark-sweep generation total 134144K, used 50656K [0x00000000f7d00000, 0x0000000100000000, 0x0000000100000000)
 Metaspace       used 65120K, capacity 69770K, committed 69888K, reserved 1110016K
  class space    used 8392K, capacity 9186K, committed 9216K, reserved 1048576K
2022-09-12T02:06:53.501+0800: 388.278: [GC (Allocation Failure)  154733K->51871K(249344K), 0.0040948 secs]
Heap after GC invocations=837 (full 0):
 par new generation   total 115200K, used 1199K [0x00000000f0000000, 0x00000000f7d00000, 0x00000000f7d00000)
  eden space 102400K,   0% used [0x00000000f0000000, 0x00000000f0000000, 0x00000000f6400000)
  from space 12800K,   9% used [0x00000000f7080000, 0x00000000f71abf40, 0x00000000f7d00000)
  to   space 12800K,   0% used [0x00000000f6400000, 0x00000000f6400000, 0x00000000f7080000)
 concurrent mark-sweep generation total 134144K, used 50672K [0x00000000f7d00000, 0x0000000100000000, 0x0000000100000000)
 Metaspace       used 65120K, capacity 69770K, committed 69888K, reserved 1110016K
  class space    used 8392K, capacity 9186K, committed 9216K, reserved 1048576K
}
{Heap before GC invocations=837 (full 0):
 par new generation   total 115200K, used 103599K [0x00000000f0000000, 0x00000000f7d00000, 0x00000000f7d00000)
  eden space 102400K, 100% used [0x00000000f0000000, 0x00000000f6400000, 0x00000000f6400000)
  from space 12800K,   9% used [0x00000000f7080000, 0x00000000f71abf40, 0x00000000f7d00000)
  to   space 12800K,   0% used [0x00000000f6400000, 0x00000000f6400000, 0x00000000f7080000)
 concurrent mark-sweep generation total 134144K, used 50672K [0x00000000f7d00000, 0x0000000100000000, 0x0000000100000000)
 Metaspace       used 65120K, capacity 69770K, committed 69888K, reserved 1110016K
  class space    used 8392K, capacity 9186K, committed 9216K, reserved 1048576K
2022-09-12T02:06:53.858+0800: 388.635: [GC (Allocation Failure)  154271K->52239K(249344K), 0.0040794 secs]
Heap after GC invocations=838 (full 0):
 par new generation   total 115200K, used 1541K [0x00000000f0000000, 0x00000000f7d00000, 0x00000000f7d00000)
  eden space 102400K,   0% used [0x00000000f0000000, 0x00000000f0000000, 0x00000000f6400000)
  from space 12800K,  12% used [0x00000000f6400000, 0x00000000f6581700, 0x00000000f7080000)
  to   space 12800K,   0% used [0x00000000f7080000, 0x00000000f7080000, 0x00000000f7d00000)
 concurrent mark-sweep generation total 134144K, used 50697K [0x00000000f7d00000, 0x0000000100000000, 0x0000000100000000)
 Metaspace       used 65120K, capacity 69770K, committed 69888K, reserved 1110016K
  class space    used 8392K, capacity 9186K, committed 9216K, reserved 1048576K
}
{Heap before GC invocations=838 (full 0):
 par new generation   total 115200K, used 103941K [0x00000000f0000000, 0x00000000f7d00000, 0x00000000f7d00000)
  eden space 102400K, 100% used [0x00000000f0000000, 0x00000000f6400000, 0x00000000f6400000)
  from space 12800K,  12% used [0x00000000f6400000, 0x00000000f6581700, 0x00000000f7080000)
  to   space 12800K,   0% used [0x00000000f7080000, 0x00000000f7080000, 0x00000000f7d00000)
 concurrent mark-sweep generation total 134144K, used 50697K [0x00000000f7d00000, 0x0000000100000000, 0x0000000100000000)
 Metaspace       used 65120K, capacity 69770K, committed 69888K, reserved 1110016K
  class space    used 8392K, capacity 9186K, committed 9216K, reserved 1048576K
2022-09-12T02:06:54.209+0800: 388.986: [GC (Allocation Failure)  154639K->52319K(249344K), 0.0039680 secs]
Heap after GC invocations=839 (full 0):
 par new generation   total 115200K, used 1609K [0x00000000f0000000, 0x00000000f7d00000, 0x00000000f7d00000)
  eden space 102400K,   0% used [0x00000000f0000000, 0x00000000f0000000, 0x00000000f6400000)
  from space 12800K,  12% used [0x00000000f7080000, 0x00000000f7212480, 0x00000000f7d00000)
  to   space 12800K,   0% used [0x00000000f6400000, 0x00000000f6400000, 0x00000000f7080000)
 concurrent mark-sweep generation total 134144K, used 50710K [0x00000000f7d00000, 0x0000000100000000, 0x0000000100000000)
 Metaspace       used 65120K, capacity 69770K, committed 69888K, reserved 1110016K
  class space    used 8392K, capacity 9186K, committed 9216K, reserved 1048576K
}
{Heap before GC invocations=839 (full 0):
 par new generation   total 115200K, used 104009K [0x00000000f0000000, 0x00000000f7d00000, 0x00000000f7d00000)
  eden space 102400K, 100% used [0x00000000f0000000, 0x00000000f6400000, 0x00000000f6400000)
  from space 12800K,  12% used [0x00000000f7080000, 0x00000000f7212480, 0x00000000f7d00000)
  to   space 12800K,   0% used [0x00000000f6400000, 0x00000000f6400000, 0x00000000f7080000)
 concurrent mark-sweep generation total 134144K, used 50710K [0x00000000f7d00000, 0x0000000100000000, 0x0000000100000000)
 Metaspace       used 65120K, capacity 69770K, committed 69888K, reserved 1110016K
  class space    used 8392K, capacity 9186K, committed 9216K, reserved 1048576K
2022-09-12T02:06:54.557+0800: 389.334: [GC (Allocation Failure)  154719K->52044K(249344K), 0.0039745 secs]
Heap after GC invocations=840 (full 0):
 par new generation   total 115200K, used 1320K [0x00000000f0000000, 0x00000000f7d00000, 0x00000000f7d00000)
  eden space 102400K,   0% used [0x00000000f0000000, 0x00000000f0000000, 0x00000000f6400000)
  from space 12800K,  10% used [0x00000000f6400000, 0x00000000f654a1e0, 0x00000000f7080000)
  to   space 12800K,   0% used [0x00000000f7080000, 0x00000000f7080000, 0x00000000f7d00000)
 concurrent mark-sweep generation total 134144K, used 50724K [0x00000000f7d00000, 0x0000000100000000, 0x0000000100000000)
 Metaspace       used 65120K, capacity 69770K, committed 69888K, reserved 1110016K
  class space    used 8392K, capacity 9186K, committed 9216K, reserved 1048576K
}
{Heap before GC invocations=840 (full 0):
 par new generation   total 115200K, used 103720K [0x00000000f0000000, 0x00000000f7d00000, 0x00000000f7d00000)
  eden space 102400K, 100% used [0x00000000f0000000, 0x00000000f6400000, 0x00000000f6400000)
  from space 12800K,  10% used [0x00000000f6400000, 0x00000000f654a1e0, 0x00000000f7080000)
  to   space 12800K,   0% used [0x00000000f7080000, 0x00000000f7080000, 0x00000000f7d00000)
 concurrent mark-sweep generation total 134144K, used 50724K [0x00000000f7d00000, 0x0000000100000000, 0x0000000100000000)
 Metaspace       used 65120K, capacity 69770K, committed 69888K, reserved 1110016K
  class space    used 8392K, capacity 9186K, committed 9216K, reserved 1048576K
2022-09-12T02:06:54.906+0800: 389.684: [GC (Allocation Failure)  154444K->52287K(249344K), 0.0040616 secs]
Heap after GC invocations=841 (full 0):
 par new generation   total 115200K, used 1547K [0x00000000f0000000, 0x00000000f7d00000, 0x00000000f7d00000)
  eden space 102400K,   0% used [0x00000000f0000000, 0x00000000f0000000, 0x00000000f6400000)
  from space 12800K,  12% used [0x00000000f7080000, 0x00000000f7202fb8, 0x00000000f7d00000)
  to   space 12800K,   0% used [0x00000000f6400000, 0x00000000f6400000, 0x00000000f7080000)
 concurrent mark-sweep generation total 134144K, used 50739K [0x00000000f7d00000, 0x0000000100000000, 0x0000000100000000)
 Metaspace       used 65120K, capacity 69770K, committed 69888K, reserved 1110016K
  class space    used 8392K, capacity 9186K, committed 9216K, reserved 1048576K
}
{Heap before GC invocations=841 (full 0):
 par new generation   total 115200K, used 103947K [0x00000000f0000000, 0x00000000f7d00000, 0x00000000f7d00000)
  eden space 102400K, 100% used [0x00000000f0000000, 0x00000000f6400000, 0x00000000f6400000)
  from space 12800K,  12% used [0x00000000f7080000, 0x00000000f7202fb8, 0x00000000f7d00000)
  to   space 12800K,   0% used [0x00000000f6400000, 0x00000000f6400000, 0x00000000f7080000)
 concurrent mark-sweep generation total 134144K, used 50739K [0x00000000f7d00000, 0x0000000100000000, 0x0000000100000000)
 Metaspace       used 65120K, capacity 69770K, committed 69888K, reserved 1110016K
  class space    used 8392K, capacity 9186K, committed 9216K, reserved 1048576K
2022-09-12T02:06:55.254+0800: 390.031: [GC (Allocation Failure)  154687K->52423K(249344K), 0.0040738 secs]
Heap after GC invocations=842 (full 0):
 par new generation   total 115200K, used 1666K [0x00000000f0000000, 0x00000000f7d00000, 0x00000000f7d00000)
  eden space 102400K,   0% used [0x00000000f0000000, 0x00000000f0000000, 0x00000000f6400000)
  from space 12800K,  13% used [0x00000000f6400000, 0x00000000f65a0b48, 0x00000000f7080000)
  to   space 12800K,   0% used [0x00000000f7080000, 0x00000000f7080000, 0x00000000f7d00000)
 concurrent mark-sweep generation total 134144K, used 50756K [0x00000000f7d00000, 0x0000000100000000, 0x0000000100000000)
 Metaspace       used 65120K, capacity 69770K, committed 69888K, reserved 1110016K
  class space    used 8392K, capacity 9186K, committed 9216K, reserved 1048576K
}
{Heap before GC invocations=842 (full 0):
 par new generation   total 115200K, used 104066K [0x00000000f0000000, 0x00000000f7d00000, 0x00000000f7d00000)
  eden space 102400K, 100% used [0x00000000f0000000, 0x00000000f6400000, 0x00000000f6400000)
  from space 12800K,  13% used [0x00000000f6400000, 0x00000000f65a0b48, 0x00000000f7080000)
  to   space 12800K,   0% used [0x00000000f7080000, 0x00000000f7080000, 0x00000000f7d00000)
 concurrent mark-sweep generation total 134144K, used 50756K [0x00000000f7d00000, 0x0000000100000000, 0x0000000100000000)
 Metaspace       used 65120K, capacity 69770K, committed 69888K, reserved 1110016K
  class space    used 8392K, capacity 9186K, committed 9216K, reserved 1048576K
2022-09-12T02:06:55.603+0800: 390.380: [GC (Allocation Failure)  154823K->52143K(249344K), 0.0040825 secs]
Heap after GC invocations=843 (full 0):
 par new generation   total 115200K, used 1371K [0x00000000f0000000, 0x00000000f7d00000, 0x00000000f7d00000)
  eden space 102400K,   0% used [0x00000000f0000000, 0x00000000f0000000, 0x00000000f6400000)
  from space 12800K,  10% used [0x00000000f7080000, 0x00000000f71d6e10, 0x00000000f7d00000)
  to   space 12800K,   0% used [0x00000000f6400000, 0x00000000f6400000, 0x00000000f7080000)
 concurrent mark-sweep generation total 134144K, used 50771K [0x00000000f7d00000, 0x0000000100000000, 0x0000000100000000)
 Metaspace       used 65120K, capacity 69770K, committed 69888K, reserved 1110016K
  class space    used 8392K, capacity 9186K, committed 9216K, reserved 1048576K
}
{Heap before GC invocations=843 (full 0):
 par new generation   total 115200K, used 103771K [0x00000000f0000000, 0x00000000f7d00000, 0x00000000f7d00000)
  eden space 102400K, 100% used [0x00000000f0000000, 0x00000000f6400000, 0x00000000f6400000)
  from space 12800K,  10% used [0x00000000f7080000, 0x00000000f71d6e10, 0x00000000f7d00000)
  to   space 12800K,   0% used [0x00000000f6400000, 0x00000000f6400000, 0x00000000f7080000)
 concurrent mark-sweep generation total 134144K, used 50771K [0x00000000f7d00000, 0x0000000100000000, 0x0000000100000000)
 Metaspace       used 65120K, capacity 69770K, committed 69888K, reserved 1110016K
  class space    used 8392K, capacity 9186K, committed 9216K, reserved 1048576K
2022-09-12T02:06:55.952+0800: 390.729: [GC (Allocation Failure)  154543K->52336K(249344K), 0.0041164 secs]
Heap after GC invocations=844 (full 0):
 par new generation   total 115200K, used 1552K [0x00000000f0000000, 0x00000000f7d00000, 0x00000000f7d00000)
  eden space 102400K,   0% used [0x00000000f0000000, 0x00000000f0000000, 0x00000000f6400000)
  from space 12800K,  12% used [0x00000000f6400000, 0x00000000f6584170, 0x00000000f7080000)
  to   space 12800K,   0% used [0x00000000f7080000, 0x00000000f7080000, 0x00000000f7d00000)
 concurrent mark-sweep generation total 134144K, used 50784K [0x00000000f7d00000, 0x0000000100000000, 0x0000000100000000)
 Metaspace       used 65120K, capacity 69770K, committed 69888K, reserved 1110016K
  class space    used 8392K, capacity 9186K, committed 9216K, reserved 1048576K
}
{Heap before GC invocations=844 (full 0):
 par new generation   total 115200K, used 103952K [0x00000000f0000000, 0x00000000f7d00000, 0x00000000f7d00000)
  eden space 102400K, 100% used [0x00000000f0000000, 0x00000000f6400000, 0x00000000f6400000)
  from space 12800K,  12% used [0x00000000f6400000, 0x00000000f6584170, 0x00000000f7080000)
  to   space 12800K,   0% used [0x00000000f7080000, 0x00000000f7080000, 0x00000000f7d00000)
 concurrent mark-sweep generation total 134144K, used 50784K [0x00000000f7d00000, 0x0000000100000000, 0x0000000100000000)
 Metaspace       used 65120K, capacity 69770K, committed 69888K, reserved 1110016K
  class space    used 8392K, capacity 9186K, committed 9216K, reserved 1048576K
2022-09-12T02:06:56.299+0800: 391.077: [GC (Allocation Failure)  154736K->52452K(249344K), 0.0040599 secs]
Heap after GC invocations=845 (full 0):
 par new generation   total 115200K, used 1652K [0x00000000f0000000, 0x00000000f7d00000, 0x00000000f7d00000)
  eden space 102400K,   0% used [0x00000000f0000000, 0x00000000f0000000, 0x00000000f6400000)
  from space 12800K,  12% used [0x00000000f7080000, 0x00000000f721d348, 0x00000000f7d00000)
  to   space 12800K,   0% used [0x00000000f6400000, 0x00000000f6400000, 0x00000000f7080000)
 concurrent mark-sweep generation total 134144K, used 50799K [0x00000000f7d00000, 0x0000000100000000, 0x0000000100000000)
 Metaspace       used 65120K, capacity 69770K, committed 69888K, reserved 1110016K
  class space    used 8392K, capacity 9186K, committed 9216K, reserved 1048576K
}
{Heap before GC invocations=845 (full 0):
 par new generation   total 115200K, used 104052K [0x00000000f0000000, 0x00000000f7d00000, 0x00000000f7d00000)
  eden space 102400K, 100% used [0x00000000f0000000, 0x00000000f6400000, 0x00000000f6400000)
  from space 12800K,  12% used [0x00000000f7080000, 0x00000000f721d348, 0x00000000f7d00000)
  to   space 12800K,   0% used [0x00000000f6400000, 0x00000000f6400000, 0x00000000f7080000)
 concurrent mark-sweep generation total 134144K, used 50799K [0x00000000f7d00000, 0x0000000100000000, 0x0000000100000000)
 Metaspace       used 65121K, capacity 69770K, committed 69888K, reserved 1110016K
  class space    used 8392K, capacity 9186K, committed 9216K, reserved 1048576K
2022-09-12T02:06:56.645+0800: 391.422: [GC (Allocation Failure)  154852K->52043K(249344K), 0.0040007 secs]
Heap after GC invocations=846 (full 0):
 par new generation   total 115200K, used 1215K [0x00000000f0000000, 0x00000000f7d00000, 0x00000000f7d00000)
  eden space 102400K,   0% used [0x00000000f0000000, 0x00000000f0000000, 0x00000000f6400000)
  from space 12800K,   9% used [0x00000000f6400000, 0x00000000f652fdc0, 0x00000000f7080000)
  to   space 12800K,   0% used [0x00000000f7080000, 0x00000000f7080000, 0x00000000f7d00000)
 concurrent mark-sweep generation total 134144K, used 50827K [0x00000000f7d00000, 0x0000000100000000, 0x0000000100000000)
 Metaspace       used 65121K, capacity 69770K, committed 69888K, reserved 1110016K
  class space    used 8392K, capacity 9186K, committed 9216K, reserved 1048576K
}
{Heap before GC invocations=846 (full 0):
 par new generation   total 115200K, used 103615K [0x00000000f0000000, 0x00000000f7d00000, 0x00000000f7d00000)
  eden space 102400K,  99% used [0x00000000f0000000, 0x00000000f63fff40, 0x00000000f6400000)
  from space 12800K,   9% used [0x00000000f6400000, 0x00000000f652fdc0, 0x00000000f7080000)
  to   space 12800K,   0% used [0x00000000f7080000, 0x00000000f7080000, 0x00000000f7d00000)
 concurrent mark-sweep generation total 134144K, used 50827K [0x00000000f7d00000, 0x0000000100000000, 0x0000000100000000)
 Metaspace       used 65121K, capacity 69770K, committed 69888K, reserved 1110016K
  class space    used 8392K, capacity 9186K, committed 9216K, reserved 1048576K
2022-09-12T02:06:56.996+0800: 391.773: [GC (Allocation Failure)  154443K->52333K(249344K), 0.0042809 secs]
Heap after GC invocations=847 (full 0):
 par new generation   total 115200K, used 1495K [0x00000000f0000000, 0x00000000f7d00000, 0x00000000f7d00000)
  eden space 102400K,   0% used [0x00000000f0000000, 0x00000000f0000000, 0x00000000f6400000)
  from space 12800K,  11% used [0x00000000f7080000, 0x00000000f71f5d80, 0x00000000f7d00000)
  to   space 12800K,   0% used [0x00000000f6400000, 0x00000000f6400000, 0x00000000f7080000)
 concurrent mark-sweep generation total 134144K, used 50838K [0x00000000f7d00000, 0x0000000100000000, 0x0000000100000000)
 Metaspace       used 65121K, capacity 69770K, committed 69888K, reserved 1110016K
  class space    used 8392K, capacity 9186K, committed 9216K, reserved 1048576K
}
{Heap before GC invocations=847 (full 0):
 par new generation   total 115200K, used 103895K [0x00000000f0000000, 0x00000000f7d00000, 0x00000000f7d00000)
  eden space 102400K, 100% used [0x00000000f0000000, 0x00000000f6400000, 0x00000000f6400000)
  from space 12800K,  11% used [0x00000000f7080000, 0x00000000f71f5d80, 0x00000000f7d00000)
  to   space 12800K,   0% used [0x00000000f6400000, 0x00000000f6400000, 0x00000000f7080000)
 concurrent mark-sweep generation total 134144K, used 50838K [0x00000000f7d00000, 0x0000000100000000, 0x0000000100000000)
 Metaspace       used 65121K, capacity 69770K, committed 69888K, reserved 1110016K
  class space    used 8392K, capacity 9186K, committed 9216K, reserved 1048576K
2022-09-12T02:06:57.344+0800: 392.122: [GC (Allocation Failure)  154733K->52491K(249344K), 0.0040737 secs]
Heap after GC invocations=848 (full 0):
 par new generation   total 115200K, used 1636K [0x00000000f0000000, 0x00000000f7d00000, 0x00000000f7d00000)
  eden space 102400K,   0% used [0x00000000f0000000, 0x00000000f0000000, 0x00000000f6400000)
  from space 12800K,  12% used [0x00000000f6400000, 0x00000000f6599288, 0x00000000f7080000)
  to   space 12800K,   0% used [0x00000000f7080000, 0x00000000f7080000, 0x00000000f7d00000)
 concurrent mark-sweep generation total 134144K, used 50854K [0x00000000f7d00000, 0x0000000100000000, 0x0000000100000000)
 Metaspace       used 65121K, capacity 69770K, committed 69888K, reserved 1110016K
  class space    used 8392K, capacity 9186K, committed 9216K, reserved 1048576K
}
{Heap before GC invocations=848 (full 0):
 par new generation   total 115200K, used 104036K [0x00000000f0000000, 0x00000000f7d00000, 0x00000000f7d00000)
  eden space 102400K, 100% used [0x00000000f0000000, 0x00000000f6400000, 0x00000000f6400000)
  from space 12800K,  12% used [0x00000000f6400000, 0x00000000f6599288, 0x00000000f7080000)
  to   space 12800K,   0% used [0x00000000f7080000, 0x00000000f7080000, 0x00000000f7d00000)
 concurrent mark-sweep generation total 134144K, used 50854K [0x00000000f7d00000, 0x0000000100000000, 0x0000000100000000)
 Metaspace       used 65121K, capacity 69770K, committed 69888K, reserved 1110016K
  class space    used 8392K, capacity 9186K, committed 9216K, reserved 1048576K
2022-09-12T02:06:57.693+0800: 392.470: [GC (Allocation Failure)  154891K->52056K(249344K), 0.0041230 secs]
Heap after GC invocations=849 (full 0):
 par new generation   total 115200K, used 1187K [0x00000000f0000000, 0x00000000f7d00000, 0x00000000f7d00000)
  eden space 102400K,   0% used [0x00000000f0000000, 0x00000000f0000000, 0x00000000f6400000)
  from space 12800K,   9% used [0x00000000f7080000, 0x00000000f71a8cc0, 0x00000000f7d00000)
  to   space 12800K,   0% used [0x00000000f6400000, 0x00000000f6400000, 0x00000000f7080000)
 concurrent mark-sweep generation total 134144K, used 50868K [0x00000000f7d00000, 0x0000000100000000, 0x0000000100000000)
 Metaspace       used 65121K, capacity 69770K, committed 69888K, reserved 1110016K
  class space    used 8392K, capacity 9186K, committed 9216K, reserved 1048576K
}
{Heap before GC invocations=849 (full 0):
 par new generation   total 115200K, used 103587K [0x00000000f0000000, 0x00000000f7d00000, 0x00000000f7d00000)
  eden space 102400K, 100% used [0x00000000f0000000, 0x00000000f6400000, 0x00000000f6400000)
  from space 12800K,   9% used [0x00000000f7080000, 0x00000000f71a8cc0, 0x00000000f7d00000)
  to   space 12800K,   0% used [0x00000000f6400000, 0x00000000f6400000, 0x00000000f7080000)
 concurrent mark-sweep generation total 134144K, used 50868K [0x00000000f7d00000, 0x0000000100000000, 0x0000000100000000)
 Metaspace       used 65121K, capacity 69770K, committed 69888K, reserved 1110016K
  class space    used 8392K, capacity 9186K, committed 9216K, reserved 1048576K
2022-09-12T02:06:58.041+0800: 392.819: [GC (Allocation Failure)  154456K->52427K(249344K), 0.0040664 secs]
Heap after GC invocations=850 (full 0):
 par new generation   total 115200K, used 1543K [0x00000000f0000000, 0x00000000f7d00000, 0x00000000f7d00000)
  eden space 102400K,   0% used [0x00000000f0000000, 0x00000000f0000000, 0x00000000f6400000)
  from space 12800K,  12% used [0x00000000f6400000, 0x00000000f6581e00, 0x00000000f7080000)
  to   space 12800K,   0% used [0x00000000f7080000, 0x00000000f7080000, 0x00000000f7d00000)
 concurrent mark-sweep generation total 134144K, used 50883K [0x00000000f7d00000, 0x0000000100000000, 0x0000000100000000)
 Metaspace       used 65121K, capacity 69770K, committed 69888K, reserved 1110016K
  class space    used 8392K, capacity 9186K, committed 9216K, reserved 1048576K
}
{Heap before GC invocations=850 (full 0):
 par new generation   total 115200K, used 103943K [0x00000000f0000000, 0x00000000f7d00000, 0x00000000f7d00000)
  eden space 102400K, 100% used [0x00000000f0000000, 0x00000000f6400000, 0x00000000f6400000)
  from space 12800K,  12% used [0x00000000f6400000, 0x00000000f6581e00, 0x00000000f7080000)
  to   space 12800K,   0% used [0x00000000f7080000, 0x00000000f7080000, 0x00000000f7d00000)
 concurrent mark-sweep generation total 134144K, used 50883K [0x00000000f7d00000, 0x0000000100000000, 0x0000000100000000)
 Metaspace       used 65121K, capacity 69770K, committed 69888K, reserved 1110016K
  class space    used 8392K, capacity 9186K, committed 9216K, reserved 1048576K
2022-09-12T02:06:58.390+0800: 393.167: [GC (Allocation Failure)  154827K->52547K(249344K), 0.0040817 secs]
Heap after GC invocations=851 (full 0):
 par new generation   total 115200K, used 1645K [0x00000000f0000000, 0x00000000f7d00000, 0x00000000f7d00000)
  eden space 102400K,   0% used [0x00000000f0000000, 0x00000000f0000000, 0x00000000f6400000)
  from space 12800K,  12% used [0x00000000f7080000, 0x00000000f721b6d8, 0x00000000f7d00000)
  to   space 12800K,   0% used [0x00000000f6400000, 0x00000000f6400000, 0x00000000f7080000)
 concurrent mark-sweep generation total 134144K, used 50901K [0x00000000f7d00000, 0x0000000100000000, 0x0000000100000000)
 Metaspace       used 65121K, capacity 69770K, committed 69888K, reserved 1110016K
  class space    used 8392K, capacity 9186K, committed 9216K, reserved 1048576K
}
{Heap before GC invocations=851 (full 0):
 par new generation   total 115200K, used 104045K [0x00000000f0000000, 0x00000000f7d00000, 0x00000000f7d00000)
  eden space 102400K, 100% used [0x00000000f0000000, 0x00000000f6400000, 0x00000000f6400000)
  from space 12800K,  12% used [0x00000000f7080000, 0x00000000f721b6d8, 0x00000000f7d00000)
  to   space 12800K,   0% used [0x00000000f6400000, 0x00000000f6400000, 0x00000000f7080000)
 concurrent mark-sweep generation total 134144K, used 50901K [0x00000000f7d00000, 0x0000000100000000, 0x0000000100000000)
 Metaspace       used 65121K, capacity 69770K, committed 69888K, reserved 1110016K
  class space    used 8392K, capacity 9186K, committed 9216K, reserved 1048576K
2022-09-12T02:06:58.738+0800: 393.515: [GC (Allocation Failure)  154947K->52246K(249344K), 0.0039623 secs]
Heap after GC invocations=852 (full 0):
 par new generation   total 115200K, used 1327K [0x00000000f0000000, 0x00000000f7d00000, 0x00000000f7d00000)
  eden space 102400K,   0% used [0x00000000f0000000, 0x00000000f0000000, 0x00000000f6400000)
  from space 12800K,  10% used [0x00000000f6400000, 0x00000000f654bf20, 0x00000000f7080000)
  to   space 12800K,   0% used [0x00000000f7080000, 0x00000000f7080000, 0x00000000f7d00000)
 concurrent mark-sweep generation total 134144K, used 50919K [0x00000000f7d00000, 0x0000000100000000, 0x0000000100000000)
 Metaspace       used 65121K, capacity 69770K, committed 69888K, reserved 1110016K
  class space    used 8392K, capacity 9186K, committed 9216K, reserved 1048576K
}
{Heap before GC invocations=852 (full 0):
 par new generation   total 115200K, used 103727K [0x00000000f0000000, 0x00000000f7d00000, 0x00000000f7d00000)
  eden space 102400K, 100% used [0x00000000f0000000, 0x00000000f6400000, 0x00000000f6400000)
  from space 12800K,  10% used [0x00000000f6400000, 0x00000000f654bf20, 0x00000000f7080000)
  to   space 12800K,   0% used [0x00000000f7080000, 0x00000000f7080000, 0x00000000f7d00000)
 concurrent mark-sweep generation total 134144K, used 50919K [0x00000000f7d00000, 0x0000000100000000, 0x0000000100000000)
 Metaspace       used 65121K, capacity 69770K, committed 69888K, reserved 1110016K
  class space    used 8392K, capacity 9186K, committed 9216K, reserved 1048576K
2022-09-12T02:06:59.087+0800: 393.864: [GC (Allocation Failure)  154646K->52458K(249344K), 0.0040046 secs]
Heap after GC invocations=853 (full 0):
 par new generation   total 115200K, used 1529K [0x00000000f0000000, 0x00000000f7d00000, 0x00000000f7d00000)
  eden space 102400K,   0% used [0x00000000f0000000, 0x00000000f0000000, 0x00000000f6400000)
  from space 12800K,  11% used [0x00000000f7080000, 0x00000000f71fe5c8, 0x00000000f7d00000)
  to   space 12800K,   0% used [0x00000000f6400000, 0x00000000f6400000, 0x00000000f7080000)
 concurrent mark-sweep generation total 134144K, used 50929K [0x00000000f7d00000, 0x0000000100000000, 0x0000000100000000)
 Metaspace       used 65121K, capacity 69770K, committed 69888K, reserved 1110016K
  class space    used 8392K, capacity 9186K, committed 9216K, reserved 1048576K
}
{Heap before GC invocations=853 (full 0):
 par new generation   total 115200K, used 103929K [0x00000000f0000000, 0x00000000f7d00000, 0x00000000f7d00000)
  eden space 102400K, 100% used [0x00000000f0000000, 0x00000000f6400000, 0x00000000f6400000)
  from space 12800K,  11% used [0x00000000f7080000, 0x00000000f71fe5c8, 0x00000000f7d00000)
  to   space 12800K,   0% used [0x00000000f6400000, 0x00000000f6400000, 0x00000000f7080000)
 concurrent mark-sweep generation total 134144K, used 50929K [0x00000000f7d00000, 0x0000000100000000, 0x0000000100000000)
 Metaspace       used 65121K, capacity 69770K, committed 69888K, reserved 1110016K
  class space    used 8392K, capacity 9186K, committed 9216K, reserved 1048576K
2022-09-12T02:06:59.437+0800: 394.214: [GC (Allocation Failure)  154858K->52618K(249344K), 0.0041336 secs]
Heap after GC invocations=854 (full 0):
 par new generation   total 115200K, used 1661K [0x00000000f0000000, 0x00000000f7d00000, 0x00000000f7d00000)
  eden space 102400K,   0% used [0x00000000f0000000, 0x00000000f0000000, 0x00000000f6400000)
  from space 12800K,  12% used [0x00000000f6400000, 0x00000000f659f7d0, 0x00000000f7080000)
  to   space 12800K,   0% used [0x00000000f7080000, 0x00000000f7080000, 0x00000000f7d00000)
 concurrent mark-sweep generation total 134144K, used 50956K [0x00000000f7d00000, 0x0000000100000000, 0x0000000100000000)
 Metaspace       used 65121K, capacity 69770K, committed 69888K, reserved 1110016K
  class space    used 8392K, capacity 9186K, committed 9216K, reserved 1048576K
}
{Heap before GC invocations=854 (full 0):
 par new generation   total 115200K, used 104061K [0x00000000f0000000, 0x00000000f7d00000, 0x00000000f7d00000)
  eden space 102400K, 100% used [0x00000000f0000000, 0x00000000f6400000, 0x00000000f6400000)
  from space 12800K,  12% used [0x00000000f6400000, 0x00000000f659f7d0, 0x00000000f7080000)
  to   space 12800K,   0% used [0x00000000f7080000, 0x00000000f7080000, 0x00000000f7d00000)
 concurrent mark-sweep generation total 134144K, used 50956K [0x00000000f7d00000, 0x0000000100000000, 0x0000000100000000)
 Metaspace       used 65121K, capacity 69770K, committed 69888K, reserved 1110016K
  class space    used 8392K, capacity 9186K, committed 9216K, reserved 1048576K
2022-09-12T02:06:59.785+0800: 394.563: [GC (Allocation Failure)  155018K->52163K(249344K), 0.0039721 secs]
Heap after GC invocations=855 (full 0):
 par new generation   total 115200K, used 1196K [0x00000000f0000000, 0x00000000f7d00000, 0x00000000f7d00000)
  eden space 102400K,   0% used [0x00000000f0000000, 0x00000000f0000000, 0x00000000f6400000)
  from space 12800K,   9% used [0x00000000f7080000, 0x00000000f71ab100, 0x00000000f7d00000)
  to   space 12800K,   0% used [0x00000000f6400000, 0x00000000f6400000, 0x00000000f7080000)
 concurrent mark-sweep generation total 134144K, used 50966K [0x00000000f7d00000, 0x0000000100000000, 0x0000000100000000)
 Metaspace       used 65121K, capacity 69770K, committed 69888K, reserved 1110016K
  class space    used 8392K, capacity 9186K, committed 9216K, reserved 1048576K
}
{Heap before GC invocations=855 (full 0):
 par new generation   total 115200K, used 103596K [0x00000000f0000000, 0x00000000f7d00000, 0x00000000f7d00000)
  eden space 102400K, 100% used [0x00000000f0000000, 0x00000000f6400000, 0x00000000f6400000)
  from space 12800K,   9% used [0x00000000f7080000, 0x00000000f71ab100, 0x00000000f7d00000)
  to   space 12800K,   0% used [0x00000000f6400000, 0x00000000f6400000, 0x00000000f7080000)
 concurrent mark-sweep generation total 134144K, used 50966K [0x00000000f7d00000, 0x0000000100000000, 0x0000000100000000)
 Metaspace       used 65121K, capacity 69770K, committed 69888K, reserved 1110016K
  class space    used 8392K, capacity 9186K, committed 9216K, reserved 1048576K
2022-09-12T02:07:00.134+0800: 394.912: [GC (Allocation Failure)  154563K->52453K(249344K), 0.0041447 secs]
Heap after GC invocations=856 (full 0):
 par new generation   total 115200K, used 1472K [0x00000000f0000000, 0x00000000f7d00000, 0x00000000f7d00000)
  eden space 102400K,   0% used [0x00000000f0000000, 0x00000000f0000000, 0x00000000f6400000)
  from space 12800K,  11% used [0x00000000f6400000, 0x00000000f6570018, 0x00000000f7080000)
  to   space 12800K,   0% used [0x00000000f7080000, 0x00000000f7080000, 0x00000000f7d00000)
 concurrent mark-sweep generation total 134144K, used 50981K [0x00000000f7d00000, 0x0000000100000000, 0x0000000100000000)
 Metaspace       used 65121K, capacity 69770K, committed 69888K, reserved 1110016K
  class space    used 8392K, capacity 9186K, committed 9216K, reserved 1048576K
}
{Heap before GC invocations=856 (full 0):
 par new generation   total 115200K, used 103872K [0x00000000f0000000, 0x00000000f7d00000, 0x00000000f7d00000)
  eden space 102400K, 100% used [0x00000000f0000000, 0x00000000f6400000, 0x00000000f6400000)
  from space 12800K,  11% used [0x00000000f6400000, 0x00000000f6570018, 0x00000000f7080000)
  to   space 12800K,   0% used [0x00000000f7080000, 0x00000000f7080000, 0x00000000f7d00000)
 concurrent mark-sweep generation total 134144K, used 50981K [0x00000000f7d00000, 0x0000000100000000, 0x0000000100000000)
 Metaspace       used 65121K, capacity 69770K, committed 69888K, reserved 1110016K
  class space    used 8392K, capacity 9186K, committed 9216K, reserved 1048576K
2022-09-12T02:07:00.489+0800: 395.266: [GC (Allocation Failure)  154853K->52609K(249344K), 0.0040852 secs]
Heap after GC invocations=857 (full 0):
 par new generation   total 115200K, used 1614K [0x00000000f0000000, 0x00000000f7d00000, 0x00000000f7d00000)
  eden space 102400K,   0% used [0x00000000f0000000, 0x00000000f0000000, 0x00000000f6400000)
  from space 12800K,  12% used [0x00000000f7080000, 0x00000000f7213868, 0x00000000f7d00000)
  to   space 12800K,   0% used [0x00000000f6400000, 0x00000000f6400000, 0x00000000f7080000)
 concurrent mark-sweep generation total 134144K, used 50995K [0x00000000f7d00000, 0x0000000100000000, 0x0000000100000000)
 Metaspace       used 65121K, capacity 69770K, committed 69888K, reserved 1110016K
  class space    used 8392K, capacity 9186K, committed 9216K, reserved 1048576K
}
{Heap before GC invocations=857 (full 0):
 par new generation   total 115200K, used 104014K [0x00000000f0000000, 0x00000000f7d00000, 0x00000000f7d00000)
  eden space 102400K, 100% used [0x00000000f0000000, 0x00000000f6400000, 0x00000000f6400000)
  from space 12800K,  12% used [0x00000000f7080000, 0x00000000f7213868, 0x00000000f7d00000)
  to   space 12800K,   0% used [0x00000000f6400000, 0x00000000f6400000, 0x00000000f7080000)
 concurrent mark-sweep generation total 134144K, used 50995K [0x00000000f7d00000, 0x0000000100000000, 0x0000000100000000)
 Metaspace       used 65121K, capacity 69770K, committed 69888K, reserved 1110016K
  class space    used 8392K, capacity 9186K, committed 9216K, reserved 1048576K
2022-09-12T02:07:00.844+0800: 395.621: [GC (Allocation Failure)  155009K->52189K(249344K), 0.0041310 secs]
Heap after GC invocations=858 (full 0):
 par new generation   total 115200K, used 1176K [0x00000000f0000000, 0x00000000f7d00000, 0x00000000f7d00000)
  eden space 102400K,   0% used [0x00000000f0000000, 0x00000000f0000000, 0x00000000f6400000)
  from space 12800K,   9% used [0x00000000f6400000, 0x00000000f6526140, 0x00000000f7080000)
  to   space 12800K,   0% used [0x00000000f7080000, 0x00000000f7080000, 0x00000000f7d00000)
 concurrent mark-sweep generation total 134144K, used 51013K [0x00000000f7d00000, 0x0000000100000000, 0x0000000100000000)
 Metaspace       used 65121K, capacity 69770K, committed 69888K, reserved 1110016K
  class space    used 8392K, capacity 9186K, committed 9216K, reserved 1048576K
}
{Heap before GC invocations=858 (full 0):
 par new generation   total 115200K, used 103576K [0x00000000f0000000, 0x00000000f7d00000, 0x00000000f7d00000)
  eden space 102400K, 100% used [0x00000000f0000000, 0x00000000f6400000, 0x00000000f6400000)
  from space 12800K,   9% used [0x00000000f6400000, 0x00000000f6526140, 0x00000000f7080000)
  to   space 12800K,   0% used [0x00000000f7080000, 0x00000000f7080000, 0x00000000f7d00000)
 concurrent mark-sweep generation total 134144K, used 51013K [0x00000000f7d00000, 0x0000000100000000, 0x0000000100000000)
 Metaspace       used 65121K, capacity 69770K, committed 69888K, reserved 1110016K
  class space    used 8392K, capacity 9186K, committed 9216K, reserved 1048576K
2022-09-12T02:07:01.192+0800: 395.969: [GC (Allocation Failure)  154589K->52559K(249344K), 0.0040041 secs]
Heap after GC invocations=859 (full 0):
 par new generation   total 115200K, used 1533K [0x00000000f0000000, 0x00000000f7d00000, 0x00000000f7d00000)
  eden space 102400K,   0% used [0x00000000f0000000, 0x00000000f0000000, 0x00000000f6400000)
  from space 12800K,  11% used [0x00000000f7080000, 0x00000000f71ff470, 0x00000000f7d00000)
  to   space 12800K,   0% used [0x00000000f6400000, 0x00000000f6400000, 0x00000000f7080000)
 concurrent mark-sweep generation total 134144K, used 51026K [0x00000000f7d00000, 0x0000000100000000, 0x0000000100000000)
 Metaspace       used 65121K, capacity 69770K, committed 69888K, reserved 1110016K
  class space    used 8392K, capacity 9186K, committed 9216K, reserved 1048576K
}
{Heap before GC invocations=859 (full 0):
 par new generation   total 115200K, used 103933K [0x00000000f0000000, 0x00000000f7d00000, 0x00000000f7d00000)
  eden space 102400K, 100% used [0x00000000f0000000, 0x00000000f6400000, 0x00000000f6400000)
  from space 12800K,  11% used [0x00000000f7080000, 0x00000000f71ff470, 0x00000000f7d00000)
  to   space 12800K,   0% used [0x00000000f6400000, 0x00000000f6400000, 0x00000000f7080000)
 concurrent mark-sweep generation total 134144K, used 51026K [0x00000000f7d00000, 0x0000000100000000, 0x0000000100000000)
 Metaspace       used 65121K, capacity 69770K, committed 69888K, reserved 1110016K
  class space    used 8392K, capacity 9186K, committed 9216K, reserved 1048576K
2022-09-12T02:07:01.540+0800: 396.317: [GC (Allocation Failure)  154959K->52665K(249344K), 0.0041452 secs]
Heap after GC invocations=860 (full 0):
 par new generation   total 115200K, used 1620K [0x00000000f0000000, 0x00000000f7d00000, 0x00000000f7d00000)
  eden space 102400K,   0% used [0x00000000f0000000, 0x00000000f0000000, 0x00000000f6400000)
  from space 12800K,  12% used [0x00000000f6400000, 0x00000000f65952a8, 0x00000000f7080000)
  to   space 12800K,   0% used [0x00000000f7080000, 0x00000000f7080000, 0x00000000f7d00000)
 concurrent mark-sweep generation total 134144K, used 51044K [0x00000000f7d00000, 0x0000000100000000, 0x0000000100000000)
 Metaspace       used 65121K, capacity 69770K, committed 69888K, reserved 1110016K
  class space    used 8392K, capacity 9186K, committed 9216K, reserved 1048576K
}
{Heap before GC invocations=860 (full 0):
 par new generation   total 115200K, used 104020K [0x00000000f0000000, 0x00000000f7d00000, 0x00000000f7d00000)
  eden space 102400K, 100% used [0x00000000f0000000, 0x00000000f6400000, 0x00000000f6400000)
  from space 12800K,  12% used [0x00000000f6400000, 0x00000000f65952a8, 0x00000000f7080000)
  to   space 12800K,   0% used [0x00000000f7080000, 0x00000000f7080000, 0x00000000f7d00000)
 concurrent mark-sweep generation total 134144K, used 51044K [0x00000000f7d00000, 0x0000000100000000, 0x0000000100000000)
 Metaspace       used 65121K, capacity 69770K, committed 69888K, reserved 1110016K
  class space    used 8392K, capacity 9186K, committed 9216K, reserved 1048576K
2022-09-12T02:07:01.889+0800: 396.667: [GC (Allocation Failure)  155065K->52750K(249344K), 0.0041039 secs]
Heap after GC invocations=861 (full 0):
 par new generation   total 115200K, used 1688K [0x00000000f0000000, 0x00000000f7d00000, 0x00000000f7d00000)
  eden space 102400K,   0% used [0x00000000f0000000, 0x00000000f0000000, 0x00000000f6400000)
  from space 12800K,  13% used [0x00000000f7080000, 0x00000000f7226220, 0x00000000f7d00000)
  to   space 12800K,   0% used [0x00000000f6400000, 0x00000000f6400000, 0x00000000f7080000)
 concurrent mark-sweep generation total 134144K, used 51062K [0x00000000f7d00000, 0x0000000100000000, 0x0000000100000000)
 Metaspace       used 65121K, capacity 69770K, committed 69888K, reserved 1110016K
  class space    used 8392K, capacity 9186K, committed 9216K, reserved 1048576K
}
{Heap before GC invocations=861 (full 0):
 par new generation   total 115200K, used 104088K [0x00000000f0000000, 0x00000000f7d00000, 0x00000000f7d00000)
  eden space 102400K, 100% used [0x00000000f0000000, 0x00000000f6400000, 0x00000000f6400000)
  from space 12800K,  13% used [0x00000000f7080000, 0x00000000f7226220, 0x00000000f7d00000)
  to   space 12800K,   0% used [0x00000000f6400000, 0x00000000f6400000, 0x00000000f7080000)
 concurrent mark-sweep generation total 134144K, used 51062K [0x00000000f7d00000, 0x0000000100000000, 0x0000000100000000)
 Metaspace       used 65121K, capacity 69770K, committed 69888K, reserved 1110016K
  class space    used 8392K, capacity 9186K, committed 9216K, reserved 1048576K
2022-09-12T02:07:02.241+0800: 397.019: [GC (Allocation Failure)  155150K->52287K(249344K), 0.0041387 secs]
Heap after GC invocations=862 (full 0):
 par new generation   total 115200K, used 1204K [0x00000000f0000000, 0x00000000f7d00000, 0x00000000f7d00000)
  eden space 102400K,   0% used [0x00000000f0000000, 0x00000000f0000000, 0x00000000f6400000)
  from space 12800K,   9% used [0x00000000f6400000, 0x00000000f652d3c0, 0x00000000f7080000)
  to   space 12800K,   0% used [0x00000000f7080000, 0x00000000f7080000, 0x00000000f7d00000)
 concurrent mark-sweep generation total 134144K, used 51082K [0x00000000f7d00000, 0x0000000100000000, 0x0000000100000000)
 Metaspace       used 65121K, capacity 69770K, committed 69888K, reserved 1110016K
  class space    used 8392K, capacity 9186K, committed 9216K, reserved 1048576K
}
{Heap before GC invocations=862 (full 0):
 par new generation   total 115200K, used 103604K [0x00000000f0000000, 0x00000000f7d00000, 0x00000000f7d00000)
  eden space 102400K, 100% used [0x00000000f0000000, 0x00000000f6400000, 0x00000000f6400000)
  from space 12800K,   9% used [0x00000000f6400000, 0x00000000f652d3c0, 0x00000000f7080000)
  to   space 12800K,   0% used [0x00000000f7080000, 0x00000000f7080000, 0x00000000f7d00000)
 concurrent mark-sweep generation total 134144K, used 51082K [0x00000000f7d00000, 0x0000000100000000, 0x0000000100000000)
 Metaspace       used 65121K, capacity 69770K, committed 69888K, reserved 1110016K
  class space    used 8392K, capacity 9186K, committed 9216K, reserved 1048576K
2022-09-12T02:07:02.589+0800: 397.367: [GC (Allocation Failure)  154687K->52624K(249344K), 0.0042005 secs]
Heap after GC invocations=863 (full 0):
 par new generation   total 115200K, used 1530K [0x00000000f0000000, 0x00000000f7d00000, 0x00000000f7d00000)
  eden space 102400K,   0% used [0x00000000f0000000, 0x00000000f0000000, 0x00000000f6400000)
  from space 12800K,  11% used [0x00000000f7080000, 0x00000000f71fe948, 0x00000000f7d00000)
  to   space 12800K,   0% used [0x00000000f6400000, 0x00000000f6400000, 0x00000000f7080000)
 concurrent mark-sweep generation total 134144K, used 51094K [0x00000000f7d00000, 0x0000000100000000, 0x0000000100000000)
 Metaspace       used 65121K, capacity 69770K, committed 69888K, reserved 1110016K
  class space    used 8392K, capacity 9186K, committed 9216K, reserved 1048576K
}
{Heap before GC invocations=863 (full 0):
 par new generation   total 115200K, used 103930K [0x00000000f0000000, 0x00000000f7d00000, 0x00000000f7d00000)
  eden space 102400K, 100% used [0x00000000f0000000, 0x00000000f6400000, 0x00000000f6400000)
  from space 12800K,  11% used [0x00000000f7080000, 0x00000000f71fe948, 0x00000000f7d00000)
  to   space 12800K,   0% used [0x00000000f6400000, 0x00000000f6400000, 0x00000000f7080000)
 concurrent mark-sweep generation total 134144K, used 51094K [0x00000000f7d00000, 0x0000000100000000, 0x0000000100000000)
 Metaspace       used 65121K, capacity 69770K, committed 69888K, reserved 1110016K
  class space    used 8392K, capacity 9186K, committed 9216K, reserved 1048576K
2022-09-12T02:07:02.940+0800: 397.717: [GC (Allocation Failure)  155024K->52735K(249344K), 0.0041592 secs]
Heap after GC invocations=864 (full 0):
 par new generation   total 115200K, used 1624K [0x00000000f0000000, 0x00000000f7d00000, 0x00000000f7d00000)
  eden space 102400K,   0% used [0x00000000f0000000, 0x00000000f0000000, 0x00000000f6400000)
  from space 12800K,  12% used [0x00000000f6400000, 0x00000000f6596268, 0x00000000f7080000)
  to   space 12800K,   0% used [0x00000000f7080000, 0x00000000f7080000, 0x00000000f7d00000)
 concurrent mark-sweep generation total 134144K, used 51110K [0x00000000f7d00000, 0x0000000100000000, 0x0000000100000000)
 Metaspace       used 65121K, capacity 69770K, committed 69888K, reserved 1110016K
  class space    used 8392K, capacity 9186K, committed 9216K, reserved 1048576K
}
{Heap before GC invocations=864 (full 0):
 par new generation   total 115200K, used 104024K [0x00000000f0000000, 0x00000000f7d00000, 0x00000000f7d00000)
  eden space 102400K, 100% used [0x00000000f0000000, 0x00000000f6400000, 0x00000000f6400000)
  from space 12800K,  12% used [0x00000000f6400000, 0x00000000f6596268, 0x00000000f7080000)
  to   space 12800K,   0% used [0x00000000f7080000, 0x00000000f7080000, 0x00000000f7d00000)
 concurrent mark-sweep generation total 134144K, used 51110K [0x00000000f7d00000, 0x0000000100000000, 0x0000000100000000)
 Metaspace       used 65121K, capacity 69770K, committed 69888K, reserved 1110016K
  class space    used 8392K, capacity 9186K, committed 9216K, reserved 1048576K
2022-09-12T02:07:03.289+0800: 398.066: [GC (Allocation Failure)  155135K->52166K(249344K), 0.0041320 secs]
Heap after GC invocations=865 (full 0):
 par new generation   total 115200K, used 1043K [0x00000000f0000000, 0x00000000f7d00000, 0x00000000f7d00000)
  eden space 102400K,   0% used [0x00000000f0000000, 0x00000000f0000000, 0x00000000f6400000)
  from space 12800K,   8% used [0x00000000f7080000, 0x00000000f7184f48, 0x00000000f7d00000)
  to   space 12800K,   0% used [0x00000000f6400000, 0x00000000f6400000, 0x00000000f7080000)
 concurrent mark-sweep generation total 134144K, used 51122K [0x00000000f7d00000, 0x0000000100000000, 0x0000000100000000)
 Metaspace       used 65121K, capacity 69770K, committed 69888K, reserved 1110016K
  class space    used 8392K, capacity 9186K, committed 9216K, reserved 1048576K
}
{Heap before GC invocations=865 (full 0):
 par new generation   total 115200K, used 103443K [0x00000000f0000000, 0x00000000f7d00000, 0x00000000f7d00000)
  eden space 102400K, 100% used [0x00000000f0000000, 0x00000000f6400000, 0x00000000f6400000)
  from space 12800K,   8% used [0x00000000f7080000, 0x00000000f7184f48, 0x00000000f7d00000)
  to   space 12800K,   0% used [0x00000000f6400000, 0x00000000f6400000, 0x00000000f7080000)
 concurrent mark-sweep generation total 134144K, used 51122K [0x00000000f7d00000, 0x0000000100000000, 0x0000000100000000)
 Metaspace       used 65121K, capacity 69770K, committed 69888K, reserved 1110016K
  class space    used 8392K, capacity 9186K, committed 9216K, reserved 1048576K
2022-09-12T02:07:03.643+0800: 398.420: [GC (Allocation Failure)  154566K->52670K(249344K), 0.0048049 secs]
Heap after GC invocations=866 (full 0):
 par new generation   total 115200K, used 1530K [0x00000000f0000000, 0x00000000f7d00000, 0x00000000f7d00000)
  eden space 102400K,   0% used [0x00000000f0000000, 0x00000000f0000000, 0x00000000f6400000)
  from space 12800K,  11% used [0x00000000f6400000, 0x00000000f657eb08, 0x00000000f7080000)
  to   space 12800K,   0% used [0x00000000f7080000, 0x00000000f7080000, 0x00000000f7d00000)
 concurrent mark-sweep generation total 134144K, used 51140K [0x00000000f7d00000, 0x0000000100000000, 0x0000000100000000)
 Metaspace       used 65121K, capacity 69770K, committed 69888K, reserved 1110016K
  class space    used 8392K, capacity 9186K, committed 9216K, reserved 1048576K
}
{Heap before GC invocations=866 (full 0):
 par new generation   total 115200K, used 103930K [0x00000000f0000000, 0x00000000f7d00000, 0x00000000f7d00000)
  eden space 102400K, 100% used [0x00000000f0000000, 0x00000000f6400000, 0x00000000f6400000)
  from space 12800K,  11% used [0x00000000f6400000, 0x00000000f657eb08, 0x00000000f7080000)
  to   space 12800K,   0% used [0x00000000f7080000, 0x00000000f7080000, 0x00000000f7d00000)
 concurrent mark-sweep generation total 134144K, used 51140K [0x00000000f7d00000, 0x0000000100000000, 0x0000000100000000)
 Metaspace       used 65121K, capacity 69770K, committed 69888K, reserved 1110016K
  class space    used 8392K, capacity 9186K, committed 9216K, reserved 1048576K
2022-09-12T02:07:03.993+0800: 398.770: [GC (Allocation Failure)  155070K->52821K(249344K), 0.0040839 secs]
Heap after GC invocations=867 (full 0):
 par new generation   total 115200K, used 1663K [0x00000000f0000000, 0x00000000f7d00000, 0x00000000f7d00000)
  eden space 102400K,   0% used [0x00000000f0000000, 0x00000000f0000000, 0x00000000f6400000)
  from space 12800K,  12% used [0x00000000f7080000, 0x00000000f721fed0, 0x00000000f7d00000)
  to   space 12800K,   0% used [0x00000000f6400000, 0x00000000f6400000, 0x00000000f7080000)
 concurrent mark-sweep generation total 134144K, used 51157K [0x00000000f7d00000, 0x0000000100000000, 0x0000000100000000)
 Metaspace       used 65121K, capacity 69770K, committed 69888K, reserved 1110016K
  class space    used 8392K, capacity 9186K, committed 9216K, reserved 1048576K
}
{Heap before GC invocations=867 (full 0):
 par new generation   total 115200K, used 104063K [0x00000000f0000000, 0x00000000f7d00000, 0x00000000f7d00000)
  eden space 102400K, 100% used [0x00000000f0000000, 0x00000000f6400000, 0x00000000f6400000)
  from space 12800K,  12% used [0x00000000f7080000, 0x00000000f721fed0, 0x00000000f7d00000)
  to   space 12800K,   0% used [0x00000000f6400000, 0x00000000f6400000, 0x00000000f7080000)
 concurrent mark-sweep generation total 134144K, used 51157K [0x00000000f7d00000, 0x0000000100000000, 0x0000000100000000)
 Metaspace       used 65121K, capacity 69770K, committed 69888K, reserved 1110016K
  class space    used 8392K, capacity 9186K, committed 9216K, reserved 1048576K
2022-09-12T02:07:04.340+0800: 399.118: [GC (Allocation Failure)  155221K->52509K(249344K), 0.0042258 secs]
Heap after GC invocations=868 (full 0):
 par new generation   total 115200K, used 1337K [0x00000000f0000000, 0x00000000f7d00000, 0x00000000f7d00000)
  eden space 102400K,   0% used [0x00000000f0000000, 0x00000000f0000000, 0x00000000f6400000)
  from space 12800K,  10% used [0x00000000f6400000, 0x00000000f654e5a8, 0x00000000f7080000)
  to   space 12800K,   0% used [0x00000000f7080000, 0x00000000f7080000, 0x00000000f7d00000)
 concurrent mark-sweep generation total 134144K, used 51171K [0x00000000f7d00000, 0x0000000100000000, 0x0000000100000000)
 Metaspace       used 65121K, capacity 69770K, committed 69888K, reserved 1110016K
  class space    used 8392K, capacity 9186K, committed 9216K, reserved 1048576K
}
{Heap before GC invocations=868 (full 0):
 par new generation   total 115200K, used 103737K [0x00000000f0000000, 0x00000000f7d00000, 0x00000000f7d00000)
  eden space 102400K, 100% used [0x00000000f0000000, 0x00000000f6400000, 0x00000000f6400000)
  from space 12800K,  10% used [0x00000000f6400000, 0x00000000f654e5a8, 0x00000000f7080000)
  to   space 12800K,   0% used [0x00000000f7080000, 0x00000000f7080000, 0x00000000f7d00000)
 concurrent mark-sweep generation total 134144K, used 51171K [0x00000000f7d00000, 0x0000000100000000, 0x0000000100000000)
 Metaspace       used 65121K, capacity 69770K, committed 69888K, reserved 1110016K
  class space    used 8392K, capacity 9186K, committed 9216K, reserved 1048576K
2022-09-12T02:07:04.693+0800: 399.470: [GC (Allocation Failure)  154909K->52720K(249344K), 0.0041196 secs]
Heap after GC invocations=869 (full 0):
 par new generation   total 115200K, used 1525K [0x00000000f0000000, 0x00000000f7d00000, 0x00000000f7d00000)
  eden space 102400K,   0% used [0x00000000f0000000, 0x00000000f0000000, 0x00000000f6400000)
  from space 12800K,  11% used [0x00000000f7080000, 0x00000000f71fd6b0, 0x00000000f7d00000)
  to   space 12800K,   0% used [0x00000000f6400000, 0x00000000f6400000, 0x00000000f7080000)
 concurrent mark-sweep generation total 134144K, used 51194K [0x00000000f7d00000, 0x0000000100000000, 0x0000000100000000)
 Metaspace       used 65121K, capacity 69770K, committed 69888K, reserved 1110016K
  class space    used 8392K, capacity 9186K, committed 9216K, reserved 1048576K
}
{Heap before GC invocations=869 (full 0):
 par new generation   total 115200K, used 103925K [0x00000000f0000000, 0x00000000f7d00000, 0x00000000f7d00000)
  eden space 102400K, 100% used [0x00000000f0000000, 0x00000000f6400000, 0x00000000f6400000)
  from space 12800K,  11% used [0x00000000f7080000, 0x00000000f71fd6b0, 0x00000000f7d00000)
  to   space 12800K,   0% used [0x00000000f6400000, 0x00000000f6400000, 0x00000000f7080000)
 concurrent mark-sweep generation total 134144K, used 51194K [0x00000000f7d00000, 0x0000000100000000, 0x0000000100000000)
 Metaspace       used 65121K, capacity 69770K, committed 69888K, reserved 1110016K
  class space    used 8392K, capacity 9186K, committed 9216K, reserved 1048576K
2022-09-12T02:07:05.042+0800: 399.819: [GC (Allocation Failure)  155120K->52861K(249344K), 0.0040140 secs]
Heap after GC invocations=870 (full 0):
 par new generation   total 115200K, used 1653K [0x00000000f0000000, 0x00000000f7d00000, 0x00000000f7d00000)
  eden space 102400K,   0% used [0x00000000f0000000, 0x00000000f0000000, 0x00000000f6400000)
  from space 12800K,  12% used [0x00000000f6400000, 0x00000000f659d7e0, 0x00000000f7080000)
  to   space 12800K,   0% used [0x00000000f7080000, 0x00000000f7080000, 0x00000000f7d00000)
 concurrent mark-sweep generation total 134144K, used 51207K [0x00000000f7d00000, 0x0000000100000000, 0x0000000100000000)
 Metaspace       used 65121K, capacity 69770K, committed 69888K, reserved 1110016K
  class space    used 8392K, capacity 9186K, committed 9216K, reserved 1048576K
}
{Heap before GC invocations=870 (full 0):
 par new generation   total 115200K, used 104053K [0x00000000f0000000, 0x00000000f7d00000, 0x00000000f7d00000)
  eden space 102400K, 100% used [0x00000000f0000000, 0x00000000f6400000, 0x00000000f6400000)
  from space 12800K,  12% used [0x00000000f6400000, 0x00000000f659d7e0, 0x00000000f7080000)
  to   space 12800K,   0% used [0x00000000f7080000, 0x00000000f7080000, 0x00000000f7d00000)
 concurrent mark-sweep generation total 134144K, used 51207K [0x00000000f7d00000, 0x0000000100000000, 0x0000000100000000)
 Metaspace       used 65121K, capacity 69770K, committed 69888K, reserved 1110016K
  class space    used 8392K, capacity 9186K, committed 9216K, reserved 1048576K
2022-09-12T02:07:05.389+0800: 400.167: [GC (Allocation Failure)  155261K->52553K(249344K), 0.0040687 secs]
Heap after GC invocations=871 (full 0):
 par new generation   total 115200K, used 1331K [0x00000000f0000000, 0x00000000f7d00000, 0x00000000f7d00000)
  eden space 102400K,   0% used [0x00000000f0000000, 0x00000000f0000000, 0x00000000f6400000)
  from space 12800K,  10% used [0x00000000f7080000, 0x00000000f71cce08, 0x00000000f7d00000)
  to   space 12800K,   0% used [0x00000000f6400000, 0x00000000f6400000, 0x00000000f7080000)
 concurrent mark-sweep generation total 134144K, used 51221K [0x00000000f7d00000, 0x0000000100000000, 0x0000000100000000)
 Metaspace       used 65121K, capacity 69770K, committed 69888K, reserved 1110016K
  class space    used 8392K, capacity 9186K, committed 9216K, reserved 1048576K
}
{Heap before GC invocations=871 (full 0):
 par new generation   total 115200K, used 103731K [0x00000000f0000000, 0x00000000f7d00000, 0x00000000f7d00000)
  eden space 102400K, 100% used [0x00000000f0000000, 0x00000000f6400000, 0x00000000f6400000)
  from space 12800K,  10% used [0x00000000f7080000, 0x00000000f71cce08, 0x00000000f7d00000)
  to   space 12800K,   0% used [0x00000000f6400000, 0x00000000f6400000, 0x00000000f7080000)
 concurrent mark-sweep generation total 134144K, used 51221K [0x00000000f7d00000, 0x0000000100000000, 0x0000000100000000)
 Metaspace       used 65121K, capacity 69770K, committed 69888K, reserved 1110016K
  class space    used 8392K, capacity 9186K, committed 9216K, reserved 1048576K
2022-09-12T02:07:05.738+0800: 400.515: [GC (Allocation Failure)  154953K->52751K(249344K), 0.0045071 secs]
Heap after GC invocations=872 (full 0):
 par new generation   total 115200K, used 1517K [0x00000000f0000000, 0x00000000f7d00000, 0x00000000f7d00000)
  eden space 102400K,   0% used [0x00000000f0000000, 0x00000000f0000000, 0x00000000f6400000)
  from space 12800K,  11% used [0x00000000f6400000, 0x00000000f657b490, 0x00000000f7080000)
  to   space 12800K,   0% used [0x00000000f7080000, 0x00000000f7080000, 0x00000000f7d00000)
 concurrent mark-sweep generation total 134144K, used 51234K [0x00000000f7d00000, 0x0000000100000000, 0x0000000100000000)
 Metaspace       used 65121K, capacity 69770K, committed 69888K, reserved 1110016K
  class space    used 8392K, capacity 9186K, committed 9216K, reserved 1048576K
}
{Heap before GC invocations=872 (full 0):
 par new generation   total 115200K, used 103917K [0x00000000f0000000, 0x00000000f7d00000, 0x00000000f7d00000)
  eden space 102400K, 100% used [0x00000000f0000000, 0x00000000f6400000, 0x00000000f6400000)
  from space 12800K,  11% used [0x00000000f6400000, 0x00000000f657b490, 0x00000000f7080000)
  to   space 12800K,   0% used [0x00000000f7080000, 0x00000000f7080000, 0x00000000f7d00000)
 concurrent mark-sweep generation total 134144K, used 51234K [0x00000000f7d00000, 0x0000000100000000, 0x0000000100000000)
 Metaspace       used 65121K, capacity 69770K, committed 69888K, reserved 1110016K
  class space    used 8392K, capacity 9186K, committed 9216K, reserved 1048576K
2022-09-12T02:07:06.087+0800: 400.864: [GC (Allocation Failure)  155151K->52865K(249344K), 0.0042962 secs]
Heap after GC invocations=873 (full 0):
 par new generation   total 115200K, used 1613K [0x00000000f0000000, 0x00000000f7d00000, 0x00000000f7d00000)
  eden space 102400K,   0% used [0x00000000f0000000, 0x00000000f0000000, 0x00000000f6400000)
  from space 12800K,  12% used [0x00000000f7080000, 0x00000000f7213440, 0x00000000f7d00000)
  to   space 12800K,   0% used [0x00000000f6400000, 0x00000000f6400000, 0x00000000f7080000)
 concurrent mark-sweep generation total 134144K, used 51252K [0x00000000f7d00000, 0x0000000100000000, 0x0000000100000000)
 Metaspace       used 65121K, capacity 69770K, committed 69888K, reserved 1110016K
  class space    used 8392K, capacity 9186K, committed 9216K, reserved 1048576K
}
{Heap before GC invocations=873 (full 0):
 par new generation   total 115200K, used 104013K [0x00000000f0000000, 0x00000000f7d00000, 0x00000000f7d00000)
  eden space 102400K, 100% used [0x00000000f0000000, 0x00000000f6400000, 0x00000000f6400000)
  from space 12800K,  12% used [0x00000000f7080000, 0x00000000f7213440, 0x00000000f7d00000)
  to   space 12800K,   0% used [0x00000000f6400000, 0x00000000f6400000, 0x00000000f7080000)
 concurrent mark-sweep generation total 134144K, used 51252K [0x00000000f7d00000, 0x0000000100000000, 0x0000000100000000)
 Metaspace       used 65121K, capacity 69770K, committed 69888K, reserved 1110016K
  class space    used 8392K, capacity 9186K, committed 9216K, reserved 1048576K
2022-09-12T02:07:06.435+0800: 401.212: [GC (Allocation Failure)  155265K->52941K(249344K), 0.0042049 secs]
Heap after GC invocations=874 (full 0):
 par new generation   total 115200K, used 1673K [0x00000000f0000000, 0x00000000f7d00000, 0x00000000f7d00000)
  eden space 102400K,   0% used [0x00000000f0000000, 0x00000000f0000000, 0x00000000f6400000)
  from space 12800K,  13% used [0x00000000f6400000, 0x00000000f65a2710, 0x00000000f7080000)
  to   space 12800K,   0% used [0x00000000f7080000, 0x00000000f7080000, 0x00000000f7d00000)
 concurrent mark-sweep generation total 134144K, used 51267K [0x00000000f7d00000, 0x0000000100000000, 0x0000000100000000)
 Metaspace       used 65121K, capacity 69770K, committed 69888K, reserved 1110016K
  class space    used 8392K, capacity 9186K, committed 9216K, reserved 1048576K
}
{Heap before GC invocations=874 (full 0):
 par new generation   total 115200K, used 104073K [0x00000000f0000000, 0x00000000f7d00000, 0x00000000f7d00000)
  eden space 102400K, 100% used [0x00000000f0000000, 0x00000000f6400000, 0x00000000f6400000)
  from space 12800K,  13% used [0x00000000f6400000, 0x00000000f65a2710, 0x00000000f7080000)
  to   space 12800K,   0% used [0x00000000f7080000, 0x00000000f7080000, 0x00000000f7d00000)
 concurrent mark-sweep generation total 134144K, used 51267K [0x00000000f7d00000, 0x0000000100000000, 0x0000000100000000)
 Metaspace       used 65121K, capacity 69770K, committed 69888K, reserved 1110016K
  class space    used 8392K, capacity 9186K, committed 9216K, reserved 1048576K
2022-09-12T02:07:06.793+0800: 401.570: [GC (Allocation Failure)  155341K->52359K(249344K), 0.0040568 secs]
Heap after GC invocations=875 (full 0):
 par new generation   total 115200K, used 1071K [0x00000000f0000000, 0x00000000f7d00000, 0x00000000f7d00000)
  eden space 102400K,   0% used [0x00000000f0000000, 0x00000000f0000000, 0x00000000f6400000)
  from space 12800K,   8% used [0x00000000f7080000, 0x00000000f718bed8, 0x00000000f7d00000)
  to   space 12800K,   0% used [0x00000000f6400000, 0x00000000f6400000, 0x00000000f7080000)
 concurrent mark-sweep generation total 134144K, used 51288K [0x00000000f7d00000, 0x0000000100000000, 0x0000000100000000)
 Metaspace       used 65121K, capacity 69770K, committed 69888K, reserved 1110016K
  class space    used 8392K, capacity 9186K, committed 9216K, reserved 1048576K
}
{Heap before GC invocations=875 (full 0):
 par new generation   total 115200K, used 103471K [0x00000000f0000000, 0x00000000f7d00000, 0x00000000f7d00000)
  eden space 102400K, 100% used [0x00000000f0000000, 0x00000000f6400000, 0x00000000f6400000)
  from space 12800K,   8% used [0x00000000f7080000, 0x00000000f718bed8, 0x00000000f7d00000)
  to   space 12800K,   0% used [0x00000000f6400000, 0x00000000f6400000, 0x00000000f7080000)
 concurrent mark-sweep generation total 134144K, used 51288K [0x00000000f7d00000, 0x0000000100000000, 0x0000000100000000)
 Metaspace       used 65121K, capacity 69770K, committed 69888K, reserved 1110016K
  class space    used 8392K, capacity 9186K, committed 9216K, reserved 1048576K
2022-09-12T02:07:07.142+0800: 401.920: [GC (Allocation Failure)  154759K->52792K(249344K), 0.0040859 secs]
Heap after GC invocations=876 (full 0):
 par new generation   total 115200K, used 1490K [0x00000000f0000000, 0x00000000f7d00000, 0x00000000f7d00000)
  eden space 102400K,   0% used [0x00000000f0000000, 0x00000000f0000000, 0x00000000f6400000)
  from space 12800K,  11% used [0x00000000f6400000, 0x00000000f6574a40, 0x00000000f7080000)
  to   space 12800K,   0% used [0x00000000f7080000, 0x00000000f7080000, 0x00000000f7d00000)
 concurrent mark-sweep generation total 134144K, used 51302K [0x00000000f7d00000, 0x0000000100000000, 0x0000000100000000)
 Metaspace       used 65121K, capacity 69770K, committed 69888K, reserved 1110016K
  class space    used 8392K, capacity 9186K, committed 9216K, reserved 1048576K
}
{Heap before GC invocations=876 (full 0):
 par new generation   total 115200K, used 103890K [0x00000000f0000000, 0x00000000f7d00000, 0x00000000f7d00000)
  eden space 102400K, 100% used [0x00000000f0000000, 0x00000000f6400000, 0x00000000f6400000)
  from space 12800K,  11% used [0x00000000f6400000, 0x00000000f6574a40, 0x00000000f7080000)
  to   space 12800K,   0% used [0x00000000f7080000, 0x00000000f7080000, 0x00000000f7d00000)
 concurrent mark-sweep generation total 134144K, used 51302K [0x00000000f7d00000, 0x0000000100000000, 0x0000000100000000)
 Metaspace       used 65121K, capacity 69770K, committed 69888K, reserved 1110016K
  class space    used 8392K, capacity 9186K, committed 9216K, reserved 1048576K
2022-09-12T02:07:07.490+0800: 402.267: [GC (Allocation Failure)  155192K->52967K(249344K), 0.0040956 secs]
Heap after GC invocations=877 (full 0):
 par new generation   total 115200K, used 1647K [0x00000000f0000000, 0x00000000f7d00000, 0x00000000f7d00000)
  eden space 102400K,   0% used [0x00000000f0000000, 0x00000000f0000000, 0x00000000f6400000)
  from space 12800K,  12% used [0x00000000f7080000, 0x00000000f721bdd8, 0x00000000f7d00000)
  to   space 12800K,   0% used [0x00000000f6400000, 0x00000000f6400000, 0x00000000f7080000)
 concurrent mark-sweep generation total 134144K, used 51320K [0x00000000f7d00000, 0x0000000100000000, 0x0000000100000000)
 Metaspace       used 65121K, capacity 69770K, committed 69888K, reserved 1110016K
  class space    used 8392K, capacity 9186K, committed 9216K, reserved 1048576K
}
{Heap before GC invocations=877 (full 0):
 par new generation   total 115200K, used 104047K [0x00000000f0000000, 0x00000000f7d00000, 0x00000000f7d00000)
  eden space 102400K, 100% used [0x00000000f0000000, 0x00000000f6400000, 0x00000000f6400000)
  from space 12800K,  12% used [0x00000000f7080000, 0x00000000f721bdd8, 0x00000000f7d00000)
  to   space 12800K,   0% used [0x00000000f6400000, 0x00000000f6400000, 0x00000000f7080000)
 concurrent mark-sweep generation total 134144K, used 51320K [0x00000000f7d00000, 0x0000000100000000, 0x0000000100000000)
 Metaspace       used 65121K, capacity 69770K, committed 69888K, reserved 1110016K
  class space    used 8392K, capacity 9186K, committed 9216K, reserved 1048576K
2022-09-12T02:07:07.840+0800: 402.618: [GC (Allocation Failure)  155367K->52545K(249344K), 0.0041084 secs]
Heap after GC invocations=878 (full 0):
 par new generation   total 115200K, used 1211K [0x00000000f0000000, 0x00000000f7d00000, 0x00000000f7d00000)
  eden space 102400K,   0% used [0x00000000f0000000, 0x00000000f0000000, 0x00000000f6400000)
  from space 12800K,   9% used [0x00000000f6400000, 0x00000000f652ef40, 0x00000000f7080000)
  to   space 12800K,   0% used [0x00000000f7080000, 0x00000000f7080000, 0x00000000f7d00000)
 concurrent mark-sweep generation total 134144K, used 51334K [0x00000000f7d00000, 0x0000000100000000, 0x0000000100000000)
 Metaspace       used 65121K, capacity 69770K, committed 69888K, reserved 1110016K
  class space    used 8392K, capacity 9186K, committed 9216K, reserved 1048576K
}
{Heap before GC invocations=878 (full 0):
 par new generation   total 115200K, used 103611K [0x00000000f0000000, 0x00000000f7d00000, 0x00000000f7d00000)
  eden space 102400K, 100% used [0x00000000f0000000, 0x00000000f6400000, 0x00000000f6400000)
  from space 12800K,   9% used [0x00000000f6400000, 0x00000000f652ef40, 0x00000000f7080000)
  to   space 12800K,   0% used [0x00000000f7080000, 0x00000000f7080000, 0x00000000f7d00000)
 concurrent mark-sweep generation total 134144K, used 51334K [0x00000000f7d00000, 0x0000000100000000, 0x0000000100000000)
 Metaspace       used 65121K, capacity 69770K, committed 69888K, reserved 1110016K
  class space    used 8392K, capacity 9186K, committed 9216K, reserved 1048576K
2022-09-12T02:07:08.191+0800: 402.968: [GC (Allocation Failure)  154945K->52876K(249344K), 0.0040262 secs]
Heap after GC invocations=879 (full 0):
 par new generation   total 115200K, used 1525K [0x00000000f0000000, 0x00000000f7d00000, 0x00000000f7d00000)
  eden space 102400K,   0% used [0x00000000f0000000, 0x00000000f0000000, 0x00000000f6400000)
  from space 12800K,  11% used [0x00000000f7080000, 0x00000000f71fd678, 0x00000000f7d00000)
  to   space 12800K,   0% used [0x00000000f6400000, 0x00000000f6400000, 0x00000000f7080000)
 concurrent mark-sweep generation total 134144K, used 51350K [0x00000000f7d00000, 0x0000000100000000, 0x0000000100000000)
 Metaspace       used 65121K, capacity 69770K, committed 69888K, reserved 1110016K
  class space    used 8392K, capacity 9186K, committed 9216K, reserved 1048576K
}
{Heap before GC invocations=879 (full 0):
 par new generation   total 115200K, used 103925K [0x00000000f0000000, 0x00000000f7d00000, 0x00000000f7d00000)
  eden space 102400K, 100% used [0x00000000f0000000, 0x00000000f6400000, 0x00000000f6400000)
  from space 12800K,  11% used [0x00000000f7080000, 0x00000000f71fd678, 0x00000000f7d00000)
  to   space 12800K,   0% used [0x00000000f6400000, 0x00000000f6400000, 0x00000000f7080000)
 concurrent mark-sweep generation total 134144K, used 51350K [0x00000000f7d00000, 0x0000000100000000, 0x0000000100000000)
 Metaspace       used 65121K, capacity 69770K, committed 69888K, reserved 1110016K
  class space    used 8392K, capacity 9186K, committed 9216K, reserved 1048576K
2022-09-12T02:07:08.540+0800: 403.317: [GC (Allocation Failure)  155276K->53011K(249344K), 0.0040829 secs]
Heap after GC invocations=880 (full 0):
 par new generation   total 115200K, used 1646K [0x00000000f0000000, 0x00000000f7d00000, 0x00000000f7d00000)
  eden space 102400K,   0% used [0x00000000f0000000, 0x00000000f0000000, 0x00000000f6400000)
  from space 12800K,  12% used [0x00000000f6400000, 0x00000000f659ba20, 0x00000000f7080000)
  to   space 12800K,   0% used [0x00000000f7080000, 0x00000000f7080000, 0x00000000f7d00000)
 concurrent mark-sweep generation total 134144K, used 51364K [0x00000000f7d00000, 0x0000000100000000, 0x0000000100000000)
 Metaspace       used 65121K, capacity 69770K, committed 69888K, reserved 1110016K
  class space    used 8392K, capacity 9186K, committed 9216K, reserved 1048576K
}
{Heap before GC invocations=880 (full 0):
 par new generation   total 115200K, used 104046K [0x00000000f0000000, 0x00000000f7d00000, 0x00000000f7d00000)
  eden space 102400K, 100% used [0x00000000f0000000, 0x00000000f6400000, 0x00000000f6400000)
  from space 12800K,  12% used [0x00000000f6400000, 0x00000000f659ba20, 0x00000000f7080000)
  to   space 12800K,   0% used [0x00000000f7080000, 0x00000000f7080000, 0x00000000f7d00000)
 concurrent mark-sweep generation total 134144K, used 51364K [0x00000000f7d00000, 0x0000000100000000, 0x0000000100000000)
 Metaspace       used 65121K, capacity 69770K, committed 69888K, reserved 1110016K
  class space    used 8392K, capacity 9186K, committed 9216K, reserved 1048576K
2022-09-12T02:07:08.888+0800: 403.665: [GC (Allocation Failure)  155411K->52717K(249344K), 0.0040700 secs]
Heap after GC invocations=881 (full 0):
 par new generation   total 115200K, used 1337K [0x00000000f0000000, 0x00000000f7d00000, 0x00000000f7d00000)
  eden space 102400K,   0% used [0x00000000f0000000, 0x00000000f0000000, 0x00000000f6400000)
  from space 12800K,  10% used [0x00000000f7080000, 0x00000000f71ce758, 0x00000000f7d00000)
  to   space 12800K,   0% used [0x00000000f6400000, 0x00000000f6400000, 0x00000000f7080000)
 concurrent mark-sweep generation total 134144K, used 51380K [0x00000000f7d00000, 0x0000000100000000, 0x0000000100000000)
 Metaspace       used 65121K, capacity 69770K, committed 69888K, reserved 1110016K
  class space    used 8392K, capacity 9186K, committed 9216K, reserved 1048576K
}
{Heap before GC invocations=881 (full 0):
 par new generation   total 115200K, used 103737K [0x00000000f0000000, 0x00000000f7d00000, 0x00000000f7d00000)
  eden space 102400K, 100% used [0x00000000f0000000, 0x00000000f6400000, 0x00000000f6400000)
  from space 12800K,  10% used [0x00000000f7080000, 0x00000000f71ce758, 0x00000000f7d00000)
  to   space 12800K,   0% used [0x00000000f6400000, 0x00000000f6400000, 0x00000000f7080000)
 concurrent mark-sweep generation total 134144K, used 51380K [0x00000000f7d00000, 0x0000000100000000, 0x0000000100000000)
 Metaspace       used 65121K, capacity 69770K, committed 69888K, reserved 1110016K
  class space    used 8392K, capacity 9186K, committed 9216K, reserved 1048576K
2022-09-12T02:07:09.236+0800: 404.013: [GC (Allocation Failure)  155117K->52941K(249344K), 0.0039527 secs]
Heap after GC invocations=882 (full 0):
 par new generation   total 115200K, used 1546K [0x00000000f0000000, 0x00000000f7d00000, 0x00000000f7d00000)
  eden space 102400K,   0% used [0x00000000f0000000, 0x00000000f0000000, 0x00000000f6400000)
  from space 12800K,  12% used [0x00000000f6400000, 0x00000000f65828b8, 0x00000000f7080000)
  to   space 12800K,   0% used [0x00000000f7080000, 0x00000000f7080000, 0x00000000f7d00000)
 concurrent mark-sweep generation total 134144K, used 51395K [0x00000000f7d00000, 0x0000000100000000, 0x0000000100000000)
 Metaspace       used 65121K, capacity 69770K, committed 69888K, reserved 1110016K
  class space    used 8392K, capacity 9186K, committed 9216K, reserved 1048576K
}
{Heap before GC invocations=882 (full 0):
 par new generation   total 115200K, used 103946K [0x00000000f0000000, 0x00000000f7d00000, 0x00000000f7d00000)
  eden space 102400K, 100% used [0x00000000f0000000, 0x00000000f6400000, 0x00000000f6400000)
  from space 12800K,  12% used [0x00000000f6400000, 0x00000000f65828b8, 0x00000000f7080000)
  to   space 12800K,   0% used [0x00000000f7080000, 0x00000000f7080000, 0x00000000f7d00000)
 concurrent mark-sweep generation total 134144K, used 51395K [0x00000000f7d00000, 0x0000000100000000, 0x0000000100000000)
 Metaspace       used 65121K, capacity 69770K, committed 69888K, reserved 1110016K
  class space    used 8392K, capacity 9186K, committed 9216K, reserved 1048576K
2022-09-12T02:07:09.583+0800: 404.360: [GC (Allocation Failure)  155341K->53038K(249344K), 0.0042092 secs]
Heap after GC invocations=883 (full 0):
 par new generation   total 115200K, used 1624K [0x00000000f0000000, 0x00000000f7d00000, 0x00000000f7d00000)
  eden space 102400K,   0% used [0x00000000f0000000, 0x00000000f0000000, 0x00000000f6400000)
  from space 12800K,  12% used [0x00000000f7080000, 0x00000000f7216070, 0x00000000f7d00000)
  to   space 12800K,   0% used [0x00000000f6400000, 0x00000000f6400000, 0x00000000f7080000)
 concurrent mark-sweep generation total 134144K, used 51414K [0x00000000f7d00000, 0x0000000100000000, 0x0000000100000000)
 Metaspace       used 65121K, capacity 69770K, committed 69888K, reserved 1110016K
  class space    used 8392K, capacity 9186K, committed 9216K, reserved 1048576K
}
{Heap before GC invocations=883 (full 0):
 par new generation   total 115200K, used 104024K [0x00000000f0000000, 0x00000000f7d00000, 0x00000000f7d00000)
  eden space 102400K, 100% used [0x00000000f0000000, 0x00000000f6400000, 0x00000000f6400000)
  from space 12800K,  12% used [0x00000000f7080000, 0x00000000f7216070, 0x00000000f7d00000)
  to   space 12800K,   0% used [0x00000000f6400000, 0x00000000f6400000, 0x00000000f7080000)
 concurrent mark-sweep generation total 134144K, used 51414K [0x00000000f7d00000, 0x0000000100000000, 0x0000000100000000)
 Metaspace       used 65121K, capacity 69770K, committed 69888K, reserved 1110016K
  class space    used 8392K, capacity 9186K, committed 9216K, reserved 1048576K
2022-09-12T02:07:09.937+0800: 404.714: [GC (Allocation Failure)  155438K->53127K(249344K), 0.0041460 secs]
Heap after GC invocations=884 (full 0):
 par new generation   total 115200K, used 1693K [0x00000000f0000000, 0x00000000f7d00000, 0x00000000f7d00000)
  eden space 102400K,   0% used [0x00000000f0000000, 0x00000000f0000000, 0x00000000f6400000)
  from space 12800K,  13% used [0x00000000f6400000, 0x00000000f65a7758, 0x00000000f7080000)
  to   space 12800K,   0% used [0x00000000f7080000, 0x00000000f7080000, 0x00000000f7d00000)
 concurrent mark-sweep generation total 134144K, used 51433K [0x00000000f7d00000, 0x0000000100000000, 0x0000000100000000)
 Metaspace       used 65121K, capacity 69770K, committed 69888K, reserved 1110016K
  class space    used 8392K, capacity 9186K, committed 9216K, reserved 1048576K
}
{Heap before GC invocations=884 (full 0):
 par new generation   total 115200K, used 104093K [0x00000000f0000000, 0x00000000f7d00000, 0x00000000f7d00000)
  eden space 102400K, 100% used [0x00000000f0000000, 0x00000000f6400000, 0x00000000f6400000)
  from space 12800K,  13% used [0x00000000f6400000, 0x00000000f65a7758, 0x00000000f7080000)
  to   space 12800K,   0% used [0x00000000f7080000, 0x00000000f7080000, 0x00000000f7d00000)
 concurrent mark-sweep generation total 134144K, used 51433K [0x00000000f7d00000, 0x0000000100000000, 0x0000000100000000)
 Metaspace       used 65121K, capacity 69770K, committed 69888K, reserved 1110016K
  class space    used 8392K, capacity 9186K, committed 9216K, reserved 1048576K
2022-09-12T02:07:10.285+0800: 405.063: [GC (Allocation Failure)  155527K->52651K(249344K), 0.0040793 secs]
Heap after GC invocations=885 (full 0):
 par new generation   total 115200K, used 1201K [0x00000000f0000000, 0x00000000f7d00000, 0x00000000f7d00000)
  eden space 102400K,   0% used [0x00000000f0000000, 0x00000000f0000000, 0x00000000f6400000)
  from space 12800K,   9% used [0x00000000f7080000, 0x00000000f71ac580, 0x00000000f7d00000)
  to   space 12800K,   0% used [0x00000000f6400000, 0x00000000f6400000, 0x00000000f7080000)
 concurrent mark-sweep generation total 134144K, used 51450K [0x00000000f7d00000, 0x0000000100000000, 0x0000000100000000)
 Metaspace       used 65121K, capacity 69770K, committed 69888K, reserved 1110016K
  class space    used 8392K, capacity 9186K, committed 9216K, reserved 1048576K
}
{Heap before GC invocations=885 (full 0):
 par new generation   total 115200K, used 103601K [0x00000000f0000000, 0x00000000f7d00000, 0x00000000f7d00000)
  eden space 102400K, 100% used [0x00000000f0000000, 0x00000000f6400000, 0x00000000f6400000)
  from space 12800K,   9% used [0x00000000f7080000, 0x00000000f71ac580, 0x00000000f7d00000)
  to   space 12800K,   0% used [0x00000000f6400000, 0x00000000f6400000, 0x00000000f7080000)
 concurrent mark-sweep generation total 134144K, used 51450K [0x00000000f7d00000, 0x0000000100000000, 0x0000000100000000)
 Metaspace       used 65121K, capacity 69770K, committed 69888K, reserved 1110016K
  class space    used 8392K, capacity 9186K, committed 9216K, reserved 1048576K
2022-09-12T02:07:10.633+0800: 405.410: [GC (Allocation Failure)  155051K->52992K(249344K), 0.0041233 secs]
Heap after GC invocations=886 (full 0):
 par new generation   total 115200K, used 1529K [0x00000000f0000000, 0x00000000f7d00000, 0x00000000f7d00000)
  eden space 102400K,   0% used [0x00000000f0000000, 0x00000000f0000000, 0x00000000f6400000)
  from space 12800K,  11% used [0x00000000f6400000, 0x00000000f657e7c0, 0x00000000f7080000)
  to   space 12800K,   0% used [0x00000000f7080000, 0x00000000f7080000, 0x00000000f7d00000)
 concurrent mark-sweep generation total 134144K, used 51463K [0x00000000f7d00000, 0x0000000100000000, 0x0000000100000000)
 Metaspace       used 65121K, capacity 69770K, committed 69888K, reserved 1110016K
  class space    used 8392K, capacity 9186K, committed 9216K, reserved 1048576K
}
{Heap before GC invocations=886 (full 0):
 par new generation   total 115200K, used 103929K [0x00000000f0000000, 0x00000000f7d00000, 0x00000000f7d00000)
  eden space 102400K, 100% used [0x00000000f0000000, 0x00000000f6400000, 0x00000000f6400000)
  from space 12800K,  11% used [0x00000000f6400000, 0x00000000f657e7c0, 0x00000000f7080000)
  to   space 12800K,   0% used [0x00000000f7080000, 0x00000000f7080000, 0x00000000f7d00000)
 concurrent mark-sweep generation total 134144K, used 51463K [0x00000000f7d00000, 0x0000000100000000, 0x0000000100000000)
 Metaspace       used 65121K, capacity 69770K, committed 69888K, reserved 1110016K
  class space    used 8392K, capacity 9186K, committed 9216K, reserved 1048576K
2022-09-12T02:07:10.981+0800: 405.758: [GC (Allocation Failure)  155392K->53147K(249344K), 0.0040716 secs]
Heap after GC invocations=887 (full 0):
 par new generation   total 115200K, used 1668K [0x00000000f0000000, 0x00000000f7d00000, 0x00000000f7d00000)
  eden space 102400K,   0% used [0x00000000f0000000, 0x00000000f0000000, 0x00000000f6400000)
  from space 12800K,  13% used [0x00000000f7080000, 0x00000000f7221328, 0x00000000f7d00000)
  to   space 12800K,   0% used [0x00000000f6400000, 0x00000000f6400000, 0x00000000f7080000)
 concurrent mark-sweep generation total 134144K, used 51478K [0x00000000f7d00000, 0x0000000100000000, 0x0000000100000000)
 Metaspace       used 65121K, capacity 69770K, committed 69888K, reserved 1110016K
  class space    used 8392K, capacity 9186K, committed 9216K, reserved 1048576K
}
{Heap before GC invocations=887 (full 0):
 par new generation   total 115200K, used 104068K [0x00000000f0000000, 0x00000000f7d00000, 0x00000000f7d00000)
  eden space 102400K, 100% used [0x00000000f0000000, 0x00000000f6400000, 0x00000000f6400000)
  from space 12800K,  13% used [0x00000000f7080000, 0x00000000f7221328, 0x00000000f7d00000)
  to   space 12800K,   0% used [0x00000000f6400000, 0x00000000f6400000, 0x00000000f7080000)
 concurrent mark-sweep generation total 134144K, used 51478K [0x00000000f7d00000, 0x0000000100000000, 0x0000000100000000)
 Metaspace       used 65121K, capacity 69770K, committed 69888K, reserved 1110016K
  class space    used 8392K, capacity 9186K, committed 9216K, reserved 1048576K
2022-09-12T02:07:11.332+0800: 406.109: [GC (Allocation Failure)  155547K->52833K(249344K), 0.0040605 secs]
Heap after GC invocations=888 (full 0):
 par new generation   total 115200K, used 1342K [0x00000000f0000000, 0x00000000f7d00000, 0x00000000f7d00000)
  eden space 102400K,   0% used [0x00000000f0000000, 0x00000000f0000000, 0x00000000f6400000)
  from space 12800K,  10% used [0x00000000f6400000, 0x00000000f654fb98, 0x00000000f7080000)
  to   space 12800K,   0% used [0x00000000f7080000, 0x00000000f7080000, 0x00000000f7d00000)
 concurrent mark-sweep generation total 134144K, used 51491K [0x00000000f7d00000, 0x0000000100000000, 0x0000000100000000)
 Metaspace       used 65121K, capacity 69770K, committed 69888K, reserved 1110016K
  class space    used 8392K, capacity 9186K, committed 9216K, reserved 1048576K
}
{Heap before GC invocations=888 (full 0):
 par new generation   total 115200K, used 103742K [0x00000000f0000000, 0x00000000f7d00000, 0x00000000f7d00000)
  eden space 102400K, 100% used [0x00000000f0000000, 0x00000000f6400000, 0x00000000f6400000)
  from space 12800K,  10% used [0x00000000f6400000, 0x00000000f654fb98, 0x00000000f7080000)
  to   space 12800K,   0% used [0x00000000f7080000, 0x00000000f7080000, 0x00000000f7d00000)
 concurrent mark-sweep generation total 134144K, used 51491K [0x00000000f7d00000, 0x0000000100000000, 0x0000000100000000)
 Metaspace       used 65121K, capacity 69770K, committed 69888K, reserved 1110016K
  class space    used 8392K, capacity 9186K, committed 9216K, reserved 1048576K
2022-09-12T02:07:11.680+0800: 406.458: [GC (Allocation Failure)  155233K->53069K(249344K), 0.0040489 secs]
Heap after GC invocations=889 (full 0):
 par new generation   total 115200K, used 1564K [0x00000000f0000000, 0x00000000f7d00000, 0x00000000f7d00000)
  eden space 102400K,   0% used [0x00000000f0000000, 0x00000000f0000000, 0x00000000f6400000)
  from space 12800K,  12% used [0x00000000f7080000, 0x00000000f7207040, 0x00000000f7d00000)
  to   space 12800K,   0% used [0x00000000f6400000, 0x00000000f6400000, 0x00000000f7080000)
 concurrent mark-sweep generation total 134144K, used 51504K [0x00000000f7d00000, 0x0000000100000000, 0x0000000100000000)
 Metaspace       used 65121K, capacity 69770K, committed 69888K, reserved 1110016K
  class space    used 8392K, capacity 9186K, committed 9216K, reserved 1048576K
}
{Heap before GC invocations=889 (full 0):
 par new generation   total 115200K, used 103964K [0x00000000f0000000, 0x00000000f7d00000, 0x00000000f7d00000)
  eden space 102400K, 100% used [0x00000000f0000000, 0x00000000f6400000, 0x00000000f6400000)
  from space 12800K,  12% used [0x00000000f7080000, 0x00000000f7207040, 0x00000000f7d00000)
  to   space 12800K,   0% used [0x00000000f6400000, 0x00000000f6400000, 0x00000000f7080000)
 concurrent mark-sweep generation total 134144K, used 51504K [0x00000000f7d00000, 0x0000000100000000, 0x0000000100000000)
 Metaspace       used 65121K, capacity 69770K, committed 69888K, reserved 1110016K
  class space    used 8392K, capacity 9186K, committed 9216K, reserved 1048576K
2022-09-12T02:07:12.034+0800: 406.811: [GC (Allocation Failure)  155469K->53195K(249344K), 0.0039921 secs]
Heap after GC invocations=890 (full 0):
 par new generation   total 115200K, used 1673K [0x00000000f0000000, 0x00000000f7d00000, 0x00000000f7d00000)
  eden space 102400K,   0% used [0x00000000f0000000, 0x00000000f0000000, 0x00000000f6400000)
  from space 12800K,  13% used [0x00000000f6400000, 0x00000000f65a27b8, 0x00000000f7080000)
  to   space 12800K,   0% used [0x00000000f7080000, 0x00000000f7080000, 0x00000000f7d00000)
 concurrent mark-sweep generation total 134144K, used 51521K [0x00000000f7d00000, 0x0000000100000000, 0x0000000100000000)
 Metaspace       used 65121K, capacity 69770K, committed 69888K, reserved 1110016K
  class space    used 8392K, capacity 9186K, committed 9216K, reserved 1048576K
}
{Heap before GC invocations=890 (full 0):
 par new generation   total 115200K, used 104073K [0x00000000f0000000, 0x00000000f7d00000, 0x00000000f7d00000)
  eden space 102400K, 100% used [0x00000000f0000000, 0x00000000f6400000, 0x00000000f6400000)
  from space 12800K,  13% used [0x00000000f6400000, 0x00000000f65a27b8, 0x00000000f7080000)
  to   space 12800K,   0% used [0x00000000f7080000, 0x00000000f7080000, 0x00000000f7d00000)
 concurrent mark-sweep generation total 134144K, used 51521K [0x00000000f7d00000, 0x0000000100000000, 0x0000000100000000)
 Metaspace       used 65121K, capacity 69770K, committed 69888K, reserved 1110016K
  class space    used 8392K, capacity 9186K, committed 9216K, reserved 1048576K
2022-09-12T02:07:12.381+0800: 407.159: [GC (Allocation Failure)  155595K->52877K(249344K), 0.0042442 secs]
Heap after GC invocations=891 (full 0):
 par new generation   total 115200K, used 1334K [0x00000000f0000000, 0x00000000f7d00000, 0x00000000f7d00000)
  eden space 102400K,   0% used [0x00000000f0000000, 0x00000000f0000000, 0x00000000f6400000)
  from space 12800K,  10% used [0x00000000f7080000, 0x00000000f71cd870, 0x00000000f7d00000)
  to   space 12800K,   0% used [0x00000000f6400000, 0x00000000f6400000, 0x00000000f7080000)
 concurrent mark-sweep generation total 134144K, used 51543K [0x00000000f7d00000, 0x0000000100000000, 0x0000000100000000)
 Metaspace       used 65121K, capacity 69770K, committed 69888K, reserved 1110016K
  class space    used 8392K, capacity 9186K, committed 9216K, reserved 1048576K
}
{Heap before GC invocations=891 (full 0):
 par new generation   total 115200K, used 103734K [0x00000000f0000000, 0x00000000f7d00000, 0x00000000f7d00000)
  eden space 102400K, 100% used [0x00000000f0000000, 0x00000000f6400000, 0x00000000f6400000)
  from space 12800K,  10% used [0x00000000f7080000, 0x00000000f71cd870, 0x00000000f7d00000)
  to   space 12800K,   0% used [0x00000000f6400000, 0x00000000f6400000, 0x00000000f7080000)
 concurrent mark-sweep generation total 134144K, used 51543K [0x00000000f7d00000, 0x0000000100000000, 0x0000000100000000)
 Metaspace       used 65121K, capacity 69770K, committed 69888K, reserved 1110016K
  class space    used 8392K, capacity 9186K, committed 9216K, reserved 1048576K
2022-09-12T02:07:12.730+0800: 407.508: [GC (Allocation Failure)  155277K->53111K(249344K), 0.0041575 secs]
Heap after GC invocations=892 (full 0):
 par new generation   total 115200K, used 1546K [0x00000000f0000000, 0x00000000f7d00000, 0x00000000f7d00000)
  eden space 102400K,   0% used [0x00000000f0000000, 0x00000000f0000000, 0x00000000f6400000)
  from space 12800K,  12% used [0x00000000f6400000, 0x00000000f65828b8, 0x00000000f7080000)
  to   space 12800K,   0% used [0x00000000f7080000, 0x00000000f7080000, 0x00000000f7d00000)
 concurrent mark-sweep generation total 134144K, used 51565K [0x00000000f7d00000, 0x0000000100000000, 0x0000000100000000)
 Metaspace       used 65121K, capacity 69770K, committed 69888K, reserved 1110016K
  class space    used 8392K, capacity 9186K, committed 9216K, reserved 1048576K
}
{Heap before GC invocations=892 (full 0):
 par new generation   total 115200K, used 103946K [0x00000000f0000000, 0x00000000f7d00000, 0x00000000f7d00000)
  eden space 102400K, 100% used [0x00000000f0000000, 0x00000000f6400000, 0x00000000f6400000)
  from space 12800K,  12% used [0x00000000f6400000, 0x00000000f65828b8, 0x00000000f7080000)
  to   space 12800K,   0% used [0x00000000f7080000, 0x00000000f7080000, 0x00000000f7d00000)
 concurrent mark-sweep generation total 134144K, used 51565K [0x00000000f7d00000, 0x0000000100000000, 0x0000000100000000)
 Metaspace       used 65122K, capacity 69770K, committed 69888K, reserved 1110016K
  class space    used 8392K, capacity 9186K, committed 9216K, reserved 1048576K
2022-09-12T02:07:13.081+0800: 407.858: [GC (Allocation Failure)  155511K->53256K(249344K), 0.0043663 secs]
Heap after GC invocations=893 (full 0):
 par new generation   total 115200K, used 1676K [0x00000000f0000000, 0x00000000f7d00000, 0x00000000f7d00000)
  eden space 102400K,   0% used [0x00000000f0000000, 0x00000000f0000000, 0x00000000f6400000)
  from space 12800K,  13% used [0x00000000f7080000, 0x00000000f72231c8, 0x00000000f7d00000)
  to   space 12800K,   0% used [0x00000000f6400000, 0x00000000f6400000, 0x00000000f7080000)
 concurrent mark-sweep generation total 134144K, used 51580K [0x00000000f7d00000, 0x0000000100000000, 0x0000000100000000)
 Metaspace       used 65122K, capacity 69770K, committed 69888K, reserved 1110016K
  class space    used 8392K, capacity 9186K, committed 9216K, reserved 1048576K
}
{Heap before GC invocations=893 (full 0):
 par new generation   total 115200K, used 104076K [0x00000000f0000000, 0x00000000f7d00000, 0x00000000f7d00000)
  eden space 102400K, 100% used [0x00000000f0000000, 0x00000000f6400000, 0x00000000f6400000)
  from space 12800K,  13% used [0x00000000f7080000, 0x00000000f72231c8, 0x00000000f7d00000)
  to   space 12800K,   0% used [0x00000000f6400000, 0x00000000f6400000, 0x00000000f7080000)
 concurrent mark-sweep generation total 134144K, used 51580K [0x00000000f7d00000, 0x0000000100000000, 0x0000000100000000)
 Metaspace       used 65122K, capacity 69770K, committed 69888K, reserved 1110016K
  class space    used 8392K, capacity 9186K, committed 9216K, reserved 1048576K
2022-09-12T02:07:13.429+0800: 408.207: [GC (Allocation Failure)  155656K->52935K(249344K), 0.0040729 secs]
Heap after GC invocations=894 (full 0):
 par new generation   total 115200K, used 1341K [0x00000000f0000000, 0x00000000f7d00000, 0x00000000f7d00000)
  eden space 102400K,   0% used [0x00000000f0000000, 0x00000000f0000000, 0x00000000f6400000)
  from space 12800K,  10% used [0x00000000f6400000, 0x00000000f654f400, 0x00000000f7080000)
  to   space 12800K,   0% used [0x00000000f7080000, 0x00000000f7080000, 0x00000000f7d00000)
 concurrent mark-sweep generation total 134144K, used 51594K [0x00000000f7d00000, 0x0000000100000000, 0x0000000100000000)
 Metaspace       used 65122K, capacity 69770K, committed 69888K, reserved 1110016K
  class space    used 8392K, capacity 9186K, committed 9216K, reserved 1048576K
}
{Heap before GC invocations=894 (full 0):
 par new generation   total 115200K, used 103741K [0x00000000f0000000, 0x00000000f7d00000, 0x00000000f7d00000)
  eden space 102400K, 100% used [0x00000000f0000000, 0x00000000f6400000, 0x00000000f6400000)
  from space 12800K,  10% used [0x00000000f6400000, 0x00000000f654f400, 0x00000000f7080000)
  to   space 12800K,   0% used [0x00000000f7080000, 0x00000000f7080000, 0x00000000f7d00000)
 concurrent mark-sweep generation total 134144K, used 51594K [0x00000000f7d00000, 0x0000000100000000, 0x0000000100000000)
 Metaspace       used 65122K, capacity 69770K, committed 69888K, reserved 1110016K
  class space    used 8392K, capacity 9186K, committed 9216K, reserved 1048576K
2022-09-12T02:07:13.777+0800: 408.554: [GC (Allocation Failure)  155335K->53156K(249344K), 0.0040355 secs]
Heap after GC invocations=895 (full 0):
 par new generation   total 115200K, used 1545K [0x00000000f0000000, 0x00000000f7d00000, 0x00000000f7d00000)
  eden space 102400K,   0% used [0x00000000f0000000, 0x00000000f0000000, 0x00000000f6400000)
  from space 12800K,  12% used [0x00000000f7080000, 0x00000000f7202538, 0x00000000f7d00000)
  to   space 12800K,   0% used [0x00000000f6400000, 0x00000000f6400000, 0x00000000f7080000)
 concurrent mark-sweep generation total 134144K, used 51611K [0x00000000f7d00000, 0x0000000100000000, 0x0000000100000000)
 Metaspace       used 65122K, capacity 69770K, committed 69888K, reserved 1110016K
  class space    used 8392K, capacity 9186K, committed 9216K, reserved 1048576K
}
{Heap before GC invocations=895 (full 0):
 par new generation   total 115200K, used 103945K [0x00000000f0000000, 0x00000000f7d00000, 0x00000000f7d00000)
  eden space 102400K, 100% used [0x00000000f0000000, 0x00000000f6400000, 0x00000000f6400000)
  from space 12800K,  12% used [0x00000000f7080000, 0x00000000f7202538, 0x00000000f7d00000)
  to   space 12800K,   0% used [0x00000000f6400000, 0x00000000f6400000, 0x00000000f7080000)
 concurrent mark-sweep generation total 134144K, used 51611K [0x00000000f7d00000, 0x0000000100000000, 0x0000000100000000)
 Metaspace       used 65122K, capacity 69770K, committed 69888K, reserved 1110016K
  class space    used 8392K, capacity 9186K, committed 9216K, reserved 1048576K
2022-09-12T02:07:14.125+0800: 408.902: [GC (Allocation Failure)  155556K->53291K(249344K), 0.0039616 secs]
Heap after GC invocations=896 (full 0):
 par new generation   total 115200K, used 1671K [0x00000000f0000000, 0x00000000f7d00000, 0x00000000f7d00000)
  eden space 102400K,   0% used [0x00000000f0000000, 0x00000000f0000000, 0x00000000f6400000)
  from space 12800K,  13% used [0x00000000f6400000, 0x00000000f65a1c58, 0x00000000f7080000)
  to   space 12800K,   0% used [0x00000000f7080000, 0x00000000f7080000, 0x00000000f7d00000)
 concurrent mark-sweep generation total 134144K, used 51620K [0x00000000f7d00000, 0x0000000100000000, 0x0000000100000000)
 Metaspace       used 65122K, capacity 69770K, committed 69888K, reserved 1110016K
  class space    used 8392K, capacity 9186K, committed 9216K, reserved 1048576K
}
{Heap before GC invocations=896 (full 0):
 par new generation   total 115200K, used 104071K [0x00000000f0000000, 0x00000000f7d00000, 0x00000000f7d00000)
  eden space 102400K, 100% used [0x00000000f0000000, 0x00000000f6400000, 0x00000000f6400000)
  from space 12800K,  13% used [0x00000000f6400000, 0x00000000f65a1c58, 0x00000000f7080000)
  to   space 12800K,   0% used [0x00000000f7080000, 0x00000000f7080000, 0x00000000f7d00000)
 concurrent mark-sweep generation total 134144K, used 51620K [0x00000000f7d00000, 0x0000000100000000, 0x0000000100000000)
 Metaspace       used 65122K, capacity 69770K, committed 69888K, reserved 1110016K
  class space    used 8392K, capacity 9186K, committed 9216K, reserved 1048576K
2022-09-12T02:07:14.474+0800: 409.251: [GC (Allocation Failure)  155691K->52965K(249344K), 0.0040845 secs]
Heap after GC invocations=897 (full 0):
 par new generation   total 115200K, used 1329K [0x00000000f0000000, 0x00000000f7d00000, 0x00000000f7d00000)
  eden space 102400K,   0% used [0x00000000f0000000, 0x00000000f0000000, 0x00000000f6400000)
  from space 12800K,  10% used [0x00000000f7080000, 0x00000000f71cc790, 0x00000000f7d00000)
  to   space 12800K,   0% used [0x00000000f6400000, 0x00000000f6400000, 0x00000000f7080000)
 concurrent mark-sweep generation total 134144K, used 51635K [0x00000000f7d00000, 0x0000000100000000, 0x0000000100000000)
 Metaspace       used 65122K, capacity 69770K, committed 69888K, reserved 1110016K
  class space    used 8392K, capacity 9186K, committed 9216K, reserved 1048576K
}
{Heap before GC invocations=897 (full 0):
 par new generation   total 115200K, used 103729K [0x00000000f0000000, 0x00000000f7d00000, 0x00000000f7d00000)
  eden space 102400K, 100% used [0x00000000f0000000, 0x00000000f6400000, 0x00000000f6400000)
  from space 12800K,  10% used [0x00000000f7080000, 0x00000000f71cc790, 0x00000000f7d00000)
  to   space 12800K,   0% used [0x00000000f6400000, 0x00000000f6400000, 0x00000000f7080000)
 concurrent mark-sweep generation total 134144K, used 51635K [0x00000000f7d00000, 0x0000000100000000, 0x0000000100000000)
 Metaspace       used 65122K, capacity 69770K, committed 69888K, reserved 1110016K
  class space    used 8392K, capacity 9186K, committed 9216K, reserved 1048576K
2022-09-12T02:07:14.822+0800: 409.599: [GC (Allocation Failure)  155365K->53183K(249344K), 0.0040148 secs]
Heap after GC invocations=898 (full 0):
 par new generation   total 115200K, used 1530K [0x00000000f0000000, 0x00000000f7d00000, 0x00000000f7d00000)
  eden space 102400K,   0% used [0x00000000f0000000, 0x00000000f0000000, 0x00000000f6400000)
  from space 12800K,  11% used [0x00000000f6400000, 0x00000000f657e9b8, 0x00000000f7080000)
  to   space 12800K,   0% used [0x00000000f7080000, 0x00000000f7080000, 0x00000000f7d00000)
 concurrent mark-sweep generation total 134144K, used 51653K [0x00000000f7d00000, 0x0000000100000000, 0x0000000100000000)
 Metaspace       used 65122K, capacity 69770K, committed 69888K, reserved 1110016K
  class space    used 8392K, capacity 9186K, committed 9216K, reserved 1048576K
}
{Heap before GC invocations=898 (full 0):
 par new generation   total 115200K, used 103930K [0x00000000f0000000, 0x00000000f7d00000, 0x00000000f7d00000)
  eden space 102400K, 100% used [0x00000000f0000000, 0x00000000f6400000, 0x00000000f6400000)
  from space 12800K,  11% used [0x00000000f6400000, 0x00000000f657e9b8, 0x00000000f7080000)
  to   space 12800K,   0% used [0x00000000f7080000, 0x00000000f7080000, 0x00000000f7d00000)
 concurrent mark-sweep generation total 134144K, used 51653K [0x00000000f7d00000, 0x0000000100000000, 0x0000000100000000)
 Metaspace       used 65122K, capacity 69770K, committed 69888K, reserved 1110016K
  class space    used 8392K, capacity 9186K, committed 9216K, reserved 1048576K
2022-09-12T02:07:15.171+0800: 409.948: [GC (Allocation Failure)  155583K->53331K(249344K), 0.0039906 secs]
Heap after GC invocations=899 (full 0):
 par new generation   total 115200K, used 1653K [0x00000000f0000000, 0x00000000f7d00000, 0x00000000f7d00000)
  eden space 102400K,   0% used [0x00000000f0000000, 0x00000000f0000000, 0x00000000f6400000)
  from space 12800K,  12% used [0x00000000f7080000, 0x00000000f721d5e8, 0x00000000f7d00000)
  to   space 12800K,   0% used [0x00000000f6400000, 0x00000000f6400000, 0x00000000f7080000)
 concurrent mark-sweep generation total 134144K, used 51677K [0x00000000f7d00000, 0x0000000100000000, 0x0000000100000000)
 Metaspace       used 65122K, capacity 69770K, committed 69888K, reserved 1110016K
  class space    used 8392K, capacity 9186K, committed 9216K, reserved 1048576K
}
{Heap before GC invocations=899 (full 0):
 par new generation   total 115200K, used 104053K [0x00000000f0000000, 0x00000000f7d00000, 0x00000000f7d00000)
  eden space 102400K, 100% used [0x00000000f0000000, 0x00000000f6400000, 0x00000000f6400000)
  from space 12800K,  12% used [0x00000000f7080000, 0x00000000f721d5e8, 0x00000000f7d00000)
  to   space 12800K,   0% used [0x00000000f6400000, 0x00000000f6400000, 0x00000000f7080000)
 concurrent mark-sweep generation total 134144K, used 51677K [0x00000000f7d00000, 0x0000000100000000, 0x0000000100000000)
 Metaspace       used 65122K, capacity 69770K, committed 69888K, reserved 1110016K
  class space    used 8392K, capacity 9186K, committed 9216K, reserved 1048576K
2022-09-12T02:07:15.519+0800: 410.296: [GC (Allocation Failure)  155731K->52868K(249344K), 0.0039326 secs]
Heap after GC invocations=900 (full 0):
 par new generation   total 115200K, used 1178K [0x00000000f0000000, 0x00000000f7d00000, 0x00000000f7d00000)
  eden space 102400K,   0% used [0x00000000f0000000, 0x00000000f0000000, 0x00000000f6400000)
  from space 12800K,   9% used [0x00000000f6400000, 0x00000000f6526a80, 0x00000000f7080000)
  to   space 12800K,   0% used [0x00000000f7080000, 0x00000000f7080000, 0x00000000f7d00000)
 concurrent mark-sweep generation total 134144K, used 51690K [0x00000000f7d00000, 0x0000000100000000, 0x0000000100000000)
 Metaspace       used 65122K, capacity 69770K, committed 69888K, reserved 1110016K
  class space    used 8392K, capacity 9186K, committed 9216K, reserved 1048576K
}
{Heap before GC invocations=900 (full 0):
 par new generation   total 115200K, used 103578K [0x00000000f0000000, 0x00000000f7d00000, 0x00000000f7d00000)
  eden space 102400K, 100% used [0x00000000f0000000, 0x00000000f6400000, 0x00000000f6400000)
  from space 12800K,   9% used [0x00000000f6400000, 0x00000000f6526a80, 0x00000000f7080000)
  to   space 12800K,   0% used [0x00000000f7080000, 0x00000000f7080000, 0x00000000f7d00000)
 concurrent mark-sweep generation total 134144K, used 51690K [0x00000000f7d00000, 0x0000000100000000, 0x0000000100000000)
 Metaspace       used 65122K, capacity 69770K, committed 69888K, reserved 1110016K
  class space    used 8392K, capacity 9186K, committed 9216K, reserved 1048576K
2022-09-12T02:07:15.877+0800: 410.655: [GC (Allocation Failure)  155268K->53202K(249344K), 0.0039897 secs]
Heap after GC invocations=901 (full 0):
 par new generation   total 115200K, used 1496K [0x00000000f0000000, 0x00000000f7d00000, 0x00000000f7d00000)
  eden space 102400K,   0% used [0x00000000f0000000, 0x00000000f0000000, 0x00000000f6400000)
  from space 12800K,  11% used [0x00000000f7080000, 0x00000000f71f63d8, 0x00000000f7d00000)
  to   space 12800K,   0% used [0x00000000f6400000, 0x00000000f6400000, 0x00000000f7080000)
 concurrent mark-sweep generation total 134144K, used 51705K [0x00000000f7d00000, 0x0000000100000000, 0x0000000100000000)
 Metaspace       used 65122K, capacity 69770K, committed 69888K, reserved 1110016K
  class space    used 8392K, capacity 9186K, committed 9216K, reserved 1048576K
}
{Heap before GC invocations=901 (full 0):
 par new generation   total 115200K, used 103896K [0x00000000f0000000, 0x00000000f7d00000, 0x00000000f7d00000)
  eden space 102400K, 100% used [0x00000000f0000000, 0x00000000f6400000, 0x00000000f6400000)
  from space 12800K,  11% used [0x00000000f7080000, 0x00000000f71f63d8, 0x00000000f7d00000)
  to   space 12800K,   0% used [0x00000000f6400000, 0x00000000f6400000, 0x00000000f7080000)
 concurrent mark-sweep generation total 134144K, used 51705K [0x00000000f7d00000, 0x0000000100000000, 0x0000000100000000)
 Metaspace       used 65122K, capacity 69770K, committed 69888K, reserved 1110016K
  class space    used 8392K, capacity 9186K, committed 9216K, reserved 1048576K
2022-09-12T02:07:16.229+0800: 411.006: [GC (Allocation Failure)  155602K->53346K(249344K), 0.0041954 secs]
Heap after GC invocations=902 (full 0):
 par new generation   total 115200K, used 1622K [0x00000000f0000000, 0x00000000f7d00000, 0x00000000f7d00000)
  eden space 102400K,   0% used [0x00000000f0000000, 0x00000000f0000000, 0x00000000f6400000)
  from space 12800K,  12% used [0x00000000f6400000, 0x00000000f6595858, 0x00000000f7080000)
  to   space 12800K,   0% used [0x00000000f7080000, 0x00000000f7080000, 0x00000000f7d00000)
 concurrent mark-sweep generation total 134144K, used 51724K [0x00000000f7d00000, 0x0000000100000000, 0x0000000100000000)
 Metaspace       used 65122K, capacity 69770K, committed 69888K, reserved 1110016K
  class space    used 8392K, capacity 9186K, committed 9216K, reserved 1048576K
}
{Heap before GC invocations=902 (full 0):
 par new generation   total 115200K, used 104022K [0x00000000f0000000, 0x00000000f7d00000, 0x00000000f7d00000)
  eden space 102400K, 100% used [0x00000000f0000000, 0x00000000f6400000, 0x00000000f6400000)
  from space 12800K,  12% used [0x00000000f6400000, 0x00000000f6595858, 0x00000000f7080000)
  to   space 12800K,   0% used [0x00000000f7080000, 0x00000000f7080000, 0x00000000f7d00000)
 concurrent mark-sweep generation total 134144K, used 51724K [0x00000000f7d00000, 0x0000000100000000, 0x0000000100000000)
 Metaspace       used 65122K, capacity 69770K, committed 69888K, reserved 1110016K
  class space    used 8392K, capacity 9186K, committed 9216K, reserved 1048576K
2022-09-12T02:07:16.577+0800: 411.355: [GC (Allocation Failure)  155746K->53066K(249344K), 0.0040231 secs]
Heap after GC invocations=903 (full 0):
 par new generation   total 115200K, used 1329K [0x00000000f0000000, 0x00000000f7d00000, 0x00000000f7d00000)
  eden space 102400K,   0% used [0x00000000f0000000, 0x00000000f0000000, 0x00000000f6400000)
  from space 12800K,  10% used [0x00000000f7080000, 0x00000000f71cc508, 0x00000000f7d00000)
  to   space 12800K,   0% used [0x00000000f6400000, 0x00000000f6400000, 0x00000000f7080000)
 concurrent mark-sweep generation total 134144K, used 51737K [0x00000000f7d00000, 0x0000000100000000, 0x0000000100000000)
 Metaspace       used 65122K, capacity 69770K, committed 69888K, reserved 1110016K
  class space    used 8392K, capacity 9186K, committed 9216K, reserved 1048576K
}
{Heap before GC invocations=903 (full 0):
 par new generation   total 115200K, used 103729K [0x00000000f0000000, 0x00000000f7d00000, 0x00000000f7d00000)
  eden space 102400K, 100% used [0x00000000f0000000, 0x00000000f6400000, 0x00000000f6400000)
  from space 12800K,  10% used [0x00000000f7080000, 0x00000000f71cc508, 0x00000000f7d00000)
  to   space 12800K,   0% used [0x00000000f6400000, 0x00000000f6400000, 0x00000000f7080000)
 concurrent mark-sweep generation total 134144K, used 51737K [0x00000000f7d00000, 0x0000000100000000, 0x0000000100000000)
 Metaspace       used 65122K, capacity 69770K, committed 69888K, reserved 1110016K
  class space    used 8392K, capacity 9186K, committed 9216K, reserved 1048576K
2022-09-12T02:07:16.926+0800: 411.703: [GC (Allocation Failure)  155466K->53283K(249344K), 0.0039191 secs]
Heap after GC invocations=904 (full 0):
 par new generation   total 115200K, used 1534K [0x00000000f0000000, 0x00000000f7d00000, 0x00000000f7d00000)
  eden space 102400K,   0% used [0x00000000f0000000, 0x00000000f0000000, 0x00000000f6400000)
  from space 12800K,  11% used [0x00000000f6400000, 0x00000000f657f9b0, 0x00000000f7080000)
  to   space 12800K,   0% used [0x00000000f7080000, 0x00000000f7080000, 0x00000000f7d00000)
 concurrent mark-sweep generation total 134144K, used 51749K [0x00000000f7d00000, 0x0000000100000000, 0x0000000100000000)
 Metaspace       used 65122K, capacity 69770K, committed 69888K, reserved 1110016K
  class space    used 8392K, capacity 9186K, committed 9216K, reserved 1048576K
}
{Heap before GC invocations=904 (full 0):
 par new generation   total 115200K, used 103934K [0x00000000f0000000, 0x00000000f7d00000, 0x00000000f7d00000)
  eden space 102400K, 100% used [0x00000000f0000000, 0x00000000f6400000, 0x00000000f6400000)
  from space 12800K,  11% used [0x00000000f6400000, 0x00000000f657f9b0, 0x00000000f7080000)
  to   space 12800K,   0% used [0x00000000f7080000, 0x00000000f7080000, 0x00000000f7d00000)
 concurrent mark-sweep generation total 134144K, used 51749K [0x00000000f7d00000, 0x0000000100000000, 0x0000000100000000)
 Metaspace       used 65122K, capacity 69770K, committed 69888K, reserved 1110016K
  class space    used 8392K, capacity 9186K, committed 9216K, reserved 1048576K
2022-09-12T02:07:17.274+0800: 412.051: [GC (Allocation Failure)  155683K->53393K(249344K), 0.0039794 secs]
Heap after GC invocations=905 (full 0):
 par new generation   total 115200K, used 1627K [0x00000000f0000000, 0x00000000f7d00000, 0x00000000f7d00000)
  eden space 102400K,   0% used [0x00000000f0000000, 0x00000000f0000000, 0x00000000f6400000)
  from space 12800K,  12% used [0x00000000f7080000, 0x00000000f7216ee0, 0x00000000f7d00000)
  to   space 12800K,   0% used [0x00000000f6400000, 0x00000000f6400000, 0x00000000f7080000)
 concurrent mark-sweep generation total 134144K, used 51765K [0x00000000f7d00000, 0x0000000100000000, 0x0000000100000000)
 Metaspace       used 65122K, capacity 69770K, committed 69888K, reserved 1110016K
  class space    used 8392K, capacity 9186K, committed 9216K, reserved 1048576K
}
{Heap before GC invocations=905 (full 0):
 par new generation   total 115200K, used 104027K [0x00000000f0000000, 0x00000000f7d00000, 0x00000000f7d00000)
  eden space 102400K, 100% used [0x00000000f0000000, 0x00000000f6400000, 0x00000000f6400000)
  from space 12800K,  12% used [0x00000000f7080000, 0x00000000f7216ee0, 0x00000000f7d00000)
  to   space 12800K,   0% used [0x00000000f6400000, 0x00000000f6400000, 0x00000000f7080000)
 concurrent mark-sweep generation total 134144K, used 51765K [0x00000000f7d00000, 0x0000000100000000, 0x0000000100000000)
 Metaspace       used 65122K, capacity 69770K, committed 69888K, reserved 1110016K
  class space    used 8392K, capacity 9186K, committed 9216K, reserved 1048576K
2022-09-12T02:07:17.622+0800: 412.399: [GC (Allocation Failure)  155793K->53105K(249344K), 0.0041211 secs]
Heap after GC invocations=906 (full 0):
 par new generation   total 115200K, used 1324K [0x00000000f0000000, 0x00000000f7d00000, 0x00000000f7d00000)
  eden space 102400K,   0% used [0x00000000f0000000, 0x00000000f0000000, 0x00000000f6400000)
  from space 12800K,  10% used [0x00000000f6400000, 0x00000000f654b158, 0x00000000f7080000)
  to   space 12800K,   0% used [0x00000000f7080000, 0x00000000f7080000, 0x00000000f7d00000)
 concurrent mark-sweep generation total 134144K, used 51781K [0x00000000f7d00000, 0x0000000100000000, 0x0000000100000000)
 Metaspace       used 65122K, capacity 69770K, committed 69888K, reserved 1110016K
  class space    used 8392K, capacity 9186K, committed 9216K, reserved 1048576K
}
{Heap before GC invocations=906 (full 0):
 par new generation   total 115200K, used 103724K [0x00000000f0000000, 0x00000000f7d00000, 0x00000000f7d00000)
  eden space 102400K, 100% used [0x00000000f0000000, 0x00000000f6400000, 0x00000000f6400000)
  from space 12800K,  10% used [0x00000000f6400000, 0x00000000f654b158, 0x00000000f7080000)
  to   space 12800K,   0% used [0x00000000f7080000, 0x00000000f7080000, 0x00000000f7d00000)
 concurrent mark-sweep generation total 134144K, used 51781K [0x00000000f7d00000, 0x0000000100000000, 0x0000000100000000)
 Metaspace       used 65122K, capacity 69770K, committed 69888K, reserved 1110016K
  class space    used 8392K, capacity 9186K, committed 9216K, reserved 1048576K
2022-09-12T02:07:17.970+0800: 412.748: [GC (Allocation Failure)  155505K->53345K(249344K), 0.0042459 secs]
Heap after GC invocations=907 (full 0):
 par new generation   total 115200K, used 1541K [0x00000000f0000000, 0x00000000f7d00000, 0x00000000f7d00000)
  eden space 102400K,   0% used [0x00000000f0000000, 0x00000000f0000000, 0x00000000f6400000)
  from space 12800K,  12% used [0x00000000f7080000, 0x00000000f72015e8, 0x00000000f7d00000)
  to   space 12800K,   0% used [0x00000000f6400000, 0x00000000f6400000, 0x00000000f7080000)
 concurrent mark-sweep generation total 134144K, used 51804K [0x00000000f7d00000, 0x0000000100000000, 0x0000000100000000)
 Metaspace       used 65122K, capacity 69770K, committed 69888K, reserved 1110016K
  class space    used 8392K, capacity 9186K, committed 9216K, reserved 1048576K
}
{Heap before GC invocations=907 (full 0):
 par new generation   total 115200K, used 103941K [0x00000000f0000000, 0x00000000f7d00000, 0x00000000f7d00000)
  eden space 102400K, 100% used [0x00000000f0000000, 0x00000000f6400000, 0x00000000f6400000)
  from space 12800K,  12% used [0x00000000f7080000, 0x00000000f72015e8, 0x00000000f7d00000)
  to   space 12800K,   0% used [0x00000000f6400000, 0x00000000f6400000, 0x00000000f7080000)
 concurrent mark-sweep generation total 134144K, used 51804K [0x00000000f7d00000, 0x0000000100000000, 0x0000000100000000)
 Metaspace       used 65122K, capacity 69770K, committed 69888K, reserved 1110016K
  class space    used 8392K, capacity 9186K, committed 9216K, reserved 1048576K
2022-09-12T02:07:18.319+0800: 413.096: [GC (Allocation Failure)  155745K->53453K(249344K), 0.0039858 secs]
Heap after GC invocations=908 (full 0):
 par new generation   total 115200K, used 1633K [0x00000000f0000000, 0x00000000f7d00000, 0x00000000f7d00000)
  eden space 102400K,   0% used [0x00000000f0000000, 0x00000000f0000000, 0x00000000f6400000)
  from space 12800K,  12% used [0x00000000f6400000, 0x00000000f6598488, 0x00000000f7080000)
  to   space 12800K,   0% used [0x00000000f7080000, 0x00000000f7080000, 0x00000000f7d00000)
 concurrent mark-sweep generation total 134144K, used 51820K [0x00000000f7d00000, 0x0000000100000000, 0x0000000100000000)
 Metaspace       used 65122K, capacity 69770K, committed 69888K, reserved 1110016K
  class space    used 8392K, capacity 9186K, committed 9216K, reserved 1048576K
}
{Heap before GC invocations=908 (full 0):
 par new generation   total 115200K, used 104033K [0x00000000f0000000, 0x00000000f7d00000, 0x00000000f7d00000)
  eden space 102400K, 100% used [0x00000000f0000000, 0x00000000f6400000, 0x00000000f6400000)
  from space 12800K,  12% used [0x00000000f6400000, 0x00000000f6598488, 0x00000000f7080000)
  to   space 12800K,   0% used [0x00000000f7080000, 0x00000000f7080000, 0x00000000f7d00000)
 concurrent mark-sweep generation total 134144K, used 51820K [0x00000000f7d00000, 0x0000000100000000, 0x0000000100000000)
 Metaspace       used 65122K, capacity 69770K, committed 69888K, reserved 1110016K
  class space    used 8392K, capacity 9186K, committed 9216K, reserved 1048576K
2022-09-12T02:07:18.667+0800: 413.444: [GC (Allocation Failure)  155853K->53158K(249344K), 0.0041304 secs]
Heap after GC invocations=909 (full 0):
 par new generation   total 115200K, used 1318K [0x00000000f0000000, 0x00000000f7d00000, 0x00000000f7d00000)
  eden space 102400K,   0% used [0x00000000f0000000, 0x00000000f0000000, 0x00000000f6400000)
  from space 12800K,  10% used [0x00000000f7080000, 0x00000000f71c99b8, 0x00000000f7d00000)
  to   space 12800K,   0% used [0x00000000f6400000, 0x00000000f6400000, 0x00000000f7080000)
 concurrent mark-sweep generation total 134144K, used 51839K [0x00000000f7d00000, 0x0000000100000000, 0x0000000100000000)
 Metaspace       used 65122K, capacity 69770K, committed 69888K, reserved 1110016K
  class space    used 8392K, capacity 9186K, committed 9216K, reserved 1048576K
}
{Heap before GC invocations=909 (full 0):
 par new generation   total 115200K, used 103718K [0x00000000f0000000, 0x00000000f7d00000, 0x00000000f7d00000)
  eden space 102400K, 100% used [0x00000000f0000000, 0x00000000f6400000, 0x00000000f6400000)
  from space 12800K,  10% used [0x00000000f7080000, 0x00000000f71c99b8, 0x00000000f7d00000)
  to   space 12800K,   0% used [0x00000000f6400000, 0x00000000f6400000, 0x00000000f7080000)
 concurrent mark-sweep generation total 134144K, used 51839K [0x00000000f7d00000, 0x0000000100000000, 0x0000000100000000)
 Metaspace       used 65122K, capacity 69770K, committed 69888K, reserved 1110016K
  class space    used 8392K, capacity 9186K, committed 9216K, reserved 1048576K
2022-09-12T02:07:19.015+0800: 413.792: [GC (Allocation Failure)  155558K->53380K(249344K), 0.0041113 secs]
Heap after GC invocations=910 (full 0):
 par new generation   total 115200K, used 1532K [0x00000000f0000000, 0x00000000f7d00000, 0x00000000f7d00000)
  eden space 102400K,   0% used [0x00000000f0000000, 0x00000000f0000000, 0x00000000f6400000)
  from space 12800K,  11% used [0x00000000f6400000, 0x00000000f657f0f0, 0x00000000f7080000)
  to   space 12800K,   0% used [0x00000000f7080000, 0x00000000f7080000, 0x00000000f7d00000)
 concurrent mark-sweep generation total 134144K, used 51848K [0x00000000f7d00000, 0x0000000100000000, 0x0000000100000000)
 Metaspace       used 65122K, capacity 69770K, committed 69888K, reserved 1110016K
  class space    used 8392K, capacity 9186K, committed 9216K, reserved 1048576K
}
{Heap before GC invocations=910 (full 0):
 par new generation   total 115200K, used 103932K [0x00000000f0000000, 0x00000000f7d00000, 0x00000000f7d00000)
  eden space 102400K, 100% used [0x00000000f0000000, 0x00000000f6400000, 0x00000000f6400000)
  from space 12800K,  11% used [0x00000000f6400000, 0x00000000f657f0f0, 0x00000000f7080000)
  to   space 12800K,   0% used [0x00000000f7080000, 0x00000000f7080000, 0x00000000f7d00000)
 concurrent mark-sweep generation total 134144K, used 51848K [0x00000000f7d00000, 0x0000000100000000, 0x0000000100000000)
 Metaspace       used 65122K, capacity 69770K, committed 69888K, reserved 1110016K
  class space    used 8392K, capacity 9186K, committed 9216K, reserved 1048576K
2022-09-12T02:07:19.369+0800: 414.146: [GC (Allocation Failure)  155780K->53525K(249344K), 0.0040032 secs]
Heap after GC invocations=911 (full 0):
 par new generation   total 115200K, used 1656K [0x00000000f0000000, 0x00000000f7d00000, 0x00000000f7d00000)
  eden space 102400K,   0% used [0x00000000f0000000, 0x00000000f0000000, 0x00000000f6400000)
  from space 12800K,  12% used [0x00000000f7080000, 0x00000000f721e2d0, 0x00000000f7d00000)
  to   space 12800K,   0% used [0x00000000f6400000, 0x00000000f6400000, 0x00000000f7080000)
 concurrent mark-sweep generation total 134144K, used 51869K [0x00000000f7d00000, 0x0000000100000000, 0x0000000100000000)
 Metaspace       used 65122K, capacity 69770K, committed 69888K, reserved 1110016K
  class space    used 8392K, capacity 9186K, committed 9216K, reserved 1048576K
}
{Heap before GC invocations=911 (full 0):
 par new generation   total 115200K, used 104056K [0x00000000f0000000, 0x00000000f7d00000, 0x00000000f7d00000)
  eden space 102400K, 100% used [0x00000000f0000000, 0x00000000f6400000, 0x00000000f6400000)
  from space 12800K,  12% used [0x00000000f7080000, 0x00000000f721e2d0, 0x00000000f7d00000)
  to   space 12800K,   0% used [0x00000000f6400000, 0x00000000f6400000, 0x00000000f7080000)
 concurrent mark-sweep generation total 134144K, used 51869K [0x00000000f7d00000, 0x0000000100000000, 0x0000000100000000)
 Metaspace       used 65122K, capacity 69770K, committed 69888K, reserved 1110016K
  class space    used 8392K, capacity 9186K, committed 9216K, reserved 1048576K
2022-09-12T02:07:19.717+0800: 414.494: [GC (Allocation Failure)  155925K->53193K(249344K), 0.0040186 secs]
Heap after GC invocations=912 (full 0):
 par new generation   total 115200K, used 1315K [0x00000000f0000000, 0x00000000f7d00000, 0x00000000f7d00000)
  eden space 102400K,   0% used [0x00000000f0000000, 0x00000000f0000000, 0x00000000f6400000)
  from space 12800K,  10% used [0x00000000f6400000, 0x00000000f6548f50, 0x00000000f7080000)
  to   space 12800K,   0% used [0x00000000f7080000, 0x00000000f7080000, 0x00000000f7d00000)
 concurrent mark-sweep generation total 134144K, used 51878K [0x00000000f7d00000, 0x0000000100000000, 0x0000000100000000)
 Metaspace       used 65122K, capacity 69770K, committed 69888K, reserved 1110016K
  class space    used 8392K, capacity 9186K, committed 9216K, reserved 1048576K
}
{Heap before GC invocations=912 (full 0):
 par new generation   total 115200K, used 103715K [0x00000000f0000000, 0x00000000f7d00000, 0x00000000f7d00000)
  eden space 102400K, 100% used [0x00000000f0000000, 0x00000000f6400000, 0x00000000f6400000)
  from space 12800K,  10% used [0x00000000f6400000, 0x00000000f6548f50, 0x00000000f7080000)
  to   space 12800K,   0% used [0x00000000f7080000, 0x00000000f7080000, 0x00000000f7d00000)
 concurrent mark-sweep generation total 134144K, used 51878K [0x00000000f7d00000, 0x0000000100000000, 0x0000000100000000)
 Metaspace       used 65122K, capacity 69770K, committed 69888K, reserved 1110016K
  class space    used 8392K, capacity 9186K, committed 9216K, reserved 1048576K
2022-09-12T02:07:20.065+0800: 414.842: [GC (Allocation Failure)  155593K->53425K(249344K), 0.0041802 secs]
Heap after GC invocations=913 (full 0):
 par new generation   total 115200K, used 1530K [0x00000000f0000000, 0x00000000f7d00000, 0x00000000f7d00000)
  eden space 102400K,   0% used [0x00000000f0000000, 0x00000000f0000000, 0x00000000f6400000)
  from space 12800K,  11% used [0x00000000f7080000, 0x00000000f71fead0, 0x00000000f7d00000)
  to   space 12800K,   0% used [0x00000000f6400000, 0x00000000f6400000, 0x00000000f7080000)
 concurrent mark-sweep generation total 134144K, used 51894K [0x00000000f7d00000, 0x0000000100000000, 0x0000000100000000)
 Metaspace       used 65122K, capacity 69770K, committed 69888K, reserved 1110016K
  class space    used 8392K, capacity 9186K, committed 9216K, reserved 1048576K
}
{Heap before GC invocations=913 (full 0):
 par new generation   total 115200K, used 103930K [0x00000000f0000000, 0x00000000f7d00000, 0x00000000f7d00000)
  eden space 102400K, 100% used [0x00000000f0000000, 0x00000000f6400000, 0x00000000f6400000)
  from space 12800K,  11% used [0x00000000f7080000, 0x00000000f71fead0, 0x00000000f7d00000)
  to   space 12800K,   0% used [0x00000000f6400000, 0x00000000f6400000, 0x00000000f7080000)
 concurrent mark-sweep generation total 134144K, used 51894K [0x00000000f7d00000, 0x0000000100000000, 0x0000000100000000)
 Metaspace       used 65122K, capacity 69770K, committed 69888K, reserved 1110016K
  class space    used 8392K, capacity 9186K, committed 9216K, reserved 1048576K
2022-09-12T02:07:20.416+0800: 415.193: [GC (Allocation Failure)  155825K->53573K(249344K), 0.0040303 secs]
Heap after GC invocations=914 (full 0):
 par new generation   total 115200K, used 1663K [0x00000000f0000000, 0x00000000f7d00000, 0x00000000f7d00000)
  eden space 102400K,   0% used [0x00000000f0000000, 0x00000000f0000000, 0x00000000f6400000)
  from space 12800K,  12% used [0x00000000f6400000, 0x00000000f659fc68, 0x00000000f7080000)
  to   space 12800K,   0% used [0x00000000f7080000, 0x00000000f7080000, 0x00000000f7d00000)
 concurrent mark-sweep generation total 134144K, used 51909K [0x00000000f7d00000, 0x0000000100000000, 0x0000000100000000)
 Metaspace       used 65122K, capacity 69770K, committed 69888K, reserved 1110016K
  class space    used 8392K, capacity 9186K, committed 9216K, reserved 1048576K
}
{Heap before GC invocations=914 (full 0):
 par new generation   total 115200K, used 104063K [0x00000000f0000000, 0x00000000f7d00000, 0x00000000f7d00000)
  eden space 102400K, 100% used [0x00000000f0000000, 0x00000000f6400000, 0x00000000f6400000)
  from space 12800K,  12% used [0x00000000f6400000, 0x00000000f659fc68, 0x00000000f7080000)
  to   space 12800K,   0% used [0x00000000f7080000, 0x00000000f7080000, 0x00000000f7d00000)
 concurrent mark-sweep generation total 134144K, used 51909K [0x00000000f7d00000, 0x0000000100000000, 0x0000000100000000)
 Metaspace       used 65122K, capacity 69770K, committed 69888K, reserved 1110016K
  class space    used 8392K, capacity 9186K, committed 9216K, reserved 1048576K
2022-09-12T02:07:20.763+0800: 415.540: [GC (Allocation Failure)  155973K->53134K(249344K), 0.0040837 secs]
Heap after GC invocations=915 (full 0):
 par new generation   total 115200K, used 1199K [0x00000000f0000000, 0x00000000f7d00000, 0x00000000f7d00000)
  eden space 102400K,   0% used [0x00000000f0000000, 0x00000000f0000000, 0x00000000f6400000)
  from space 12800K,   9% used [0x00000000f7080000, 0x00000000f71abcc0, 0x00000000f7d00000)
  to   space 12800K,   0% used [0x00000000f6400000, 0x00000000f6400000, 0x00000000f7080000)
 concurrent mark-sweep generation total 134144K, used 51935K [0x00000000f7d00000, 0x0000000100000000, 0x0000000100000000)
 Metaspace       used 65122K, capacity 69770K, committed 69888K, reserved 1110016K
  class space    used 8392K, capacity 9186K, committed 9216K, reserved 1048576K
}
{Heap before GC invocations=915 (full 0):
 par new generation   total 115200K, used 103599K [0x00000000f0000000, 0x00000000f7d00000, 0x00000000f7d00000)
  eden space 102400K, 100% used [0x00000000f0000000, 0x00000000f6400000, 0x00000000f6400000)
  from space 12800K,   9% used [0x00000000f7080000, 0x00000000f71abcc0, 0x00000000f7d00000)
  to   space 12800K,   0% used [0x00000000f6400000, 0x00000000f6400000, 0x00000000f7080000)
 concurrent mark-sweep generation total 134144K, used 51935K [0x00000000f7d00000, 0x0000000100000000, 0x0000000100000000)
 Metaspace       used 65122K, capacity 69770K, committed 69888K, reserved 1110016K
  class space    used 8392K, capacity 9186K, committed 9216K, reserved 1048576K
2022-09-12T02:07:21.111+0800: 415.889: [GC (Allocation Failure)  155534K->53478K(249344K), 0.0040184 secs]
Heap after GC invocations=916 (full 0):
 par new generation   total 115200K, used 1534K [0x00000000f0000000, 0x00000000f7d00000, 0x00000000f7d00000)
  eden space 102400K,   0% used [0x00000000f0000000, 0x00000000f0000000, 0x00000000f6400000)
  from space 12800K,  11% used [0x00000000f6400000, 0x00000000f657fba8, 0x00000000f7080000)
  to   space 12800K,   0% used [0x00000000f7080000, 0x00000000f7080000, 0x00000000f7d00000)
 concurrent mark-sweep generation total 134144K, used 51943K [0x00000000f7d00000, 0x0000000100000000, 0x0000000100000000)
 Metaspace       used 65122K, capacity 69770K, committed 69888K, reserved 1110016K
  class space    used 8392K, capacity 9186K, committed 9216K, reserved 1048576K
}
{Heap before GC invocations=916 (full 0):
 par new generation   total 115200K, used 103934K [0x00000000f0000000, 0x00000000f7d00000, 0x00000000f7d00000)
  eden space 102400K, 100% used [0x00000000f0000000, 0x00000000f6400000, 0x00000000f6400000)
  from space 12800K,  11% used [0x00000000f6400000, 0x00000000f657fba8, 0x00000000f7080000)
  to   space 12800K,   0% used [0x00000000f7080000, 0x00000000f7080000, 0x00000000f7d00000)
 concurrent mark-sweep generation total 134144K, used 51943K [0x00000000f7d00000, 0x0000000100000000, 0x0000000100000000)
 Metaspace       used 65122K, capacity 69770K, committed 69888K, reserved 1110016K
  class space    used 8392K, capacity 9186K, committed 9216K, reserved 1048576K
2022-09-12T02:07:21.459+0800: 416.236: [GC (Allocation Failure)  155878K->53572K(249344K), 0.0039957 secs]
Heap after GC invocations=917 (full 0):
 par new generation   total 115200K, used 1606K [0x00000000f0000000, 0x00000000f7d00000, 0x00000000f7d00000)
  eden space 102400K,   0% used [0x00000000f0000000, 0x00000000f0000000, 0x00000000f6400000)
  from space 12800K,  12% used [0x00000000f7080000, 0x00000000f7211a00, 0x00000000f7d00000)
  to   space 12800K,   0% used [0x00000000f6400000, 0x00000000f6400000, 0x00000000f7080000)
 concurrent mark-sweep generation total 134144K, used 51966K [0x00000000f7d00000, 0x0000000100000000, 0x0000000100000000)
 Metaspace       used 65122K, capacity 69770K, committed 69888K, reserved 1110016K
  class space    used 8392K, capacity 9186K, committed 9216K, reserved 1048576K
}
{Heap before GC invocations=917 (full 0):
 par new generation   total 115200K, used 104006K [0x00000000f0000000, 0x00000000f7d00000, 0x00000000f7d00000)
  eden space 102400K, 100% used [0x00000000f0000000, 0x00000000f6400000, 0x00000000f6400000)
  from space 12800K,  12% used [0x00000000f7080000, 0x00000000f7211a00, 0x00000000f7d00000)
  to   space 12800K,   0% used [0x00000000f6400000, 0x00000000f6400000, 0x00000000f7080000)
 concurrent mark-sweep generation total 134144K, used 51966K [0x00000000f7d00000, 0x0000000100000000, 0x0000000100000000)
 Metaspace       used 65122K, capacity 69770K, committed 69888K, reserved 1110016K
  class space    used 8392K, capacity 9186K, committed 9216K, reserved 1048576K
2022-09-12T02:07:21.807+0800: 416.584: [GC (Allocation Failure)  155972K->53148K(249344K), 0.0040157 secs]
Heap after GC invocations=918 (full 0):
 par new generation   total 115200K, used 1171K [0x00000000f0000000, 0x00000000f7d00000, 0x00000000f7d00000)
  eden space 102400K,   0% used [0x00000000f0000000, 0x00000000f0000000, 0x00000000f6400000)
  from space 12800K,   9% used [0x00000000f6400000, 0x00000000f6524f40, 0x00000000f7080000)
  to   space 12800K,   0% used [0x00000000f7080000, 0x00000000f7080000, 0x00000000f7d00000)
 concurrent mark-sweep generation total 134144K, used 51976K [0x00000000f7d00000, 0x0000000100000000, 0x0000000100000000)
 Metaspace       used 65122K, capacity 69770K, committed 69888K, reserved 1110016K
  class space    used 8392K, capacity 9186K, committed 9216K, reserved 1048576K
}
{Heap before GC invocations=918 (full 0):
 par new generation   total 115200K, used 103571K [0x00000000f0000000, 0x00000000f7d00000, 0x00000000f7d00000)
  eden space 102400K, 100% used [0x00000000f0000000, 0x00000000f6400000, 0x00000000f6400000)
  from space 12800K,   9% used [0x00000000f6400000, 0x00000000f6524f40, 0x00000000f7080000)
  to   space 12800K,   0% used [0x00000000f7080000, 0x00000000f7080000, 0x00000000f7d00000)
 concurrent mark-sweep generation total 134144K, used 51976K [0x00000000f7d00000, 0x0000000100000000, 0x0000000100000000)
 Metaspace       used 65122K, capacity 69770K, committed 69888K, reserved 1110016K
  class space    used 8392K, capacity 9186K, committed 9216K, reserved 1048576K
2022-09-12T02:07:22.155+0800: 416.932: [GC (Allocation Failure)  155548K->53506K(249344K), 0.0040930 secs]
Heap after GC invocations=919 (full 0):
 par new generation   total 115200K, used 1509K [0x00000000f0000000, 0x00000000f7d00000, 0x00000000f7d00000)
  eden space 102400K,   0% used [0x00000000f0000000, 0x00000000f0000000, 0x00000000f6400000)
  from space 12800K,  11% used [0x00000000f7080000, 0x00000000f71f9510, 0x00000000f7d00000)
  to   space 12800K,   0% used [0x00000000f6400000, 0x00000000f6400000, 0x00000000f7080000)
 concurrent mark-sweep generation total 134144K, used 51996K [0x00000000f7d00000, 0x0000000100000000, 0x0000000100000000)
 Metaspace       used 65122K, capacity 69770K, committed 69888K, reserved 1110016K
  class space    used 8392K, capacity 9186K, committed 9216K, reserved 1048576K
}
{Heap before GC invocations=919 (full 0):
 par new generation   total 115200K, used 103909K [0x00000000f0000000, 0x00000000f7d00000, 0x00000000f7d00000)
  eden space 102400K, 100% used [0x00000000f0000000, 0x00000000f6400000, 0x00000000f6400000)
  from space 12800K,  11% used [0x00000000f7080000, 0x00000000f71f9510, 0x00000000f7d00000)
  to   space 12800K,   0% used [0x00000000f6400000, 0x00000000f6400000, 0x00000000f7080000)
 concurrent mark-sweep generation total 134144K, used 51996K [0x00000000f7d00000, 0x0000000100000000, 0x0000000100000000)
 Metaspace       used 65122K, capacity 69770K, committed 69888K, reserved 1110016K
  class space    used 8392K, capacity 9186K, committed 9216K, reserved 1048576K
2022-09-12T02:07:22.513+0800: 417.291: [GC (Allocation Failure)  155906K->53643K(249344K), 0.0040420 secs]
Heap after GC invocations=920 (full 0):
 par new generation   total 115200K, used 1632K [0x00000000f0000000, 0x00000000f7d00000, 0x00000000f7d00000)
  eden space 102400K,   0% used [0x00000000f0000000, 0x00000000f0000000, 0x00000000f6400000)
  from space 12800K,  12% used [0x00000000f6400000, 0x00000000f6598258, 0x00000000f7080000)
  to   space 12800K,   0% used [0x00000000f7080000, 0x00000000f7080000, 0x00000000f7d00000)
 concurrent mark-sweep generation total 134144K, used 52010K [0x00000000f7d00000, 0x0000000100000000, 0x0000000100000000)
 Metaspace       used 65122K, capacity 69770K, committed 69888K, reserved 1110016K
  class space    used 8392K, capacity 9186K, committed 9216K, reserved 1048576K
}
{Heap before GC invocations=920 (full 0):
 par new generation   total 115200K, used 104032K [0x00000000f0000000, 0x00000000f7d00000, 0x00000000f7d00000)
  eden space 102400K, 100% used [0x00000000f0000000, 0x00000000f6400000, 0x00000000f6400000)
  from space 12800K,  12% used [0x00000000f6400000, 0x00000000f6598258, 0x00000000f7080000)
  to   space 12800K,   0% used [0x00000000f7080000, 0x00000000f7080000, 0x00000000f7d00000)
 concurrent mark-sweep generation total 134144K, used 52010K [0x00000000f7d00000, 0x0000000100000000, 0x0000000100000000)
 Metaspace       used 65122K, capacity 69770K, committed 69888K, reserved 1110016K
  class space    used 8392K, capacity 9186K, committed 9216K, reserved 1048576K
2022-09-12T02:07:22.863+0800: 417.641: [GC (Allocation Failure)  156043K->53335K(249344K), 0.0040849 secs]
Heap after GC invocations=921 (full 0):
 par new generation   total 115200K, used 1314K [0x00000000f0000000, 0x00000000f7d00000, 0x00000000f7d00000)
  eden space 102400K,   0% used [0x00000000f0000000, 0x00000000f0000000, 0x00000000f6400000)
  from space 12800K,  10% used [0x00000000f7080000, 0x00000000f71c88d8, 0x00000000f7d00000)
  to   space 12800K,   0% used [0x00000000f6400000, 0x00000000f6400000, 0x00000000f7080000)
 concurrent mark-sweep generation total 134144K, used 52020K [0x00000000f7d00000, 0x0000000100000000, 0x0000000100000000)
 Metaspace       used 65122K, capacity 69770K, committed 69888K, reserved 1110016K
  class space    used 8392K, capacity 9186K, committed 9216K, reserved 1048576K
}
{Heap before GC invocations=921 (full 0):
 par new generation   total 115200K, used 103714K [0x00000000f0000000, 0x00000000f7d00000, 0x00000000f7d00000)
  eden space 102400K, 100% used [0x00000000f0000000, 0x00000000f6400000, 0x00000000f6400000)
  from space 12800K,  10% used [0x00000000f7080000, 0x00000000f71c88d8, 0x00000000f7d00000)
  to   space 12800K,   0% used [0x00000000f6400000, 0x00000000f6400000, 0x00000000f7080000)
 concurrent mark-sweep generation total 134144K, used 52020K [0x00000000f7d00000, 0x0000000100000000, 0x0000000100000000)
 Metaspace       used 65122K, capacity 69770K, committed 69888K, reserved 1110016K
  class space    used 8392K, capacity 9186K, committed 9216K, reserved 1048576K
2022-09-12T02:07:23.212+0800: 417.990: [GC (Allocation Failure)  155735K->53552K(249344K), 0.0041756 secs]
Heap after GC invocations=922 (full 0):
 par new generation   total 115200K, used 1513K [0x00000000f0000000, 0x00000000f7d00000, 0x00000000f7d00000)
  eden space 102400K,   0% used [0x00000000f0000000, 0x00000000f0000000, 0x00000000f6400000)
  from space 12800K,  11% used [0x00000000f6400000, 0x00000000f657a700, 0x00000000f7080000)
  to   space 12800K,   0% used [0x00000000f7080000, 0x00000000f7080000, 0x00000000f7d00000)
 concurrent mark-sweep generation total 134144K, used 52038K [0x00000000f7d00000, 0x0000000100000000, 0x0000000100000000)
 Metaspace       used 65122K, capacity 69770K, committed 69888K, reserved 1110016K
  class space    used 8392K, capacity 9186K, committed 9216K, reserved 1048576K
}
{Heap before GC invocations=922 (full 0):
 par new generation   total 115200K, used 103913K [0x00000000f0000000, 0x00000000f7d00000, 0x00000000f7d00000)
  eden space 102400K, 100% used [0x00000000f0000000, 0x00000000f6400000, 0x00000000f6400000)
  from space 12800K,  11% used [0x00000000f6400000, 0x00000000f657a700, 0x00000000f7080000)
  to   space 12800K,   0% used [0x00000000f7080000, 0x00000000f7080000, 0x00000000f7d00000)
 concurrent mark-sweep generation total 134144K, used 52038K [0x00000000f7d00000, 0x0000000100000000, 0x0000000100000000)
 Metaspace       used 65122K, capacity 69770K, committed 69888K, reserved 1110016K
  class space    used 8392K, capacity 9186K, committed 9216K, reserved 1048576K
2022-09-12T02:07:23.561+0800: 418.338: [GC (Allocation Failure)  155952K->53741K(249344K), 0.0040924 secs]
Heap after GC invocations=923 (full 0):
 par new generation   total 115200K, used 1678K [0x00000000f0000000, 0x00000000f7d00000, 0x00000000f7d00000)
  eden space 102400K,   0% used [0x00000000f0000000, 0x00000000f0000000, 0x00000000f6400000)
  from space 12800K,  13% used [0x00000000f7080000, 0x00000000f7223890, 0x00000000f7d00000)
  to   space 12800K,   0% used [0x00000000f6400000, 0x00000000f6400000, 0x00000000f7080000)
 concurrent mark-sweep generation total 134144K, used 52063K [0x00000000f7d00000, 0x0000000100000000, 0x0000000100000000)
 Metaspace       used 65122K, capacity 69770K, committed 69888K, reserved 1110016K
  class space    used 8392K, capacity 9186K, committed 9216K, reserved 1048576K
}
{Heap before GC invocations=923 (full 0):
 par new generation   total 115200K, used 104078K [0x00000000f0000000, 0x00000000f7d00000, 0x00000000f7d00000)
  eden space 102400K, 100% used [0x00000000f0000000, 0x00000000f6400000, 0x00000000f6400000)
  from space 12800K,  13% used [0x00000000f7080000, 0x00000000f7223890, 0x00000000f7d00000)
  to   space 12800K,   0% used [0x00000000f6400000, 0x00000000f6400000, 0x00000000f7080000)
 concurrent mark-sweep generation total 134144K, used 52063K [0x00000000f7d00000, 0x0000000100000000, 0x0000000100000000)
 Metaspace       used 65122K, capacity 69770K, committed 69888K, reserved 1110016K
  class space    used 8392K, capacity 9186K, committed 9216K, reserved 1048576K
2022-09-12T02:07:23.909+0800: 418.686: [GC (Allocation Failure)  156141K->53279K(249344K), 0.0040680 secs]
Heap after GC invocations=924 (full 0):
 par new generation   total 115200K, used 1203K [0x00000000f0000000, 0x00000000f7d00000, 0x00000000f7d00000)
  eden space 102400K,   0% used [0x00000000f0000000, 0x00000000f0000000, 0x00000000f6400000)
  from space 12800K,   9% used [0x00000000f6400000, 0x00000000f652cf00, 0x00000000f7080000)
  to   space 12800K,   0% used [0x00000000f7080000, 0x00000000f7080000, 0x00000000f7d00000)
 concurrent mark-sweep generation total 134144K, used 52075K [0x00000000f7d00000, 0x0000000100000000, 0x0000000100000000)
 Metaspace       used 65122K, capacity 69770K, committed 69888K, reserved 1110016K
  class space    used 8392K, capacity 9186K, committed 9216K, reserved 1048576K
}
{Heap before GC invocations=924 (full 0):
 par new generation   total 115200K, used 103603K [0x00000000f0000000, 0x00000000f7d00000, 0x00000000f7d00000)
  eden space 102400K, 100% used [0x00000000f0000000, 0x00000000f6400000, 0x00000000f6400000)
  from space 12800K,   9% used [0x00000000f6400000, 0x00000000f652cf00, 0x00000000f7080000)
  to   space 12800K,   0% used [0x00000000f7080000, 0x00000000f7080000, 0x00000000f7d00000)
 concurrent mark-sweep generation total 134144K, used 52075K [0x00000000f7d00000, 0x0000000100000000, 0x0000000100000000)
 Metaspace       used 65122K, capacity 69770K, committed 69888K, reserved 1110016K
  class space    used 8392K, capacity 9186K, committed 9216K, reserved 1048576K
2022-09-12T02:07:24.258+0800: 419.035: [GC (Allocation Failure)  155679K->53615K(249344K), 0.0040494 secs]
Heap after GC invocations=925 (full 0):
 par new generation   total 115200K, used 1522K [0x00000000f0000000, 0x00000000f7d00000, 0x00000000f7d00000)
  eden space 102400K,   0% used [0x00000000f0000000, 0x00000000f0000000, 0x00000000f6400000)
  from space 12800K,  11% used [0x00000000f7080000, 0x00000000f71fc958, 0x00000000f7d00000)
  to   space 12800K,   0% used [0x00000000f6400000, 0x00000000f6400000, 0x00000000f7080000)
 concurrent mark-sweep generation total 134144K, used 52093K [0x00000000f7d00000, 0x0000000100000000, 0x0000000100000000)
 Metaspace       used 65122K, capacity 69770K, committed 69888K, reserved 1110016K
  class space    used 8392K, capacity 9186K, committed 9216K, reserved 1048576K
}
{Heap before GC invocations=925 (full 0):
 par new generation   total 115200K, used 103922K [0x00000000f0000000, 0x00000000f7d00000, 0x00000000f7d00000)
  eden space 102400K, 100% used [0x00000000f0000000, 0x00000000f6400000, 0x00000000f6400000)
  from space 12800K,  11% used [0x00000000f7080000, 0x00000000f71fc958, 0x00000000f7d00000)
  to   space 12800K,   0% used [0x00000000f6400000, 0x00000000f6400000, 0x00000000f7080000)
 concurrent mark-sweep generation total 134144K, used 52093K [0x00000000f7d00000, 0x0000000100000000, 0x0000000100000000)
 Metaspace       used 65122K, capacity 69770K, committed 69888K, reserved 1110016K
  class space    used 8392K, capacity 9186K, committed 9216K, reserved 1048576K
2022-09-12T02:07:24.606+0800: 419.383: [GC (Allocation Failure)  156015K->53755K(249344K), 0.0038840 secs]
Heap after GC invocations=926 (full 0):
 par new generation   total 115200K, used 1652K [0x00000000f0000000, 0x00000000f7d00000, 0x00000000f7d00000)
  eden space 102400K,   0% used [0x00000000f0000000, 0x00000000f0000000, 0x00000000f6400000)
  from space 12800K,  12% used [0x00000000f6400000, 0x00000000f659d268, 0x00000000f7080000)
  to   space 12800K,   0% used [0x00000000f7080000, 0x00000000f7080000, 0x00000000f7d00000)
 concurrent mark-sweep generation total 134144K, used 52102K [0x00000000f7d00000, 0x0000000100000000, 0x0000000100000000)
 Metaspace       used 65122K, capacity 69770K, committed 69888K, reserved 1110016K
  class space    used 8392K, capacity 9186K, committed 9216K, reserved 1048576K
}
{Heap before GC invocations=926 (full 0):
 par new generation   total 115200K, used 104052K [0x00000000f0000000, 0x00000000f7d00000, 0x00000000f7d00000)
  eden space 102400K, 100% used [0x00000000f0000000, 0x00000000f6400000, 0x00000000f6400000)
  from space 12800K,  12% used [0x00000000f6400000, 0x00000000f659d268, 0x00000000f7080000)
  to   space 12800K,   0% used [0x00000000f7080000, 0x00000000f7080000, 0x00000000f7d00000)
 concurrent mark-sweep generation total 134144K, used 52102K [0x00000000f7d00000, 0x0000000100000000, 0x0000000100000000)
 Metaspace       used 65122K, capacity 69770K, committed 69888K, reserved 1110016K
  class space    used 8392K, capacity 9186K, committed 9216K, reserved 1048576K
2022-09-12T02:07:24.956+0800: 419.733: [GC (Allocation Failure)  156155K->53300K(249344K), 0.0040855 secs]
Heap after GC invocations=927 (full 0):
 par new generation   total 115200K, used 1177K [0x00000000f0000000, 0x00000000f7d00000, 0x00000000f7d00000)
  eden space 102400K,   0% used [0x00000000f0000000, 0x00000000f0000000, 0x00000000f6400000)
  from space 12800K,   9% used [0x00000000f7080000, 0x00000000f71a6540, 0x00000000f7d00000)
  to   space 12800K,   0% used [0x00000000f6400000, 0x00000000f6400000, 0x00000000f7080000)
 concurrent mark-sweep generation total 134144K, used 52123K [0x00000000f7d00000, 0x0000000100000000, 0x0000000100000000)
 Metaspace       used 65122K, capacity 69770K, committed 69888K, reserved 1110016K
  class space    used 8392K, capacity 9186K, committed 9216K, reserved 1048576K
}
{Heap before GC invocations=927 (full 0):
 par new generation   total 115200K, used 103577K [0x00000000f0000000, 0x00000000f7d00000, 0x00000000f7d00000)
  eden space 102400K, 100% used [0x00000000f0000000, 0x00000000f6400000, 0x00000000f6400000)
  from space 12800K,   9% used [0x00000000f7080000, 0x00000000f71a6540, 0x00000000f7d00000)
  to   space 12800K,   0% used [0x00000000f6400000, 0x00000000f6400000, 0x00000000f7080000)
 concurrent mark-sweep generation total 134144K, used 52123K [0x00000000f7d00000, 0x0000000100000000, 0x0000000100000000)
 Metaspace       used 65122K, capacity 69770K, committed 69888K, reserved 1110016K
  class space    used 8392K, capacity 9186K, committed 9216K, reserved 1048576K
2022-09-12T02:07:25.305+0800: 420.082: [GC (Allocation Failure)  155700K->53651K(249344K), 0.0039487 secs]
Heap after GC invocations=928 (full 0):
 par new generation   total 115200K, used 1513K [0x00000000f0000000, 0x00000000f7d00000, 0x00000000f7d00000)
  eden space 102400K,   0% used [0x00000000f0000000, 0x00000000f0000000, 0x00000000f6400000)
  from space 12800K,  11% used [0x00000000f6400000, 0x00000000f657a508, 0x00000000f7080000)
  to   space 12800K,   0% used [0x00000000f7080000, 0x00000000f7080000, 0x00000000f7d00000)
 concurrent mark-sweep generation total 134144K, used 52138K [0x00000000f7d00000, 0x0000000100000000, 0x0000000100000000)
 Metaspace       used 65122K, capacity 69770K, committed 69888K, reserved 1110016K
  class space    used 8392K, capacity 9186K, committed 9216K, reserved 1048576K
}
{Heap before GC invocations=928 (full 0):
 par new generation   total 115200K, used 103913K [0x00000000f0000000, 0x00000000f7d00000, 0x00000000f7d00000)
  eden space 102400K, 100% used [0x00000000f0000000, 0x00000000f6400000, 0x00000000f6400000)
  from space 12800K,  11% used [0x00000000f6400000, 0x00000000f657a508, 0x00000000f7080000)
  to   space 12800K,   0% used [0x00000000f7080000, 0x00000000f7080000, 0x00000000f7d00000)
 concurrent mark-sweep generation total 134144K, used 52138K [0x00000000f7d00000, 0x0000000100000000, 0x0000000100000000)
 Metaspace       used 65122K, capacity 69770K, committed 69888K, reserved 1110016K
  class space    used 8392K, capacity 9186K, committed 9216K, reserved 1048576K
2022-09-12T02:07:25.658+0800: 420.436: [GC (Allocation Failure)  156051K->53777K(249344K), 0.0040288 secs]
Heap after GC invocations=929 (full 0):
 par new generation   total 115200K, used 1626K [0x00000000f0000000, 0x00000000f7d00000, 0x00000000f7d00000)
  eden space 102400K,   0% used [0x00000000f0000000, 0x00000000f0000000, 0x00000000f6400000)
  from space 12800K,  12% used [0x00000000f7080000, 0x00000000f7216888, 0x00000000f7d00000)
  to   space 12800K,   0% used [0x00000000f6400000, 0x00000000f6400000, 0x00000000f7080000)
 concurrent mark-sweep generation total 134144K, used 52151K [0x00000000f7d00000, 0x0000000100000000, 0x0000000100000000)
 Metaspace       used 65122K, capacity 69770K, committed 69888K, reserved 1110016K
  class space    used 8392K, capacity 9186K, committed 9216K, reserved 1048576K
}
{Heap before GC invocations=929 (full 0):
 par new generation   total 115200K, used 104026K [0x00000000f0000000, 0x00000000f7d00000, 0x00000000f7d00000)
  eden space 102400K, 100% used [0x00000000f0000000, 0x00000000f6400000, 0x00000000f6400000)
  from space 12800K,  12% used [0x00000000f7080000, 0x00000000f7216888, 0x00000000f7d00000)
  to   space 12800K,   0% used [0x00000000f6400000, 0x00000000f6400000, 0x00000000f7080000)
 concurrent mark-sweep generation total 134144K, used 52151K [0x00000000f7d00000, 0x0000000100000000, 0x0000000100000000)
 Metaspace       used 65122K, capacity 69770K, committed 69888K, reserved 1110016K
  class space    used 8392K, capacity 9186K, committed 9216K, reserved 1048576K
2022-09-12T02:07:26.007+0800: 420.784: [GC (Allocation Failure)  156177K->53866K(249344K), 0.0041606 secs]
Heap after GC invocations=930 (full 0):
 par new generation   total 115200K, used 1696K [0x00000000f0000000, 0x00000000f7d00000, 0x00000000f7d00000)
  eden space 102400K,   0% used [0x00000000f0000000, 0x00000000f0000000, 0x00000000f6400000)
  from space 12800K,  13% used [0x00000000f6400000, 0x00000000f65a8168, 0x00000000f7080000)
  to   space 12800K,   0% used [0x00000000f7080000, 0x00000000f7080000, 0x00000000f7d00000)
 concurrent mark-sweep generation total 134144K, used 52170K [0x00000000f7d00000, 0x0000000100000000, 0x0000000100000000)
 Metaspace       used 65122K, capacity 69770K, committed 69888K, reserved 1110016K
  class space    used 8392K, capacity 9186K, committed 9216K, reserved 1048576K
}
{Heap before GC invocations=930 (full 0):
 par new generation   total 115200K, used 104096K [0x00000000f0000000, 0x00000000f7d00000, 0x00000000f7d00000)
  eden space 102400K, 100% used [0x00000000f0000000, 0x00000000f6400000, 0x00000000f6400000)
  from space 12800K,  13% used [0x00000000f6400000, 0x00000000f65a8168, 0x00000000f7080000)
  to   space 12800K,   0% used [0x00000000f7080000, 0x00000000f7080000, 0x00000000f7d00000)
 concurrent mark-sweep generation total 134144K, used 52170K [0x00000000f7d00000, 0x0000000100000000, 0x0000000100000000)
 Metaspace       used 65122K, capacity 69770K, committed 69888K, reserved 1110016K
  class space    used 8392K, capacity 9186K, committed 9216K, reserved 1048576K
2022-09-12T02:07:26.355+0800: 421.132: [GC (Allocation Failure)  156266K->53381K(249344K), 0.0040158 secs]
Heap after GC invocations=931 (full 0):
 par new generation   total 115200K, used 1189K [0x00000000f0000000, 0x00000000f7d00000, 0x00000000f7d00000)
  eden space 102400K,   0% used [0x00000000f0000000, 0x00000000f0000000, 0x00000000f6400000)
  from space 12800K,   9% used [0x00000000f7080000, 0x00000000f71a9480, 0x00000000f7d00000)
  to   space 12800K,   0% used [0x00000000f6400000, 0x00000000f6400000, 0x00000000f7080000)
 concurrent mark-sweep generation total 134144K, used 52191K [0x00000000f7d00000, 0x0000000100000000, 0x0000000100000000)
 Metaspace       used 65122K, capacity 69770K, committed 69888K, reserved 1110016K
  class space    used 8392K, capacity 9186K, committed 9216K, reserved 1048576K
}
{Heap before GC invocations=931 (full 0):
 par new generation   total 115200K, used 103589K [0x00000000f0000000, 0x00000000f7d00000, 0x00000000f7d00000)
  eden space 102400K, 100% used [0x00000000f0000000, 0x00000000f6400000, 0x00000000f6400000)
  from space 12800K,   9% used [0x00000000f7080000, 0x00000000f71a9480, 0x00000000f7d00000)
  to   space 12800K,   0% used [0x00000000f6400000, 0x00000000f6400000, 0x00000000f7080000)
 concurrent mark-sweep generation total 134144K, used 52191K [0x00000000f7d00000, 0x0000000100000000, 0x0000000100000000)
 Metaspace       used 65123K, capacity 69770K, committed 69888K, reserved 1110016K
  class space    used 8392K, capacity 9186K, committed 9216K, reserved 1048576K
2022-09-12T02:07:26.699+0800: 421.476: [GC (Allocation Failure)  155781K->53682K(249344K), 0.0040382 secs]
Heap after GC invocations=932 (full 0):
 par new generation   total 115200K, used 1479K [0x00000000f0000000, 0x00000000f7d00000, 0x00000000f7d00000)
  eden space 102400K,   0% used [0x00000000f0000000, 0x00000000f0000000, 0x00000000f6400000)
  from space 12800K,  11% used [0x00000000f6400000, 0x00000000f6571f60, 0x00000000f7080000)
  to   space 12800K,   0% used [0x00000000f7080000, 0x00000000f7080000, 0x00000000f7d00000)
 concurrent mark-sweep generation total 134144K, used 52202K [0x00000000f7d00000, 0x0000000100000000, 0x0000000100000000)
 Metaspace       used 65123K, capacity 69770K, committed 69888K, reserved 1110016K
  class space    used 8392K, capacity 9186K, committed 9216K, reserved 1048576K
}
{Heap before GC invocations=932 (full 0):
 par new generation   total 115200K, used 103879K [0x00000000f0000000, 0x00000000f7d00000, 0x00000000f7d00000)
  eden space 102400K, 100% used [0x00000000f0000000, 0x00000000f6400000, 0x00000000f6400000)
  from space 12800K,  11% used [0x00000000f6400000, 0x00000000f6571f60, 0x00000000f7080000)
  to   space 12800K,   0% used [0x00000000f7080000, 0x00000000f7080000, 0x00000000f7d00000)
 concurrent mark-sweep generation total 134144K, used 52202K [0x00000000f7d00000, 0x0000000100000000, 0x0000000100000000)
 Metaspace       used 65123K, capacity 69770K, committed 69888K, reserved 1110016K
  class space    used 8392K, capacity 9186K, committed 9216K, reserved 1048576K
2022-09-12T02:07:27.047+0800: 421.824: [GC (Allocation Failure)  156082K->53616K(249344K), 0.0043092 secs]
Heap after GC invocations=933 (full 0):
 par new generation   total 115200K, used 1396K [0x00000000f0000000, 0x00000000f7d00000, 0x00000000f7d00000)
  eden space 102400K,   0% used [0x00000000f0000000, 0x00000000f0000000, 0x00000000f6400000)
  from space 12800K,  10% used [0x00000000f7080000, 0x00000000f71dd140, 0x00000000f7d00000)
  to   space 12800K,   0% used [0x00000000f6400000, 0x00000000f6400000, 0x00000000f7080000)
 concurrent mark-sweep generation total 134144K, used 52220K [0x00000000f7d00000, 0x0000000100000000, 0x0000000100000000)
 Metaspace       used 65123K, capacity 69770K, committed 69888K, reserved 1110016K
  class space    used 8392K, capacity 9186K, committed 9216K, reserved 1048576K
}
{Heap before GC invocations=933 (full 0):
 par new generation   total 115200K, used 103796K [0x00000000f0000000, 0x00000000f7d00000, 0x00000000f7d00000)
  eden space 102400K, 100% used [0x00000000f0000000, 0x00000000f6400000, 0x00000000f6400000)
  from space 12800K,  10% used [0x00000000f7080000, 0x00000000f71dd140, 0x00000000f7d00000)
  to   space 12800K,   0% used [0x00000000f6400000, 0x00000000f6400000, 0x00000000f7080000)
 concurrent mark-sweep generation total 134144K, used 52220K [0x00000000f7d00000, 0x0000000100000000, 0x0000000100000000)
 Metaspace       used 65123K, capacity 69770K, committed 69888K, reserved 1110016K
  class space    used 8392K, capacity 9186K, committed 9216K, reserved 1048576K
2022-09-12T02:07:27.394+0800: 422.171: [GC (Allocation Failure)  156016K->53876K(249344K), 0.0040812 secs]
Heap after GC invocations=934 (full 0):
 par new generation   total 115200K, used 1641K [0x00000000f0000000, 0x00000000f7d00000, 0x00000000f7d00000)
  eden space 102400K,   0% used [0x00000000f0000000, 0x00000000f0000000, 0x00000000f6400000)
  from space 12800K,  12% used [0x00000000f6400000, 0x00000000f659a670, 0x00000000f7080000)
  to   space 12800K,   0% used [0x00000000f7080000, 0x00000000f7080000, 0x00000000f7d00000)
 concurrent mark-sweep generation total 134144K, used 52235K [0x00000000f7d00000, 0x0000000100000000, 0x0000000100000000)
 Metaspace       used 65123K, capacity 69770K, committed 69888K, reserved 1110016K
  class space    used 8392K, capacity 9186K, committed 9216K, reserved 1048576K
}
{Heap before GC invocations=934 (full 0):
 par new generation   total 115200K, used 104041K [0x00000000f0000000, 0x00000000f7d00000, 0x00000000f7d00000)
  eden space 102400K, 100% used [0x00000000f0000000, 0x00000000f6400000, 0x00000000f6400000)
  from space 12800K,  12% used [0x00000000f6400000, 0x00000000f659a670, 0x00000000f7080000)
  to   space 12800K,   0% used [0x00000000f7080000, 0x00000000f7080000, 0x00000000f7d00000)
 concurrent mark-sweep generation total 134144K, used 52235K [0x00000000f7d00000, 0x0000000100000000, 0x0000000100000000)
 Metaspace       used 65123K, capacity 69770K, committed 69888K, reserved 1110016K
  class space    used 8392K, capacity 9186K, committed 9216K, reserved 1048576K
2022-09-12T02:07:27.741+0800: 422.519: [GC (Allocation Failure)  156276K->53446K(249344K), 0.0041851 secs]
Heap after GC invocations=935 (full 0):
 par new generation   total 115200K, used 1195K [0x00000000f0000000, 0x00000000f7d00000, 0x00000000f7d00000)
  eden space 102400K,   0% used [0x00000000f0000000, 0x00000000f0000000, 0x00000000f6400000)
  from space 12800K,   9% used [0x00000000f7080000, 0x00000000f71aac40, 0x00000000f7d00000)
  to   space 12800K,   0% used [0x00000000f6400000, 0x00000000f6400000, 0x00000000f7080000)
 concurrent mark-sweep generation total 134144K, used 52251K [0x00000000f7d00000, 0x0000000100000000, 0x0000000100000000)
 Metaspace       used 65123K, capacity 69770K, committed 69888K, reserved 1110016K
  class space    used 8392K, capacity 9186K, committed 9216K, reserved 1048576K
}
{Heap before GC invocations=935 (full 0):
 par new generation   total 115200K, used 103595K [0x00000000f0000000, 0x00000000f7d00000, 0x00000000f7d00000)
  eden space 102400K, 100% used [0x00000000f0000000, 0x00000000f6400000, 0x00000000f6400000)
  from space 12800K,   9% used [0x00000000f7080000, 0x00000000f71aac40, 0x00000000f7d00000)
  to   space 12800K,   0% used [0x00000000f6400000, 0x00000000f6400000, 0x00000000f7080000)
 concurrent mark-sweep generation total 134144K, used 52251K [0x00000000f7d00000, 0x0000000100000000, 0x0000000100000000)
 Metaspace       used 65123K, capacity 69770K, committed 69888K, reserved 1110016K
  class space    used 8392K, capacity 9186K, committed 9216K, reserved 1048576K
2022-09-12T02:07:28.089+0800: 422.866: [GC (Allocation Failure)  155846K->53812K(249344K), 0.0041220 secs]
Heap after GC invocations=936 (full 0):
 par new generation   total 115200K, used 1548K [0x00000000f0000000, 0x00000000f7d00000, 0x00000000f7d00000)
  eden space 102400K,   0% used [0x00000000f0000000, 0x00000000f0000000, 0x00000000f6400000)
  from space 12800K,  12% used [0x00000000f6400000, 0x00000000f65832c8, 0x00000000f7080000)
  to   space 12800K,   0% used [0x00000000f7080000, 0x00000000f7080000, 0x00000000f7d00000)
 concurrent mark-sweep generation total 134144K, used 52263K [0x00000000f7d00000, 0x0000000100000000, 0x0000000100000000)
 Metaspace       used 65123K, capacity 69770K, committed 69888K, reserved 1110016K
  class space    used 8392K, capacity 9186K, committed 9216K, reserved 1048576K
}
{Heap before GC invocations=936 (full 0):
 par new generation   total 115200K, used 103948K [0x00000000f0000000, 0x00000000f7d00000, 0x00000000f7d00000)
  eden space 102400K, 100% used [0x00000000f0000000, 0x00000000f6400000, 0x00000000f6400000)
  from space 12800K,  12% used [0x00000000f6400000, 0x00000000f65832c8, 0x00000000f7080000)
  to   space 12800K,   0% used [0x00000000f7080000, 0x00000000f7080000, 0x00000000f7d00000)
 concurrent mark-sweep generation total 134144K, used 52263K [0x00000000f7d00000, 0x0000000100000000, 0x0000000100000000)
 Metaspace       used 65123K, capacity 69770K, committed 69888K, reserved 1110016K
  class space    used 8392K, capacity 9186K, committed 9216K, reserved 1048576K
2022-09-12T02:07:28.441+0800: 423.219: [GC (Allocation Failure)  156212K->53927K(249344K), 0.0041592 secs]
Heap after GC invocations=937 (full 0):
 par new generation   total 115200K, used 1647K [0x00000000f0000000, 0x00000000f7d00000, 0x00000000f7d00000)
  eden space 102400K,   0% used [0x00000000f0000000, 0x00000000f0000000, 0x00000000f6400000)
  from space 12800K,  12% used [0x00000000f7080000, 0x00000000f721bc88, 0x00000000f7d00000)
  to   space 12800K,   0% used [0x00000000f6400000, 0x00000000f6400000, 0x00000000f7080000)
 concurrent mark-sweep generation total 134144K, used 52279K [0x00000000f7d00000, 0x0000000100000000, 0x0000000100000000)
 Metaspace       used 65123K, capacity 69770K, committed 69888K, reserved 1110016K
  class space    used 8392K, capacity 9186K, committed 9216K, reserved 1048576K
}
{Heap before GC invocations=937 (full 0):
 par new generation   total 115200K, used 104047K [0x00000000f0000000, 0x00000000f7d00000, 0x00000000f7d00000)
  eden space 102400K, 100% used [0x00000000f0000000, 0x00000000f6400000, 0x00000000f6400000)
  from space 12800K,  12% used [0x00000000f7080000, 0x00000000f721bc88, 0x00000000f7d00000)
  to   space 12800K,   0% used [0x00000000f6400000, 0x00000000f6400000, 0x00000000f7080000)
 concurrent mark-sweep generation total 134144K, used 52279K [0x00000000f7d00000, 0x0000000100000000, 0x0000000100000000)
 Metaspace       used 65123K, capacity 69770K, committed 69888K, reserved 1110016K
  class space    used 8392K, capacity 9186K, committed 9216K, reserved 1048576K
2022-09-12T02:07:28.789+0800: 423.566: [GC (Allocation Failure)  156327K->53640K(249344K), 0.0040631 secs]
Heap after GC invocations=938 (full 0):
 par new generation   total 115200K, used 1337K [0x00000000f0000000, 0x00000000f7d00000, 0x00000000f7d00000)
  eden space 102400K,   0% used [0x00000000f0000000, 0x00000000f0000000, 0x00000000f6400000)
  from space 12800K,  10% used [0x00000000f6400000, 0x00000000f654e518, 0x00000000f7080000)
  to   space 12800K,   0% used [0x00000000f7080000, 0x00000000f7080000, 0x00000000f7d00000)
 concurrent mark-sweep generation total 134144K, used 52303K [0x00000000f7d00000, 0x0000000100000000, 0x0000000100000000)
 Metaspace       used 65123K, capacity 69770K, committed 69888K, reserved 1110016K
  class space    used 8392K, capacity 9186K, committed 9216K, reserved 1048576K
}
{Heap before GC invocations=938 (full 0):
 par new generation   total 115200K, used 103737K [0x00000000f0000000, 0x00000000f7d00000, 0x00000000f7d00000)
  eden space 102400K, 100% used [0x00000000f0000000, 0x00000000f6400000, 0x00000000f6400000)
  from space 12800K,  10% used [0x00000000f6400000, 0x00000000f654e518, 0x00000000f7080000)
  to   space 12800K,   0% used [0x00000000f7080000, 0x00000000f7080000, 0x00000000f7d00000)
 concurrent mark-sweep generation total 134144K, used 52303K [0x00000000f7d00000, 0x0000000100000000, 0x0000000100000000)
 Metaspace       used 65123K, capacity 69770K, committed 69888K, reserved 1110016K
  class space    used 8392K, capacity 9186K, committed 9216K, reserved 1048576K
2022-09-12T02:07:29.137+0800: 423.914: [GC (Allocation Failure)  156040K->53852K(249344K), 0.0040712 secs]
Heap after GC invocations=939 (full 0):
 par new generation   total 115200K, used 1533K [0x00000000f0000000, 0x00000000f7d00000, 0x00000000f7d00000)
  eden space 102400K,   0% used [0x00000000f0000000, 0x00000000f0000000, 0x00000000f6400000)
  from space 12800K,  11% used [0x00000000f7080000, 0x00000000f71ff630, 0x00000000f7d00000)
  to   space 12800K,   0% used [0x00000000f6400000, 0x00000000f6400000, 0x00000000f7080000)
 concurrent mark-sweep generation total 134144K, used 52318K [0x00000000f7d00000, 0x0000000100000000, 0x0000000100000000)
 Metaspace       used 65123K, capacity 69770K, committed 69888K, reserved 1110016K
  class space    used 8392K, capacity 9186K, committed 9216K, reserved 1048576K
}
{Heap before GC invocations=939 (full 0):
 par new generation   total 115200K, used 103933K [0x00000000f0000000, 0x00000000f7d00000, 0x00000000f7d00000)
  eden space 102400K, 100% used [0x00000000f0000000, 0x00000000f6400000, 0x00000000f6400000)
  from space 12800K,  11% used [0x00000000f7080000, 0x00000000f71ff630, 0x00000000f7d00000)
  to   space 12800K,   0% used [0x00000000f6400000, 0x00000000f6400000, 0x00000000f7080000)
 concurrent mark-sweep generation total 134144K, used 52318K [0x00000000f7d00000, 0x0000000100000000, 0x0000000100000000)
 Metaspace       used 65123K, capacity 69770K, committed 69888K, reserved 1110016K
  class space    used 8392K, capacity 9186K, committed 9216K, reserved 1048576K
2022-09-12T02:07:29.485+0800: 424.263: [GC (Allocation Failure)  156252K->54003K(249344K), 0.0041363 secs]
Heap after GC invocations=940 (full 0):
 par new generation   total 115200K, used 1670K [0x00000000f0000000, 0x00000000f7d00000, 0x00000000f7d00000)
  eden space 102400K,   0% used [0x00000000f0000000, 0x00000000f0000000, 0x00000000f6400000)
  from space 12800K,  13% used [0x00000000f6400000, 0x00000000f65a1980, 0x00000000f7080000)
  to   space 12800K,   0% used [0x00000000f7080000, 0x00000000f7080000, 0x00000000f7d00000)
 concurrent mark-sweep generation total 134144K, used 52332K [0x00000000f7d00000, 0x0000000100000000, 0x0000000100000000)
 Metaspace       used 65123K, capacity 69770K, committed 69888K, reserved 1110016K
  class space    used 8392K, capacity 9186K, committed 9216K, reserved 1048576K
}
{Heap before GC invocations=940 (full 0):
 par new generation   total 115200K, used 104070K [0x00000000f0000000, 0x00000000f7d00000, 0x00000000f7d00000)
  eden space 102400K, 100% used [0x00000000f0000000, 0x00000000f6400000, 0x00000000f6400000)
  from space 12800K,  13% used [0x00000000f6400000, 0x00000000f65a1980, 0x00000000f7080000)
  to   space 12800K,   0% used [0x00000000f7080000, 0x00000000f7080000, 0x00000000f7d00000)
 concurrent mark-sweep generation total 134144K, used 52332K [0x00000000f7d00000, 0x0000000100000000, 0x0000000100000000)
 Metaspace       used 65123K, capacity 69770K, committed 69888K, reserved 1110016K
  class space    used 8392K, capacity 9186K, committed 9216K, reserved 1048576K
2022-09-12T02:07:29.835+0800: 424.613: [GC (Allocation Failure)  156403K->53701K(249344K), 0.0040878 secs]
Heap after GC invocations=941 (full 0):
 par new generation   total 115200K, used 1353K [0x00000000f0000000, 0x00000000f7d00000, 0x00000000f7d00000)
  eden space 102400K,   0% used [0x00000000f0000000, 0x00000000f0000000, 0x00000000f6400000)
  from space 12800K,  10% used [0x00000000f7080000, 0x00000000f71d2538, 0x00000000f7d00000)
  to   space 12800K,   0% used [0x00000000f6400000, 0x00000000f6400000, 0x00000000f7080000)
 concurrent mark-sweep generation total 134144K, used 52348K [0x00000000f7d00000, 0x0000000100000000, 0x0000000100000000)
 Metaspace       used 65123K, capacity 69770K, committed 69888K, reserved 1110016K
  class space    used 8392K, capacity 9186K, committed 9216K, reserved 1048576K
}
{Heap before GC invocations=941 (full 0):
 par new generation   total 115200K, used 103753K [0x00000000f0000000, 0x00000000f7d00000, 0x00000000f7d00000)
  eden space 102400K, 100% used [0x00000000f0000000, 0x00000000f6400000, 0x00000000f6400000)
  from space 12800K,  10% used [0x00000000f7080000, 0x00000000f71d2538, 0x00000000f7d00000)
  to   space 12800K,   0% used [0x00000000f6400000, 0x00000000f6400000, 0x00000000f7080000)
 concurrent mark-sweep generation total 134144K, used 52348K [0x00000000f7d00000, 0x0000000100000000, 0x0000000100000000)
 Metaspace       used 65123K, capacity 69770K, committed 69888K, reserved 1110016K
  class space    used 8392K, capacity 9186K, committed 9216K, reserved 1048576K
2022-09-12T02:07:30.184+0800: 424.961: [GC (Allocation Failure)  156101K->53904K(249344K), 0.0043635 secs]
Heap after GC invocations=942 (full 0):
 par new generation   total 115200K, used 1539K [0x00000000f0000000, 0x00000000f7d00000, 0x00000000f7d00000)
  eden space 102400K,   0% used [0x00000000f0000000, 0x00000000f0000000, 0x00000000f6400000)
  from space 12800K,  12% used [0x00000000f6400000, 0x00000000f6580cb8, 0x00000000f7080000)
  to   space 12800K,   0% used [0x00000000f7080000, 0x00000000f7080000, 0x00000000f7d00000)
 concurrent mark-sweep generation total 134144K, used 52365K [0x00000000f7d00000, 0x0000000100000000, 0x0000000100000000)
 Metaspace       used 65123K, capacity 69770K, committed 69888K, reserved 1110016K
  class space    used 8392K, capacity 9186K, committed 9216K, reserved 1048576K
}
{Heap before GC invocations=942 (full 0):
 par new generation   total 115200K, used 103939K [0x00000000f0000000, 0x00000000f7d00000, 0x00000000f7d00000)
  eden space 102400K, 100% used [0x00000000f0000000, 0x00000000f6400000, 0x00000000f6400000)
  from space 12800K,  12% used [0x00000000f6400000, 0x00000000f6580cb8, 0x00000000f7080000)
  to   space 12800K,   0% used [0x00000000f7080000, 0x00000000f7080000, 0x00000000f7d00000)
 concurrent mark-sweep generation total 134144K, used 52365K [0x00000000f7d00000, 0x0000000100000000, 0x0000000100000000)
 Metaspace       used 65123K, capacity 69770K, committed 69888K, reserved 1110016K
  class space    used 8392K, capacity 9186K, committed 9216K, reserved 1048576K
2022-09-12T02:07:30.533+0800: 425.311: [GC (Allocation Failure)  156304K->54052K(249344K), 0.0040856 secs]
Heap after GC invocations=943 (full 0):
 par new generation   total 115200K, used 1669K [0x00000000f0000000, 0x00000000f7d00000, 0x00000000f7d00000)
  eden space 102400K,   0% used [0x00000000f0000000, 0x00000000f0000000, 0x00000000f6400000)
  from space 12800K,  13% used [0x00000000f7080000, 0x00000000f7221478, 0x00000000f7d00000)
  to   space 12800K,   0% used [0x00000000f6400000, 0x00000000f6400000, 0x00000000f7080000)
 concurrent mark-sweep generation total 134144K, used 52383K [0x00000000f7d00000, 0x0000000100000000, 0x0000000100000000)
 Metaspace       used 65123K, capacity 69770K, committed 69888K, reserved 1110016K
  class space    used 8392K, capacity 9186K, committed 9216K, reserved 1048576K
}
{Heap before GC invocations=943 (full 0):
 par new generation   total 115200K, used 104069K [0x00000000f0000000, 0x00000000f7d00000, 0x00000000f7d00000)
  eden space 102400K, 100% used [0x00000000f0000000, 0x00000000f6400000, 0x00000000f6400000)
  from space 12800K,  13% used [0x00000000f7080000, 0x00000000f7221478, 0x00000000f7d00000)
  to   space 12800K,   0% used [0x00000000f6400000, 0x00000000f6400000, 0x00000000f7080000)
 concurrent mark-sweep generation total 134144K, used 52383K [0x00000000f7d00000, 0x0000000100000000, 0x0000000100000000)
 Metaspace       used 65123K, capacity 69770K, committed 69888K, reserved 1110016K
  class space    used 8392K, capacity 9186K, committed 9216K, reserved 1048576K
2022-09-12T02:07:30.891+0800: 425.668: [GC (Allocation Failure)  156452K->53603K(249344K), 0.0040965 secs]
Heap after GC invocations=944 (full 0):
 par new generation   total 115200K, used 1209K [0x00000000f0000000, 0x00000000f7d00000, 0x00000000f7d00000)
  eden space 102400K,   0% used [0x00000000f0000000, 0x00000000f0000000, 0x00000000f6400000)
  from space 12800K,   9% used [0x00000000f6400000, 0x00000000f652e580, 0x00000000f7080000)
  to   space 12800K,   0% used [0x00000000f7080000, 0x00000000f7080000, 0x00000000f7d00000)
 concurrent mark-sweep generation total 134144K, used 52393K [0x00000000f7d00000, 0x0000000100000000, 0x0000000100000000)
 Metaspace       used 65123K, capacity 69770K, committed 69888K, reserved 1110016K
  class space    used 8392K, capacity 9186K, committed 9216K, reserved 1048576K
}
{Heap before GC invocations=944 (full 0):
 par new generation   total 115200K, used 103609K [0x00000000f0000000, 0x00000000f7d00000, 0x00000000f7d00000)
  eden space 102400K, 100% used [0x00000000f0000000, 0x00000000f6400000, 0x00000000f6400000)
  from space 12800K,   9% used [0x00000000f6400000, 0x00000000f652e580, 0x00000000f7080000)
  to   space 12800K,   0% used [0x00000000f7080000, 0x00000000f7080000, 0x00000000f7d00000)
 concurrent mark-sweep generation total 134144K, used 52393K [0x00000000f7d00000, 0x0000000100000000, 0x0000000100000000)
 Metaspace       used 65123K, capacity 69770K, committed 69888K, reserved 1110016K
  class space    used 8392K, capacity 9186K, committed 9216K, reserved 1048576K
2022-09-12T02:07:31.241+0800: 426.018: [GC (Allocation Failure)  156003K->53960K(249344K), 0.0041493 secs]
Heap after GC invocations=945 (full 0):
 par new generation   total 115200K, used 1547K [0x00000000f0000000, 0x00000000f7d00000, 0x00000000f7d00000)
  eden space 102400K,   0% used [0x00000000f0000000, 0x00000000f0000000, 0x00000000f6400000)
  from space 12800K,  12% used [0x00000000f7080000, 0x00000000f7202e68, 0x00000000f7d00000)
  to   space 12800K,   0% used [0x00000000f6400000, 0x00000000f6400000, 0x00000000f7080000)
 concurrent mark-sweep generation total 134144K, used 52413K [0x00000000f7d00000, 0x0000000100000000, 0x0000000100000000)
 Metaspace       used 65123K, capacity 69770K, committed 69888K, reserved 1110016K
  class space    used 8392K, capacity 9186K, committed 9216K, reserved 1048576K
}
{Heap before GC invocations=945 (full 0):
 par new generation   total 115200K, used 103947K [0x00000000f0000000, 0x00000000f7d00000, 0x00000000f7d00000)
  eden space 102400K, 100% used [0x00000000f0000000, 0x00000000f6400000, 0x00000000f6400000)
  from space 12800K,  12% used [0x00000000f7080000, 0x00000000f7202e68, 0x00000000f7d00000)
  to   space 12800K,   0% used [0x00000000f6400000, 0x00000000f6400000, 0x00000000f7080000)
 concurrent mark-sweep generation total 134144K, used 52413K [0x00000000f7d00000, 0x0000000100000000, 0x0000000100000000)
 Metaspace       used 65123K, capacity 69770K, committed 69888K, reserved 1110016K
  class space    used 8392K, capacity 9186K, committed 9216K, reserved 1048576K
2022-09-12T02:07:31.595+0800: 426.372: [GC (Allocation Failure)  156360K->54102K(249344K), 0.0041039 secs]
Heap after GC invocations=946 (full 0):
 par new generation   total 115200K, used 1668K [0x00000000f0000000, 0x00000000f7d00000, 0x00000000f7d00000)
  eden space 102400K,   0% used [0x00000000f0000000, 0x00000000f0000000, 0x00000000f6400000)
  from space 12800K,  13% used [0x00000000f6400000, 0x00000000f65a1360, 0x00000000f7080000)
  to   space 12800K,   0% used [0x00000000f7080000, 0x00000000f7080000, 0x00000000f7d00000)
 concurrent mark-sweep generation total 134144K, used 52433K [0x00000000f7d00000, 0x0000000100000000, 0x0000000100000000)
 Metaspace       used 65123K, capacity 69770K, committed 69888K, reserved 1110016K
  class space    used 8392K, capacity 9186K, committed 9216K, reserved 1048576K
}
{Heap before GC invocations=946 (full 0):
 par new generation   total 115200K, used 104068K [0x00000000f0000000, 0x00000000f7d00000, 0x00000000f7d00000)
  eden space 102400K, 100% used [0x00000000f0000000, 0x00000000f6400000, 0x00000000f6400000)
  from space 12800K,  13% used [0x00000000f6400000, 0x00000000f65a1360, 0x00000000f7080000)
  to   space 12800K,   0% used [0x00000000f7080000, 0x00000000f7080000, 0x00000000f7d00000)
 concurrent mark-sweep generation total 134144K, used 52433K [0x00000000f7d00000, 0x0000000100000000, 0x0000000100000000)
 Metaspace       used 65123K, capacity 69770K, committed 69888K, reserved 1110016K
  class space    used 8392K, capacity 9186K, committed 9216K, reserved 1048576K
2022-09-12T02:07:31.944+0800: 426.721: [GC (Allocation Failure)  156502K->53641K(249344K), 0.0039806 secs]
Heap after GC invocations=947 (full 0):
 par new generation   total 115200K, used 1194K [0x00000000f0000000, 0x00000000f7d00000, 0x00000000f7d00000)
  eden space 102400K,   0% used [0x00000000f0000000, 0x00000000f0000000, 0x00000000f6400000)
  from space 12800K,   9% used [0x00000000f7080000, 0x00000000f71aa800, 0x00000000f7d00000)
  to   space 12800K,   0% used [0x00000000f6400000, 0x00000000f6400000, 0x00000000f7080000)
 concurrent mark-sweep generation total 134144K, used 52447K [0x00000000f7d00000, 0x0000000100000000, 0x0000000100000000)
 Metaspace       used 65123K, capacity 69770K, committed 69888K, reserved 1110016K
  class space    used 8392K, capacity 9186K, committed 9216K, reserved 1048576K
}
{Heap before GC invocations=947 (full 0):
 par new generation   total 115200K, used 103594K [0x00000000f0000000, 0x00000000f7d00000, 0x00000000f7d00000)
  eden space 102400K, 100% used [0x00000000f0000000, 0x00000000f6400000, 0x00000000f6400000)
  from space 12800K,   9% used [0x00000000f7080000, 0x00000000f71aa800, 0x00000000f7d00000)
  to   space 12800K,   0% used [0x00000000f6400000, 0x00000000f6400000, 0x00000000f7080000)
 concurrent mark-sweep generation total 134144K, used 52447K [0x00000000f7d00000, 0x0000000100000000, 0x0000000100000000)
 Metaspace       used 65123K, capacity 69770K, committed 69888K, reserved 1110016K
  class space    used 8392K, capacity 9186K, committed 9216K, reserved 1048576K
2022-09-12T02:07:32.292+0800: 427.069: [GC (Allocation Failure)  156041K->53967K(249344K), 0.0040877 secs]
Heap after GC invocations=948 (full 0):
 par new generation   total 115200K, used 1506K [0x00000000f0000000, 0x00000000f7d00000, 0x00000000f7d00000)
  eden space 102400K,   0% used [0x00000000f0000000, 0x00000000f0000000, 0x00000000f6400000)
  from space 12800K,  11% used [0x00000000f6400000, 0x00000000f6578b70, 0x00000000f7080000)
  to   space 12800K,   0% used [0x00000000f7080000, 0x00000000f7080000, 0x00000000f7d00000)
 concurrent mark-sweep generation total 134144K, used 52460K [0x00000000f7d00000, 0x0000000100000000, 0x0000000100000000)
 Metaspace       used 65123K, capacity 69770K, committed 69888K, reserved 1110016K
  class space    used 8392K, capacity 9186K, committed 9216K, reserved 1048576K
}
{Heap before GC invocations=948 (full 0):
 par new generation   total 115200K, used 103906K [0x00000000f0000000, 0x00000000f7d00000, 0x00000000f7d00000)
  eden space 102400K, 100% used [0x00000000f0000000, 0x00000000f6400000, 0x00000000f6400000)
  from space 12800K,  11% used [0x00000000f6400000, 0x00000000f6578b70, 0x00000000f7080000)
  to   space 12800K,   0% used [0x00000000f7080000, 0x00000000f7080000, 0x00000000f7d00000)
 concurrent mark-sweep generation total 134144K, used 52460K [0x00000000f7d00000, 0x0000000100000000, 0x0000000100000000)
 Metaspace       used 65123K, capacity 69770K, committed 69888K, reserved 1110016K
  class space    used 8392K, capacity 9186K, committed 9216K, reserved 1048576K
2022-09-12T02:07:32.640+0800: 427.417: [GC (Allocation Failure)  156367K->54134K(249344K), 0.0039867 secs]
Heap after GC invocations=949 (full 0):
 par new generation   total 115200K, used 1659K [0x00000000f0000000, 0x00000000f7d00000, 0x00000000f7d00000)
  eden space 102400K,   0% used [0x00000000f0000000, 0x00000000f0000000, 0x00000000f6400000)
  from space 12800K,  12% used [0x00000000f7080000, 0x00000000f721ece0, 0x00000000f7d00000)
  to   space 12800K,   0% used [0x00000000f6400000, 0x00000000f6400000, 0x00000000f7080000)
 concurrent mark-sweep generation total 134144K, used 52475K [0x00000000f7d00000, 0x0000000100000000, 0x0000000100000000)
 Metaspace       used 65123K, capacity 69770K, committed 69888K, reserved 1110016K
  class space    used 8392K, capacity 9186K, committed 9216K, reserved 1048576K
}
{Heap before GC invocations=949 (full 0):
 par new generation   total 115200K, used 104059K [0x00000000f0000000, 0x00000000f7d00000, 0x00000000f7d00000)
  eden space 102400K, 100% used [0x00000000f0000000, 0x00000000f6400000, 0x00000000f6400000)
  from space 12800K,  12% used [0x00000000f7080000, 0x00000000f721ece0, 0x00000000f7d00000)
  to   space 12800K,   0% used [0x00000000f6400000, 0x00000000f6400000, 0x00000000f7080000)
 concurrent mark-sweep generation total 134144K, used 52475K [0x00000000f7d00000, 0x0000000100000000, 0x0000000100000000)
 Metaspace       used 65123K, capacity 69770K, committed 69888K, reserved 1110016K
  class space    used 8392K, capacity 9186K, committed 9216K, reserved 1048576K
2022-09-12T02:07:32.988+0800: 427.766: [GC (Allocation Failure)  156534K->53682K(249344K), 0.0040455 secs]
Heap after GC invocations=950 (full 0):
 par new generation   total 115200K, used 1186K [0x00000000f0000000, 0x00000000f7d00000, 0x00000000f7d00000)
  eden space 102400K,   0% used [0x00000000f0000000, 0x00000000f0000000, 0x00000000f6400000)
  from space 12800K,   9% used [0x00000000f6400000, 0x00000000f6528880, 0x00000000f7080000)
  to   space 12800K,   0% used [0x00000000f7080000, 0x00000000f7080000, 0x00000000f7d00000)
 concurrent mark-sweep generation total 134144K, used 52496K [0x00000000f7d00000, 0x0000000100000000, 0x0000000100000000)
 Metaspace       used 65123K, capacity 69770K, committed 69888K, reserved 1110016K
  class space    used 8392K, capacity 9186K, committed 9216K, reserved 1048576K
}
{Heap before GC invocations=950 (full 0):
 par new generation   total 115200K, used 103586K [0x00000000f0000000, 0x00000000f7d00000, 0x00000000f7d00000)
  eden space 102400K, 100% used [0x00000000f0000000, 0x00000000f6400000, 0x00000000f6400000)
  from space 12800K,   9% used [0x00000000f6400000, 0x00000000f6528880, 0x00000000f7080000)
  to   space 12800K,   0% used [0x00000000f7080000, 0x00000000f7080000, 0x00000000f7d00000)
 concurrent mark-sweep generation total 134144K, used 52496K [0x00000000f7d00000, 0x0000000100000000, 0x0000000100000000)
 Metaspace       used 65123K, capacity 69770K, committed 69888K, reserved 1110016K
  class space    used 8392K, capacity 9186K, committed 9216K, reserved 1048576K
2022-09-12T02:07:33.336+0800: 428.113: [GC (Allocation Failure)  156082K->54060K(249344K), 0.0040570 secs]
Heap after GC invocations=951 (full 0):
 par new generation   total 115200K, used 1550K [0x00000000f0000000, 0x00000000f7d00000, 0x00000000f7d00000)
  eden space 102400K,   0% used [0x00000000f0000000, 0x00000000f0000000, 0x00000000f6400000)
  from space 12800K,  12% used [0x00000000f7080000, 0x00000000f7203a38, 0x00000000f7d00000)
  to   space 12800K,   0% used [0x00000000f6400000, 0x00000000f6400000, 0x00000000f7080000)
 concurrent mark-sweep generation total 134144K, used 52510K [0x00000000f7d00000, 0x0000000100000000, 0x0000000100000000)
 Metaspace       used 65123K, capacity 69770K, committed 69888K, reserved 1110016K
  class space    used 8392K, capacity 9186K, committed 9216K, reserved 1048576K
}
{Heap before GC invocations=951 (full 0):
 par new generation   total 115200K, used 103950K [0x00000000f0000000, 0x00000000f7d00000, 0x00000000f7d00000)
  eden space 102400K, 100% used [0x00000000f0000000, 0x00000000f6400000, 0x00000000f6400000)
  from space 12800K,  12% used [0x00000000f7080000, 0x00000000f7203a38, 0x00000000f7d00000)
  to   space 12800K,   0% used [0x00000000f6400000, 0x00000000f6400000, 0x00000000f7080000)
 concurrent mark-sweep generation total 134144K, used 52510K [0x00000000f7d00000, 0x0000000100000000, 0x0000000100000000)
 Metaspace       used 65123K, capacity 69770K, committed 69888K, reserved 1110016K
  class space    used 8392K, capacity 9186K, committed 9216K, reserved 1048576K
2022-09-12T02:07:33.684+0800: 428.461: [GC (Allocation Failure)  156460K->54188K(249344K), 0.0040712 secs]
Heap after GC invocations=952 (full 0):
 par new generation   total 115200K, used 1666K [0x00000000f0000000, 0x00000000f7d00000, 0x00000000f7d00000)
  eden space 102400K,   0% used [0x00000000f0000000, 0x00000000f0000000, 0x00000000f6400000)
  from space 12800K,  13% used [0x00000000f6400000, 0x00000000f65a0aa0, 0x00000000f7080000)
  to   space 12800K,   0% used [0x00000000f7080000, 0x00000000f7080000, 0x00000000f7d00000)
 concurrent mark-sweep generation total 134144K, used 52521K [0x00000000f7d00000, 0x0000000100000000, 0x0000000100000000)
 Metaspace       used 65123K, capacity 69770K, committed 69888K, reserved 1110016K
  class space    used 8392K, capacity 9186K, committed 9216K, reserved 1048576K
}
{Heap before GC invocations=952 (full 0):
 par new generation   total 115200K, used 104066K [0x00000000f0000000, 0x00000000f7d00000, 0x00000000f7d00000)
  eden space 102400K, 100% used [0x00000000f0000000, 0x00000000f6400000, 0x00000000f6400000)
  from space 12800K,  13% used [0x00000000f6400000, 0x00000000f65a0aa0, 0x00000000f7080000)
  to   space 12800K,   0% used [0x00000000f7080000, 0x00000000f7080000, 0x00000000f7d00000)
 concurrent mark-sweep generation total 134144K, used 52521K [0x00000000f7d00000, 0x0000000100000000, 0x0000000100000000)
 Metaspace       used 65123K, capacity 69770K, committed 69888K, reserved 1110016K
  class space    used 8392K, capacity 9186K, committed 9216K, reserved 1048576K
2022-09-12T02:07:34.032+0800: 428.809: [GC (Allocation Failure)  156588K->53761K(249344K), 0.0040259 secs]
Heap after GC invocations=953 (full 0):
 par new generation   total 115200K, used 1220K [0x00000000f0000000, 0x00000000f7d00000, 0x00000000f7d00000)
  eden space 102400K,   0% used [0x00000000f0000000, 0x00000000f0000000, 0x00000000f6400000)
  from space 12800K,   9% used [0x00000000f7080000, 0x00000000f71b12c0, 0x00000000f7d00000)
  to   space 12800K,   0% used [0x00000000f6400000, 0x00000000f6400000, 0x00000000f7080000)
 concurrent mark-sweep generation total 134144K, used 52540K [0x00000000f7d00000, 0x0000000100000000, 0x0000000100000000)
 Metaspace       used 65123K, capacity 69770K, committed 69888K, reserved 1110016K
  class space    used 8392K, capacity 9186K, committed 9216K, reserved 1048576K
}
{Heap before GC invocations=953 (full 0):
 par new generation   total 115200K, used 103620K [0x00000000f0000000, 0x00000000f7d00000, 0x00000000f7d00000)
  eden space 102400K, 100% used [0x00000000f0000000, 0x00000000f6400000, 0x00000000f6400000)
  from space 12800K,   9% used [0x00000000f7080000, 0x00000000f71b12c0, 0x00000000f7d00000)
  to   space 12800K,   0% used [0x00000000f6400000, 0x00000000f6400000, 0x00000000f7080000)
 concurrent mark-sweep generation total 134144K, used 52540K [0x00000000f7d00000, 0x0000000100000000, 0x0000000100000000)
 Metaspace       used 65123K, capacity 69770K, committed 69888K, reserved 1110016K
  class space    used 8392K, capacity 9186K, committed 9216K, reserved 1048576K
2022-09-12T02:07:34.381+0800: 429.158: [GC (Allocation Failure)  156161K->54079K(249344K), 0.0041241 secs]
Heap after GC invocations=954 (full 0):
 par new generation   total 115200K, used 1515K [0x00000000f0000000, 0x00000000f7d00000, 0x00000000f7d00000)
  eden space 102400K,   0% used [0x00000000f0000000, 0x00000000f0000000, 0x00000000f6400000)
  from space 12800K,  11% used [0x00000000f6400000, 0x00000000f657ac08, 0x00000000f7080000)
  to   space 12800K,   0% used [0x00000000f7080000, 0x00000000f7080000, 0x00000000f7d00000)
 concurrent mark-sweep generation total 134144K, used 52564K [0x00000000f7d00000, 0x0000000100000000, 0x0000000100000000)
 Metaspace       used 65123K, capacity 69770K, committed 69888K, reserved 1110016K
  class space    used 8392K, capacity 9186K, committed 9216K, reserved 1048576K
}
{Heap before GC invocations=954 (full 0):
 par new generation   total 115200K, used 103915K [0x00000000f0000000, 0x00000000f7d00000, 0x00000000f7d00000)
  eden space 102400K, 100% used [0x00000000f0000000, 0x00000000f6400000, 0x00000000f6400000)
  from space 12800K,  11% used [0x00000000f6400000, 0x00000000f657ac08, 0x00000000f7080000)
  to   space 12800K,   0% used [0x00000000f7080000, 0x00000000f7080000, 0x00000000f7d00000)
 concurrent mark-sweep generation total 134144K, used 52564K [0x00000000f7d00000, 0x0000000100000000, 0x0000000100000000)
 Metaspace       used 65123K, capacity 69770K, committed 69888K, reserved 1110016K
  class space    used 8392K, capacity 9186K, committed 9216K, reserved 1048576K
2022-09-12T02:07:34.733+0800: 429.510: [GC (Allocation Failure)  156479K->54226K(249344K), 0.0041434 secs]
Heap after GC invocations=955 (full 0):
 par new generation   total 115200K, used 1650K [0x00000000f0000000, 0x00000000f7d00000, 0x00000000f7d00000)
  eden space 102400K,   0% used [0x00000000f0000000, 0x00000000f0000000, 0x00000000f6400000)
  from space 12800K,  12% used [0x00000000f7080000, 0x00000000f721cb30, 0x00000000f7d00000)
  to   space 12800K,   0% used [0x00000000f6400000, 0x00000000f6400000, 0x00000000f7080000)
 concurrent mark-sweep generation total 134144K, used 52575K [0x00000000f7d00000, 0x0000000100000000, 0x0000000100000000)
 Metaspace       used 65123K, capacity 69770K, committed 69888K, reserved 1110016K
  class space    used 8392K, capacity 9186K, committed 9216K, reserved 1048576K
}
{Heap before GC invocations=955 (full 0):
 par new generation   total 115200K, used 104050K [0x00000000f0000000, 0x00000000f7d00000, 0x00000000f7d00000)
  eden space 102400K, 100% used [0x00000000f0000000, 0x00000000f6400000, 0x00000000f6400000)
  from space 12800K,  12% used [0x00000000f7080000, 0x00000000f721cb30, 0x00000000f7d00000)
  to   space 12800K,   0% used [0x00000000f6400000, 0x00000000f6400000, 0x00000000f7080000)
 concurrent mark-sweep generation total 134144K, used 52575K [0x00000000f7d00000, 0x0000000100000000, 0x0000000100000000)
 Metaspace       used 65123K, capacity 69770K, committed 69888K, reserved 1110016K
  class space    used 8392K, capacity 9186K, committed 9216K, reserved 1048576K
2022-09-12T02:07:35.082+0800: 429.859: [GC (Allocation Failure)  156626K->53940K(249344K), 0.0039099 secs]
Heap after GC invocations=956 (full 0):
 par new generation   total 115200K, used 1352K [0x00000000f0000000, 0x00000000f7d00000, 0x00000000f7d00000)
  eden space 102400K,   0% used [0x00000000f0000000, 0x00000000f0000000, 0x00000000f6400000)
  from space 12800K,  10% used [0x00000000f6400000, 0x00000000f65522b0, 0x00000000f7080000)
  to   space 12800K,   0% used [0x00000000f7080000, 0x00000000f7080000, 0x00000000f7d00000)
 concurrent mark-sweep generation total 134144K, used 52587K [0x00000000f7d00000, 0x0000000100000000, 0x0000000100000000)
 Metaspace       used 65123K, capacity 69770K, committed 69888K, reserved 1110016K
  class space    used 8392K, capacity 9186K, committed 9216K, reserved 1048576K
}
{Heap before GC invocations=956 (full 0):
 par new generation   total 115200K, used 103752K [0x00000000f0000000, 0x00000000f7d00000, 0x00000000f7d00000)
  eden space 102400K, 100% used [0x00000000f0000000, 0x00000000f6400000, 0x00000000f6400000)
  from space 12800K,  10% used [0x00000000f6400000, 0x00000000f65522b0, 0x00000000f7080000)
  to   space 12800K,   0% used [0x00000000f7080000, 0x00000000f7080000, 0x00000000f7d00000)
 concurrent mark-sweep generation total 134144K, used 52587K [0x00000000f7d00000, 0x0000000100000000, 0x0000000100000000)
 Metaspace       used 65123K, capacity 69770K, committed 69888K, reserved 1110016K
  class space    used 8392K, capacity 9186K, committed 9216K, reserved 1048576K
2022-09-12T02:07:35.430+0800: 430.207: [GC (Allocation Failure)  156340K->54138K(249344K), 0.0040446 secs]
Heap after GC invocations=957 (full 0):
 par new generation   total 115200K, used 1534K [0x00000000f0000000, 0x00000000f7d00000, 0x00000000f7d00000)
  eden space 102400K,   0% used [0x00000000f0000000, 0x00000000f0000000, 0x00000000f6400000)
  from space 12800K,  11% used [0x00000000f7080000, 0x00000000f71ffbe0, 0x00000000f7d00000)
  to   space 12800K,   0% used [0x00000000f6400000, 0x00000000f6400000, 0x00000000f7080000)
 concurrent mark-sweep generation total 134144K, used 52603K [0x00000000f7d00000, 0x0000000100000000, 0x0000000100000000)
 Metaspace       used 65123K, capacity 69770K, committed 69888K, reserved 1110016K
  class space    used 8392K, capacity 9186K, committed 9216K, reserved 1048576K
}
{Heap before GC invocations=957 (full 0):
 par new generation   total 115200K, used 103934K [0x00000000f0000000, 0x00000000f7d00000, 0x00000000f7d00000)
  eden space 102400K, 100% used [0x00000000f0000000, 0x00000000f6400000, 0x00000000f6400000)
  from space 12800K,  11% used [0x00000000f7080000, 0x00000000f71ffbe0, 0x00000000f7d00000)
  to   space 12800K,   0% used [0x00000000f6400000, 0x00000000f6400000, 0x00000000f7080000)
 concurrent mark-sweep generation total 134144K, used 52603K [0x00000000f7d00000, 0x0000000100000000, 0x0000000100000000)
 Metaspace       used 65123K, capacity 69770K, committed 69888K, reserved 1110016K
  class space    used 8392K, capacity 9186K, committed 9216K, reserved 1048576K
2022-09-12T02:07:35.779+0800: 430.556: [GC (Allocation Failure)  156538K->54279K(249344K), 0.0039530 secs]
Heap after GC invocations=958 (full 0):
 par new generation   total 115200K, used 1659K [0x00000000f0000000, 0x00000000f7d00000, 0x00000000f7d00000)
  eden space 102400K,   0% used [0x00000000f0000000, 0x00000000f0000000, 0x00000000f6400000)
  from space 12800K,  12% used [0x00000000f6400000, 0x00000000f659ef48, 0x00000000f7080000)
  to   space 12800K,   0% used [0x00000000f7080000, 0x00000000f7080000, 0x00000000f7d00000)
 concurrent mark-sweep generation total 134144K, used 52619K [0x00000000f7d00000, 0x0000000100000000, 0x0000000100000000)
 Metaspace       used 65123K, capacity 69770K, committed 69888K, reserved 1110016K
  class space    used 8392K, capacity 9186K, committed 9216K, reserved 1048576K
}
{Heap before GC invocations=958 (full 0):
 par new generation   total 115200K, used 104059K [0x00000000f0000000, 0x00000000f7d00000, 0x00000000f7d00000)
  eden space 102400K, 100% used [0x00000000f0000000, 0x00000000f6400000, 0x00000000f6400000)
  from space 12800K,  12% used [0x00000000f6400000, 0x00000000f659ef48, 0x00000000f7080000)
  to   space 12800K,   0% used [0x00000000f7080000, 0x00000000f7080000, 0x00000000f7d00000)
 concurrent mark-sweep generation total 134144K, used 52619K [0x00000000f7d00000, 0x0000000100000000, 0x0000000100000000)
 Metaspace       used 65123K, capacity 69770K, committed 69888K, reserved 1110016K
  class space    used 8392K, capacity 9186K, committed 9216K, reserved 1048576K
2022-09-12T02:07:36.131+0800: 430.909: [GC (Allocation Failure)  156679K->53819K(249344K), 0.0041746 secs]
Heap after GC invocations=959 (full 0):
 par new generation   total 115200K, used 1182K [0x00000000f0000000, 0x00000000f7d00000, 0x00000000f7d00000)
  eden space 102400K,   0% used [0x00000000f0000000, 0x00000000f0000000, 0x00000000f6400000)
  from space 12800K,   9% used [0x00000000f7080000, 0x00000000f71a7880, 0x00000000f7d00000)
  to   space 12800K,   0% used [0x00000000f6400000, 0x00000000f6400000, 0x00000000f7080000)
 concurrent mark-sweep generation total 134144K, used 52637K [0x00000000f7d00000, 0x0000000100000000, 0x0000000100000000)
 Metaspace       used 65123K, capacity 69770K, committed 69888K, reserved 1110016K
  class space    used 8392K, capacity 9186K, committed 9216K, reserved 1048576K
}
{Heap before GC invocations=959 (full 0):
 par new generation   total 115200K, used 103582K [0x00000000f0000000, 0x00000000f7d00000, 0x00000000f7d00000)
  eden space 102400K, 100% used [0x00000000f0000000, 0x00000000f6400000, 0x00000000f6400000)
  from space 12800K,   9% used [0x00000000f7080000, 0x00000000f71a7880, 0x00000000f7d00000)
  to   space 12800K,   0% used [0x00000000f6400000, 0x00000000f6400000, 0x00000000f7080000)
 concurrent mark-sweep generation total 134144K, used 52637K [0x00000000f7d00000, 0x0000000100000000, 0x0000000100000000)
 Metaspace       used 65123K, capacity 69770K, committed 69888K, reserved 1110016K
  class space    used 8392K, capacity 9186K, committed 9216K, reserved 1048576K
2022-09-12T02:07:36.479+0800: 431.256: [GC (Allocation Failure)  156219K->54190K(249344K), 0.0039883 secs]
Heap after GC invocations=960 (full 0):
 par new generation   total 115200K, used 1538K [0x00000000f0000000, 0x00000000f7d00000, 0x00000000f7d00000)
  eden space 102400K,   0% used [0x00000000f0000000, 0x00000000f0000000, 0x00000000f6400000)
  from space 12800K,  12% used [0x00000000f6400000, 0x00000000f6580b30, 0x00000000f7080000)
  to   space 12800K,   0% used [0x00000000f7080000, 0x00000000f7080000, 0x00000000f7d00000)
 concurrent mark-sweep generation total 134144K, used 52651K [0x00000000f7d00000, 0x0000000100000000, 0x0000000100000000)
 Metaspace       used 65123K, capacity 69770K, committed 69888K, reserved 1110016K
  class space    used 8392K, capacity 9186K, committed 9216K, reserved 1048576K
}
{Heap before GC invocations=960 (full 0):
 par new generation   total 115200K, used 103938K [0x00000000f0000000, 0x00000000f7d00000, 0x00000000f7d00000)
  eden space 102400K, 100% used [0x00000000f0000000, 0x00000000f6400000, 0x00000000f6400000)
  from space 12800K,  12% used [0x00000000f6400000, 0x00000000f6580b30, 0x00000000f7080000)
  to   space 12800K,   0% used [0x00000000f7080000, 0x00000000f7080000, 0x00000000f7d00000)
 concurrent mark-sweep generation total 134144K, used 52651K [0x00000000f7d00000, 0x0000000100000000, 0x0000000100000000)
 Metaspace       used 65123K, capacity 69770K, committed 69888K, reserved 1110016K
  class space    used 8392K, capacity 9186K, committed 9216K, reserved 1048576K
2022-09-12T02:07:36.827+0800: 431.604: [GC (Allocation Failure)  156590K->54331K(249344K), 0.0040539 secs]
Heap after GC invocations=961 (full 0):
 par new generation   total 115200K, used 1660K [0x00000000f0000000, 0x00000000f7d00000, 0x00000000f7d00000)
  eden space 102400K,   0% used [0x00000000f0000000, 0x00000000f0000000, 0x00000000f6400000)
  from space 12800K,  12% used [0x00000000f7080000, 0x00000000f721f338, 0x00000000f7d00000)
  to   space 12800K,   0% used [0x00000000f6400000, 0x00000000f6400000, 0x00000000f7080000)
 concurrent mark-sweep generation total 134144K, used 52670K [0x00000000f7d00000, 0x0000000100000000, 0x0000000100000000)
 Metaspace       used 65123K, capacity 69770K, committed 69888K, reserved 1110016K
  class space    used 8392K, capacity 9186K, committed 9216K, reserved 1048576K
}
{Heap before GC invocations=961 (full 0):
 par new generation   total 115200K, used 104060K [0x00000000f0000000, 0x00000000f7d00000, 0x00000000f7d00000)
  eden space 102400K, 100% used [0x00000000f0000000, 0x00000000f6400000, 0x00000000f6400000)
  from space 12800K,  12% used [0x00000000f7080000, 0x00000000f721f338, 0x00000000f7d00000)
  to   space 12800K,   0% used [0x00000000f6400000, 0x00000000f6400000, 0x00000000f7080000)
 concurrent mark-sweep generation total 134144K, used 52670K [0x00000000f7d00000, 0x0000000100000000, 0x0000000100000000)
 Metaspace       used 65123K, capacity 69770K, committed 69888K, reserved 1110016K
  class space    used 8392K, capacity 9186K, committed 9216K, reserved 1048576K
2022-09-12T02:07:37.176+0800: 431.953: [GC (Allocation Failure)  156731K->53893K(249344K), 0.0040434 secs]
Heap after GC invocations=962 (full 0):
 par new generation   total 115200K, used 1202K [0x00000000f0000000, 0x00000000f7d00000, 0x00000000f7d00000)
  eden space 102400K,   0% used [0x00000000f0000000, 0x00000000f0000000, 0x00000000f6400000)
  from space 12800K,   9% used [0x00000000f6400000, 0x00000000f652c980, 0x00000000f7080000)
  to   space 12800K,   0% used [0x00000000f7080000, 0x00000000f7080000, 0x00000000f7d00000)
 concurrent mark-sweep generation total 134144K, used 52691K [0x00000000f7d00000, 0x0000000100000000, 0x0000000100000000)
 Metaspace       used 65123K, capacity 69770K, committed 69888K, reserved 1110016K
  class space    used 8392K, capacity 9186K, committed 9216K, reserved 1048576K
}
{Heap before GC invocations=962 (full 0):
 par new generation   total 115200K, used 103602K [0x00000000f0000000, 0x00000000f7d00000, 0x00000000f7d00000)
  eden space 102400K, 100% used [0x00000000f0000000, 0x00000000f6400000, 0x00000000f6400000)
  from space 12800K,   9% used [0x00000000f6400000, 0x00000000f652c980, 0x00000000f7080000)
  to   space 12800K,   0% used [0x00000000f7080000, 0x00000000f7080000, 0x00000000f7d00000)
 concurrent mark-sweep generation total 134144K, used 52691K [0x00000000f7d00000, 0x0000000100000000, 0x0000000100000000)
 Metaspace       used 65123K, capacity 69770K, committed 69888K, reserved 1110016K
  class space    used 8392K, capacity 9186K, committed 9216K, reserved 1048576K
2022-09-12T02:07:37.525+0800: 432.302: [GC (Allocation Failure)  156293K->54231K(249344K), 0.0040144 secs]
Heap after GC invocations=963 (full 0):
 par new generation   total 115200K, used 1526K [0x00000000f0000000, 0x00000000f7d00000, 0x00000000f7d00000)
  eden space 102400K,   0% used [0x00000000f0000000, 0x00000000f0000000, 0x00000000f6400000)
  from space 12800K,  11% used [0x00000000f7080000, 0x00000000f71fd8e0, 0x00000000f7d00000)
  to   space 12800K,   0% used [0x00000000f6400000, 0x00000000f6400000, 0x00000000f7080000)
 concurrent mark-sweep generation total 134144K, used 52705K [0x00000000f7d00000, 0x0000000100000000, 0x0000000100000000)
 Metaspace       used 65123K, capacity 69770K, committed 69888K, reserved 1110016K
  class space    used 8392K, capacity 9186K, committed 9216K, reserved 1048576K
}
{Heap before GC invocations=963 (full 0):
 par new generation   total 115200K, used 103926K [0x00000000f0000000, 0x00000000f7d00000, 0x00000000f7d00000)
  eden space 102400K, 100% used [0x00000000f0000000, 0x00000000f6400000, 0x00000000f6400000)
  from space 12800K,  11% used [0x00000000f7080000, 0x00000000f71fd8e0, 0x00000000f7d00000)
  to   space 12800K,   0% used [0x00000000f6400000, 0x00000000f6400000, 0x00000000f7080000)
 concurrent mark-sweep generation total 134144K, used 52705K [0x00000000f7d00000, 0x0000000100000000, 0x0000000100000000)
 Metaspace       used 65123K, capacity 69770K, committed 69888K, reserved 1110016K
  class space    used 8392K, capacity 9186K, committed 9216K, reserved 1048576K
2022-09-12T02:07:37.875+0800: 432.652: [GC (Allocation Failure)  156631K->54362K(249344K), 0.0040233 secs]
Heap after GC invocations=964 (full 0):
 par new generation   total 115200K, used 1646K [0x00000000f0000000, 0x00000000f7d00000, 0x00000000f7d00000)
  eden space 102400K,   0% used [0x00000000f0000000, 0x00000000f0000000, 0x00000000f6400000)
  from space 12800K,  12% used [0x00000000f6400000, 0x00000000f659bbe0, 0x00000000f7080000)
  to   space 12800K,   0% used [0x00000000f7080000, 0x00000000f7080000, 0x00000000f7d00000)
 concurrent mark-sweep generation total 134144K, used 52715K [0x00000000f7d00000, 0x0000000100000000, 0x0000000100000000)
 Metaspace       used 65123K, capacity 69770K, committed 69888K, reserved 1110016K
  class space    used 8392K, capacity 9186K, committed 9216K, reserved 1048576K
}
{Heap before GC invocations=964 (full 0):
 par new generation   total 115200K, used 104046K [0x00000000f0000000, 0x00000000f7d00000, 0x00000000f7d00000)
  eden space 102400K, 100% used [0x00000000f0000000, 0x00000000f6400000, 0x00000000f6400000)
  from space 12800K,  12% used [0x00000000f6400000, 0x00000000f659bbe0, 0x00000000f7080000)
  to   space 12800K,   0% used [0x00000000f7080000, 0x00000000f7080000, 0x00000000f7d00000)
 concurrent mark-sweep generation total 134144K, used 52715K [0x00000000f7d00000, 0x0000000100000000, 0x0000000100000000)
 Metaspace       used 65123K, capacity 69770K, committed 69888K, reserved 1110016K
  class space    used 8392K, capacity 9186K, committed 9216K, reserved 1048576K
2022-09-12T02:07:38.224+0800: 433.001: [GC (Allocation Failure)  156762K->53938K(249344K), 0.0040848 secs]
Heap after GC invocations=965 (full 0):
 par new generation   total 115200K, used 1202K [0x00000000f0000000, 0x00000000f7d00000, 0x00000000f7d00000)
  eden space 102400K,   0% used [0x00000000f0000000, 0x00000000f0000000, 0x00000000f6400000)
  from space 12800K,   9% used [0x00000000f7080000, 0x00000000f71ac940, 0x00000000f7d00000)
  to   space 12800K,   0% used [0x00000000f6400000, 0x00000000f6400000, 0x00000000f7080000)
 concurrent mark-sweep generation total 134144K, used 52736K [0x00000000f7d00000, 0x0000000100000000, 0x0000000100000000)
 Metaspace       used 65123K, capacity 69770K, committed 69888K, reserved 1110016K
  class space    used 8392K, capacity 9186K, committed 9216K, reserved 1048576K
}
{Heap before GC invocations=965 (full 0):
 par new generation   total 115200K, used 103602K [0x00000000f0000000, 0x00000000f7d00000, 0x00000000f7d00000)
  eden space 102400K, 100% used [0x00000000f0000000, 0x00000000f6400000, 0x00000000f6400000)
  from space 12800K,   9% used [0x00000000f7080000, 0x00000000f71ac940, 0x00000000f7d00000)
  to   space 12800K,   0% used [0x00000000f6400000, 0x00000000f6400000, 0x00000000f7080000)
 concurrent mark-sweep generation total 134144K, used 52736K [0x00000000f7d00000, 0x0000000100000000, 0x0000000100000000)
 Metaspace       used 65123K, capacity 69770K, committed 69888K, reserved 1110016K
  class space    used 8392K, capacity 9186K, committed 9216K, reserved 1048576K
2022-09-12T02:07:38.571+0800: 433.348: [GC (Allocation Failure)  156338K->54304K(249344K), 0.0040700 secs]
Heap after GC invocations=966 (full 0):
 par new generation   total 115200K, used 1553K [0x00000000f0000000, 0x00000000f7d00000, 0x00000000f7d00000)
  eden space 102400K,   0% used [0x00000000f0000000, 0x00000000f0000000, 0x00000000f6400000)
  from space 12800K,  12% used [0x00000000f6400000, 0x00000000f65844f0, 0x00000000f7080000)
  to   space 12800K,   0% used [0x00000000f7080000, 0x00000000f7080000, 0x00000000f7d00000)
 concurrent mark-sweep generation total 134144K, used 52751K [0x00000000f7d00000, 0x0000000100000000, 0x0000000100000000)
 Metaspace       used 65123K, capacity 69770K, committed 69888K, reserved 1110016K
  class space    used 8392K, capacity 9186K, committed 9216K, reserved 1048576K
}
{Heap before GC invocations=966 (full 0):
 par new generation   total 115200K, used 103953K [0x00000000f0000000, 0x00000000f7d00000, 0x00000000f7d00000)
  eden space 102400K, 100% used [0x00000000f0000000, 0x00000000f6400000, 0x00000000f6400000)
  from space 12800K,  12% used [0x00000000f6400000, 0x00000000f65844f0, 0x00000000f7080000)
  to   space 12800K,   0% used [0x00000000f7080000, 0x00000000f7080000, 0x00000000f7d00000)
 concurrent mark-sweep generation total 134144K, used 52751K [0x00000000f7d00000, 0x0000000100000000, 0x0000000100000000)
 Metaspace       used 65123K, capacity 69770K, committed 69888K, reserved 1110016K
  class space    used 8392K, capacity 9186K, committed 9216K, reserved 1048576K
2022-09-12T02:07:38.919+0800: 433.696: [GC (Allocation Failure)  156704K->54414K(249344K), 0.0040755 secs]
Heap after GC invocations=967 (full 0):
 par new generation   total 115200K, used 1644K [0x00000000f0000000, 0x00000000f7d00000, 0x00000000f7d00000)
  eden space 102400K,   0% used [0x00000000f0000000, 0x00000000f0000000, 0x00000000f6400000)
  from space 12800K,  12% used [0x00000000f7080000, 0x00000000f721b128, 0x00000000f7d00000)
  to   space 12800K,   0% used [0x00000000f6400000, 0x00000000f6400000, 0x00000000f7080000)
 concurrent mark-sweep generation total 134144K, used 52770K [0x00000000f7d00000, 0x0000000100000000, 0x0000000100000000)
 Metaspace       used 65123K, capacity 69770K, committed 69888K, reserved 1110016K
  class space    used 8392K, capacity 9186K, committed 9216K, reserved 1048576K
}
{Heap before GC invocations=967 (full 0):
 par new generation   total 115200K, used 104044K [0x00000000f0000000, 0x00000000f7d00000, 0x00000000f7d00000)
  eden space 102400K, 100% used [0x00000000f0000000, 0x00000000f6400000, 0x00000000f6400000)
  from space 12800K,  12% used [0x00000000f7080000, 0x00000000f721b128, 0x00000000f7d00000)
  to   space 12800K,   0% used [0x00000000f6400000, 0x00000000f6400000, 0x00000000f7080000)
 concurrent mark-sweep generation total 134144K, used 52770K [0x00000000f7d00000, 0x0000000100000000, 0x0000000100000000)
 Metaspace       used 65123K, capacity 69770K, committed 69888K, reserved 1110016K
  class space    used 8392K, capacity 9186K, committed 9216K, reserved 1048576K
2022-09-12T02:07:39.267+0800: 434.045: [GC (Allocation Failure)  156814K->53983K(249344K), 0.0038930 secs]
Heap after GC invocations=968 (full 0):
 par new generation   total 115200K, used 1205K [0x00000000f0000000, 0x00000000f7d00000, 0x00000000f7d00000)
  eden space 102400K,   0% used [0x00000000f0000000, 0x00000000f0000000, 0x00000000f6400000)
  from space 12800K,   9% used [0x00000000f6400000, 0x00000000f652d480, 0x00000000f7080000)
  to   space 12800K,   0% used [0x00000000f7080000, 0x00000000f7080000, 0x00000000f7d00000)
 concurrent mark-sweep generation total 134144K, used 52778K [0x00000000f7d00000, 0x0000000100000000, 0x0000000100000000)
 Metaspace       used 65123K, capacity 69770K, committed 69888K, reserved 1110016K
  class space    used 8392K, capacity 9186K, committed 9216K, reserved 1048576K
}
{Heap before GC invocations=968 (full 0):
 par new generation   total 115200K, used 103605K [0x00000000f0000000, 0x00000000f7d00000, 0x00000000f7d00000)
  eden space 102400K, 100% used [0x00000000f0000000, 0x00000000f6400000, 0x00000000f6400000)
  from space 12800K,   9% used [0x00000000f6400000, 0x00000000f652d480, 0x00000000f7080000)
  to   space 12800K,   0% used [0x00000000f7080000, 0x00000000f7080000, 0x00000000f7d00000)
 concurrent mark-sweep generation total 134144K, used 52778K [0x00000000f7d00000, 0x0000000100000000, 0x0000000100000000)
 Metaspace       used 65123K, capacity 69770K, committed 69888K, reserved 1110016K
  class space    used 8392K, capacity 9186K, committed 9216K, reserved 1048576K
2022-09-12T02:07:39.616+0800: 434.393: [GC (Allocation Failure)  156383K->54329K(249344K), 0.0040510 secs]
Heap after GC invocations=969 (full 0):
 par new generation   total 115200K, used 1531K [0x00000000f0000000, 0x00000000f7d00000, 0x00000000f7d00000)
  eden space 102400K,   0% used [0x00000000f0000000, 0x00000000f0000000, 0x00000000f6400000)
  from space 12800K,  11% used [0x00000000f7080000, 0x00000000f71fef30, 0x00000000f7d00000)
  to   space 12800K,   0% used [0x00000000f6400000, 0x00000000f6400000, 0x00000000f7080000)
 concurrent mark-sweep generation total 134144K, used 52797K [0x00000000f7d00000, 0x0000000100000000, 0x0000000100000000)
 Metaspace       used 65123K, capacity 69770K, committed 69888K, reserved 1110016K
  class space    used 8392K, capacity 9186K, committed 9216K, reserved 1048576K
}
{Heap before GC invocations=969 (full 0):
 par new generation   total 115200K, used 103931K [0x00000000f0000000, 0x00000000f7d00000, 0x00000000f7d00000)
  eden space 102400K, 100% used [0x00000000f0000000, 0x00000000f6400000, 0x00000000f6400000)
  from space 12800K,  11% used [0x00000000f7080000, 0x00000000f71fef30, 0x00000000f7d00000)
  to   space 12800K,   0% used [0x00000000f6400000, 0x00000000f6400000, 0x00000000f7080000)
 concurrent mark-sweep generation total 134144K, used 52797K [0x00000000f7d00000, 0x0000000100000000, 0x0000000100000000)
 Metaspace       used 65123K, capacity 69770K, committed 69888K, reserved 1110016K
  class space    used 8392K, capacity 9186K, committed 9216K, reserved 1048576K
2022-09-12T02:07:39.965+0800: 434.742: [GC (Allocation Failure)  156729K->54432K(249344K), 0.0041565 secs]
Heap after GC invocations=970 (full 0):
 par new generation   total 115200K, used 1613K [0x00000000f0000000, 0x00000000f7d00000, 0x00000000f7d00000)
  eden space 102400K,   0% used [0x00000000f0000000, 0x00000000f0000000, 0x00000000f6400000)
  from space 12800K,  12% used [0x00000000f6400000, 0x00000000f65936a8, 0x00000000f7080000)
  to   space 12800K,   0% used [0x00000000f7080000, 0x00000000f7080000, 0x00000000f7d00000)
 concurrent mark-sweep generation total 134144K, used 52818K [0x00000000f7d00000, 0x0000000100000000, 0x0000000100000000)
 Metaspace       used 65123K, capacity 69770K, committed 69888K, reserved 1110016K
  class space    used 8392K, capacity 9186K, committed 9216K, reserved 1048576K
}
{Heap before GC invocations=970 (full 0):
 par new generation   total 115200K, used 104013K [0x00000000f0000000, 0x00000000f7d00000, 0x00000000f7d00000)
  eden space 102400K, 100% used [0x00000000f0000000, 0x00000000f6400000, 0x00000000f6400000)
  from space 12800K,  12% used [0x00000000f6400000, 0x00000000f65936a8, 0x00000000f7080000)
  to   space 12800K,   0% used [0x00000000f7080000, 0x00000000f7080000, 0x00000000f7d00000)
 concurrent mark-sweep generation total 134144K, used 52818K [0x00000000f7d00000, 0x0000000100000000, 0x0000000100000000)
 Metaspace       used 65123K, capacity 69770K, committed 69888K, reserved 1110016K
  class space    used 8392K, capacity 9186K, committed 9216K, reserved 1048576K
2022-09-12T02:07:40.313+0800: 435.090: [GC (Allocation Failure)  156832K->54001K(249344K), 0.0040128 secs]
Heap after GC invocations=971 (full 0):
 par new generation   total 115200K, used 1167K [0x00000000f0000000, 0x00000000f7d00000, 0x00000000f7d00000)
  eden space 102400K,   0% used [0x00000000f0000000, 0x00000000f0000000, 0x00000000f6400000)
  from space 12800K,   9% used [0x00000000f7080000, 0x00000000f71a3d00, 0x00000000f7d00000)
  to   space 12800K,   0% used [0x00000000f6400000, 0x00000000f6400000, 0x00000000f7080000)
 concurrent mark-sweep generation total 134144K, used 52834K [0x00000000f7d00000, 0x0000000100000000, 0x0000000100000000)
 Metaspace       used 65123K, capacity 69770K, committed 69888K, reserved 1110016K
  class space    used 8392K, capacity 9186K, committed 9216K, reserved 1048576K
}
{Heap before GC invocations=971 (full 0):
 par new generation   total 115200K, used 103567K [0x00000000f0000000, 0x00000000f7d00000, 0x00000000f7d00000)
  eden space 102400K, 100% used [0x00000000f0000000, 0x00000000f6400000, 0x00000000f6400000)
  from space 12800K,   9% used [0x00000000f7080000, 0x00000000f71a3d00, 0x00000000f7d00000)
  to   space 12800K,   0% used [0x00000000f6400000, 0x00000000f6400000, 0x00000000f7080000)
 concurrent mark-sweep generation total 134144K, used 52834K [0x00000000f7d00000, 0x0000000100000000, 0x0000000100000000)
 Metaspace       used 65123K, capacity 69770K, committed 69888K, reserved 1110016K
  class space    used 8392K, capacity 9186K, committed 9216K, reserved 1048576K
2022-09-12T02:07:40.663+0800: 435.440: [GC (Allocation Failure)  156401K->54330K(249344K), 0.0040416 secs]
Heap after GC invocations=972 (full 0):
 par new generation   total 115200K, used 1485K [0x00000000f0000000, 0x00000000f7d00000, 0x00000000f7d00000)
  eden space 102400K,   0% used [0x00000000f0000000, 0x00000000f0000000, 0x00000000f6400000)
  from space 12800K,  11% used [0x00000000f6400000, 0x00000000f6573428, 0x00000000f7080000)
  to   space 12800K,   0% used [0x00000000f7080000, 0x00000000f7080000, 0x00000000f7d00000)
 concurrent mark-sweep generation total 134144K, used 52845K [0x00000000f7d00000, 0x0000000100000000, 0x0000000100000000)
 Metaspace       used 65123K, capacity 69770K, committed 69888K, reserved 1110016K
  class space    used 8392K, capacity 9186K, committed 9216K, reserved 1048576K
}
{Heap before GC invocations=972 (full 0):
 par new generation   total 115200K, used 103885K [0x00000000f0000000, 0x00000000f7d00000, 0x00000000f7d00000)
  eden space 102400K, 100% used [0x00000000f0000000, 0x00000000f6400000, 0x00000000f6400000)
  from space 12800K,  11% used [0x00000000f6400000, 0x00000000f6573428, 0x00000000f7080000)
  to   space 12800K,   0% used [0x00000000f7080000, 0x00000000f7080000, 0x00000000f7d00000)
 concurrent mark-sweep generation total 134144K, used 52845K [0x00000000f7d00000, 0x0000000100000000, 0x0000000100000000)
 Metaspace       used 65123K, capacity 69770K, committed 69888K, reserved 1110016K
  class space    used 8392K, capacity 9186K, committed 9216K, reserved 1048576K
2022-09-12T02:07:41.012+0800: 435.789: [GC (Allocation Failure)  156730K->54509K(249344K), 0.0041571 secs]
Heap after GC invocations=973 (full 0):
 par new generation   total 115200K, used 1642K [0x00000000f0000000, 0x00000000f7d00000, 0x00000000f7d00000)
  eden space 102400K,   0% used [0x00000000f0000000, 0x00000000f0000000, 0x00000000f6400000)
  from space 12800K,  12% used [0x00000000f7080000, 0x00000000f721abe8, 0x00000000f7d00000)
  to   space 12800K,   0% used [0x00000000f6400000, 0x00000000f6400000, 0x00000000f7080000)
 concurrent mark-sweep generation total 134144K, used 52866K [0x00000000f7d00000, 0x0000000100000000, 0x0000000100000000)
 Metaspace       used 65123K, capacity 69770K, committed 69888K, reserved 1110016K
  class space    used 8392K, capacity 9186K, committed 9216K, reserved 1048576K
}
{Heap before GC invocations=973 (full 0):
 par new generation   total 115200K, used 104042K [0x00000000f0000000, 0x00000000f7d00000, 0x00000000f7d00000)
  eden space 102400K, 100% used [0x00000000f0000000, 0x00000000f6400000, 0x00000000f6400000)
  from space 12800K,  12% used [0x00000000f7080000, 0x00000000f721abe8, 0x00000000f7d00000)
  to   space 12800K,   0% used [0x00000000f6400000, 0x00000000f6400000, 0x00000000f7080000)
 concurrent mark-sweep generation total 134144K, used 52866K [0x00000000f7d00000, 0x0000000100000000, 0x0000000100000000)
 Metaspace       used 65123K, capacity 69770K, committed 69888K, reserved 1110016K
  class space    used 8392K, capacity 9186K, committed 9216K, reserved 1048576K
2022-09-12T02:07:41.364+0800: 436.141: [GC (Allocation Failure)  156909K->54228K(249344K), 0.0039657 secs]
Heap after GC invocations=974 (full 0):
 par new generation   total 115200K, used 1349K [0x00000000f0000000, 0x00000000f7d00000, 0x00000000f7d00000)
  eden space 102400K,   0% used [0x00000000f0000000, 0x00000000f0000000, 0x00000000f6400000)
  from space 12800K,  10% used [0x00000000f6400000, 0x00000000f6551698, 0x00000000f7080000)
  to   space 12800K,   0% used [0x00000000f7080000, 0x00000000f7080000, 0x00000000f7d00000)
 concurrent mark-sweep generation total 134144K, used 52878K [0x00000000f7d00000, 0x0000000100000000, 0x0000000100000000)
 Metaspace       used 65123K, capacity 69770K, committed 69888K, reserved 1110016K
  class space    used 8392K, capacity 9186K, committed 9216K, reserved 1048576K
}
{Heap before GC invocations=974 (full 0):
 par new generation   total 115200K, used 103749K [0x00000000f0000000, 0x00000000f7d00000, 0x00000000f7d00000)
  eden space 102400K, 100% used [0x00000000f0000000, 0x00000000f6400000, 0x00000000f6400000)
  from space 12800K,  10% used [0x00000000f6400000, 0x00000000f6551698, 0x00000000f7080000)
  to   space 12800K,   0% used [0x00000000f7080000, 0x00000000f7080000, 0x00000000f7d00000)
 concurrent mark-sweep generation total 134144K, used 52878K [0x00000000f7d00000, 0x0000000100000000, 0x0000000100000000)
 Metaspace       used 65125K, capacity 69770K, committed 69888K, reserved 1110016K
  class space    used 8392K, capacity 9186K, committed 9216K, reserved 1048576K
2022-09-12T02:07:41.712+0800: 436.490: [GC (Allocation Failure)  156628K->54429K(249344K), 0.0040577 secs]
Heap after GC invocations=975 (full 0):
 par new generation   total 115200K, used 1533K [0x00000000f0000000, 0x00000000f7d00000, 0x00000000f7d00000)
  eden space 102400K,   0% used [0x00000000f0000000, 0x00000000f0000000, 0x00000000f6400000)
  from space 12800K,  11% used [0x00000000f7080000, 0x00000000f71ff438, 0x00000000f7d00000)
  to   space 12800K,   0% used [0x00000000f6400000, 0x00000000f6400000, 0x00000000f7080000)
 concurrent mark-sweep generation total 134144K, used 52896K [0x00000000f7d00000, 0x0000000100000000, 0x0000000100000000)
 Metaspace       used 65125K, capacity 69770K, committed 69888K, reserved 1110016K
  class space    used 8392K, capacity 9186K, committed 9216K, reserved 1048576K
}
{Heap before GC invocations=975 (full 0):
 par new generation   total 115200K, used 103933K [0x00000000f0000000, 0x00000000f7d00000, 0x00000000f7d00000)
  eden space 102400K, 100% used [0x00000000f0000000, 0x00000000f6400000, 0x00000000f6400000)
  from space 12800K,  11% used [0x00000000f7080000, 0x00000000f71ff438, 0x00000000f7d00000)
  to   space 12800K,   0% used [0x00000000f6400000, 0x00000000f6400000, 0x00000000f7080000)
 concurrent mark-sweep generation total 134144K, used 52896K [0x00000000f7d00000, 0x0000000100000000, 0x0000000100000000)
 Metaspace       used 65125K, capacity 69770K, committed 69888K, reserved 1110016K
  class space    used 8392K, capacity 9186K, committed 9216K, reserved 1048576K
2022-09-12T02:07:42.064+0800: 436.841: [GC (Allocation Failure)  156829K->54552K(249344K), 0.0040206 secs]
Heap after GC invocations=976 (full 0):
 par new generation   total 115200K, used 1645K [0x00000000f0000000, 0x00000000f7d00000, 0x00000000f7d00000)
  eden space 102400K,   0% used [0x00000000f0000000, 0x00000000f0000000, 0x00000000f6400000)
  from space 12800K,  12% used [0x00000000f6400000, 0x00000000f659b5f8, 0x00000000f7080000)
  to   space 12800K,   0% used [0x00000000f7080000, 0x00000000f7080000, 0x00000000f7d00000)
 concurrent mark-sweep generation total 134144K, used 52907K [0x00000000f7d00000, 0x0000000100000000, 0x0000000100000000)
 Metaspace       used 65125K, capacity 69770K, committed 69888K, reserved 1110016K
  class space    used 8392K, capacity 9186K, committed 9216K, reserved 1048576K
}
{Heap before GC invocations=976 (full 0):
 par new generation   total 115200K, used 104045K [0x00000000f0000000, 0x00000000f7d00000, 0x00000000f7d00000)
  eden space 102400K, 100% used [0x00000000f0000000, 0x00000000f6400000, 0x00000000f6400000)
  from space 12800K,  12% used [0x00000000f6400000, 0x00000000f659b5f8, 0x00000000f7080000)
  to   space 12800K,   0% used [0x00000000f7080000, 0x00000000f7080000, 0x00000000f7d00000)
 concurrent mark-sweep generation total 134144K, used 52907K [0x00000000f7d00000, 0x0000000100000000, 0x0000000100000000)
 Metaspace       used 65125K, capacity 69770K, committed 69888K, reserved 1110016K
  class space    used 8392K, capacity 9186K, committed 9216K, reserved 1048576K
2022-09-12T02:07:42.415+0800: 437.192: [GC (Allocation Failure)  156952K->54128K(249344K), 0.0040890 secs]
Heap after GC invocations=977 (full 0):
 par new generation   total 115200K, used 1200K [0x00000000f0000000, 0x00000000f7d00000, 0x00000000f7d00000)
  eden space 102400K,   0% used [0x00000000f0000000, 0x00000000f0000000, 0x00000000f6400000)
  from space 12800K,   9% used [0x00000000f7080000, 0x00000000f71ac380, 0x00000000f7d00000)
  to   space 12800K,   0% used [0x00000000f6400000, 0x00000000f6400000, 0x00000000f7080000)
 concurrent mark-sweep generation total 134144K, used 52927K [0x00000000f7d00000, 0x0000000100000000, 0x0000000100000000)
 Metaspace       used 65125K, capacity 69770K, committed 69888K, reserved 1110016K
  class space    used 8392K, capacity 9186K, committed 9216K, reserved 1048576K
}
{Heap before GC invocations=977 (full 0):
 par new generation   total 115200K, used 103600K [0x00000000f0000000, 0x00000000f7d00000, 0x00000000f7d00000)
  eden space 102400K, 100% used [0x00000000f0000000, 0x00000000f6400000, 0x00000000f6400000)
  from space 12800K,   9% used [0x00000000f7080000, 0x00000000f71ac380, 0x00000000f7d00000)
  to   space 12800K,   0% used [0x00000000f6400000, 0x00000000f6400000, 0x00000000f7080000)
 concurrent mark-sweep generation total 134144K, used 52927K [0x00000000f7d00000, 0x0000000100000000, 0x0000000100000000)
 Metaspace       used 65125K, capacity 69770K, committed 69888K, reserved 1110016K
  class space    used 8392K, capacity 9186K, committed 9216K, reserved 1048576K
2022-09-12T02:07:42.762+0800: 437.539: [GC (Allocation Failure)  156528K->54457K(249344K), 0.0040262 secs]
Heap after GC invocations=978 (full 0):
 par new generation   total 115200K, used 1508K [0x00000000f0000000, 0x00000000f7d00000, 0x00000000f7d00000)
  eden space 102400K,   0% used [0x00000000f0000000, 0x00000000f0000000, 0x00000000f6400000)
  from space 12800K,  11% used [0x00000000f6400000, 0x00000000f6579040, 0x00000000f7080000)
  to   space 12800K,   0% used [0x00000000f7080000, 0x00000000f7080000, 0x00000000f7d00000)
 concurrent mark-sweep generation total 134144K, used 52949K [0x00000000f7d00000, 0x0000000100000000, 0x0000000100000000)
 Metaspace       used 65125K, capacity 69770K, committed 69888K, reserved 1110016K
  class space    used 8392K, capacity 9186K, committed 9216K, reserved 1048576K
}
{Heap before GC invocations=978 (full 0):
 par new generation   total 115200K, used 103908K [0x00000000f0000000, 0x00000000f7d00000, 0x00000000f7d00000)
  eden space 102400K, 100% used [0x00000000f0000000, 0x00000000f6400000, 0x00000000f6400000)
  from space 12800K,  11% used [0x00000000f6400000, 0x00000000f6579040, 0x00000000f7080000)
  to   space 12800K,   0% used [0x00000000f7080000, 0x00000000f7080000, 0x00000000f7d00000)
 concurrent mark-sweep generation total 134144K, used 52949K [0x00000000f7d00000, 0x0000000100000000, 0x0000000100000000)
 Metaspace       used 65125K, capacity 69770K, committed 69888K, reserved 1110016K
  class space    used 8392K, capacity 9186K, committed 9216K, reserved 1048576K
2022-09-12T02:07:43.110+0800: 437.888: [GC (Allocation Failure)  156857K->54599K(249344K), 0.0040607 secs]
Heap after GC invocations=979 (full 0):
 par new generation   total 115200K, used 1640K [0x00000000f0000000, 0x00000000f7d00000, 0x00000000f7d00000)
  eden space 102400K,   0% used [0x00000000f0000000, 0x00000000f0000000, 0x00000000f6400000)
  from space 12800K,  12% used [0x00000000f7080000, 0x00000000f721a088, 0x00000000f7d00000)
  to   space 12800K,   0% used [0x00000000f6400000, 0x00000000f6400000, 0x00000000f7080000)
 concurrent mark-sweep generation total 134144K, used 52959K [0x00000000f7d00000, 0x0000000100000000, 0x0000000100000000)
 Metaspace       used 65125K, capacity 69770K, committed 69888K, reserved 1110016K
  class space    used 8392K, capacity 9186K, committed 9216K, reserved 1048576K
}
{Heap before GC invocations=979 (full 0):
 par new generation   total 115200K, used 104040K [0x00000000f0000000, 0x00000000f7d00000, 0x00000000f7d00000)
  eden space 102400K, 100% used [0x00000000f0000000, 0x00000000f6400000, 0x00000000f6400000)
  from space 12800K,  12% used [0x00000000f7080000, 0x00000000f721a088, 0x00000000f7d00000)
  to   space 12800K,   0% used [0x00000000f6400000, 0x00000000f6400000, 0x00000000f7080000)
 concurrent mark-sweep generation total 134144K, used 52959K [0x00000000f7d00000, 0x0000000100000000, 0x0000000100000000)
 Metaspace       used 65125K, capacity 69770K, committed 69888K, reserved 1110016K
  class space    used 8392K, capacity 9186K, committed 9216K, reserved 1048576K
2022-09-12T02:07:43.468+0800: 438.246: [GC (Allocation Failure)  156999K->54313K(249344K), 0.0043435 secs]
Heap after GC invocations=980 (full 0):
 par new generation   total 115200K, used 1339K [0x00000000f0000000, 0x00000000f7d00000, 0x00000000f7d00000)
  eden space 102400K,   0% used [0x00000000f0000000, 0x00000000f0000000, 0x00000000f6400000)
  from space 12800K,  10% used [0x00000000f6400000, 0x00000000f654efc8, 0x00000000f7080000)
  to   space 12800K,   0% used [0x00000000f7080000, 0x00000000f7080000, 0x00000000f7d00000)
 concurrent mark-sweep generation total 134144K, used 52973K [0x00000000f7d00000, 0x0000000100000000, 0x0000000100000000)
 Metaspace       used 65125K, capacity 69770K, committed 69888K, reserved 1110016K
  class space    used 8392K, capacity 9186K, committed 9216K, reserved 1048576K
}
{Heap before GC invocations=980 (full 0):
 par new generation   total 115200K, used 103739K [0x00000000f0000000, 0x00000000f7d00000, 0x00000000f7d00000)
  eden space 102400K, 100% used [0x00000000f0000000, 0x00000000f6400000, 0x00000000f6400000)
  from space 12800K,  10% used [0x00000000f6400000, 0x00000000f654efc8, 0x00000000f7080000)
  to   space 12800K,   0% used [0x00000000f7080000, 0x00000000f7080000, 0x00000000f7d00000)
 concurrent mark-sweep generation total 134144K, used 52973K [0x00000000f7d00000, 0x0000000100000000, 0x0000000100000000)
 Metaspace       used 65125K, capacity 69770K, committed 69888K, reserved 1110016K
  class space    used 8392K, capacity 9186K, committed 9216K, reserved 1048576K
2022-09-12T02:07:43.816+0800: 438.594: [GC (Allocation Failure)  156713K->54550K(249344K), 0.0040989 secs]
Heap after GC invocations=981 (full 0):
 par new generation   total 115200K, used 1561K [0x00000000f0000000, 0x00000000f7d00000, 0x00000000f7d00000)
  eden space 102400K,   0% used [0x00000000f0000000, 0x00000000f0000000, 0x00000000f6400000)
  from space 12800K,  12% used [0x00000000f7080000, 0x00000000f7206630, 0x00000000f7d00000)
  to   space 12800K,   0% used [0x00000000f6400000, 0x00000000f6400000, 0x00000000f7080000)
 concurrent mark-sweep generation total 134144K, used 52988K [0x00000000f7d00000, 0x0000000100000000, 0x0000000100000000)
 Metaspace       used 65125K, capacity 69770K, committed 69888K, reserved 1110016K
  class space    used 8392K, capacity 9186K, committed 9216K, reserved 1048576K
}
{Heap before GC invocations=981 (full 0):
 par new generation   total 115200K, used 103961K [0x00000000f0000000, 0x00000000f7d00000, 0x00000000f7d00000)
  eden space 102400K, 100% used [0x00000000f0000000, 0x00000000f6400000, 0x00000000f6400000)
  from space 12800K,  12% used [0x00000000f7080000, 0x00000000f7206630, 0x00000000f7d00000)
  to   space 12800K,   0% used [0x00000000f6400000, 0x00000000f6400000, 0x00000000f7080000)
 concurrent mark-sweep generation total 134144K, used 52988K [0x00000000f7d00000, 0x0000000100000000, 0x0000000100000000)
 Metaspace       used 65125K, capacity 69770K, committed 69888K, reserved 1110016K
  class space    used 8392K, capacity 9186K, committed 9216K, reserved 1048576K
2022-09-12T02:07:44.165+0800: 438.942: [GC (Allocation Failure)  156950K->54653K(249344K), 0.0041053 secs]
Heap after GC invocations=982 (full 0):
 par new generation   total 115200K, used 1641K [0x00000000f0000000, 0x00000000f7d00000, 0x00000000f7d00000)
  eden space 102400K,   0% used [0x00000000f0000000, 0x00000000f0000000, 0x00000000f6400000)
  from space 12800K,  12% used [0x00000000f6400000, 0x00000000f659a7c0, 0x00000000f7080000)
  to   space 12800K,   0% used [0x00000000f7080000, 0x00000000f7080000, 0x00000000f7d00000)
 concurrent mark-sweep generation total 134144K, used 53012K [0x00000000f7d00000, 0x0000000100000000, 0x0000000100000000)
 Metaspace       used 65125K, capacity 69770K, committed 69888K, reserved 1110016K
  class space    used 8392K, capacity 9186K, committed 9216K, reserved 1048576K
}
{Heap before GC invocations=982 (full 0):
 par new generation   total 115200K, used 104041K [0x00000000f0000000, 0x00000000f7d00000, 0x00000000f7d00000)
  eden space 102400K, 100% used [0x00000000f0000000, 0x00000000f6400000, 0x00000000f6400000)
  from space 12800K,  12% used [0x00000000f6400000, 0x00000000f659a7c0, 0x00000000f7080000)
  to   space 12800K,   0% used [0x00000000f7080000, 0x00000000f7080000, 0x00000000f7d00000)
 concurrent mark-sweep generation total 134144K, used 53012K [0x00000000f7d00000, 0x0000000100000000, 0x0000000100000000)
 Metaspace       used 65125K, capacity 69770K, committed 69888K, reserved 1110016K
  class space    used 8392K, capacity 9186K, committed 9216K, reserved 1048576K
2022-09-12T02:07:44.513+0800: 439.290: [GC (Allocation Failure)  157053K->54371K(249344K), 0.0042687 secs]
Heap after GC invocations=983 (full 0):
 par new generation   total 115200K, used 1345K [0x00000000f0000000, 0x00000000f7d00000, 0x00000000f7d00000)
  eden space 102400K,   0% used [0x00000000f0000000, 0x00000000f0000000, 0x00000000f6400000)
  from space 12800K,  10% used [0x00000000f7080000, 0x00000000f71d0720, 0x00000000f7d00000)
  to   space 12800K,   0% used [0x00000000f6400000, 0x00000000f6400000, 0x00000000f7080000)
 concurrent mark-sweep generation total 134144K, used 53025K [0x00000000f7d00000, 0x0000000100000000, 0x0000000100000000)
 Metaspace       used 65125K, capacity 69770K, committed 69888K, reserved 1110016K
  class space    used 8392K, capacity 9186K, committed 9216K, reserved 1048576K
}
{Heap before GC invocations=983 (full 0):
 par new generation   total 115200K, used 103745K [0x00000000f0000000, 0x00000000f7d00000, 0x00000000f7d00000)
  eden space 102400K, 100% used [0x00000000f0000000, 0x00000000f6400000, 0x00000000f6400000)
  from space 12800K,  10% used [0x00000000f7080000, 0x00000000f71d0720, 0x00000000f7d00000)
  to   space 12800K,   0% used [0x00000000f6400000, 0x00000000f6400000, 0x00000000f7080000)
 concurrent mark-sweep generation total 134144K, used 53025K [0x00000000f7d00000, 0x0000000100000000, 0x0000000100000000)
 Metaspace       used 65125K, capacity 69770K, committed 69888K, reserved 1110016K
  class space    used 8392K, capacity 9186K, committed 9216K, reserved 1048576K
2022-09-12T02:07:44.862+0800: 439.639: [GC (Allocation Failure)  156771K->54537K(249344K), 0.0041090 secs]
Heap after GC invocations=984 (full 0):
 par new generation   total 115200K, used 1500K [0x00000000f0000000, 0x00000000f7d00000, 0x00000000f7d00000)
  eden space 102400K,   0% used [0x00000000f0000000, 0x00000000f0000000, 0x00000000f6400000)
  from space 12800K,  11% used [0x00000000f6400000, 0x00000000f65771a0, 0x00000000f7080000)
  to   space 12800K,   0% used [0x00000000f7080000, 0x00000000f7080000, 0x00000000f7d00000)
 concurrent mark-sweep generation total 134144K, used 53037K [0x00000000f7d00000, 0x0000000100000000, 0x0000000100000000)
 Metaspace       used 65125K, capacity 69770K, committed 69888K, reserved 1110016K
  class space    used 8392K, capacity 9186K, committed 9216K, reserved 1048576K
}
{Heap before GC invocations=984 (full 0):
 par new generation   total 115200K, used 103900K [0x00000000f0000000, 0x00000000f7d00000, 0x00000000f7d00000)
  eden space 102400K, 100% used [0x00000000f0000000, 0x00000000f6400000, 0x00000000f6400000)
  from space 12800K,  11% used [0x00000000f6400000, 0x00000000f65771a0, 0x00000000f7080000)
  to   space 12800K,   0% used [0x00000000f7080000, 0x00000000f7080000, 0x00000000f7d00000)
 concurrent mark-sweep generation total 134144K, used 53037K [0x00000000f7d00000, 0x0000000100000000, 0x0000000100000000)
 Metaspace       used 65125K, capacity 69770K, committed 69888K, reserved 1110016K
  class space    used 8392K, capacity 9186K, committed 9216K, reserved 1048576K
2022-09-12T02:07:45.210+0800: 439.987: [GC (Allocation Failure)  156937K->54673K(249344K), 0.0042612 secs]
Heap after GC invocations=985 (full 0):
 par new generation   total 115200K, used 1618K [0x00000000f0000000, 0x00000000f7d00000, 0x00000000f7d00000)
  eden space 102400K,   0% used [0x00000000f0000000, 0x00000000f0000000, 0x00000000f6400000)
  from space 12800K,  12% used [0x00000000f7080000, 0x00000000f7214908, 0x00000000f7d00000)
  to   space 12800K,   0% used [0x00000000f6400000, 0x00000000f6400000, 0x00000000f7080000)
 concurrent mark-sweep generation total 134144K, used 53055K [0x00000000f7d00000, 0x0000000100000000, 0x0000000100000000)
 Metaspace       used 65125K, capacity 69770K, committed 69888K, reserved 1110016K
  class space    used 8392K, capacity 9186K, committed 9216K, reserved 1048576K
}
{Heap before GC invocations=985 (full 0):
 par new generation   total 115200K, used 104018K [0x00000000f0000000, 0x00000000f7d00000, 0x00000000f7d00000)
  eden space 102400K, 100% used [0x00000000f0000000, 0x00000000f6400000, 0x00000000f6400000)
  from space 12800K,  12% used [0x00000000f7080000, 0x00000000f7214908, 0x00000000f7d00000)
  to   space 12800K,   0% used [0x00000000f6400000, 0x00000000f6400000, 0x00000000f7080000)
 concurrent mark-sweep generation total 134144K, used 53055K [0x00000000f7d00000, 0x0000000100000000, 0x0000000100000000)
 Metaspace       used 65125K, capacity 69770K, committed 69888K, reserved 1110016K
  class space    used 8392K, capacity 9186K, committed 9216K, reserved 1048576K
2022-09-12T02:07:45.558+0800: 440.335: [GC (Allocation Failure)  157073K->54761K(249344K), 0.0040531 secs]
Heap after GC invocations=986 (full 0):
 par new generation   total 115200K, used 1682K [0x00000000f0000000, 0x00000000f7d00000, 0x00000000f7d00000)
  eden space 102400K,   0% used [0x00000000f0000000, 0x00000000f0000000, 0x00000000f6400000)
  from space 12800K,  13% used [0x00000000f6400000, 0x00000000f65a4968, 0x00000000f7080000)
  to   space 12800K,   0% used [0x00000000f7080000, 0x00000000f7080000, 0x00000000f7d00000)
 concurrent mark-sweep generation total 134144K, used 53079K [0x00000000f7d00000, 0x0000000100000000, 0x0000000100000000)
 Metaspace       used 65125K, capacity 69770K, committed 69888K, reserved 1110016K
  class space    used 8392K, capacity 9186K, committed 9216K, reserved 1048576K
}
{Heap before GC invocations=986 (full 0):
 par new generation   total 115200K, used 104082K [0x00000000f0000000, 0x00000000f7d00000, 0x00000000f7d00000)
  eden space 102400K, 100% used [0x00000000f0000000, 0x00000000f6400000, 0x00000000f6400000)
  from space 12800K,  13% used [0x00000000f6400000, 0x00000000f65a4968, 0x00000000f7080000)
  to   space 12800K,   0% used [0x00000000f7080000, 0x00000000f7080000, 0x00000000f7d00000)
 concurrent mark-sweep generation total 134144K, used 53079K [0x00000000f7d00000, 0x0000000100000000, 0x0000000100000000)
 Metaspace       used 65125K, capacity 69770K, committed 69888K, reserved 1110016K
  class space    used 8392K, capacity 9186K, committed 9216K, reserved 1048576K
2022-09-12T02:07:45.914+0800: 440.692: [GC (Allocation Failure)  157161K->54273K(249344K), 0.0040346 secs]
Heap after GC invocations=987 (full 0):
 par new generation   total 115200K, used 1182K [0x00000000f0000000, 0x00000000f7d00000, 0x00000000f7d00000)
  eden space 102400K,   0% used [0x00000000f0000000, 0x00000000f0000000, 0x00000000f6400000)
  from space 12800K,   9% used [0x00000000f7080000, 0x00000000f71a79c0, 0x00000000f7d00000)
  to   space 12800K,   0% used [0x00000000f6400000, 0x00000000f6400000, 0x00000000f7080000)
 concurrent mark-sweep generation total 134144K, used 53091K [0x00000000f7d00000, 0x0000000100000000, 0x0000000100000000)
 Metaspace       used 65125K, capacity 69770K, committed 69888K, reserved 1110016K
  class space    used 8392K, capacity 9186K, committed 9216K, reserved 1048576K
}
{Heap before GC invocations=987 (full 0):
 par new generation   total 115200K, used 103582K [0x00000000f0000000, 0x00000000f7d00000, 0x00000000f7d00000)
  eden space 102400K, 100% used [0x00000000f0000000, 0x00000000f6400000, 0x00000000f6400000)
  from space 12800K,   9% used [0x00000000f7080000, 0x00000000f71a79c0, 0x00000000f7d00000)
  to   space 12800K,   0% used [0x00000000f6400000, 0x00000000f6400000, 0x00000000f7080000)
 concurrent mark-sweep generation total 134144K, used 53091K [0x00000000f7d00000, 0x0000000100000000, 0x0000000100000000)
 Metaspace       used 65125K, capacity 69770K, committed 69888K, reserved 1110016K
  class space    used 8392K, capacity 9186K, committed 9216K, reserved 1048576K
2022-09-12T02:07:46.262+0800: 441.040: [GC (Allocation Failure)  156673K->54569K(249344K), 0.0040435 secs]
Heap after GC invocations=988 (full 0):
 par new generation   total 115200K, used 1465K [0x00000000f0000000, 0x00000000f7d00000, 0x00000000f7d00000)
  eden space 102400K,   0% used [0x00000000f0000000, 0x00000000f0000000, 0x00000000f6400000)
  from space 12800K,  11% used [0x00000000f6400000, 0x00000000f656e648, 0x00000000f7080000)
  to   space 12800K,   0% used [0x00000000f7080000, 0x00000000f7080000, 0x00000000f7d00000)
 concurrent mark-sweep generation total 134144K, used 53103K [0x00000000f7d00000, 0x0000000100000000, 0x0000000100000000)
 Metaspace       used 65125K, capacity 69770K, committed 69888K, reserved 1110016K
  class space    used 8392K, capacity 9186K, committed 9216K, reserved 1048576K
}
{Heap before GC invocations=988 (full 0):
 par new generation   total 115200K, used 103865K [0x00000000f0000000, 0x00000000f7d00000, 0x00000000f7d00000)
  eden space 102400K, 100% used [0x00000000f0000000, 0x00000000f6400000, 0x00000000f6400000)
  from space 12800K,  11% used [0x00000000f6400000, 0x00000000f656e648, 0x00000000f7080000)
  to   space 12800K,   0% used [0x00000000f7080000, 0x00000000f7080000, 0x00000000f7d00000)
 concurrent mark-sweep generation total 134144K, used 53103K [0x00000000f7d00000, 0x0000000100000000, 0x0000000100000000)
 Metaspace       used 65125K, capacity 69770K, committed 69888K, reserved 1110016K
  class space    used 8392K, capacity 9186K, committed 9216K, reserved 1048576K
2022-09-12T02:07:46.618+0800: 441.395: [GC (Allocation Failure)  156969K->54730K(249344K), 0.0040275 secs]
Heap after GC invocations=989 (full 0):
 par new generation   total 115200K, used 1615K [0x00000000f0000000, 0x00000000f7d00000, 0x00000000f7d00000)
  eden space 102400K,   0% used [0x00000000f0000000, 0x00000000f0000000, 0x00000000f6400000)
  from space 12800K,  12% used [0x00000000f7080000, 0x00000000f7213e18, 0x00000000f7d00000)
  to   space 12800K,   0% used [0x00000000f6400000, 0x00000000f6400000, 0x00000000f7080000)
 concurrent mark-sweep generation total 134144K, used 53115K [0x00000000f7d00000, 0x0000000100000000, 0x0000000100000000)
 Metaspace       used 65125K, capacity 69770K, committed 69888K, reserved 1110016K
  class space    used 8392K, capacity 9186K, committed 9216K, reserved 1048576K
}
{Heap before GC invocations=989 (full 0):
 par new generation   total 115200K, used 104015K [0x00000000f0000000, 0x00000000f7d00000, 0x00000000f7d00000)
  eden space 102400K, 100% used [0x00000000f0000000, 0x00000000f6400000, 0x00000000f6400000)
  from space 12800K,  12% used [0x00000000f7080000, 0x00000000f7213e18, 0x00000000f7d00000)
  to   space 12800K,   0% used [0x00000000f6400000, 0x00000000f6400000, 0x00000000f7080000)
 concurrent mark-sweep generation total 134144K, used 53115K [0x00000000f7d00000, 0x0000000100000000, 0x0000000100000000)
 Metaspace       used 65125K, capacity 69770K, committed 69888K, reserved 1110016K
  class space    used 8392K, capacity 9186K, committed 9216K, reserved 1048576K
2022-09-12T02:07:46.966+0800: 441.743: [GC (Allocation Failure)  157130K->54325K(249344K), 0.0039913 secs]
Heap after GC invocations=990 (full 0):
 par new generation   total 115200K, used 1187K [0x00000000f0000000, 0x00000000f7d00000, 0x00000000f7d00000)
  eden space 102400K,   0% used [0x00000000f0000000, 0x00000000f0000000, 0x00000000f6400000)
  from space 12800K,   9% used [0x00000000f6400000, 0x00000000f6528c00, 0x00000000f7080000)
  to   space 12800K,   0% used [0x00000000f7080000, 0x00000000f7080000, 0x00000000f7d00000)
 concurrent mark-sweep generation total 134144K, used 53138K [0x00000000f7d00000, 0x0000000100000000, 0x0000000100000000)
 Metaspace       used 65125K, capacity 69770K, committed 69888K, reserved 1110016K
  class space    used 8392K, capacity 9186K, committed 9216K, reserved 1048576K
}
{Heap before GC invocations=990 (full 0):
 par new generation   total 115200K, used 103587K [0x00000000f0000000, 0x00000000f7d00000, 0x00000000f7d00000)
  eden space 102400K, 100% used [0x00000000f0000000, 0x00000000f6400000, 0x00000000f6400000)
  from space 12800K,   9% used [0x00000000f6400000, 0x00000000f6528c00, 0x00000000f7080000)
  to   space 12800K,   0% used [0x00000000f7080000, 0x00000000f7080000, 0x00000000f7d00000)
 concurrent mark-sweep generation total 134144K, used 53138K [0x00000000f7d00000, 0x0000000100000000, 0x0000000100000000)
 Metaspace       used 65125K, capacity 69770K, committed 69888K, reserved 1110016K
  class space    used 8392K, capacity 9186K, committed 9216K, reserved 1048576K
2022-09-12T02:07:47.316+0800: 442.093: [GC (Allocation Failure)  156725K->54644K(249344K), 0.0040235 secs]
Heap after GC invocations=991 (full 0):
 par new generation   total 115200K, used 1494K [0x00000000f0000000, 0x00000000f7d00000, 0x00000000f7d00000)
  eden space 102400K,   0% used [0x00000000f0000000, 0x00000000f0000000, 0x00000000f6400000)
  from space 12800K,  11% used [0x00000000f7080000, 0x00000000f71f5958, 0x00000000f7d00000)
  to   space 12800K,   0% used [0x00000000f6400000, 0x00000000f6400000, 0x00000000f7080000)
 concurrent mark-sweep generation total 134144K, used 53149K [0x00000000f7d00000, 0x0000000100000000, 0x0000000100000000)
 Metaspace       used 65125K, capacity 69770K, committed 69888K, reserved 1110016K
  class space    used 8392K, capacity 9186K, committed 9216K, reserved 1048576K
}
{Heap before GC invocations=991 (full 0):
 par new generation   total 115200K, used 103894K [0x00000000f0000000, 0x00000000f7d00000, 0x00000000f7d00000)
  eden space 102400K, 100% used [0x00000000f0000000, 0x00000000f6400000, 0x00000000f6400000)
  from space 12800K,  11% used [0x00000000f7080000, 0x00000000f71f5958, 0x00000000f7d00000)
  to   space 12800K,   0% used [0x00000000f6400000, 0x00000000f6400000, 0x00000000f7080000)
 concurrent mark-sweep generation total 134144K, used 53149K [0x00000000f7d00000, 0x0000000100000000, 0x0000000100000000)
 Metaspace       used 65125K, capacity 69770K, committed 69888K, reserved 1110016K
  class space    used 8392K, capacity 9186K, committed 9216K, reserved 1048576K
2022-09-12T02:07:47.664+0800: 442.441: [GC (Allocation Failure)  157044K->54806K(249344K), 0.0039607 secs]
Heap after GC invocations=992 (full 0):
 par new generation   total 115200K, used 1642K [0x00000000f0000000, 0x00000000f7d00000, 0x00000000f7d00000)
  eden space 102400K,   0% used [0x00000000f0000000, 0x00000000f0000000, 0x00000000f6400000)
  from space 12800K,  12% used [0x00000000f6400000, 0x00000000f659a910, 0x00000000f7080000)
  to   space 12800K,   0% used [0x00000000f7080000, 0x00000000f7080000, 0x00000000f7d00000)
 concurrent mark-sweep generation total 134144K, used 53163K [0x00000000f7d00000, 0x0000000100000000, 0x0000000100000000)
 Metaspace       used 65125K, capacity 69770K, committed 69888K, reserved 1110016K
  class space    used 8392K, capacity 9186K, committed 9216K, reserved 1048576K
}
{Heap before GC invocations=992 (full 0):
 par new generation   total 115200K, used 104042K [0x00000000f0000000, 0x00000000f7d00000, 0x00000000f7d00000)
  eden space 102400K, 100% used [0x00000000f0000000, 0x00000000f6400000, 0x00000000f6400000)
  from space 12800K,  12% used [0x00000000f6400000, 0x00000000f659a910, 0x00000000f7080000)
  to   space 12800K,   0% used [0x00000000f7080000, 0x00000000f7080000, 0x00000000f7d00000)
 concurrent mark-sweep generation total 134144K, used 53163K [0x00000000f7d00000, 0x0000000100000000, 0x0000000100000000)
 Metaspace       used 65125K, capacity 69770K, committed 69888K, reserved 1110016K
  class space    used 8392K, capacity 9186K, committed 9216K, reserved 1048576K
2022-09-12T02:07:48.012+0800: 442.789: [GC (Allocation Failure)  157206K->54520K(249344K), 0.0040946 secs]
Heap after GC invocations=993 (full 0):
 par new generation   total 115200K, used 1336K [0x00000000f0000000, 0x00000000f7d00000, 0x00000000f7d00000)
  eden space 102400K,   0% used [0x00000000f0000000, 0x00000000f0000000, 0x00000000f6400000)
  from space 12800K,  10% used [0x00000000f7080000, 0x00000000f71ce290, 0x00000000f7d00000)
  to   space 12800K,   0% used [0x00000000f6400000, 0x00000000f6400000, 0x00000000f7080000)
 concurrent mark-sweep generation total 134144K, used 53184K [0x00000000f7d00000, 0x0000000100000000, 0x0000000100000000)
 Metaspace       used 65125K, capacity 69770K, committed 69888K, reserved 1110016K
  class space    used 8392K, capacity 9186K, committed 9216K, reserved 1048576K
}
{Heap before GC invocations=993 (full 0):
 par new generation   total 115200K, used 103736K [0x00000000f0000000, 0x00000000f7d00000, 0x00000000f7d00000)
  eden space 102400K, 100% used [0x00000000f0000000, 0x00000000f6400000, 0x00000000f6400000)
  from space 12800K,  10% used [0x00000000f7080000, 0x00000000f71ce290, 0x00000000f7d00000)
  to   space 12800K,   0% used [0x00000000f6400000, 0x00000000f6400000, 0x00000000f7080000)
 concurrent mark-sweep generation total 134144K, used 53184K [0x00000000f7d00000, 0x0000000100000000, 0x0000000100000000)
 Metaspace       used 65125K, capacity 69770K, committed 69888K, reserved 1110016K
  class space    used 8392K, capacity 9186K, committed 9216K, reserved 1048576K
2022-09-12T02:07:48.363+0800: 443.140: [GC (Allocation Failure)  156920K->54737K(249344K), 0.0042342 secs]
Heap after GC invocations=994 (full 0):
 par new generation   total 115200K, used 1531K [0x00000000f0000000, 0x00000000f7d00000, 0x00000000f7d00000)
  eden space 102400K,   0% used [0x00000000f0000000, 0x00000000f0000000, 0x00000000f6400000)
  from space 12800K,  11% used [0x00000000f6400000, 0x00000000f657ee50, 0x00000000f7080000)
  to   space 12800K,   0% used [0x00000000f7080000, 0x00000000f7080000, 0x00000000f7d00000)
 concurrent mark-sweep generation total 134144K, used 53205K [0x00000000f7d00000, 0x0000000100000000, 0x0000000100000000)
 Metaspace       used 65125K, capacity 69770K, committed 69888K, reserved 1110016K
  class space    used 8392K, capacity 9186K, committed 9216K, reserved 1048576K
}
{Heap before GC invocations=994 (full 0):
 par new generation   total 115200K, used 103931K [0x00000000f0000000, 0x00000000f7d00000, 0x00000000f7d00000)
  eden space 102400K, 100% used [0x00000000f0000000, 0x00000000f6400000, 0x00000000f6400000)
  from space 12800K,  11% used [0x00000000f6400000, 0x00000000f657ee50, 0x00000000f7080000)
  to   space 12800K,   0% used [0x00000000f7080000, 0x00000000f7080000, 0x00000000f7d00000)
 concurrent mark-sweep generation total 134144K, used 53205K [0x00000000f7d00000, 0x0000000100000000, 0x0000000100000000)
 Metaspace       used 65125K, capacity 69770K, committed 69888K, reserved 1110016K
  class space    used 8392K, capacity 9186K, committed 9216K, reserved 1048576K
2022-09-12T02:07:48.712+0800: 443.489: [GC (Allocation Failure)  157137K->54892K(249344K), 0.0040959 secs]
Heap after GC invocations=995 (full 0):
 par new generation   total 115200K, used 1675K [0x00000000f0000000, 0x00000000f7d00000, 0x00000000f7d00000)
  eden space 102400K,   0% used [0x00000000f0000000, 0x00000000f0000000, 0x00000000f6400000)
  from space 12800K,  13% used [0x00000000f7080000, 0x00000000f7222c18, 0x00000000f7d00000)
  to   space 12800K,   0% used [0x00000000f6400000, 0x00000000f6400000, 0x00000000f7080000)
 concurrent mark-sweep generation total 134144K, used 53217K [0x00000000f7d00000, 0x0000000100000000, 0x0000000100000000)
 Metaspace       used 65125K, capacity 69770K, committed 69888K, reserved 1110016K
  class space    used 8392K, capacity 9186K, committed 9216K, reserved 1048576K
}
{Heap before GC invocations=995 (full 0):
 par new generation   total 115200K, used 104075K [0x00000000f0000000, 0x00000000f7d00000, 0x00000000f7d00000)
  eden space 102400K, 100% used [0x00000000f0000000, 0x00000000f6400000, 0x00000000f6400000)
  from space 12800K,  13% used [0x00000000f7080000, 0x00000000f7222c18, 0x00000000f7d00000)
  to   space 12800K,   0% used [0x00000000f6400000, 0x00000000f6400000, 0x00000000f7080000)
 concurrent mark-sweep generation total 134144K, used 53217K [0x00000000f7d00000, 0x0000000100000000, 0x0000000100000000)
 Metaspace       used 65125K, capacity 69770K, committed 69888K, reserved 1110016K
  class space    used 8392K, capacity 9186K, committed 9216K, reserved 1048576K
2022-09-12T02:07:49.061+0800: 443.838: [GC (Allocation Failure)  157292K->54419K(249344K), 0.0041348 secs]
Heap after GC invocations=996 (full 0):
 par new generation   total 115200K, used 1185K [0x00000000f0000000, 0x00000000f7d00000, 0x00000000f7d00000)
  eden space 102400K,   0% used [0x00000000f0000000, 0x00000000f0000000, 0x00000000f6400000)
  from space 12800K,   9% used [0x00000000f6400000, 0x00000000f6528540, 0x00000000f7080000)
  to   space 12800K,   0% used [0x00000000f7080000, 0x00000000f7080000, 0x00000000f7d00000)
 concurrent mark-sweep generation total 134144K, used 53233K [0x00000000f7d00000, 0x0000000100000000, 0x0000000100000000)
 Metaspace       used 65125K, capacity 69770K, committed 69888K, reserved 1110016K
  class space    used 8392K, capacity 9186K, committed 9216K, reserved 1048576K
}
{Heap before GC invocations=996 (full 0):
 par new generation   total 115200K, used 103585K [0x00000000f0000000, 0x00000000f7d00000, 0x00000000f7d00000)
  eden space 102400K, 100% used [0x00000000f0000000, 0x00000000f6400000, 0x00000000f6400000)
  from space 12800K,   9% used [0x00000000f6400000, 0x00000000f6528540, 0x00000000f7080000)
  to   space 12800K,   0% used [0x00000000f7080000, 0x00000000f7080000, 0x00000000f7d00000)
 concurrent mark-sweep generation total 134144K, used 53233K [0x00000000f7d00000, 0x0000000100000000, 0x0000000100000000)
 Metaspace       used 65125K, capacity 69770K, committed 69888K, reserved 1110016K
  class space    used 8392K, capacity 9186K, committed 9216K, reserved 1048576K
2022-09-12T02:07:49.418+0800: 444.195: [GC (Allocation Failure)  156819K->54775K(249344K), 0.0041281 secs]
Heap after GC invocations=997 (full 0):
 par new generation   total 115200K, used 1529K [0x00000000f0000000, 0x00000000f7d00000, 0x00000000f7d00000)
  eden space 102400K,   0% used [0x00000000f0000000, 0x00000000f0000000, 0x00000000f6400000)
  from space 12800K,  11% used [0x00000000f7080000, 0x00000000f71fe7f8, 0x00000000f7d00000)
  to   space 12800K,   0% used [0x00000000f6400000, 0x00000000f6400000, 0x00000000f7080000)
 concurrent mark-sweep generation total 134144K, used 53245K [0x00000000f7d00000, 0x0000000100000000, 0x0000000100000000)
 Metaspace       used 65125K, capacity 69770K, committed 69888K, reserved 1110016K
  class space    used 8392K, capacity 9186K, committed 9216K, reserved 1048576K
}
{Heap before GC invocations=997 (full 0):
 par new generation   total 115200K, used 103929K [0x00000000f0000000, 0x00000000f7d00000, 0x00000000f7d00000)
  eden space 102400K, 100% used [0x00000000f0000000, 0x00000000f6400000, 0x00000000f6400000)
  from space 12800K,  11% used [0x00000000f7080000, 0x00000000f71fe7f8, 0x00000000f7d00000)
  to   space 12800K,   0% used [0x00000000f6400000, 0x00000000f6400000, 0x00000000f7080000)
 concurrent mark-sweep generation total 134144K, used 53245K [0x00000000f7d00000, 0x0000000100000000, 0x0000000100000000)
 Metaspace       used 65125K, capacity 69770K, committed 69888K, reserved 1110016K
  class space    used 8392K, capacity 9186K, committed 9216K, reserved 1048576K
2022-09-12T02:07:49.766+0800: 444.544: [GC (Allocation Failure)  157175K->54935K(249344K), 0.0040667 secs]
Heap after GC invocations=998 (full 0):
 par new generation   total 115200K, used 1668K [0x00000000f0000000, 0x00000000f7d00000, 0x00000000f7d00000)
  eden space 102400K,   0% used [0x00000000f0000000, 0x00000000f0000000, 0x00000000f6400000)
  from space 12800K,  13% used [0x00000000f6400000, 0x00000000f65a1398, 0x00000000f7080000)
  to   space 12800K,   0% used [0x00000000f7080000, 0x00000000f7080000, 0x00000000f7d00000)
 concurrent mark-sweep generation total 134144K, used 53267K [0x00000000f7d00000, 0x0000000100000000, 0x0000000100000000)
 Metaspace       used 65125K, capacity 69770K, committed 69888K, reserved 1110016K
  class space    used 8392K, capacity 9186K, committed 9216K, reserved 1048576K
}
{Heap before GC invocations=998 (full 0):
 par new generation   total 115200K, used 104068K [0x00000000f0000000, 0x00000000f7d00000, 0x00000000f7d00000)
  eden space 102400K, 100% used [0x00000000f0000000, 0x00000000f6400000, 0x00000000f6400000)
  from space 12800K,  13% used [0x00000000f6400000, 0x00000000f65a1398, 0x00000000f7080000)
  to   space 12800K,   0% used [0x00000000f7080000, 0x00000000f7080000, 0x00000000f7d00000)
 concurrent mark-sweep generation total 134144K, used 53267K [0x00000000f7d00000, 0x0000000100000000, 0x0000000100000000)
 Metaspace       used 65125K, capacity 69770K, committed 69888K, reserved 1110016K
  class space    used 8392K, capacity 9186K, committed 9216K, reserved 1048576K
2022-09-12T02:07:50.116+0800: 444.893: [GC (Allocation Failure)  157335K->54622K(249344K), 0.0046562 secs]
Heap after GC invocations=999 (full 0):
 par new generation   total 115200K, used 1346K [0x00000000f0000000, 0x00000000f7d00000, 0x00000000f7d00000)
  eden space 102400K,   0% used [0x00000000f0000000, 0x00000000f0000000, 0x00000000f6400000)
  from space 12800K,  10% used [0x00000000f7080000, 0x00000000f71d0960, 0x00000000f7d00000)
  to   space 12800K,   0% used [0x00000000f6400000, 0x00000000f6400000, 0x00000000f7080000)
 concurrent mark-sweep generation total 134144K, used 53276K [0x00000000f7d00000, 0x0000000100000000, 0x0000000100000000)
 Metaspace       used 65125K, capacity 69770K, committed 69888K, reserved 1110016K
  class space    used 8392K, capacity 9186K, committed 9216K, reserved 1048576K
}
{Heap before GC invocations=999 (full 0):
 par new generation   total 115200K, used 103746K [0x00000000f0000000, 0x00000000f7d00000, 0x00000000f7d00000)
  eden space 102400K, 100% used [0x00000000f0000000, 0x00000000f6400000, 0x00000000f6400000)
  from space 12800K,  10% used [0x00000000f7080000, 0x00000000f71d0960, 0x00000000f7d00000)
  to   space 12800K,   0% used [0x00000000f6400000, 0x00000000f6400000, 0x00000000f7080000)
 concurrent mark-sweep generation total 134144K, used 53276K [0x00000000f7d00000, 0x0000000100000000, 0x0000000100000000)
 Metaspace       used 65125K, capacity 69770K, committed 69888K, reserved 1110016K
  class space    used 8392K, capacity 9186K, committed 9216K, reserved 1048576K
2022-09-12T02:07:50.465+0800: 445.242: [GC (Allocation Failure)  157022K->54843K(249344K), 0.0041326 secs]
Heap after GC invocations=1000 (full 0):
 par new generation   total 115200K, used 1549K [0x00000000f0000000, 0x00000000f7d00000, 0x00000000f7d00000)
  eden space 102400K,   0% used [0x00000000f0000000, 0x00000000f0000000, 0x00000000f6400000)
  from space 12800K,  12% used [0x00000000f6400000, 0x00000000f6583610, 0x00000000f7080000)
  to   space 12800K,   0% used [0x00000000f7080000, 0x00000000f7080000, 0x00000000f7d00000)
 concurrent mark-sweep generation total 134144K, used 53294K [0x00000000f7d00000, 0x0000000100000000, 0x0000000100000000)
 Metaspace       used 65125K, capacity 69770K, committed 69888K, reserved 1110016K
  class space    used 8392K, capacity 9186K, committed 9216K, reserved 1048576K
}
{Heap before GC invocations=1000 (full 0):
 par new generation   total 115200K, used 103949K [0x00000000f0000000, 0x00000000f7d00000, 0x00000000f7d00000)
  eden space 102400K, 100% used [0x00000000f0000000, 0x00000000f6400000, 0x00000000f6400000)
  from space 12800K,  12% used [0x00000000f6400000, 0x00000000f6583610, 0x00000000f7080000)
  to   space 12800K,   0% used [0x00000000f7080000, 0x00000000f7080000, 0x00000000f7d00000)
 concurrent mark-sweep generation total 134144K, used 53294K [0x00000000f7d00000, 0x0000000100000000, 0x0000000100000000)
 Metaspace       used 65125K, capacity 69770K, committed 69888K, reserved 1110016K
  class space    used 8392K, capacity 9186K, committed 9216K, reserved 1048576K
2022-09-12T02:07:50.813+0800: 445.591: [GC (Allocation Failure)  157243K->55010K(249344K), 0.0042182 secs]
Heap after GC invocations=1001 (full 0):
 par new generation   total 115200K, used 1694K [0x00000000f0000000, 0x00000000f7d00000, 0x00000000f7d00000)
  eden space 102400K,   0% used [0x00000000f0000000, 0x00000000f0000000, 0x00000000f6400000)
  from space 12800K,  13% used [0x00000000f7080000, 0x00000000f7227870, 0x00000000f7d00000)
  to   space 12800K,   0% used [0x00000000f6400000, 0x00000000f6400000, 0x00000000f7080000)
 concurrent mark-sweep generation total 134144K, used 53316K [0x00000000f7d00000, 0x0000000100000000, 0x0000000100000000)
 Metaspace       used 65125K, capacity 69770K, committed 69888K, reserved 1110016K
  class space    used 8392K, capacity 9186K, committed 9216K, reserved 1048576K
}
{Heap before GC invocations=1001 (full 0):
 par new generation   total 115200K, used 104094K [0x00000000f0000000, 0x00000000f7d00000, 0x00000000f7d00000)
  eden space 102400K, 100% used [0x00000000f0000000, 0x00000000f6400000, 0x00000000f6400000)
  from space 12800K,  13% used [0x00000000f7080000, 0x00000000f7227870, 0x00000000f7d00000)
  to   space 12800K,   0% used [0x00000000f6400000, 0x00000000f6400000, 0x00000000f7080000)
 concurrent mark-sweep generation total 134144K, used 53316K [0x00000000f7d00000, 0x0000000100000000, 0x0000000100000000)
 Metaspace       used 65125K, capacity 69770K, committed 69888K, reserved 1110016K
  class space    used 8392K, capacity 9186K, committed 9216K, reserved 1048576K
2022-09-12T02:07:51.162+0800: 445.940: [GC (Allocation Failure)  157410K->54544K(249344K), 0.0041309 secs]
Heap after GC invocations=1002 (full 0):
 par new generation   total 115200K, used 1211K [0x00000000f0000000, 0x00000000f7d00000, 0x00000000f7d00000)
  eden space 102400K,   0% used [0x00000000f0000000, 0x00000000f0000000, 0x00000000f6400000)
  from space 12800K,   9% used [0x00000000f6400000, 0x00000000f652ecc0, 0x00000000f7080000)
  to   space 12800K,   0% used [0x00000000f7080000, 0x00000000f7080000, 0x00000000f7d00000)
 concurrent mark-sweep generation total 134144K, used 53333K [0x00000000f7d00000, 0x0000000100000000, 0x0000000100000000)
 Metaspace       used 65125K, capacity 69770K, committed 69888K, reserved 1110016K
  class space    used 8392K, capacity 9186K, committed 9216K, reserved 1048576K
}
{Heap before GC invocations=1002 (full 0):
 par new generation   total 115200K, used 103611K [0x00000000f0000000, 0x00000000f7d00000, 0x00000000f7d00000)
  eden space 102400K, 100% used [0x00000000f0000000, 0x00000000f6400000, 0x00000000f6400000)
  from space 12800K,   9% used [0x00000000f6400000, 0x00000000f652ecc0, 0x00000000f7080000)
  to   space 12800K,   0% used [0x00000000f7080000, 0x00000000f7080000, 0x00000000f7d00000)
 concurrent mark-sweep generation total 134144K, used 53333K [0x00000000f7d00000, 0x0000000100000000, 0x0000000100000000)
 Metaspace       used 65125K, capacity 69770K, committed 69888K, reserved 1110016K
  class space    used 8392K, capacity 9186K, committed 9216K, reserved 1048576K
2022-09-12T02:07:51.511+0800: 446.288: [GC (Allocation Failure)  156944K->54864K(249344K), 0.0041188 secs]
Heap after GC invocations=1003 (full 0):
 par new generation   total 115200K, used 1519K [0x00000000f0000000, 0x00000000f7d00000, 0x00000000f7d00000)
  eden space 102400K,   0% used [0x00000000f0000000, 0x00000000f0000000, 0x00000000f6400000)
  from space 12800K,  11% used [0x00000000f7080000, 0x00000000f71fbf48, 0x00000000f7d00000)
  to   space 12800K,   0% used [0x00000000f6400000, 0x00000000f6400000, 0x00000000f7080000)
 concurrent mark-sweep generation total 134144K, used 53345K [0x00000000f7d00000, 0x0000000100000000, 0x0000000100000000)
 Metaspace       used 65125K, capacity 69770K, committed 69888K, reserved 1110016K
  class space    used 8392K, capacity 9186K, committed 9216K, reserved 1048576K
}
{Heap before GC invocations=1003 (full 0):
 par new generation   total 115200K, used 103919K [0x00000000f0000000, 0x00000000f7d00000, 0x00000000f7d00000)
  eden space 102400K, 100% used [0x00000000f0000000, 0x00000000f6400000, 0x00000000f6400000)
  from space 12800K,  11% used [0x00000000f7080000, 0x00000000f71fbf48, 0x00000000f7d00000)
  to   space 12800K,   0% used [0x00000000f6400000, 0x00000000f6400000, 0x00000000f7080000)
 concurrent mark-sweep generation total 134144K, used 53345K [0x00000000f7d00000, 0x0000000100000000, 0x0000000100000000)
 Metaspace       used 65125K, capacity 69770K, committed 69888K, reserved 1110016K
  class space    used 8392K, capacity 9186K, committed 9216K, reserved 1048576K
2022-09-12T02:07:51.859+0800: 446.636: [GC (Allocation Failure)  157264K->54991K(249344K), 0.0040728 secs]
Heap after GC invocations=1004 (full 0):
 par new generation   total 115200K, used 1632K [0x00000000f0000000, 0x00000000f7d00000, 0x00000000f7d00000)
  eden space 102400K,   0% used [0x00000000f0000000, 0x00000000f0000000, 0x00000000f6400000)
  from space 12800K,  12% used [0x00000000f6400000, 0x00000000f6598220, 0x00000000f7080000)
  to   space 12800K,   0% used [0x00000000f7080000, 0x00000000f7080000, 0x00000000f7d00000)
 concurrent mark-sweep generation total 134144K, used 53359K [0x00000000f7d00000, 0x0000000100000000, 0x0000000100000000)
 Metaspace       used 65125K, capacity 69770K, committed 69888K, reserved 1110016K
  class space    used 8392K, capacity 9186K, committed 9216K, reserved 1048576K
}
{Heap before GC invocations=1004 (full 0):
 par new generation   total 115200K, used 104032K [0x00000000f0000000, 0x00000000f7d00000, 0x00000000f7d00000)
  eden space 102400K, 100% used [0x00000000f0000000, 0x00000000f6400000, 0x00000000f6400000)
  from space 12800K,  12% used [0x00000000f6400000, 0x00000000f6598220, 0x00000000f7080000)
  to   space 12800K,   0% used [0x00000000f7080000, 0x00000000f7080000, 0x00000000f7d00000)
 concurrent mark-sweep generation total 134144K, used 53359K [0x00000000f7d00000, 0x0000000100000000, 0x0000000100000000)
 Metaspace       used 65125K, capacity 69770K, committed 69888K, reserved 1110016K
  class space    used 8392K, capacity 9186K, committed 9216K, reserved 1048576K
2022-09-12T02:07:52.216+0800: 446.994: [GC (Allocation Failure)  157391K->54557K(249344K), 0.0040870 secs]
Heap after GC invocations=1005 (full 0):
 par new generation   total 115200K, used 1182K [0x00000000f0000000, 0x00000000f7d00000, 0x00000000f7d00000)
  eden space 102400K,   0% used [0x00000000f0000000, 0x00000000f0000000, 0x00000000f6400000)
  from space 12800K,   9% used [0x00000000f7080000, 0x00000000f71a7b40, 0x00000000f7d00000)
  to   space 12800K,   0% used [0x00000000f6400000, 0x00000000f6400000, 0x00000000f7080000)
 concurrent mark-sweep generation total 134144K, used 53374K [0x00000000f7d00000, 0x0000000100000000, 0x0000000100000000)
 Metaspace       used 65125K, capacity 69770K, committed 69888K, reserved 1110016K
  class space    used 8392K, capacity 9186K, committed 9216K, reserved 1048576K
}
{Heap before GC invocations=1005 (full 0):
 par new generation   total 115200K, used 103582K [0x00000000f0000000, 0x00000000f7d00000, 0x00000000f7d00000)
  eden space 102400K, 100% used [0x00000000f0000000, 0x00000000f6400000, 0x00000000f6400000)
  from space 12800K,   9% used [0x00000000f7080000, 0x00000000f71a7b40, 0x00000000f7d00000)
  to   space 12800K,   0% used [0x00000000f6400000, 0x00000000f6400000, 0x00000000f7080000)
 concurrent mark-sweep generation total 134144K, used 53374K [0x00000000f7d00000, 0x0000000100000000, 0x0000000100000000)
 Metaspace       used 65125K, capacity 69770K, committed 69888K, reserved 1110016K
  class space    used 8392K, capacity 9186K, committed 9216K, reserved 1048576K
2022-09-12T02:07:52.566+0800: 447.343: [GC (Allocation Failure)  156957K->54945K(249344K), 0.0041690 secs]
Heap after GC invocations=1006 (full 0):
 par new generation   total 115200K, used 1547K [0x00000000f0000000, 0x00000000f7d00000, 0x00000000f7d00000)
  eden space 102400K,   0% used [0x00000000f0000000, 0x00000000f0000000, 0x00000000f6400000)
  from space 12800K,  12% used [0x00000000f6400000, 0x00000000f6582ed8, 0x00000000f7080000)
  to   space 12800K,   0% used [0x00000000f7080000, 0x00000000f7080000, 0x00000000f7d00000)
 concurrent mark-sweep generation total 134144K, used 53397K [0x00000000f7d00000, 0x0000000100000000, 0x0000000100000000)
 Metaspace       used 65125K, capacity 69770K, committed 69888K, reserved 1110016K
  class space    used 8392K, capacity 9186K, committed 9216K, reserved 1048576K
}
{Heap before GC invocations=1006 (full 0):
 par new generation   total 115200K, used 103947K [0x00000000f0000000, 0x00000000f7d00000, 0x00000000f7d00000)
  eden space 102400K, 100% used [0x00000000f0000000, 0x00000000f6400000, 0x00000000f6400000)
  from space 12800K,  12% used [0x00000000f6400000, 0x00000000f6582ed8, 0x00000000f7080000)
  to   space 12800K,   0% used [0x00000000f7080000, 0x00000000f7080000, 0x00000000f7d00000)
 concurrent mark-sweep generation total 134144K, used 53397K [0x00000000f7d00000, 0x0000000100000000, 0x0000000100000000)
 Metaspace       used 65125K, capacity 69770K, committed 69888K, reserved 1110016K
  class space    used 8392K, capacity 9186K, committed 9216K, reserved 1048576K
2022-09-12T02:07:52.915+0800: 447.693: [GC (Allocation Failure)  157345K->55032K(249344K), 0.0041201 secs]
Heap after GC invocations=1007 (full 0):
 par new generation   total 115200K, used 1627K [0x00000000f0000000, 0x00000000f7d00000, 0x00000000f7d00000)
  eden space 102400K,   0% used [0x00000000f0000000, 0x00000000f0000000, 0x00000000f6400000)
  from space 12800K,  12% used [0x00000000f7080000, 0x00000000f7216d20, 0x00000000f7d00000)
  to   space 12800K,   0% used [0x00000000f6400000, 0x00000000f6400000, 0x00000000f7080000)
 concurrent mark-sweep generation total 134144K, used 53404K [0x00000000f7d00000, 0x0000000100000000, 0x0000000100000000)
 Metaspace       used 65125K, capacity 69770K, committed 69888K, reserved 1110016K
  class space    used 8392K, capacity 9186K, committed 9216K, reserved 1048576K
}
{Heap before GC invocations=1007 (full 0):
 par new generation   total 115200K, used 104027K [0x00000000f0000000, 0x00000000f7d00000, 0x00000000f7d00000)
  eden space 102400K, 100% used [0x00000000f0000000, 0x00000000f6400000, 0x00000000f6400000)
  from space 12800K,  12% used [0x00000000f7080000, 0x00000000f7216d20, 0x00000000f7d00000)
  to   space 12800K,   0% used [0x00000000f6400000, 0x00000000f6400000, 0x00000000f7080000)
 concurrent mark-sweep generation total 134144K, used 53404K [0x00000000f7d00000, 0x0000000100000000, 0x0000000100000000)
 Metaspace       used 65125K, capacity 69770K, committed 69888K, reserved 1110016K
  class space    used 8392K, capacity 9186K, committed 9216K, reserved 1048576K
2022-09-12T02:07:53.264+0800: 448.041: [GC (Allocation Failure)  157432K->54602K(249344K), 0.0041868 secs]
Heap after GC invocations=1008 (full 0):
 par new generation   total 115200K, used 1177K [0x00000000f0000000, 0x00000000f7d00000, 0x00000000f7d00000)
  eden space 102400K,   0% used [0x00000000f0000000, 0x00000000f0000000, 0x00000000f6400000)
  from space 12800K,   9% used [0x00000000f6400000, 0x00000000f6526480, 0x00000000f7080000)
  to   space 12800K,   0% used [0x00000000f7080000, 0x00000000f7080000, 0x00000000f7d00000)
 concurrent mark-sweep generation total 134144K, used 53425K [0x00000000f7d00000, 0x0000000100000000, 0x0000000100000000)
 Metaspace       used 65125K, capacity 69770K, committed 69888K, reserved 1110016K
  class space    used 8392K, capacity 9186K, committed 9216K, reserved 1048576K
}
{Heap before GC invocations=1008 (full 0):
 par new generation   total 115200K, used 103577K [0x00000000f0000000, 0x00000000f7d00000, 0x00000000f7d00000)
  eden space 102400K, 100% used [0x00000000f0000000, 0x00000000f6400000, 0x00000000f6400000)
  from space 12800K,   9% used [0x00000000f6400000, 0x00000000f6526480, 0x00000000f7080000)
  to   space 12800K,   0% used [0x00000000f7080000, 0x00000000f7080000, 0x00000000f7d00000)
 concurrent mark-sweep generation total 134144K, used 53425K [0x00000000f7d00000, 0x0000000100000000, 0x0000000100000000)
 Metaspace       used 65125K, capacity 69770K, committed 69888K, reserved 1110016K
  class space    used 8392K, capacity 9186K, committed 9216K, reserved 1048576K
2022-09-12T02:07:53.613+0800: 448.390: [GC (Allocation Failure)  157002K->54998K(249344K), 0.0041377 secs]
Heap after GC invocations=1009 (full 0):
 par new generation   total 115200K, used 1555K [0x00000000f0000000, 0x00000000f7d00000, 0x00000000f7d00000)
  eden space 102400K,   0% used [0x00000000f0000000, 0x00000000f0000000, 0x00000000f6400000)
  from space 12800K,  12% used [0x00000000f7080000, 0x00000000f7204e90, 0x00000000f7d00000)
  to   space 12800K,   0% used [0x00000000f6400000, 0x00000000f6400000, 0x00000000f7080000)
 concurrent mark-sweep generation total 134144K, used 53443K [0x00000000f7d00000, 0x0000000100000000, 0x0000000100000000)
 Metaspace       used 65125K, capacity 69770K, committed 69888K, reserved 1110016K
  class space    used 8392K, capacity 9186K, committed 9216K, reserved 1048576K
}
{Heap before GC invocations=1009 (full 0):
 par new generation   total 115200K, used 103955K [0x00000000f0000000, 0x00000000f7d00000, 0x00000000f7d00000)
  eden space 102400K, 100% used [0x00000000f0000000, 0x00000000f6400000, 0x00000000f6400000)
  from space 12800K,  12% used [0x00000000f7080000, 0x00000000f7204e90, 0x00000000f7d00000)
  to   space 12800K,   0% used [0x00000000f6400000, 0x00000000f6400000, 0x00000000f7080000)
 concurrent mark-sweep generation total 134144K, used 53443K [0x00000000f7d00000, 0x0000000100000000, 0x0000000100000000)
 Metaspace       used 65125K, capacity 69770K, committed 69888K, reserved 1110016K
  class space    used 8392K, capacity 9186K, committed 9216K, reserved 1048576K
2022-09-12T02:07:53.961+0800: 448.738: [GC (Allocation Failure)  157398K->55119K(249344K), 0.0040797 secs]
Heap after GC invocations=1010 (full 0):
 par new generation   total 115200K, used 1661K [0x00000000f0000000, 0x00000000f7d00000, 0x00000000f7d00000)
  eden space 102400K,   0% used [0x00000000f0000000, 0x00000000f0000000, 0x00000000f6400000)
  from space 12800K,  12% used [0x00000000f6400000, 0x00000000f659f4f8, 0x00000000f7080000)
  to   space 12800K,   0% used [0x00000000f7080000, 0x00000000f7080000, 0x00000000f7d00000)
 concurrent mark-sweep generation total 134144K, used 53458K [0x00000000f7d00000, 0x0000000100000000, 0x0000000100000000)
 Metaspace       used 65125K, capacity 69770K, committed 69888K, reserved 1110016K
  class space    used 8392K, capacity 9186K, committed 9216K, reserved 1048576K
}
{Heap before GC invocations=1010 (full 0):
 par new generation   total 115200K, used 104061K [0x00000000f0000000, 0x00000000f7d00000, 0x00000000f7d00000)
  eden space 102400K, 100% used [0x00000000f0000000, 0x00000000f6400000, 0x00000000f6400000)
  from space 12800K,  12% used [0x00000000f6400000, 0x00000000f659f4f8, 0x00000000f7080000)
  to   space 12800K,   0% used [0x00000000f7080000, 0x00000000f7080000, 0x00000000f7d00000)
 concurrent mark-sweep generation total 134144K, used 53458K [0x00000000f7d00000, 0x0000000100000000, 0x0000000100000000)
 Metaspace       used 65125K, capacity 69770K, committed 69888K, reserved 1110016K
  class space    used 8392K, capacity 9186K, committed 9216K, reserved 1048576K
2022-09-12T02:07:54.312+0800: 449.089: [GC (Allocation Failure)  157519K->54664K(249344K), 0.0040046 secs]
Heap after GC invocations=1011 (full 0):
 par new generation   total 115200K, used 1190K [0x00000000f0000000, 0x00000000f7d00000, 0x00000000f7d00000)
  eden space 102400K,   0% used [0x00000000f0000000, 0x00000000f0000000, 0x00000000f6400000)
  from space 12800K,   9% used [0x00000000f7080000, 0x00000000f71a9900, 0x00000000f7d00000)
  to   space 12800K,   0% used [0x00000000f6400000, 0x00000000f6400000, 0x00000000f7080000)
 concurrent mark-sweep generation total 134144K, used 53473K [0x00000000f7d00000, 0x0000000100000000, 0x0000000100000000)
 Metaspace       used 65125K, capacity 69770K, committed 69888K, reserved 1110016K
  class space    used 8392K, capacity 9186K, committed 9216K, reserved 1048576K
}
{Heap before GC invocations=1011 (full 0):
 par new generation   total 115200K, used 103590K [0x00000000f0000000, 0x00000000f7d00000, 0x00000000f7d00000)
  eden space 102400K, 100% used [0x00000000f0000000, 0x00000000f6400000, 0x00000000f6400000)
  from space 12800K,   9% used [0x00000000f7080000, 0x00000000f71a9900, 0x00000000f7d00000)
  to   space 12800K,   0% used [0x00000000f6400000, 0x00000000f6400000, 0x00000000f7080000)
 concurrent mark-sweep generation total 134144K, used 53473K [0x00000000f7d00000, 0x0000000100000000, 0x0000000100000000)
 Metaspace       used 65125K, capacity 69770K, committed 69888K, reserved 1110016K
  class space    used 8392K, capacity 9186K, committed 9216K, reserved 1048576K
2022-09-12T02:07:54.661+0800: 449.438: [GC (Allocation Failure)  157064K->55014K(249344K), 0.0041142 secs]
Heap after GC invocations=1012 (full 0):
 par new generation   total 115200K, used 1524K [0x00000000f0000000, 0x00000000f7d00000, 0x00000000f7d00000)
  eden space 102400K,   0% used [0x00000000f0000000, 0x00000000f0000000, 0x00000000f6400000)
  from space 12800K,  11% used [0x00000000f6400000, 0x00000000f657d090, 0x00000000f7080000)
  to   space 12800K,   0% used [0x00000000f7080000, 0x00000000f7080000, 0x00000000f7d00000)
 concurrent mark-sweep generation total 134144K, used 53490K [0x00000000f7d00000, 0x0000000100000000, 0x0000000100000000)
 Metaspace       used 65125K, capacity 69770K, committed 69888K, reserved 1110016K
  class space    used 8392K, capacity 9186K, committed 9216K, reserved 1048576K
}
{Heap before GC invocations=1012 (full 0):
 par new generation   total 115200K, used 103924K [0x00000000f0000000, 0x00000000f7d00000, 0x00000000f7d00000)
  eden space 102400K, 100% used [0x00000000f0000000, 0x00000000f6400000, 0x00000000f6400000)
  from space 12800K,  11% used [0x00000000f6400000, 0x00000000f657d090, 0x00000000f7080000)
  to   space 12800K,   0% used [0x00000000f7080000, 0x00000000f7080000, 0x00000000f7d00000)
 concurrent mark-sweep generation total 134144K, used 53490K [0x00000000f7d00000, 0x0000000100000000, 0x0000000100000000)
 Metaspace       used 65125K, capacity 69770K, committed 69888K, reserved 1110016K
  class space    used 8392K, capacity 9186K, committed 9216K, reserved 1048576K
2022-09-12T02:07:55.020+0800: 449.797: [GC (Allocation Failure)  157414K->55185K(249344K), 0.0043047 secs]
Heap after GC invocations=1013 (full 0):
 par new generation   total 115200K, used 1683K [0x00000000f0000000, 0x00000000f7d00000, 0x00000000f7d00000)
  eden space 102400K,   0% used [0x00000000f0000000, 0x00000000f0000000, 0x00000000f6400000)
  from space 12800K,  13% used [0x00000000f7080000, 0x00000000f7224e38, 0x00000000f7d00000)
  to   space 12800K,   0% used [0x00000000f6400000, 0x00000000f6400000, 0x00000000f7080000)
 concurrent mark-sweep generation total 134144K, used 53502K [0x00000000f7d00000, 0x0000000100000000, 0x0000000100000000)
 Metaspace       used 65125K, capacity 69770K, committed 69888K, reserved 1110016K
  class space    used 8392K, capacity 9186K, committed 9216K, reserved 1048576K
}
{Heap before GC invocations=1013 (full 0):
 par new generation   total 115200K, used 104083K [0x00000000f0000000, 0x00000000f7d00000, 0x00000000f7d00000)
  eden space 102400K, 100% used [0x00000000f0000000, 0x00000000f6400000, 0x00000000f6400000)
  from space 12800K,  13% used [0x00000000f7080000, 0x00000000f7224e38, 0x00000000f7d00000)
  to   space 12800K,   0% used [0x00000000f6400000, 0x00000000f6400000, 0x00000000f7080000)
 concurrent mark-sweep generation total 134144K, used 53502K [0x00000000f7d00000, 0x0000000100000000, 0x0000000100000000)
 Metaspace       used 65125K, capacity 69770K, committed 69888K, reserved 1110016K
  class space    used 8392K, capacity 9186K, committed 9216K, reserved 1048576K
2022-09-12T02:07:55.369+0800: 450.146: [GC (Allocation Failure)  157585K->54588K(249344K), 0.0039329 secs]
Heap after GC invocations=1014 (full 0):
 par new generation   total 115200K, used 1061K [0x00000000f0000000, 0x00000000f7d00000, 0x00000000f7d00000)
  eden space 102400K,   0% used [0x00000000f0000000, 0x00000000f0000000, 0x00000000f6400000)
  from space 12800K,   8% used [0x00000000f6400000, 0x00000000f65096d0, 0x00000000f7080000)
  to   space 12800K,   0% used [0x00000000f7080000, 0x00000000f7080000, 0x00000000f7d00000)
 concurrent mark-sweep generation total 134144K, used 53526K [0x00000000f7d00000, 0x0000000100000000, 0x0000000100000000)
 Metaspace       used 65125K, capacity 69770K, committed 69888K, reserved 1110016K
  class space    used 8392K, capacity 9186K, committed 9216K, reserved 1048576K
}
{Heap before GC invocations=1014 (full 0):
 par new generation   total 115200K, used 103461K [0x00000000f0000000, 0x00000000f7d00000, 0x00000000f7d00000)
  eden space 102400K, 100% used [0x00000000f0000000, 0x00000000f6400000, 0x00000000f6400000)
  from space 12800K,   8% used [0x00000000f6400000, 0x00000000f65096d0, 0x00000000f7080000)
  to   space 12800K,   0% used [0x00000000f7080000, 0x00000000f7080000, 0x00000000f7d00000)
 concurrent mark-sweep generation total 134144K, used 53526K [0x00000000f7d00000, 0x0000000100000000, 0x0000000100000000)
 Metaspace       used 65125K, capacity 69770K, committed 69888K, reserved 1110016K
  class space    used 8392K, capacity 9186K, committed 9216K, reserved 1048576K
2022-09-12T02:07:55.716+0800: 450.494: [GC (Allocation Failure)  156988K->55046K(249344K), 0.0041269 secs]
Heap after GC invocations=1015 (full 0):
 par new generation   total 115200K, used 1510K [0x00000000f0000000, 0x00000000f7d00000, 0x00000000f7d00000)
  eden space 102400K,   0% used [0x00000000f0000000, 0x00000000f0000000, 0x00000000f6400000)
  from space 12800K,  11% used [0x00000000f7080000, 0x00000000f71f9b30, 0x00000000f7d00000)
  to   space 12800K,   0% used [0x00000000f6400000, 0x00000000f6400000, 0x00000000f7080000)
 concurrent mark-sweep generation total 134144K, used 53535K [0x00000000f7d00000, 0x0000000100000000, 0x0000000100000000)
 Metaspace       used 65125K, capacity 69770K, committed 69888K, reserved 1110016K
  class space    used 8392K, capacity 9186K, committed 9216K, reserved 1048576K
}
{Heap before GC invocations=1015 (full 0):
 par new generation   total 115200K, used 103910K [0x00000000f0000000, 0x00000000f7d00000, 0x00000000f7d00000)
  eden space 102400K, 100% used [0x00000000f0000000, 0x00000000f6400000, 0x00000000f6400000)
  from space 12800K,  11% used [0x00000000f7080000, 0x00000000f71f9b30, 0x00000000f7d00000)
  to   space 12800K,   0% used [0x00000000f6400000, 0x00000000f6400000, 0x00000000f7080000)
 concurrent mark-sweep generation total 134144K, used 53535K [0x00000000f7d00000, 0x0000000100000000, 0x0000000100000000)
 Metaspace       used 65125K, capacity 69770K, committed 69888K, reserved 1110016K
  class space    used 8392K, capacity 9186K, committed 9216K, reserved 1048576K
2022-09-12T02:07:56.065+0800: 450.842: [GC (Allocation Failure)  157446K->55219K(249344K), 0.0041239 secs]
Heap after GC invocations=1016 (full 0):
 par new generation   total 115200K, used 1665K [0x00000000f0000000, 0x00000000f7d00000, 0x00000000f7d00000)
  eden space 102400K,   0% used [0x00000000f0000000, 0x00000000f0000000, 0x00000000f6400000)
  from space 12800K,  13% used [0x00000000f6400000, 0x00000000f65a07c8, 0x00000000f7080000)
  to   space 12800K,   0% used [0x00000000f7080000, 0x00000000f7080000, 0x00000000f7d00000)
 concurrent mark-sweep generation total 134144K, used 53553K [0x00000000f7d00000, 0x0000000100000000, 0x0000000100000000)
 Metaspace       used 65125K, capacity 69770K, committed 69888K, reserved 1110016K
  class space    used 8392K, capacity 9186K, committed 9216K, reserved 1048576K
}
{Heap before GC invocations=1016 (full 0):
 par new generation   total 115200K, used 104065K [0x00000000f0000000, 0x00000000f7d00000, 0x00000000f7d00000)
  eden space 102400K, 100% used [0x00000000f0000000, 0x00000000f6400000, 0x00000000f6400000)
  from space 12800K,  13% used [0x00000000f6400000, 0x00000000f65a07c8, 0x00000000f7080000)
  to   space 12800K,   0% used [0x00000000f7080000, 0x00000000f7080000, 0x00000000f7d00000)
 concurrent mark-sweep generation total 134144K, used 53553K [0x00000000f7d00000, 0x0000000100000000, 0x0000000100000000)
 Metaspace       used 65125K, capacity 69770K, committed 69888K, reserved 1110016K
  class space    used 8392K, capacity 9186K, committed 9216K, reserved 1048576K
2022-09-12T02:07:56.412+0800: 451.190: [GC (Allocation Failure)  157619K->54774K(249344K), 0.0116227 secs]
Heap after GC invocations=1017 (full 0):
 par new generation   total 115200K, used 1204K [0x00000000f0000000, 0x00000000f7d00000, 0x00000000f7d00000)
  eden space 102400K,   0% used [0x00000000f0000000, 0x00000000f0000000, 0x00000000f6400000)
  from space 12800K,   9% used [0x00000000f7080000, 0x00000000f71ad1c0, 0x00000000f7d00000)
  to   space 12800K,   0% used [0x00000000f6400000, 0x00000000f6400000, 0x00000000f7080000)
 concurrent mark-sweep generation total 134144K, used 53569K [0x00000000f7d00000, 0x0000000100000000, 0x0000000100000000)
 Metaspace       used 65125K, capacity 69770K, committed 69888K, reserved 1110016K
  class space    used 8392K, capacity 9186K, committed 9216K, reserved 1048576K
}
{Heap before GC invocations=1017 (full 0):
 par new generation   total 115200K, used 103604K [0x00000000f0000000, 0x00000000f7d00000, 0x00000000f7d00000)
  eden space 102400K, 100% used [0x00000000f0000000, 0x00000000f6400000, 0x00000000f6400000)
  from space 12800K,   9% used [0x00000000f7080000, 0x00000000f71ad1c0, 0x00000000f7d00000)
  to   space 12800K,   0% used [0x00000000f6400000, 0x00000000f6400000, 0x00000000f7080000)
 concurrent mark-sweep generation total 134144K, used 53569K [0x00000000f7d00000, 0x0000000100000000, 0x0000000100000000)
 Metaspace       used 65125K, capacity 69770K, committed 69888K, reserved 1110016K
  class space    used 8392K, capacity 9186K, committed 9216K, reserved 1048576K
2022-09-12T02:07:56.766+0800: 451.543: [GC (Allocation Failure)  157174K->55126K(249344K), 0.0040257 secs]
Heap after GC invocations=1018 (full 0):
 par new generation   total 115200K, used 1535K [0x00000000f0000000, 0x00000000f7d00000, 0x00000000f7d00000)
  eden space 102400K,   0% used [0x00000000f0000000, 0x00000000f0000000, 0x00000000f6400000)
  from space 12800K,  11% used [0x00000000f6400000, 0x00000000f657fcc0, 0x00000000f7080000)
  to   space 12800K,   0% used [0x00000000f7080000, 0x00000000f7080000, 0x00000000f7d00000)
 concurrent mark-sweep generation total 134144K, used 53591K [0x00000000f7d00000, 0x0000000100000000, 0x0000000100000000)
 Metaspace       used 65125K, capacity 69770K, committed 69888K, reserved 1110016K
  class space    used 8392K, capacity 9186K, committed 9216K, reserved 1048576K
}
{Heap before GC invocations=1018 (full 0):
 par new generation   total 115200K, used 103935K [0x00000000f0000000, 0x00000000f7d00000, 0x00000000f7d00000)
  eden space 102400K, 100% used [0x00000000f0000000, 0x00000000f6400000, 0x00000000f6400000)
  from space 12800K,  11% used [0x00000000f6400000, 0x00000000f657fcc0, 0x00000000f7080000)
  to   space 12800K,   0% used [0x00000000f7080000, 0x00000000f7080000, 0x00000000f7d00000)
 concurrent mark-sweep generation total 134144K, used 53591K [0x00000000f7d00000, 0x0000000100000000, 0x0000000100000000)
 Metaspace       used 65125K, capacity 69770K, committed 69888K, reserved 1110016K
  class space    used 8392K, capacity 9186K, committed 9216K, reserved 1048576K
2022-09-12T02:07:57.115+0800: 451.892: [GC (Allocation Failure)  157526K->55230K(249344K), 0.0040552 secs]
Heap after GC invocations=1019 (full 0):
 par new generation   total 115200K, used 1626K [0x00000000f0000000, 0x00000000f7d00000, 0x00000000f7d00000)
  eden space 102400K,   0% used [0x00000000f0000000, 0x00000000f0000000, 0x00000000f6400000)
  from space 12800K,  12% used [0x00000000f7080000, 0x00000000f72169a0, 0x00000000f7d00000)
  to   space 12800K,   0% used [0x00000000f6400000, 0x00000000f6400000, 0x00000000f7080000)
 concurrent mark-sweep generation total 134144K, used 53604K [0x00000000f7d00000, 0x0000000100000000, 0x0000000100000000)
 Metaspace       used 65125K, capacity 69770K, committed 69888K, reserved 1110016K
  class space    used 8392K, capacity 9186K, committed 9216K, reserved 1048576K
}
{Heap before GC invocations=1019 (full 0):
 par new generation   total 115200K, used 104026K [0x00000000f0000000, 0x00000000f7d00000, 0x00000000f7d00000)
  eden space 102400K, 100% used [0x00000000f0000000, 0x00000000f6400000, 0x00000000f6400000)
  from space 12800K,  12% used [0x00000000f7080000, 0x00000000f72169a0, 0x00000000f7d00000)
  to   space 12800K,   0% used [0x00000000f6400000, 0x00000000f6400000, 0x00000000f7080000)
 concurrent mark-sweep generation total 134144K, used 53604K [0x00000000f7d00000, 0x0000000100000000, 0x0000000100000000)
 Metaspace       used 65125K, capacity 69770K, committed 69888K, reserved 1110016K
  class space    used 8392K, capacity 9186K, committed 9216K, reserved 1048576K
2022-09-12T02:07:57.463+0800: 452.240: [GC (Allocation Failure)  157630K->54803K(249344K), 0.0044902 secs]
Heap after GC invocations=1020 (full 0):
 par new generation   total 115200K, used 1188K [0x00000000f0000000, 0x00000000f7d00000, 0x00000000f7d00000)
  eden space 102400K,   0% used [0x00000000f0000000, 0x00000000f0000000, 0x00000000f6400000)
  from space 12800K,   9% used [0x00000000f6400000, 0x00000000f6529100, 0x00000000f7080000)
  to   space 12800K,   0% used [0x00000000f7080000, 0x00000000f7080000, 0x00000000f7d00000)
 concurrent mark-sweep generation total 134144K, used 53615K [0x00000000f7d00000, 0x0000000100000000, 0x0000000100000000)
 Metaspace       used 65125K, capacity 69770K, committed 69888K, reserved 1110016K
  class space    used 8392K, capacity 9186K, committed 9216K, reserved 1048576K
}
{Heap before GC invocations=1020 (full 0):
 par new generation   total 115200K, used 103588K [0x00000000f0000000, 0x00000000f7d00000, 0x00000000f7d00000)
  eden space 102400K, 100% used [0x00000000f0000000, 0x00000000f6400000, 0x00000000f6400000)
  from space 12800K,   9% used [0x00000000f6400000, 0x00000000f6529100, 0x00000000f7080000)
  to   space 12800K,   0% used [0x00000000f7080000, 0x00000000f7080000, 0x00000000f7d00000)
 concurrent mark-sweep generation total 134144K, used 53615K [0x00000000f7d00000, 0x0000000100000000, 0x0000000100000000)
 Metaspace       used 65125K, capacity 69770K, committed 69888K, reserved 1110016K
  class space    used 8392K, capacity 9186K, committed 9216K, reserved 1048576K
2022-09-12T02:07:57.817+0800: 452.594: [GC (Allocation Failure)  157203K->55196K(249344K), 0.0039619 secs]
Heap after GC invocations=1021 (full 0):
 par new generation   total 115200K, used 1563K [0x00000000f0000000, 0x00000000f7d00000, 0x00000000f7d00000)
  eden space 102400K,   0% used [0x00000000f0000000, 0x00000000f0000000, 0x00000000f6400000)
  from space 12800K,  12% used [0x00000000f7080000, 0x00000000f7206e48, 0x00000000f7d00000)
  to   space 12800K,   0% used [0x00000000f6400000, 0x00000000f6400000, 0x00000000f7080000)
 concurrent mark-sweep generation total 134144K, used 53633K [0x00000000f7d00000, 0x0000000100000000, 0x0000000100000000)
 Metaspace       used 65125K, capacity 69770K, committed 69888K, reserved 1110016K
  class space    used 8392K, capacity 9186K, committed 9216K, reserved 1048576K
}
{Heap before GC invocations=1021 (full 0):
 par new generation   total 115200K, used 103963K [0x00000000f0000000, 0x00000000f7d00000, 0x00000000f7d00000)
  eden space 102400K, 100% used [0x00000000f0000000, 0x00000000f6400000, 0x00000000f6400000)
  from space 12800K,  12% used [0x00000000f7080000, 0x00000000f7206e48, 0x00000000f7d00000)
  to   space 12800K,   0% used [0x00000000f6400000, 0x00000000f6400000, 0x00000000f7080000)
 concurrent mark-sweep generation total 134144K, used 53633K [0x00000000f7d00000, 0x0000000100000000, 0x0000000100000000)
 Metaspace       used 65125K, capacity 69770K, committed 69888K, reserved 1110016K
  class space    used 8392K, capacity 9186K, committed 9216K, reserved 1048576K
2022-09-12T02:07:58.165+0800: 452.942: [GC (Allocation Failure)  157596K->55310K(249344K), 0.0040596 secs]
Heap after GC invocations=1022 (full 0):
 par new generation   total 115200K, used 1656K [0x00000000f0000000, 0x00000000f7d00000, 0x00000000f7d00000)
  eden space 102400K,   0% used [0x00000000f0000000, 0x00000000f0000000, 0x00000000f6400000)
  from space 12800K,  12% used [0x00000000f6400000, 0x00000000f659e308, 0x00000000f7080000)
  to   space 12800K,   0% used [0x00000000f7080000, 0x00000000f7080000, 0x00000000f7d00000)
 concurrent mark-sweep generation total 134144K, used 53653K [0x00000000f7d00000, 0x0000000100000000, 0x0000000100000000)
 Metaspace       used 65125K, capacity 69770K, committed 69888K, reserved 1110016K
  class space    used 8392K, capacity 9186K, committed 9216K, reserved 1048576K
}
{Heap before GC invocations=1022 (full 0):
 par new generation   total 115200K, used 104056K [0x00000000f0000000, 0x00000000f7d00000, 0x00000000f7d00000)
  eden space 102400K, 100% used [0x00000000f0000000, 0x00000000f6400000, 0x00000000f6400000)
  from space 12800K,  12% used [0x00000000f6400000, 0x00000000f659e308, 0x00000000f7080000)
  to   space 12800K,   0% used [0x00000000f7080000, 0x00000000f7080000, 0x00000000f7d00000)
 concurrent mark-sweep generation total 134144K, used 53653K [0x00000000f7d00000, 0x0000000100000000, 0x0000000100000000)
 Metaspace       used 65125K, capacity 69770K, committed 69888K, reserved 1110016K
  class space    used 8392K, capacity 9186K, committed 9216K, reserved 1048576K
2022-09-12T02:07:58.512+0800: 453.290: [GC (Allocation Failure)  157710K->55022K(249344K), 0.0040852 secs]
Heap after GC invocations=1023 (full 0):
 par new generation   total 115200K, used 1356K [0x00000000f0000000, 0x00000000f7d00000, 0x00000000f7d00000)
  eden space 102400K,   0% used [0x00000000f0000000, 0x00000000f0000000, 0x00000000f6400000)
  from space 12800K,  10% used [0x00000000f7080000, 0x00000000f71d3198, 0x00000000f7d00000)
  to   space 12800K,   0% used [0x00000000f6400000, 0x00000000f6400000, 0x00000000f7080000)
 concurrent mark-sweep generation total 134144K, used 53666K [0x00000000f7d00000, 0x0000000100000000, 0x0000000100000000)
 Metaspace       used 65125K, capacity 69770K, committed 69888K, reserved 1110016K
  class space    used 8392K, capacity 9186K, committed 9216K, reserved 1048576K
}
{Heap before GC invocations=1023 (full 0):
 par new generation   total 115200K, used 103756K [0x00000000f0000000, 0x00000000f7d00000, 0x00000000f7d00000)
  eden space 102400K, 100% used [0x00000000f0000000, 0x00000000f6400000, 0x00000000f6400000)
  from space 12800K,  10% used [0x00000000f7080000, 0x00000000f71d3198, 0x00000000f7d00000)
  to   space 12800K,   0% used [0x00000000f6400000, 0x00000000f6400000, 0x00000000f7080000)
 concurrent mark-sweep generation total 134144K, used 53666K [0x00000000f7d00000, 0x0000000100000000, 0x0000000100000000)
 Metaspace       used 65125K, capacity 69770K, committed 69888K, reserved 1110016K
  class space    used 8392K, capacity 9186K, committed 9216K, reserved 1048576K
2022-09-12T02:07:58.861+0800: 453.638: [GC (Allocation Failure)  157422K->55207K(249344K), 0.0040767 secs]
Heap after GC invocations=1024 (full 0):
 par new generation   total 115200K, used 1523K [0x00000000f0000000, 0x00000000f7d00000, 0x00000000f7d00000)
  eden space 102400K,   0% used [0x00000000f0000000, 0x00000000f0000000, 0x00000000f6400000)
  from space 12800K,  11% used [0x00000000f6400000, 0x00000000f657cf78, 0x00000000f7080000)
  to   space 12800K,   0% used [0x00000000f7080000, 0x00000000f7080000, 0x00000000f7d00000)
 concurrent mark-sweep generation total 134144K, used 53683K [0x00000000f7d00000, 0x0000000100000000, 0x0000000100000000)
 Metaspace       used 65125K, capacity 69770K, committed 69888K, reserved 1110016K
  class space    used 8392K, capacity 9186K, committed 9216K, reserved 1048576K
}
{Heap before GC invocations=1024 (full 0):
 par new generation   total 115200K, used 103923K [0x00000000f0000000, 0x00000000f7d00000, 0x00000000f7d00000)
  eden space 102400K, 100% used [0x00000000f0000000, 0x00000000f6400000, 0x00000000f6400000)
  from space 12800K,  11% used [0x00000000f6400000, 0x00000000f657cf78, 0x00000000f7080000)
  to   space 12800K,   0% used [0x00000000f7080000, 0x00000000f7080000, 0x00000000f7d00000)
 concurrent mark-sweep generation total 134144K, used 53683K [0x00000000f7d00000, 0x0000000100000000, 0x0000000100000000)
 Metaspace       used 65125K, capacity 69770K, committed 69888K, reserved 1110016K
  class space    used 8392K, capacity 9186K, committed 9216K, reserved 1048576K
2022-09-12T02:07:59.210+0800: 453.987: [GC (Allocation Failure)  157607K->55353K(249344K), 0.0039804 secs]
Heap after GC invocations=1025 (full 0):
 par new generation   total 115200K, used 1654K [0x00000000f0000000, 0x00000000f7d00000, 0x00000000f7d00000)
  eden space 102400K,   0% used [0x00000000f0000000, 0x00000000f0000000, 0x00000000f6400000)
  from space 12800K,  12% used [0x00000000f7080000, 0x00000000f721da10, 0x00000000f7d00000)
  to   space 12800K,   0% used [0x00000000f6400000, 0x00000000f6400000, 0x00000000f7080000)
 concurrent mark-sweep generation total 134144K, used 53699K [0x00000000f7d00000, 0x0000000100000000, 0x0000000100000000)
 Metaspace       used 65125K, capacity 69770K, committed 69888K, reserved 1110016K
  class space    used 8392K, capacity 9186K, committed 9216K, reserved 1048576K
}
{Heap before GC invocations=1025 (full 0):
 par new generation   total 115200K, used 104054K [0x00000000f0000000, 0x00000000f7d00000, 0x00000000f7d00000)
  eden space 102400K, 100% used [0x00000000f0000000, 0x00000000f6400000, 0x00000000f6400000)
  from space 12800K,  12% used [0x00000000f7080000, 0x00000000f721da10, 0x00000000f7d00000)
  to   space 12800K,   0% used [0x00000000f6400000, 0x00000000f6400000, 0x00000000f7080000)
 concurrent mark-sweep generation total 134144K, used 53699K [0x00000000f7d00000, 0x0000000100000000, 0x0000000100000000)
 Metaspace       used 65125K, capacity 69770K, committed 69888K, reserved 1110016K
  class space    used 8392K, capacity 9186K, committed 9216K, reserved 1048576K
2022-09-12T02:07:59.561+0800: 454.339: [GC (Allocation Failure)  157753K->55062K(249344K), 0.0041031 secs]
Heap after GC invocations=1026 (full 0):
 par new generation   total 115200K, used 1344K [0x00000000f0000000, 0x00000000f7d00000, 0x00000000f7d00000)
  eden space 102400K,   0% used [0x00000000f0000000, 0x00000000f0000000, 0x00000000f6400000)
  from space 12800K,  10% used [0x00000000f6400000, 0x00000000f65500f0, 0x00000000f7080000)
  to   space 12800K,   0% used [0x00000000f7080000, 0x00000000f7080000, 0x00000000f7d00000)
 concurrent mark-sweep generation total 134144K, used 53718K [0x00000000f7d00000, 0x0000000100000000, 0x0000000100000000)
 Metaspace       used 65125K, capacity 69770K, committed 69888K, reserved 1110016K
  class space    used 8392K, capacity 9186K, committed 9216K, reserved 1048576K
}
{Heap before GC invocations=1026 (full 0):
 par new generation   total 115200K, used 103744K [0x00000000f0000000, 0x00000000f7d00000, 0x00000000f7d00000)
  eden space 102400K, 100% used [0x00000000f0000000, 0x00000000f6400000, 0x00000000f6400000)
  from space 12800K,  10% used [0x00000000f6400000, 0x00000000f65500f0, 0x00000000f7080000)
  to   space 12800K,   0% used [0x00000000f7080000, 0x00000000f7080000, 0x00000000f7d00000)
 concurrent mark-sweep generation total 134144K, used 53718K [0x00000000f7d00000, 0x0000000100000000, 0x0000000100000000)
 Metaspace       used 65125K, capacity 69770K, committed 69888K, reserved 1110016K
  class space    used 8392K, capacity 9186K, committed 9216K, reserved 1048576K
2022-09-12T02:07:59.909+0800: 454.687: [GC (Allocation Failure)  157462K->55281K(249344K), 0.0041057 secs]
Heap after GC invocations=1027 (full 0):
 par new generation   total 115200K, used 1547K [0x00000000f0000000, 0x00000000f7d00000, 0x00000000f7d00000)
  eden space 102400K,   0% used [0x00000000f0000000, 0x00000000f0000000, 0x00000000f6400000)
  from space 12800K,  12% used [0x00000000f7080000, 0x00000000f7202f80, 0x00000000f7d00000)
  to   space 12800K,   0% used [0x00000000f6400000, 0x00000000f6400000, 0x00000000f7080000)
 concurrent mark-sweep generation total 134144K, used 53733K [0x00000000f7d00000, 0x0000000100000000, 0x0000000100000000)
 Metaspace       used 65125K, capacity 69770K, committed 69888K, reserved 1110016K
  class space    used 8392K, capacity 9186K, committed 9216K, reserved 1048576K
}
{Heap before GC invocations=1027 (full 0):
 par new generation   total 115200K, used 103947K [0x00000000f0000000, 0x00000000f7d00000, 0x00000000f7d00000)
  eden space 102400K, 100% used [0x00000000f0000000, 0x00000000f6400000, 0x00000000f6400000)
  from space 12800K,  12% used [0x00000000f7080000, 0x00000000f7202f80, 0x00000000f7d00000)
  to   space 12800K,   0% used [0x00000000f6400000, 0x00000000f6400000, 0x00000000f7080000)
 concurrent mark-sweep generation total 134144K, used 53733K [0x00000000f7d00000, 0x0000000100000000, 0x0000000100000000)
 Metaspace       used 65125K, capacity 69770K, committed 69888K, reserved 1110016K
  class space    used 8392K, capacity 9186K, committed 9216K, reserved 1048576K
2022-09-12T02:08:00.257+0800: 455.034: [GC (Allocation Failure)  157681K->55402K(249344K), 0.0040738 secs]
Heap after GC invocations=1028 (full 0):
 par new generation   total 115200K, used 1652K [0x00000000f0000000, 0x00000000f7d00000, 0x00000000f7d00000)
  eden space 102400K,   0% used [0x00000000f0000000, 0x00000000f0000000, 0x00000000f6400000)
  from space 12800K,  12% used [0x00000000f6400000, 0x00000000f659d150, 0x00000000f7080000)
  to   space 12800K,   0% used [0x00000000f7080000, 0x00000000f7080000, 0x00000000f7d00000)
 concurrent mark-sweep generation total 134144K, used 53750K [0x00000000f7d00000, 0x0000000100000000, 0x0000000100000000)
 Metaspace       used 65125K, capacity 69770K, committed 69888K, reserved 1110016K
  class space    used 8392K, capacity 9186K, committed 9216K, reserved 1048576K
}
{Heap before GC invocations=1028 (full 0):
 par new generation   total 115200K, used 104052K [0x00000000f0000000, 0x00000000f7d00000, 0x00000000f7d00000)
  eden space 102400K, 100% used [0x00000000f0000000, 0x00000000f6400000, 0x00000000f6400000)
  from space 12800K,  12% used [0x00000000f6400000, 0x00000000f659d150, 0x00000000f7080000)
  to   space 12800K,   0% used [0x00000000f7080000, 0x00000000f7080000, 0x00000000f7d00000)
 concurrent mark-sweep generation total 134144K, used 53750K [0x00000000f7d00000, 0x0000000100000000, 0x0000000100000000)
 Metaspace       used 65125K, capacity 69770K, committed 69888K, reserved 1110016K
  class space    used 8392K, capacity 9186K, committed 9216K, reserved 1048576K
2022-09-12T02:08:00.614+0800: 455.391: [GC (Allocation Failure)  157802K->54948K(249344K), 0.0041797 secs]
Heap after GC invocations=1029 (full 0):
 par new generation   total 115200K, used 1186K [0x00000000f0000000, 0x00000000f7d00000, 0x00000000f7d00000)
  eden space 102400K,   0% used [0x00000000f0000000, 0x00000000f0000000, 0x00000000f6400000)
  from space 12800K,   9% used [0x00000000f7080000, 0x00000000f71a8bc0, 0x00000000f7d00000)
  to   space 12800K,   0% used [0x00000000f6400000, 0x00000000f6400000, 0x00000000f7080000)
 concurrent mark-sweep generation total 134144K, used 53761K [0x00000000f7d00000, 0x0000000100000000, 0x0000000100000000)
 Metaspace       used 65125K, capacity 69770K, committed 69888K, reserved 1110016K
  class space    used 8392K, capacity 9186K, committed 9216K, reserved 1048576K
}
{Heap before GC invocations=1029 (full 0):
 par new generation   total 115200K, used 103586K [0x00000000f0000000, 0x00000000f7d00000, 0x00000000f7d00000)
  eden space 102400K, 100% used [0x00000000f0000000, 0x00000000f6400000, 0x00000000f6400000)
  from space 12800K,   9% used [0x00000000f7080000, 0x00000000f71a8bc0, 0x00000000f7d00000)
  to   space 12800K,   0% used [0x00000000f6400000, 0x00000000f6400000, 0x00000000f7080000)
 concurrent mark-sweep generation total 134144K, used 53761K [0x00000000f7d00000, 0x0000000100000000, 0x0000000100000000)
 Metaspace       used 65125K, capacity 69770K, committed 69888K, reserved 1110016K
  class space    used 8392K, capacity 9186K, committed 9216K, reserved 1048576K
2022-09-12T02:08:00.972+0800: 455.749: [GC (Allocation Failure)  157348K->55283K(249344K), 0.0042079 secs]
Heap after GC invocations=1030 (full 0):
 par new generation   total 115200K, used 1501K [0x00000000f0000000, 0x00000000f7d00000, 0x00000000f7d00000)
  eden space 102400K,   0% used [0x00000000f0000000, 0x00000000f0000000, 0x00000000f6400000)
  from space 12800K,  11% used [0x00000000f6400000, 0x00000000f6577670, 0x00000000f7080000)
  to   space 12800K,   0% used [0x00000000f7080000, 0x00000000f7080000, 0x00000000f7d00000)
 concurrent mark-sweep generation total 134144K, used 53782K [0x00000000f7d00000, 0x0000000100000000, 0x0000000100000000)
 Metaspace       used 65125K, capacity 69770K, committed 69888K, reserved 1110016K
  class space    used 8392K, capacity 9186K, committed 9216K, reserved 1048576K
}
{Heap before GC invocations=1030 (full 0):
 par new generation   total 115200K, used 103901K [0x00000000f0000000, 0x00000000f7d00000, 0x00000000f7d00000)
  eden space 102400K, 100% used [0x00000000f0000000, 0x00000000f6400000, 0x00000000f6400000)
  from space 12800K,  11% used [0x00000000f6400000, 0x00000000f6577670, 0x00000000f7080000)
  to   space 12800K,   0% used [0x00000000f7080000, 0x00000000f7080000, 0x00000000f7d00000)
 concurrent mark-sweep generation total 134144K, used 53782K [0x00000000f7d00000, 0x0000000100000000, 0x0000000100000000)
 Metaspace       used 65125K, capacity 69770K, committed 69888K, reserved 1110016K
  class space    used 8392K, capacity 9186K, committed 9216K, reserved 1048576K
2022-09-12T02:08:01.321+0800: 456.099: [GC (Allocation Failure)  157683K->55457K(249344K), 0.0040293 secs]
Heap after GC invocations=1031 (full 0):
 par new generation   total 115200K, used 1663K [0x00000000f0000000, 0x00000000f7d00000, 0x00000000f7d00000)
  eden space 102400K,   0% used [0x00000000f0000000, 0x00000000f0000000, 0x00000000f6400000)
  from space 12800K,  12% used [0x00000000f7080000, 0x00000000f721fe28, 0x00000000f7d00000)
  to   space 12800K,   0% used [0x00000000f6400000, 0x00000000f6400000, 0x00000000f7080000)
 concurrent mark-sweep generation total 134144K, used 53793K [0x00000000f7d00000, 0x0000000100000000, 0x0000000100000000)
 Metaspace       used 65125K, capacity 69770K, committed 69888K, reserved 1110016K
  class space    used 8392K, capacity 9186K, committed 9216K, reserved 1048576K
}
{Heap before GC invocations=1031 (full 0):
 par new generation   total 115200K, used 104063K [0x00000000f0000000, 0x00000000f7d00000, 0x00000000f7d00000)
  eden space 102400K, 100% used [0x00000000f0000000, 0x00000000f6400000, 0x00000000f6400000)
  from space 12800K,  12% used [0x00000000f7080000, 0x00000000f721fe28, 0x00000000f7d00000)
  to   space 12800K,   0% used [0x00000000f6400000, 0x00000000f6400000, 0x00000000f7080000)
 concurrent mark-sweep generation total 134144K, used 53793K [0x00000000f7d00000, 0x0000000100000000, 0x0000000100000000)
 Metaspace       used 65125K, capacity 69770K, committed 69888K, reserved 1110016K
  class space    used 8392K, capacity 9186K, committed 9216K, reserved 1048576K
2022-09-12T02:08:01.669+0800: 456.446: [GC (Allocation Failure)  157857K->54984K(249344K), 0.0041466 secs]
Heap after GC invocations=1032 (full 0):
 par new generation   total 115200K, used 1172K [0x00000000f0000000, 0x00000000f7d00000, 0x00000000f7d00000)
  eden space 102400K,   0% used [0x00000000f0000000, 0x00000000f0000000, 0x00000000f6400000)
  from space 12800K,   9% used [0x00000000f6400000, 0x00000000f6525000, 0x00000000f7080000)
  to   space 12800K,   0% used [0x00000000f7080000, 0x00000000f7080000, 0x00000000f7d00000)
 concurrent mark-sweep generation total 134144K, used 53812K [0x00000000f7d00000, 0x0000000100000000, 0x0000000100000000)
 Metaspace       used 65125K, capacity 69770K, committed 69888K, reserved 1110016K
  class space    used 8392K, capacity 9186K, committed 9216K, reserved 1048576K
}
{Heap before GC invocations=1032 (full 0):
 par new generation   total 115200K, used 103572K [0x00000000f0000000, 0x00000000f7d00000, 0x00000000f7d00000)
  eden space 102400K, 100% used [0x00000000f0000000, 0x00000000f6400000, 0x00000000f6400000)
  from space 12800K,   9% used [0x00000000f6400000, 0x00000000f6525000, 0x00000000f7080000)
  to   space 12800K,   0% used [0x00000000f7080000, 0x00000000f7080000, 0x00000000f7d00000)
 concurrent mark-sweep generation total 134144K, used 53812K [0x00000000f7d00000, 0x0000000100000000, 0x0000000100000000)
 Metaspace       used 65125K, capacity 69770K, committed 69888K, reserved 1110016K
  class space    used 8392K, capacity 9186K, committed 9216K, reserved 1048576K
2022-09-12T02:08:02.018+0800: 456.795: [GC (Allocation Failure)  157384K->55364K(249344K), 0.0040768 secs]
Heap after GC invocations=1033 (full 0):
 par new generation   total 115200K, used 1535K [0x00000000f0000000, 0x00000000f7d00000, 0x00000000f7d00000)
  eden space 102400K,   0% used [0x00000000f0000000, 0x00000000f0000000, 0x00000000f6400000)
  from space 12800K,  11% used [0x00000000f7080000, 0x00000000f71ffda0, 0x00000000f7d00000)
  to   space 12800K,   0% used [0x00000000f6400000, 0x00000000f6400000, 0x00000000f7080000)
 concurrent mark-sweep generation total 134144K, used 53829K [0x00000000f7d00000, 0x0000000100000000, 0x0000000100000000)
 Metaspace       used 65125K, capacity 69770K, committed 69888K, reserved 1110016K
  class space    used 8392K, capacity 9186K, committed 9216K, reserved 1048576K
}
{Heap before GC invocations=1033 (full 0):
 par new generation   total 115200K, used 103935K [0x00000000f0000000, 0x00000000f7d00000, 0x00000000f7d00000)
  eden space 102400K, 100% used [0x00000000f0000000, 0x00000000f6400000, 0x00000000f6400000)
  from space 12800K,  11% used [0x00000000f7080000, 0x00000000f71ffda0, 0x00000000f7d00000)
  to   space 12800K,   0% used [0x00000000f6400000, 0x00000000f6400000, 0x00000000f7080000)
 concurrent mark-sweep generation total 134144K, used 53829K [0x00000000f7d00000, 0x0000000100000000, 0x0000000100000000)
 Metaspace       used 65125K, capacity 69770K, committed 69888K, reserved 1110016K
  class space    used 8392K, capacity 9186K, committed 9216K, reserved 1048576K
2022-09-12T02:08:02.365+0800: 457.143: [GC (Allocation Failure)  157764K->55495K(249344K), 0.0040322 secs]
Heap after GC invocations=1034 (full 0):
 par new generation   total 115200K, used 1650K [0x00000000f0000000, 0x00000000f7d00000, 0x00000000f7d00000)
  eden space 102400K,   0% used [0x00000000f0000000, 0x00000000f0000000, 0x00000000f6400000)
  from space 12800K,  12% used [0x00000000f6400000, 0x00000000f659c900, 0x00000000f7080000)
  to   space 12800K,   0% used [0x00000000f7080000, 0x00000000f7080000, 0x00000000f7d00000)
 concurrent mark-sweep generation total 134144K, used 53845K [0x00000000f7d00000, 0x0000000100000000, 0x0000000100000000)
 Metaspace       used 65125K, capacity 69770K, committed 69888K, reserved 1110016K
  class space    used 8392K, capacity 9186K, committed 9216K, reserved 1048576K
}
{Heap before GC invocations=1034 (full 0):
 par new generation   total 115200K, used 104050K [0x00000000f0000000, 0x00000000f7d00000, 0x00000000f7d00000)
  eden space 102400K, 100% used [0x00000000f0000000, 0x00000000f6400000, 0x00000000f6400000)
  from space 12800K,  12% used [0x00000000f6400000, 0x00000000f659c900, 0x00000000f7080000)
  to   space 12800K,   0% used [0x00000000f7080000, 0x00000000f7080000, 0x00000000f7d00000)
 concurrent mark-sweep generation total 134144K, used 53845K [0x00000000f7d00000, 0x0000000100000000, 0x0000000100000000)
 Metaspace       used 65125K, capacity 69770K, committed 69888K, reserved 1110016K
  class space    used 8392K, capacity 9186K, committed 9216K, reserved 1048576K
2022-09-12T02:08:02.713+0800: 457.490: [GC (Allocation Failure)  157895K->55214K(249344K), 0.0040494 secs]
Heap after GC invocations=1035 (full 0):
 par new generation   total 115200K, used 1354K [0x00000000f0000000, 0x00000000f7d00000, 0x00000000f7d00000)
  eden space 102400K,   0% used [0x00000000f0000000, 0x00000000f0000000, 0x00000000f6400000)
  from space 12800K,  10% used [0x00000000f7080000, 0x00000000f71d2850, 0x00000000f7d00000)
  to   space 12800K,   0% used [0x00000000f6400000, 0x00000000f6400000, 0x00000000f7080000)
 concurrent mark-sweep generation total 134144K, used 53860K [0x00000000f7d00000, 0x0000000100000000, 0x0000000100000000)
 Metaspace       used 65125K, capacity 69770K, committed 69888K, reserved 1110016K
  class space    used 8392K, capacity 9186K, committed 9216K, reserved 1048576K
}
{Heap before GC invocations=1035 (full 0):
 par new generation   total 115200K, used 103754K [0x00000000f0000000, 0x00000000f7d00000, 0x00000000f7d00000)
  eden space 102400K, 100% used [0x00000000f0000000, 0x00000000f6400000, 0x00000000f6400000)
  from space 12800K,  10% used [0x00000000f7080000, 0x00000000f71d2850, 0x00000000f7d00000)
  to   space 12800K,   0% used [0x00000000f6400000, 0x00000000f6400000, 0x00000000f7080000)
 concurrent mark-sweep generation total 134144K, used 53860K [0x00000000f7d00000, 0x0000000100000000, 0x0000000100000000)
 Metaspace       used 65125K, capacity 69770K, committed 69888K, reserved 1110016K
  class space    used 8392K, capacity 9186K, committed 9216K, reserved 1048576K
2022-09-12T02:08:03.063+0800: 457.841: [GC (Allocation Failure)  157614K->55386K(249344K), 0.0039745 secs]
Heap after GC invocations=1036 (full 0):
 par new generation   total 115200K, used 1511K [0x00000000f0000000, 0x00000000f7d00000, 0x00000000f7d00000)
  eden space 102400K,   0% used [0x00000000f0000000, 0x00000000f0000000, 0x00000000f6400000)
  from space 12800K,  11% used [0x00000000f6400000, 0x00000000f6579cb8, 0x00000000f7080000)
  to   space 12800K,   0% used [0x00000000f7080000, 0x00000000f7080000, 0x00000000f7d00000)
 concurrent mark-sweep generation total 134144K, used 53875K [0x00000000f7d00000, 0x0000000100000000, 0x0000000100000000)
 Metaspace       used 65125K, capacity 69770K, committed 69888K, reserved 1110016K
  class space    used 8392K, capacity 9186K, committed 9216K, reserved 1048576K
}
{Heap before GC invocations=1036 (full 0):
 par new generation   total 115200K, used 103911K [0x00000000f0000000, 0x00000000f7d00000, 0x00000000f7d00000)
  eden space 102400K, 100% used [0x00000000f0000000, 0x00000000f6400000, 0x00000000f6400000)
  from space 12800K,  11% used [0x00000000f6400000, 0x00000000f6579cb8, 0x00000000f7080000)
  to   space 12800K,   0% used [0x00000000f7080000, 0x00000000f7080000, 0x00000000f7d00000)
 concurrent mark-sweep generation total 134144K, used 53875K [0x00000000f7d00000, 0x0000000100000000, 0x0000000100000000)
 Metaspace       used 65125K, capacity 69770K, committed 69888K, reserved 1110016K
  class space    used 8392K, capacity 9186K, committed 9216K, reserved 1048576K
2022-09-12T02:08:03.412+0800: 458.189: [GC (Allocation Failure)  157786K->55498K(249344K), 0.0039813 secs]
Heap after GC invocations=1037 (full 0):
 par new generation   total 115200K, used 1608K [0x00000000f0000000, 0x00000000f7d00000, 0x00000000f7d00000)
  eden space 102400K,   0% used [0x00000000f0000000, 0x00000000f0000000, 0x00000000f6400000)
  from space 12800K,  12% used [0x00000000f7080000, 0x00000000f72123a0, 0x00000000f7d00000)
  to   space 12800K,   0% used [0x00000000f6400000, 0x00000000f6400000, 0x00000000f7080000)
 concurrent mark-sweep generation total 134144K, used 53889K [0x00000000f7d00000, 0x0000000100000000, 0x0000000100000000)
 Metaspace       used 65125K, capacity 69770K, committed 69888K, reserved 1110016K
  class space    used 8392K, capacity 9186K, committed 9216K, reserved 1048576K
}
{Heap before GC invocations=1037 (full 0):
 par new generation   total 115200K, used 104008K [0x00000000f0000000, 0x00000000f7d00000, 0x00000000f7d00000)
  eden space 102400K, 100% used [0x00000000f0000000, 0x00000000f6400000, 0x00000000f6400000)
  from space 12800K,  12% used [0x00000000f7080000, 0x00000000f72123a0, 0x00000000f7d00000)
  to   space 12800K,   0% used [0x00000000f6400000, 0x00000000f6400000, 0x00000000f7080000)
 concurrent mark-sweep generation total 134144K, used 53889K [0x00000000f7d00000, 0x0000000100000000, 0x0000000100000000)
 Metaspace       used 65125K, capacity 69770K, committed 69888K, reserved 1110016K
  class space    used 8392K, capacity 9186K, committed 9216K, reserved 1048576K
2022-09-12T02:08:03.761+0800: 458.538: [GC (Allocation Failure)  157898K->55610K(249344K), 0.0040823 secs]
Heap after GC invocations=1038 (full 0):
 par new generation   total 115200K, used 1699K [0x00000000f0000000, 0x00000000f7d00000, 0x00000000f7d00000)
  eden space 102400K,   0% used [0x00000000f0000000, 0x00000000f0000000, 0x00000000f6400000)
  from space 12800K,  13% used [0x00000000f6400000, 0x00000000f65a8e50, 0x00000000f7080000)
  to   space 12800K,   0% used [0x00000000f7080000, 0x00000000f7080000, 0x00000000f7d00000)
 concurrent mark-sweep generation total 134144K, used 53911K [0x00000000f7d00000, 0x0000000100000000, 0x0000000100000000)
 Metaspace       used 65125K, capacity 69770K, committed 69888K, reserved 1110016K
  class space    used 8392K, capacity 9186K, committed 9216K, reserved 1048576K
}
{Heap before GC invocations=1038 (full 0):
 par new generation   total 115200K, used 104099K [0x00000000f0000000, 0x00000000f7d00000, 0x00000000f7d00000)
  eden space 102400K, 100% used [0x00000000f0000000, 0x00000000f6400000, 0x00000000f6400000)
  from space 12800K,  13% used [0x00000000f6400000, 0x00000000f65a8e50, 0x00000000f7080000)
  to   space 12800K,   0% used [0x00000000f7080000, 0x00000000f7080000, 0x00000000f7d00000)
 concurrent mark-sweep generation total 134144K, used 53911K [0x00000000f7d00000, 0x0000000100000000, 0x0000000100000000)
 Metaspace       used 65125K, capacity 69770K, committed 69888K, reserved 1110016K
  class space    used 8392K, capacity 9186K, committed 9216K, reserved 1048576K
2022-09-12T02:08:04.110+0800: 458.888: [GC (Allocation Failure)  158010K->55114K(249344K), 0.0040291 secs]
Heap after GC invocations=1039 (full 0):
 par new generation   total 115200K, used 1191K [0x00000000f0000000, 0x00000000f7d00000, 0x00000000f7d00000)
  eden space 102400K,   0% used [0x00000000f0000000, 0x00000000f0000000, 0x00000000f6400000)
  from space 12800K,   9% used [0x00000000f7080000, 0x00000000f71a9e80, 0x00000000f7d00000)
  to   space 12800K,   0% used [0x00000000f6400000, 0x00000000f6400000, 0x00000000f7080000)
 concurrent mark-sweep generation total 134144K, used 53922K [0x00000000f7d00000, 0x0000000100000000, 0x0000000100000000)
 Metaspace       used 65125K, capacity 69770K, committed 69888K, reserved 1110016K
  class space    used 8392K, capacity 9186K, committed 9216K, reserved 1048576K
}
{Heap before GC invocations=1039 (full 0):
 par new generation   total 115200K, used 103591K [0x00000000f0000000, 0x00000000f7d00000, 0x00000000f7d00000)
  eden space 102400K, 100% used [0x00000000f0000000, 0x00000000f6400000, 0x00000000f6400000)
  from space 12800K,   9% used [0x00000000f7080000, 0x00000000f71a9e80, 0x00000000f7d00000)
  to   space 12800K,   0% used [0x00000000f6400000, 0x00000000f6400000, 0x00000000f7080000)
 concurrent mark-sweep generation total 134144K, used 53922K [0x00000000f7d00000, 0x0000000100000000, 0x0000000100000000)
 Metaspace       used 65125K, capacity 69770K, committed 69888K, reserved 1110016K
  class space    used 8392K, capacity 9186K, committed 9216K, reserved 1048576K
2022-09-12T02:08:04.459+0800: 459.236: [GC (Allocation Failure)  157514K->55473K(249344K), 0.0040045 secs]
Heap after GC invocations=1040 (full 0):
 par new generation   total 115200K, used 1534K [0x00000000f0000000, 0x00000000f7d00000, 0x00000000f7d00000)
  eden space 102400K,   0% used [0x00000000f0000000, 0x00000000f0000000, 0x00000000f6400000)
  from space 12800K,  11% used [0x00000000f6400000, 0x00000000f657fa58, 0x00000000f7080000)
  to   space 12800K,   0% used [0x00000000f7080000, 0x00000000f7080000, 0x00000000f7d00000)
 concurrent mark-sweep generation total 134144K, used 53939K [0x00000000f7d00000, 0x0000000100000000, 0x0000000100000000)
 Metaspace       used 65125K, capacity 69770K, committed 69888K, reserved 1110016K
  class space    used 8392K, capacity 9186K, committed 9216K, reserved 1048576K
}
{Heap before GC invocations=1040 (full 0):
 par new generation   total 115200K, used 103934K [0x00000000f0000000, 0x00000000f7d00000, 0x00000000f7d00000)
  eden space 102400K, 100% used [0x00000000f0000000, 0x00000000f6400000, 0x00000000f6400000)
  from space 12800K,  11% used [0x00000000f6400000, 0x00000000f657fa58, 0x00000000f7080000)
  to   space 12800K,   0% used [0x00000000f7080000, 0x00000000f7080000, 0x00000000f7d00000)
 concurrent mark-sweep generation total 134144K, used 53939K [0x00000000f7d00000, 0x0000000100000000, 0x0000000100000000)
 Metaspace       used 65125K, capacity 69770K, committed 69888K, reserved 1110016K
  class space    used 8392K, capacity 9186K, committed 9216K, reserved 1048576K
2022-09-12T02:08:04.810+0800: 459.587: [GC (Allocation Failure)  157873K->55596K(249344K), 0.0040046 secs]
Heap after GC invocations=1041 (full 0):
 par new generation   total 115200K, used 1639K [0x00000000f0000000, 0x00000000f7d00000, 0x00000000f7d00000)
  eden space 102400K,   0% used [0x00000000f0000000, 0x00000000f0000000, 0x00000000f6400000)
  from space 12800K,  12% used [0x00000000f7080000, 0x00000000f7219e20, 0x00000000f7d00000)
  to   space 12800K,   0% used [0x00000000f6400000, 0x00000000f6400000, 0x00000000f7080000)
 concurrent mark-sweep generation total 134144K, used 53957K [0x00000000f7d00000, 0x0000000100000000, 0x0000000100000000)
 Metaspace       used 65125K, capacity 69770K, committed 69888K, reserved 1110016K
  class space    used 8392K, capacity 9186K, committed 9216K, reserved 1048576K
}
{Heap before GC invocations=1041 (full 0):
 par new generation   total 115200K, used 104039K [0x00000000f0000000, 0x00000000f7d00000, 0x00000000f7d00000)
  eden space 102400K, 100% used [0x00000000f0000000, 0x00000000f6400000, 0x00000000f6400000)
  from space 12800K,  12% used [0x00000000f7080000, 0x00000000f7219e20, 0x00000000f7d00000)
  to   space 12800K,   0% used [0x00000000f6400000, 0x00000000f6400000, 0x00000000f7080000)
 concurrent mark-sweep generation total 134144K, used 53957K [0x00000000f7d00000, 0x0000000100000000, 0x0000000100000000)
 Metaspace       used 65125K, capacity 69770K, committed 69888K, reserved 1110016K
  class space    used 8392K, capacity 9186K, committed 9216K, reserved 1048576K
2022-09-12T02:08:05.160+0800: 459.937: [GC (Allocation Failure)  157996K->55151K(249344K), 0.0040331 secs]
Heap after GC invocations=1042 (full 0):
 par new generation   total 115200K, used 1177K [0x00000000f0000000, 0x00000000f7d00000, 0x00000000f7d00000)
  eden space 102400K,   0% used [0x00000000f0000000, 0x00000000f0000000, 0x00000000f6400000)
  from space 12800K,   9% used [0x00000000f6400000, 0x00000000f6526580, 0x00000000f7080000)
  to   space 12800K,   0% used [0x00000000f7080000, 0x00000000f7080000, 0x00000000f7d00000)
 concurrent mark-sweep generation total 134144K, used 53973K [0x00000000f7d00000, 0x0000000100000000, 0x0000000100000000)
 Metaspace       used 65125K, capacity 69770K, committed 69888K, reserved 1110016K
  class space    used 8392K, capacity 9186K, committed 9216K, reserved 1048576K
}
{Heap before GC invocations=1042 (full 0):
 par new generation   total 115200K, used 103577K [0x00000000f0000000, 0x00000000f7d00000, 0x00000000f7d00000)
  eden space 102400K, 100% used [0x00000000f0000000, 0x00000000f6400000, 0x00000000f6400000)
  from space 12800K,   9% used [0x00000000f6400000, 0x00000000f6526580, 0x00000000f7080000)
  to   space 12800K,   0% used [0x00000000f7080000, 0x00000000f7080000, 0x00000000f7d00000)
 concurrent mark-sweep generation total 134144K, used 53973K [0x00000000f7d00000, 0x0000000100000000, 0x0000000100000000)
 Metaspace       used 65125K, capacity 69770K, committed 69888K, reserved 1110016K
  class space    used 8392K, capacity 9186K, committed 9216K, reserved 1048576K
2022-09-12T02:08:05.509+0800: 460.286: [GC (Allocation Failure)  157551K->55518K(249344K), 0.0040011 secs]
Heap after GC invocations=1043 (full 0):
 par new generation   total 115200K, used 1529K [0x00000000f0000000, 0x00000000f7d00000, 0x00000000f7d00000)
  eden space 102400K,   0% used [0x00000000f0000000, 0x00000000f0000000, 0x00000000f6400000)
  from space 12800K,  11% used [0x00000000f7080000, 0x00000000f71fe478, 0x00000000f7d00000)
  to   space 12800K,   0% used [0x00000000f6400000, 0x00000000f6400000, 0x00000000f7080000)
 concurrent mark-sweep generation total 134144K, used 53988K [0x00000000f7d00000, 0x0000000100000000, 0x0000000100000000)
 Metaspace       used 65125K, capacity 69770K, committed 69888K, reserved 1110016K
  class space    used 8392K, capacity 9186K, committed 9216K, reserved 1048576K
}
{Heap before GC invocations=1043 (full 0):
 par new generation   total 115200K, used 103929K [0x00000000f0000000, 0x00000000f7d00000, 0x00000000f7d00000)
  eden space 102400K, 100% used [0x00000000f0000000, 0x00000000f6400000, 0x00000000f6400000)
  from space 12800K,  11% used [0x00000000f7080000, 0x00000000f71fe478, 0x00000000f7d00000)
  to   space 12800K,   0% used [0x00000000f6400000, 0x00000000f6400000, 0x00000000f7080000)
 concurrent mark-sweep generation total 134144K, used 53988K [0x00000000f7d00000, 0x0000000100000000, 0x0000000100000000)
 Metaspace       used 65125K, capacity 69770K, committed 69888K, reserved 1110016K
  class space    used 8392K, capacity 9186K, committed 9216K, reserved 1048576K
2022-09-12T02:08:05.858+0800: 460.635: [GC (Allocation Failure)  157918K->55630K(249344K), 0.0042028 secs]
Heap after GC invocations=1044 (full 0):
 par new generation   total 115200K, used 1627K [0x00000000f0000000, 0x00000000f7d00000, 0x00000000f7d00000)
  eden space 102400K,   0% used [0x00000000f0000000, 0x00000000f0000000, 0x00000000f6400000)
  from space 12800K,  12% used [0x00000000f6400000, 0x00000000f6596cb0, 0x00000000f7080000)
  to   space 12800K,   0% used [0x00000000f7080000, 0x00000000f7080000, 0x00000000f7d00000)
 concurrent mark-sweep generation total 134144K, used 54003K [0x00000000f7d00000, 0x0000000100000000, 0x0000000100000000)
 Metaspace       used 65125K, capacity 69770K, committed 69888K, reserved 1110016K
  class space    used 8392K, capacity 9186K, committed 9216K, reserved 1048576K
}
{Heap before GC invocations=1044 (full 0):
 par new generation   total 115200K, used 104027K [0x00000000f0000000, 0x00000000f7d00000, 0x00000000f7d00000)
  eden space 102400K, 100% used [0x00000000f0000000, 0x00000000f6400000, 0x00000000f6400000)
  from space 12800K,  12% used [0x00000000f6400000, 0x00000000f6596cb0, 0x00000000f7080000)
  to   space 12800K,   0% used [0x00000000f7080000, 0x00000000f7080000, 0x00000000f7d00000)
 concurrent mark-sweep generation total 134144K, used 54003K [0x00000000f7d00000, 0x0000000100000000, 0x0000000100000000)
 Metaspace       used 65125K, capacity 69770K, committed 69888K, reserved 1110016K
  class space    used 8392K, capacity 9186K, committed 9216K, reserved 1048576K
2022-09-12T02:08:06.207+0800: 460.984: [GC (Allocation Failure)  158030K->55721K(249344K), 0.0041095 secs]
Heap after GC invocations=1045 (full 0):
 par new generation   total 115200K, used 1703K [0x00000000f0000000, 0x00000000f7d00000, 0x00000000f7d00000)
  eden space 102400K,   0% used [0x00000000f0000000, 0x00000000f0000000, 0x00000000f6400000)
  from space 12800K,  13% used [0x00000000f7080000, 0x00000000f7229eb8, 0x00000000f7d00000)
  to   space 12800K,   0% used [0x00000000f6400000, 0x00000000f6400000, 0x00000000f7080000)
 concurrent mark-sweep generation total 134144K, used 54018K [0x00000000f7d00000, 0x0000000100000000, 0x0000000100000000)
 Metaspace       used 65125K, capacity 69770K, committed 69888K, reserved 1110016K
  class space    used 8392K, capacity 9186K, committed 9216K, reserved 1048576K
}
{Heap before GC invocations=1045 (full 0):
 par new generation   total 115200K, used 104103K [0x00000000f0000000, 0x00000000f7d00000, 0x00000000f7d00000)
  eden space 102400K, 100% used [0x00000000f0000000, 0x00000000f6400000, 0x00000000f6400000)
  from space 12800K,  13% used [0x00000000f7080000, 0x00000000f7229eb8, 0x00000000f7d00000)
  to   space 12800K,   0% used [0x00000000f6400000, 0x00000000f6400000, 0x00000000f7080000)
 concurrent mark-sweep generation total 134144K, used 54018K [0x00000000f7d00000, 0x0000000100000000, 0x0000000100000000)
 Metaspace       used 65125K, capacity 69770K, committed 69888K, reserved 1110016K
  class space    used 8392K, capacity 9186K, committed 9216K, reserved 1048576K
2022-09-12T02:08:06.555+0800: 461.332: [GC (Allocation Failure)  158121K->55402K(249344K), 0.0039654 secs]
Heap after GC invocations=1046 (full 0):
 par new generation   total 115200K, used 1365K [0x00000000f0000000, 0x00000000f7d00000, 0x00000000f7d00000)
  eden space 102400K,   0% used [0x00000000f0000000, 0x00000000f0000000, 0x00000000f6400000)
  from space 12800K,  10% used [0x00000000f6400000, 0x00000000f6555670, 0x00000000f7080000)
  to   space 12800K,   0% used [0x00000000f7080000, 0x00000000f7080000, 0x00000000f7d00000)
 concurrent mark-sweep generation total 134144K, used 54037K [0x00000000f7d00000, 0x0000000100000000, 0x0000000100000000)
 Metaspace       used 65125K, capacity 69770K, committed 69888K, reserved 1110016K
  class space    used 8392K, capacity 9186K, committed 9216K, reserved 1048576K
}
{Heap before GC invocations=1046 (full 0):
 par new generation   total 115200K, used 103765K [0x00000000f0000000, 0x00000000f7d00000, 0x00000000f7d00000)
  eden space 102400K, 100% used [0x00000000f0000000, 0x00000000f6400000, 0x00000000f6400000)
  from space 12800K,  10% used [0x00000000f6400000, 0x00000000f6555670, 0x00000000f7080000)
  to   space 12800K,   0% used [0x00000000f7080000, 0x00000000f7080000, 0x00000000f7d00000)
 concurrent mark-sweep generation total 134144K, used 54037K [0x00000000f7d00000, 0x0000000100000000, 0x0000000100000000)
 Metaspace       used 65125K, capacity 69770K, committed 69888K, reserved 1110016K
  class space    used 8392K, capacity 9186K, committed 9216K, reserved 1048576K
2022-09-12T02:08:06.903+0800: 461.681: [GC (Allocation Failure)  157802K->55584K(249344K), 0.0040642 secs]
Heap after GC invocations=1047 (full 0):
 par new generation   total 115200K, used 1532K [0x00000000f0000000, 0x00000000f7d00000, 0x00000000f7d00000)
  eden space 102400K,   0% used [0x00000000f0000000, 0x00000000f0000000, 0x00000000f6400000)
  from space 12800K,  11% used [0x00000000f7080000, 0x00000000f71ff2e8, 0x00000000f7d00000)
  to   space 12800K,   0% used [0x00000000f6400000, 0x00000000f6400000, 0x00000000f7080000)
 concurrent mark-sweep generation total 134144K, used 54051K [0x00000000f7d00000, 0x0000000100000000, 0x0000000100000000)
 Metaspace       used 65125K, capacity 69770K, committed 69888K, reserved 1110016K
  class space    used 8392K, capacity 9186K, committed 9216K, reserved 1048576K
}
{Heap before GC invocations=1047 (full 0):
 par new generation   total 115200K, used 103932K [0x00000000f0000000, 0x00000000f7d00000, 0x00000000f7d00000)
  eden space 102400K, 100% used [0x00000000f0000000, 0x00000000f6400000, 0x00000000f6400000)
  from space 12800K,  11% used [0x00000000f7080000, 0x00000000f71ff2e8, 0x00000000f7d00000)
  to   space 12800K,   0% used [0x00000000f6400000, 0x00000000f6400000, 0x00000000f7080000)
 concurrent mark-sweep generation total 134144K, used 54051K [0x00000000f7d00000, 0x0000000100000000, 0x0000000100000000)
 Metaspace       used 65125K, capacity 69770K, committed 69888K, reserved 1110016K
  class space    used 8392K, capacity 9186K, committed 9216K, reserved 1048576K
2022-09-12T02:08:07.251+0800: 462.029: [GC (Allocation Failure)  157984K->55724K(249344K), 0.0040845 secs]
Heap after GC invocations=1048 (full 0):
 par new generation   total 115200K, used 1654K [0x00000000f0000000, 0x00000000f7d00000, 0x00000000f7d00000)
  eden space 102400K,   0% used [0x00000000f0000000, 0x00000000f0000000, 0x00000000f6400000)
  from space 12800K,  12% used [0x00000000f6400000, 0x00000000f659d930, 0x00000000f7080000)
  to   space 12800K,   0% used [0x00000000f7080000, 0x00000000f7080000, 0x00000000f7d00000)
 concurrent mark-sweep generation total 134144K, used 54070K [0x00000000f7d00000, 0x0000000100000000, 0x0000000100000000)
 Metaspace       used 65125K, capacity 69770K, committed 69888K, reserved 1110016K
  class space    used 8392K, capacity 9186K, committed 9216K, reserved 1048576K
}
{Heap before GC invocations=1048 (full 0):
 par new generation   total 115200K, used 104054K [0x00000000f0000000, 0x00000000f7d00000, 0x00000000f7d00000)
  eden space 102400K, 100% used [0x00000000f0000000, 0x00000000f6400000, 0x00000000f6400000)
  from space 12800K,  12% used [0x00000000f6400000, 0x00000000f659d930, 0x00000000f7080000)
  to   space 12800K,   0% used [0x00000000f7080000, 0x00000000f7080000, 0x00000000f7d00000)
 concurrent mark-sweep generation total 134144K, used 54070K [0x00000000f7d00000, 0x0000000100000000, 0x0000000100000000)
 Metaspace       used 65125K, capacity 69770K, committed 69888K, reserved 1110016K
  class space    used 8392K, capacity 9186K, committed 9216K, reserved 1048576K
2022-09-12T02:08:07.599+0800: 462.376: [GC (Allocation Failure)  158124K->55426K(249344K), 0.0041115 secs]
Heap after GC invocations=1049 (full 0):
 par new generation   total 115200K, used 1339K [0x00000000f0000000, 0x00000000f7d00000, 0x00000000f7d00000)
  eden space 102400K,   0% used [0x00000000f0000000, 0x00000000f0000000, 0x00000000f6400000)
  from space 12800K,  10% used [0x00000000f7080000, 0x00000000f71cee60, 0x00000000f7d00000)
  to   space 12800K,   0% used [0x00000000f6400000, 0x00000000f6400000, 0x00000000f7080000)
 concurrent mark-sweep generation total 134144K, used 54087K [0x00000000f7d00000, 0x0000000100000000, 0x0000000100000000)
 Metaspace       used 65125K, capacity 69770K, committed 69888K, reserved 1110016K
  class space    used 8392K, capacity 9186K, committed 9216K, reserved 1048576K
}
{Heap before GC invocations=1049 (full 0):
 par new generation   total 115200K, used 103739K [0x00000000f0000000, 0x00000000f7d00000, 0x00000000f7d00000)
  eden space 102400K, 100% used [0x00000000f0000000, 0x00000000f6400000, 0x00000000f6400000)
  from space 12800K,  10% used [0x00000000f7080000, 0x00000000f71cee60, 0x00000000f7d00000)
  to   space 12800K,   0% used [0x00000000f6400000, 0x00000000f6400000, 0x00000000f7080000)
 concurrent mark-sweep generation total 134144K, used 54087K [0x00000000f7d00000, 0x0000000100000000, 0x0000000100000000)
 Metaspace       used 65125K, capacity 69770K, committed 69888K, reserved 1110016K
  class space    used 8392K, capacity 9186K, committed 9216K, reserved 1048576K
2022-09-12T02:08:07.949+0800: 462.727: [GC (Allocation Failure)  157826K->55648K(249344K), 0.0040573 secs]
Heap after GC invocations=1050 (full 0):
 par new generation   total 115200K, used 1547K [0x00000000f0000000, 0x00000000f7d00000, 0x00000000f7d00000)
  eden space 102400K,   0% used [0x00000000f0000000, 0x00000000f0000000, 0x00000000f6400000)
  from space 12800K,  12% used [0x00000000f6400000, 0x00000000f6582d50, 0x00000000f7080000)
  to   space 12800K,   0% used [0x00000000f7080000, 0x00000000f7080000, 0x00000000f7d00000)
 concurrent mark-sweep generation total 134144K, used 54101K [0x00000000f7d00000, 0x0000000100000000, 0x0000000100000000)
 Metaspace       used 65125K, capacity 69770K, committed 69888K, reserved 1110016K
  class space    used 8392K, capacity 9186K, committed 9216K, reserved 1048576K
}
{Heap before GC invocations=1050 (full 0):
 par new generation   total 115200K, used 103947K [0x00000000f0000000, 0x00000000f7d00000, 0x00000000f7d00000)
  eden space 102400K, 100% used [0x00000000f0000000, 0x00000000f6400000, 0x00000000f6400000)
  from space 12800K,  12% used [0x00000000f6400000, 0x00000000f6582d50, 0x00000000f7080000)
  to   space 12800K,   0% used [0x00000000f7080000, 0x00000000f7080000, 0x00000000f7d00000)
 concurrent mark-sweep generation total 134144K, used 54101K [0x00000000f7d00000, 0x0000000100000000, 0x0000000100000000)
 Metaspace       used 65125K, capacity 69770K, committed 69888K, reserved 1110016K
  class space    used 8392K, capacity 9186K, committed 9216K, reserved 1048576K
2022-09-12T02:08:08.301+0800: 463.078: [GC (Allocation Failure)  158048K->55777K(249344K), 0.0038888 secs]
Heap after GC invocations=1051 (full 0):
 par new generation   total 115200K, used 1660K [0x00000000f0000000, 0x00000000f7d00000, 0x00000000f7d00000)
  eden space 102400K,   0% used [0x00000000f0000000, 0x00000000f0000000, 0x00000000f6400000)
  from space 12800K,  12% used [0x00000000f7080000, 0x00000000f721f028, 0x00000000f7d00000)
  to   space 12800K,   0% used [0x00000000f6400000, 0x00000000f6400000, 0x00000000f7080000)
 concurrent mark-sweep generation total 134144K, used 54117K [0x00000000f7d00000, 0x0000000100000000, 0x0000000100000000)
 Metaspace       used 65125K, capacity 69770K, committed 69888K, reserved 1110016K
  class space    used 8392K, capacity 9186K, committed 9216K, reserved 1048576K
}
{Heap before GC invocations=1051 (full 0):
 par new generation   total 115200K, used 104060K [0x00000000f0000000, 0x00000000f7d00000, 0x00000000f7d00000)
  eden space 102400K, 100% used [0x00000000f0000000, 0x00000000f6400000, 0x00000000f6400000)
  from space 12800K,  12% used [0x00000000f7080000, 0x00000000f721f028, 0x00000000f7d00000)
  to   space 12800K,   0% used [0x00000000f6400000, 0x00000000f6400000, 0x00000000f7080000)
 concurrent mark-sweep generation total 134144K, used 54117K [0x00000000f7d00000, 0x0000000100000000, 0x0000000100000000)
 Metaspace       used 65125K, capacity 69770K, committed 69888K, reserved 1110016K
  class space    used 8392K, capacity 9186K, committed 9216K, reserved 1048576K
2022-09-12T02:08:08.649+0800: 463.427: [GC (Allocation Failure)  158177K->55315K(249344K), 0.0041396 secs]
Heap after GC invocations=1052 (full 0):
 par new generation   total 115200K, used 1182K [0x00000000f0000000, 0x00000000f7d00000, 0x00000000f7d00000)
  eden space 102400K,   0% used [0x00000000f0000000, 0x00000000f0000000, 0x00000000f6400000)
  from space 12800K,   9% used [0x00000000f6400000, 0x00000000f65278c0, 0x00000000f7080000)
  to   space 12800K,   0% used [0x00000000f7080000, 0x00000000f7080000, 0x00000000f7d00000)
 concurrent mark-sweep generation total 134144K, used 54133K [0x00000000f7d00000, 0x0000000100000000, 0x0000000100000000)
 Metaspace       used 65125K, capacity 69770K, committed 69888K, reserved 1110016K
  class space    used 8392K, capacity 9186K, committed 9216K, reserved 1048576K
}
{Heap before GC invocations=1052 (full 0):
 par new generation   total 115200K, used 103582K [0x00000000f0000000, 0x00000000f7d00000, 0x00000000f7d00000)
  eden space 102400K, 100% used [0x00000000f0000000, 0x00000000f6400000, 0x00000000f6400000)
  from space 12800K,   9% used [0x00000000f6400000, 0x00000000f65278c0, 0x00000000f7080000)
  to   space 12800K,   0% used [0x00000000f7080000, 0x00000000f7080000, 0x00000000f7d00000)
 concurrent mark-sweep generation total 134144K, used 54133K [0x00000000f7d00000, 0x0000000100000000, 0x0000000100000000)
 Metaspace       used 65125K, capacity 69770K, committed 69888K, reserved 1110016K
  class space    used 8392K, capacity 9186K, committed 9216K, reserved 1048576K
2022-09-12T02:08:09.007+0800: 463.784: [GC (Allocation Failure)  157715K->55445K(249344K), 0.0054340 secs]
Heap after GC invocations=1053 (full 0):
 par new generation   total 115200K, used 1298K [0x00000000f0000000, 0x00000000f7d00000, 0x00000000f7d00000)
  eden space 102400K,   0% used [0x00000000f0000000, 0x00000000f0000000, 0x00000000f6400000)
  from space 12800K,  10% used [0x00000000f7080000, 0x00000000f71c4a50, 0x00000000f7d00000)
  to   space 12800K,   0% used [0x00000000f6400000, 0x00000000f6400000, 0x00000000f7080000)
 concurrent mark-sweep generation total 134144K, used 54147K [0x00000000f7d00000, 0x0000000100000000, 0x0000000100000000)
 Metaspace       used 65125K, capacity 69770K, committed 69888K, reserved 1110016K
  class space    used 8392K, capacity 9186K, committed 9216K, reserved 1048576K
}
{Heap before GC invocations=1053 (full 0):
 par new generation   total 115200K, used 103698K [0x00000000f0000000, 0x00000000f7d00000, 0x00000000f7d00000)
  eden space 102400K, 100% used [0x00000000f0000000, 0x00000000f6400000, 0x00000000f6400000)
  from space 12800K,  10% used [0x00000000f7080000, 0x00000000f71c4a50, 0x00000000f7d00000)
  to   space 12800K,   0% used [0x00000000f6400000, 0x00000000f6400000, 0x00000000f7080000)
 concurrent mark-sweep generation total 134144K, used 54147K [0x00000000f7d00000, 0x0000000100000000, 0x0000000100000000)
 Metaspace       used 65125K, capacity 69770K, committed 69888K, reserved 1110016K
  class space    used 8392K, capacity 9186K, committed 9216K, reserved 1048576K
2022-09-12T02:08:09.362+0800: 464.140: [GC (Allocation Failure)  157845K->55789K(249344K), 0.0040250 secs]
Heap after GC invocations=1054 (full 0):
 par new generation   total 115200K, used 1623K [0x00000000f0000000, 0x00000000f7d00000, 0x00000000f7d00000)
  eden space 102400K,   0% used [0x00000000f0000000, 0x00000000f0000000, 0x00000000f6400000)
  from space 12800K,  12% used [0x00000000f6400000, 0x00000000f6595f20, 0x00000000f7080000)
  to   space 12800K,   0% used [0x00000000f7080000, 0x00000000f7080000, 0x00000000f7d00000)
 concurrent mark-sweep generation total 134144K, used 54166K [0x00000000f7d00000, 0x0000000100000000, 0x0000000100000000)
 Metaspace       used 65125K, capacity 69770K, committed 69888K, reserved 1110016K
  class space    used 8392K, capacity 9186K, committed 9216K, reserved 1048576K
}
{Heap before GC invocations=1054 (full 0):
 par new generation   total 115200K, used 104023K [0x00000000f0000000, 0x00000000f7d00000, 0x00000000f7d00000)
  eden space 102400K, 100% used [0x00000000f0000000, 0x00000000f6400000, 0x00000000f6400000)
  from space 12800K,  12% used [0x00000000f6400000, 0x00000000f6595f20, 0x00000000f7080000)
  to   space 12800K,   0% used [0x00000000f7080000, 0x00000000f7080000, 0x00000000f7d00000)
 concurrent mark-sweep generation total 134144K, used 54166K [0x00000000f7d00000, 0x0000000100000000, 0x0000000100000000)
 Metaspace       used 65125K, capacity 69770K, committed 69888K, reserved 1110016K
  class space    used 8392K, capacity 9186K, committed 9216K, reserved 1048576K
2022-09-12T02:08:09.710+0800: 464.488: [GC (Allocation Failure)  158189K->55370K(249344K), 0.0040193 secs]
Heap after GC invocations=1055 (full 0):
 par new generation   total 115200K, used 1192K [0x00000000f0000000, 0x00000000f7d00000, 0x00000000f7d00000)
  eden space 102400K,   0% used [0x00000000f0000000, 0x00000000f0000000, 0x00000000f6400000)
  from space 12800K,   9% used [0x00000000f7080000, 0x00000000f71aa100, 0x00000000f7d00000)
  to   space 12800K,   0% used [0x00000000f6400000, 0x00000000f6400000, 0x00000000f7080000)
 concurrent mark-sweep generation total 134144K, used 54177K [0x00000000f7d00000, 0x0000000100000000, 0x0000000100000000)
 Metaspace       used 65125K, capacity 69770K, committed 69888K, reserved 1110016K
  class space    used 8392K, capacity 9186K, committed 9216K, reserved 1048576K
}
{Heap before GC invocations=1055 (full 0):
 par new generation   total 115200K, used 103592K [0x00000000f0000000, 0x00000000f7d00000, 0x00000000f7d00000)
  eden space 102400K, 100% used [0x00000000f0000000, 0x00000000f6400000, 0x00000000f6400000)
  from space 12800K,   9% used [0x00000000f7080000, 0x00000000f71aa100, 0x00000000f7d00000)
  to   space 12800K,   0% used [0x00000000f6400000, 0x00000000f6400000, 0x00000000f7080000)
 concurrent mark-sweep generation total 134144K, used 54177K [0x00000000f7d00000, 0x0000000100000000, 0x0000000100000000)
 Metaspace       used 65125K, capacity 69770K, committed 69888K, reserved 1110016K
  class space    used 8392K, capacity 9186K, committed 9216K, reserved 1048576K
2022-09-12T02:08:10.058+0800: 464.836: [GC (Allocation Failure)  157770K->55719K(249344K), 0.0041608 secs]
Heap after GC invocations=1056 (full 0):
 par new generation   total 115200K, used 1521K [0x00000000f0000000, 0x00000000f7d00000, 0x00000000f7d00000)
  eden space 102400K,   0% used [0x00000000f0000000, 0x00000000f0000000, 0x00000000f6400000)
  from space 12800K,  11% used [0x00000000f6400000, 0x00000000f657c488, 0x00000000f7080000)
  to   space 12800K,   0% used [0x00000000f7080000, 0x00000000f7080000, 0x00000000f7d00000)
 concurrent mark-sweep generation total 134144K, used 54198K [0x00000000f7d00000, 0x0000000100000000, 0x0000000100000000)
 Metaspace       used 65125K, capacity 69770K, committed 69888K, reserved 1110016K
  class space    used 8392K, capacity 9186K, committed 9216K, reserved 1048576K
}
{Heap before GC invocations=1056 (full 0):
 par new generation   total 115200K, used 103921K [0x00000000f0000000, 0x00000000f7d00000, 0x00000000f7d00000)
  eden space 102400K, 100% used [0x00000000f0000000, 0x00000000f6400000, 0x00000000f6400000)
  from space 12800K,  11% used [0x00000000f6400000, 0x00000000f657c488, 0x00000000f7080000)
  to   space 12800K,   0% used [0x00000000f7080000, 0x00000000f7080000, 0x00000000f7d00000)
 concurrent mark-sweep generation total 134144K, used 54198K [0x00000000f7d00000, 0x0000000100000000, 0x0000000100000000)
 Metaspace       used 65125K, capacity 69770K, committed 69888K, reserved 1110016K
  class space    used 8392K, capacity 9186K, committed 9216K, reserved 1048576K
2022-09-12T02:08:10.406+0800: 465.183: [GC (Allocation Failure)  158119K->55839K(249344K), 0.0040804 secs]
Heap after GC invocations=1057 (full 0):
 par new generation   total 115200K, used 1624K [0x00000000f0000000, 0x00000000f7d00000, 0x00000000f7d00000)
  eden space 102400K,   0% used [0x00000000f0000000, 0x00000000f0000000, 0x00000000f6400000)
  from space 12800K,  12% used [0x00000000f7080000, 0x00000000f72162a0, 0x00000000f7d00000)
  to   space 12800K,   0% used [0x00000000f6400000, 0x00000000f6400000, 0x00000000f7080000)
 concurrent mark-sweep generation total 134144K, used 54214K [0x00000000f7d00000, 0x0000000100000000, 0x0000000100000000)
 Metaspace       used 65125K, capacity 69770K, committed 69888K, reserved 1110016K
  class space    used 8392K, capacity 9186K, committed 9216K, reserved 1048576K
}
{Heap before GC invocations=1057 (full 0):
 par new generation   total 115200K, used 104024K [0x00000000f0000000, 0x00000000f7d00000, 0x00000000f7d00000)
  eden space 102400K, 100% used [0x00000000f0000000, 0x00000000f6400000, 0x00000000f6400000)
  from space 12800K,  12% used [0x00000000f7080000, 0x00000000f72162a0, 0x00000000f7d00000)
  to   space 12800K,   0% used [0x00000000f6400000, 0x00000000f6400000, 0x00000000f7080000)
 concurrent mark-sweep generation total 134144K, used 54214K [0x00000000f7d00000, 0x0000000100000000, 0x0000000100000000)
 Metaspace       used 65125K, capacity 69770K, committed 69888K, reserved 1110016K
  class space    used 8392K, capacity 9186K, committed 9216K, reserved 1048576K
2022-09-12T02:08:10.754+0800: 465.531: [GC (Allocation Failure)  158239K->55924K(249344K), 0.0039841 secs]
Heap after GC invocations=1058 (full 0):
 par new generation   total 115200K, used 1693K [0x00000000f0000000, 0x00000000f7d00000, 0x00000000f7d00000)
  eden space 102400K,   0% used [0x00000000f0000000, 0x00000000f0000000, 0x00000000f6400000)
  from space 12800K,  13% used [0x00000000f6400000, 0x00000000f65a7560, 0x00000000f7080000)
  to   space 12800K,   0% used [0x00000000f7080000, 0x00000000f7080000, 0x00000000f7d00000)
 concurrent mark-sweep generation total 134144K, used 54231K [0x00000000f7d00000, 0x0000000100000000, 0x0000000100000000)
 Metaspace       used 65125K, capacity 69770K, committed 69888K, reserved 1110016K
  class space    used 8392K, capacity 9186K, committed 9216K, reserved 1048576K
}
{Heap before GC invocations=1058 (full 0):
 par new generation   total 115200K, used 104093K [0x00000000f0000000, 0x00000000f7d00000, 0x00000000f7d00000)
  eden space 102400K, 100% used [0x00000000f0000000, 0x00000000f6400000, 0x00000000f6400000)
  from space 12800K,  13% used [0x00000000f6400000, 0x00000000f65a7560, 0x00000000f7080000)
  to   space 12800K,   0% used [0x00000000f7080000, 0x00000000f7080000, 0x00000000f7d00000)
 concurrent mark-sweep generation total 134144K, used 54231K [0x00000000f7d00000, 0x0000000100000000, 0x0000000100000000)
 Metaspace       used 65125K, capacity 69770K, committed 69888K, reserved 1110016K
  class space    used 8392K, capacity 9186K, committed 9216K, reserved 1048576K
2022-09-12T02:08:11.102+0800: 465.879: [GC (Allocation Failure)  158324K->55546K(249344K), 0.0041161 secs]
Heap after GC invocations=1059 (full 0):
 par new generation   total 115200K, used 1303K [0x00000000f0000000, 0x00000000f7d00000, 0x00000000f7d00000)
  eden space 102400K,   0% used [0x00000000f0000000, 0x00000000f0000000, 0x00000000f6400000)
  from space 12800K,  10% used [0x00000000f7080000, 0x00000000f71c5c68, 0x00000000f7d00000)
  to   space 12800K,   0% used [0x00000000f6400000, 0x00000000f6400000, 0x00000000f7080000)
 concurrent mark-sweep generation total 134144K, used 54242K [0x00000000f7d00000, 0x0000000100000000, 0x0000000100000000)
 Metaspace       used 65125K, capacity 69770K, committed 69888K, reserved 1110016K
  class space    used 8392K, capacity 9186K, committed 9216K, reserved 1048576K
}
{Heap before GC invocations=1059 (full 0):
 par new generation   total 115200K, used 103703K [0x00000000f0000000, 0x00000000f7d00000, 0x00000000f7d00000)
  eden space 102400K, 100% used [0x00000000f0000000, 0x00000000f6400000, 0x00000000f6400000)
  from space 12800K,  10% used [0x00000000f7080000, 0x00000000f71c5c68, 0x00000000f7d00000)
  to   space 12800K,   0% used [0x00000000f6400000, 0x00000000f6400000, 0x00000000f7080000)
 concurrent mark-sweep generation total 134144K, used 54242K [0x00000000f7d00000, 0x0000000100000000, 0x0000000100000000)
 Metaspace       used 65125K, capacity 69770K, committed 69888K, reserved 1110016K
  class space    used 8392K, capacity 9186K, committed 9216K, reserved 1048576K
2022-09-12T02:08:11.451+0800: 466.228: [GC (Allocation Failure)  157946K->55767K(249344K), 0.0041276 secs]
Heap after GC invocations=1060 (full 0):
 par new generation   total 115200K, used 1509K [0x00000000f0000000, 0x00000000f7d00000, 0x00000000f7d00000)
  eden space 102400K,   0% used [0x00000000f0000000, 0x00000000f0000000, 0x00000000f6400000)
  from space 12800K,  11% used [0x00000000f6400000, 0x00000000f6579468, 0x00000000f7080000)
  to   space 12800K,   0% used [0x00000000f7080000, 0x00000000f7080000, 0x00000000f7d00000)
 concurrent mark-sweep generation total 134144K, used 54258K [0x00000000f7d00000, 0x0000000100000000, 0x0000000100000000)
 Metaspace       used 65125K, capacity 69770K, committed 69888K, reserved 1110016K
  class space    used 8392K, capacity 9186K, committed 9216K, reserved 1048576K
}
{Heap before GC invocations=1060 (full 0):
 par new generation   total 115200K, used 103909K [0x00000000f0000000, 0x00000000f7d00000, 0x00000000f7d00000)
  eden space 102400K, 100% used [0x00000000f0000000, 0x00000000f6400000, 0x00000000f6400000)
  from space 12800K,  11% used [0x00000000f6400000, 0x00000000f6579468, 0x00000000f7080000)
  to   space 12800K,   0% used [0x00000000f7080000, 0x00000000f7080000, 0x00000000f7d00000)
 concurrent mark-sweep generation total 134144K, used 54258K [0x00000000f7d00000, 0x0000000100000000, 0x0000000100000000)
 Metaspace       used 65125K, capacity 69770K, committed 69888K, reserved 1110016K
  class space    used 8392K, capacity 9186K, committed 9216K, reserved 1048576K
2022-09-12T02:08:11.804+0800: 466.581: [GC (Allocation Failure)  158167K->55920K(249344K), 0.0039791 secs]
Heap after GC invocations=1061 (full 0):
 par new generation   total 115200K, used 1642K [0x00000000f0000000, 0x00000000f7d00000, 0x00000000f7d00000)
  eden space 102400K,   0% used [0x00000000f0000000, 0x00000000f0000000, 0x00000000f6400000)
  from space 12800K,  12% used [0x00000000f7080000, 0x00000000f721a8a0, 0x00000000f7d00000)
  to   space 12800K,   0% used [0x00000000f6400000, 0x00000000f6400000, 0x00000000f7080000)
 concurrent mark-sweep generation total 134144K, used 54278K [0x00000000f7d00000, 0x0000000100000000, 0x0000000100000000)
 Metaspace       used 65125K, capacity 69770K, committed 69888K, reserved 1110016K
  class space    used 8392K, capacity 9186K, committed 9216K, reserved 1048576K
}
{Heap before GC invocations=1061 (full 0):
 par new generation   total 115200K, used 104042K [0x00000000f0000000, 0x00000000f7d00000, 0x00000000f7d00000)
  eden space 102400K, 100% used [0x00000000f0000000, 0x00000000f6400000, 0x00000000f6400000)
  from space 12800K,  12% used [0x00000000f7080000, 0x00000000f721a8a0, 0x00000000f7d00000)
  to   space 12800K,   0% used [0x00000000f6400000, 0x00000000f6400000, 0x00000000f7080000)
 concurrent mark-sweep generation total 134144K, used 54278K [0x00000000f7d00000, 0x0000000100000000, 0x0000000100000000)
 Metaspace       used 65125K, capacity 69770K, committed 69888K, reserved 1110016K
  class space    used 8392K, capacity 9186K, committed 9216K, reserved 1048576K
2022-09-12T02:08:12.158+0800: 466.935: [GC (Allocation Failure)  158320K->55613K(249344K), 0.0040475 secs]
Heap after GC invocations=1062 (full 0):
 par new generation   total 115200K, used 1318K [0x00000000f0000000, 0x00000000f7d00000, 0x00000000f7d00000)
  eden space 102400K,   0% used [0x00000000f0000000, 0x00000000f0000000, 0x00000000f6400000)
  from space 12800K,  10% used [0x00000000f6400000, 0x00000000f65498e0, 0x00000000f7080000)
  to   space 12800K,   0% used [0x00000000f7080000, 0x00000000f7080000, 0x00000000f7d00000)
 concurrent mark-sweep generation total 134144K, used 54295K [0x00000000f7d00000, 0x0000000100000000, 0x0000000100000000)
 Metaspace       used 65125K, capacity 69770K, committed 69888K, reserved 1110016K
  class space    used 8392K, capacity 9186K, committed 9216K, reserved 1048576K
}
{Heap before GC invocations=1062 (full 0):
 par new generation   total 115200K, used 103718K [0x00000000f0000000, 0x00000000f7d00000, 0x00000000f7d00000)
  eden space 102400K, 100% used [0x00000000f0000000, 0x00000000f6400000, 0x00000000f6400000)
  from space 12800K,  10% used [0x00000000f6400000, 0x00000000f65498e0, 0x00000000f7080000)
  to   space 12800K,   0% used [0x00000000f7080000, 0x00000000f7080000, 0x00000000f7d00000)
 concurrent mark-sweep generation total 134144K, used 54295K [0x00000000f7d00000, 0x0000000100000000, 0x0000000100000000)
 Metaspace       used 65125K, capacity 69770K, committed 69888K, reserved 1110016K
  class space    used 8392K, capacity 9186K, committed 9216K, reserved 1048576K
2022-09-12T02:08:12.507+0800: 467.284: [GC (Allocation Failure)  158013K->55825K(249344K), 0.0040731 secs]
Heap after GC invocations=1063 (full 0):
 par new generation   total 115200K, used 1517K [0x00000000f0000000, 0x00000000f7d00000, 0x00000000f7d00000)
  eden space 102400K,   0% used [0x00000000f0000000, 0x00000000f0000000, 0x00000000f6400000)
  from space 12800K,  11% used [0x00000000f7080000, 0x00000000f71fb768, 0x00000000f7d00000)
  to   space 12800K,   0% used [0x00000000f6400000, 0x00000000f6400000, 0x00000000f7080000)
 concurrent mark-sweep generation total 134144K, used 54308K [0x00000000f7d00000, 0x0000000100000000, 0x0000000100000000)
 Metaspace       used 65125K, capacity 69770K, committed 69888K, reserved 1110016K
  class space    used 8392K, capacity 9186K, committed 9216K, reserved 1048576K
}
{Heap before GC invocations=1063 (full 0):
 par new generation   total 115200K, used 103917K [0x00000000f0000000, 0x00000000f7d00000, 0x00000000f7d00000)
  eden space 102400K, 100% used [0x00000000f0000000, 0x00000000f6400000, 0x00000000f6400000)
  from space 12800K,  11% used [0x00000000f7080000, 0x00000000f71fb768, 0x00000000f7d00000)
  to   space 12800K,   0% used [0x00000000f6400000, 0x00000000f6400000, 0x00000000f7080000)
 concurrent mark-sweep generation total 134144K, used 54308K [0x00000000f7d00000, 0x0000000100000000, 0x0000000100000000)
 Metaspace       used 65125K, capacity 69770K, committed 69888K, reserved 1110016K
  class space    used 8392K, capacity 9186K, committed 9216K, reserved 1048576K
2022-09-12T02:08:12.856+0800: 467.633: [GC (Allocation Failure)  158225K->55977K(249344K), 0.0041086 secs]
Heap after GC invocations=1064 (full 0):
 par new generation   total 115200K, used 1652K [0x00000000f0000000, 0x00000000f7d00000, 0x00000000f7d00000)
  eden space 102400K,   0% used [0x00000000f0000000, 0x00000000f0000000, 0x00000000f6400000)
  from space 12800K,  12% used [0x00000000f6400000, 0x00000000f659d3f0, 0x00000000f7080000)
  to   space 12800K,   0% used [0x00000000f7080000, 0x00000000f7080000, 0x00000000f7d00000)
 concurrent mark-sweep generation total 134144K, used 54324K [0x00000000f7d00000, 0x0000000100000000, 0x0000000100000000)
 Metaspace       used 65125K, capacity 69770K, committed 69888K, reserved 1110016K
  class space    used 8392K, capacity 9186K, committed 9216K, reserved 1048576K
}
{Heap before GC invocations=1064 (full 0):
 par new generation   total 115200K, used 104052K [0x00000000f0000000, 0x00000000f7d00000, 0x00000000f7d00000)
  eden space 102400K, 100% used [0x00000000f0000000, 0x00000000f6400000, 0x00000000f6400000)
  from space 12800K,  12% used [0x00000000f6400000, 0x00000000f659d3f0, 0x00000000f7080000)
  to   space 12800K,   0% used [0x00000000f7080000, 0x00000000f7080000, 0x00000000f7d00000)
 concurrent mark-sweep generation total 134144K, used 54324K [0x00000000f7d00000, 0x0000000100000000, 0x0000000100000000)
 Metaspace       used 65125K, capacity 69770K, committed 69888K, reserved 1110016K
  class space    used 8392K, capacity 9186K, committed 9216K, reserved 1048576K
2022-09-12T02:08:13.205+0800: 467.982: [GC (Allocation Failure)  158377K->55535K(249344K), 0.0041140 secs]
Heap after GC invocations=1065 (full 0):
 par new generation   total 115200K, used 1191K [0x00000000f0000000, 0x00000000f7d00000, 0x00000000f7d00000)
  eden space 102400K,   0% used [0x00000000f0000000, 0x00000000f0000000, 0x00000000f6400000)
  from space 12800K,   9% used [0x00000000f7080000, 0x00000000f71a9dc0, 0x00000000f7d00000)
  to   space 12800K,   0% used [0x00000000f6400000, 0x00000000f6400000, 0x00000000f7080000)
 concurrent mark-sweep generation total 134144K, used 54343K [0x00000000f7d00000, 0x0000000100000000, 0x0000000100000000)
 Metaspace       used 65125K, capacity 69770K, committed 69888K, reserved 1110016K
  class space    used 8392K, capacity 9186K, committed 9216K, reserved 1048576K
}
{Heap before GC invocations=1065 (full 0):
 par new generation   total 115200K, used 103591K [0x00000000f0000000, 0x00000000f7d00000, 0x00000000f7d00000)
  eden space 102400K, 100% used [0x00000000f0000000, 0x00000000f6400000, 0x00000000f6400000)
  from space 12800K,   9% used [0x00000000f7080000, 0x00000000f71a9dc0, 0x00000000f7d00000)
  to   space 12800K,   0% used [0x00000000f6400000, 0x00000000f6400000, 0x00000000f7080000)
 concurrent mark-sweep generation total 134144K, used 54343K [0x00000000f7d00000, 0x0000000100000000, 0x0000000100000000)
 Metaspace       used 65125K, capacity 69770K, committed 69888K, reserved 1110016K
  class space    used 8392K, capacity 9186K, committed 9216K, reserved 1048576K
2022-09-12T02:08:13.553+0800: 468.330: [GC (Allocation Failure)  157935K->55884K(249344K), 0.0041778 secs]
Heap after GC invocations=1066 (full 0):
 par new generation   total 115200K, used 1522K [0x00000000f0000000, 0x00000000f7d00000, 0x00000000f7d00000)
  eden space 102400K,   0% used [0x00000000f0000000, 0x00000000f0000000, 0x00000000f6400000)
  from space 12800K,  11% used [0x00000000f6400000, 0x00000000f657c958, 0x00000000f7080000)
  to   space 12800K,   0% used [0x00000000f7080000, 0x00000000f7080000, 0x00000000f7d00000)
 concurrent mark-sweep generation total 134144K, used 54362K [0x00000000f7d00000, 0x0000000100000000, 0x0000000100000000)
 Metaspace       used 65125K, capacity 69770K, committed 69888K, reserved 1110016K
  class space    used 8392K, capacity 9186K, committed 9216K, reserved 1048576K
}
{Heap before GC invocations=1066 (full 0):
 par new generation   total 115200K, used 103922K [0x00000000f0000000, 0x00000000f7d00000, 0x00000000f7d00000)
  eden space 102400K, 100% used [0x00000000f0000000, 0x00000000f6400000, 0x00000000f6400000)
  from space 12800K,  11% used [0x00000000f6400000, 0x00000000f657c958, 0x00000000f7080000)
  to   space 12800K,   0% used [0x00000000f7080000, 0x00000000f7080000, 0x00000000f7d00000)
 concurrent mark-sweep generation total 134144K, used 54362K [0x00000000f7d00000, 0x0000000100000000, 0x0000000100000000)
 Metaspace       used 65125K, capacity 69770K, committed 69888K, reserved 1110016K
  class space    used 8392K, capacity 9186K, committed 9216K, reserved 1048576K
2022-09-12T02:08:13.902+0800: 468.679: [GC (Allocation Failure)  158284K->56035K(249344K), 0.0040498 secs]
Heap after GC invocations=1067 (full 0):
 par new generation   total 115200K, used 1663K [0x00000000f0000000, 0x00000000f7d00000, 0x00000000f7d00000)
  eden space 102400K,   0% used [0x00000000f0000000, 0x00000000f0000000, 0x00000000f6400000)
  from space 12800K,  12% used [0x00000000f7080000, 0x00000000f721fdb8, 0x00000000f7d00000)
  to   space 12800K,   0% used [0x00000000f6400000, 0x00000000f6400000, 0x00000000f7080000)
 concurrent mark-sweep generation total 134144K, used 54372K [0x00000000f7d00000, 0x0000000100000000, 0x0000000100000000)
 Metaspace       used 65125K, capacity 69770K, committed 69888K, reserved 1110016K
  class space    used 8392K, capacity 9186K, committed 9216K, reserved 1048576K
}
{Heap before GC invocations=1067 (full 0):
 par new generation   total 115200K, used 104063K [0x00000000f0000000, 0x00000000f7d00000, 0x00000000f7d00000)
  eden space 102400K, 100% used [0x00000000f0000000, 0x00000000f6400000, 0x00000000f6400000)
  from space 12800K,  12% used [0x00000000f7080000, 0x00000000f721fdb8, 0x00000000f7d00000)
  to   space 12800K,   0% used [0x00000000f6400000, 0x00000000f6400000, 0x00000000f7080000)
 concurrent mark-sweep generation total 134144K, used 54372K [0x00000000f7d00000, 0x0000000100000000, 0x0000000100000000)
 Metaspace       used 65125K, capacity 69770K, committed 69888K, reserved 1110016K
  class space    used 8392K, capacity 9186K, committed 9216K, reserved 1048576K
2022-09-12T02:08:14.249+0800: 469.026: [GC (Allocation Failure)  158435K->55577K(249344K), 0.0041946 secs]
Heap after GC invocations=1068 (full 0):
 par new generation   total 115200K, used 1187K [0x00000000f0000000, 0x00000000f7d00000, 0x00000000f7d00000)
  eden space 102400K,   0% used [0x00000000f0000000, 0x00000000f0000000, 0x00000000f6400000)
  from space 12800K,   9% used [0x00000000f6400000, 0x00000000f6528e00, 0x00000000f7080000)
  to   space 12800K,   0% used [0x00000000f7080000, 0x00000000f7080000, 0x00000000f7d00000)
 concurrent mark-sweep generation total 134144K, used 54390K [0x00000000f7d00000, 0x0000000100000000, 0x0000000100000000)
 Metaspace       used 65125K, capacity 69770K, committed 69888K, reserved 1110016K
  class space    used 8392K, capacity 9186K, committed 9216K, reserved 1048576K
}
{Heap before GC invocations=1068 (full 0):
 par new generation   total 115200K, used 103587K [0x00000000f0000000, 0x00000000f7d00000, 0x00000000f7d00000)
  eden space 102400K, 100% used [0x00000000f0000000, 0x00000000f6400000, 0x00000000f6400000)
  from space 12800K,   9% used [0x00000000f6400000, 0x00000000f6528e00, 0x00000000f7080000)
  to   space 12800K,   0% used [0x00000000f7080000, 0x00000000f7080000, 0x00000000f7d00000)
 concurrent mark-sweep generation total 134144K, used 54390K [0x00000000f7d00000, 0x0000000100000000, 0x0000000100000000)
 Metaspace       used 65125K, capacity 69770K, committed 69888K, reserved 1110016K
  class space    used 8392K, capacity 9186K, committed 9216K, reserved 1048576K
2022-09-12T02:08:14.599+0800: 469.376: [GC (Allocation Failure)  157977K->55939K(249344K), 0.0043096 secs]
Heap after GC invocations=1069 (full 0):
 par new generation   total 115200K, used 1534K [0x00000000f0000000, 0x00000000f7d00000, 0x00000000f7d00000)
  eden space 102400K,   0% used [0x00000000f0000000, 0x00000000f0000000, 0x00000000f6400000)
  from space 12800K,  11% used [0x00000000f7080000, 0x00000000f71ffa20, 0x00000000f7d00000)
  to   space 12800K,   0% used [0x00000000f6400000, 0x00000000f6400000, 0x00000000f7080000)
 concurrent mark-sweep generation total 134144K, used 54405K [0x00000000f7d00000, 0x0000000100000000, 0x0000000100000000)
 Metaspace       used 65125K, capacity 69770K, committed 69888K, reserved 1110016K
  class space    used 8392K, capacity 9186K, committed 9216K, reserved 1048576K
}
{Heap before GC invocations=1069 (full 0):
 par new generation   total 115200K, used 103934K [0x00000000f0000000, 0x00000000f7d00000, 0x00000000f7d00000)
  eden space 102400K, 100% used [0x00000000f0000000, 0x00000000f6400000, 0x00000000f6400000)
  from space 12800K,  11% used [0x00000000f7080000, 0x00000000f71ffa20, 0x00000000f7d00000)
  to   space 12800K,   0% used [0x00000000f6400000, 0x00000000f6400000, 0x00000000f7080000)
 concurrent mark-sweep generation total 134144K, used 54405K [0x00000000f7d00000, 0x0000000100000000, 0x0000000100000000)
 Metaspace       used 65125K, capacity 69770K, committed 69888K, reserved 1110016K
  class space    used 8392K, capacity 9186K, committed 9216K, reserved 1048576K
2022-09-12T02:08:14.947+0800: 469.725: [GC (Allocation Failure)  158339K->56105K(249344K), 0.0041011 secs]
Heap after GC invocations=1070 (full 0):
 par new generation   total 115200K, used 1683K [0x00000000f0000000, 0x00000000f7d00000, 0x00000000f7d00000)
  eden space 102400K,   0% used [0x00000000f0000000, 0x00000000f0000000, 0x00000000f6400000)
  from space 12800K,  13% used [0x00000000f6400000, 0x00000000f65a4cb0, 0x00000000f7080000)
  to   space 12800K,   0% used [0x00000000f7080000, 0x00000000f7080000, 0x00000000f7d00000)
 concurrent mark-sweep generation total 134144K, used 54421K [0x00000000f7d00000, 0x0000000100000000, 0x0000000100000000)
 Metaspace       used 65125K, capacity 69770K, committed 69888K, reserved 1110016K
  class space    used 8392K, capacity 9186K, committed 9216K, reserved 1048576K
}
{Heap before GC invocations=1070 (full 0):
 par new generation   total 115200K, used 104083K [0x00000000f0000000, 0x00000000f7d00000, 0x00000000f7d00000)
  eden space 102400K, 100% used [0x00000000f0000000, 0x00000000f6400000, 0x00000000f6400000)
  from space 12800K,  13% used [0x00000000f6400000, 0x00000000f65a4cb0, 0x00000000f7080000)
  to   space 12800K,   0% used [0x00000000f7080000, 0x00000000f7080000, 0x00000000f7d00000)
 concurrent mark-sweep generation total 134144K, used 54421K [0x00000000f7d00000, 0x0000000100000000, 0x0000000100000000)
 Metaspace       used 65125K, capacity 69770K, committed 69888K, reserved 1110016K
  class space    used 8392K, capacity 9186K, committed 9216K, reserved 1048576K
2022-09-12T02:08:15.296+0800: 470.074: [GC (Allocation Failure)  158505K->55772K(249344K), 0.0040736 secs]
Heap after GC invocations=1071 (full 0):
 par new generation   total 115200K, used 1333K [0x00000000f0000000, 0x00000000f7d00000, 0x00000000f7d00000)
  eden space 102400K,   0% used [0x00000000f0000000, 0x00000000f0000000, 0x00000000f6400000)
  from space 12800K,  10% used [0x00000000f7080000, 0x00000000f71cd708, 0x00000000f7d00000)
  to   space 12800K,   0% used [0x00000000f6400000, 0x00000000f6400000, 0x00000000f7080000)
 concurrent mark-sweep generation total 134144K, used 54438K [0x00000000f7d00000, 0x0000000100000000, 0x0000000100000000)
 Metaspace       used 65125K, capacity 69770K, committed 69888K, reserved 1110016K
  class space    used 8392K, capacity 9186K, committed 9216K, reserved 1048576K
}
{Heap before GC invocations=1071 (full 0):
 par new generation   total 115200K, used 103733K [0x00000000f0000000, 0x00000000f7d00000, 0x00000000f7d00000)
  eden space 102400K, 100% used [0x00000000f0000000, 0x00000000f6400000, 0x00000000f6400000)
  from space 12800K,  10% used [0x00000000f7080000, 0x00000000f71cd708, 0x00000000f7d00000)
  to   space 12800K,   0% used [0x00000000f6400000, 0x00000000f6400000, 0x00000000f7080000)
 concurrent mark-sweep generation total 134144K, used 54438K [0x00000000f7d00000, 0x0000000100000000, 0x0000000100000000)
 Metaspace       used 65125K, capacity 69770K, committed 69888K, reserved 1110016K
  class space    used 8392K, capacity 9186K, committed 9216K, reserved 1048576K
2022-09-12T02:08:15.645+0800: 470.422: [GC (Allocation Failure)  158172K->55986K(249344K), 0.0040650 secs]
Heap after GC invocations=1072 (full 0):
 par new generation   total 115200K, used 1530K [0x00000000f0000000, 0x00000000f7d00000, 0x00000000f7d00000)
  eden space 102400K,   0% used [0x00000000f0000000, 0x00000000f0000000, 0x00000000f6400000)
  from space 12800K,  11% used [0x00000000f6400000, 0x00000000f657e8d8, 0x00000000f7080000)
  to   space 12800K,   0% used [0x00000000f7080000, 0x00000000f7080000, 0x00000000f7d00000)
 concurrent mark-sweep generation total 134144K, used 54456K [0x00000000f7d00000, 0x0000000100000000, 0x0000000100000000)
 Metaspace       used 65125K, capacity 69770K, committed 69888K, reserved 1110016K
  class space    used 8392K, capacity 9186K, committed 9216K, reserved 1048576K
}
{Heap before GC invocations=1072 (full 0):
 par new generation   total 115200K, used 103930K [0x00000000f0000000, 0x00000000f7d00000, 0x00000000f7d00000)
  eden space 102400K, 100% used [0x00000000f0000000, 0x00000000f6400000, 0x00000000f6400000)
  from space 12800K,  11% used [0x00000000f6400000, 0x00000000f657e8d8, 0x00000000f7080000)
  to   space 12800K,   0% used [0x00000000f7080000, 0x00000000f7080000, 0x00000000f7d00000)
 concurrent mark-sweep generation total 134144K, used 54456K [0x00000000f7d00000, 0x0000000100000000, 0x0000000100000000)
 Metaspace       used 65125K, capacity 69770K, committed 69888K, reserved 1110016K
  class space    used 8392K, capacity 9186K, committed 9216K, reserved 1048576K
2022-09-12T02:08:16.005+0800: 470.782: [GC (Allocation Failure)  158386K->56072K(249344K), 0.0040619 secs]
Heap after GC invocations=1073 (full 0):
 par new generation   total 115200K, used 1603K [0x00000000f0000000, 0x00000000f7d00000, 0x00000000f7d00000)
  eden space 102400K,   0% used [0x00000000f0000000, 0x00000000f0000000, 0x00000000f6400000)
  from space 12800K,  12% used [0x00000000f7080000, 0x00000000f7210c70, 0x00000000f7d00000)
  to   space 12800K,   0% used [0x00000000f6400000, 0x00000000f6400000, 0x00000000f7080000)
 concurrent mark-sweep generation total 134144K, used 54469K [0x00000000f7d00000, 0x0000000100000000, 0x0000000100000000)
 Metaspace       used 65125K, capacity 69770K, committed 69888K, reserved 1110016K
  class space    used 8392K, capacity 9186K, committed 9216K, reserved 1048576K
}
{Heap before GC invocations=1073 (full 0):
 par new generation   total 115200K, used 104003K [0x00000000f0000000, 0x00000000f7d00000, 0x00000000f7d00000)
  eden space 102400K, 100% used [0x00000000f0000000, 0x00000000f6400000, 0x00000000f6400000)
  from space 12800K,  12% used [0x00000000f7080000, 0x00000000f7210c70, 0x00000000f7d00000)
  to   space 12800K,   0% used [0x00000000f6400000, 0x00000000f6400000, 0x00000000f7080000)
 concurrent mark-sweep generation total 134144K, used 54469K [0x00000000f7d00000, 0x0000000100000000, 0x0000000100000000)
 Metaspace       used 65125K, capacity 69770K, committed 69888K, reserved 1110016K
  class space    used 8392K, capacity 9186K, committed 9216K, reserved 1048576K
2022-09-12T02:08:16.353+0800: 471.130: [GC (Allocation Failure)  158472K->55661K(249344K), 0.0040206 secs]
Heap after GC invocations=1074 (full 0):
 par new generation   total 115200K, used 1173K [0x00000000f0000000, 0x00000000f7d00000, 0x00000000f7d00000)
  eden space 102400K,   0% used [0x00000000f0000000, 0x00000000f0000000, 0x00000000f6400000)
  from space 12800K,   9% used [0x00000000f6400000, 0x00000000f6525400, 0x00000000f7080000)
  to   space 12800K,   0% used [0x00000000f7080000, 0x00000000f7080000, 0x00000000f7d00000)
 concurrent mark-sweep generation total 134144K, used 54488K [0x00000000f7d00000, 0x0000000100000000, 0x0000000100000000)
 Metaspace       used 65125K, capacity 69770K, committed 69888K, reserved 1110016K
  class space    used 8392K, capacity 9186K, committed 9216K, reserved 1048576K
}
{Heap before GC invocations=1074 (full 0):
 par new generation   total 115200K, used 103573K [0x00000000f0000000, 0x00000000f7d00000, 0x00000000f7d00000)
  eden space 102400K, 100% used [0x00000000f0000000, 0x00000000f6400000, 0x00000000f6400000)
  from space 12800K,   9% used [0x00000000f6400000, 0x00000000f6525400, 0x00000000f7080000)
  to   space 12800K,   0% used [0x00000000f7080000, 0x00000000f7080000, 0x00000000f7d00000)
 concurrent mark-sweep generation total 134144K, used 54488K [0x00000000f7d00000, 0x0000000100000000, 0x0000000100000000)
 Metaspace       used 65125K, capacity 69770K, committed 69888K, reserved 1110016K
  class space    used 8392K, capacity 9186K, committed 9216K, reserved 1048576K
2022-09-12T02:08:16.701+0800: 471.478: [GC (Allocation Failure)  158061K->56000K(249344K), 0.0039550 secs]
Heap after GC invocations=1075 (full 0):
 par new generation   total 115200K, used 1497K [0x00000000f0000000, 0x00000000f7d00000, 0x00000000f7d00000)
  eden space 102400K,   0% used [0x00000000f0000000, 0x00000000f0000000, 0x00000000f6400000)
  from space 12800K,  11% used [0x00000000f7080000, 0x00000000f71f66e8, 0x00000000f7d00000)
  to   space 12800K,   0% used [0x00000000f6400000, 0x00000000f6400000, 0x00000000f7080000)
 concurrent mark-sweep generation total 134144K, used 54502K [0x00000000f7d00000, 0x0000000100000000, 0x0000000100000000)
 Metaspace       used 65125K, capacity 69770K, committed 69888K, reserved 1110016K
  class space    used 8392K, capacity 9186K, committed 9216K, reserved 1048576K
}
{Heap before GC invocations=1075 (full 0):
 par new generation   total 115200K, used 103897K [0x00000000f0000000, 0x00000000f7d00000, 0x00000000f7d00000)
  eden space 102400K, 100% used [0x00000000f0000000, 0x00000000f6400000, 0x00000000f6400000)
  from space 12800K,  11% used [0x00000000f7080000, 0x00000000f71f66e8, 0x00000000f7d00000)
  to   space 12800K,   0% used [0x00000000f6400000, 0x00000000f6400000, 0x00000000f7080000)
 concurrent mark-sweep generation total 134144K, used 54502K [0x00000000f7d00000, 0x0000000100000000, 0x0000000100000000)
 Metaspace       used 65125K, capacity 69770K, committed 69888K, reserved 1110016K
  class space    used 8392K, capacity 9186K, committed 9216K, reserved 1048576K
2022-09-12T02:08:17.051+0800: 471.828: [GC (Allocation Failure)  158400K->56124K(249344K), 0.0040673 secs]
Heap after GC invocations=1076 (full 0):
 par new generation   total 115200K, used 1605K [0x00000000f0000000, 0x00000000f7d00000, 0x00000000f7d00000)
  eden space 102400K,   0% used [0x00000000f0000000, 0x00000000f0000000, 0x00000000f6400000)
  from space 12800K,  12% used [0x00000000f6400000, 0x00000000f65914c0, 0x00000000f7080000)
  to   space 12800K,   0% used [0x00000000f7080000, 0x00000000f7080000, 0x00000000f7d00000)
 concurrent mark-sweep generation total 134144K, used 54518K [0x00000000f7d00000, 0x0000000100000000, 0x0000000100000000)
 Metaspace       used 65125K, capacity 69770K, committed 69888K, reserved 1110016K
  class space    used 8392K, capacity 9186K, committed 9216K, reserved 1048576K
}
{Heap before GC invocations=1076 (full 0):
 par new generation   total 115200K, used 104005K [0x00000000f0000000, 0x00000000f7d00000, 0x00000000f7d00000)
  eden space 102400K, 100% used [0x00000000f0000000, 0x00000000f6400000, 0x00000000f6400000)
  from space 12800K,  12% used [0x00000000f6400000, 0x00000000f65914c0, 0x00000000f7080000)
  to   space 12800K,   0% used [0x00000000f7080000, 0x00000000f7080000, 0x00000000f7d00000)
 concurrent mark-sweep generation total 134144K, used 54518K [0x00000000f7d00000, 0x0000000100000000, 0x0000000100000000)
 Metaspace       used 65125K, capacity 69770K, committed 69888K, reserved 1110016K
  class space    used 8392K, capacity 9186K, committed 9216K, reserved 1048576K
2022-09-12T02:08:17.399+0800: 472.176: [GC (Allocation Failure)  158524K->56234K(249344K), 0.0040600 secs]
Heap after GC invocations=1077 (full 0):
 par new generation   total 115200K, used 1697K [0x00000000f0000000, 0x00000000f7d00000, 0x00000000f7d00000)
  eden space 102400K,   0% used [0x00000000f0000000, 0x00000000f0000000, 0x00000000f6400000)
  from space 12800K,  13% used [0x00000000f7080000, 0x00000000f7228788, 0x00000000f7d00000)
  to   space 12800K,   0% used [0x00000000f6400000, 0x00000000f6400000, 0x00000000f7080000)
 concurrent mark-sweep generation total 134144K, used 54536K [0x00000000f7d00000, 0x0000000100000000, 0x0000000100000000)
 Metaspace       used 65125K, capacity 69770K, committed 69888K, reserved 1110016K
  class space    used 8392K, capacity 9186K, committed 9216K, reserved 1048576K
}
{Heap before GC invocations=1077 (full 0):
 par new generation   total 115200K, used 104097K [0x00000000f0000000, 0x00000000f7d00000, 0x00000000f7d00000)
  eden space 102400K, 100% used [0x00000000f0000000, 0x00000000f6400000, 0x00000000f6400000)
  from space 12800K,  13% used [0x00000000f7080000, 0x00000000f7228788, 0x00000000f7d00000)
  to   space 12800K,   0% used [0x00000000f6400000, 0x00000000f6400000, 0x00000000f7080000)
 concurrent mark-sweep generation total 134144K, used 54536K [0x00000000f7d00000, 0x0000000100000000, 0x0000000100000000)
 Metaspace       used 65125K, capacity 69770K, committed 69888K, reserved 1110016K
  class space    used 8392K, capacity 9186K, committed 9216K, reserved 1048576K
2022-09-12T02:08:17.748+0800: 472.525: [GC (Allocation Failure)  158634K->55743K(249344K), 0.0040817 secs]
Heap after GC invocations=1078 (full 0):
 par new generation   total 115200K, used 1192K [0x00000000f0000000, 0x00000000f7d00000, 0x00000000f7d00000)
  eden space 102400K,   0% used [0x00000000f0000000, 0x00000000f0000000, 0x00000000f6400000)
  from space 12800K,   9% used [0x00000000f6400000, 0x00000000f652a300, 0x00000000f7080000)
  to   space 12800K,   0% used [0x00000000f7080000, 0x00000000f7080000, 0x00000000f7d00000)
 concurrent mark-sweep generation total 134144K, used 54550K [0x00000000f7d00000, 0x0000000100000000, 0x0000000100000000)
 Metaspace       used 65125K, capacity 69770K, committed 69888K, reserved 1110016K
  class space    used 8392K, capacity 9186K, committed 9216K, reserved 1048576K
}
{Heap before GC invocations=1078 (full 0):
 par new generation   total 115200K, used 103592K [0x00000000f0000000, 0x00000000f7d00000, 0x00000000f7d00000)
  eden space 102400K, 100% used [0x00000000f0000000, 0x00000000f6400000, 0x00000000f6400000)
  from space 12800K,   9% used [0x00000000f6400000, 0x00000000f652a300, 0x00000000f7080000)
  to   space 12800K,   0% used [0x00000000f7080000, 0x00000000f7080000, 0x00000000f7d00000)
 concurrent mark-sweep generation total 134144K, used 54550K [0x00000000f7d00000, 0x0000000100000000, 0x0000000100000000)
 Metaspace       used 65125K, capacity 69770K, committed 69888K, reserved 1110016K
  class space    used 8392K, capacity 9186K, committed 9216K, reserved 1048576K
2022-09-12T02:08:18.097+0800: 472.874: [GC (Allocation Failure)  158143K->56098K(249344K), 0.0040893 secs]
Heap after GC invocations=1079 (full 0):
 par new generation   total 115200K, used 1528K [0x00000000f0000000, 0x00000000f7d00000, 0x00000000f7d00000)
  eden space 102400K,   0% used [0x00000000f0000000, 0x00000000f0000000, 0x00000000f6400000)
  from space 12800K,  11% used [0x00000000f7080000, 0x00000000f71fe2b8, 0x00000000f7d00000)
  to   space 12800K,   0% used [0x00000000f6400000, 0x00000000f6400000, 0x00000000f7080000)
 concurrent mark-sweep generation total 134144K, used 54569K [0x00000000f7d00000, 0x0000000100000000, 0x0000000100000000)
 Metaspace       used 65125K, capacity 69770K, committed 69888K, reserved 1110016K
  class space    used 8392K, capacity 9186K, committed 9216K, reserved 1048576K
}
{Heap before GC invocations=1079 (full 0):
 par new generation   total 115200K, used 103928K [0x00000000f0000000, 0x00000000f7d00000, 0x00000000f7d00000)
  eden space 102400K, 100% used [0x00000000f0000000, 0x00000000f6400000, 0x00000000f6400000)
  from space 12800K,  11% used [0x00000000f7080000, 0x00000000f71fe2b8, 0x00000000f7d00000)
  to   space 12800K,   0% used [0x00000000f6400000, 0x00000000f6400000, 0x00000000f7080000)
 concurrent mark-sweep generation total 134144K, used 54569K [0x00000000f7d00000, 0x0000000100000000, 0x0000000100000000)
 Metaspace       used 65125K, capacity 69770K, committed 69888K, reserved 1110016K
  class space    used 8392K, capacity 9186K, committed 9216K, reserved 1048576K
2022-09-12T02:08:18.446+0800: 473.224: [GC (Allocation Failure)  158498K->56234K(249344K), 0.0040593 secs]
Heap after GC invocations=1080 (full 0):
 par new generation   total 115200K, used 1650K [0x00000000f0000000, 0x00000000f7d00000, 0x00000000f7d00000)
  eden space 102400K,   0% used [0x00000000f0000000, 0x00000000f0000000, 0x00000000f6400000)
  from space 12800K,  12% used [0x00000000f6400000, 0x00000000f659c9a8, 0x00000000f7080000)
  to   space 12800K,   0% used [0x00000000f7080000, 0x00000000f7080000, 0x00000000f7d00000)
 concurrent mark-sweep generation total 134144K, used 54584K [0x00000000f7d00000, 0x0000000100000000, 0x0000000100000000)
 Metaspace       used 65125K, capacity 69770K, committed 69888K, reserved 1110016K
  class space    used 8392K, capacity 9186K, committed 9216K, reserved 1048576K
}
{Heap before GC invocations=1080 (full 0):
 par new generation   total 115200K, used 104050K [0x00000000f0000000, 0x00000000f7d00000, 0x00000000f7d00000)
  eden space 102400K, 100% used [0x00000000f0000000, 0x00000000f6400000, 0x00000000f6400000)
  from space 12800K,  12% used [0x00000000f6400000, 0x00000000f659c9a8, 0x00000000f7080000)
  to   space 12800K,   0% used [0x00000000f7080000, 0x00000000f7080000, 0x00000000f7d00000)
 concurrent mark-sweep generation total 134144K, used 54584K [0x00000000f7d00000, 0x0000000100000000, 0x0000000100000000)
 Metaspace       used 65125K, capacity 69770K, committed 69888K, reserved 1110016K
  class space    used 8392K, capacity 9186K, committed 9216K, reserved 1048576K
2022-09-12T02:08:18.795+0800: 473.573: [GC (Allocation Failure)  158634K->55935K(249344K), 0.0040219 secs]
Heap after GC invocations=1081 (full 0):
 par new generation   total 115200K, used 1335K [0x00000000f0000000, 0x00000000f7d00000, 0x00000000f7d00000)
  eden space 102400K,   0% used [0x00000000f0000000, 0x00000000f0000000, 0x00000000f6400000)
  from space 12800K,  10% used [0x00000000f7080000, 0x00000000f71cdca8, 0x00000000f7d00000)
  to   space 12800K,   0% used [0x00000000f6400000, 0x00000000f6400000, 0x00000000f7080000)
 concurrent mark-sweep generation total 134144K, used 54600K [0x00000000f7d00000, 0x0000000100000000, 0x0000000100000000)
 Metaspace       used 65125K, capacity 69770K, committed 69888K, reserved 1110016K
  class space    used 8392K, capacity 9186K, committed 9216K, reserved 1048576K
}
{Heap before GC invocations=1081 (full 0):
 par new generation   total 115200K, used 103735K [0x00000000f0000000, 0x00000000f7d00000, 0x00000000f7d00000)
  eden space 102400K, 100% used [0x00000000f0000000, 0x00000000f6400000, 0x00000000f6400000)
  from space 12800K,  10% used [0x00000000f7080000, 0x00000000f71cdca8, 0x00000000f7d00000)
  to   space 12800K,   0% used [0x00000000f6400000, 0x00000000f6400000, 0x00000000f7080000)
 concurrent mark-sweep generation total 134144K, used 54600K [0x00000000f7d00000, 0x0000000100000000, 0x0000000100000000)
 Metaspace       used 65125K, capacity 69770K, committed 69888K, reserved 1110016K
  class space    used 8392K, capacity 9186K, committed 9216K, reserved 1048576K
2022-09-12T02:08:19.145+0800: 473.922: [GC (Allocation Failure)  158335K->56153K(249344K), 0.0040462 secs]
Heap after GC invocations=1082 (full 0):
 par new generation   total 115200K, used 1537K [0x00000000f0000000, 0x00000000f7d00000, 0x00000000f7d00000)
  eden space 102400K,   0% used [0x00000000f0000000, 0x00000000f0000000, 0x00000000f6400000)
  from space 12800K,  12% used [0x00000000f6400000, 0x00000000f6580778, 0x00000000f7080000)
  to   space 12800K,   0% used [0x00000000f7080000, 0x00000000f7080000, 0x00000000f7d00000)
 concurrent mark-sweep generation total 134144K, used 54615K [0x00000000f7d00000, 0x0000000100000000, 0x0000000100000000)
 Metaspace       used 65125K, capacity 69770K, committed 69888K, reserved 1110016K
  class space    used 8392K, capacity 9186K, committed 9216K, reserved 1048576K
}
{Heap before GC invocations=1082 (full 0):
 par new generation   total 115200K, used 103937K [0x00000000f0000000, 0x00000000f7d00000, 0x00000000f7d00000)
  eden space 102400K, 100% used [0x00000000f0000000, 0x00000000f6400000, 0x00000000f6400000)
  from space 12800K,  12% used [0x00000000f6400000, 0x00000000f6580778, 0x00000000f7080000)
  to   space 12800K,   0% used [0x00000000f7080000, 0x00000000f7080000, 0x00000000f7d00000)
 concurrent mark-sweep generation total 134144K, used 54615K [0x00000000f7d00000, 0x0000000100000000, 0x0000000100000000)
 Metaspace       used 65125K, capacity 69770K, committed 69888K, reserved 1110016K
  class space    used 8392K, capacity 9186K, committed 9216K, reserved 1048576K
2022-09-12T02:08:19.496+0800: 474.273: [GC (Allocation Failure)  158553K->56267K(249344K), 0.0040309 secs]
Heap after GC invocations=1083 (full 0):
 par new generation   total 115200K, used 1639K [0x00000000f0000000, 0x00000000f7d00000, 0x00000000f7d00000)
  eden space 102400K,   0% used [0x00000000f0000000, 0x00000000f0000000, 0x00000000f6400000)
  from space 12800K,  12% used [0x00000000f7080000, 0x00000000f7219c98, 0x00000000f7d00000)
  to   space 12800K,   0% used [0x00000000f6400000, 0x00000000f6400000, 0x00000000f7080000)
 concurrent mark-sweep generation total 134144K, used 54628K [0x00000000f7d00000, 0x0000000100000000, 0x0000000100000000)
 Metaspace       used 65125K, capacity 69770K, committed 69888K, reserved 1110016K
  class space    used 8392K, capacity 9186K, committed 9216K, reserved 1048576K
}
{Heap before GC invocations=1083 (full 0):
 par new generation   total 115200K, used 104039K [0x00000000f0000000, 0x00000000f7d00000, 0x00000000f7d00000)
  eden space 102400K, 100% used [0x00000000f0000000, 0x00000000f6400000, 0x00000000f6400000)
  from space 12800K,  12% used [0x00000000f7080000, 0x00000000f7219c98, 0x00000000f7d00000)
  to   space 12800K,   0% used [0x00000000f6400000, 0x00000000f6400000, 0x00000000f7080000)
 concurrent mark-sweep generation total 134144K, used 54628K [0x00000000f7d00000, 0x0000000100000000, 0x0000000100000000)
 Metaspace       used 65125K, capacity 69770K, committed 69888K, reserved 1110016K
  class space    used 8392K, capacity 9186K, committed 9216K, reserved 1048576K
2022-09-12T02:08:19.847+0800: 474.624: [GC (Allocation Failure)  158667K->55695K(249344K), 0.0040741 secs]
Heap after GC invocations=1084 (full 0):
 par new generation   total 115200K, used 1047K [0x00000000f0000000, 0x00000000f7d00000, 0x00000000f7d00000)
  eden space 102400K,   0% used [0x00000000f0000000, 0x00000000f0000000, 0x00000000f6400000)
  from space 12800K,   8% used [0x00000000f6400000, 0x00000000f6505ed0, 0x00000000f7080000)
  to   space 12800K,   0% used [0x00000000f7080000, 0x00000000f7080000, 0x00000000f7d00000)
 concurrent mark-sweep generation total 134144K, used 54647K [0x00000000f7d00000, 0x0000000100000000, 0x0000000100000000)
 Metaspace       used 65125K, capacity 69770K, committed 69888K, reserved 1110016K
  class space    used 8392K, capacity 9186K, committed 9216K, reserved 1048576K
}
{Heap before GC invocations=1084 (full 0):
 par new generation   total 115200K, used 103447K [0x00000000f0000000, 0x00000000f7d00000, 0x00000000f7d00000)
  eden space 102400K, 100% used [0x00000000f0000000, 0x00000000f6400000, 0x00000000f6400000)
  from space 12800K,   8% used [0x00000000f6400000, 0x00000000f6505ed0, 0x00000000f7080000)
  to   space 12800K,   0% used [0x00000000f7080000, 0x00000000f7080000, 0x00000000f7d00000)
 concurrent mark-sweep generation total 134144K, used 54647K [0x00000000f7d00000, 0x0000000100000000, 0x0000000100000000)
 Metaspace       used 65125K, capacity 69770K, committed 69888K, reserved 1110016K
  class space    used 8392K, capacity 9186K, committed 9216K, reserved 1048576K
2022-09-12T02:08:20.197+0800: 474.975: [GC (Allocation Failure)  158095K->56156K(249344K), 0.0041917 secs]
Heap after GC invocations=1085 (full 0):
 par new generation   total 115200K, used 1490K [0x00000000f0000000, 0x00000000f7d00000, 0x00000000f7d00000)
  eden space 102400K,   0% used [0x00000000f0000000, 0x00000000f0000000, 0x00000000f6400000)
  from space 12800K,  11% used [0x00000000f7080000, 0x00000000f71f4a40, 0x00000000f7d00000)
  to   space 12800K,   0% used [0x00000000f6400000, 0x00000000f6400000, 0x00000000f7080000)
 concurrent mark-sweep generation total 134144K, used 54665K [0x00000000f7d00000, 0x0000000100000000, 0x0000000100000000)
 Metaspace       used 65125K, capacity 69770K, committed 69888K, reserved 1110016K
  class space    used 8392K, capacity 9186K, committed 9216K, reserved 1048576K
}
{Heap before GC invocations=1085 (full 0):
 par new generation   total 115200K, used 103890K [0x00000000f0000000, 0x00000000f7d00000, 0x00000000f7d00000)
  eden space 102400K, 100% used [0x00000000f0000000, 0x00000000f6400000, 0x00000000f6400000)
  from space 12800K,  11% used [0x00000000f7080000, 0x00000000f71f4a40, 0x00000000f7d00000)
  to   space 12800K,   0% used [0x00000000f6400000, 0x00000000f6400000, 0x00000000f7080000)
 concurrent mark-sweep generation total 134144K, used 54665K [0x00000000f7d00000, 0x0000000100000000, 0x0000000100000000)
 Metaspace       used 65125K, capacity 69770K, committed 69888K, reserved 1110016K
  class space    used 8392K, capacity 9186K, committed 9216K, reserved 1048576K
2022-09-12T02:08:20.545+0800: 475.323: [GC (Allocation Failure)  158556K->56311K(249344K), 0.0040926 secs]
Heap after GC invocations=1086 (full 0):
 par new generation   total 115200K, used 1630K [0x00000000f0000000, 0x00000000f7d00000, 0x00000000f7d00000)
  eden space 102400K,   0% used [0x00000000f0000000, 0x00000000f0000000, 0x00000000f6400000)
  from space 12800K,  12% used [0x00000000f6400000, 0x00000000f6597b90, 0x00000000f7080000)
  to   space 12800K,   0% used [0x00000000f7080000, 0x00000000f7080000, 0x00000000f7d00000)
 concurrent mark-sweep generation total 134144K, used 54680K [0x00000000f7d00000, 0x0000000100000000, 0x0000000100000000)
 Metaspace       used 65125K, capacity 69770K, committed 69888K, reserved 1110016K
  class space    used 8392K, capacity 9186K, committed 9216K, reserved 1048576K
}
{Heap before GC invocations=1086 (full 0):
 par new generation   total 115200K, used 104030K [0x00000000f0000000, 0x00000000f7d00000, 0x00000000f7d00000)
  eden space 102400K, 100% used [0x00000000f0000000, 0x00000000f6400000, 0x00000000f6400000)
  from space 12800K,  12% used [0x00000000f6400000, 0x00000000f6597b90, 0x00000000f7080000)
  to   space 12800K,   0% used [0x00000000f7080000, 0x00000000f7080000, 0x00000000f7d00000)
 concurrent mark-sweep generation total 134144K, used 54680K [0x00000000f7d00000, 0x0000000100000000, 0x0000000100000000)
 Metaspace       used 65125K, capacity 69770K, committed 69888K, reserved 1110016K
  class space    used 8392K, capacity 9186K, committed 9216K, reserved 1048576K
2022-09-12T02:08:20.893+0800: 475.671: [GC (Allocation Failure)  158711K->55897K(249344K), 0.0040785 secs]
Heap after GC invocations=1087 (full 0):
 par new generation   total 115200K, used 1195K [0x00000000f0000000, 0x00000000f7d00000, 0x00000000f7d00000)
  eden space 102400K,   0% used [0x00000000f0000000, 0x00000000f0000000, 0x00000000f6400000)
  from space 12800K,   9% used [0x00000000f7080000, 0x00000000f71aaf00, 0x00000000f7d00000)
  to   space 12800K,   0% used [0x00000000f6400000, 0x00000000f6400000, 0x00000000f7080000)
 concurrent mark-sweep generation total 134144K, used 54701K [0x00000000f7d00000, 0x0000000100000000, 0x0000000100000000)
 Metaspace       used 65125K, capacity 69770K, committed 69888K, reserved 1110016K
  class space    used 8392K, capacity 9186K, committed 9216K, reserved 1048576K
}
{Heap before GC invocations=1087 (full 0):
 par new generation   total 115200K, used 103595K [0x00000000f0000000, 0x00000000f7d00000, 0x00000000f7d00000)
  eden space 102400K, 100% used [0x00000000f0000000, 0x00000000f6400000, 0x00000000f6400000)
  from space 12800K,   9% used [0x00000000f7080000, 0x00000000f71aaf00, 0x00000000f7d00000)
  to   space 12800K,   0% used [0x00000000f6400000, 0x00000000f6400000, 0x00000000f7080000)
 concurrent mark-sweep generation total 134144K, used 54701K [0x00000000f7d00000, 0x0000000100000000, 0x0000000100000000)
 Metaspace       used 65125K, capacity 69770K, committed 69888K, reserved 1110016K
  class space    used 8392K, capacity 9186K, committed 9216K, reserved 1048576K
2022-09-12T02:08:21.241+0800: 476.019: [GC (Allocation Failure)  158297K->56209K(249344K), 0.0039550 secs]
Heap after GC invocations=1088 (full 0):
 par new generation   total 115200K, used 1499K [0x00000000f0000000, 0x00000000f7d00000, 0x00000000f7d00000)
  eden space 102400K,   0% used [0x00000000f0000000, 0x00000000f0000000, 0x00000000f6400000)
  from space 12800K,  11% used [0x00000000f6400000, 0x00000000f6576db0, 0x00000000f7080000)
  to   space 12800K,   0% used [0x00000000f7080000, 0x00000000f7080000, 0x00000000f7d00000)
 concurrent mark-sweep generation total 134144K, used 54710K [0x00000000f7d00000, 0x0000000100000000, 0x0000000100000000)
 Metaspace       used 65125K, capacity 69770K, committed 69888K, reserved 1110016K
  class space    used 8392K, capacity 9186K, committed 9216K, reserved 1048576K
}
{Heap before GC invocations=1088 (full 0):
 par new generation   total 115200K, used 103899K [0x00000000f0000000, 0x00000000f7d00000, 0x00000000f7d00000)
  eden space 102400K, 100% used [0x00000000f0000000, 0x00000000f6400000, 0x00000000f6400000)
  from space 12800K,  11% used [0x00000000f6400000, 0x00000000f6576db0, 0x00000000f7080000)
  to   space 12800K,   0% used [0x00000000f7080000, 0x00000000f7080000, 0x00000000f7d00000)
 concurrent mark-sweep generation total 134144K, used 54710K [0x00000000f7d00000, 0x0000000100000000, 0x0000000100000000)
 Metaspace       used 65125K, capacity 69770K, committed 69888K, reserved 1110016K
  class space    used 8392K, capacity 9186K, committed 9216K, reserved 1048576K
2022-09-12T02:08:21.589+0800: 476.366: [GC (Allocation Failure)  158609K->56346K(249344K), 0.0041365 secs]
Heap after GC invocations=1089 (full 0):
 par new generation   total 115200K, used 1616K [0x00000000f0000000, 0x00000000f7d00000, 0x00000000f7d00000)
  eden space 102400K,   0% used [0x00000000f0000000, 0x00000000f0000000, 0x00000000f6400000)
  from space 12800K,  12% used [0x00000000f7080000, 0x00000000f72142e8, 0x00000000f7d00000)
  to   space 12800K,   0% used [0x00000000f6400000, 0x00000000f6400000, 0x00000000f7080000)
 concurrent mark-sweep generation total 134144K, used 54729K [0x00000000f7d00000, 0x0000000100000000, 0x0000000100000000)
 Metaspace       used 65125K, capacity 69770K, committed 69888K, reserved 1110016K
  class space    used 8392K, capacity 9186K, committed 9216K, reserved 1048576K
}
{Heap before GC invocations=1089 (full 0):
 par new generation   total 115200K, used 104016K [0x00000000f0000000, 0x00000000f7d00000, 0x00000000f7d00000)
  eden space 102400K, 100% used [0x00000000f0000000, 0x00000000f6400000, 0x00000000f6400000)
  from space 12800K,  12% used [0x00000000f7080000, 0x00000000f72142e8, 0x00000000f7d00000)
  to   space 12800K,   0% used [0x00000000f6400000, 0x00000000f6400000, 0x00000000f7080000)
 concurrent mark-sweep generation total 134144K, used 54729K [0x00000000f7d00000, 0x0000000100000000, 0x0000000100000000)
 Metaspace       used 65125K, capacity 69770K, committed 69888K, reserved 1110016K
  class space    used 8392K, capacity 9186K, committed 9216K, reserved 1048576K
2022-09-12T02:08:21.937+0800: 476.715: [GC (Allocation Failure)  158746K->55933K(249344K), 0.0039972 secs]
Heap after GC invocations=1090 (full 0):
 par new generation   total 115200K, used 1188K [0x00000000f0000000, 0x00000000f7d00000, 0x00000000f7d00000)
  eden space 102400K,   0% used [0x00000000f0000000, 0x00000000f0000000, 0x00000000f6400000)
  from space 12800K,   9% used [0x00000000f6400000, 0x00000000f6529380, 0x00000000f7080000)
  to   space 12800K,   0% used [0x00000000f7080000, 0x00000000f7080000, 0x00000000f7d00000)
 concurrent mark-sweep generation total 134144K, used 54744K [0x00000000f7d00000, 0x0000000100000000, 0x0000000100000000)
 Metaspace       used 65125K, capacity 69770K, committed 69888K, reserved 1110016K
  class space    used 8392K, capacity 9186K, committed 9216K, reserved 1048576K
}
{Heap before GC invocations=1090 (full 0):
 par new generation   total 115200K, used 103588K [0x00000000f0000000, 0x00000000f7d00000, 0x00000000f7d00000)
  eden space 102400K, 100% used [0x00000000f0000000, 0x00000000f6400000, 0x00000000f6400000)
  from space 12800K,   9% used [0x00000000f6400000, 0x00000000f6529380, 0x00000000f7080000)
  to   space 12800K,   0% used [0x00000000f7080000, 0x00000000f7080000, 0x00000000f7d00000)
 concurrent mark-sweep generation total 134144K, used 54744K [0x00000000f7d00000, 0x0000000100000000, 0x0000000100000000)
 Metaspace       used 65125K, capacity 69770K, committed 69888K, reserved 1110016K
  class space    used 8392K, capacity 9186K, committed 9216K, reserved 1048576K
2022-09-12T02:08:22.289+0800: 477.066: [GC (Allocation Failure)  158333K->56281K(249344K), 0.0045775 secs]
Heap after GC invocations=1091 (full 0):
 par new generation   total 115200K, used 1523K [0x00000000f0000000, 0x00000000f7d00000, 0x00000000f7d00000)
  eden space 102400K,   0% used [0x00000000f0000000, 0x00000000f0000000, 0x00000000f6400000)
  from space 12800K,  11% used [0x00000000f7080000, 0x00000000f71fcc68, 0x00000000f7d00000)
  to   space 12800K,   0% used [0x00000000f6400000, 0x00000000f6400000, 0x00000000f7080000)
 concurrent mark-sweep generation total 134144K, used 54758K [0x00000000f7d00000, 0x0000000100000000, 0x0000000100000000)
 Metaspace       used 65125K, capacity 69770K, committed 69888K, reserved 1110016K
  class space    used 8392K, capacity 9186K, committed 9216K, reserved 1048576K
}
{Heap before GC invocations=1091 (full 0):
 par new generation   total 115200K, used 103923K [0x00000000f0000000, 0x00000000f7d00000, 0x00000000f7d00000)
  eden space 102400K, 100% used [0x00000000f0000000, 0x00000000f6400000, 0x00000000f6400000)
  from space 12800K,  11% used [0x00000000f7080000, 0x00000000f71fcc68, 0x00000000f7d00000)
  to   space 12800K,   0% used [0x00000000f6400000, 0x00000000f6400000, 0x00000000f7080000)
 concurrent mark-sweep generation total 134144K, used 54758K [0x00000000f7d00000, 0x0000000100000000, 0x0000000100000000)
 Metaspace       used 65125K, capacity 69770K, committed 69888K, reserved 1110016K
  class space    used 8392K, capacity 9186K, committed 9216K, reserved 1048576K
2022-09-12T02:08:22.638+0800: 477.415: [GC (Allocation Failure)  158681K->56391K(249344K), 0.0041335 secs]
Heap after GC invocations=1092 (full 0):
 par new generation   total 115200K, used 1613K [0x00000000f0000000, 0x00000000f7d00000, 0x00000000f7d00000)
  eden space 102400K,   0% used [0x00000000f0000000, 0x00000000f0000000, 0x00000000f6400000)
  from space 12800K,  12% used [0x00000000f6400000, 0x00000000f65937f8, 0x00000000f7080000)
  to   space 12800K,   0% used [0x00000000f7080000, 0x00000000f7080000, 0x00000000f7d00000)
 concurrent mark-sweep generation total 134144K, used 54777K [0x00000000f7d00000, 0x0000000100000000, 0x0000000100000000)
 Metaspace       used 65125K, capacity 69770K, committed 69888K, reserved 1110016K
  class space    used 8392K, capacity 9186K, committed 9216K, reserved 1048576K
}
{Heap before GC invocations=1092 (full 0):
 par new generation   total 115200K, used 104013K [0x00000000f0000000, 0x00000000f7d00000, 0x00000000f7d00000)
  eden space 102400K, 100% used [0x00000000f0000000, 0x00000000f6400000, 0x00000000f6400000)
  from space 12800K,  12% used [0x00000000f6400000, 0x00000000f65937f8, 0x00000000f7080000)
  to   space 12800K,   0% used [0x00000000f7080000, 0x00000000f7080000, 0x00000000f7d00000)
 concurrent mark-sweep generation total 134144K, used 54777K [0x00000000f7d00000, 0x0000000100000000, 0x0000000100000000)
 Metaspace       used 65125K, capacity 69770K, committed 69888K, reserved 1110016K
  class space    used 8392K, capacity 9186K, committed 9216K, reserved 1048576K
2022-09-12T02:08:22.988+0800: 477.765: [GC (Allocation Failure)  158791K->56116K(249344K), 0.0043297 secs]
Heap after GC invocations=1093 (full 0):
 par new generation   total 115200K, used 1322K [0x00000000f0000000, 0x00000000f7d00000, 0x00000000f7d00000)
  eden space 102400K,   0% used [0x00000000f0000000, 0x00000000f0000000, 0x00000000f6400000)
  from space 12800K,  10% used [0x00000000f7080000, 0x00000000f71cabb8, 0x00000000f7d00000)
  to   space 12800K,   0% used [0x00000000f6400000, 0x00000000f6400000, 0x00000000f7080000)
 concurrent mark-sweep generation total 134144K, used 54793K [0x00000000f7d00000, 0x0000000100000000, 0x0000000100000000)
 Metaspace       used 65125K, capacity 69770K, committed 69888K, reserved 1110016K
  class space    used 8392K, capacity 9186K, committed 9216K, reserved 1048576K
}
{Heap before GC invocations=1093 (full 0):
 par new generation   total 115200K, used 103722K [0x00000000f0000000, 0x00000000f7d00000, 0x00000000f7d00000)
  eden space 102400K, 100% used [0x00000000f0000000, 0x00000000f6400000, 0x00000000f6400000)
  from space 12800K,  10% used [0x00000000f7080000, 0x00000000f71cabb8, 0x00000000f7d00000)
  to   space 12800K,   0% used [0x00000000f6400000, 0x00000000f6400000, 0x00000000f7080000)
 concurrent mark-sweep generation total 134144K, used 54793K [0x00000000f7d00000, 0x0000000100000000, 0x0000000100000000)
 Metaspace       used 65125K, capacity 69770K, committed 69888K, reserved 1110016K
  class space    used 8392K, capacity 9186K, committed 9216K, reserved 1048576K
2022-09-12T02:08:23.337+0800: 478.114: [GC (Allocation Failure)  158516K->56349K(249344K), 0.0040673 secs]
Heap after GC invocations=1094 (full 0):
 par new generation   total 115200K, used 1539K [0x00000000f0000000, 0x00000000f7d00000, 0x00000000f7d00000)
  eden space 102400K,   0% used [0x00000000f0000000, 0x00000000f0000000, 0x00000000f6400000)
  from space 12800K,  12% used [0x00000000f6400000, 0x00000000f6580d28, 0x00000000f7080000)
  to   space 12800K,   0% used [0x00000000f7080000, 0x00000000f7080000, 0x00000000f7d00000)
 concurrent mark-sweep generation total 134144K, used 54809K [0x00000000f7d00000, 0x0000000100000000, 0x0000000100000000)
 Metaspace       used 65125K, capacity 69770K, committed 69888K, reserved 1110016K
  class space    used 8392K, capacity 9186K, committed 9216K, reserved 1048576K
}
{Heap before GC invocations=1094 (full 0):
 par new generation   total 115200K, used 103939K [0x00000000f0000000, 0x00000000f7d00000, 0x00000000f7d00000)
  eden space 102400K, 100% used [0x00000000f0000000, 0x00000000f6400000, 0x00000000f6400000)
  from space 12800K,  12% used [0x00000000f6400000, 0x00000000f6580d28, 0x00000000f7080000)
  to   space 12800K,   0% used [0x00000000f7080000, 0x00000000f7080000, 0x00000000f7d00000)
 concurrent mark-sweep generation total 134144K, used 54809K [0x00000000f7d00000, 0x0000000100000000, 0x0000000100000000)
 Metaspace       used 65125K, capacity 69770K, committed 69888K, reserved 1110016K
  class space    used 8392K, capacity 9186K, committed 9216K, reserved 1048576K
2022-09-12T02:08:23.685+0800: 478.462: [GC (Allocation Failure)  158749K->56497K(249344K), 0.0041022 secs]
Heap after GC invocations=1095 (full 0):
 par new generation   total 115200K, used 1669K [0x00000000f0000000, 0x00000000f7d00000, 0x00000000f7d00000)
  eden space 102400K,   0% used [0x00000000f0000000, 0x00000000f0000000, 0x00000000f6400000)
  from space 12800K,  13% used [0x00000000f7080000, 0x00000000f72216e0, 0x00000000f7d00000)
  to   space 12800K,   0% used [0x00000000f6400000, 0x00000000f6400000, 0x00000000f7080000)
 concurrent mark-sweep generation total 134144K, used 54827K [0x00000000f7d00000, 0x0000000100000000, 0x0000000100000000)
 Metaspace       used 65125K, capacity 69770K, committed 69888K, reserved 1110016K
  class space    used 8392K, capacity 9186K, committed 9216K, reserved 1048576K
}
{Heap before GC invocations=1095 (full 0):
 par new generation   total 115200K, used 104069K [0x00000000f0000000, 0x00000000f7d00000, 0x00000000f7d00000)
  eden space 102400K, 100% used [0x00000000f0000000, 0x00000000f6400000, 0x00000000f6400000)
  from space 12800K,  13% used [0x00000000f7080000, 0x00000000f72216e0, 0x00000000f7d00000)
  to   space 12800K,   0% used [0x00000000f6400000, 0x00000000f6400000, 0x00000000f7080000)
 concurrent mark-sweep generation total 134144K, used 54827K [0x00000000f7d00000, 0x0000000100000000, 0x0000000100000000)
 Metaspace       used 65125K, capacity 69770K, committed 69888K, reserved 1110016K
  class space    used 8392K, capacity 9186K, committed 9216K, reserved 1048576K
2022-09-12T02:08:24.034+0800: 478.811: [GC (Allocation Failure)  158897K->56035K(249344K), 0.0040740 secs]
Heap after GC invocations=1096 (full 0):
 par new generation   total 115200K, used 1193K [0x00000000f0000000, 0x00000000f7d00000, 0x00000000f7d00000)
  eden space 102400K,   0% used [0x00000000f0000000, 0x00000000f0000000, 0x00000000f6400000)
  from space 12800K,   9% used [0x00000000f6400000, 0x00000000f652a500, 0x00000000f7080000)
  to   space 12800K,   0% used [0x00000000f7080000, 0x00000000f7080000, 0x00000000f7d00000)
 concurrent mark-sweep generation total 134144K, used 54841K [0x00000000f7d00000, 0x0000000100000000, 0x0000000100000000)
 Metaspace       used 65125K, capacity 69770K, committed 69888K, reserved 1110016K
  class space    used 8392K, capacity 9186K, committed 9216K, reserved 1048576K
}
{Heap before GC invocations=1096 (full 0):
 par new generation   total 115200K, used 103593K [0x00000000f0000000, 0x00000000f7d00000, 0x00000000f7d00000)
  eden space 102400K, 100% used [0x00000000f0000000, 0x00000000f6400000, 0x00000000f6400000)
  from space 12800K,   9% used [0x00000000f6400000, 0x00000000f652a500, 0x00000000f7080000)
  to   space 12800K,   0% used [0x00000000f7080000, 0x00000000f7080000, 0x00000000f7d00000)
 concurrent mark-sweep generation total 134144K, used 54841K [0x00000000f7d00000, 0x0000000100000000, 0x0000000100000000)
 Metaspace       used 65125K, capacity 69770K, committed 69888K, reserved 1110016K
  class space    used 8392K, capacity 9186K, committed 9216K, reserved 1048576K
2022-09-12T02:08:24.383+0800: 479.160: [GC (Allocation Failure)  158435K->56366K(249344K), 0.0041399 secs]
Heap after GC invocations=1097 (full 0):
 par new generation   total 115200K, used 1507K [0x00000000f0000000, 0x00000000f7d00000, 0x00000000f7d00000)
  eden space 102400K,   0% used [0x00000000f0000000, 0x00000000f0000000, 0x00000000f6400000)
  from space 12800K,  11% used [0x00000000f7080000, 0x00000000f71f8f98, 0x00000000f7d00000)
  to   space 12800K,   0% used [0x00000000f6400000, 0x00000000f6400000, 0x00000000f7080000)
 concurrent mark-sweep generation total 134144K, used 54858K [0x00000000f7d00000, 0x0000000100000000, 0x0000000100000000)
 Metaspace       used 65125K, capacity 69770K, committed 69888K, reserved 1110016K
  class space    used 8392K, capacity 9186K, committed 9216K, reserved 1048576K
}
{Heap before GC invocations=1097 (full 0):
 par new generation   total 115200K, used 103907K [0x00000000f0000000, 0x00000000f7d00000, 0x00000000f7d00000)
  eden space 102400K, 100% used [0x00000000f0000000, 0x00000000f6400000, 0x00000000f6400000)
  from space 12800K,  11% used [0x00000000f7080000, 0x00000000f71f8f98, 0x00000000f7d00000)
  to   space 12800K,   0% used [0x00000000f6400000, 0x00000000f6400000, 0x00000000f7080000)
 concurrent mark-sweep generation total 134144K, used 54858K [0x00000000f7d00000, 0x0000000100000000, 0x0000000100000000)
 Metaspace       used 65125K, capacity 69770K, committed 69888K, reserved 1110016K
  class space    used 8392K, capacity 9186K, committed 9216K, reserved 1048576K
2022-09-12T02:08:24.732+0800: 479.509: [GC (Allocation Failure)  158766K->56564K(249344K), 0.0041639 secs]
Heap after GC invocations=1098 (full 0):
 par new generation   total 115200K, used 1690K [0x00000000f0000000, 0x00000000f7d00000, 0x00000000f7d00000)
  eden space 102400K,   0% used [0x00000000f0000000, 0x00000000f0000000, 0x00000000f6400000)
  from space 12800K,  13% used [0x00000000f6400000, 0x00000000f65a6b50, 0x00000000f7080000)
  to   space 12800K,   0% used [0x00000000f7080000, 0x00000000f7080000, 0x00000000f7d00000)
 concurrent mark-sweep generation total 134144K, used 54873K [0x00000000f7d00000, 0x0000000100000000, 0x0000000100000000)
 Metaspace       used 65125K, capacity 69770K, committed 69888K, reserved 1110016K
  class space    used 8392K, capacity 9186K, committed 9216K, reserved 1048576K
}
{Heap before GC invocations=1098 (full 0):
 par new generation   total 115200K, used 104077K [0x00000000f0000000, 0x00000000f7d00000, 0x00000000f7d00000)
  eden space 102400K,  99% used [0x00000000f0000000, 0x00000000f63fc920, 0x00000000f6400000)
  from space 12800K,  13% used [0x00000000f6400000, 0x00000000f65a6b50, 0x00000000f7080000)
  to   space 12800K,   0% used [0x00000000f7080000, 0x00000000f7080000, 0x00000000f7d00000)
 concurrent mark-sweep generation total 134144K, used 54873K [0x00000000f7d00000, 0x0000000100000000, 0x0000000100000000)
 Metaspace       used 65125K, capacity 69770K, committed 69888K, reserved 1110016K
  class space    used 8392K, capacity 9186K, committed 9216K, reserved 1048576K
2022-09-12T02:08:25.085+0800: 479.863: [GC (Allocation Failure)  158950K->56109K(249344K), 0.0040461 secs]
Heap after GC invocations=1099 (full 0):
 par new generation   total 115200K, used 1221K [0x00000000f0000000, 0x00000000f7d00000, 0x00000000f7d00000)
  eden space 102400K,   0% used [0x00000000f0000000, 0x00000000f0000000, 0x00000000f6400000)
  from space 12800K,   9% used [0x00000000f7080000, 0x00000000f71b1600, 0x00000000f7d00000)
  to   space 12800K,   0% used [0x00000000f6400000, 0x00000000f6400000, 0x00000000f7080000)
 concurrent mark-sweep generation total 134144K, used 54887K [0x00000000f7d00000, 0x0000000100000000, 0x0000000100000000)
 Metaspace       used 65125K, capacity 69770K, committed 69888K, reserved 1110016K
  class space    used 8392K, capacity 9186K, committed 9216K, reserved 1048576K
}
{Heap before GC invocations=1099 (full 0):
 par new generation   total 115200K, used 103621K [0x00000000f0000000, 0x00000000f7d00000, 0x00000000f7d00000)
  eden space 102400K, 100% used [0x00000000f0000000, 0x00000000f6400000, 0x00000000f6400000)
  from space 12800K,   9% used [0x00000000f7080000, 0x00000000f71b1600, 0x00000000f7d00000)
  to   space 12800K,   0% used [0x00000000f6400000, 0x00000000f6400000, 0x00000000f7080000)
 concurrent mark-sweep generation total 134144K, used 54887K [0x00000000f7d00000, 0x0000000100000000, 0x0000000100000000)
 Metaspace       used 65125K, capacity 69770K, committed 69888K, reserved 1110016K
  class space    used 8392K, capacity 9186K, committed 9216K, reserved 1048576K
2022-09-12T02:08:25.434+0800: 480.211: [GC (Allocation Failure)  158509K->56408K(249344K), 0.0045420 secs]
Heap after GC invocations=1100 (full 0):
 par new generation   total 115200K, used 1502K [0x00000000f0000000, 0x00000000f7d00000, 0x00000000f7d00000)
  eden space 102400K,   0% used [0x00000000f0000000, 0x00000000f0000000, 0x00000000f6400000)
  from space 12800K,  11% used [0x00000000f6400000, 0x00000000f65779f0, 0x00000000f7080000)
  to   space 12800K,   0% used [0x00000000f7080000, 0x00000000f7080000, 0x00000000f7d00000)
 concurrent mark-sweep generation total 134144K, used 54905K [0x00000000f7d00000, 0x0000000100000000, 0x0000000100000000)
 Metaspace       used 65125K, capacity 69770K, committed 69888K, reserved 1110016K
  class space    used 8392K, capacity 9186K, committed 9216K, reserved 1048576K
}
{Heap before GC invocations=1100 (full 0):
 par new generation   total 115200K, used 103902K [0x00000000f0000000, 0x00000000f7d00000, 0x00000000f7d00000)
  eden space 102400K, 100% used [0x00000000f0000000, 0x00000000f6400000, 0x00000000f6400000)
  from space 12800K,  11% used [0x00000000f6400000, 0x00000000f65779f0, 0x00000000f7080000)
  to   space 12800K,   0% used [0x00000000f7080000, 0x00000000f7080000, 0x00000000f7d00000)
 concurrent mark-sweep generation total 134144K, used 54905K [0x00000000f7d00000, 0x0000000100000000, 0x0000000100000000)
 Metaspace       used 65125K, capacity 69770K, committed 69888K, reserved 1110016K
  class space    used 8392K, capacity 9186K, committed 9216K, reserved 1048576K
2022-09-12T02:08:25.782+0800: 480.560: [GC (Allocation Failure)  158808K->56554K(249344K), 0.0040226 secs]
Heap after GC invocations=1101 (full 0):
 par new generation   total 115200K, used 1633K [0x00000000f0000000, 0x00000000f7d00000, 0x00000000f7d00000)
  eden space 102400K,   0% used [0x00000000f0000000, 0x00000000f0000000, 0x00000000f6400000)
  from space 12800K,  12% used [0x00000000f7080000, 0x00000000f7218798, 0x00000000f7d00000)
  to   space 12800K,   0% used [0x00000000f6400000, 0x00000000f6400000, 0x00000000f7080000)
 concurrent mark-sweep generation total 134144K, used 54920K [0x00000000f7d00000, 0x0000000100000000, 0x0000000100000000)
 Metaspace       used 65125K, capacity 69770K, committed 69888K, reserved 1110016K
  class space    used 8392K, capacity 9186K, committed 9216K, reserved 1048576K
}
{Heap before GC invocations=1101 (full 0):
 par new generation   total 115200K, used 104033K [0x00000000f0000000, 0x00000000f7d00000, 0x00000000f7d00000)
  eden space 102400K, 100% used [0x00000000f0000000, 0x00000000f6400000, 0x00000000f6400000)
  from space 12800K,  12% used [0x00000000f7080000, 0x00000000f7218798, 0x00000000f7d00000)
  to   space 12800K,   0% used [0x00000000f6400000, 0x00000000f6400000, 0x00000000f7080000)
 concurrent mark-sweep generation total 134144K, used 54920K [0x00000000f7d00000, 0x0000000100000000, 0x0000000100000000)
 Metaspace       used 65125K, capacity 69770K, committed 69888K, reserved 1110016K
  class space    used 8392K, capacity 9186K, committed 9216K, reserved 1048576K
2022-09-12T02:08:26.130+0800: 480.908: [GC (Allocation Failure)  158954K->56267K(249344K), 0.0041374 secs]
Heap after GC invocations=1102 (full 0):
 par new generation   total 115200K, used 1328K [0x00000000f0000000, 0x00000000f7d00000, 0x00000000f7d00000)
  eden space 102400K,   0% used [0x00000000f0000000, 0x00000000f0000000, 0x00000000f6400000)
  from space 12800K,  10% used [0x00000000f6400000, 0x00000000f654c310, 0x00000000f7080000)
  to   space 12800K,   0% used [0x00000000f7080000, 0x00000000f7080000, 0x00000000f7d00000)
 concurrent mark-sweep generation total 134144K, used 54938K [0x00000000f7d00000, 0x0000000100000000, 0x0000000100000000)
 Metaspace       used 65125K, capacity 69770K, committed 69888K, reserved 1110016K
  class space    used 8392K, capacity 9186K, committed 9216K, reserved 1048576K
}
{Heap before GC invocations=1102 (full 0):
 par new generation   total 115200K, used 103728K [0x00000000f0000000, 0x00000000f7d00000, 0x00000000f7d00000)
  eden space 102400K, 100% used [0x00000000f0000000, 0x00000000f6400000, 0x00000000f6400000)
  from space 12800K,  10% used [0x00000000f6400000, 0x00000000f654c310, 0x00000000f7080000)
  to   space 12800K,   0% used [0x00000000f7080000, 0x00000000f7080000, 0x00000000f7d00000)
 concurrent mark-sweep generation total 134144K, used 54938K [0x00000000f7d00000, 0x0000000100000000, 0x0000000100000000)
 Metaspace       used 65128K, capacity 69770K, committed 69888K, reserved 1110016K
  class space    used 8392K, capacity 9186K, committed 9216K, reserved 1048576K
2022-09-12T02:08:26.475+0800: 481.253: [GC (Allocation Failure)  158667K->56501K(249344K), 0.0040999 secs]
Heap after GC invocations=1103 (full 0):
 par new generation   total 115200K, used 1545K [0x00000000f0000000, 0x00000000f7d00000, 0x00000000f7d00000)
  eden space 102400K,   0% used [0x00000000f0000000, 0x00000000f0000000, 0x00000000f6400000)
  from space 12800K,  12% used [0x00000000f7080000, 0x00000000f7202688, 0x00000000f7d00000)
  to   space 12800K,   0% used [0x00000000f6400000, 0x00000000f6400000, 0x00000000f7080000)
 concurrent mark-sweep generation total 134144K, used 54955K [0x00000000f7d00000, 0x0000000100000000, 0x0000000100000000)
 Metaspace       used 65128K, capacity 69770K, committed 69888K, reserved 1110016K
  class space    used 8392K, capacity 9186K, committed 9216K, reserved 1048576K
}
{Heap before GC invocations=1103 (full 0):
 par new generation   total 115200K, used 103945K [0x00000000f0000000, 0x00000000f7d00000, 0x00000000f7d00000)
  eden space 102400K, 100% used [0x00000000f0000000, 0x00000000f6400000, 0x00000000f6400000)
  from space 12800K,  12% used [0x00000000f7080000, 0x00000000f7202688, 0x00000000f7d00000)
  to   space 12800K,   0% used [0x00000000f6400000, 0x00000000f6400000, 0x00000000f7080000)
 concurrent mark-sweep generation total 134144K, used 54955K [0x00000000f7d00000, 0x0000000100000000, 0x0000000100000000)
 Metaspace       used 65128K, capacity 69770K, committed 69888K, reserved 1110016K
  class space    used 8392K, capacity 9186K, committed 9216K, reserved 1048576K
2022-09-12T02:08:26.823+0800: 481.601: [GC (Allocation Failure)  158901K->56639K(249344K), 0.0040345 secs]
Heap after GC invocations=1104 (full 0):
 par new generation   total 115200K, used 1667K [0x00000000f0000000, 0x00000000f7d00000, 0x00000000f7d00000)
  eden space 102400K,   0% used [0x00000000f0000000, 0x00000000f0000000, 0x00000000f6400000)
  from space 12800K,  13% used [0x00000000f6400000, 0x00000000f65a0ec8, 0x00000000f7080000)
  to   space 12800K,   0% used [0x00000000f7080000, 0x00000000f7080000, 0x00000000f7d00000)
 concurrent mark-sweep generation total 134144K, used 54971K [0x00000000f7d00000, 0x0000000100000000, 0x0000000100000000)
 Metaspace       used 65128K, capacity 69770K, committed 69888K, reserved 1110016K
  class space    used 8392K, capacity 9186K, committed 9216K, reserved 1048576K
}
{Heap before GC invocations=1104 (full 0):
 par new generation   total 115200K, used 104067K [0x00000000f0000000, 0x00000000f7d00000, 0x00000000f7d00000)
  eden space 102400K, 100% used [0x00000000f0000000, 0x00000000f6400000, 0x00000000f6400000)
  from space 12800K,  13% used [0x00000000f6400000, 0x00000000f65a0ec8, 0x00000000f7080000)
  to   space 12800K,   0% used [0x00000000f7080000, 0x00000000f7080000, 0x00000000f7d00000)
 concurrent mark-sweep generation total 134144K, used 54971K [0x00000000f7d00000, 0x0000000100000000, 0x0000000100000000)
 Metaspace       used 65128K, capacity 69770K, committed 69888K, reserved 1110016K
  class space    used 8392K, capacity 9186K, committed 9216K, reserved 1048576K
2022-09-12T02:08:27.173+0800: 481.951: [GC (Allocation Failure)  159039K->56346K(249344K), 0.0043635 secs]
Heap after GC invocations=1105 (full 0):
 par new generation   total 115200K, used 1360K [0x00000000f0000000, 0x00000000f7d00000, 0x00000000f7d00000)
  eden space 102400K,   0% used [0x00000000f0000000, 0x00000000f0000000, 0x00000000f6400000)
  from space 12800K,  10% used [0x00000000f7080000, 0x00000000f71d41e8, 0x00000000f7d00000)
  to   space 12800K,   0% used [0x00000000f6400000, 0x00000000f6400000, 0x00000000f7080000)
 concurrent mark-sweep generation total 134144K, used 54986K [0x00000000f7d00000, 0x0000000100000000, 0x0000000100000000)
 Metaspace       used 65128K, capacity 69770K, committed 69888K, reserved 1110016K
  class space    used 8392K, capacity 9186K, committed 9216K, reserved 1048576K
}
{Heap before GC invocations=1105 (full 0):
 par new generation   total 115200K, used 103760K [0x00000000f0000000, 0x00000000f7d00000, 0x00000000f7d00000)
  eden space 102400K, 100% used [0x00000000f0000000, 0x00000000f6400000, 0x00000000f6400000)
  from space 12800K,  10% used [0x00000000f7080000, 0x00000000f71d41e8, 0x00000000f7d00000)
  to   space 12800K,   0% used [0x00000000f6400000, 0x00000000f6400000, 0x00000000f7080000)
 concurrent mark-sweep generation total 134144K, used 54986K [0x00000000f7d00000, 0x0000000100000000, 0x0000000100000000)
 Metaspace       used 65128K, capacity 69770K, committed 69888K, reserved 1110016K
  class space    used 8392K, capacity 9186K, committed 9216K, reserved 1048576K
2022-09-12T02:08:27.527+0800: 482.304: [GC (Allocation Failure)  158746K->56545K(249344K), 0.0040175 secs]
Heap after GC invocations=1106 (full 0):
 par new generation   total 115200K, used 1546K [0x00000000f0000000, 0x00000000f7d00000, 0x00000000f7d00000)
  eden space 102400K,   0% used [0x00000000f0000000, 0x00000000f0000000, 0x00000000f6400000)
  from space 12800K,  12% used [0x00000000f6400000, 0x00000000f6582ae8, 0x00000000f7080000)
  to   space 12800K,   0% used [0x00000000f7080000, 0x00000000f7080000, 0x00000000f7d00000)
 concurrent mark-sweep generation total 134144K, used 54998K [0x00000000f7d00000, 0x0000000100000000, 0x0000000100000000)
 Metaspace       used 65128K, capacity 69770K, committed 69888K, reserved 1110016K
  class space    used 8392K, capacity 9186K, committed 9216K, reserved 1048576K
}
{Heap before GC invocations=1106 (full 0):
 par new generation   total 115200K, used 103946K [0x00000000f0000000, 0x00000000f7d00000, 0x00000000f7d00000)
  eden space 102400K, 100% used [0x00000000f0000000, 0x00000000f6400000, 0x00000000f6400000)
  from space 12800K,  12% used [0x00000000f6400000, 0x00000000f6582ae8, 0x00000000f7080000)
  to   space 12800K,   0% used [0x00000000f7080000, 0x00000000f7080000, 0x00000000f7d00000)
 concurrent mark-sweep generation total 134144K, used 54998K [0x00000000f7d00000, 0x0000000100000000, 0x0000000100000000)
 Metaspace       used 65128K, capacity 69770K, committed 69888K, reserved 1110016K
  class space    used 8392K, capacity 9186K, committed 9216K, reserved 1048576K
2022-09-12T02:08:27.875+0800: 482.652: [GC (Allocation Failure)  158945K->56666K(249344K), 0.0041771 secs]
Heap after GC invocations=1107 (full 0):
 par new generation   total 115200K, used 1651K [0x00000000f0000000, 0x00000000f7d00000, 0x00000000f7d00000)
  eden space 102400K,   0% used [0x00000000f0000000, 0x00000000f0000000, 0x00000000f6400000)
  from space 12800K,  12% used [0x00000000f7080000, 0x00000000f721cd98, 0x00000000f7d00000)
  to   space 12800K,   0% used [0x00000000f6400000, 0x00000000f6400000, 0x00000000f7080000)
 concurrent mark-sweep generation total 134144K, used 55015K [0x00000000f7d00000, 0x0000000100000000, 0x0000000100000000)
 Metaspace       used 65128K, capacity 69770K, committed 69888K, reserved 1110016K
  class space    used 8392K, capacity 9186K, committed 9216K, reserved 1048576K
}
{Heap before GC invocations=1107 (full 0):
 par new generation   total 115200K, used 104051K [0x00000000f0000000, 0x00000000f7d00000, 0x00000000f7d00000)
  eden space 102400K, 100% used [0x00000000f0000000, 0x00000000f6400000, 0x00000000f6400000)
  from space 12800K,  12% used [0x00000000f7080000, 0x00000000f721cd98, 0x00000000f7d00000)
  to   space 12800K,   0% used [0x00000000f6400000, 0x00000000f6400000, 0x00000000f7080000)
 concurrent mark-sweep generation total 134144K, used 55015K [0x00000000f7d00000, 0x0000000100000000, 0x0000000100000000)
 Metaspace       used 65128K, capacity 69770K, committed 69888K, reserved 1110016K
  class space    used 8392K, capacity 9186K, committed 9216K, reserved 1048576K
2022-09-12T02:08:28.224+0800: 483.001: [GC (Allocation Failure)  159066K->56372K(249344K), 0.0041436 secs]
Heap after GC invocations=1108 (full 0):
 par new generation   total 115200K, used 1341K [0x00000000f0000000, 0x00000000f7d00000, 0x00000000f7d00000)
  eden space 102400K,   0% used [0x00000000f0000000, 0x00000000f0000000, 0x00000000f6400000)
  from space 12800K,  10% used [0x00000000f6400000, 0x00000000f654f7a8, 0x00000000f7080000)
  to   space 12800K,   0% used [0x00000000f7080000, 0x00000000f7080000, 0x00000000f7d00000)
 concurrent mark-sweep generation total 134144K, used 55030K [0x00000000f7d00000, 0x0000000100000000, 0x0000000100000000)
 Metaspace       used 65128K, capacity 69770K, committed 69888K, reserved 1110016K
  class space    used 8392K, capacity 9186K, committed 9216K, reserved 1048576K
}
{Heap before GC invocations=1108 (full 0):
 par new generation   total 115200K, used 103741K [0x00000000f0000000, 0x00000000f7d00000, 0x00000000f7d00000)
  eden space 102400K, 100% used [0x00000000f0000000, 0x00000000f6400000, 0x00000000f6400000)
  from space 12800K,  10% used [0x00000000f6400000, 0x00000000f654f7a8, 0x00000000f7080000)
  to   space 12800K,   0% used [0x00000000f7080000, 0x00000000f7080000, 0x00000000f7d00000)
 concurrent mark-sweep generation total 134144K, used 55030K [0x00000000f7d00000, 0x0000000100000000, 0x0000000100000000)
 Metaspace       used 65128K, capacity 69770K, committed 69888K, reserved 1110016K
  class space    used 8392K, capacity 9186K, committed 9216K, reserved 1048576K
2022-09-12T02:08:28.572+0800: 483.350: [GC (Allocation Failure)  158772K->56582K(249344K), 0.0040330 secs]
Heap after GC invocations=1109 (full 0):
 par new generation   total 115200K, used 1533K [0x00000000f0000000, 0x00000000f7d00000, 0x00000000f7d00000)
  eden space 102400K,   0% used [0x00000000f0000000, 0x00000000f0000000, 0x00000000f6400000)
  from space 12800K,  11% used [0x00000000f7080000, 0x00000000f71ff5c0, 0x00000000f7d00000)
  to   space 12800K,   0% used [0x00000000f6400000, 0x00000000f6400000, 0x00000000f7080000)
 concurrent mark-sweep generation total 134144K, used 55048K [0x00000000f7d00000, 0x0000000100000000, 0x0000000100000000)
 Metaspace       used 65128K, capacity 69770K, committed 69888K, reserved 1110016K
  class space    used 8392K, capacity 9186K, committed 9216K, reserved 1048576K
}
{Heap before GC invocations=1109 (full 0):
 par new generation   total 115200K, used 103933K [0x00000000f0000000, 0x00000000f7d00000, 0x00000000f7d00000)
  eden space 102400K, 100% used [0x00000000f0000000, 0x00000000f6400000, 0x00000000f6400000)
  from space 12800K,  11% used [0x00000000f7080000, 0x00000000f71ff5c0, 0x00000000f7d00000)
  to   space 12800K,   0% used [0x00000000f6400000, 0x00000000f6400000, 0x00000000f7080000)
 concurrent mark-sweep generation total 134144K, used 55048K [0x00000000f7d00000, 0x0000000100000000, 0x0000000100000000)
 Metaspace       used 65128K, capacity 69770K, committed 69888K, reserved 1110016K
  class space    used 8392K, capacity 9186K, committed 9216K, reserved 1048576K
2022-09-12T02:08:28.920+0800: 483.698: [GC (Allocation Failure)  158982K->56721K(249344K), 0.0040437 secs]
Heap after GC invocations=1110 (full 0):
 par new generation   total 115200K, used 1652K [0x00000000f0000000, 0x00000000f7d00000, 0x00000000f7d00000)
  eden space 102400K,   0% used [0x00000000f0000000, 0x00000000f0000000, 0x00000000f6400000)
  from space 12800K,  12% used [0x00000000f6400000, 0x00000000f659d0e0, 0x00000000f7080000)
  to   space 12800K,   0% used [0x00000000f7080000, 0x00000000f7080000, 0x00000000f7d00000)
 concurrent mark-sweep generation total 134144K, used 55069K [0x00000000f7d00000, 0x0000000100000000, 0x0000000100000000)
 Metaspace       used 65128K, capacity 69770K, committed 69888K, reserved 1110016K
  class space    used 8392K, capacity 9186K, committed 9216K, reserved 1048576K
}
{Heap before GC invocations=1110 (full 0):
 par new generation   total 115200K, used 104052K [0x00000000f0000000, 0x00000000f7d00000, 0x00000000f7d00000)
  eden space 102400K, 100% used [0x00000000f0000000, 0x00000000f6400000, 0x00000000f6400000)
  from space 12800K,  12% used [0x00000000f6400000, 0x00000000f659d0e0, 0x00000000f7080000)
  to   space 12800K,   0% used [0x00000000f7080000, 0x00000000f7080000, 0x00000000f7d00000)
 concurrent mark-sweep generation total 134144K, used 55069K [0x00000000f7d00000, 0x0000000100000000, 0x0000000100000000)
 Metaspace       used 65128K, capacity 69770K, committed 69888K, reserved 1110016K
  class space    used 8392K, capacity 9186K, committed 9216K, reserved 1048576K
2022-09-12T02:08:29.268+0800: 484.046: [GC (Allocation Failure)  159121K->56277K(249344K), 0.0040849 secs]
Heap after GC invocations=1111 (full 0):
 par new generation   total 115200K, used 1193K [0x00000000f0000000, 0x00000000f7d00000, 0x00000000f7d00000)
  eden space 102400K,   0% used [0x00000000f0000000, 0x00000000f0000000, 0x00000000f6400000)
  from space 12800K,   9% used [0x00000000f7080000, 0x00000000f71aa540, 0x00000000f7d00000)
  to   space 12800K,   0% used [0x00000000f6400000, 0x00000000f6400000, 0x00000000f7080000)
 concurrent mark-sweep generation total 134144K, used 55084K [0x00000000f7d00000, 0x0000000100000000, 0x0000000100000000)
 Metaspace       used 65128K, capacity 69770K, committed 69888K, reserved 1110016K
  class space    used 8392K, capacity 9186K, committed 9216K, reserved 1048576K
}
{Heap before GC invocations=1111 (full 0):
 par new generation   total 115200K, used 103593K [0x00000000f0000000, 0x00000000f7d00000, 0x00000000f7d00000)
  eden space 102400K, 100% used [0x00000000f0000000, 0x00000000f6400000, 0x00000000f6400000)
  from space 12800K,   9% used [0x00000000f7080000, 0x00000000f71aa540, 0x00000000f7d00000)
  to   space 12800K,   0% used [0x00000000f6400000, 0x00000000f6400000, 0x00000000f7080000)
 concurrent mark-sweep generation total 134144K, used 55084K [0x00000000f7d00000, 0x0000000100000000, 0x0000000100000000)
 Metaspace       used 65128K, capacity 69770K, committed 69888K, reserved 1110016K
  class space    used 8392K, capacity 9186K, committed 9216K, reserved 1048576K
2022-09-12T02:08:29.617+0800: 484.394: [GC (Allocation Failure)  158677K->56635K(249344K), 0.0040354 secs]
Heap after GC invocations=1112 (full 0):
 par new generation   total 115200K, used 1536K [0x00000000f0000000, 0x00000000f7d00000, 0x00000000f7d00000)
  eden space 102400K,   0% used [0x00000000f0000000, 0x00000000f0000000, 0x00000000f6400000)
  from space 12800K,  12% used [0x00000000f6400000, 0x00000000f6580388, 0x00000000f7080000)
  to   space 12800K,   0% used [0x00000000f7080000, 0x00000000f7080000, 0x00000000f7d00000)
 concurrent mark-sweep generation total 134144K, used 55098K [0x00000000f7d00000, 0x0000000100000000, 0x0000000100000000)
 Metaspace       used 65128K, capacity 69770K, committed 69888K, reserved 1110016K
  class space    used 8392K, capacity 9186K, committed 9216K, reserved 1048576K
}
{Heap before GC invocations=1112 (full 0):
 par new generation   total 115200K, used 103936K [0x00000000f0000000, 0x00000000f7d00000, 0x00000000f7d00000)
  eden space 102400K, 100% used [0x00000000f0000000, 0x00000000f6400000, 0x00000000f6400000)
  from space 12800K,  12% used [0x00000000f6400000, 0x00000000f6580388, 0x00000000f7080000)
  to   space 12800K,   0% used [0x00000000f7080000, 0x00000000f7080000, 0x00000000f7d00000)
 concurrent mark-sweep generation total 134144K, used 55098K [0x00000000f7d00000, 0x0000000100000000, 0x0000000100000000)
 Metaspace       used 65128K, capacity 69770K, committed 69888K, reserved 1110016K
  class space    used 8392K, capacity 9186K, committed 9216K, reserved 1048576K
2022-09-12T02:08:29.964+0800: 484.742: [GC (Allocation Failure)  159035K->56767K(249344K), 0.0041233 secs]
Heap after GC invocations=1113 (full 0):
 par new generation   total 115200K, used 1650K [0x00000000f0000000, 0x00000000f7d00000, 0x00000000f7d00000)
  eden space 102400K,   0% used [0x00000000f0000000, 0x00000000f0000000, 0x00000000f6400000)
  from space 12800K,  12% used [0x00000000f7080000, 0x00000000f721c8c8, 0x00000000f7d00000)
  to   space 12800K,   0% used [0x00000000f6400000, 0x00000000f6400000, 0x00000000f7080000)
 concurrent mark-sweep generation total 134144K, used 55117K [0x00000000f7d00000, 0x0000000100000000, 0x0000000100000000)
 Metaspace       used 65128K, capacity 69770K, committed 69888K, reserved 1110016K
  class space    used 8392K, capacity 9186K, committed 9216K, reserved 1048576K
}
{Heap before GC invocations=1113 (full 0):
 par new generation   total 115200K, used 104050K [0x00000000f0000000, 0x00000000f7d00000, 0x00000000f7d00000)
  eden space 102400K, 100% used [0x00000000f0000000, 0x00000000f6400000, 0x00000000f6400000)
  from space 12800K,  12% used [0x00000000f7080000, 0x00000000f721c8c8, 0x00000000f7d00000)
  to   space 12800K,   0% used [0x00000000f6400000, 0x00000000f6400000, 0x00000000f7080000)
 concurrent mark-sweep generation total 134144K, used 55117K [0x00000000f7d00000, 0x0000000100000000, 0x0000000100000000)
 Metaspace       used 65128K, capacity 69770K, committed 69888K, reserved 1110016K
  class space    used 8392K, capacity 9186K, committed 9216K, reserved 1048576K
2022-09-12T02:08:30.314+0800: 485.091: [GC (Allocation Failure)  159167K->56493K(249344K), 0.0041097 secs]
Heap after GC invocations=1114 (full 0):
 par new generation   total 115200K, used 1364K [0x00000000f0000000, 0x00000000f7d00000, 0x00000000f7d00000)
  eden space 102400K,   0% used [0x00000000f0000000, 0x00000000f0000000, 0x00000000f6400000)
  from space 12800K,  10% used [0x00000000f6400000, 0x00000000f6555118, 0x00000000f7080000)
  to   space 12800K,   0% used [0x00000000f7080000, 0x00000000f7080000, 0x00000000f7d00000)
 concurrent mark-sweep generation total 134144K, used 55129K [0x00000000f7d00000, 0x0000000100000000, 0x0000000100000000)
 Metaspace       used 65128K, capacity 69770K, committed 69888K, reserved 1110016K
  class space    used 8392K, capacity 9186K, committed 9216K, reserved 1048576K
}
{Heap before GC invocations=1114 (full 0):
 par new generation   total 115200K, used 103764K [0x00000000f0000000, 0x00000000f7d00000, 0x00000000f7d00000)
  eden space 102400K, 100% used [0x00000000f0000000, 0x00000000f6400000, 0x00000000f6400000)
  from space 12800K,  10% used [0x00000000f6400000, 0x00000000f6555118, 0x00000000f7080000)
  to   space 12800K,   0% used [0x00000000f7080000, 0x00000000f7080000, 0x00000000f7d00000)
 concurrent mark-sweep generation total 134144K, used 55129K [0x00000000f7d00000, 0x0000000100000000, 0x0000000100000000)
 Metaspace       used 65128K, capacity 69770K, committed 69888K, reserved 1110016K
  class space    used 8392K, capacity 9186K, committed 9216K, reserved 1048576K
2022-09-12T02:08:30.661+0800: 485.439: [GC (Allocation Failure)  158893K->56692K(249344K), 0.0041657 secs]
Heap after GC invocations=1115 (full 0):
 par new generation   total 115200K, used 1545K [0x00000000f0000000, 0x00000000f7d00000, 0x00000000f7d00000)
  eden space 102400K,   0% used [0x00000000f0000000, 0x00000000f0000000, 0x00000000f6400000)
  from space 12800K,  12% used [0x00000000f7080000, 0x00000000f7202458, 0x00000000f7d00000)
  to   space 12800K,   0% used [0x00000000f6400000, 0x00000000f6400000, 0x00000000f7080000)
 concurrent mark-sweep generation total 134144K, used 55147K [0x00000000f7d00000, 0x0000000100000000, 0x0000000100000000)
 Metaspace       used 65128K, capacity 69770K, committed 69888K, reserved 1110016K
  class space    used 8392K, capacity 9186K, committed 9216K, reserved 1048576K
}
{Heap before GC invocations=1115 (full 0):
 par new generation   total 115200K, used 103945K [0x00000000f0000000, 0x00000000f7d00000, 0x00000000f7d00000)
  eden space 102400K, 100% used [0x00000000f0000000, 0x00000000f6400000, 0x00000000f6400000)
  from space 12800K,  12% used [0x00000000f7080000, 0x00000000f7202458, 0x00000000f7d00000)
  to   space 12800K,   0% used [0x00000000f6400000, 0x00000000f6400000, 0x00000000f7080000)
 concurrent mark-sweep generation total 134144K, used 55147K [0x00000000f7d00000, 0x0000000100000000, 0x0000000100000000)
 Metaspace       used 65128K, capacity 69770K, committed 69888K, reserved 1110016K
  class space    used 8392K, capacity 9186K, committed 9216K, reserved 1048576K
2022-09-12T02:08:31.020+0800: 485.798: [GC (Allocation Failure)  159092K->56848K(249344K), 0.0040609 secs]
Heap after GC invocations=1116 (full 0):
 par new generation   total 115200K, used 1687K [0x00000000f0000000, 0x00000000f7d00000, 0x00000000f7d00000)
  eden space 102400K,   0% used [0x00000000f0000000, 0x00000000f0000000, 0x00000000f6400000)
  from space 12800K,  13% used [0x00000000f6400000, 0x00000000f65a5dc0, 0x00000000f7080000)
  to   space 12800K,   0% used [0x00000000f7080000, 0x00000000f7080000, 0x00000000f7d00000)
 concurrent mark-sweep generation total 134144K, used 55161K [0x00000000f7d00000, 0x0000000100000000, 0x0000000100000000)
 Metaspace       used 65128K, capacity 69770K, committed 69888K, reserved 1110016K
  class space    used 8392K, capacity 9186K, committed 9216K, reserved 1048576K
}
{Heap before GC invocations=1116 (full 0):
 par new generation   total 115200K, used 104087K [0x00000000f0000000, 0x00000000f7d00000, 0x00000000f7d00000)
  eden space 102400K, 100% used [0x00000000f0000000, 0x00000000f6400000, 0x00000000f6400000)
  from space 12800K,  13% used [0x00000000f6400000, 0x00000000f65a5dc0, 0x00000000f7080000)
  to   space 12800K,   0% used [0x00000000f7080000, 0x00000000f7080000, 0x00000000f7d00000)
 concurrent mark-sweep generation total 134144K, used 55161K [0x00000000f7d00000, 0x0000000100000000, 0x0000000100000000)
 Metaspace       used 65128K, capacity 69770K, committed 69888K, reserved 1110016K
  class space    used 8392K, capacity 9186K, committed 9216K, reserved 1048576K
2022-09-12T02:08:31.368+0800: 486.145: [GC (Allocation Failure)  159248K->56373K(249344K), 0.0041765 secs]
Heap after GC invocations=1117 (full 0):
 par new generation   total 115200K, used 1193K [0x00000000f0000000, 0x00000000f7d00000, 0x00000000f7d00000)
  eden space 102400K,   0% used [0x00000000f0000000, 0x00000000f0000000, 0x00000000f6400000)
  from space 12800K,   9% used [0x00000000f7080000, 0x00000000f71aa640, 0x00000000f7d00000)
  to   space 12800K,   0% used [0x00000000f6400000, 0x00000000f6400000, 0x00000000f7080000)
 concurrent mark-sweep generation total 134144K, used 55180K [0x00000000f7d00000, 0x0000000100000000, 0x0000000100000000)
 Metaspace       used 65128K, capacity 69770K, committed 69888K, reserved 1110016K
  class space    used 8392K, capacity 9186K, committed 9216K, reserved 1048576K
}
{Heap before GC invocations=1117 (full 0):
 par new generation   total 115200K, used 103593K [0x00000000f0000000, 0x00000000f7d00000, 0x00000000f7d00000)
  eden space 102400K, 100% used [0x00000000f0000000, 0x00000000f6400000, 0x00000000f6400000)
  from space 12800K,   9% used [0x00000000f7080000, 0x00000000f71aa640, 0x00000000f7d00000)
  to   space 12800K,   0% used [0x00000000f6400000, 0x00000000f6400000, 0x00000000f7080000)
 concurrent mark-sweep generation total 134144K, used 55180K [0x00000000f7d00000, 0x0000000100000000, 0x0000000100000000)
 Metaspace       used 65128K, capacity 69770K, committed 69888K, reserved 1110016K
  class space    used 8392K, capacity 9186K, committed 9216K, reserved 1048576K
2022-09-12T02:08:31.716+0800: 486.493: [GC (Allocation Failure)  158773K->56711K(249344K), 0.0040824 secs]
Heap after GC invocations=1118 (full 0):
 par new generation   total 115200K, used 1511K [0x00000000f0000000, 0x00000000f7d00000, 0x00000000f7d00000)
  eden space 102400K,   0% used [0x00000000f0000000, 0x00000000f0000000, 0x00000000f6400000)
  from space 12800K,  11% used [0x00000000f6400000, 0x00000000f6579c48, 0x00000000f7080000)
  to   space 12800K,   0% used [0x00000000f7080000, 0x00000000f7080000, 0x00000000f7d00000)
 concurrent mark-sweep generation total 134144K, used 55200K [0x00000000f7d00000, 0x0000000100000000, 0x0000000100000000)
 Metaspace       used 65128K, capacity 69770K, committed 69888K, reserved 1110016K
  class space    used 8392K, capacity 9186K, committed 9216K, reserved 1048576K
}
{Heap before GC invocations=1118 (full 0):
 par new generation   total 115200K, used 103911K [0x00000000f0000000, 0x00000000f7d00000, 0x00000000f7d00000)
  eden space 102400K, 100% used [0x00000000f0000000, 0x00000000f6400000, 0x00000000f6400000)
  from space 12800K,  11% used [0x00000000f6400000, 0x00000000f6579c48, 0x00000000f7080000)
  to   space 12800K,   0% used [0x00000000f7080000, 0x00000000f7080000, 0x00000000f7d00000)
 concurrent mark-sweep generation total 134144K, used 55200K [0x00000000f7d00000, 0x0000000100000000, 0x0000000100000000)
 Metaspace       used 65128K, capacity 69770K, committed 69888K, reserved 1110016K
  class space    used 8392K, capacity 9186K, committed 9216K, reserved 1048576K
2022-09-12T02:08:32.064+0800: 486.842: [GC (Allocation Failure)  159111K->56859K(249344K), 0.0042130 secs]
Heap after GC invocations=1119 (full 0):
 par new generation   total 115200K, used 1643K [0x00000000f0000000, 0x00000000f7d00000, 0x00000000f7d00000)
  eden space 102400K,   0% used [0x00000000f0000000, 0x00000000f0000000, 0x00000000f6400000)
  from space 12800K,  12% used [0x00000000f7080000, 0x00000000f721ad70, 0x00000000f7d00000)
  to   space 12800K,   0% used [0x00000000f6400000, 0x00000000f6400000, 0x00000000f7080000)
 concurrent mark-sweep generation total 134144K, used 55216K [0x00000000f7d00000, 0x0000000100000000, 0x0000000100000000)
 Metaspace       used 65128K, capacity 69770K, committed 69888K, reserved 1110016K
  class space    used 8392K, capacity 9186K, committed 9216K, reserved 1048576K
}
{Heap before GC invocations=1119 (full 0):
 par new generation   total 115200K, used 104043K [0x00000000f0000000, 0x00000000f7d00000, 0x00000000f7d00000)
  eden space 102400K, 100% used [0x00000000f0000000, 0x00000000f6400000, 0x00000000f6400000)
  from space 12800K,  12% used [0x00000000f7080000, 0x00000000f721ad70, 0x00000000f7d00000)
  to   space 12800K,   0% used [0x00000000f6400000, 0x00000000f6400000, 0x00000000f7080000)
 concurrent mark-sweep generation total 134144K, used 55216K [0x00000000f7d00000, 0x0000000100000000, 0x0000000100000000)
 Metaspace       used 65128K, capacity 69770K, committed 69888K, reserved 1110016K
  class space    used 8392K, capacity 9186K, committed 9216K, reserved 1048576K
2022-09-12T02:08:32.413+0800: 487.190: [GC (Allocation Failure)  159259K->56435K(249344K), 0.0041077 secs]
Heap after GC invocations=1120 (full 0):
 par new generation   total 115200K, used 1205K [0x00000000f0000000, 0x00000000f7d00000, 0x00000000f7d00000)
  eden space 102400K,   0% used [0x00000000f0000000, 0x00000000f0000000, 0x00000000f6400000)
  from space 12800K,   9% used [0x00000000f6400000, 0x00000000f652d5c0, 0x00000000f7080000)
  to   space 12800K,   0% used [0x00000000f7080000, 0x00000000f7080000, 0x00000000f7d00000)
 concurrent mark-sweep generation total 134144K, used 55230K [0x00000000f7d00000, 0x0000000100000000, 0x0000000100000000)
 Metaspace       used 65128K, capacity 69770K, committed 69888K, reserved 1110016K
  class space    used 8392K, capacity 9186K, committed 9216K, reserved 1048576K
}
{Heap before GC invocations=1120 (full 0):
 par new generation   total 115200K, used 103605K [0x00000000f0000000, 0x00000000f7d00000, 0x00000000f7d00000)
  eden space 102400K, 100% used [0x00000000f0000000, 0x00000000f6400000, 0x00000000f6400000)
  from space 12800K,   9% used [0x00000000f6400000, 0x00000000f652d5c0, 0x00000000f7080000)
  to   space 12800K,   0% used [0x00000000f7080000, 0x00000000f7080000, 0x00000000f7d00000)
 concurrent mark-sweep generation total 134144K, used 55230K [0x00000000f7d00000, 0x0000000100000000, 0x0000000100000000)
 Metaspace       used 65128K, capacity 69770K, committed 69888K, reserved 1110016K
  class space    used 8392K, capacity 9186K, committed 9216K, reserved 1048576K
2022-09-12T02:08:32.763+0800: 487.540: [GC (Allocation Failure)  158835K->56777K(249344K), 0.0042494 secs]
Heap after GC invocations=1121 (full 0):
 par new generation   total 115200K, used 1531K [0x00000000f0000000, 0x00000000f7d00000, 0x00000000f7d00000)
  eden space 102400K,   0% used [0x00000000f0000000, 0x00000000f0000000, 0x00000000f6400000)
  from space 12800K,  11% used [0x00000000f7080000, 0x00000000f71fed00, 0x00000000f7d00000)
  to   space 12800K,   0% used [0x00000000f6400000, 0x00000000f6400000, 0x00000000f7080000)
 concurrent mark-sweep generation total 134144K, used 55246K [0x00000000f7d00000, 0x0000000100000000, 0x0000000100000000)
 Metaspace       used 65128K, capacity 69770K, committed 69888K, reserved 1110016K
  class space    used 8392K, capacity 9186K, committed 9216K, reserved 1048576K
}
{Heap before GC invocations=1121 (full 0):
 par new generation   total 115200K, used 103931K [0x00000000f0000000, 0x00000000f7d00000, 0x00000000f7d00000)
  eden space 102400K, 100% used [0x00000000f0000000, 0x00000000f6400000, 0x00000000f6400000)
  from space 12800K,  11% used [0x00000000f7080000, 0x00000000f71fed00, 0x00000000f7d00000)
  to   space 12800K,   0% used [0x00000000f6400000, 0x00000000f6400000, 0x00000000f7080000)
 concurrent mark-sweep generation total 134144K, used 55246K [0x00000000f7d00000, 0x0000000100000000, 0x0000000100000000)
 Metaspace       used 65128K, capacity 69770K, committed 69888K, reserved 1110016K
  class space    used 8392K, capacity 9186K, committed 9216K, reserved 1048576K
2022-09-12T02:08:33.111+0800: 487.889: [GC (Allocation Failure)  159177K->56947K(249344K), 0.0040766 secs]
Heap after GC invocations=1122 (full 0):
 par new generation   total 115200K, used 1690K [0x00000000f0000000, 0x00000000f7d00000, 0x00000000f7d00000)
  eden space 102400K,   0% used [0x00000000f0000000, 0x00000000f0000000, 0x00000000f6400000)
  from space 12800K,  13% used [0x00000000f6400000, 0x00000000f65a6a00, 0x00000000f7080000)
  to   space 12800K,   0% used [0x00000000f7080000, 0x00000000f7080000, 0x00000000f7d00000)
 concurrent mark-sweep generation total 134144K, used 55257K [0x00000000f7d00000, 0x0000000100000000, 0x0000000100000000)
 Metaspace       used 65128K, capacity 69770K, committed 69888K, reserved 1110016K
  class space    used 8392K, capacity 9186K, committed 9216K, reserved 1048576K
}
{Heap before GC invocations=1122 (full 0):
 par new generation   total 115200K, used 104090K [0x00000000f0000000, 0x00000000f7d00000, 0x00000000f7d00000)
  eden space 102400K, 100% used [0x00000000f0000000, 0x00000000f6400000, 0x00000000f6400000)
  from space 12800K,  13% used [0x00000000f6400000, 0x00000000f65a6a00, 0x00000000f7080000)
  to   space 12800K,   0% used [0x00000000f7080000, 0x00000000f7080000, 0x00000000f7d00000)
 concurrent mark-sweep generation total 134144K, used 55257K [0x00000000f7d00000, 0x0000000100000000, 0x0000000100000000)
 Metaspace       used 65128K, capacity 69770K, committed 69888K, reserved 1110016K
  class space    used 8392K, capacity 9186K, committed 9216K, reserved 1048576K
2022-09-12T02:08:33.460+0800: 488.237: [GC (Allocation Failure)  159347K->56500K(249344K), 0.0042864 secs]
Heap after GC invocations=1123 (full 0):
 par new generation   total 115200K, used 1225K [0x00000000f0000000, 0x00000000f7d00000, 0x00000000f7d00000)
  eden space 102400K,   0% used [0x00000000f0000000, 0x00000000f0000000, 0x00000000f6400000)
  from space 12800K,   9% used [0x00000000f7080000, 0x00000000f71b2700, 0x00000000f7d00000)
  to   space 12800K,   0% used [0x00000000f6400000, 0x00000000f6400000, 0x00000000f7080000)
 concurrent mark-sweep generation total 134144K, used 55274K [0x00000000f7d00000, 0x0000000100000000, 0x0000000100000000)
 Metaspace       used 65128K, capacity 69770K, committed 69888K, reserved 1110016K
  class space    used 8392K, capacity 9186K, committed 9216K, reserved 1048576K
}
{Heap before GC invocations=1123 (full 0):
 par new generation   total 115200K, used 103625K [0x00000000f0000000, 0x00000000f7d00000, 0x00000000f7d00000)
  eden space 102400K, 100% used [0x00000000f0000000, 0x00000000f6400000, 0x00000000f6400000)
  from space 12800K,   9% used [0x00000000f7080000, 0x00000000f71b2700, 0x00000000f7d00000)
  to   space 12800K,   0% used [0x00000000f6400000, 0x00000000f6400000, 0x00000000f7080000)
 concurrent mark-sweep generation total 134144K, used 55274K [0x00000000f7d00000, 0x0000000100000000, 0x0000000100000000)
 Metaspace       used 65128K, capacity 69770K, committed 69888K, reserved 1110016K
  class space    used 8392K, capacity 9186K, committed 9216K, reserved 1048576K
2022-09-12T02:08:33.808+0800: 488.586: [GC (Allocation Failure)  158900K->56821K(249344K), 0.0041035 secs]
Heap after GC invocations=1124 (full 0):
 par new generation   total 115200K, used 1537K [0x00000000f0000000, 0x00000000f7d00000, 0x00000000f7d00000)
  eden space 102400K,   0% used [0x00000000f0000000, 0x00000000f0000000, 0x00000000f6400000)
  from space 12800K,  12% used [0x00000000f6400000, 0x00000000f6580548, 0x00000000f7080000)
  to   space 12800K,   0% used [0x00000000f7080000, 0x00000000f7080000, 0x00000000f7d00000)
 concurrent mark-sweep generation total 134144K, used 55283K [0x00000000f7d00000, 0x0000000100000000, 0x0000000100000000)
 Metaspace       used 65128K, capacity 69770K, committed 69888K, reserved 1110016K
  class space    used 8392K, capacity 9186K, committed 9216K, reserved 1048576K
}
{Heap before GC invocations=1124 (full 0):
 par new generation   total 115200K, used 103937K [0x00000000f0000000, 0x00000000f7d00000, 0x00000000f7d00000)
  eden space 102400K, 100% used [0x00000000f0000000, 0x00000000f6400000, 0x00000000f6400000)
  from space 12800K,  12% used [0x00000000f6400000, 0x00000000f6580548, 0x00000000f7080000)
  to   space 12800K,   0% used [0x00000000f7080000, 0x00000000f7080000, 0x00000000f7d00000)
 concurrent mark-sweep generation total 134144K, used 55283K [0x00000000f7d00000, 0x0000000100000000, 0x0000000100000000)
 Metaspace       used 65128K, capacity 69770K, committed 69888K, reserved 1110016K
  class space    used 8392K, capacity 9186K, committed 9216K, reserved 1048576K
2022-09-12T02:08:34.157+0800: 488.934: [GC (Allocation Failure)  159221K->56955K(249344K), 0.0042741 secs]
Heap after GC invocations=1125 (full 0):
 par new generation   total 115200K, used 1645K [0x00000000f0000000, 0x00000000f7d00000, 0x00000000f7d00000)
  eden space 102400K,   0% used [0x00000000f0000000, 0x00000000f0000000, 0x00000000f6400000)
  from space 12800K,  12% used [0x00000000f7080000, 0x00000000f721b588, 0x00000000f7d00000)
  to   space 12800K,   0% used [0x00000000f6400000, 0x00000000f6400000, 0x00000000f7080000)
 concurrent mark-sweep generation total 134144K, used 55310K [0x00000000f7d00000, 0x0000000100000000, 0x0000000100000000)
 Metaspace       used 65128K, capacity 69770K, committed 69888K, reserved 1110016K
  class space    used 8392K, capacity 9186K, committed 9216K, reserved 1048576K
}
{Heap before GC invocations=1125 (full 0):
 par new generation   total 115200K, used 104045K [0x00000000f0000000, 0x00000000f7d00000, 0x00000000f7d00000)
  eden space 102400K, 100% used [0x00000000f0000000, 0x00000000f6400000, 0x00000000f6400000)
  from space 12800K,  12% used [0x00000000f7080000, 0x00000000f721b588, 0x00000000f7d00000)
  to   space 12800K,   0% used [0x00000000f6400000, 0x00000000f6400000, 0x00000000f7080000)
 concurrent mark-sweep generation total 134144K, used 55310K [0x00000000f7d00000, 0x0000000100000000, 0x0000000100000000)
 Metaspace       used 65128K, capacity 69770K, committed 69888K, reserved 1110016K
  class space    used 8392K, capacity 9186K, committed 9216K, reserved 1048576K
2022-09-12T02:08:34.504+0800: 489.282: [GC (Allocation Failure)  159355K->56520K(249344K), 0.0044566 secs]
Heap after GC invocations=1126 (full 0):
 par new generation   total 115200K, used 1189K [0x00000000f0000000, 0x00000000f7d00000, 0x00000000f7d00000)
  eden space 102400K,   0% used [0x00000000f0000000, 0x00000000f0000000, 0x00000000f6400000)
  from space 12800K,   9% used [0x00000000f6400000, 0x00000000f6529480, 0x00000000f7080000)
  to   space 12800K,   0% used [0x00000000f7080000, 0x00000000f7080000, 0x00000000f7d00000)
 concurrent mark-sweep generation total 134144K, used 55331K [0x00000000f7d00000, 0x0000000100000000, 0x0000000100000000)
 Metaspace       used 65128K, capacity 69770K, committed 69888K, reserved 1110016K
  class space    used 8392K, capacity 9186K, committed 9216K, reserved 1048576K
}
{Heap before GC invocations=1126 (full 0):
 par new generation   total 115200K, used 103589K [0x00000000f0000000, 0x00000000f7d00000, 0x00000000f7d00000)
  eden space 102400K, 100% used [0x00000000f0000000, 0x00000000f6400000, 0x00000000f6400000)
  from space 12800K,   9% used [0x00000000f6400000, 0x00000000f6529480, 0x00000000f7080000)
  to   space 12800K,   0% used [0x00000000f7080000, 0x00000000f7080000, 0x00000000f7d00000)
 concurrent mark-sweep generation total 134144K, used 55331K [0x00000000f7d00000, 0x0000000100000000, 0x0000000100000000)
 Metaspace       used 65128K, capacity 69770K, committed 69888K, reserved 1110016K
  class space    used 8392K, capacity 9186K, committed 9216K, reserved 1048576K
2022-09-12T02:08:34.855+0800: 489.632: [GC (Allocation Failure)  158920K->56851K(249344K), 0.0040980 secs]
Heap after GC invocations=1127 (full 0):
 par new generation   total 115200K, used 1503K [0x00000000f0000000, 0x00000000f7d00000, 0x00000000f7d00000)
  eden space 102400K,   0% used [0x00000000f0000000, 0x00000000f0000000, 0x00000000f6400000)
  from space 12800K,  11% used [0x00000000f7080000, 0x00000000f71f7de0, 0x00000000f7d00000)
  to   space 12800K,   0% used [0x00000000f6400000, 0x00000000f6400000, 0x00000000f7080000)
 concurrent mark-sweep generation total 134144K, used 55347K [0x00000000f7d00000, 0x0000000100000000, 0x0000000100000000)
 Metaspace       used 65128K, capacity 69770K, committed 69888K, reserved 1110016K
  class space    used 8392K, capacity 9186K, committed 9216K, reserved 1048576K
}
{Heap before GC invocations=1127 (full 0):
 par new generation   total 115200K, used 103903K [0x00000000f0000000, 0x00000000f7d00000, 0x00000000f7d00000)
  eden space 102400K, 100% used [0x00000000f0000000, 0x00000000f6400000, 0x00000000f6400000)
  from space 12800K,  11% used [0x00000000f7080000, 0x00000000f71f7de0, 0x00000000f7d00000)
  to   space 12800K,   0% used [0x00000000f6400000, 0x00000000f6400000, 0x00000000f7080000)
 concurrent mark-sweep generation total 134144K, used 55347K [0x00000000f7d00000, 0x0000000100000000, 0x0000000100000000)
 Metaspace       used 65128K, capacity 69770K, committed 69888K, reserved 1110016K
  class space    used 8392K, capacity 9186K, committed 9216K, reserved 1048576K
2022-09-12T02:08:35.205+0800: 489.982: [GC (Allocation Failure)  159251K->56984K(249344K), 0.0040375 secs]
Heap after GC invocations=1128 (full 0):
 par new generation   total 115200K, used 1625K [0x00000000f0000000, 0x00000000f7d00000, 0x00000000f7d00000)
  eden space 102400K,   0% used [0x00000000f0000000, 0x00000000f0000000, 0x00000000f6400000)
  from space 12800K,  12% used [0x00000000f6400000, 0x00000000f6596738, 0x00000000f7080000)
  to   space 12800K,   0% used [0x00000000f7080000, 0x00000000f7080000, 0x00000000f7d00000)
 concurrent mark-sweep generation total 134144K, used 55359K [0x00000000f7d00000, 0x0000000100000000, 0x0000000100000000)
 Metaspace       used 65128K, capacity 69770K, committed 69888K, reserved 1110016K
  class space    used 8392K, capacity 9186K, committed 9216K, reserved 1048576K
}
{Heap before GC invocations=1128 (full 0):
 par new generation   total 115200K, used 104025K [0x00000000f0000000, 0x00000000f7d00000, 0x00000000f7d00000)
  eden space 102400K, 100% used [0x00000000f0000000, 0x00000000f6400000, 0x00000000f6400000)
  from space 12800K,  12% used [0x00000000f6400000, 0x00000000f6596738, 0x00000000f7080000)
  to   space 12800K,   0% used [0x00000000f7080000, 0x00000000f7080000, 0x00000000f7d00000)
 concurrent mark-sweep generation total 134144K, used 55359K [0x00000000f7d00000, 0x0000000100000000, 0x0000000100000000)
 Metaspace       used 65128K, capacity 69770K, committed 69888K, reserved 1110016K
  class space    used 8392K, capacity 9186K, committed 9216K, reserved 1048576K
2022-09-12T02:08:35.552+0800: 490.329: [GC (Allocation Failure)  159384K->56565K(249344K), 0.0039915 secs]
Heap after GC invocations=1129 (full 0):
 par new generation   total 115200K, used 1191K [0x00000000f0000000, 0x00000000f7d00000, 0x00000000f7d00000)
  eden space 102400K,   0% used [0x00000000f0000000, 0x00000000f0000000, 0x00000000f6400000)
  from space 12800K,   9% used [0x00000000f7080000, 0x00000000f71a9c00, 0x00000000f7d00000)
  to   space 12800K,   0% used [0x00000000f6400000, 0x00000000f6400000, 0x00000000f7080000)
 concurrent mark-sweep generation total 134144K, used 55374K [0x00000000f7d00000, 0x0000000100000000, 0x0000000100000000)
 Metaspace       used 65128K, capacity 69770K, committed 69888K, reserved 1110016K
  class space    used 8392K, capacity 9186K, committed 9216K, reserved 1048576K
}
{Heap before GC invocations=1129 (full 0):
 par new generation   total 115200K, used 103591K [0x00000000f0000000, 0x00000000f7d00000, 0x00000000f7d00000)
  eden space 102400K, 100% used [0x00000000f0000000, 0x00000000f6400000, 0x00000000f6400000)
  from space 12800K,   9% used [0x00000000f7080000, 0x00000000f71a9c00, 0x00000000f7d00000)
  to   space 12800K,   0% used [0x00000000f6400000, 0x00000000f6400000, 0x00000000f7080000)
 concurrent mark-sweep generation total 134144K, used 55374K [0x00000000f7d00000, 0x0000000100000000, 0x0000000100000000)
 Metaspace       used 65128K, capacity 69770K, committed 69888K, reserved 1110016K
  class space    used 8392K, capacity 9186K, committed 9216K, reserved 1048576K
2022-09-12T02:08:35.900+0800: 490.678: [GC (Allocation Failure)  158965K->56689K(249344K), 0.0044674 secs]
Heap after GC invocations=1130 (full 0):
 par new generation   total 115200K, used 1304K [0x00000000f0000000, 0x00000000f7d00000, 0x00000000f7d00000)
  eden space 102400K,   0% used [0x00000000f0000000, 0x00000000f0000000, 0x00000000f6400000)
  from space 12800K,  10% used [0x00000000f6400000, 0x00000000f6546220, 0x00000000f7080000)
  to   space 12800K,   0% used [0x00000000f7080000, 0x00000000f7080000, 0x00000000f7d00000)
 concurrent mark-sweep generation total 134144K, used 55384K [0x00000000f7d00000, 0x0000000100000000, 0x0000000100000000)
 Metaspace       used 65128K, capacity 69770K, committed 69888K, reserved 1110016K
  class space    used 8392K, capacity 9186K, committed 9216K, reserved 1048576K
}
{Heap before GC invocations=1130 (full 0):
 par new generation   total 115200K, used 103704K [0x00000000f0000000, 0x00000000f7d00000, 0x00000000f7d00000)
  eden space 102400K, 100% used [0x00000000f0000000, 0x00000000f6400000, 0x00000000f6400000)
  from space 12800K,  10% used [0x00000000f6400000, 0x00000000f6546220, 0x00000000f7080000)
  to   space 12800K,   0% used [0x00000000f7080000, 0x00000000f7080000, 0x00000000f7d00000)
 concurrent mark-sweep generation total 134144K, used 55384K [0x00000000f7d00000, 0x0000000100000000, 0x0000000100000000)
 Metaspace       used 65128K, capacity 69770K, committed 69888K, reserved 1110016K
  class space    used 8392K, capacity 9186K, committed 9216K, reserved 1048576K
2022-09-12T02:08:36.251+0800: 491.029: [GC (Allocation Failure)  159089K->57036K(249344K), 0.0041341 secs]
Heap after GC invocations=1131 (full 0):
 par new generation   total 115200K, used 1634K [0x00000000f0000000, 0x00000000f7d00000, 0x00000000f7d00000)
  eden space 102400K,   0% used [0x00000000f0000000, 0x00000000f0000000, 0x00000000f6400000)
  from space 12800K,  12% used [0x00000000f7080000, 0x00000000f7218840, 0x00000000f7d00000)
  to   space 12800K,   0% used [0x00000000f6400000, 0x00000000f6400000, 0x00000000f7080000)
 concurrent mark-sweep generation total 134144K, used 55402K [0x00000000f7d00000, 0x0000000100000000, 0x0000000100000000)
 Metaspace       used 65128K, capacity 69770K, committed 69888K, reserved 1110016K
  class space    used 8392K, capacity 9186K, committed 9216K, reserved 1048576K
}
{Heap before GC invocations=1131 (full 0):
 par new generation   total 115200K, used 104034K [0x00000000f0000000, 0x00000000f7d00000, 0x00000000f7d00000)
  eden space 102400K, 100% used [0x00000000f0000000, 0x00000000f6400000, 0x00000000f6400000)
  from space 12800K,  12% used [0x00000000f7080000, 0x00000000f7218840, 0x00000000f7d00000)
  to   space 12800K,   0% used [0x00000000f6400000, 0x00000000f6400000, 0x00000000f7080000)
 concurrent mark-sweep generation total 134144K, used 55402K [0x00000000f7d00000, 0x0000000100000000, 0x0000000100000000)
 Metaspace       used 65128K, capacity 69770K, committed 69888K, reserved 1110016K
  class space    used 8392K, capacity 9186K, committed 9216K, reserved 1048576K
2022-09-12T02:08:36.600+0800: 491.377: [GC (Allocation Failure)  159436K->56607K(249344K), 0.0042283 secs]
Heap after GC invocations=1132 (full 0):
 par new generation   total 115200K, used 1192K [0x00000000f0000000, 0x00000000f7d00000, 0x00000000f7d00000)
  eden space 102400K,   0% used [0x00000000f0000000, 0x00000000f0000000, 0x00000000f6400000)
  from space 12800K,   9% used [0x00000000f6400000, 0x00000000f652a1c0, 0x00000000f7080000)
  to   space 12800K,   0% used [0x00000000f7080000, 0x00000000f7080000, 0x00000000f7d00000)
 concurrent mark-sweep generation total 134144K, used 55415K [0x00000000f7d00000, 0x0000000100000000, 0x0000000100000000)
 Metaspace       used 65128K, capacity 69770K, committed 69888K, reserved 1110016K
  class space    used 8392K, capacity 9186K, committed 9216K, reserved 1048576K
}
{Heap before GC invocations=1132 (full 0):
 par new generation   total 115200K, used 103592K [0x00000000f0000000, 0x00000000f7d00000, 0x00000000f7d00000)
  eden space 102400K, 100% used [0x00000000f0000000, 0x00000000f6400000, 0x00000000f6400000)
  from space 12800K,   9% used [0x00000000f6400000, 0x00000000f652a1c0, 0x00000000f7080000)
  to   space 12800K,   0% used [0x00000000f7080000, 0x00000000f7080000, 0x00000000f7d00000)
 concurrent mark-sweep generation total 134144K, used 55415K [0x00000000f7d00000, 0x0000000100000000, 0x0000000100000000)
 Metaspace       used 65128K, capacity 69770K, committed 69888K, reserved 1110016K
  class space    used 8392K, capacity 9186K, committed 9216K, reserved 1048576K
2022-09-12T02:08:36.948+0800: 491.726: [GC (Allocation Failure)  159007K->56951K(249344K), 0.0040575 secs]
Heap after GC invocations=1133 (full 0):
 par new generation   total 115200K, used 1510K [0x00000000f0000000, 0x00000000f7d00000, 0x00000000f7d00000)
  eden space 102400K,   0% used [0x00000000f0000000, 0x00000000f0000000, 0x00000000f6400000)
  from space 12800K,  11% used [0x00000000f7080000, 0x00000000f71f9970, 0x00000000f7d00000)
  to   space 12800K,   0% used [0x00000000f6400000, 0x00000000f6400000, 0x00000000f7080000)
 concurrent mark-sweep generation total 134144K, used 55440K [0x00000000f7d00000, 0x0000000100000000, 0x0000000100000000)
 Metaspace       used 65128K, capacity 69770K, committed 69888K, reserved 1110016K
  class space    used 8392K, capacity 9186K, committed 9216K, reserved 1048576K
}
{Heap before GC invocations=1133 (full 0):
 par new generation   total 115200K, used 103910K [0x00000000f0000000, 0x00000000f7d00000, 0x00000000f7d00000)
  eden space 102400K, 100% used [0x00000000f0000000, 0x00000000f6400000, 0x00000000f6400000)
  from space 12800K,  11% used [0x00000000f7080000, 0x00000000f71f9970, 0x00000000f7d00000)
  to   space 12800K,   0% used [0x00000000f6400000, 0x00000000f6400000, 0x00000000f7080000)
 concurrent mark-sweep generation total 134144K, used 55440K [0x00000000f7d00000, 0x0000000100000000, 0x0000000100000000)
 Metaspace       used 65128K, capacity 69770K, committed 69888K, reserved 1110016K
  class space    used 8392K, capacity 9186K, committed 9216K, reserved 1048576K
2022-09-12T02:08:37.297+0800: 492.074: [GC (Allocation Failure)  159351K->57101K(249344K), 0.0040788 secs]
Heap after GC invocations=1134 (full 0):
 par new generation   total 115200K, used 1641K [0x00000000f0000000, 0x00000000f7d00000, 0x00000000f7d00000)
  eden space 102400K,   0% used [0x00000000f0000000, 0x00000000f0000000, 0x00000000f6400000)
  from space 12800K,  12% used [0x00000000f6400000, 0x00000000f659a5c8, 0x00000000f7080000)
  to   space 12800K,   0% used [0x00000000f7080000, 0x00000000f7080000, 0x00000000f7d00000)
 concurrent mark-sweep generation total 134144K, used 55459K [0x00000000f7d00000, 0x0000000100000000, 0x0000000100000000)
 Metaspace       used 65128K, capacity 69770K, committed 69888K, reserved 1110016K
  class space    used 8392K, capacity 9186K, committed 9216K, reserved 1048576K
}
{Heap before GC invocations=1134 (full 0):
 par new generation   total 115200K, used 104041K [0x00000000f0000000, 0x00000000f7d00000, 0x00000000f7d00000)
  eden space 102400K, 100% used [0x00000000f0000000, 0x00000000f6400000, 0x00000000f6400000)
  from space 12800K,  12% used [0x00000000f6400000, 0x00000000f659a5c8, 0x00000000f7080000)
  to   space 12800K,   0% used [0x00000000f7080000, 0x00000000f7080000, 0x00000000f7d00000)
 concurrent mark-sweep generation total 134144K, used 55459K [0x00000000f7d00000, 0x0000000100000000, 0x0000000100000000)
 Metaspace       used 65128K, capacity 69770K, committed 69888K, reserved 1110016K
  class space    used 8392K, capacity 9186K, committed 9216K, reserved 1048576K
2022-09-12T02:08:37.644+0800: 492.421: [GC (Allocation Failure)  159501K->56658K(249344K), 0.0040157 secs]
Heap after GC invocations=1135 (full 0):
 par new generation   total 115200K, used 1188K [0x00000000f0000000, 0x00000000f7d00000, 0x00000000f7d00000)
  eden space 102400K,   0% used [0x00000000f0000000, 0x00000000f0000000, 0x00000000f6400000)
  from space 12800K,   9% used [0x00000000f7080000, 0x00000000f71a9380, 0x00000000f7d00000)
  to   space 12800K,   0% used [0x00000000f6400000, 0x00000000f6400000, 0x00000000f7080000)
 concurrent mark-sweep generation total 134144K, used 55470K [0x00000000f7d00000, 0x0000000100000000, 0x0000000100000000)
 Metaspace       used 65128K, capacity 69770K, committed 69888K, reserved 1110016K
  class space    used 8392K, capacity 9186K, committed 9216K, reserved 1048576K
}
{Heap before GC invocations=1135 (full 0):
 par new generation   total 115200K, used 103588K [0x00000000f0000000, 0x00000000f7d00000, 0x00000000f7d00000)
  eden space 102400K, 100% used [0x00000000f0000000, 0x00000000f6400000, 0x00000000f6400000)
  from space 12800K,   9% used [0x00000000f7080000, 0x00000000f71a9380, 0x00000000f7d00000)
  to   space 12800K,   0% used [0x00000000f6400000, 0x00000000f6400000, 0x00000000f7080000)
 concurrent mark-sweep generation total 134144K, used 55470K [0x00000000f7d00000, 0x0000000100000000, 0x0000000100000000)
 Metaspace       used 65128K, capacity 69770K, committed 69888K, reserved 1110016K
  class space    used 8392K, capacity 9186K, committed 9216K, reserved 1048576K
2022-09-12T02:08:37.995+0800: 492.772: [GC (Allocation Failure)  159058K->56975K(249344K), 0.0041097 secs]
Heap after GC invocations=1136 (full 0):
 par new generation   total 115200K, used 1487K [0x00000000f0000000, 0x00000000f7d00000, 0x00000000f7d00000)
  eden space 102400K,   0% used [0x00000000f0000000, 0x00000000f0000000, 0x00000000f6400000)
  from space 12800K,  11% used [0x00000000f6400000, 0x00000000f6573ea8, 0x00000000f7080000)
  to   space 12800K,   0% used [0x00000000f7080000, 0x00000000f7080000, 0x00000000f7d00000)
 concurrent mark-sweep generation total 134144K, used 55487K [0x00000000f7d00000, 0x0000000100000000, 0x0000000100000000)
 Metaspace       used 65128K, capacity 69770K, committed 69888K, reserved 1110016K
  class space    used 8392K, capacity 9186K, committed 9216K, reserved 1048576K
}
{Heap before GC invocations=1136 (full 0):
 par new generation   total 115200K, used 103887K [0x00000000f0000000, 0x00000000f7d00000, 0x00000000f7d00000)
  eden space 102400K, 100% used [0x00000000f0000000, 0x00000000f6400000, 0x00000000f6400000)
  from space 12800K,  11% used [0x00000000f6400000, 0x00000000f6573ea8, 0x00000000f7080000)
  to   space 12800K,   0% used [0x00000000f7080000, 0x00000000f7080000, 0x00000000f7d00000)
 concurrent mark-sweep generation total 134144K, used 55487K [0x00000000f7d00000, 0x0000000100000000, 0x0000000100000000)
 Metaspace       used 65128K, capacity 69770K, committed 69888K, reserved 1110016K
  class space    used 8392K, capacity 9186K, committed 9216K, reserved 1048576K
2022-09-12T02:08:38.344+0800: 493.121: [GC (Allocation Failure)  159375K->57126K(249344K), 0.0041101 secs]
Heap after GC invocations=1137 (full 0):
 par new generation   total 115200K, used 1627K [0x00000000f0000000, 0x00000000f7d00000, 0x00000000f7d00000)
  eden space 102400K,   0% used [0x00000000f0000000, 0x00000000f0000000, 0x00000000f6400000)
  from space 12800K,  12% used [0x00000000f7080000, 0x00000000f7216e38, 0x00000000f7d00000)
  to   space 12800K,   0% used [0x00000000f6400000, 0x00000000f6400000, 0x00000000f7080000)
 concurrent mark-sweep generation total 134144K, used 55499K [0x00000000f7d00000, 0x0000000100000000, 0x0000000100000000)
 Metaspace       used 65128K, capacity 69770K, committed 69888K, reserved 1110016K
  class space    used 8392K, capacity 9186K, committed 9216K, reserved 1048576K
}
{Heap before GC invocations=1137 (full 0):
 par new generation   total 115200K, used 104027K [0x00000000f0000000, 0x00000000f7d00000, 0x00000000f7d00000)
  eden space 102400K, 100% used [0x00000000f0000000, 0x00000000f6400000, 0x00000000f6400000)
  from space 12800K,  12% used [0x00000000f7080000, 0x00000000f7216e38, 0x00000000f7d00000)
  to   space 12800K,   0% used [0x00000000f6400000, 0x00000000f6400000, 0x00000000f7080000)
 concurrent mark-sweep generation total 134144K, used 55499K [0x00000000f7d00000, 0x0000000100000000, 0x0000000100000000)
 Metaspace       used 65128K, capacity 69770K, committed 69888K, reserved 1110016K
  class space    used 8392K, capacity 9186K, committed 9216K, reserved 1048576K
2022-09-12T02:08:38.693+0800: 493.471: [GC (Allocation Failure)  159526K->56853K(249344K), 0.0042188 secs]
Heap after GC invocations=1138 (full 0):
 par new generation   total 115200K, used 1337K [0x00000000f0000000, 0x00000000f7d00000, 0x00000000f7d00000)
  eden space 102400K,   0% used [0x00000000f0000000, 0x00000000f0000000, 0x00000000f6400000)
  from space 12800K,  10% used [0x00000000f6400000, 0x00000000f654e5a8, 0x00000000f7080000)
  to   space 12800K,   0% used [0x00000000f7080000, 0x00000000f7080000, 0x00000000f7d00000)
 concurrent mark-sweep generation total 134144K, used 55516K [0x00000000f7d00000, 0x0000000100000000, 0x0000000100000000)
 Metaspace       used 65128K, capacity 69770K, committed 69888K, reserved 1110016K
  class space    used 8392K, capacity 9186K, committed 9216K, reserved 1048576K
}
{Heap before GC invocations=1138 (full 0):
 par new generation   total 115200K, used 103737K [0x00000000f0000000, 0x00000000f7d00000, 0x00000000f7d00000)
  eden space 102400K, 100% used [0x00000000f0000000, 0x00000000f6400000, 0x00000000f6400000)
  from space 12800K,  10% used [0x00000000f6400000, 0x00000000f654e5a8, 0x00000000f7080000)
  to   space 12800K,   0% used [0x00000000f7080000, 0x00000000f7080000, 0x00000000f7d00000)
 concurrent mark-sweep generation total 134144K, used 55516K [0x00000000f7d00000, 0x0000000100000000, 0x0000000100000000)
 Metaspace       used 65128K, capacity 69770K, committed 69888K, reserved 1110016K
  class space    used 8392K, capacity 9186K, committed 9216K, reserved 1048576K
2022-09-12T02:08:39.042+0800: 493.820: [GC (Allocation Failure)  159253K->57037K(249344K), 0.0039769 secs]
Heap after GC invocations=1139 (full 0):
 par new generation   total 115200K, used 1507K [0x00000000f0000000, 0x00000000f7d00000, 0x00000000f7d00000)
  eden space 102400K,   0% used [0x00000000f0000000, 0x00000000f0000000, 0x00000000f6400000)
  from space 12800K,  11% used [0x00000000f7080000, 0x00000000f71f8eb8, 0x00000000f7d00000)
  to   space 12800K,   0% used [0x00000000f6400000, 0x00000000f6400000, 0x00000000f7080000)
 concurrent mark-sweep generation total 134144K, used 55530K [0x00000000f7d00000, 0x0000000100000000, 0x0000000100000000)
 Metaspace       used 65128K, capacity 69770K, committed 69888K, reserved 1110016K
  class space    used 8392K, capacity 9186K, committed 9216K, reserved 1048576K
}
{Heap before GC invocations=1139 (full 0):
 par new generation   total 115200K, used 103907K [0x00000000f0000000, 0x00000000f7d00000, 0x00000000f7d00000)
  eden space 102400K, 100% used [0x00000000f0000000, 0x00000000f6400000, 0x00000000f6400000)
  from space 12800K,  11% used [0x00000000f7080000, 0x00000000f71f8eb8, 0x00000000f7d00000)
  to   space 12800K,   0% used [0x00000000f6400000, 0x00000000f6400000, 0x00000000f7080000)
 concurrent mark-sweep generation total 134144K, used 55530K [0x00000000f7d00000, 0x0000000100000000, 0x0000000100000000)
 Metaspace       used 65128K, capacity 69770K, committed 69888K, reserved 1110016K
  class space    used 8392K, capacity 9186K, committed 9216K, reserved 1048576K
2022-09-12T02:08:39.390+0800: 494.168: [GC (Allocation Failure)  159437K->57190K(249344K), 0.0039992 secs]
Heap after GC invocations=1140 (full 0):
 par new generation   total 115200K, used 1645K [0x00000000f0000000, 0x00000000f7d00000, 0x00000000f7d00000)
  eden space 102400K,   0% used [0x00000000f0000000, 0x00000000f0000000, 0x00000000f6400000)
  from space 12800K,  12% used [0x00000000f6400000, 0x00000000f659b4a8, 0x00000000f7080000)
  to   space 12800K,   0% used [0x00000000f7080000, 0x00000000f7080000, 0x00000000f7d00000)
 concurrent mark-sweep generation total 134144K, used 55545K [0x00000000f7d00000, 0x0000000100000000, 0x0000000100000000)
 Metaspace       used 65128K, capacity 69770K, committed 69888K, reserved 1110016K
  class space    used 8392K, capacity 9186K, committed 9216K, reserved 1048576K
}
{Heap before GC invocations=1140 (full 0):
 par new generation   total 115200K, used 104045K [0x00000000f0000000, 0x00000000f7d00000, 0x00000000f7d00000)
  eden space 102400K, 100% used [0x00000000f0000000, 0x00000000f6400000, 0x00000000f6400000)
  from space 12800K,  12% used [0x00000000f6400000, 0x00000000f659b4a8, 0x00000000f7080000)
  to   space 12800K,   0% used [0x00000000f7080000, 0x00000000f7080000, 0x00000000f7d00000)
 concurrent mark-sweep generation total 134144K, used 55545K [0x00000000f7d00000, 0x0000000100000000, 0x0000000100000000)
 Metaspace       used 65128K, capacity 69770K, committed 69888K, reserved 1110016K
  class space    used 8392K, capacity 9186K, committed 9216K, reserved 1048576K
2022-09-12T02:08:39.740+0800: 494.517: [GC (Allocation Failure)  159590K->56600K(249344K), 0.0039303 secs]
Heap after GC invocations=1141 (full 0):
 par new generation   total 115200K, used 1030K [0x00000000f0000000, 0x00000000f7d00000, 0x00000000f7d00000)
  eden space 102400K,   0% used [0x00000000f0000000, 0x00000000f0000000, 0x00000000f6400000)
  from space 12800K,   8% used [0x00000000f7080000, 0x00000000f7181a58, 0x00000000f7d00000)
  to   space 12800K,   0% used [0x00000000f6400000, 0x00000000f6400000, 0x00000000f7080000)
 concurrent mark-sweep generation total 134144K, used 55569K [0x00000000f7d00000, 0x0000000100000000, 0x0000000100000000)
 Metaspace       used 65128K, capacity 69770K, committed 69888K, reserved 1110016K
  class space    used 8392K, capacity 9186K, committed 9216K, reserved 1048576K
}
{Heap before GC invocations=1141 (full 0):
 par new generation   total 115200K, used 103430K [0x00000000f0000000, 0x00000000f7d00000, 0x00000000f7d00000)
  eden space 102400K, 100% used [0x00000000f0000000, 0x00000000f6400000, 0x00000000f6400000)
  from space 12800K,   8% used [0x00000000f7080000, 0x00000000f7181a58, 0x00000000f7d00000)
  to   space 12800K,   0% used [0x00000000f6400000, 0x00000000f6400000, 0x00000000f7080000)
 concurrent mark-sweep generation total 134144K, used 55569K [0x00000000f7d00000, 0x0000000100000000, 0x0000000100000000)
 Metaspace       used 65128K, capacity 69770K, committed 69888K, reserved 1110016K
  class space    used 8392K, capacity 9186K, committed 9216K, reserved 1048576K
2022-09-12T02:08:40.087+0800: 494.865: [GC (Allocation Failure)  159000K->57000K(249344K), 0.0040870 secs]
Heap after GC invocations=1142 (full 0):
 par new generation   total 115200K, used 1413K [0x00000000f0000000, 0x00000000f7d00000, 0x00000000f7d00000)
  eden space 102400K,   0% used [0x00000000f0000000, 0x00000000f0000000, 0x00000000f6400000)
  from space 12800K,  11% used [0x00000000f6400000, 0x00000000f6561560, 0x00000000f7080000)
  to   space 12800K,   0% used [0x00000000f7080000, 0x00000000f7080000, 0x00000000f7d00000)
 concurrent mark-sweep generation total 134144K, used 55587K [0x00000000f7d00000, 0x0000000100000000, 0x0000000100000000)
 Metaspace       used 65128K, capacity 69770K, committed 69888K, reserved 1110016K
  class space    used 8392K, capacity 9186K, committed 9216K, reserved 1048576K
}
{Heap before GC invocations=1142 (full 0):
 par new generation   total 115200K, used 103813K [0x00000000f0000000, 0x00000000f7d00000, 0x00000000f7d00000)
  eden space 102400K, 100% used [0x00000000f0000000, 0x00000000f6400000, 0x00000000f6400000)
  from space 12800K,  11% used [0x00000000f6400000, 0x00000000f6561560, 0x00000000f7080000)
  to   space 12800K,   0% used [0x00000000f7080000, 0x00000000f7080000, 0x00000000f7d00000)
 concurrent mark-sweep generation total 134144K, used 55587K [0x00000000f7d00000, 0x0000000100000000, 0x0000000100000000)
 Metaspace       used 65128K, capacity 69770K, committed 69888K, reserved 1110016K
  class space    used 8392K, capacity 9186K, committed 9216K, reserved 1048576K
2022-09-12T02:08:40.435+0800: 495.212: [GC (Allocation Failure)  159400K->57211K(249344K), 0.0040494 secs]
Heap after GC invocations=1143 (full 0):
 par new generation   total 115200K, used 1612K [0x00000000f0000000, 0x00000000f7d00000, 0x00000000f7d00000)
  eden space 102400K,   0% used [0x00000000f0000000, 0x00000000f0000000, 0x00000000f6400000)
  from space 12800K,  12% used [0x00000000f7080000, 0x00000000f72130f8, 0x00000000f7d00000)
  to   space 12800K,   0% used [0x00000000f6400000, 0x00000000f6400000, 0x00000000f7080000)
 concurrent mark-sweep generation total 134144K, used 55598K [0x00000000f7d00000, 0x0000000100000000, 0x0000000100000000)
 Metaspace       used 65128K, capacity 69770K, committed 69888K, reserved 1110016K
  class space    used 8392K, capacity 9186K, committed 9216K, reserved 1048576K
}
{Heap before GC invocations=1143 (full 0):
 par new generation   total 115200K, used 104012K [0x00000000f0000000, 0x00000000f7d00000, 0x00000000f7d00000)
  eden space 102400K, 100% used [0x00000000f0000000, 0x00000000f6400000, 0x00000000f6400000)
  from space 12800K,  12% used [0x00000000f7080000, 0x00000000f72130f8, 0x00000000f7d00000)
  to   space 12800K,   0% used [0x00000000f6400000, 0x00000000f6400000, 0x00000000f7080000)
 concurrent mark-sweep generation total 134144K, used 55598K [0x00000000f7d00000, 0x0000000100000000, 0x0000000100000000)
 Metaspace       used 65128K, capacity 69770K, committed 69888K, reserved 1110016K
  class space    used 8392K, capacity 9186K, committed 9216K, reserved 1048576K
2022-09-12T02:08:40.783+0800: 495.560: [GC (Allocation Failure)  159611K->56798K(249344K), 0.0040433 secs]
Heap after GC invocations=1144 (full 0):
 par new generation   total 115200K, used 1179K [0x00000000f0000000, 0x00000000f7d00000, 0x00000000f7d00000)
  eden space 102400K,   0% used [0x00000000f0000000, 0x00000000f0000000, 0x00000000f6400000)
  from space 12800K,   9% used [0x00000000f6400000, 0x00000000f6526fc0, 0x00000000f7080000)
  to   space 12800K,   0% used [0x00000000f7080000, 0x00000000f7080000, 0x00000000f7d00000)
 concurrent mark-sweep generation total 134144K, used 55618K [0x00000000f7d00000, 0x0000000100000000, 0x0000000100000000)
 Metaspace       used 65128K, capacity 69770K, committed 69888K, reserved 1110016K
  class space    used 8392K, capacity 9186K, committed 9216K, reserved 1048576K
}
{Heap before GC invocations=1144 (full 0):
 par new generation   total 115200K, used 103579K [0x00000000f0000000, 0x00000000f7d00000, 0x00000000f7d00000)
  eden space 102400K, 100% used [0x00000000f0000000, 0x00000000f6400000, 0x00000000f6400000)
  from space 12800K,   9% used [0x00000000f6400000, 0x00000000f6526fc0, 0x00000000f7080000)
  to   space 12800K,   0% used [0x00000000f7080000, 0x00000000f7080000, 0x00000000f7d00000)
 concurrent mark-sweep generation total 134144K, used 55618K [0x00000000f7d00000, 0x0000000100000000, 0x0000000100000000)
 Metaspace       used 65128K, capacity 69770K, committed 69888K, reserved 1110016K
  class space    used 8392K, capacity 9186K, committed 9216K, reserved 1048576K
2022-09-12T02:08:41.132+0800: 495.910: [GC (Allocation Failure)  159198K->56921K(249344K), 0.0043711 secs]
Heap after GC invocations=1145 (full 0):
 par new generation   total 115200K, used 1293K [0x00000000f0000000, 0x00000000f7d00000, 0x00000000f7d00000)
  eden space 102400K,   0% used [0x00000000f0000000, 0x00000000f0000000, 0x00000000f6400000)
  from space 12800K,  10% used [0x00000000f7080000, 0x00000000f71c3670, 0x00000000f7d00000)
  to   space 12800K,   0% used [0x00000000f6400000, 0x00000000f6400000, 0x00000000f7080000)
 concurrent mark-sweep generation total 134144K, used 55628K [0x00000000f7d00000, 0x0000000100000000, 0x0000000100000000)
 Metaspace       used 65128K, capacity 69770K, committed 69888K, reserved 1110016K
  class space    used 8392K, capacity 9186K, committed 9216K, reserved 1048576K
}
{Heap before GC invocations=1145 (full 0):
 par new generation   total 115200K, used 103693K [0x00000000f0000000, 0x00000000f7d00000, 0x00000000f7d00000)
  eden space 102400K, 100% used [0x00000000f0000000, 0x00000000f6400000, 0x00000000f6400000)
  from space 12800K,  10% used [0x00000000f7080000, 0x00000000f71c3670, 0x00000000f7d00000)
  to   space 12800K,   0% used [0x00000000f6400000, 0x00000000f6400000, 0x00000000f7080000)
 concurrent mark-sweep generation total 134144K, used 55628K [0x00000000f7d00000, 0x0000000100000000, 0x0000000100000000)
 Metaspace       used 65128K, capacity 69770K, committed 69888K, reserved 1110016K
  class space    used 8392K, capacity 9186K, committed 9216K, reserved 1048576K
2022-09-12T02:08:41.483+0800: 496.260: [GC (Allocation Failure)  159321K->57269K(249344K), 0.0039987 secs]
Heap after GC invocations=1146 (full 0):
 par new generation   total 115200K, used 1625K [0x00000000f0000000, 0x00000000f7d00000, 0x00000000f7d00000)
  eden space 102400K,   0% used [0x00000000f0000000, 0x00000000f0000000, 0x00000000f6400000)
  from space 12800K,  12% used [0x00000000f6400000, 0x00000000f6596578, 0x00000000f7080000)
  to   space 12800K,   0% used [0x00000000f7080000, 0x00000000f7080000, 0x00000000f7d00000)
 concurrent mark-sweep generation total 134144K, used 55643K [0x00000000f7d00000, 0x0000000100000000, 0x0000000100000000)
 Metaspace       used 65128K, capacity 69770K, committed 69888K, reserved 1110016K
  class space    used 8392K, capacity 9186K, committed 9216K, reserved 1048576K
}
{Heap before GC invocations=1146 (full 0):
 par new generation   total 115200K, used 104008K [0x00000000f0000000, 0x00000000f7d00000, 0x00000000f7d00000)
  eden space 102400K,  99% used [0x00000000f0000000, 0x00000000f63fbdd8, 0x00000000f6400000)
  from space 12800K,  12% used [0x00000000f6400000, 0x00000000f6596578, 0x00000000f7080000)
  to   space 12800K,   0% used [0x00000000f7080000, 0x00000000f7080000, 0x00000000f7d00000)
 concurrent mark-sweep generation total 134144K, used 55643K [0x00000000f7d00000, 0x0000000100000000, 0x0000000100000000)
 Metaspace       used 65128K, capacity 69770K, committed 69888K, reserved 1110016K
  class space    used 8392K, capacity 9186K, committed 9216K, reserved 1048576K
2022-09-12T02:08:41.835+0800: 496.612: [GC (Allocation Failure)  159652K->57345K(249344K), 0.0039346 secs]
Heap after GC invocations=1147 (full 0):
 par new generation   total 115200K, used 1686K [0x00000000f0000000, 0x00000000f7d00000, 0x00000000f7d00000)
  eden space 102400K,   0% used [0x00000000f0000000, 0x00000000f0000000, 0x00000000f6400000)
  from space 12800K,  13% used [0x00000000f7080000, 0x00000000f7225b90, 0x00000000f7d00000)
  to   space 12800K,   0% used [0x00000000f6400000, 0x00000000f6400000, 0x00000000f7080000)
 concurrent mark-sweep generation total 134144K, used 55658K [0x00000000f7d00000, 0x0000000100000000, 0x0000000100000000)
 Metaspace       used 65128K, capacity 69770K, committed 69888K, reserved 1110016K
  class space    used 8392K, capacity 9186K, committed 9216K, reserved 1048576K
}
{Heap before GC invocations=1147 (full 0):
 par new generation   total 115200K, used 104086K [0x00000000f0000000, 0x00000000f7d00000, 0x00000000f7d00000)
  eden space 102400K, 100% used [0x00000000f0000000, 0x00000000f6400000, 0x00000000f6400000)
  from space 12800K,  13% used [0x00000000f7080000, 0x00000000f7225b90, 0x00000000f7d00000)
  to   space 12800K,   0% used [0x00000000f6400000, 0x00000000f6400000, 0x00000000f7080000)
 concurrent mark-sweep generation total 134144K, used 55658K [0x00000000f7d00000, 0x0000000100000000, 0x0000000100000000)
 Metaspace       used 65128K, capacity 69770K, committed 69888K, reserved 1110016K
  class space    used 8392K, capacity 9186K, committed 9216K, reserved 1048576K
2022-09-12T02:08:42.187+0800: 496.964: [GC (Allocation Failure)  159745K->56869K(249344K), 0.0040158 secs]
Heap after GC invocations=1148 (full 0):
 par new generation   total 115200K, used 1195K [0x00000000f0000000, 0x00000000f7d00000, 0x00000000f7d00000)
  eden space 102400K,   0% used [0x00000000f0000000, 0x00000000f0000000, 0x00000000f6400000)
  from space 12800K,   9% used [0x00000000f6400000, 0x00000000f652ae40, 0x00000000f7080000)
  to   space 12800K,   0% used [0x00000000f7080000, 0x00000000f7080000, 0x00000000f7d00000)
 concurrent mark-sweep generation total 134144K, used 55674K [0x00000000f7d00000, 0x0000000100000000, 0x0000000100000000)
 Metaspace       used 65128K, capacity 69770K, committed 69888K, reserved 1110016K
  class space    used 8392K, capacity 9186K, committed 9216K, reserved 1048576K
}
{Heap before GC invocations=1148 (full 0):
 par new generation   total 115200K, used 103595K [0x00000000f0000000, 0x00000000f7d00000, 0x00000000f7d00000)
  eden space 102400K, 100% used [0x00000000f0000000, 0x00000000f6400000, 0x00000000f6400000)
  from space 12800K,   9% used [0x00000000f6400000, 0x00000000f652ae40, 0x00000000f7080000)
  to   space 12800K,   0% used [0x00000000f7080000, 0x00000000f7080000, 0x00000000f7d00000)
 concurrent mark-sweep generation total 134144K, used 55674K [0x00000000f7d00000, 0x0000000100000000, 0x0000000100000000)
 Metaspace       used 65128K, capacity 69770K, committed 69888K, reserved 1110016K
  class space    used 8392K, capacity 9186K, committed 9216K, reserved 1048576K
2022-09-12T02:08:42.541+0800: 497.318: [GC (Allocation Failure)  159269K->56788K(249344K), 0.0036352 secs]
Heap after GC invocations=1149 (full 0):
 par new generation   total 115200K, used 1092K [0x00000000f0000000, 0x00000000f7d00000, 0x00000000f7d00000)
  eden space 102400K,   0% used [0x00000000f0000000, 0x00000000f0000000, 0x00000000f6400000)
  from space 12800K,   8% used [0x00000000f7080000, 0x00000000f7191188, 0x00000000f7d00000)
  to   space 12800K,   0% used [0x00000000f6400000, 0x00000000f6400000, 0x00000000f7080000)
 concurrent mark-sweep generation total 134144K, used 55695K [0x00000000f7d00000, 0x0000000100000000, 0x0000000100000000)
 Metaspace       used 65128K, capacity 69770K, committed 69888K, reserved 1110016K
  class space    used 8392K, capacity 9186K, committed 9216K, reserved 1048576K
}
{Heap before GC invocations=1149 (full 0):
 par new generation   total 115200K, used 103492K [0x00000000f0000000, 0x00000000f7d00000, 0x00000000f7d00000)
  eden space 102400K, 100% used [0x00000000f0000000, 0x00000000f6400000, 0x00000000f6400000)
  from space 12800K,   8% used [0x00000000f7080000, 0x00000000f7191188, 0x00000000f7d00000)
  to   space 12800K,   0% used [0x00000000f6400000, 0x00000000f6400000, 0x00000000f7080000)
 concurrent mark-sweep generation total 134144K, used 55695K [0x00000000f7d00000, 0x0000000100000000, 0x0000000100000000)
 Metaspace       used 65128K, capacity 69770K, committed 69888K, reserved 1110016K
  class space    used 8392K, capacity 9186K, committed 9216K, reserved 1048576K
2022-09-12T02:08:42.886+0800: 497.663: [GC (Allocation Failure)  159188K->57025K(249344K), 0.0039942 secs]
Heap after GC invocations=1150 (full 0):
 par new generation   total 115200K, used 1311K [0x00000000f0000000, 0x00000000f7d00000, 0x00000000f7d00000)
  eden space 102400K,   0% used [0x00000000f0000000, 0x00000000f0000000, 0x00000000f6400000)
  from space 12800K,  10% used [0x00000000f6400000, 0x00000000f6547f28, 0x00000000f7080000)
  to   space 12800K,   0% used [0x00000000f7080000, 0x00000000f7080000, 0x00000000f7d00000)
 concurrent mark-sweep generation total 134144K, used 55713K [0x00000000f7d00000, 0x0000000100000000, 0x0000000100000000)
 Metaspace       used 65128K, capacity 69770K, committed 69888K, reserved 1110016K
  class space    used 8392K, capacity 9186K, committed 9216K, reserved 1048576K
}
{Heap before GC invocations=1150 (full 0):
 par new generation   total 115200K, used 103711K [0x00000000f0000000, 0x00000000f7d00000, 0x00000000f7d00000)
  eden space 102400K, 100% used [0x00000000f0000000, 0x00000000f6400000, 0x00000000f6400000)
  from space 12800K,  10% used [0x00000000f6400000, 0x00000000f6547f28, 0x00000000f7080000)
  to   space 12800K,   0% used [0x00000000f7080000, 0x00000000f7080000, 0x00000000f7d00000)
 concurrent mark-sweep generation total 134144K, used 55713K [0x00000000f7d00000, 0x0000000100000000, 0x0000000100000000)
 Metaspace       used 65128K, capacity 69770K, committed 69888K, reserved 1110016K
  class space    used 8392K, capacity 9186K, committed 9216K, reserved 1048576K
2022-09-12T02:08:43.235+0800: 498.012: [GC (Allocation Failure)  159425K->57297K(249344K), 0.0040249 secs]
Heap after GC invocations=1151 (full 0):
 par new generation   total 115200K, used 1565K [0x00000000f0000000, 0x00000000f7d00000, 0x00000000f7d00000)
  eden space 102400K,   0% used [0x00000000f0000000, 0x00000000f0000000, 0x00000000f6400000)
  from space 12800K,  12% used [0x00000000f7080000, 0x00000000f7207660, 0x00000000f7d00000)
  to   space 12800K,   0% used [0x00000000f6400000, 0x00000000f6400000, 0x00000000f7080000)
 concurrent mark-sweep generation total 134144K, used 55731K [0x00000000f7d00000, 0x0000000100000000, 0x0000000100000000)
 Metaspace       used 65128K, capacity 69770K, committed 69888K, reserved 1110016K
  class space    used 8392K, capacity 9186K, committed 9216K, reserved 1048576K
}
{Heap before GC invocations=1151 (full 0):
 par new generation   total 115200K, used 103965K [0x00000000f0000000, 0x00000000f7d00000, 0x00000000f7d00000)
  eden space 102400K, 100% used [0x00000000f0000000, 0x00000000f6400000, 0x00000000f6400000)
  from space 12800K,  12% used [0x00000000f7080000, 0x00000000f7207660, 0x00000000f7d00000)
  to   space 12800K,   0% used [0x00000000f6400000, 0x00000000f6400000, 0x00000000f7080000)
 concurrent mark-sweep generation total 134144K, used 55731K [0x00000000f7d00000, 0x0000000100000000, 0x0000000100000000)
 Metaspace       used 65128K, capacity 69770K, committed 69888K, reserved 1110016K
  class space    used 8392K, capacity 9186K, committed 9216K, reserved 1048576K
2022-09-12T02:08:43.583+0800: 498.361: [GC (Allocation Failure)  159697K->57379K(249344K), 0.0040668 secs]
Heap after GC invocations=1152 (full 0):
 par new generation   total 115200K, used 1632K [0x00000000f0000000, 0x00000000f7d00000, 0x00000000f7d00000)
  eden space 102400K,   0% used [0x00000000f0000000, 0x00000000f0000000, 0x00000000f6400000)
  from space 12800K,  12% used [0x00000000f6400000, 0x00000000f6598290, 0x00000000f7080000)
  to   space 12800K,   0% used [0x00000000f7080000, 0x00000000f7080000, 0x00000000f7d00000)
 concurrent mark-sweep generation total 134144K, used 55747K [0x00000000f7d00000, 0x0000000100000000, 0x0000000100000000)
 Metaspace       used 65128K, capacity 69770K, committed 69888K, reserved 1110016K
  class space    used 8392K, capacity 9186K, committed 9216K, reserved 1048576K
}
{Heap before GC invocations=1152 (full 0):
 par new generation   total 115200K, used 104032K [0x00000000f0000000, 0x00000000f7d00000, 0x00000000f7d00000)
  eden space 102400K, 100% used [0x00000000f0000000, 0x00000000f6400000, 0x00000000f6400000)
  from space 12800K,  12% used [0x00000000f6400000, 0x00000000f6598290, 0x00000000f7080000)
  to   space 12800K,   0% used [0x00000000f7080000, 0x00000000f7080000, 0x00000000f7d00000)
 concurrent mark-sweep generation total 134144K, used 55747K [0x00000000f7d00000, 0x0000000100000000, 0x0000000100000000)
 Metaspace       used 65128K, capacity 69770K, committed 69888K, reserved 1110016K
  class space    used 8392K, capacity 9186K, committed 9216K, reserved 1048576K
2022-09-12T02:08:43.932+0800: 498.710: [GC (Allocation Failure)  159779K->57456K(249344K), 0.0040979 secs]
Heap after GC invocations=1153 (full 0):
 par new generation   total 115200K, used 1699K [0x00000000f0000000, 0x00000000f7d00000, 0x00000000f7d00000)
  eden space 102400K,   0% used [0x00000000f0000000, 0x00000000f0000000, 0x00000000f6400000)
  from space 12800K,  13% used [0x00000000f7080000, 0x00000000f7228d38, 0x00000000f7d00000)
  to   space 12800K,   0% used [0x00000000f6400000, 0x00000000f6400000, 0x00000000f7080000)
 concurrent mark-sweep generation total 134144K, used 55757K [0x00000000f7d00000, 0x0000000100000000, 0x0000000100000000)
 Metaspace       used 65128K, capacity 69770K, committed 69888K, reserved 1110016K
  class space    used 8392K, capacity 9186K, committed 9216K, reserved 1048576K
}
{Heap before GC invocations=1153 (full 0):
 par new generation   total 115200K, used 104099K [0x00000000f0000000, 0x00000000f7d00000, 0x00000000f7d00000)
  eden space 102400K, 100% used [0x00000000f0000000, 0x00000000f6400000, 0x00000000f6400000)
  from space 12800K,  13% used [0x00000000f7080000, 0x00000000f7228d38, 0x00000000f7d00000)
  to   space 12800K,   0% used [0x00000000f6400000, 0x00000000f6400000, 0x00000000f7080000)
 concurrent mark-sweep generation total 134144K, used 55757K [0x00000000f7d00000, 0x0000000100000000, 0x0000000100000000)
 Metaspace       used 65128K, capacity 69770K, committed 69888K, reserved 1110016K
  class space    used 8392K, capacity 9186K, committed 9216K, reserved 1048576K
2022-09-12T02:08:44.282+0800: 499.059: [GC (Allocation Failure)  159856K->56828K(249344K), 0.0040578 secs]
Heap after GC invocations=1154 (full 0):
 par new generation   total 115200K, used 1056K [0x00000000f0000000, 0x00000000f7d00000, 0x00000000f7d00000)
  eden space 102400K,   0% used [0x00000000f0000000, 0x00000000f0000000, 0x00000000f6400000)
  from space 12800K,   8% used [0x00000000f6400000, 0x00000000f65082e8, 0x00000000f7080000)
  to   space 12800K,   0% used [0x00000000f7080000, 0x00000000f7080000, 0x00000000f7d00000)
 concurrent mark-sweep generation total 134144K, used 55771K [0x00000000f7d00000, 0x0000000100000000, 0x0000000100000000)
 Metaspace       used 65128K, capacity 69770K, committed 69888K, reserved 1110016K
  class space    used 8392K, capacity 9186K, committed 9216K, reserved 1048576K
}
{Heap before GC invocations=1154 (full 0):
 par new generation   total 115200K, used 103456K [0x00000000f0000000, 0x00000000f7d00000, 0x00000000f7d00000)
  eden space 102400K, 100% used [0x00000000f0000000, 0x00000000f6400000, 0x00000000f6400000)
  from space 12800K,   8% used [0x00000000f6400000, 0x00000000f65082e8, 0x00000000f7080000)
  to   space 12800K,   0% used [0x00000000f7080000, 0x00000000f7080000, 0x00000000f7d00000)
 concurrent mark-sweep generation total 134144K, used 55771K [0x00000000f7d00000, 0x0000000100000000, 0x0000000100000000)
 Metaspace       used 65128K, capacity 69770K, committed 69888K, reserved 1110016K
  class space    used 8392K, capacity 9186K, committed 9216K, reserved 1048576K
2022-09-12T02:08:44.630+0800: 499.407: [GC (Allocation Failure)  159228K->57334K(249344K), 0.0041181 secs]
Heap after GC invocations=1155 (full 0):
 par new generation   total 115200K, used 1547K [0x00000000f0000000, 0x00000000f7d00000, 0x00000000f7d00000)
  eden space 102400K,   0% used [0x00000000f0000000, 0x00000000f0000000, 0x00000000f6400000)
  from space 12800K,  12% used [0x00000000f7080000, 0x00000000f7202fb8, 0x00000000f7d00000)
  to   space 12800K,   0% used [0x00000000f6400000, 0x00000000f6400000, 0x00000000f7080000)
 concurrent mark-sweep generation total 134144K, used 55786K [0x00000000f7d00000, 0x0000000100000000, 0x0000000100000000)
 Metaspace       used 65128K, capacity 69770K, committed 69888K, reserved 1110016K
  class space    used 8392K, capacity 9186K, committed 9216K, reserved 1048576K
}
{Heap before GC invocations=1155 (full 0):
 par new generation   total 115200K, used 103947K [0x00000000f0000000, 0x00000000f7d00000, 0x00000000f7d00000)
  eden space 102400K, 100% used [0x00000000f0000000, 0x00000000f6400000, 0x00000000f6400000)
  from space 12800K,  12% used [0x00000000f7080000, 0x00000000f7202fb8, 0x00000000f7d00000)
  to   space 12800K,   0% used [0x00000000f6400000, 0x00000000f6400000, 0x00000000f7080000)
 concurrent mark-sweep generation total 134144K, used 55786K [0x00000000f7d00000, 0x0000000100000000, 0x0000000100000000)
 Metaspace       used 65128K, capacity 69770K, committed 69888K, reserved 1110016K
  class space    used 8392K, capacity 9186K, committed 9216K, reserved 1048576K
2022-09-12T02:08:44.984+0800: 499.762: [GC (Allocation Failure)  159734K->56760K(249344K), 0.0035191 secs]
Heap after GC invocations=1156 (full 0):
 par new generation   total 115200K, used 956K [0x00000000f0000000, 0x00000000f7d00000, 0x00000000f7d00000)
  eden space 102400K,   0% used [0x00000000f0000000, 0x00000000f0000000, 0x00000000f6400000)
  from space 12800K,   7% used [0x00000000f6400000, 0x00000000f64ef080, 0x00000000f7080000)
  to   space 12800K,   0% used [0x00000000f7080000, 0x00000000f7080000, 0x00000000f7d00000)
 concurrent mark-sweep generation total 134144K, used 55804K [0x00000000f7d00000, 0x0000000100000000, 0x0000000100000000)
 Metaspace       used 65128K, capacity 69770K, committed 69888K, reserved 1110016K
  class space    used 8392K, capacity 9186K, committed 9216K, reserved 1048576K
}
{Heap before GC invocations=1156 (full 0):
 par new generation   total 115200K, used 103356K [0x00000000f0000000, 0x00000000f7d00000, 0x00000000f7d00000)
  eden space 102400K, 100% used [0x00000000f0000000, 0x00000000f6400000, 0x00000000f6400000)
  from space 12800K,   7% used [0x00000000f6400000, 0x00000000f64ef080, 0x00000000f7080000)
  to   space 12800K,   0% used [0x00000000f7080000, 0x00000000f7080000, 0x00000000f7d00000)
 concurrent mark-sweep generation total 134144K, used 55804K [0x00000000f7d00000, 0x0000000100000000, 0x0000000100000000)
 Metaspace       used 65128K, capacity 69770K, committed 69888K, reserved 1110016K
  class space    used 8392K, capacity 9186K, committed 9216K, reserved 1048576K
2022-09-12T02:08:45.327+0800: 500.105: [GC (Allocation Failure)  159160K->56930K(249344K), 0.0040549 secs]
Heap after GC invocations=1157 (full 0):
 par new generation   total 115200K, used 1106K [0x00000000f0000000, 0x00000000f7d00000, 0x00000000f7d00000)
  eden space 102400K,   0% used [0x00000000f0000000, 0x00000000f0000000, 0x00000000f6400000)
  from space 12800K,   8% used [0x00000000f7080000, 0x00000000f7194900, 0x00000000f7d00000)
  to   space 12800K,   0% used [0x00000000f6400000, 0x00000000f6400000, 0x00000000f7080000)
 concurrent mark-sweep generation total 134144K, used 55823K [0x00000000f7d00000, 0x0000000100000000, 0x0000000100000000)
 Metaspace       used 65128K, capacity 69770K, committed 69888K, reserved 1110016K
  class space    used 8392K, capacity 9186K, committed 9216K, reserved 1048576K
}
{Heap before GC invocations=1157 (full 0):
 par new generation   total 115200K, used 103506K [0x00000000f0000000, 0x00000000f7d00000, 0x00000000f7d00000)
  eden space 102400K, 100% used [0x00000000f0000000, 0x00000000f6400000, 0x00000000f6400000)
  from space 12800K,   8% used [0x00000000f7080000, 0x00000000f7194900, 0x00000000f7d00000)
  to   space 12800K,   0% used [0x00000000f6400000, 0x00000000f6400000, 0x00000000f7080000)
 concurrent mark-sweep generation total 134144K, used 55823K [0x00000000f7d00000, 0x0000000100000000, 0x0000000100000000)
 Metaspace       used 65128K, capacity 69770K, committed 69888K, reserved 1110016K
  class space    used 8392K, capacity 9186K, committed 9216K, reserved 1048576K
2022-09-12T02:08:45.676+0800: 500.453: [GC (Allocation Failure)  159330K->57339K(249344K), 0.0041431 secs]
Heap after GC invocations=1158 (full 0):
 par new generation   total 115200K, used 1492K [0x00000000f0000000, 0x00000000f7d00000, 0x00000000f7d00000)
  eden space 102400K,   0% used [0x00000000f0000000, 0x00000000f0000000, 0x00000000f6400000)
  from space 12800K,  11% used [0x00000000f6400000, 0x00000000f6575258, 0x00000000f7080000)
  to   space 12800K,   0% used [0x00000000f7080000, 0x00000000f7080000, 0x00000000f7d00000)
 concurrent mark-sweep generation total 134144K, used 55846K [0x00000000f7d00000, 0x0000000100000000, 0x0000000100000000)
 Metaspace       used 65128K, capacity 69770K, committed 69888K, reserved 1110016K
  class space    used 8392K, capacity 9186K, committed 9216K, reserved 1048576K
}
{Heap before GC invocations=1158 (full 0):
 par new generation   total 115200K, used 103892K [0x00000000f0000000, 0x00000000f7d00000, 0x00000000f7d00000)
  eden space 102400K, 100% used [0x00000000f0000000, 0x00000000f6400000, 0x00000000f6400000)
  from space 12800K,  11% used [0x00000000f6400000, 0x00000000f6575258, 0x00000000f7080000)
  to   space 12800K,   0% used [0x00000000f7080000, 0x00000000f7080000, 0x00000000f7d00000)
 concurrent mark-sweep generation total 134144K, used 55846K [0x00000000f7d00000, 0x0000000100000000, 0x0000000100000000)
 Metaspace       used 65128K, capacity 69770K, committed 69888K, reserved 1110016K
  class space    used 8392K, capacity 9186K, committed 9216K, reserved 1048576K
2022-09-12T02:08:46.032+0800: 500.809: [GC (Allocation Failure)  159739K->57501K(249344K), 0.0042315 secs]
Heap after GC invocations=1159 (full 0):
 par new generation   total 115200K, used 1639K [0x00000000f0000000, 0x00000000f7d00000, 0x00000000f7d00000)
  eden space 102400K,   0% used [0x00000000f0000000, 0x00000000f0000000, 0x00000000f6400000)
  from space 12800K,  12% used [0x00000000f7080000, 0x00000000f7219e58, 0x00000000f7d00000)
  to   space 12800K,   0% used [0x00000000f6400000, 0x00000000f6400000, 0x00000000f7080000)
 concurrent mark-sweep generation total 134144K, used 55862K [0x00000000f7d00000, 0x0000000100000000, 0x0000000100000000)
 Metaspace       used 65128K, capacity 69770K, committed 69888K, reserved 1110016K
  class space    used 8392K, capacity 9186K, committed 9216K, reserved 1048576K
}
{Heap before GC invocations=1159 (full 0):
 par new generation   total 115200K, used 104039K [0x00000000f0000000, 0x00000000f7d00000, 0x00000000f7d00000)
  eden space 102400K, 100% used [0x00000000f0000000, 0x00000000f6400000, 0x00000000f6400000)
  from space 12800K,  12% used [0x00000000f7080000, 0x00000000f7219e58, 0x00000000f7d00000)
  to   space 12800K,   0% used [0x00000000f6400000, 0x00000000f6400000, 0x00000000f7080000)
 concurrent mark-sweep generation total 134144K, used 55862K [0x00000000f7d00000, 0x0000000100000000, 0x0000000100000000)
 Metaspace       used 65128K, capacity 69770K, committed 69888K, reserved 1110016K
  class space    used 8392K, capacity 9186K, committed 9216K, reserved 1048576K
2022-09-12T02:08:46.380+0800: 501.157: [GC (Allocation Failure)  159901K->57077K(249344K), 0.0040982 secs]
Heap after GC invocations=1160 (full 0):
 par new generation   total 115200K, used 1201K [0x00000000f0000000, 0x00000000f7d00000, 0x00000000f7d00000)
  eden space 102400K,   0% used [0x00000000f0000000, 0x00000000f0000000, 0x00000000f6400000)
  from space 12800K,   9% used [0x00000000f6400000, 0x00000000f652c500, 0x00000000f7080000)
  to   space 12800K,   0% used [0x00000000f7080000, 0x00000000f7080000, 0x00000000f7d00000)
 concurrent mark-sweep generation total 134144K, used 55876K [0x00000000f7d00000, 0x0000000100000000, 0x0000000100000000)
 Metaspace       used 65128K, capacity 69770K, committed 69888K, reserved 1110016K
  class space    used 8392K, capacity 9186K, committed 9216K, reserved 1048576K
}
{Heap before GC invocations=1160 (full 0):
 par new generation   total 115200K, used 103601K [0x00000000f0000000, 0x00000000f7d00000, 0x00000000f7d00000)
  eden space 102400K, 100% used [0x00000000f0000000, 0x00000000f6400000, 0x00000000f6400000)
  from space 12800K,   9% used [0x00000000f6400000, 0x00000000f652c500, 0x00000000f7080000)
  to   space 12800K,   0% used [0x00000000f7080000, 0x00000000f7080000, 0x00000000f7d00000)
 concurrent mark-sweep generation total 134144K, used 55876K [0x00000000f7d00000, 0x0000000100000000, 0x0000000100000000)
 Metaspace       used 65128K, capacity 69770K, committed 69888K, reserved 1110016K
  class space    used 8392K, capacity 9186K, committed 9216K, reserved 1048576K
2022-09-12T02:08:46.728+0800: 501.505: [GC (Allocation Failure)  159477K->57410K(249344K), 0.0040632 secs]
Heap after GC invocations=1161 (full 0):
 par new generation   total 115200K, used 1523K [0x00000000f0000000, 0x00000000f7d00000, 0x00000000f7d00000)
  eden space 102400K,   0% used [0x00000000f0000000, 0x00000000f0000000, 0x00000000f6400000)
  from space 12800K,  11% used [0x00000000f7080000, 0x00000000f71fcc68, 0x00000000f7d00000)
  to   space 12800K,   0% used [0x00000000f6400000, 0x00000000f6400000, 0x00000000f7080000)
 concurrent mark-sweep generation total 134144K, used 55887K [0x00000000f7d00000, 0x0000000100000000, 0x0000000100000000)
 Metaspace       used 65128K, capacity 69770K, committed 69888K, reserved 1110016K
  class space    used 8392K, capacity 9186K, committed 9216K, reserved 1048576K
}
{Heap before GC invocations=1161 (full 0):
 par new generation   total 115200K, used 103923K [0x00000000f0000000, 0x00000000f7d00000, 0x00000000f7d00000)
  eden space 102400K, 100% used [0x00000000f0000000, 0x00000000f6400000, 0x00000000f6400000)
  from space 12800K,  11% used [0x00000000f7080000, 0x00000000f71fcc68, 0x00000000f7d00000)
  to   space 12800K,   0% used [0x00000000f6400000, 0x00000000f6400000, 0x00000000f7080000)
 concurrent mark-sweep generation total 134144K, used 55887K [0x00000000f7d00000, 0x0000000100000000, 0x0000000100000000)
 Metaspace       used 65128K, capacity 69770K, committed 69888K, reserved 1110016K
  class space    used 8392K, capacity 9186K, committed 9216K, reserved 1048576K
2022-09-12T02:08:47.077+0800: 501.854: [GC (Allocation Failure)  159810K->57540K(249344K), 0.0039961 secs]
Heap after GC invocations=1162 (full 0):
 par new generation   total 115200K, used 1635K [0x00000000f0000000, 0x00000000f7d00000, 0x00000000f7d00000)
  eden space 102400K,   0% used [0x00000000f0000000, 0x00000000f0000000, 0x00000000f6400000)
  from space 12800K,  12% used [0x00000000f6400000, 0x00000000f6598c30, 0x00000000f7080000)
  to   space 12800K,   0% used [0x00000000f7080000, 0x00000000f7080000, 0x00000000f7d00000)
 concurrent mark-sweep generation total 134144K, used 55905K [0x00000000f7d00000, 0x0000000100000000, 0x0000000100000000)
 Metaspace       used 65128K, capacity 69770K, committed 69888K, reserved 1110016K
  class space    used 8392K, capacity 9186K, committed 9216K, reserved 1048576K
}
{Heap before GC invocations=1162 (full 0):
 par new generation   total 115200K, used 104035K [0x00000000f0000000, 0x00000000f7d00000, 0x00000000f7d00000)
  eden space 102400K, 100% used [0x00000000f0000000, 0x00000000f6400000, 0x00000000f6400000)
  from space 12800K,  12% used [0x00000000f6400000, 0x00000000f6598c30, 0x00000000f7080000)
  to   space 12800K,   0% used [0x00000000f7080000, 0x00000000f7080000, 0x00000000f7d00000)
 concurrent mark-sweep generation total 134144K, used 55905K [0x00000000f7d00000, 0x0000000100000000, 0x0000000100000000)
 Metaspace       used 65128K, capacity 69770K, committed 69888K, reserved 1110016K
  class space    used 8392K, capacity 9186K, committed 9216K, reserved 1048576K
2022-09-12T02:08:47.431+0800: 502.208: [GC (Allocation Failure)  159940K->56652K(249344K), 0.0032160 secs]
Heap after GC invocations=1163 (full 0):
 par new generation   total 115200K, used 736K [0x00000000f0000000, 0x00000000f7d00000, 0x00000000f7d00000)
  eden space 102400K,   0% used [0x00000000f0000000, 0x00000000f0000000, 0x00000000f6400000)
  from space 12800K,   5% used [0x00000000f7080000, 0x00000000f71381f0, 0x00000000f7d00000)
  to   space 12800K,   0% used [0x00000000f6400000, 0x00000000f6400000, 0x00000000f7080000)
 concurrent mark-sweep generation total 134144K, used 55915K [0x00000000f7d00000, 0x0000000100000000, 0x0000000100000000)
 Metaspace       used 65128K, capacity 69770K, committed 69888K, reserved 1110016K
  class space    used 8392K, capacity 9186K, committed 9216K, reserved 1048576K
}
{Heap before GC invocations=1163 (full 0):
 par new generation   total 115200K, used 103136K [0x00000000f0000000, 0x00000000f7d00000, 0x00000000f7d00000)
  eden space 102400K, 100% used [0x00000000f0000000, 0x00000000f6400000, 0x00000000f6400000)
  from space 12800K,   5% used [0x00000000f7080000, 0x00000000f71381f0, 0x00000000f7d00000)
  to   space 12800K,   0% used [0x00000000f6400000, 0x00000000f6400000, 0x00000000f7080000)
 concurrent mark-sweep generation total 134144K, used 55915K [0x00000000f7d00000, 0x0000000100000000, 0x0000000100000000)
 Metaspace       used 65128K, capacity 69770K, committed 69888K, reserved 1110016K
  class space    used 8392K, capacity 9186K, committed 9216K, reserved 1048576K
2022-09-12T02:08:47.772+0800: 502.549: [GC (Allocation Failure)  159052K->57160K(249344K), 0.0040377 secs]
Heap after GC invocations=1164 (full 0):
 par new generation   total 115200K, used 1225K [0x00000000f0000000, 0x00000000f7d00000, 0x00000000f7d00000)
  eden space 102400K,   0% used [0x00000000f0000000, 0x00000000f0000000, 0x00000000f6400000)
  from space 12800K,   9% used [0x00000000f6400000, 0x00000000f6532590, 0x00000000f7080000)
  to   space 12800K,   0% used [0x00000000f7080000, 0x00000000f7080000, 0x00000000f7d00000)
 concurrent mark-sweep generation total 134144K, used 55934K [0x00000000f7d00000, 0x0000000100000000, 0x0000000100000000)
 Metaspace       used 65128K, capacity 69770K, committed 69888K, reserved 1110016K
  class space    used 8392K, capacity 9186K, committed 9216K, reserved 1048576K
}
{Heap before GC invocations=1164 (full 0):
 par new generation   total 115200K, used 103625K [0x00000000f0000000, 0x00000000f7d00000, 0x00000000f7d00000)
  eden space 102400K, 100% used [0x00000000f0000000, 0x00000000f6400000, 0x00000000f6400000)
  from space 12800K,   9% used [0x00000000f6400000, 0x00000000f6532590, 0x00000000f7080000)
  to   space 12800K,   0% used [0x00000000f7080000, 0x00000000f7080000, 0x00000000f7d00000)
 concurrent mark-sweep generation total 134144K, used 55934K [0x00000000f7d00000, 0x0000000100000000, 0x0000000100000000)
 Metaspace       used 65128K, capacity 69770K, committed 69888K, reserved 1110016K
  class space    used 8392K, capacity 9186K, committed 9216K, reserved 1048576K
2022-09-12T02:08:48.126+0800: 502.903: [GC (Allocation Failure)  159560K->57445K(249344K), 0.0039649 secs]
Heap after GC invocations=1165 (full 0):
 par new generation   total 115200K, used 1490K [0x00000000f0000000, 0x00000000f7d00000, 0x00000000f7d00000)
  eden space 102400K,   0% used [0x00000000f0000000, 0x00000000f0000000, 0x00000000f6400000)
  from space 12800K,  11% used [0x00000000f7080000, 0x00000000f71f4a40, 0x00000000f7d00000)
  to   space 12800K,   0% used [0x00000000f6400000, 0x00000000f6400000, 0x00000000f7080000)
 concurrent mark-sweep generation total 134144K, used 55955K [0x00000000f7d00000, 0x0000000100000000, 0x0000000100000000)
 Metaspace       used 65128K, capacity 69770K, committed 69888K, reserved 1110016K
  class space    used 8392K, capacity 9186K, committed 9216K, reserved 1048576K
}
{Heap before GC invocations=1165 (full 0):
 par new generation   total 115200K, used 103890K [0x00000000f0000000, 0x00000000f7d00000, 0x00000000f7d00000)
  eden space 102400K, 100% used [0x00000000f0000000, 0x00000000f6400000, 0x00000000f6400000)
  from space 12800K,  11% used [0x00000000f7080000, 0x00000000f71f4a40, 0x00000000f7d00000)
  to   space 12800K,   0% used [0x00000000f6400000, 0x00000000f6400000, 0x00000000f7080000)
 concurrent mark-sweep generation total 134144K, used 55955K [0x00000000f7d00000, 0x0000000100000000, 0x0000000100000000)
 Metaspace       used 65128K, capacity 69770K, committed 69888K, reserved 1110016K
  class space    used 8392K, capacity 9186K, committed 9216K, reserved 1048576K
2022-09-12T02:08:48.478+0800: 503.255: [GC (Allocation Failure)  159845K->57599K(249344K), 0.0041681 secs]
Heap after GC invocations=1166 (full 0):
 par new generation   total 115200K, used 1622K [0x00000000f0000000, 0x00000000f7d00000, 0x00000000f7d00000)
  eden space 102400K,   0% used [0x00000000f0000000, 0x00000000f0000000, 0x00000000f6400000)
  from space 12800K,  12% used [0x00000000f6400000, 0x00000000f6595858, 0x00000000f7080000)
  to   space 12800K,   0% used [0x00000000f7080000, 0x00000000f7080000, 0x00000000f7d00000)
 concurrent mark-sweep generation total 134144K, used 55976K [0x00000000f7d00000, 0x0000000100000000, 0x0000000100000000)
 Metaspace       used 65128K, capacity 69770K, committed 69888K, reserved 1110016K
  class space    used 8392K, capacity 9186K, committed 9216K, reserved 1048576K
}
{Heap before GC invocations=1166 (full 0):
 par new generation   total 115200K, used 104022K [0x00000000f0000000, 0x00000000f7d00000, 0x00000000f7d00000)
  eden space 102400K, 100% used [0x00000000f0000000, 0x00000000f6400000, 0x00000000f6400000)
  from space 12800K,  12% used [0x00000000f6400000, 0x00000000f6595858, 0x00000000f7080000)
  to   space 12800K,   0% used [0x00000000f7080000, 0x00000000f7080000, 0x00000000f7d00000)
 concurrent mark-sweep generation total 134144K, used 55976K [0x00000000f7d00000, 0x0000000100000000, 0x0000000100000000)
 Metaspace       used 65128K, capacity 69770K, committed 69888K, reserved 1110016K
  class space    used 8392K, capacity 9186K, committed 9216K, reserved 1048576K
2022-09-12T02:08:48.827+0800: 503.604: [GC (Allocation Failure)  159999K->57682K(249344K), 0.0040538 secs]
Heap after GC invocations=1167 (full 0):
 par new generation   total 115200K, used 1693K [0x00000000f0000000, 0x00000000f7d00000, 0x00000000f7d00000)
  eden space 102400K,   0% used [0x00000000f0000000, 0x00000000f0000000, 0x00000000f6400000)
  from space 12800K,  13% used [0x00000000f7080000, 0x00000000f7227678, 0x00000000f7d00000)
  to   space 12800K,   0% used [0x00000000f6400000, 0x00000000f6400000, 0x00000000f7080000)
 concurrent mark-sweep generation total 134144K, used 55988K [0x00000000f7d00000, 0x0000000100000000, 0x0000000100000000)
 Metaspace       used 65128K, capacity 69770K, committed 69888K, reserved 1110016K
  class space    used 8392K, capacity 9186K, committed 9216K, reserved 1048576K
}
{Heap before GC invocations=1167 (full 0):
 par new generation   total 115200K, used 104093K [0x00000000f0000000, 0x00000000f7d00000, 0x00000000f7d00000)
  eden space 102400K, 100% used [0x00000000f0000000, 0x00000000f6400000, 0x00000000f6400000)
  from space 12800K,  13% used [0x00000000f7080000, 0x00000000f7227678, 0x00000000f7d00000)
  to   space 12800K,   0% used [0x00000000f6400000, 0x00000000f6400000, 0x00000000f7080000)
 concurrent mark-sweep generation total 134144K, used 55988K [0x00000000f7d00000, 0x0000000100000000, 0x0000000100000000)
 Metaspace       used 65128K, capacity 69770K, committed 69888K, reserved 1110016K
  class space    used 8392K, capacity 9186K, committed 9216K, reserved 1048576K
2022-09-12T02:08:49.178+0800: 503.955: [GC (Allocation Failure)  160082K->57219K(249344K), 0.0040537 secs]
Heap after GC invocations=1168 (full 0):
 par new generation   total 115200K, used 1215K [0x00000000f0000000, 0x00000000f7d00000, 0x00000000f7d00000)
  eden space 102400K,   0% used [0x00000000f0000000, 0x00000000f0000000, 0x00000000f6400000)
  from space 12800K,   9% used [0x00000000f6400000, 0x00000000f652ff40, 0x00000000f7080000)
  to   space 12800K,   0% used [0x00000000f7080000, 0x00000000f7080000, 0x00000000f7d00000)
 concurrent mark-sweep generation total 134144K, used 56003K [0x00000000f7d00000, 0x0000000100000000, 0x0000000100000000)
 Metaspace       used 65128K, capacity 69770K, committed 69888K, reserved 1110016K
  class space    used 8392K, capacity 9186K, committed 9216K, reserved 1048576K
}
{Heap before GC invocations=1168 (full 0):
 par new generation   total 115200K, used 103615K [0x00000000f0000000, 0x00000000f7d00000, 0x00000000f7d00000)
  eden space 102400K, 100% used [0x00000000f0000000, 0x00000000f6400000, 0x00000000f6400000)
  from space 12800K,   9% used [0x00000000f6400000, 0x00000000f652ff40, 0x00000000f7080000)
  to   space 12800K,   0% used [0x00000000f7080000, 0x00000000f7080000, 0x00000000f7d00000)
 concurrent mark-sweep generation total 134144K, used 56003K [0x00000000f7d00000, 0x0000000100000000, 0x0000000100000000)
 Metaspace       used 65128K, capacity 69770K, committed 69888K, reserved 1110016K
  class space    used 8392K, capacity 9186K, committed 9216K, reserved 1048576K
2022-09-12T02:08:49.525+0800: 504.302: [GC (Allocation Failure)  159619K->57541K(249344K), 0.0040319 secs]
Heap after GC invocations=1169 (full 0):
 par new generation   total 115200K, used 1523K [0x00000000f0000000, 0x00000000f7d00000, 0x00000000f7d00000)
  eden space 102400K,   0% used [0x00000000f0000000, 0x00000000f0000000, 0x00000000f6400000)
  from space 12800K,  11% used [0x00000000f7080000, 0x00000000f71fccd8, 0x00000000f7d00000)
  to   space 12800K,   0% used [0x00000000f6400000, 0x00000000f6400000, 0x00000000f7080000)
 concurrent mark-sweep generation total 134144K, used 56017K [0x00000000f7d00000, 0x0000000100000000, 0x0000000100000000)
 Metaspace       used 65128K, capacity 69770K, committed 69888K, reserved 1110016K
  class space    used 8392K, capacity 9186K, committed 9216K, reserved 1048576K
}
{Heap before GC invocations=1169 (full 0):
 par new generation   total 115200K, used 103923K [0x00000000f0000000, 0x00000000f7d00000, 0x00000000f7d00000)
  eden space 102400K, 100% used [0x00000000f0000000, 0x00000000f6400000, 0x00000000f6400000)
  from space 12800K,  11% used [0x00000000f7080000, 0x00000000f71fccd8, 0x00000000f7d00000)
  to   space 12800K,   0% used [0x00000000f6400000, 0x00000000f6400000, 0x00000000f7080000)
 concurrent mark-sweep generation total 134144K, used 56017K [0x00000000f7d00000, 0x0000000100000000, 0x0000000100000000)
 Metaspace       used 65128K, capacity 69770K, committed 69888K, reserved 1110016K
  class space    used 8392K, capacity 9186K, committed 9216K, reserved 1048576K
2022-09-12T02:08:49.877+0800: 504.654: [GC (Allocation Failure)  159941K->56976K(249344K), 0.0035809 secs]
Heap after GC invocations=1170 (full 0):
 par new generation   total 115200K, used 942K [0x00000000f0000000, 0x00000000f7d00000, 0x00000000f7d00000)
  eden space 102400K,   0% used [0x00000000f0000000, 0x00000000f0000000, 0x00000000f6400000)
  from space 12800K,   7% used [0x00000000f6400000, 0x00000000f64eb8e0, 0x00000000f7080000)
  to   space 12800K,   0% used [0x00000000f7080000, 0x00000000f7080000, 0x00000000f7d00000)
 concurrent mark-sweep generation total 134144K, used 56034K [0x00000000f7d00000, 0x0000000100000000, 0x0000000100000000)
 Metaspace       used 65128K, capacity 69770K, committed 69888K, reserved 1110016K
  class space    used 8392K, capacity 9186K, committed 9216K, reserved 1048576K
}
{Heap before GC invocations=1170 (full 0):
 par new generation   total 115200K, used 103342K [0x00000000f0000000, 0x00000000f7d00000, 0x00000000f7d00000)
  eden space 102400K, 100% used [0x00000000f0000000, 0x00000000f6400000, 0x00000000f6400000)
  from space 12800K,   7% used [0x00000000f6400000, 0x00000000f64eb8e0, 0x00000000f7080000)
  to   space 12800K,   0% used [0x00000000f7080000, 0x00000000f7080000, 0x00000000f7d00000)
 concurrent mark-sweep generation total 134144K, used 56034K [0x00000000f7d00000, 0x0000000100000000, 0x0000000100000000)
 Metaspace       used 65128K, capacity 69770K, committed 69888K, reserved 1110016K
  class space    used 8392K, capacity 9186K, committed 9216K, reserved 1048576K
2022-09-12T02:08:50.225+0800: 505.002: [GC (Allocation Failure)  159376K->57313K(249344K), 0.0041156 secs]
Heap after GC invocations=1171 (full 0):
 par new generation   total 115200K, used 1271K [0x00000000f0000000, 0x00000000f7d00000, 0x00000000f7d00000)
  eden space 102400K,   0% used [0x00000000f0000000, 0x00000000f0000000, 0x00000000f6400000)
  from space 12800K,   9% used [0x00000000f7080000, 0x00000000f71bddf0, 0x00000000f7d00000)
  to   space 12800K,   0% used [0x00000000f6400000, 0x00000000f6400000, 0x00000000f7080000)
 concurrent mark-sweep generation total 134144K, used 56042K [0x00000000f7d00000, 0x0000000100000000, 0x0000000100000000)
 Metaspace       used 65128K, capacity 69770K, committed 69888K, reserved 1110016K
  class space    used 8392K, capacity 9186K, committed 9216K, reserved 1048576K
}
{Heap before GC invocations=1171 (full 0):
 par new generation   total 115200K, used 103671K [0x00000000f0000000, 0x00000000f7d00000, 0x00000000f7d00000)
  eden space 102400K, 100% used [0x00000000f0000000, 0x00000000f6400000, 0x00000000f6400000)
  from space 12800K,   9% used [0x00000000f7080000, 0x00000000f71bddf0, 0x00000000f7d00000)
  to   space 12800K,   0% used [0x00000000f6400000, 0x00000000f6400000, 0x00000000f7080000)
 concurrent mark-sweep generation total 134144K, used 56042K [0x00000000f7d00000, 0x0000000100000000, 0x0000000100000000)
 Metaspace       used 65128K, capacity 69770K, committed 69888K, reserved 1110016K
  class space    used 8392K, capacity 9186K, committed 9216K, reserved 1048576K
2022-09-12T02:08:50.596+0800: 505.373: [GC (Allocation Failure)  159713K->57446K(249344K), 0.0042369 secs]
Heap after GC invocations=1172 (full 0):
 par new generation   total 115200K, used 1382K [0x00000000f0000000, 0x00000000f7d00000, 0x00000000f7d00000)
  eden space 102400K,   0% used [0x00000000f0000000, 0x00000000f0000000, 0x00000000f6400000)
  from space 12800K,  10% used [0x00000000f6400000, 0x00000000f6559ba0, 0x00000000f7080000)
  to   space 12800K,   0% used [0x00000000f7080000, 0x00000000f7080000, 0x00000000f7d00000)
 concurrent mark-sweep generation total 134144K, used 56063K [0x00000000f7d00000, 0x0000000100000000, 0x0000000100000000)
 Metaspace       used 65128K, capacity 69770K, committed 69888K, reserved 1110016K
  class space    used 8392K, capacity 9186K, committed 9216K, reserved 1048576K
}
{Heap before GC invocations=1172 (full 0):
 par new generation   total 115200K, used 103782K [0x00000000f0000000, 0x00000000f7d00000, 0x00000000f7d00000)
  eden space 102400K, 100% used [0x00000000f0000000, 0x00000000f6400000, 0x00000000f6400000)
  from space 12800K,  10% used [0x00000000f6400000, 0x00000000f6559ba0, 0x00000000f7080000)
  to   space 12800K,   0% used [0x00000000f7080000, 0x00000000f7080000, 0x00000000f7d00000)
 concurrent mark-sweep generation total 134144K, used 56063K [0x00000000f7d00000, 0x0000000100000000, 0x0000000100000000)
 Metaspace       used 65128K, capacity 69770K, committed 69888K, reserved 1110016K
  class space    used 8392K, capacity 9186K, committed 9216K, reserved 1048576K
2022-09-12T02:08:50.955+0800: 505.733: [GC (Allocation Failure)  159846K->57752K(249344K), 0.0040742 secs]
Heap after GC invocations=1173 (full 0):
 par new generation   total 115200K, used 1669K [0x00000000f0000000, 0x00000000f7d00000, 0x00000000f7d00000)
  eden space 102400K,   0% used [0x00000000f0000000, 0x00000000f0000000, 0x00000000f6400000)
  from space 12800K,  13% used [0x00000000f7080000, 0x00000000f7221600, 0x00000000f7d00000)
  to   space 12800K,   0% used [0x00000000f6400000, 0x00000000f6400000, 0x00000000f7080000)
 concurrent mark-sweep generation total 134144K, used 56082K [0x00000000f7d00000, 0x0000000100000000, 0x0000000100000000)
 Metaspace       used 65128K, capacity 69770K, committed 69888K, reserved 1110016K
  class space    used 8392K, capacity 9186K, committed 9216K, reserved 1048576K
}
{Heap before GC invocations=1173 (full 0):
 par new generation   total 115200K, used 104069K [0x00000000f0000000, 0x00000000f7d00000, 0x00000000f7d00000)
  eden space 102400K, 100% used [0x00000000f0000000, 0x00000000f6400000, 0x00000000f6400000)
  from space 12800K,  13% used [0x00000000f7080000, 0x00000000f7221600, 0x00000000f7d00000)
  to   space 12800K,   0% used [0x00000000f6400000, 0x00000000f6400000, 0x00000000f7080000)
 concurrent mark-sweep generation total 134144K, used 56082K [0x00000000f7d00000, 0x0000000100000000, 0x0000000100000000)
 Metaspace       used 65128K, capacity 69770K, committed 69888K, reserved 1110016K
  class space    used 8392K, capacity 9186K, committed 9216K, reserved 1048576K
2022-09-12T02:08:51.304+0800: 506.081: [GC (Allocation Failure)  160152K->57147K(249344K), 0.0041757 secs]
Heap after GC invocations=1174 (full 0):
 par new generation   total 115200K, used 1045K [0x00000000f0000000, 0x00000000f7d00000, 0x00000000f7d00000)
  eden space 102400K,   0% used [0x00000000f0000000, 0x00000000f0000000, 0x00000000f6400000)
  from space 12800K,   8% used [0x00000000f6400000, 0x00000000f65057d0, 0x00000000f7080000)
  to   space 12800K,   0% used [0x00000000f7080000, 0x00000000f7080000, 0x00000000f7d00000)
 concurrent mark-sweep generation total 134144K, used 56101K [0x00000000f7d00000, 0x0000000100000000, 0x0000000100000000)
 Metaspace       used 65128K, capacity 69770K, committed 69888K, reserved 1110016K
  class space    used 8392K, capacity 9186K, committed 9216K, reserved 1048576K
}
{Heap before GC invocations=1174 (full 0):
 par new generation   total 115200K, used 103445K [0x00000000f0000000, 0x00000000f7d00000, 0x00000000f7d00000)
  eden space 102400K, 100% used [0x00000000f0000000, 0x00000000f6400000, 0x00000000f6400000)
  from space 12800K,   8% used [0x00000000f6400000, 0x00000000f65057d0, 0x00000000f7080000)
  to   space 12800K,   0% used [0x00000000f7080000, 0x00000000f7080000, 0x00000000f7d00000)
 concurrent mark-sweep generation total 134144K, used 56101K [0x00000000f7d00000, 0x0000000100000000, 0x0000000100000000)
 Metaspace       used 65128K, capacity 69770K, committed 69888K, reserved 1110016K
  class space    used 8392K, capacity 9186K, committed 9216K, reserved 1048576K
2022-09-12T02:08:51.652+0800: 506.429: [GC (Allocation Failure)  159547K->57651K(249344K), 0.0040363 secs]
Heap after GC invocations=1175 (full 0):
 par new generation   total 115200K, used 1533K [0x00000000f0000000, 0x00000000f7d00000, 0x00000000f7d00000)
  eden space 102400K,   0% used [0x00000000f0000000, 0x00000000f0000000, 0x00000000f6400000)
  from space 12800K,  11% used [0x00000000f7080000, 0x00000000f71ff6a0, 0x00000000f7d00000)
  to   space 12800K,   0% used [0x00000000f6400000, 0x00000000f6400000, 0x00000000f7080000)
 concurrent mark-sweep generation total 134144K, used 56117K [0x00000000f7d00000, 0x0000000100000000, 0x0000000100000000)
 Metaspace       used 65128K, capacity 69770K, committed 69888K, reserved 1110016K
  class space    used 8392K, capacity 9186K, committed 9216K, reserved 1048576K
}
{Heap before GC invocations=1175 (full 0):
 par new generation   total 115200K, used 103933K [0x00000000f0000000, 0x00000000f7d00000, 0x00000000f7d00000)
  eden space 102400K, 100% used [0x00000000f0000000, 0x00000000f6400000, 0x00000000f6400000)
  from space 12800K,  11% used [0x00000000f7080000, 0x00000000f71ff6a0, 0x00000000f7d00000)
  to   space 12800K,   0% used [0x00000000f6400000, 0x00000000f6400000, 0x00000000f7080000)
 concurrent mark-sweep generation total 134144K, used 56117K [0x00000000f7d00000, 0x0000000100000000, 0x0000000100000000)
 Metaspace       used 65128K, capacity 69770K, committed 69888K, reserved 1110016K
  class space    used 8392K, capacity 9186K, committed 9216K, reserved 1048576K
2022-09-12T02:08:52.000+0800: 506.777: [GC (Allocation Failure)  160051K->57760K(249344K), 0.0040045 secs]
Heap after GC invocations=1176 (full 0):
 par new generation   total 115200K, used 1628K [0x00000000f0000000, 0x00000000f7d00000, 0x00000000f7d00000)
  eden space 102400K,   0% used [0x00000000f0000000, 0x00000000f0000000, 0x00000000f6400000)
  from space 12800K,  12% used [0x00000000f6400000, 0x00000000f6597298, 0x00000000f7080000)
  to   space 12800K,   0% used [0x00000000f7080000, 0x00000000f7080000, 0x00000000f7d00000)
 concurrent mark-sweep generation total 134144K, used 56131K [0x00000000f7d00000, 0x0000000100000000, 0x0000000100000000)
 Metaspace       used 65128K, capacity 69770K, committed 69888K, reserved 1110016K
  class space    used 8392K, capacity 9186K, committed 9216K, reserved 1048576K
}
{Heap before GC invocations=1176 (full 0):
 par new generation   total 115200K, used 104028K [0x00000000f0000000, 0x00000000f7d00000, 0x00000000f7d00000)
  eden space 102400K, 100% used [0x00000000f0000000, 0x00000000f6400000, 0x00000000f6400000)
  from space 12800K,  12% used [0x00000000f6400000, 0x00000000f6597298, 0x00000000f7080000)
  to   space 12800K,   0% used [0x00000000f7080000, 0x00000000f7080000, 0x00000000f7d00000)
 concurrent mark-sweep generation total 134144K, used 56131K [0x00000000f7d00000, 0x0000000100000000, 0x0000000100000000)
 Metaspace       used 65128K, capacity 69770K, committed 69888K, reserved 1110016K
  class space    used 8392K, capacity 9186K, committed 9216K, reserved 1048576K
2022-09-12T02:08:52.348+0800: 507.125: [GC (Allocation Failure)  160160K->57484K(249344K), 0.0041593 secs]
Heap after GC invocations=1177 (full 0):
 par new generation   total 115200K, used 1338K [0x00000000f0000000, 0x00000000f7d00000, 0x00000000f7d00000)
  eden space 102400K,   0% used [0x00000000f0000000, 0x00000000f0000000, 0x00000000f6400000)
  from space 12800K,  10% used [0x00000000f7080000, 0x00000000f71cebd8, 0x00000000f7d00000)
  to   space 12800K,   0% used [0x00000000f6400000, 0x00000000f6400000, 0x00000000f7080000)
 concurrent mark-sweep generation total 134144K, used 56145K [0x00000000f7d00000, 0x0000000100000000, 0x0000000100000000)
 Metaspace       used 65128K, capacity 69770K, committed 69888K, reserved 1110016K
  class space    used 8392K, capacity 9186K, committed 9216K, reserved 1048576K
}
{Heap before GC invocations=1177 (full 0):
 par new generation   total 115200K, used 103738K [0x00000000f0000000, 0x00000000f7d00000, 0x00000000f7d00000)
  eden space 102400K, 100% used [0x00000000f0000000, 0x00000000f6400000, 0x00000000f6400000)
  from space 12800K,  10% used [0x00000000f7080000, 0x00000000f71cebd8, 0x00000000f7d00000)
  to   space 12800K,   0% used [0x00000000f6400000, 0x00000000f6400000, 0x00000000f7080000)
 concurrent mark-sweep generation total 134144K, used 56145K [0x00000000f7d00000, 0x0000000100000000, 0x0000000100000000)
 Metaspace       used 65128K, capacity 69770K, committed 69888K, reserved 1110016K
  class space    used 8392K, capacity 9186K, committed 9216K, reserved 1048576K
2022-09-12T02:08:52.697+0800: 507.474: [GC (Allocation Failure)  159884K->57710K(249344K), 0.0040746 secs]
Heap after GC invocations=1178 (full 0):
 par new generation   total 115200K, used 1545K [0x00000000f0000000, 0x00000000f7d00000, 0x00000000f7d00000)
  eden space 102400K,   0% used [0x00000000f0000000, 0x00000000f0000000, 0x00000000f6400000)
  from space 12800K,  12% used [0x00000000f6400000, 0x00000000f65826c0, 0x00000000f7080000)
  to   space 12800K,   0% used [0x00000000f7080000, 0x00000000f7080000, 0x00000000f7d00000)
 concurrent mark-sweep generation total 134144K, used 56164K [0x00000000f7d00000, 0x0000000100000000, 0x0000000100000000)
 Metaspace       used 65128K, capacity 69770K, committed 69888K, reserved 1110016K
  class space    used 8392K, capacity 9186K, committed 9216K, reserved 1048576K
}
{Heap before GC invocations=1178 (full 0):
 par new generation   total 115200K, used 103945K [0x00000000f0000000, 0x00000000f7d00000, 0x00000000f7d00000)
  eden space 102400K, 100% used [0x00000000f0000000, 0x00000000f6400000, 0x00000000f6400000)
  from space 12800K,  12% used [0x00000000f6400000, 0x00000000f65826c0, 0x00000000f7080000)
  to   space 12800K,   0% used [0x00000000f7080000, 0x00000000f7080000, 0x00000000f7d00000)
 concurrent mark-sweep generation total 134144K, used 56164K [0x00000000f7d00000, 0x0000000100000000, 0x0000000100000000)
 Metaspace       used 65128K, capacity 69770K, committed 69888K, reserved 1110016K
  class space    used 8392K, capacity 9186K, committed 9216K, reserved 1048576K
2022-09-12T02:08:53.047+0800: 507.825: [GC (Allocation Failure)  160110K->57838K(249344K), 0.0039494 secs]
Heap after GC invocations=1179 (full 0):
 par new generation   total 115200K, used 1666K [0x00000000f0000000, 0x00000000f7d00000, 0x00000000f7d00000)
  eden space 102400K,   0% used [0x00000000f0000000, 0x00000000f0000000, 0x00000000f6400000)
  from space 12800K,  13% used [0x00000000f7080000, 0x00000000f7220a68, 0x00000000f7d00000)
  to   space 12800K,   0% used [0x00000000f6400000, 0x00000000f6400000, 0x00000000f7080000)
 concurrent mark-sweep generation total 134144K, used 56172K [0x00000000f7d00000, 0x0000000100000000, 0x0000000100000000)
 Metaspace       used 65128K, capacity 69770K, committed 69888K, reserved 1110016K
  class space    used 8392K, capacity 9186K, committed 9216K, reserved 1048576K
}
{Heap before GC invocations=1179 (full 0):
 par new generation   total 115200K, used 104066K [0x00000000f0000000, 0x00000000f7d00000, 0x00000000f7d00000)
  eden space 102400K, 100% used [0x00000000f0000000, 0x00000000f6400000, 0x00000000f6400000)
  from space 12800K,  13% used [0x00000000f7080000, 0x00000000f7220a68, 0x00000000f7d00000)
  to   space 12800K,   0% used [0x00000000f6400000, 0x00000000f6400000, 0x00000000f7080000)
 concurrent mark-sweep generation total 134144K, used 56172K [0x00000000f7d00000, 0x0000000100000000, 0x0000000100000000)
 Metaspace       used 65128K, capacity 69770K, committed 69888K, reserved 1110016K
  class space    used 8392K, capacity 9186K, committed 9216K, reserved 1048576K
2022-09-12T02:08:53.396+0800: 508.173: [GC (Allocation Failure)  160238K->57672K(249344K), 0.0041177 secs]
Heap after GC invocations=1180 (full 0):
 par new generation   total 115200K, used 1481K [0x00000000f0000000, 0x00000000f7d00000, 0x00000000f7d00000)
  eden space 102400K,   0% used [0x00000000f0000000, 0x00000000f0000000, 0x00000000f6400000)
  from space 12800K,  11% used [0x00000000f6400000, 0x00000000f6572500, 0x00000000f7080000)
  to   space 12800K,   0% used [0x00000000f7080000, 0x00000000f7080000, 0x00000000f7d00000)
 concurrent mark-sweep generation total 134144K, used 56191K [0x00000000f7d00000, 0x0000000100000000, 0x0000000100000000)
 Metaspace       used 65128K, capacity 69770K, committed 69888K, reserved 1110016K
  class space    used 8392K, capacity 9186K, committed 9216K, reserved 1048576K
}
{Heap before GC invocations=1180 (full 0):
 par new generation   total 115200K, used 103881K [0x00000000f0000000, 0x00000000f7d00000, 0x00000000f7d00000)
  eden space 102400K, 100% used [0x00000000f0000000, 0x00000000f6400000, 0x00000000f6400000)
  from space 12800K,  11% used [0x00000000f6400000, 0x00000000f6572500, 0x00000000f7080000)
  to   space 12800K,   0% used [0x00000000f7080000, 0x00000000f7080000, 0x00000000f7d00000)
 concurrent mark-sweep generation total 134144K, used 56191K [0x00000000f7d00000, 0x0000000100000000, 0x0000000100000000)
 Metaspace       used 65128K, capacity 69770K, committed 69888K, reserved 1110016K
  class space    used 8392K, capacity 9186K, committed 9216K, reserved 1048576K
2022-09-12T02:08:53.744+0800: 508.521: [GC (Allocation Failure)  160072K->57769K(249344K), 0.0040133 secs]
Heap after GC invocations=1181 (full 0):
 par new generation   total 115200K, used 1558K [0x00000000f0000000, 0x00000000f7d00000, 0x00000000f7d00000)
  eden space 102400K,   0% used [0x00000000f0000000, 0x00000000f0000000, 0x00000000f6400000)
  from space 12800K,  12% used [0x00000000f7080000, 0x00000000f7205b08, 0x00000000f7d00000)
  to   space 12800K,   0% used [0x00000000f6400000, 0x00000000f6400000, 0x00000000f7080000)
 concurrent mark-sweep generation total 134144K, used 56210K [0x00000000f7d00000, 0x0000000100000000, 0x0000000100000000)
 Metaspace       used 65128K, capacity 69770K, committed 69888K, reserved 1110016K
  class space    used 8392K, capacity 9186K, committed 9216K, reserved 1048576K
}
{Heap before GC invocations=1181 (full 0):
 par new generation   total 115200K, used 103958K [0x00000000f0000000, 0x00000000f7d00000, 0x00000000f7d00000)
  eden space 102400K, 100% used [0x00000000f0000000, 0x00000000f6400000, 0x00000000f6400000)
  from space 12800K,  12% used [0x00000000f7080000, 0x00000000f7205b08, 0x00000000f7d00000)
  to   space 12800K,   0% used [0x00000000f6400000, 0x00000000f6400000, 0x00000000f7080000)
 concurrent mark-sweep generation total 134144K, used 56210K [0x00000000f7d00000, 0x0000000100000000, 0x0000000100000000)
 Metaspace       used 65128K, capacity 69770K, committed 69888K, reserved 1110016K
  class space    used 8392K, capacity 9186K, committed 9216K, reserved 1048576K
2022-09-12T02:08:54.095+0800: 508.872: [GC (Allocation Failure)  160169K->57866K(249344K), 0.0040527 secs]
Heap after GC invocations=1182 (full 0):
 par new generation   total 115200K, used 1636K [0x00000000f0000000, 0x00000000f7d00000, 0x00000000f7d00000)
  eden space 102400K,   0% used [0x00000000f0000000, 0x00000000f0000000, 0x00000000f6400000)
  from space 12800K,  12% used [0x00000000f6400000, 0x00000000f6599288, 0x00000000f7080000)
  to   space 12800K,   0% used [0x00000000f7080000, 0x00000000f7080000, 0x00000000f7d00000)
 concurrent mark-sweep generation total 134144K, used 56229K [0x00000000f7d00000, 0x0000000100000000, 0x0000000100000000)
 Metaspace       used 65128K, capacity 69770K, committed 69888K, reserved 1110016K
  class space    used 8392K, capacity 9186K, committed 9216K, reserved 1048576K
}
{Heap before GC invocations=1182 (full 0):
 par new generation   total 115200K, used 104036K [0x00000000f0000000, 0x00000000f7d00000, 0x00000000f7d00000)
  eden space 102400K, 100% used [0x00000000f0000000, 0x00000000f6400000, 0x00000000f6400000)
  from space 12800K,  12% used [0x00000000f6400000, 0x00000000f6599288, 0x00000000f7080000)
  to   space 12800K,   0% used [0x00000000f7080000, 0x00000000f7080000, 0x00000000f7d00000)
 concurrent mark-sweep generation total 134144K, used 56229K [0x00000000f7d00000, 0x0000000100000000, 0x0000000100000000)
 Metaspace       used 65128K, capacity 69770K, committed 69888K, reserved 1110016K
  class space    used 8392K, capacity 9186K, committed 9216K, reserved 1048576K
2022-09-12T02:08:54.443+0800: 509.221: [GC (Allocation Failure)  160266K->57446K(249344K), 0.0041055 secs]
Heap after GC invocations=1183 (full 0):
 par new generation   total 115200K, used 1197K [0x00000000f0000000, 0x00000000f7d00000, 0x00000000f7d00000)
  eden space 102400K,   0% used [0x00000000f0000000, 0x00000000f0000000, 0x00000000f6400000)
  from space 12800K,   9% used [0x00000000f7080000, 0x00000000f71ab480, 0x00000000f7d00000)
  to   space 12800K,   0% used [0x00000000f6400000, 0x00000000f6400000, 0x00000000f7080000)
 concurrent mark-sweep generation total 134144K, used 56248K [0x00000000f7d00000, 0x0000000100000000, 0x0000000100000000)
 Metaspace       used 65128K, capacity 69770K, committed 69888K, reserved 1110016K
  class space    used 8392K, capacity 9186K, committed 9216K, reserved 1048576K
}
{Heap before GC invocations=1183 (full 0):
 par new generation   total 115200K, used 103597K [0x00000000f0000000, 0x00000000f7d00000, 0x00000000f7d00000)
  eden space 102400K, 100% used [0x00000000f0000000, 0x00000000f6400000, 0x00000000f6400000)
  from space 12800K,   9% used [0x00000000f7080000, 0x00000000f71ab480, 0x00000000f7d00000)
  to   space 12800K,   0% used [0x00000000f6400000, 0x00000000f6400000, 0x00000000f7080000)
 concurrent mark-sweep generation total 134144K, used 56248K [0x00000000f7d00000, 0x0000000100000000, 0x0000000100000000)
 Metaspace       used 65128K, capacity 69770K, committed 69888K, reserved 1110016K
  class space    used 8392K, capacity 9186K, committed 9216K, reserved 1048576K
2022-09-12T02:08:54.792+0800: 509.569: [GC (Allocation Failure)  159846K->57583K(249344K), 0.0043007 secs]
Heap after GC invocations=1184 (full 0):
 par new generation   total 115200K, used 1319K [0x00000000f0000000, 0x00000000f7d00000, 0x00000000f7d00000)
  eden space 102400K,   0% used [0x00000000f0000000, 0x00000000f0000000, 0x00000000f6400000)
  from space 12800K,  10% used [0x00000000f6400000, 0x00000000f6549e50, 0x00000000f7080000)
  to   space 12800K,   0% used [0x00000000f7080000, 0x00000000f7080000, 0x00000000f7d00000)
 concurrent mark-sweep generation total 134144K, used 56264K [0x00000000f7d00000, 0x0000000100000000, 0x0000000100000000)
 Metaspace       used 65128K, capacity 69770K, committed 69888K, reserved 1110016K
  class space    used 8392K, capacity 9186K, committed 9216K, reserved 1048576K
}
{Heap before GC invocations=1184 (full 0):
 par new generation   total 115200K, used 103719K [0x00000000f0000000, 0x00000000f7d00000, 0x00000000f7d00000)
  eden space 102400K, 100% used [0x00000000f0000000, 0x00000000f6400000, 0x00000000f6400000)
  from space 12800K,  10% used [0x00000000f6400000, 0x00000000f6549e50, 0x00000000f7080000)
  to   space 12800K,   0% used [0x00000000f7080000, 0x00000000f7080000, 0x00000000f7d00000)
 concurrent mark-sweep generation total 134144K, used 56264K [0x00000000f7d00000, 0x0000000100000000, 0x0000000100000000)
 Metaspace       used 65128K, capacity 69770K, committed 69888K, reserved 1110016K
  class space    used 8392K, capacity 9186K, committed 9216K, reserved 1048576K
2022-09-12T02:08:55.142+0800: 509.919: [GC (Allocation Failure)  159983K->57927K(249344K), 0.0040499 secs]
Heap after GC invocations=1185 (full 0):
 par new generation   total 115200K, used 1652K [0x00000000f0000000, 0x00000000f7d00000, 0x00000000f7d00000)
  eden space 102400K,   0% used [0x00000000f0000000, 0x00000000f0000000, 0x00000000f6400000)
  from space 12800K,  12% used [0x00000000f7080000, 0x00000000f721d268, 0x00000000f7d00000)
  to   space 12800K,   0% used [0x00000000f6400000, 0x00000000f6400000, 0x00000000f7080000)
 concurrent mark-sweep generation total 134144K, used 56274K [0x00000000f7d00000, 0x0000000100000000, 0x0000000100000000)
 Metaspace       used 65128K, capacity 69770K, committed 69888K, reserved 1110016K
  class space    used 8392K, capacity 9186K, committed 9216K, reserved 1048576K
}
{Heap before GC invocations=1185 (full 0):
 par new generation   total 115200K, used 104052K [0x00000000f0000000, 0x00000000f7d00000, 0x00000000f7d00000)
  eden space 102400K, 100% used [0x00000000f0000000, 0x00000000f6400000, 0x00000000f6400000)
  from space 12800K,  12% used [0x00000000f7080000, 0x00000000f721d268, 0x00000000f7d00000)
  to   space 12800K,   0% used [0x00000000f6400000, 0x00000000f6400000, 0x00000000f7080000)
 concurrent mark-sweep generation total 134144K, used 56274K [0x00000000f7d00000, 0x0000000100000000, 0x0000000100000000)
 Metaspace       used 65128K, capacity 69770K, committed 69888K, reserved 1110016K
  class space    used 8392K, capacity 9186K, committed 9216K, reserved 1048576K
2022-09-12T02:08:55.490+0800: 510.267: [GC (Allocation Failure)  160327K->57486K(249344K), 0.0040688 secs]
Heap after GC invocations=1186 (full 0):
 par new generation   total 115200K, used 1195K [0x00000000f0000000, 0x00000000f7d00000, 0x00000000f7d00000)
  eden space 102400K,   0% used [0x00000000f0000000, 0x00000000f0000000, 0x00000000f6400000)
  from space 12800K,   9% used [0x00000000f6400000, 0x00000000f652aec0, 0x00000000f7080000)
  to   space 12800K,   0% used [0x00000000f7080000, 0x00000000f7080000, 0x00000000f7d00000)
 concurrent mark-sweep generation total 134144K, used 56291K [0x00000000f7d00000, 0x0000000100000000, 0x0000000100000000)
 Metaspace       used 65128K, capacity 69770K, committed 69888K, reserved 1110016K
  class space    used 8392K, capacity 9186K, committed 9216K, reserved 1048576K
}
{Heap before GC invocations=1186 (full 0):
 par new generation   total 115200K, used 103595K [0x00000000f0000000, 0x00000000f7d00000, 0x00000000f7d00000)
  eden space 102400K, 100% used [0x00000000f0000000, 0x00000000f6400000, 0x00000000f6400000)
  from space 12800K,   9% used [0x00000000f6400000, 0x00000000f652aec0, 0x00000000f7080000)
  to   space 12800K,   0% used [0x00000000f7080000, 0x00000000f7080000, 0x00000000f7d00000)
 concurrent mark-sweep generation total 134144K, used 56291K [0x00000000f7d00000, 0x0000000100000000, 0x0000000100000000)
 Metaspace       used 65128K, capacity 69770K, committed 69888K, reserved 1110016K
  class space    used 8392K, capacity 9186K, committed 9216K, reserved 1048576K
2022-09-12T02:08:55.838+0800: 510.615: [GC (Allocation Failure)  159886K->57803K(249344K), 0.0040964 secs]
Heap after GC invocations=1187 (full 0):
 par new generation   total 115200K, used 1503K [0x00000000f0000000, 0x00000000f7d00000, 0x00000000f7d00000)
  eden space 102400K,   0% used [0x00000000f0000000, 0x00000000f0000000, 0x00000000f6400000)
  from space 12800K,  11% used [0x00000000f7080000, 0x00000000f71f7c90, 0x00000000f7d00000)
  to   space 12800K,   0% used [0x00000000f6400000, 0x00000000f6400000, 0x00000000f7080000)
 concurrent mark-sweep generation total 134144K, used 56299K [0x00000000f7d00000, 0x0000000100000000, 0x0000000100000000)
 Metaspace       used 65128K, capacity 69770K, committed 69888K, reserved 1110016K
  class space    used 8392K, capacity 9186K, committed 9216K, reserved 1048576K
}
{Heap before GC invocations=1187 (full 0):
 par new generation   total 115200K, used 103903K [0x00000000f0000000, 0x00000000f7d00000, 0x00000000f7d00000)
  eden space 102400K, 100% used [0x00000000f0000000, 0x00000000f6400000, 0x00000000f6400000)
  from space 12800K,  11% used [0x00000000f7080000, 0x00000000f71f7c90, 0x00000000f7d00000)
  to   space 12800K,   0% used [0x00000000f6400000, 0x00000000f6400000, 0x00000000f7080000)
 concurrent mark-sweep generation total 134144K, used 56299K [0x00000000f7d00000, 0x0000000100000000, 0x0000000100000000)
 Metaspace       used 65128K, capacity 69770K, committed 69888K, reserved 1110016K
  class space    used 8392K, capacity 9186K, committed 9216K, reserved 1048576K
2022-09-12T02:08:56.187+0800: 510.964: [GC (Allocation Failure)  160203K->57972K(249344K), 0.0041653 secs]
Heap after GC invocations=1188 (full 0):
 par new generation   total 115200K, used 1650K [0x00000000f0000000, 0x00000000f7d00000, 0x00000000f7d00000)
  eden space 102400K,   0% used [0x00000000f0000000, 0x00000000f0000000, 0x00000000f6400000)
  from space 12800K,  12% used [0x00000000f6400000, 0x00000000f659ca88, 0x00000000f7080000)
  to   space 12800K,   0% used [0x00000000f7080000, 0x00000000f7080000, 0x00000000f7d00000)
 concurrent mark-sweep generation total 134144K, used 56321K [0x00000000f7d00000, 0x0000000100000000, 0x0000000100000000)
 Metaspace       used 65128K, capacity 69770K, committed 69888K, reserved 1110016K
  class space    used 8392K, capacity 9186K, committed 9216K, reserved 1048576K
}
{Heap before GC invocations=1188 (full 0):
 par new generation   total 115200K, used 104050K [0x00000000f0000000, 0x00000000f7d00000, 0x00000000f7d00000)
  eden space 102400K, 100% used [0x00000000f0000000, 0x00000000f6400000, 0x00000000f6400000)
  from space 12800K,  12% used [0x00000000f6400000, 0x00000000f659ca88, 0x00000000f7080000)
  to   space 12800K,   0% used [0x00000000f7080000, 0x00000000f7080000, 0x00000000f7d00000)
 concurrent mark-sweep generation total 134144K, used 56321K [0x00000000f7d00000, 0x0000000100000000, 0x0000000100000000)
 Metaspace       used 65128K, capacity 69770K, committed 69888K, reserved 1110016K
  class space    used 8392K, capacity 9186K, committed 9216K, reserved 1048576K
2022-09-12T02:08:56.532+0800: 511.309: [GC (Allocation Failure)  160372K->57530K(249344K), 0.0040676 secs]
Heap after GC invocations=1189 (full 0):
 par new generation   total 115200K, used 1190K [0x00000000f0000000, 0x00000000f7d00000, 0x00000000f7d00000)
  eden space 102400K,   0% used [0x00000000f0000000, 0x00000000f0000000, 0x00000000f6400000)
  from space 12800K,   9% used [0x00000000f7080000, 0x00000000f71a9b00, 0x00000000f7d00000)
  to   space 12800K,   0% used [0x00000000f6400000, 0x00000000f6400000, 0x00000000f7080000)
 concurrent mark-sweep generation total 134144K, used 56339K [0x00000000f7d00000, 0x0000000100000000, 0x0000000100000000)
 Metaspace       used 65128K, capacity 69770K, committed 69888K, reserved 1110016K
  class space    used 8392K, capacity 9186K, committed 9216K, reserved 1048576K
}
{Heap before GC invocations=1189 (full 0):
 par new generation   total 115200K, used 103590K [0x00000000f0000000, 0x00000000f7d00000, 0x00000000f7d00000)
  eden space 102400K, 100% used [0x00000000f0000000, 0x00000000f6400000, 0x00000000f6400000)
  from space 12800K,   9% used [0x00000000f7080000, 0x00000000f71a9b00, 0x00000000f7d00000)
  to   space 12800K,   0% used [0x00000000f6400000, 0x00000000f6400000, 0x00000000f7080000)
 concurrent mark-sweep generation total 134144K, used 56339K [0x00000000f7d00000, 0x0000000100000000, 0x0000000100000000)
 Metaspace       used 65128K, capacity 69770K, committed 69888K, reserved 1110016K
  class space    used 8392K, capacity 9186K, committed 9216K, reserved 1048576K
2022-09-12T02:08:56.880+0800: 511.657: [GC (Allocation Failure)  159930K->57862K(249344K), 0.0041380 secs]
Heap after GC invocations=1190 (full 0):
 par new generation   total 115200K, used 1504K [0x00000000f0000000, 0x00000000f7d00000, 0x00000000f7d00000)
  eden space 102400K,   0% used [0x00000000f0000000, 0x00000000f0000000, 0x00000000f6400000)
  from space 12800K,  11% used [0x00000000f6400000, 0x00000000f6578198, 0x00000000f7080000)
  to   space 12800K,   0% used [0x00000000f7080000, 0x00000000f7080000, 0x00000000f7d00000)
 concurrent mark-sweep generation total 134144K, used 56358K [0x00000000f7d00000, 0x0000000100000000, 0x0000000100000000)
 Metaspace       used 65128K, capacity 69770K, committed 69888K, reserved 1110016K
  class space    used 8392K, capacity 9186K, committed 9216K, reserved 1048576K
}
{Heap before GC invocations=1190 (full 0):
 par new generation   total 115200K, used 103904K [0x00000000f0000000, 0x00000000f7d00000, 0x00000000f7d00000)
  eden space 102400K, 100% used [0x00000000f0000000, 0x00000000f6400000, 0x00000000f6400000)
  from space 12800K,  11% used [0x00000000f6400000, 0x00000000f6578198, 0x00000000f7080000)
  to   space 12800K,   0% used [0x00000000f7080000, 0x00000000f7080000, 0x00000000f7d00000)
 concurrent mark-sweep generation total 134144K, used 56358K [0x00000000f7d00000, 0x0000000100000000, 0x0000000100000000)
 Metaspace       used 65128K, capacity 69770K, committed 69888K, reserved 1110016K
  class space    used 8392K, capacity 9186K, committed 9216K, reserved 1048576K
2022-09-12T02:08:57.230+0800: 512.007: [GC (Allocation Failure)  160262K->58018K(249344K), 0.0041928 secs]
Heap after GC invocations=1191 (full 0):
 par new generation   total 115200K, used 1639K [0x00000000f0000000, 0x00000000f7d00000, 0x00000000f7d00000)
  eden space 102400K,   0% used [0x00000000f0000000, 0x00000000f0000000, 0x00000000f6400000)
  from space 12800K,  12% used [0x00000000f7080000, 0x00000000f7219e20, 0x00000000f7d00000)
  to   space 12800K,   0% used [0x00000000f6400000, 0x00000000f6400000, 0x00000000f7080000)
 concurrent mark-sweep generation total 134144K, used 56379K [0x00000000f7d00000, 0x0000000100000000, 0x0000000100000000)
 Metaspace       used 65128K, capacity 69770K, committed 69888K, reserved 1110016K
  class space    used 8392K, capacity 9186K, committed 9216K, reserved 1048576K
}
{Heap before GC invocations=1191 (full 0):
 par new generation   total 115200K, used 104039K [0x00000000f0000000, 0x00000000f7d00000, 0x00000000f7d00000)
  eden space 102400K, 100% used [0x00000000f0000000, 0x00000000f6400000, 0x00000000f6400000)
  from space 12800K,  12% used [0x00000000f7080000, 0x00000000f7219e20, 0x00000000f7d00000)
  to   space 12800K,   0% used [0x00000000f6400000, 0x00000000f6400000, 0x00000000f7080000)
 concurrent mark-sweep generation total 134144K, used 56379K [0x00000000f7d00000, 0x0000000100000000, 0x0000000100000000)
 Metaspace       used 65128K, capacity 69770K, committed 69888K, reserved 1110016K
  class space    used 8392K, capacity 9186K, committed 9216K, reserved 1048576K
2022-09-12T02:08:57.578+0800: 512.355: [GC (Allocation Failure)  160418K->57579K(249344K), 0.0040800 secs]
Heap after GC invocations=1192 (full 0):
 par new generation   total 115200K, used 1191K [0x00000000f0000000, 0x00000000f7d00000, 0x00000000f7d00000)
  eden space 102400K,   0% used [0x00000000f0000000, 0x00000000f0000000, 0x00000000f6400000)
  from space 12800K,   9% used [0x00000000f6400000, 0x00000000f6529fc0, 0x00000000f7080000)
  to   space 12800K,   0% used [0x00000000f7080000, 0x00000000f7080000, 0x00000000f7d00000)
 concurrent mark-sweep generation total 134144K, used 56388K [0x00000000f7d00000, 0x0000000100000000, 0x0000000100000000)
 Metaspace       used 65128K, capacity 69770K, committed 69888K, reserved 1110016K
  class space    used 8392K, capacity 9186K, committed 9216K, reserved 1048576K
}
{Heap before GC invocations=1192 (full 0):
 par new generation   total 115200K, used 103591K [0x00000000f0000000, 0x00000000f7d00000, 0x00000000f7d00000)
  eden space 102400K, 100% used [0x00000000f0000000, 0x00000000f6400000, 0x00000000f6400000)
  from space 12800K,   9% used [0x00000000f6400000, 0x00000000f6529fc0, 0x00000000f7080000)
  to   space 12800K,   0% used [0x00000000f7080000, 0x00000000f7080000, 0x00000000f7d00000)
 concurrent mark-sweep generation total 134144K, used 56388K [0x00000000f7d00000, 0x0000000100000000, 0x0000000100000000)
 Metaspace       used 65128K, capacity 69770K, committed 69888K, reserved 1110016K
  class space    used 8392K, capacity 9186K, committed 9216K, reserved 1048576K
2022-09-12T02:08:57.928+0800: 512.705: [GC (Allocation Failure)  159979K->57936K(249344K), 0.0041431 secs]
Heap after GC invocations=1193 (full 0):
 par new generation   total 115200K, used 1530K [0x00000000f0000000, 0x00000000f7d00000, 0x00000000f7d00000)
  eden space 102400K,   0% used [0x00000000f0000000, 0x00000000f0000000, 0x00000000f6400000)
  from space 12800K,  11% used [0x00000000f7080000, 0x00000000f71fea60, 0x00000000f7d00000)
  to   space 12800K,   0% used [0x00000000f6400000, 0x00000000f6400000, 0x00000000f7080000)
 concurrent mark-sweep generation total 134144K, used 56405K [0x00000000f7d00000, 0x0000000100000000, 0x0000000100000000)
 Metaspace       used 65128K, capacity 69770K, committed 69888K, reserved 1110016K
  class space    used 8392K, capacity 9186K, committed 9216K, reserved 1048576K
}
{Heap before GC invocations=1193 (full 0):
 par new generation   total 115200K, used 103930K [0x00000000f0000000, 0x00000000f7d00000, 0x00000000f7d00000)
  eden space 102400K, 100% used [0x00000000f0000000, 0x00000000f6400000, 0x00000000f6400000)
  from space 12800K,  11% used [0x00000000f7080000, 0x00000000f71fea60, 0x00000000f7d00000)
  to   space 12800K,   0% used [0x00000000f6400000, 0x00000000f6400000, 0x00000000f7080000)
 concurrent mark-sweep generation total 134144K, used 56405K [0x00000000f7d00000, 0x0000000100000000, 0x0000000100000000)
 Metaspace       used 65128K, capacity 69770K, committed 69888K, reserved 1110016K
  class space    used 8392K, capacity 9186K, committed 9216K, reserved 1048576K
2022-09-12T02:08:58.276+0800: 513.054: [GC (Allocation Failure)  160336K->58074K(249344K), 0.0040339 secs]
Heap after GC invocations=1194 (full 0):
 par new generation   total 115200K, used 1654K [0x00000000f0000000, 0x00000000f7d00000, 0x00000000f7d00000)
  eden space 102400K,   0% used [0x00000000f0000000, 0x00000000f0000000, 0x00000000f6400000)
  from space 12800K,  12% used [0x00000000f6400000, 0x00000000f659d818, 0x00000000f7080000)
  to   space 12800K,   0% used [0x00000000f7080000, 0x00000000f7080000, 0x00000000f7d00000)
 concurrent mark-sweep generation total 134144K, used 56419K [0x00000000f7d00000, 0x0000000100000000, 0x0000000100000000)
 Metaspace       used 65128K, capacity 69770K, committed 69888K, reserved 1110016K
  class space    used 8392K, capacity 9186K, committed 9216K, reserved 1048576K
}
{Heap before GC invocations=1194 (full 0):
 par new generation   total 115200K, used 104054K [0x00000000f0000000, 0x00000000f7d00000, 0x00000000f7d00000)
  eden space 102400K, 100% used [0x00000000f0000000, 0x00000000f6400000, 0x00000000f6400000)
  from space 12800K,  12% used [0x00000000f6400000, 0x00000000f659d818, 0x00000000f7080000)
  to   space 12800K,   0% used [0x00000000f7080000, 0x00000000f7080000, 0x00000000f7d00000)
 concurrent mark-sweep generation total 134144K, used 56419K [0x00000000f7d00000, 0x0000000100000000, 0x0000000100000000)
 Metaspace       used 65128K, capacity 69770K, committed 69888K, reserved 1110016K
  class space    used 8392K, capacity 9186K, committed 9216K, reserved 1048576K
2022-09-12T02:08:58.624+0800: 513.401: [GC (Allocation Failure)  160474K->57618K(249344K), 0.0043772 secs]
Heap after GC invocations=1195 (full 0):
 par new generation   total 115200K, used 1185K [0x00000000f0000000, 0x00000000f7d00000, 0x00000000f7d00000)
  eden space 102400K,   0% used [0x00000000f0000000, 0x00000000f0000000, 0x00000000f6400000)
  from space 12800K,   9% used [0x00000000f7080000, 0x00000000f71a8500, 0x00000000f7d00000)
  to   space 12800K,   0% used [0x00000000f6400000, 0x00000000f6400000, 0x00000000f7080000)
 concurrent mark-sweep generation total 134144K, used 56432K [0x00000000f7d00000, 0x0000000100000000, 0x0000000100000000)
 Metaspace       used 65128K, capacity 69770K, committed 69888K, reserved 1110016K
  class space    used 8392K, capacity 9186K, committed 9216K, reserved 1048576K
}
{Heap before GC invocations=1195 (full 0):
 par new generation   total 115200K, used 103585K [0x00000000f0000000, 0x00000000f7d00000, 0x00000000f7d00000)
  eden space 102400K, 100% used [0x00000000f0000000, 0x00000000f6400000, 0x00000000f6400000)
  from space 12800K,   9% used [0x00000000f7080000, 0x00000000f71a8500, 0x00000000f7d00000)
  to   space 12800K,   0% used [0x00000000f6400000, 0x00000000f6400000, 0x00000000f7080000)
 concurrent mark-sweep generation total 134144K, used 56432K [0x00000000f7d00000, 0x0000000100000000, 0x0000000100000000)
 Metaspace       used 65128K, capacity 69770K, committed 69888K, reserved 1110016K
  class space    used 8392K, capacity 9186K, committed 9216K, reserved 1048576K
2022-09-12T02:08:58.974+0800: 513.751: [GC (Allocation Failure)  160018K->57960K(249344K), 0.0040927 secs]
Heap after GC invocations=1196 (full 0):
 par new generation   total 115200K, used 1512K [0x00000000f0000000, 0x00000000f7d00000, 0x00000000f7d00000)
  eden space 102400K,   0% used [0x00000000f0000000, 0x00000000f0000000, 0x00000000f6400000)
  from space 12800K,  11% used [0x00000000f6400000, 0x00000000f657a118, 0x00000000f7080000)
  to   space 12800K,   0% used [0x00000000f7080000, 0x00000000f7080000, 0x00000000f7d00000)
 concurrent mark-sweep generation total 134144K, used 56448K [0x00000000f7d00000, 0x0000000100000000, 0x0000000100000000)
 Metaspace       used 65128K, capacity 69770K, committed 69888K, reserved 1110016K
  class space    used 8392K, capacity 9186K, committed 9216K, reserved 1048576K
}
{Heap before GC invocations=1196 (full 0):
 par new generation   total 115200K, used 103912K [0x00000000f0000000, 0x00000000f7d00000, 0x00000000f7d00000)
  eden space 102400K, 100% used [0x00000000f0000000, 0x00000000f6400000, 0x00000000f6400000)
  from space 12800K,  11% used [0x00000000f6400000, 0x00000000f657a118, 0x00000000f7080000)
  to   space 12800K,   0% used [0x00000000f7080000, 0x00000000f7080000, 0x00000000f7d00000)
 concurrent mark-sweep generation total 134144K, used 56448K [0x00000000f7d00000, 0x0000000100000000, 0x0000000100000000)
 Metaspace       used 65128K, capacity 69770K, committed 69888K, reserved 1110016K
  class space    used 8392K, capacity 9186K, committed 9216K, reserved 1048576K
2022-09-12T02:08:59.322+0800: 514.099: [GC (Allocation Failure)  160360K->58123K(249344K), 0.0040824 secs]
Heap after GC invocations=1197 (full 0):
 par new generation   total 115200K, used 1651K [0x00000000f0000000, 0x00000000f7d00000, 0x00000000f7d00000)
  eden space 102400K,   0% used [0x00000000f0000000, 0x00000000f0000000, 0x00000000f6400000)
  from space 12800K,  12% used [0x00000000f7080000, 0x00000000f721cfc8, 0x00000000f7d00000)
  to   space 12800K,   0% used [0x00000000f6400000, 0x00000000f6400000, 0x00000000f7080000)
 concurrent mark-sweep generation total 134144K, used 56471K [0x00000000f7d00000, 0x0000000100000000, 0x0000000100000000)
 Metaspace       used 65128K, capacity 69770K, committed 69888K, reserved 1110016K
  class space    used 8392K, capacity 9186K, committed 9216K, reserved 1048576K
}
{Heap before GC invocations=1197 (full 0):
 par new generation   total 115200K, used 104051K [0x00000000f0000000, 0x00000000f7d00000, 0x00000000f7d00000)
  eden space 102400K, 100% used [0x00000000f0000000, 0x00000000f6400000, 0x00000000f6400000)
  from space 12800K,  12% used [0x00000000f7080000, 0x00000000f721cfc8, 0x00000000f7d00000)
  to   space 12800K,   0% used [0x00000000f6400000, 0x00000000f6400000, 0x00000000f7080000)
 concurrent mark-sweep generation total 134144K, used 56471K [0x00000000f7d00000, 0x0000000100000000, 0x0000000100000000)
 Metaspace       used 65128K, capacity 69770K, committed 69888K, reserved 1110016K
  class space    used 8392K, capacity 9186K, committed 9216K, reserved 1048576K
2022-09-12T02:08:59.671+0800: 514.448: [GC (Allocation Failure)  160523K->57686K(249344K), 0.0041142 secs]
Heap after GC invocations=1198 (full 0):
 par new generation   total 115200K, used 1197K [0x00000000f0000000, 0x00000000f7d00000, 0x00000000f7d00000)
  eden space 102400K,   0% used [0x00000000f0000000, 0x00000000f0000000, 0x00000000f6400000)
  from space 12800K,   9% used [0x00000000f6400000, 0x00000000f652b580, 0x00000000f7080000)
  to   space 12800K,   0% used [0x00000000f7080000, 0x00000000f7080000, 0x00000000f7d00000)
 concurrent mark-sweep generation total 134144K, used 56489K [0x00000000f7d00000, 0x0000000100000000, 0x0000000100000000)
 Metaspace       used 65128K, capacity 69770K, committed 69888K, reserved 1110016K
  class space    used 8392K, capacity 9186K, committed 9216K, reserved 1048576K
}
{Heap before GC invocations=1198 (full 0):
 par new generation   total 115200K, used 103597K [0x00000000f0000000, 0x00000000f7d00000, 0x00000000f7d00000)
  eden space 102400K, 100% used [0x00000000f0000000, 0x00000000f6400000, 0x00000000f6400000)
  from space 12800K,   9% used [0x00000000f6400000, 0x00000000f652b580, 0x00000000f7080000)
  to   space 12800K,   0% used [0x00000000f7080000, 0x00000000f7080000, 0x00000000f7d00000)
 concurrent mark-sweep generation total 134144K, used 56489K [0x00000000f7d00000, 0x0000000100000000, 0x0000000100000000)
 Metaspace       used 65128K, capacity 69770K, committed 69888K, reserved 1110016K
  class space    used 8392K, capacity 9186K, committed 9216K, reserved 1048576K
2022-09-12T02:09:00.019+0800: 514.797: [GC (Allocation Failure)  160086K->58034K(249344K), 0.0042353 secs]
Heap after GC invocations=1199 (full 0):
 par new generation   total 115200K, used 1529K [0x00000000f0000000, 0x00000000f7d00000, 0x00000000f7d00000)
  eden space 102400K,   0% used [0x00000000f0000000, 0x00000000f0000000, 0x00000000f6400000)
  from space 12800K,  11% used [0x00000000f7080000, 0x00000000f71fe408, 0x00000000f7d00000)
  to   space 12800K,   0% used [0x00000000f6400000, 0x00000000f6400000, 0x00000000f7080000)
 concurrent mark-sweep generation total 134144K, used 56505K [0x00000000f7d00000, 0x0000000100000000, 0x0000000100000000)
 Metaspace       used 65128K, capacity 69770K, committed 69888K, reserved 1110016K
  class space    used 8392K, capacity 9186K, committed 9216K, reserved 1048576K
}
{Heap before GC invocations=1199 (full 0):
 par new generation   total 115200K, used 103929K [0x00000000f0000000, 0x00000000f7d00000, 0x00000000f7d00000)
  eden space 102400K, 100% used [0x00000000f0000000, 0x00000000f6400000, 0x00000000f6400000)
  from space 12800K,  11% used [0x00000000f7080000, 0x00000000f71fe408, 0x00000000f7d00000)
  to   space 12800K,   0% used [0x00000000f6400000, 0x00000000f6400000, 0x00000000f7080000)
 concurrent mark-sweep generation total 134144K, used 56505K [0x00000000f7d00000, 0x0000000100000000, 0x0000000100000000)
 Metaspace       used 65128K, capacity 69770K, committed 69888K, reserved 1110016K
  class space    used 8392K, capacity 9186K, committed 9216K, reserved 1048576K
2022-09-12T02:09:00.368+0800: 515.145: [GC (Allocation Failure)  160434K->58152K(249344K), 0.0040697 secs]
Heap after GC invocations=1200 (full 0):
 par new generation   total 115200K, used 1632K [0x00000000f0000000, 0x00000000f7d00000, 0x00000000f7d00000)
  eden space 102400K,   0% used [0x00000000f0000000, 0x00000000f0000000, 0x00000000f6400000)
  from space 12800K,  12% used [0x00000000f6400000, 0x00000000f65982c8, 0x00000000f7080000)
  to   space 12800K,   0% used [0x00000000f7080000, 0x00000000f7080000, 0x00000000f7d00000)
 concurrent mark-sweep generation total 134144K, used 56519K [0x00000000f7d00000, 0x0000000100000000, 0x0000000100000000)
 Metaspace       used 65128K, capacity 69770K, committed 69888K, reserved 1110016K
  class space    used 8392K, capacity 9186K, committed 9216K, reserved 1048576K
}
{Heap before GC invocations=1200 (full 0):
 par new generation   total 115200K, used 104032K [0x00000000f0000000, 0x00000000f7d00000, 0x00000000f7d00000)
  eden space 102400K, 100% used [0x00000000f0000000, 0x00000000f6400000, 0x00000000f6400000)
  from space 12800K,  12% used [0x00000000f6400000, 0x00000000f65982c8, 0x00000000f7080000)
  to   space 12800K,   0% used [0x00000000f7080000, 0x00000000f7080000, 0x00000000f7d00000)
 concurrent mark-sweep generation total 134144K, used 56519K [0x00000000f7d00000, 0x0000000100000000, 0x0000000100000000)
 Metaspace       used 65128K, capacity 69770K, committed 69888K, reserved 1110016K
  class space    used 8392K, capacity 9186K, committed 9216K, reserved 1048576K
2022-09-12T02:09:00.716+0800: 515.493: [GC (Allocation Failure)  160552K->57713K(249344K), 0.0039459 secs]
Heap after GC invocations=1201 (full 0):
 par new generation   total 115200K, used 1178K [0x00000000f0000000, 0x00000000f7d00000, 0x00000000f7d00000)
  eden space 102400K,   0% used [0x00000000f0000000, 0x00000000f0000000, 0x00000000f6400000)
  from space 12800K,   9% used [0x00000000f7080000, 0x00000000f71a6940, 0x00000000f7d00000)
  to   space 12800K,   0% used [0x00000000f6400000, 0x00000000f6400000, 0x00000000f7080000)
 concurrent mark-sweep generation total 134144K, used 56535K [0x00000000f7d00000, 0x0000000100000000, 0x0000000100000000)
 Metaspace       used 65128K, capacity 69770K, committed 69888K, reserved 1110016K
  class space    used 8392K, capacity 9186K, committed 9216K, reserved 1048576K
}
{Heap before GC invocations=1201 (full 0):
 par new generation   total 115200K, used 103578K [0x00000000f0000000, 0x00000000f7d00000, 0x00000000f7d00000)
  eden space 102400K, 100% used [0x00000000f0000000, 0x00000000f6400000, 0x00000000f6400000)
  from space 12800K,   9% used [0x00000000f7080000, 0x00000000f71a6940, 0x00000000f7d00000)
  to   space 12800K,   0% used [0x00000000f6400000, 0x00000000f6400000, 0x00000000f7080000)
 concurrent mark-sweep generation total 134144K, used 56535K [0x00000000f7d00000, 0x0000000100000000, 0x0000000100000000)
 Metaspace       used 65128K, capacity 69770K, committed 69888K, reserved 1110016K
  class space    used 8392K, capacity 9186K, committed 9216K, reserved 1048576K
2022-09-12T02:09:01.072+0800: 515.849: [GC (Allocation Failure)  160113K->58051K(249344K), 0.0040786 secs]
Heap after GC invocations=1202 (full 0):
 par new generation   total 115200K, used 1502K [0x00000000f0000000, 0x00000000f7d00000, 0x00000000f7d00000)
  eden space 102400K,   0% used [0x00000000f0000000, 0x00000000f0000000, 0x00000000f6400000)
  from space 12800K,  11% used [0x00000000f6400000, 0x00000000f6577980, 0x00000000f7080000)
  to   space 12800K,   0% used [0x00000000f7080000, 0x00000000f7080000, 0x00000000f7d00000)
 concurrent mark-sweep generation total 134144K, used 56549K [0x00000000f7d00000, 0x0000000100000000, 0x0000000100000000)
 Metaspace       used 65128K, capacity 69770K, committed 69888K, reserved 1110016K
  class space    used 8392K, capacity 9186K, committed 9216K, reserved 1048576K
}
{Heap before GC invocations=1202 (full 0):
 par new generation   total 115200K, used 103902K [0x00000000f0000000, 0x00000000f7d00000, 0x00000000f7d00000)
  eden space 102400K, 100% used [0x00000000f0000000, 0x00000000f6400000, 0x00000000f6400000)
  from space 12800K,  11% used [0x00000000f6400000, 0x00000000f6577980, 0x00000000f7080000)
  to   space 12800K,   0% used [0x00000000f7080000, 0x00000000f7080000, 0x00000000f7d00000)
 concurrent mark-sweep generation total 134144K, used 56549K [0x00000000f7d00000, 0x0000000100000000, 0x0000000100000000)
 Metaspace       used 65128K, capacity 69770K, committed 69888K, reserved 1110016K
  class space    used 8392K, capacity 9186K, committed 9216K, reserved 1048576K
2022-09-12T02:09:01.421+0800: 516.198: [GC (Allocation Failure)  160451K->58176K(249344K), 0.0040876 secs]
Heap after GC invocations=1203 (full 0):
 par new generation   total 115200K, used 1614K [0x00000000f0000000, 0x00000000f7d00000, 0x00000000f7d00000)
  eden space 102400K,   0% used [0x00000000f0000000, 0x00000000f0000000, 0x00000000f6400000)
  from space 12800K,  12% used [0x00000000f7080000, 0x00000000f7213a98, 0x00000000f7d00000)
  to   space 12800K,   0% used [0x00000000f6400000, 0x00000000f6400000, 0x00000000f7080000)
 concurrent mark-sweep generation total 134144K, used 56561K [0x00000000f7d00000, 0x0000000100000000, 0x0000000100000000)
 Metaspace       used 65128K, capacity 69770K, committed 69888K, reserved 1110016K
  class space    used 8392K, capacity 9186K, committed 9216K, reserved 1048576K
}
{Heap before GC invocations=1203 (full 0):
 par new generation   total 115200K, used 104014K [0x00000000f0000000, 0x00000000f7d00000, 0x00000000f7d00000)
  eden space 102400K, 100% used [0x00000000f0000000, 0x00000000f6400000, 0x00000000f6400000)
  from space 12800K,  12% used [0x00000000f7080000, 0x00000000f7213a98, 0x00000000f7d00000)
  to   space 12800K,   0% used [0x00000000f6400000, 0x00000000f6400000, 0x00000000f7080000)
 concurrent mark-sweep generation total 134144K, used 56561K [0x00000000f7d00000, 0x0000000100000000, 0x0000000100000000)
 Metaspace       used 65128K, capacity 69770K, committed 69888K, reserved 1110016K
  class space    used 8392K, capacity 9186K, committed 9216K, reserved 1048576K
2022-09-12T02:09:01.769+0800: 516.546: [GC (Allocation Failure)  160576K->57906K(249344K), 0.0040788 secs]
Heap after GC invocations=1204 (full 0):
 par new generation   total 115200K, used 1331K [0x00000000f0000000, 0x00000000f7d00000, 0x00000000f7d00000)
  eden space 102400K,   0% used [0x00000000f0000000, 0x00000000f0000000, 0x00000000f6400000)
  from space 12800K,  10% used [0x00000000f6400000, 0x00000000f654cfb8, 0x00000000f7080000)
  to   space 12800K,   0% used [0x00000000f7080000, 0x00000000f7080000, 0x00000000f7d00000)
 concurrent mark-sweep generation total 134144K, used 56574K [0x00000000f7d00000, 0x0000000100000000, 0x0000000100000000)
 Metaspace       used 65128K, capacity 69770K, committed 69888K, reserved 1110016K
  class space    used 8392K, capacity 9186K, committed 9216K, reserved 1048576K
}
{Heap before GC invocations=1204 (full 0):
 par new generation   total 115200K, used 103731K [0x00000000f0000000, 0x00000000f7d00000, 0x00000000f7d00000)
  eden space 102400K, 100% used [0x00000000f0000000, 0x00000000f6400000, 0x00000000f6400000)
  from space 12800K,  10% used [0x00000000f6400000, 0x00000000f654cfb8, 0x00000000f7080000)
  to   space 12800K,   0% used [0x00000000f7080000, 0x00000000f7080000, 0x00000000f7d00000)
 concurrent mark-sweep generation total 134144K, used 56574K [0x00000000f7d00000, 0x0000000100000000, 0x0000000100000000)
 Metaspace       used 65128K, capacity 69770K, committed 69888K, reserved 1110016K
  class space    used 8392K, capacity 9186K, committed 9216K, reserved 1048576K
2022-09-12T02:09:02.118+0800: 516.896: [GC (Allocation Failure)  160306K->58164K(249344K), 0.0041824 secs]
Heap after GC invocations=1205 (full 0):
 par new generation   total 115200K, used 1568K [0x00000000f0000000, 0x00000000f7d00000, 0x00000000f7d00000)
  eden space 102400K,   0% used [0x00000000f0000000, 0x00000000f0000000, 0x00000000f6400000)
  from space 12800K,  12% used [0x00000000f7080000, 0x00000000f7208150, 0x00000000f7d00000)
  to   space 12800K,   0% used [0x00000000f6400000, 0x00000000f6400000, 0x00000000f7080000)
 concurrent mark-sweep generation total 134144K, used 56596K [0x00000000f7d00000, 0x0000000100000000, 0x0000000100000000)
 Metaspace       used 65128K, capacity 69770K, committed 69888K, reserved 1110016K
  class space    used 8392K, capacity 9186K, committed 9216K, reserved 1048576K
}
{Heap before GC invocations=1205 (full 0):
 par new generation   total 115200K, used 103968K [0x00000000f0000000, 0x00000000f7d00000, 0x00000000f7d00000)
  eden space 102400K, 100% used [0x00000000f0000000, 0x00000000f6400000, 0x00000000f6400000)
  from space 12800K,  12% used [0x00000000f7080000, 0x00000000f7208150, 0x00000000f7d00000)
  to   space 12800K,   0% used [0x00000000f6400000, 0x00000000f6400000, 0x00000000f7080000)
 concurrent mark-sweep generation total 134144K, used 56596K [0x00000000f7d00000, 0x0000000100000000, 0x0000000100000000)
 Metaspace       used 65128K, capacity 69770K, committed 69888K, reserved 1110016K
  class space    used 8392K, capacity 9186K, committed 9216K, reserved 1048576K
2022-09-12T02:09:02.466+0800: 517.244: [GC (Allocation Failure)  160564K->58273K(249344K), 0.0039330 secs]
Heap after GC invocations=1206 (full 0):
 par new generation   total 115200K, used 1654K [0x00000000f0000000, 0x00000000f7d00000, 0x00000000f7d00000)
  eden space 102400K,   0% used [0x00000000f0000000, 0x00000000f0000000, 0x00000000f6400000)
  from space 12800K,  12% used [0x00000000f6400000, 0x00000000f659d888, 0x00000000f7080000)
  to   space 12800K,   0% used [0x00000000f7080000, 0x00000000f7080000, 0x00000000f7d00000)
 concurrent mark-sweep generation total 134144K, used 56619K [0x00000000f7d00000, 0x0000000100000000, 0x0000000100000000)
 Metaspace       used 65128K, capacity 69770K, committed 69888K, reserved 1110016K
  class space    used 8392K, capacity 9186K, committed 9216K, reserved 1048576K
}
{Heap before GC invocations=1206 (full 0):
 par new generation   total 115200K, used 104054K [0x00000000f0000000, 0x00000000f7d00000, 0x00000000f7d00000)
  eden space 102400K, 100% used [0x00000000f0000000, 0x00000000f6400000, 0x00000000f6400000)
  from space 12800K,  12% used [0x00000000f6400000, 0x00000000f659d888, 0x00000000f7080000)
  to   space 12800K,   0% used [0x00000000f7080000, 0x00000000f7080000, 0x00000000f7d00000)
 concurrent mark-sweep generation total 134144K, used 56619K [0x00000000f7d00000, 0x0000000100000000, 0x0000000100000000)
 Metaspace       used 65128K, capacity 69770K, committed 69888K, reserved 1110016K
  class space    used 8392K, capacity 9186K, committed 9216K, reserved 1048576K
2022-09-12T02:09:02.816+0800: 517.593: [GC (Allocation Failure)  160673K->57977K(249344K), 0.0040437 secs]
Heap after GC invocations=1207 (full 0):
 par new generation   total 115200K, used 1341K [0x00000000f0000000, 0x00000000f7d00000, 0x00000000f7d00000)
  eden space 102400K,   0% used [0x00000000f0000000, 0x00000000f0000000, 0x00000000f6400000)
  from space 12800K,  10% used [0x00000000f7080000, 0x00000000f71cf490, 0x00000000f7d00000)
  to   space 12800K,   0% used [0x00000000f6400000, 0x00000000f6400000, 0x00000000f7080000)
 concurrent mark-sweep generation total 134144K, used 56635K [0x00000000f7d00000, 0x0000000100000000, 0x0000000100000000)
 Metaspace       used 65128K, capacity 69770K, committed 69888K, reserved 1110016K
  class space    used 8392K, capacity 9186K, committed 9216K, reserved 1048576K
}
{Heap before GC invocations=1207 (full 0):
 par new generation   total 115200K, used 103741K [0x00000000f0000000, 0x00000000f7d00000, 0x00000000f7d00000)
  eden space 102400K, 100% used [0x00000000f0000000, 0x00000000f6400000, 0x00000000f6400000)
  from space 12800K,  10% used [0x00000000f7080000, 0x00000000f71cf490, 0x00000000f7d00000)
  to   space 12800K,   0% used [0x00000000f6400000, 0x00000000f6400000, 0x00000000f7080000)
 concurrent mark-sweep generation total 134144K, used 56635K [0x00000000f7d00000, 0x0000000100000000, 0x0000000100000000)
 Metaspace       used 65128K, capacity 69770K, committed 69888K, reserved 1110016K
  class space    used 8392K, capacity 9186K, committed 9216K, reserved 1048576K
2022-09-12T02:09:03.165+0800: 517.942: [GC (Allocation Failure)  160377K->58176K(249344K), 0.0039890 secs]
Heap after GC invocations=1208 (full 0):
 par new generation   total 115200K, used 1529K [0x00000000f0000000, 0x00000000f7d00000, 0x00000000f7d00000)
  eden space 102400K,   0% used [0x00000000f0000000, 0x00000000f0000000, 0x00000000f6400000)
  from space 12800K,  11% used [0x00000000f6400000, 0x00000000f657e5c8, 0x00000000f7080000)
  to   space 12800K,   0% used [0x00000000f7080000, 0x00000000f7080000, 0x00000000f7d00000)
 concurrent mark-sweep generation total 134144K, used 56647K [0x00000000f7d00000, 0x0000000100000000, 0x0000000100000000)
 Metaspace       used 65128K, capacity 69770K, committed 69888K, reserved 1110016K
  class space    used 8392K, capacity 9186K, committed 9216K, reserved 1048576K
}
{Heap before GC invocations=1208 (full 0):
 par new generation   total 115200K, used 103929K [0x00000000f0000000, 0x00000000f7d00000, 0x00000000f7d00000)
  eden space 102400K, 100% used [0x00000000f0000000, 0x00000000f6400000, 0x00000000f6400000)
  from space 12800K,  11% used [0x00000000f6400000, 0x00000000f657e5c8, 0x00000000f7080000)
  to   space 12800K,   0% used [0x00000000f7080000, 0x00000000f7080000, 0x00000000f7d00000)
 concurrent mark-sweep generation total 134144K, used 56647K [0x00000000f7d00000, 0x0000000100000000, 0x0000000100000000)
 Metaspace       used 65128K, capacity 69770K, committed 69888K, reserved 1110016K
  class space    used 8392K, capacity 9186K, committed 9216K, reserved 1048576K
2022-09-12T02:09:03.513+0800: 518.290: [GC (Allocation Failure)  160576K->58329K(249344K), 0.0040100 secs]
Heap after GC invocations=1209 (full 0):
 par new generation   total 115200K, used 1663K [0x00000000f0000000, 0x00000000f7d00000, 0x00000000f7d00000)
  eden space 102400K,   0% used [0x00000000f0000000, 0x00000000f0000000, 0x00000000f6400000)
  from space 12800K,  12% used [0x00000000f7080000, 0x00000000f721ffb0, 0x00000000f7d00000)
  to   space 12800K,   0% used [0x00000000f6400000, 0x00000000f6400000, 0x00000000f7080000)
 concurrent mark-sweep generation total 134144K, used 56665K [0x00000000f7d00000, 0x0000000100000000, 0x0000000100000000)
 Metaspace       used 65128K, capacity 69770K, committed 69888K, reserved 1110016K
  class space    used 8392K, capacity 9186K, committed 9216K, reserved 1048576K
}
{Heap before GC invocations=1209 (full 0):
 par new generation   total 115200K, used 104063K [0x00000000f0000000, 0x00000000f7d00000, 0x00000000f7d00000)
  eden space 102400K, 100% used [0x00000000f0000000, 0x00000000f6400000, 0x00000000f6400000)
  from space 12800K,  12% used [0x00000000f7080000, 0x00000000f721ffb0, 0x00000000f7d00000)
  to   space 12800K,   0% used [0x00000000f6400000, 0x00000000f6400000, 0x00000000f7080000)
 concurrent mark-sweep generation total 134144K, used 56665K [0x00000000f7d00000, 0x0000000100000000, 0x0000000100000000)
 Metaspace       used 65128K, capacity 69770K, committed 69888K, reserved 1110016K
  class space    used 8392K, capacity 9186K, committed 9216K, reserved 1048576K
2022-09-12T02:09:03.862+0800: 518.639: [GC (Allocation Failure)  160729K->58041K(249344K), 0.0040740 secs]
Heap after GC invocations=1210 (full 0):
 par new generation   total 115200K, used 1367K [0x00000000f0000000, 0x00000000f7d00000, 0x00000000f7d00000)
  eden space 102400K,   0% used [0x00000000f0000000, 0x00000000f0000000, 0x00000000f6400000)
  from space 12800K,  10% used [0x00000000f6400000, 0x00000000f6555ee0, 0x00000000f7080000)
  to   space 12800K,   0% used [0x00000000f7080000, 0x00000000f7080000, 0x00000000f7d00000)
 concurrent mark-sweep generation total 134144K, used 56674K [0x00000000f7d00000, 0x0000000100000000, 0x0000000100000000)
 Metaspace       used 65128K, capacity 69770K, committed 69888K, reserved 1110016K
  class space    used 8392K, capacity 9186K, committed 9216K, reserved 1048576K
}
{Heap before GC invocations=1210 (full 0):
 par new generation   total 115200K, used 103767K [0x00000000f0000000, 0x00000000f7d00000, 0x00000000f7d00000)
  eden space 102400K, 100% used [0x00000000f0000000, 0x00000000f6400000, 0x00000000f6400000)
  from space 12800K,  10% used [0x00000000f6400000, 0x00000000f6555ee0, 0x00000000f7080000)
  to   space 12800K,   0% used [0x00000000f7080000, 0x00000000f7080000, 0x00000000f7d00000)
 concurrent mark-sweep generation total 134144K, used 56674K [0x00000000f7d00000, 0x0000000100000000, 0x0000000100000000)
 Metaspace       used 65128K, capacity 69770K, committed 69888K, reserved 1110016K
  class space    used 8392K, capacity 9186K, committed 9216K, reserved 1048576K
2022-09-12T02:09:04.211+0800: 518.988: [GC (Allocation Failure)  160441K->58216K(249344K), 0.0040083 secs]
Heap after GC invocations=1211 (full 0):
 par new generation   total 115200K, used 1528K [0x00000000f0000000, 0x00000000f7d00000, 0x00000000f7d00000)
  eden space 102400K,   0% used [0x00000000f0000000, 0x00000000f0000000, 0x00000000f6400000)
  from space 12800K,  11% used [0x00000000f7080000, 0x00000000f71fe018, 0x00000000f7d00000)
  to   space 12800K,   0% used [0x00000000f6400000, 0x00000000f6400000, 0x00000000f7080000)
 concurrent mark-sweep generation total 134144K, used 56688K [0x00000000f7d00000, 0x0000000100000000, 0x0000000100000000)
 Metaspace       used 65128K, capacity 69770K, committed 69888K, reserved 1110016K
  class space    used 8392K, capacity 9186K, committed 9216K, reserved 1048576K
}
{Heap before GC invocations=1211 (full 0):
 par new generation   total 115200K, used 103928K [0x00000000f0000000, 0x00000000f7d00000, 0x00000000f7d00000)
  eden space 102400K, 100% used [0x00000000f0000000, 0x00000000f6400000, 0x00000000f6400000)
  from space 12800K,  11% used [0x00000000f7080000, 0x00000000f71fe018, 0x00000000f7d00000)
  to   space 12800K,   0% used [0x00000000f6400000, 0x00000000f6400000, 0x00000000f7080000)
 concurrent mark-sweep generation total 134144K, used 56688K [0x00000000f7d00000, 0x0000000100000000, 0x0000000100000000)
 Metaspace       used 65128K, capacity 69770K, committed 69888K, reserved 1110016K
  class space    used 8392K, capacity 9186K, committed 9216K, reserved 1048576K
2022-09-12T02:09:04.558+0800: 519.335: [GC (Allocation Failure)  160616K->58361K(249344K), 0.0040277 secs]
Heap after GC invocations=1212 (full 0):
 par new generation   total 115200K, used 1659K [0x00000000f0000000, 0x00000000f7d00000, 0x00000000f7d00000)
  eden space 102400K,   0% used [0x00000000f0000000, 0x00000000f0000000, 0x00000000f6400000)
  from space 12800K,  12% used [0x00000000f6400000, 0x00000000f659ec70, 0x00000000f7080000)
  to   space 12800K,   0% used [0x00000000f7080000, 0x00000000f7080000, 0x00000000f7d00000)
 concurrent mark-sweep generation total 134144K, used 56702K [0x00000000f7d00000, 0x0000000100000000, 0x0000000100000000)
 Metaspace       used 65128K, capacity 69770K, committed 69888K, reserved 1110016K
  class space    used 8392K, capacity 9186K, committed 9216K, reserved 1048576K
}
{Heap before GC invocations=1212 (full 0):
 par new generation   total 115200K, used 104059K [0x00000000f0000000, 0x00000000f7d00000, 0x00000000f7d00000)
  eden space 102400K, 100% used [0x00000000f0000000, 0x00000000f6400000, 0x00000000f6400000)
  from space 12800K,  12% used [0x00000000f6400000, 0x00000000f659ec70, 0x00000000f7080000)
  to   space 12800K,   0% used [0x00000000f7080000, 0x00000000f7080000, 0x00000000f7d00000)
 concurrent mark-sweep generation total 134144K, used 56702K [0x00000000f7d00000, 0x0000000100000000, 0x0000000100000000)
 Metaspace       used 65128K, capacity 69770K, committed 69888K, reserved 1110016K
  class space    used 8392K, capacity 9186K, committed 9216K, reserved 1048576K
2022-09-12T02:09:04.908+0800: 519.686: [GC (Allocation Failure)  160761K->57784K(249344K), 0.0040480 secs]
Heap after GC invocations=1213 (full 0):
 par new generation   total 115200K, used 1058K [0x00000000f0000000, 0x00000000f7d00000, 0x00000000f7d00000)
  eden space 102400K,   0% used [0x00000000f0000000, 0x00000000f0000000, 0x00000000f6400000)
  from space 12800K,   8% used [0x00000000f7080000, 0x00000000f7188a90, 0x00000000f7d00000)
  to   space 12800K,   0% used [0x00000000f6400000, 0x00000000f6400000, 0x00000000f7080000)
 concurrent mark-sweep generation total 134144K, used 56725K [0x00000000f7d00000, 0x0000000100000000, 0x0000000100000000)
 Metaspace       used 65128K, capacity 69770K, committed 69888K, reserved 1110016K
  class space    used 8392K, capacity 9186K, committed 9216K, reserved 1048576K
}
{Heap before GC invocations=1213 (full 0):
 par new generation   total 115200K, used 103458K [0x00000000f0000000, 0x00000000f7d00000, 0x00000000f7d00000)
  eden space 102400K, 100% used [0x00000000f0000000, 0x00000000f6400000, 0x00000000f6400000)
  from space 12800K,   8% used [0x00000000f7080000, 0x00000000f7188a90, 0x00000000f7d00000)
  to   space 12800K,   0% used [0x00000000f6400000, 0x00000000f6400000, 0x00000000f7080000)
 concurrent mark-sweep generation total 134144K, used 56725K [0x00000000f7d00000, 0x0000000100000000, 0x0000000100000000)
 Metaspace       used 65128K, capacity 69770K, committed 69888K, reserved 1110016K
  class space    used 8392K, capacity 9186K, committed 9216K, reserved 1048576K
2022-09-12T02:09:05.259+0800: 520.036: [GC (Allocation Failure)  160184K->58245K(249344K), 0.0040383 secs]
Heap after GC invocations=1214 (full 0):
 par new generation   total 115200K, used 1498K [0x00000000f0000000, 0x00000000f7d00000, 0x00000000f7d00000)
  eden space 102400K,   0% used [0x00000000f0000000, 0x00000000f0000000, 0x00000000f6400000)
  from space 12800K,  11% used [0x00000000f6400000, 0x00000000f6576a30, 0x00000000f7080000)
  to   space 12800K,   0% used [0x00000000f7080000, 0x00000000f7080000, 0x00000000f7d00000)
 concurrent mark-sweep generation total 134144K, used 56746K [0x00000000f7d00000, 0x0000000100000000, 0x0000000100000000)
 Metaspace       used 65128K, capacity 69770K, committed 69888K, reserved 1110016K
  class space    used 8392K, capacity 9186K, committed 9216K, reserved 1048576K
}
{Heap before GC invocations=1214 (full 0):
 par new generation   total 115200K, used 103898K [0x00000000f0000000, 0x00000000f7d00000, 0x00000000f7d00000)
  eden space 102400K, 100% used [0x00000000f0000000, 0x00000000f6400000, 0x00000000f6400000)
  from space 12800K,  11% used [0x00000000f6400000, 0x00000000f6576a30, 0x00000000f7080000)
  to   space 12800K,   0% used [0x00000000f7080000, 0x00000000f7080000, 0x00000000f7d00000)
 concurrent mark-sweep generation total 134144K, used 56746K [0x00000000f7d00000, 0x0000000100000000, 0x0000000100000000)
 Metaspace       used 65128K, capacity 69770K, committed 69888K, reserved 1110016K
  class space    used 8392K, capacity 9186K, committed 9216K, reserved 1048576K
2022-09-12T02:09:05.606+0800: 520.384: [GC (Allocation Failure)  160645K->58367K(249344K), 0.0041382 secs]
Heap after GC invocations=1215 (full 0):
 par new generation   total 115200K, used 1598K [0x00000000f0000000, 0x00000000f7d00000, 0x00000000f7d00000)
  eden space 102400K,   0% used [0x00000000f0000000, 0x00000000f0000000, 0x00000000f6400000)
  from space 12800K,  12% used [0x00000000f7080000, 0x00000000f720fa48, 0x00000000f7d00000)
  to   space 12800K,   0% used [0x00000000f6400000, 0x00000000f6400000, 0x00000000f7080000)
 concurrent mark-sweep generation total 134144K, used 56768K [0x00000000f7d00000, 0x0000000100000000, 0x0000000100000000)
 Metaspace       used 65128K, capacity 69770K, committed 69888K, reserved 1110016K
  class space    used 8392K, capacity 9186K, committed 9216K, reserved 1048576K
}
{Heap before GC invocations=1215 (full 0):
 par new generation   total 115200K, used 103998K [0x00000000f0000000, 0x00000000f7d00000, 0x00000000f7d00000)
  eden space 102400K, 100% used [0x00000000f0000000, 0x00000000f6400000, 0x00000000f6400000)
  from space 12800K,  12% used [0x00000000f7080000, 0x00000000f720fa48, 0x00000000f7d00000)
  to   space 12800K,   0% used [0x00000000f6400000, 0x00000000f6400000, 0x00000000f7080000)
 concurrent mark-sweep generation total 134144K, used 56768K [0x00000000f7d00000, 0x0000000100000000, 0x0000000100000000)
 Metaspace       used 65128K, capacity 69770K, committed 69888K, reserved 1110016K
  class space    used 8392K, capacity 9186K, committed 9216K, reserved 1048576K
2022-09-12T02:09:05.955+0800: 520.732: [GC (Allocation Failure)  160767K->58238K(249344K), 0.0040356 secs]
Heap after GC invocations=1216 (full 0):
 par new generation   total 115200K, used 1463K [0x00000000f0000000, 0x00000000f7d00000, 0x00000000f7d00000)
  eden space 102400K,   0% used [0x00000000f0000000, 0x00000000f0000000, 0x00000000f6400000)
  from space 12800K,  11% used [0x00000000f6400000, 0x00000000f656de10, 0x00000000f7080000)
  to   space 12800K,   0% used [0x00000000f7080000, 0x00000000f7080000, 0x00000000f7d00000)
 concurrent mark-sweep generation total 134144K, used 56775K [0x00000000f7d00000, 0x0000000100000000, 0x0000000100000000)
 Metaspace       used 65128K, capacity 69770K, committed 69888K, reserved 1110016K
  class space    used 8392K, capacity 9186K, committed 9216K, reserved 1048576K
}
{Heap before GC invocations=1216 (full 0):
 par new generation   total 115200K, used 103863K [0x00000000f0000000, 0x00000000f7d00000, 0x00000000f7d00000)
  eden space 102400K, 100% used [0x00000000f0000000, 0x00000000f6400000, 0x00000000f6400000)
  from space 12800K,  11% used [0x00000000f6400000, 0x00000000f656de10, 0x00000000f7080000)
  to   space 12800K,   0% used [0x00000000f7080000, 0x00000000f7080000, 0x00000000f7d00000)
 concurrent mark-sweep generation total 134144K, used 56775K [0x00000000f7d00000, 0x0000000100000000, 0x0000000100000000)
 Metaspace       used 65128K, capacity 69770K, committed 69888K, reserved 1110016K
  class space    used 8392K, capacity 9186K, committed 9216K, reserved 1048576K
2022-09-12T02:09:06.303+0800: 521.080: [GC (Allocation Failure)  160638K->58328K(249344K), 0.0040519 secs]
Heap after GC invocations=1217 (full 0):
 par new generation   total 115200K, used 1534K [0x00000000f0000000, 0x00000000f7d00000, 0x00000000f7d00000)
  eden space 102400K,   0% used [0x00000000f0000000, 0x00000000f0000000, 0x00000000f6400000)
  from space 12800K,  11% used [0x00000000f7080000, 0x00000000f71ffa58, 0x00000000f7d00000)
  to   space 12800K,   0% used [0x00000000f6400000, 0x00000000f6400000, 0x00000000f7080000)
 concurrent mark-sweep generation total 134144K, used 56794K [0x00000000f7d00000, 0x0000000100000000, 0x0000000100000000)
 Metaspace       used 65128K, capacity 69770K, committed 69888K, reserved 1110016K
  class space    used 8392K, capacity 9186K, committed 9216K, reserved 1048576K
}
{Heap before GC invocations=1217 (full 0):
 par new generation   total 115200K, used 103934K [0x00000000f0000000, 0x00000000f7d00000, 0x00000000f7d00000)
  eden space 102400K, 100% used [0x00000000f0000000, 0x00000000f6400000, 0x00000000f6400000)
  from space 12800K,  11% used [0x00000000f7080000, 0x00000000f71ffa58, 0x00000000f7d00000)
  to   space 12800K,   0% used [0x00000000f6400000, 0x00000000f6400000, 0x00000000f7080000)
 concurrent mark-sweep generation total 134144K, used 56794K [0x00000000f7d00000, 0x0000000100000000, 0x0000000100000000)
 Metaspace       used 65128K, capacity 69770K, committed 69888K, reserved 1110016K
  class space    used 8392K, capacity 9186K, committed 9216K, reserved 1048576K
2022-09-12T02:09:06.651+0800: 521.428: [GC (Allocation Failure)  160728K->58441K(249344K), 0.0039780 secs]
Heap after GC invocations=1218 (full 0):
 par new generation   total 115200K, used 1639K [0x00000000f0000000, 0x00000000f7d00000, 0x00000000f7d00000)
  eden space 102400K,   0% used [0x00000000f0000000, 0x00000000f0000000, 0x00000000f6400000)
  from space 12800K,  12% used [0x00000000f6400000, 0x00000000f6599f00, 0x00000000f7080000)
  to   space 12800K,   0% used [0x00000000f7080000, 0x00000000f7080000, 0x00000000f7d00000)
 concurrent mark-sweep generation total 134144K, used 56801K [0x00000000f7d00000, 0x0000000100000000, 0x0000000100000000)
 Metaspace       used 65128K, capacity 69770K, committed 69888K, reserved 1110016K
  class space    used 8392K, capacity 9186K, committed 9216K, reserved 1048576K
}
{Heap before GC invocations=1218 (full 0):
 par new generation   total 115200K, used 104039K [0x00000000f0000000, 0x00000000f7d00000, 0x00000000f7d00000)
  eden space 102400K, 100% used [0x00000000f0000000, 0x00000000f6400000, 0x00000000f6400000)
  from space 12800K,  12% used [0x00000000f6400000, 0x00000000f6599f00, 0x00000000f7080000)
  to   space 12800K,   0% used [0x00000000f7080000, 0x00000000f7080000, 0x00000000f7d00000)
 concurrent mark-sweep generation total 134144K, used 56801K [0x00000000f7d00000, 0x0000000100000000, 0x0000000100000000)
 Metaspace       used 65128K, capacity 69770K, committed 69888K, reserved 1110016K
  class space    used 8392K, capacity 9186K, committed 9216K, reserved 1048576K
2022-09-12T02:09:06.999+0800: 521.777: [GC (Allocation Failure)  160841K->58159K(249344K), 0.0040767 secs]
Heap after GC invocations=1219 (full 0):
 par new generation   total 115200K, used 1347K [0x00000000f0000000, 0x00000000f7d00000, 0x00000000f7d00000)
  eden space 102400K,   0% used [0x00000000f0000000, 0x00000000f0000000, 0x00000000f6400000)
  from space 12800K,  10% used [0x00000000f7080000, 0x00000000f71d0e70, 0x00000000f7d00000)
  to   space 12800K,   0% used [0x00000000f6400000, 0x00000000f6400000, 0x00000000f7080000)
 concurrent mark-sweep generation total 134144K, used 56812K [0x00000000f7d00000, 0x0000000100000000, 0x0000000100000000)
 Metaspace       used 65128K, capacity 69770K, committed 69888K, reserved 1110016K
  class space    used 8392K, capacity 9186K, committed 9216K, reserved 1048576K
}
{Heap before GC invocations=1219 (full 0):
 par new generation   total 115200K, used 103747K [0x00000000f0000000, 0x00000000f7d00000, 0x00000000f7d00000)
  eden space 102400K, 100% used [0x00000000f0000000, 0x00000000f6400000, 0x00000000f6400000)
  from space 12800K,  10% used [0x00000000f7080000, 0x00000000f71d0e70, 0x00000000f7d00000)
  to   space 12800K,   0% used [0x00000000f6400000, 0x00000000f6400000, 0x00000000f7080000)
 concurrent mark-sweep generation total 134144K, used 56812K [0x00000000f7d00000, 0x0000000100000000, 0x0000000100000000)
 Metaspace       used 65128K, capacity 69770K, committed 69888K, reserved 1110016K
  class space    used 8392K, capacity 9186K, committed 9216K, reserved 1048576K
2022-09-12T02:09:07.348+0800: 522.125: [GC (Allocation Failure)  160559K->58375K(249344K), 0.0040673 secs]
Heap after GC invocations=1220 (full 0):
 par new generation   total 115200K, used 1545K [0x00000000f0000000, 0x00000000f7d00000, 0x00000000f7d00000)
  eden space 102400K,   0% used [0x00000000f0000000, 0x00000000f0000000, 0x00000000f6400000)
  from space 12800K,  12% used [0x00000000f6400000, 0x00000000f6582500, 0x00000000f7080000)
  to   space 12800K,   0% used [0x00000000f7080000, 0x00000000f7080000, 0x00000000f7d00000)
 concurrent mark-sweep generation total 134144K, used 56830K [0x00000000f7d00000, 0x0000000100000000, 0x0000000100000000)
 Metaspace       used 65128K, capacity 69770K, committed 69888K, reserved 1110016K
  class space    used 8392K, capacity 9186K, committed 9216K, reserved 1048576K
}
{Heap before GC invocations=1220 (full 0):
 par new generation   total 115200K, used 103945K [0x00000000f0000000, 0x00000000f7d00000, 0x00000000f7d00000)
  eden space 102400K, 100% used [0x00000000f0000000, 0x00000000f6400000, 0x00000000f6400000)
  from space 12800K,  12% used [0x00000000f6400000, 0x00000000f6582500, 0x00000000f7080000)
  to   space 12800K,   0% used [0x00000000f7080000, 0x00000000f7080000, 0x00000000f7d00000)
 concurrent mark-sweep generation total 134144K, used 56830K [0x00000000f7d00000, 0x0000000100000000, 0x0000000100000000)
 Metaspace       used 65128K, capacity 69770K, committed 69888K, reserved 1110016K
  class space    used 8392K, capacity 9186K, committed 9216K, reserved 1048576K
2022-09-12T02:09:07.695+0800: 522.473: [GC (Allocation Failure)  160775K->58523K(249344K), 0.0039716 secs]
Heap after GC invocations=1221 (full 0):
 par new generation   total 115200K, used 1667K [0x00000000f0000000, 0x00000000f7d00000, 0x00000000f7d00000)
  eden space 102400K,   0% used [0x00000000f0000000, 0x00000000f0000000, 0x00000000f6400000)
  from space 12800K,  13% used [0x00000000f7080000, 0x00000000f7220e20, 0x00000000f7d00000)
  to   space 12800K,   0% used [0x00000000f6400000, 0x00000000f6400000, 0x00000000f7080000)
 concurrent mark-sweep generation total 134144K, used 56855K [0x00000000f7d00000, 0x0000000100000000, 0x0000000100000000)
 Metaspace       used 65128K, capacity 69770K, committed 69888K, reserved 1110016K
  class space    used 8392K, capacity 9186K, committed 9216K, reserved 1048576K
}
{Heap before GC invocations=1221 (full 0):
 par new generation   total 115200K, used 104067K [0x00000000f0000000, 0x00000000f7d00000, 0x00000000f7d00000)
  eden space 102400K, 100% used [0x00000000f0000000, 0x00000000f6400000, 0x00000000f6400000)
  from space 12800K,  13% used [0x00000000f7080000, 0x00000000f7220e20, 0x00000000f7d00000)
  to   space 12800K,   0% used [0x00000000f6400000, 0x00000000f6400000, 0x00000000f7080000)
 concurrent mark-sweep generation total 134144K, used 56855K [0x00000000f7d00000, 0x0000000100000000, 0x0000000100000000)
 Metaspace       used 65128K, capacity 69770K, committed 69888K, reserved 1110016K
  class space    used 8392K, capacity 9186K, committed 9216K, reserved 1048576K
2022-09-12T02:09:08.045+0800: 522.823: [GC (Allocation Failure)  160923K->58056K(249344K), 0.0039708 secs]
Heap after GC invocations=1222 (full 0):
 par new generation   total 115200K, used 1179K [0x00000000f0000000, 0x00000000f7d00000, 0x00000000f7d00000)
  eden space 102400K,   0% used [0x00000000f0000000, 0x00000000f0000000, 0x00000000f6400000)
  from space 12800K,   9% used [0x00000000f6400000, 0x00000000f6526e40, 0x00000000f7080000)
  to   space 12800K,   0% used [0x00000000f7080000, 0x00000000f7080000, 0x00000000f7d00000)
 concurrent mark-sweep generation total 134144K, used 56877K [0x00000000f7d00000, 0x0000000100000000, 0x0000000100000000)
 Metaspace       used 65128K, capacity 69770K, committed 69888K, reserved 1110016K
  class space    used 8392K, capacity 9186K, committed 9216K, reserved 1048576K
}
{Heap before GC invocations=1222 (full 0):
 par new generation   total 115200K, used 103579K [0x00000000f0000000, 0x00000000f7d00000, 0x00000000f7d00000)
  eden space 102400K, 100% used [0x00000000f0000000, 0x00000000f6400000, 0x00000000f6400000)
  from space 12800K,   9% used [0x00000000f6400000, 0x00000000f6526e40, 0x00000000f7080000)
  to   space 12800K,   0% used [0x00000000f7080000, 0x00000000f7080000, 0x00000000f7d00000)
 concurrent mark-sweep generation total 134144K, used 56877K [0x00000000f7d00000, 0x0000000100000000, 0x0000000100000000)
 Metaspace       used 65128K, capacity 69770K, committed 69888K, reserved 1110016K
  class space    used 8392K, capacity 9186K, committed 9216K, reserved 1048576K
2022-09-12T02:09:08.396+0800: 523.173: [GC (Allocation Failure)  160456K->58404K(249344K), 0.0041107 secs]
Heap after GC invocations=1223 (full 0):
 par new generation   total 115200K, used 1508K [0x00000000f0000000, 0x00000000f7d00000, 0x00000000f7d00000)
  eden space 102400K,   0% used [0x00000000f0000000, 0x00000000f0000000, 0x00000000f6400000)
  from space 12800K,  11% used [0x00000000f7080000, 0x00000000f71f90b0, 0x00000000f7d00000)
  to   space 12800K,   0% used [0x00000000f6400000, 0x00000000f6400000, 0x00000000f7080000)
 concurrent mark-sweep generation total 134144K, used 56896K [0x00000000f7d00000, 0x0000000100000000, 0x0000000100000000)
 Metaspace       used 65128K, capacity 69770K, committed 69888K, reserved 1110016K
  class space    used 8392K, capacity 9186K, committed 9216K, reserved 1048576K
}
{Heap before GC invocations=1223 (full 0):
 par new generation   total 115200K, used 103908K [0x00000000f0000000, 0x00000000f7d00000, 0x00000000f7d00000)
  eden space 102400K, 100% used [0x00000000f0000000, 0x00000000f6400000, 0x00000000f6400000)
  from space 12800K,  11% used [0x00000000f7080000, 0x00000000f71f90b0, 0x00000000f7d00000)
  to   space 12800K,   0% used [0x00000000f6400000, 0x00000000f6400000, 0x00000000f7080000)
 concurrent mark-sweep generation total 134144K, used 56896K [0x00000000f7d00000, 0x0000000100000000, 0x0000000100000000)
 Metaspace       used 65129K, capacity 69770K, committed 69888K, reserved 1110016K
  class space    used 8392K, capacity 9186K, committed 9216K, reserved 1048576K
2022-09-12T02:09:08.744+0800: 523.521: [GC (Allocation Failure)  160804K->58551K(249344K), 0.0039732 secs]
Heap after GC invocations=1224 (full 0):
 par new generation   total 115200K, used 1645K [0x00000000f0000000, 0x00000000f7d00000, 0x00000000f7d00000)
  eden space 102400K,   0% used [0x00000000f0000000, 0x00000000f0000000, 0x00000000f6400000)
  from space 12800K,  12% used [0x00000000f6400000, 0x00000000f659b550, 0x00000000f7080000)
  to   space 12800K,   0% used [0x00000000f7080000, 0x00000000f7080000, 0x00000000f7d00000)
 concurrent mark-sweep generation total 134144K, used 56906K [0x00000000f7d00000, 0x0000000100000000, 0x0000000100000000)
 Metaspace       used 65129K, capacity 69770K, committed 69888K, reserved 1110016K
  class space    used 8392K, capacity 9186K, committed 9216K, reserved 1048576K
}
{Heap before GC invocations=1224 (full 0):
 par new generation   total 115200K, used 104045K [0x00000000f0000000, 0x00000000f7d00000, 0x00000000f7d00000)
  eden space 102400K, 100% used [0x00000000f0000000, 0x00000000f6400000, 0x00000000f6400000)
  from space 12800K,  12% used [0x00000000f6400000, 0x00000000f659b550, 0x00000000f7080000)
  to   space 12800K,   0% used [0x00000000f7080000, 0x00000000f7080000, 0x00000000f7d00000)
 concurrent mark-sweep generation total 134144K, used 56906K [0x00000000f7d00000, 0x0000000100000000, 0x0000000100000000)
 Metaspace       used 65129K, capacity 69770K, committed 69888K, reserved 1110016K
  class space    used 8392K, capacity 9186K, committed 9216K, reserved 1048576K
2022-09-12T02:09:09.092+0800: 523.869: [GC (Allocation Failure)  160951K->58104K(249344K), 0.0040550 secs]
Heap after GC invocations=1225 (full 0):
 par new generation   total 115200K, used 1183K [0x00000000f0000000, 0x00000000f7d00000, 0x00000000f7d00000)
  eden space 102400K,   0% used [0x00000000f0000000, 0x00000000f0000000, 0x00000000f6400000)
  from space 12800K,   9% used [0x00000000f7080000, 0x00000000f71a7f40, 0x00000000f7d00000)
  to   space 12800K,   0% used [0x00000000f6400000, 0x00000000f6400000, 0x00000000f7080000)
 concurrent mark-sweep generation total 134144K, used 56920K [0x00000000f7d00000, 0x0000000100000000, 0x0000000100000000)
 Metaspace       used 65129K, capacity 69770K, committed 69888K, reserved 1110016K
  class space    used 8392K, capacity 9186K, committed 9216K, reserved 1048576K
}
{Heap before GC invocations=1225 (full 0):
 par new generation   total 115200K, used 103583K [0x00000000f0000000, 0x00000000f7d00000, 0x00000000f7d00000)
  eden space 102400K, 100% used [0x00000000f0000000, 0x00000000f6400000, 0x00000000f6400000)
  from space 12800K,   9% used [0x00000000f7080000, 0x00000000f71a7f40, 0x00000000f7d00000)
  to   space 12800K,   0% used [0x00000000f6400000, 0x00000000f6400000, 0x00000000f7080000)
 concurrent mark-sweep generation total 134144K, used 56920K [0x00000000f7d00000, 0x0000000100000000, 0x0000000100000000)
 Metaspace       used 65129K, capacity 69770K, committed 69888K, reserved 1110016K
  class space    used 8392K, capacity 9186K, committed 9216K, reserved 1048576K
2022-09-12T02:09:09.440+0800: 524.217: [GC (Allocation Failure)  160504K->58442K(249344K), 0.0039196 secs]
Heap after GC invocations=1226 (full 0):
 par new generation   total 115200K, used 1511K [0x00000000f0000000, 0x00000000f7d00000, 0x00000000f7d00000)
  eden space 102400K,   0% used [0x00000000f0000000, 0x00000000f0000000, 0x00000000f6400000)
  from space 12800K,  11% used [0x00000000f6400000, 0x00000000f6579eb0, 0x00000000f7080000)
  to   space 12800K,   0% used [0x00000000f7080000, 0x00000000f7080000, 0x00000000f7d00000)
 concurrent mark-sweep generation total 134144K, used 56930K [0x00000000f7d00000, 0x0000000100000000, 0x0000000100000000)
 Metaspace       used 65129K, capacity 69770K, committed 69888K, reserved 1110016K
  class space    used 8392K, capacity 9186K, committed 9216K, reserved 1048576K
}
{Heap before GC invocations=1226 (full 0):
 par new generation   total 115200K, used 103911K [0x00000000f0000000, 0x00000000f7d00000, 0x00000000f7d00000)
  eden space 102400K, 100% used [0x00000000f0000000, 0x00000000f6400000, 0x00000000f6400000)
  from space 12800K,  11% used [0x00000000f6400000, 0x00000000f6579eb0, 0x00000000f7080000)
  to   space 12800K,   0% used [0x00000000f7080000, 0x00000000f7080000, 0x00000000f7d00000)
 concurrent mark-sweep generation total 134144K, used 56930K [0x00000000f7d00000, 0x0000000100000000, 0x0000000100000000)
 Metaspace       used 65129K, capacity 69770K, committed 69888K, reserved 1110016K
  class space    used 8392K, capacity 9186K, committed 9216K, reserved 1048576K
2022-09-12T02:09:09.787+0800: 524.564: [GC (Allocation Failure)  160842K->58568K(249344K), 0.0039752 secs]
Heap after GC invocations=1227 (full 0):
 par new generation   total 115200K, used 1627K [0x00000000f0000000, 0x00000000f7d00000, 0x00000000f7d00000)
  eden space 102400K,   0% used [0x00000000f0000000, 0x00000000f0000000, 0x00000000f6400000)
  from space 12800K,  12% used [0x00000000f7080000, 0x00000000f7216ce8, 0x00000000f7d00000)
  to   space 12800K,   0% used [0x00000000f6400000, 0x00000000f6400000, 0x00000000f7080000)
 concurrent mark-sweep generation total 134144K, used 56940K [0x00000000f7d00000, 0x0000000100000000, 0x0000000100000000)
 Metaspace       used 65129K, capacity 69770K, committed 69888K, reserved 1110016K
  class space    used 8392K, capacity 9186K, committed 9216K, reserved 1048576K
}
{Heap before GC invocations=1227 (full 0):
 par new generation   total 115200K, used 104027K [0x00000000f0000000, 0x00000000f7d00000, 0x00000000f7d00000)
  eden space 102400K, 100% used [0x00000000f0000000, 0x00000000f6400000, 0x00000000f6400000)
  from space 12800K,  12% used [0x00000000f7080000, 0x00000000f7216ce8, 0x00000000f7d00000)
  to   space 12800K,   0% used [0x00000000f6400000, 0x00000000f6400000, 0x00000000f7080000)
 concurrent mark-sweep generation total 134144K, used 56940K [0x00000000f7d00000, 0x0000000100000000, 0x0000000100000000)
 Metaspace       used 65129K, capacity 69770K, committed 69888K, reserved 1110016K
  class space    used 8392K, capacity 9186K, committed 9216K, reserved 1048576K
2022-09-12T02:09:10.134+0800: 524.912: [GC (Allocation Failure)  160968K->58149K(249344K), 0.0042645 secs]
Heap after GC invocations=1228 (full 0):
 par new generation   total 115200K, used 1187K [0x00000000f0000000, 0x00000000f7d00000, 0x00000000f7d00000)
  eden space 102400K,   0% used [0x00000000f0000000, 0x00000000f0000000, 0x00000000f6400000)
  from space 12800K,   9% used [0x00000000f6400000, 0x00000000f6528c40, 0x00000000f7080000)
  to   space 12800K,   0% used [0x00000000f7080000, 0x00000000f7080000, 0x00000000f7d00000)
 concurrent mark-sweep generation total 134144K, used 56962K [0x00000000f7d00000, 0x0000000100000000, 0x0000000100000000)
 Metaspace       used 65129K, capacity 69770K, committed 69888K, reserved 1110016K
  class space    used 8392K, capacity 9186K, committed 9216K, reserved 1048576K
}
{Heap before GC invocations=1228 (full 0):
 par new generation   total 115200K, used 103587K [0x00000000f0000000, 0x00000000f7d00000, 0x00000000f7d00000)
  eden space 102400K, 100% used [0x00000000f0000000, 0x00000000f6400000, 0x00000000f6400000)
  from space 12800K,   9% used [0x00000000f6400000, 0x00000000f6528c40, 0x00000000f7080000)
  to   space 12800K,   0% used [0x00000000f7080000, 0x00000000f7080000, 0x00000000f7d00000)
 concurrent mark-sweep generation total 134144K, used 56962K [0x00000000f7d00000, 0x0000000100000000, 0x0000000100000000)
 Metaspace       used 65129K, capacity 69770K, committed 69888K, reserved 1110016K
  class space    used 8392K, capacity 9186K, committed 9216K, reserved 1048576K
2022-09-12T02:09:10.482+0800: 525.259: [GC (Allocation Failure)  160549K->58501K(249344K), 0.0040650 secs]
Heap after GC invocations=1229 (full 0):
 par new generation   total 115200K, used 1519K [0x00000000f0000000, 0x00000000f7d00000, 0x00000000f7d00000)
  eden space 102400K,   0% used [0x00000000f0000000, 0x00000000f0000000, 0x00000000f6400000)
  from space 12800K,  11% used [0x00000000f7080000, 0x00000000f71fbfb8, 0x00000000f7d00000)
  to   space 12800K,   0% used [0x00000000f6400000, 0x00000000f6400000, 0x00000000f7080000)
 concurrent mark-sweep generation total 134144K, used 56981K [0x00000000f7d00000, 0x0000000100000000, 0x0000000100000000)
 Metaspace       used 65129K, capacity 69770K, committed 69888K, reserved 1110016K
  class space    used 8392K, capacity 9186K, committed 9216K, reserved 1048576K
}
{Heap before GC invocations=1229 (full 0):
 par new generation   total 115200K, used 103919K [0x00000000f0000000, 0x00000000f7d00000, 0x00000000f7d00000)
  eden space 102400K, 100% used [0x00000000f0000000, 0x00000000f6400000, 0x00000000f6400000)
  from space 12800K,  11% used [0x00000000f7080000, 0x00000000f71fbfb8, 0x00000000f7d00000)
  to   space 12800K,   0% used [0x00000000f6400000, 0x00000000f6400000, 0x00000000f7080000)
 concurrent mark-sweep generation total 134144K, used 56981K [0x00000000f7d00000, 0x0000000100000000, 0x0000000100000000)
 Metaspace       used 65129K, capacity 69770K, committed 69888K, reserved 1110016K
  class space    used 8392K, capacity 9186K, committed 9216K, reserved 1048576K
2022-09-12T02:09:10.829+0800: 525.607: [GC (Allocation Failure)  160901K->58674K(249344K), 0.0041196 secs]
Heap after GC invocations=1230 (full 0):
 par new generation   total 115200K, used 1668K [0x00000000f0000000, 0x00000000f7d00000, 0x00000000f7d00000)
  eden space 102400K,   0% used [0x00000000f0000000, 0x00000000f0000000, 0x00000000f6400000)
  from space 12800K,  13% used [0x00000000f6400000, 0x00000000f65a1280, 0x00000000f7080000)
  to   space 12800K,   0% used [0x00000000f7080000, 0x00000000f7080000, 0x00000000f7d00000)
 concurrent mark-sweep generation total 134144K, used 57005K [0x00000000f7d00000, 0x0000000100000000, 0x0000000100000000)
 Metaspace       used 65129K, capacity 69770K, committed 69888K, reserved 1110016K
  class space    used 8392K, capacity 9186K, committed 9216K, reserved 1048576K
}
{Heap before GC invocations=1230 (full 0):
 par new generation   total 115200K, used 104068K [0x00000000f0000000, 0x00000000f7d00000, 0x00000000f7d00000)
  eden space 102400K, 100% used [0x00000000f0000000, 0x00000000f6400000, 0x00000000f6400000)
  from space 12800K,  13% used [0x00000000f6400000, 0x00000000f65a1280, 0x00000000f7080000)
  to   space 12800K,   0% used [0x00000000f7080000, 0x00000000f7080000, 0x00000000f7d00000)
 concurrent mark-sweep generation total 134144K, used 57005K [0x00000000f7d00000, 0x0000000100000000, 0x0000000100000000)
 Metaspace       used 65129K, capacity 69770K, committed 69888K, reserved 1110016K
  class space    used 8392K, capacity 9186K, committed 9216K, reserved 1048576K
2022-09-12T02:09:11.179+0800: 525.957: [GC (Allocation Failure)  161074K->58227K(249344K), 0.0041872 secs]
Heap after GC invocations=1231 (full 0):
 par new generation   total 115200K, used 1204K [0x00000000f0000000, 0x00000000f7d00000, 0x00000000f7d00000)
  eden space 102400K,   0% used [0x00000000f0000000, 0x00000000f0000000, 0x00000000f6400000)
  from space 12800K,   9% used [0x00000000f7080000, 0x00000000f71ad280, 0x00000000f7d00000)
  to   space 12800K,   0% used [0x00000000f6400000, 0x00000000f6400000, 0x00000000f7080000)
 concurrent mark-sweep generation total 134144K, used 57022K [0x00000000f7d00000, 0x0000000100000000, 0x0000000100000000)
 Metaspace       used 65129K, capacity 69770K, committed 69888K, reserved 1110016K
  class space    used 8392K, capacity 9186K, committed 9216K, reserved 1048576K
}
{Heap before GC invocations=1231 (full 0):
 par new generation   total 115200K, used 103604K [0x00000000f0000000, 0x00000000f7d00000, 0x00000000f7d00000)
  eden space 102400K, 100% used [0x00000000f0000000, 0x00000000f6400000, 0x00000000f6400000)
  from space 12800K,   9% used [0x00000000f7080000, 0x00000000f71ad280, 0x00000000f7d00000)
  to   space 12800K,   0% used [0x00000000f6400000, 0x00000000f6400000, 0x00000000f7080000)
 concurrent mark-sweep generation total 134144K, used 57022K [0x00000000f7d00000, 0x0000000100000000, 0x0000000100000000)
 Metaspace       used 65129K, capacity 69770K, committed 69888K, reserved 1110016K
  class space    used 8392K, capacity 9186K, committed 9216K, reserved 1048576K
2022-09-12T02:09:11.527+0800: 526.305: [GC (Allocation Failure)  160627K->58542K(249344K), 0.0039907 secs]
Heap after GC invocations=1232 (full 0):
 par new generation   total 115200K, used 1508K [0x00000000f0000000, 0x00000000f7d00000, 0x00000000f7d00000)
  eden space 102400K,   0% used [0x00000000f0000000, 0x00000000f0000000, 0x00000000f6400000)
  from space 12800K,  11% used [0x00000000f6400000, 0x00000000f65792e0, 0x00000000f7080000)
  to   space 12800K,   0% used [0x00000000f7080000, 0x00000000f7080000, 0x00000000f7d00000)
 concurrent mark-sweep generation total 134144K, used 57034K [0x00000000f7d00000, 0x0000000100000000, 0x0000000100000000)
 Metaspace       used 65129K, capacity 69770K, committed 69888K, reserved 1110016K
  class space    used 8392K, capacity 9186K, committed 9216K, reserved 1048576K
}
{Heap before GC invocations=1232 (full 0):
 par new generation   total 115200K, used 103908K [0x00000000f0000000, 0x00000000f7d00000, 0x00000000f7d00000)
  eden space 102400K, 100% used [0x00000000f0000000, 0x00000000f6400000, 0x00000000f6400000)
  from space 12800K,  11% used [0x00000000f6400000, 0x00000000f65792e0, 0x00000000f7080000)
  to   space 12800K,   0% used [0x00000000f7080000, 0x00000000f7080000, 0x00000000f7d00000)
 concurrent mark-sweep generation total 134144K, used 57034K [0x00000000f7d00000, 0x0000000100000000, 0x0000000100000000)
 Metaspace       used 65129K, capacity 69770K, committed 69888K, reserved 1110016K
  class space    used 8392K, capacity 9186K, committed 9216K, reserved 1048576K
2022-09-12T02:09:11.880+0800: 526.658: [GC (Allocation Failure)  160942K->58697K(249344K), 0.0040039 secs]
Heap after GC invocations=1233 (full 0):
 par new generation   total 115200K, used 1644K [0x00000000f0000000, 0x00000000f7d00000, 0x00000000f7d00000)
  eden space 102400K,   0% used [0x00000000f0000000, 0x00000000f0000000, 0x00000000f6400000)
  from space 12800K,  12% used [0x00000000f7080000, 0x00000000f721b208, 0x00000000f7d00000)
  to   space 12800K,   0% used [0x00000000f6400000, 0x00000000f6400000, 0x00000000f7080000)
 concurrent mark-sweep generation total 134144K, used 57053K [0x00000000f7d00000, 0x0000000100000000, 0x0000000100000000)
 Metaspace       used 65129K, capacity 69770K, committed 69888K, reserved 1110016K
  class space    used 8392K, capacity 9186K, committed 9216K, reserved 1048576K
}
{Heap before GC invocations=1233 (full 0):
 par new generation   total 115200K, used 104044K [0x00000000f0000000, 0x00000000f7d00000, 0x00000000f7d00000)
  eden space 102400K, 100% used [0x00000000f0000000, 0x00000000f6400000, 0x00000000f6400000)
  from space 12800K,  12% used [0x00000000f7080000, 0x00000000f721b208, 0x00000000f7d00000)
  to   space 12800K,   0% used [0x00000000f6400000, 0x00000000f6400000, 0x00000000f7080000)
 concurrent mark-sweep generation total 134144K, used 57053K [0x00000000f7d00000, 0x0000000100000000, 0x0000000100000000)
 Metaspace       used 65129K, capacity 69770K, committed 69888K, reserved 1110016K
  class space    used 8392K, capacity 9186K, committed 9216K, reserved 1048576K
2022-09-12T02:09:12.230+0800: 527.007: [GC (Allocation Failure)  161097K->58396K(249344K), 0.0039461 secs]
Heap after GC invocations=1234 (full 0):
 par new generation   total 115200K, used 1337K [0x00000000f0000000, 0x00000000f7d00000, 0x00000000f7d00000)
  eden space 102400K,   0% used [0x00000000f0000000, 0x00000000f0000000, 0x00000000f6400000)
  from space 12800K,  10% used [0x00000000f6400000, 0x00000000f654e440, 0x00000000f7080000)
  to   space 12800K,   0% used [0x00000000f7080000, 0x00000000f7080000, 0x00000000f7d00000)
 concurrent mark-sweep generation total 134144K, used 57059K [0x00000000f7d00000, 0x0000000100000000, 0x0000000100000000)
 Metaspace       used 65129K, capacity 69770K, committed 69888K, reserved 1110016K
  class space    used 8392K, capacity 9186K, committed 9216K, reserved 1048576K
}
{Heap before GC invocations=1234 (full 0):
 par new generation   total 115200K, used 103737K [0x00000000f0000000, 0x00000000f7d00000, 0x00000000f7d00000)
  eden space 102400K, 100% used [0x00000000f0000000, 0x00000000f6400000, 0x00000000f6400000)
  from space 12800K,  10% used [0x00000000f6400000, 0x00000000f654e440, 0x00000000f7080000)
  to   space 12800K,   0% used [0x00000000f7080000, 0x00000000f7080000, 0x00000000f7d00000)
 concurrent mark-sweep generation total 134144K, used 57059K [0x00000000f7d00000, 0x0000000100000000, 0x0000000100000000)
 Metaspace       used 65129K, capacity 69770K, committed 69888K, reserved 1110016K
  class space    used 8392K, capacity 9186K, committed 9216K, reserved 1048576K
2022-09-12T02:09:12.579+0800: 527.356: [GC (Allocation Failure)  160796K->58600K(249344K), 0.0039568 secs]
Heap after GC invocations=1235 (full 0):
 par new generation   total 115200K, used 1531K [0x00000000f0000000, 0x00000000f7d00000, 0x00000000f7d00000)
  eden space 102400K,   0% used [0x00000000f0000000, 0x00000000f0000000, 0x00000000f6400000)
  from space 12800K,  11% used [0x00000000f7080000, 0x00000000f71fefd8, 0x00000000f7d00000)
  to   space 12800K,   0% used [0x00000000f6400000, 0x00000000f6400000, 0x00000000f7080000)
 concurrent mark-sweep generation total 134144K, used 57068K [0x00000000f7d00000, 0x0000000100000000, 0x0000000100000000)
 Metaspace       used 65129K, capacity 69770K, committed 69888K, reserved 1110016K
  class space    used 8392K, capacity 9186K, committed 9216K, reserved 1048576K
}
{Heap before GC invocations=1235 (full 0):
 par new generation   total 115200K, used 103931K [0x00000000f0000000, 0x00000000f7d00000, 0x00000000f7d00000)
  eden space 102400K, 100% used [0x00000000f0000000, 0x00000000f6400000, 0x00000000f6400000)
  from space 12800K,  11% used [0x00000000f7080000, 0x00000000f71fefd8, 0x00000000f7d00000)
  to   space 12800K,   0% used [0x00000000f6400000, 0x00000000f6400000, 0x00000000f7080000)
 concurrent mark-sweep generation total 134144K, used 57068K [0x00000000f7d00000, 0x0000000100000000, 0x0000000100000000)
 Metaspace       used 65129K, capacity 69770K, committed 69888K, reserved 1110016K
  class space    used 8392K, capacity 9186K, committed 9216K, reserved 1048576K
2022-09-12T02:09:12.927+0800: 527.704: [GC (Allocation Failure)  161000K->58764K(249344K), 0.0040007 secs]
Heap after GC invocations=1236 (full 0):
 par new generation   total 115200K, used 1673K [0x00000000f0000000, 0x00000000f7d00000, 0x00000000f7d00000)
  eden space 102400K,   0% used [0x00000000f0000000, 0x00000000f0000000, 0x00000000f6400000)
  from space 12800K,  13% used [0x00000000f6400000, 0x00000000f65a2630, 0x00000000f7080000)
  to   space 12800K,   0% used [0x00000000f7080000, 0x00000000f7080000, 0x00000000f7d00000)
 concurrent mark-sweep generation total 134144K, used 57091K [0x00000000f7d00000, 0x0000000100000000, 0x0000000100000000)
 Metaspace       used 65129K, capacity 69770K, committed 69888K, reserved 1110016K
  class space    used 8392K, capacity 9186K, committed 9216K, reserved 1048576K
}
{Heap before GC invocations=1236 (full 0):
 par new generation   total 115200K, used 104073K [0x00000000f0000000, 0x00000000f7d00000, 0x00000000f7d00000)
  eden space 102400K, 100% used [0x00000000f0000000, 0x00000000f6400000, 0x00000000f6400000)
  from space 12800K,  13% used [0x00000000f6400000, 0x00000000f65a2630, 0x00000000f7080000)
  to   space 12800K,   0% used [0x00000000f7080000, 0x00000000f7080000, 0x00000000f7d00000)
 concurrent mark-sweep generation total 134144K, used 57091K [0x00000000f7d00000, 0x0000000100000000, 0x0000000100000000)
 Metaspace       used 65129K, capacity 69770K, committed 69888K, reserved 1110016K
  class space    used 8392K, capacity 9186K, committed 9216K, reserved 1048576K
2022-09-12T02:09:13.275+0800: 528.052: [GC (Allocation Failure)  161164K->58301K(249344K), 0.0039451 secs]
Heap after GC invocations=1237 (full 0):
 par new generation   total 115200K, used 1189K [0x00000000f0000000, 0x00000000f7d00000, 0x00000000f7d00000)
  eden space 102400K,   0% used [0x00000000f0000000, 0x00000000f0000000, 0x00000000f6400000)
  from space 12800K,   9% used [0x00000000f7080000, 0x00000000f71a9400, 0x00000000f7d00000)
  to   space 12800K,   0% used [0x00000000f6400000, 0x00000000f6400000, 0x00000000f7080000)
 concurrent mark-sweep generation total 134144K, used 57112K [0x00000000f7d00000, 0x0000000100000000, 0x0000000100000000)
 Metaspace       used 65129K, capacity 69770K, committed 69888K, reserved 1110016K
  class space    used 8392K, capacity 9186K, committed 9216K, reserved 1048576K
}
{Heap before GC invocations=1237 (full 0):
 par new generation   total 115200K, used 103589K [0x00000000f0000000, 0x00000000f7d00000, 0x00000000f7d00000)
  eden space 102400K, 100% used [0x00000000f0000000, 0x00000000f6400000, 0x00000000f6400000)
  from space 12800K,   9% used [0x00000000f7080000, 0x00000000f71a9400, 0x00000000f7d00000)
  to   space 12800K,   0% used [0x00000000f6400000, 0x00000000f6400000, 0x00000000f7080000)
 concurrent mark-sweep generation total 134144K, used 57112K [0x00000000f7d00000, 0x0000000100000000, 0x0000000100000000)
 Metaspace       used 65129K, capacity 69770K, committed 69888K, reserved 1110016K
  class space    used 8392K, capacity 9186K, committed 9216K, reserved 1048576K
2022-09-12T02:09:13.623+0800: 528.400: [GC (Allocation Failure)  160701K->58653K(249344K), 0.0040721 secs]
Heap after GC invocations=1238 (full 0):
 par new generation   total 115200K, used 1519K [0x00000000f0000000, 0x00000000f7d00000, 0x00000000f7d00000)
  eden space 102400K,   0% used [0x00000000f0000000, 0x00000000f0000000, 0x00000000f6400000)
  from space 12800K,  11% used [0x00000000f6400000, 0x00000000f657bfb8, 0x00000000f7080000)
  to   space 12800K,   0% used [0x00000000f7080000, 0x00000000f7080000, 0x00000000f7d00000)
 concurrent mark-sweep generation total 134144K, used 57134K [0x00000000f7d00000, 0x0000000100000000, 0x0000000100000000)
 Metaspace       used 65129K, capacity 69770K, committed 69888K, reserved 1110016K
  class space    used 8392K, capacity 9186K, committed 9216K, reserved 1048576K
}
{Heap before GC invocations=1238 (full 0):
 par new generation   total 115200K, used 103919K [0x00000000f0000000, 0x00000000f7d00000, 0x00000000f7d00000)
  eden space 102400K, 100% used [0x00000000f0000000, 0x00000000f6400000, 0x00000000f6400000)
  from space 12800K,  11% used [0x00000000f6400000, 0x00000000f657bfb8, 0x00000000f7080000)
  to   space 12800K,   0% used [0x00000000f7080000, 0x00000000f7080000, 0x00000000f7d00000)
 concurrent mark-sweep generation total 134144K, used 57134K [0x00000000f7d00000, 0x0000000100000000, 0x0000000100000000)
 Metaspace       used 65129K, capacity 69770K, committed 69888K, reserved 1110016K
  class space    used 8392K, capacity 9186K, committed 9216K, reserved 1048576K
2022-09-12T02:09:13.970+0800: 528.748: [GC (Allocation Failure)  161053K->58785K(249344K), 0.0040806 secs]
Heap after GC invocations=1239 (full 0):
 par new generation   total 115200K, used 1630K [0x00000000f0000000, 0x00000000f7d00000, 0x00000000f7d00000)
  eden space 102400K,   0% used [0x00000000f0000000, 0x00000000f0000000, 0x00000000f6400000)
  from space 12800K,  12% used [0x00000000f7080000, 0x00000000f7217a40, 0x00000000f7d00000)
  to   space 12800K,   0% used [0x00000000f6400000, 0x00000000f6400000, 0x00000000f7080000)
 concurrent mark-sweep generation total 134144K, used 57154K [0x00000000f7d00000, 0x0000000100000000, 0x0000000100000000)
 Metaspace       used 65129K, capacity 69770K, committed 69888K, reserved 1110016K
  class space    used 8392K, capacity 9186K, committed 9216K, reserved 1048576K
}
{Heap before GC invocations=1239 (full 0):
 par new generation   total 115200K, used 104030K [0x00000000f0000000, 0x00000000f7d00000, 0x00000000f7d00000)
  eden space 102400K, 100% used [0x00000000f0000000, 0x00000000f6400000, 0x00000000f6400000)
  from space 12800K,  12% used [0x00000000f7080000, 0x00000000f7217a40, 0x00000000f7d00000)
  to   space 12800K,   0% used [0x00000000f6400000, 0x00000000f6400000, 0x00000000f7080000)
 concurrent mark-sweep generation total 134144K, used 57154K [0x00000000f7d00000, 0x0000000100000000, 0x0000000100000000)
 Metaspace       used 65129K, capacity 69770K, committed 69888K, reserved 1110016K
  class space    used 8392K, capacity 9186K, committed 9216K, reserved 1048576K
2022-09-12T02:09:14.320+0800: 529.097: [GC (Allocation Failure)  161185K->58498K(249344K), 0.0040041 secs]
Heap after GC invocations=1240 (full 0):
 par new generation   total 115200K, used 1332K [0x00000000f0000000, 0x00000000f7d00000, 0x00000000f7d00000)
  eden space 102400K,   0% used [0x00000000f0000000, 0x00000000f0000000, 0x00000000f6400000)
  from space 12800K,  10% used [0x00000000f6400000, 0x00000000f654d360, 0x00000000f7080000)
  to   space 12800K,   0% used [0x00000000f7080000, 0x00000000f7080000, 0x00000000f7d00000)
 concurrent mark-sweep generation total 134144K, used 57165K [0x00000000f7d00000, 0x0000000100000000, 0x0000000100000000)
 Metaspace       used 65129K, capacity 69770K, committed 69888K, reserved 1110016K
  class space    used 8392K, capacity 9186K, committed 9216K, reserved 1048576K
}
{Heap before GC invocations=1240 (full 0):
 par new generation   total 115200K, used 103732K [0x00000000f0000000, 0x00000000f7d00000, 0x00000000f7d00000)
  eden space 102400K, 100% used [0x00000000f0000000, 0x00000000f6400000, 0x00000000f6400000)
  from space 12800K,  10% used [0x00000000f6400000, 0x00000000f654d360, 0x00000000f7080000)
  to   space 12800K,   0% used [0x00000000f7080000, 0x00000000f7080000, 0x00000000f7d00000)
 concurrent mark-sweep generation total 134144K, used 57165K [0x00000000f7d00000, 0x0000000100000000, 0x0000000100000000)
 Metaspace       used 65129K, capacity 69770K, committed 69888K, reserved 1110016K
  class space    used 8392K, capacity 9186K, committed 9216K, reserved 1048576K
2022-09-12T02:09:14.667+0800: 529.444: [GC (Allocation Failure)  160898K->58719K(249344K), 0.0039724 secs]
Heap after GC invocations=1241 (full 0):
 par new generation   total 115200K, used 1538K [0x00000000f0000000, 0x00000000f7d00000, 0x00000000f7d00000)
  eden space 102400K,   0% used [0x00000000f0000000, 0x00000000f0000000, 0x00000000f6400000)
  from space 12800K,  12% used [0x00000000f7080000, 0x00000000f72008c8, 0x00000000f7d00000)
  to   space 12800K,   0% used [0x00000000f6400000, 0x00000000f6400000, 0x00000000f7080000)
 concurrent mark-sweep generation total 134144K, used 57181K [0x00000000f7d00000, 0x0000000100000000, 0x0000000100000000)
 Metaspace       used 65129K, capacity 69770K, committed 69888K, reserved 1110016K
  class space    used 8392K, capacity 9186K, committed 9216K, reserved 1048576K
}
{Heap before GC invocations=1241 (full 0):
 par new generation   total 115200K, used 103938K [0x00000000f0000000, 0x00000000f7d00000, 0x00000000f7d00000)
  eden space 102400K, 100% used [0x00000000f0000000, 0x00000000f6400000, 0x00000000f6400000)
  from space 12800K,  12% used [0x00000000f7080000, 0x00000000f72008c8, 0x00000000f7d00000)
  to   space 12800K,   0% used [0x00000000f6400000, 0x00000000f6400000, 0x00000000f7080000)
 concurrent mark-sweep generation total 134144K, used 57181K [0x00000000f7d00000, 0x0000000100000000, 0x0000000100000000)
 Metaspace       used 65129K, capacity 69770K, committed 69888K, reserved 1110016K
  class space    used 8392K, capacity 9186K, committed 9216K, reserved 1048576K
2022-09-12T02:09:15.015+0800: 529.793: [GC (Allocation Failure)  161119K->58844K(249344K), 0.0040002 secs]
Heap after GC invocations=1242 (full 0):
 par new generation   total 115200K, used 1655K [0x00000000f0000000, 0x00000000f7d00000, 0x00000000f7d00000)
  eden space 102400K,   0% used [0x00000000f0000000, 0x00000000f0000000, 0x00000000f6400000)
  from space 12800K,  12% used [0x00000000f6400000, 0x00000000f659de00, 0x00000000f7080000)
  to   space 12800K,   0% used [0x00000000f7080000, 0x00000000f7080000, 0x00000000f7d00000)
 concurrent mark-sweep generation total 134144K, used 57188K [0x00000000f7d00000, 0x0000000100000000, 0x0000000100000000)
 Metaspace       used 65129K, capacity 69770K, committed 69888K, reserved 1110016K
  class space    used 8392K, capacity 9186K, committed 9216K, reserved 1048576K
}
{Heap before GC invocations=1242 (full 0):
 par new generation   total 115200K, used 104055K [0x00000000f0000000, 0x00000000f7d00000, 0x00000000f7d00000)
  eden space 102400K, 100% used [0x00000000f0000000, 0x00000000f6400000, 0x00000000f6400000)
  from space 12800K,  12% used [0x00000000f6400000, 0x00000000f659de00, 0x00000000f7080000)
  to   space 12800K,   0% used [0x00000000f7080000, 0x00000000f7080000, 0x00000000f7d00000)
 concurrent mark-sweep generation total 134144K, used 57188K [0x00000000f7d00000, 0x0000000100000000, 0x0000000100000000)
 Metaspace       used 65129K, capacity 69770K, committed 69888K, reserved 1110016K
  class space    used 8392K, capacity 9186K, committed 9216K, reserved 1048576K
2022-09-12T02:09:15.363+0800: 530.140: [GC (Allocation Failure)  161244K->58547K(249344K), 0.0041180 secs]
Heap after GC invocations=1243 (full 0):
 par new generation   total 115200K, used 1345K [0x00000000f0000000, 0x00000000f7d00000, 0x00000000f7d00000)
  eden space 102400K,   0% used [0x00000000f0000000, 0x00000000f0000000, 0x00000000f6400000)
  from space 12800K,  10% used [0x00000000f7080000, 0x00000000f71d0720, 0x00000000f7d00000)
  to   space 12800K,   0% used [0x00000000f6400000, 0x00000000f6400000, 0x00000000f7080000)
 concurrent mark-sweep generation total 134144K, used 57201K [0x00000000f7d00000, 0x0000000100000000, 0x0000000100000000)
 Metaspace       used 65129K, capacity 69770K, committed 69888K, reserved 1110016K
  class space    used 8392K, capacity 9186K, committed 9216K, reserved 1048576K
}
{Heap before GC invocations=1243 (full 0):
 par new generation   total 115200K, used 103745K [0x00000000f0000000, 0x00000000f7d00000, 0x00000000f7d00000)
  eden space 102400K, 100% used [0x00000000f0000000, 0x00000000f6400000, 0x00000000f6400000)
  from space 12800K,  10% used [0x00000000f7080000, 0x00000000f71d0720, 0x00000000f7d00000)
  to   space 12800K,   0% used [0x00000000f6400000, 0x00000000f6400000, 0x00000000f7080000)
 concurrent mark-sweep generation total 134144K, used 57201K [0x00000000f7d00000, 0x0000000100000000, 0x0000000100000000)
 Metaspace       used 65129K, capacity 69770K, committed 69888K, reserved 1110016K
  class space    used 8392K, capacity 9186K, committed 9216K, reserved 1048576K
2022-09-12T02:09:15.711+0800: 530.488: [GC (Allocation Failure)  160947K->58717K(249344K), 0.0040370 secs]
Heap after GC invocations=1244 (full 0):
 par new generation   total 115200K, used 1499K [0x00000000f0000000, 0x00000000f7d00000, 0x00000000f7d00000)
  eden space 102400K,   0% used [0x00000000f0000000, 0x00000000f0000000, 0x00000000f6400000)
  from space 12800K,  11% used [0x00000000f6400000, 0x00000000f6576e58, 0x00000000f7080000)
  to   space 12800K,   0% used [0x00000000f7080000, 0x00000000f7080000, 0x00000000f7d00000)
 concurrent mark-sweep generation total 134144K, used 57218K [0x00000000f7d00000, 0x0000000100000000, 0x0000000100000000)
 Metaspace       used 65129K, capacity 69770K, committed 69888K, reserved 1110016K
  class space    used 8392K, capacity 9186K, committed 9216K, reserved 1048576K
}
{Heap before GC invocations=1244 (full 0):
 par new generation   total 115200K, used 103899K [0x00000000f0000000, 0x00000000f7d00000, 0x00000000f7d00000)
  eden space 102400K, 100% used [0x00000000f0000000, 0x00000000f6400000, 0x00000000f6400000)
  from space 12800K,  11% used [0x00000000f6400000, 0x00000000f6576e58, 0x00000000f7080000)
  to   space 12800K,   0% used [0x00000000f7080000, 0x00000000f7080000, 0x00000000f7d00000)
 concurrent mark-sweep generation total 134144K, used 57218K [0x00000000f7d00000, 0x0000000100000000, 0x0000000100000000)
 Metaspace       used 65129K, capacity 69770K, committed 69888K, reserved 1110016K
  class space    used 8392K, capacity 9186K, committed 9216K, reserved 1048576K
2022-09-12T02:09:16.069+0800: 530.846: [GC (Allocation Failure)  161117K->58886K(249344K), 0.0041539 secs]
Heap after GC invocations=1245 (full 0):
 par new generation   total 115200K, used 1641K [0x00000000f0000000, 0x00000000f7d00000, 0x00000000f7d00000)
  eden space 102400K,   0% used [0x00000000f0000000, 0x00000000f0000000, 0x00000000f6400000)
  from space 12800K,  12% used [0x00000000f7080000, 0x00000000f721a520, 0x00000000f7d00000)
  to   space 12800K,   0% used [0x00000000f6400000, 0x00000000f6400000, 0x00000000f7080000)
 concurrent mark-sweep generation total 134144K, used 57245K [0x00000000f7d00000, 0x0000000100000000, 0x0000000100000000)
 Metaspace       used 65129K, capacity 69770K, committed 69888K, reserved 1110016K
  class space    used 8392K, capacity 9186K, committed 9216K, reserved 1048576K
}
{Heap before GC invocations=1245 (full 0):
 par new generation   total 115200K, used 104041K [0x00000000f0000000, 0x00000000f7d00000, 0x00000000f7d00000)
  eden space 102400K, 100% used [0x00000000f0000000, 0x00000000f6400000, 0x00000000f6400000)
  from space 12800K,  12% used [0x00000000f7080000, 0x00000000f721a520, 0x00000000f7d00000)
  to   space 12800K,   0% used [0x00000000f6400000, 0x00000000f6400000, 0x00000000f7080000)
 concurrent mark-sweep generation total 134144K, used 57245K [0x00000000f7d00000, 0x0000000100000000, 0x0000000100000000)
 Metaspace       used 65129K, capacity 69770K, committed 69888K, reserved 1110016K
  class space    used 8392K, capacity 9186K, committed 9216K, reserved 1048576K
2022-09-12T02:09:16.417+0800: 531.194: [GC (Allocation Failure)  161286K->58449K(249344K), 0.0040044 secs]
Heap after GC invocations=1246 (full 0):
 par new generation   total 115200K, used 1185K [0x00000000f0000000, 0x00000000f7d00000, 0x00000000f7d00000)
  eden space 102400K,   0% used [0x00000000f0000000, 0x00000000f0000000, 0x00000000f6400000)
  from space 12800K,   9% used [0x00000000f6400000, 0x00000000f6528700, 0x00000000f7080000)
  to   space 12800K,   0% used [0x00000000f7080000, 0x00000000f7080000, 0x00000000f7d00000)
 concurrent mark-sweep generation total 134144K, used 57264K [0x00000000f7d00000, 0x0000000100000000, 0x0000000100000000)
 Metaspace       used 65129K, capacity 69770K, committed 69888K, reserved 1110016K
  class space    used 8392K, capacity 9186K, committed 9216K, reserved 1048576K
}
{Heap before GC invocations=1246 (full 0):
 par new generation   total 115200K, used 103585K [0x00000000f0000000, 0x00000000f7d00000, 0x00000000f7d00000)
  eden space 102400K, 100% used [0x00000000f0000000, 0x00000000f6400000, 0x00000000f6400000)
  from space 12800K,   9% used [0x00000000f6400000, 0x00000000f6528700, 0x00000000f7080000)
  to   space 12800K,   0% used [0x00000000f7080000, 0x00000000f7080000, 0x00000000f7d00000)
 concurrent mark-sweep generation total 134144K, used 57264K [0x00000000f7d00000, 0x0000000100000000, 0x0000000100000000)
 Metaspace       used 65129K, capacity 69770K, committed 69888K, reserved 1110016K
  class space    used 8392K, capacity 9186K, committed 9216K, reserved 1048576K
2022-09-12T02:09:16.765+0800: 531.542: [GC (Allocation Failure)  160849K->58791K(249344K), 0.0040561 secs]
Heap after GC invocations=1247 (full 0):
 par new generation   total 115200K, used 1510K [0x00000000f0000000, 0x00000000f7d00000, 0x00000000f7d00000)
  eden space 102400K,   0% used [0x00000000f0000000, 0x00000000f0000000, 0x00000000f6400000)
  from space 12800K,  11% used [0x00000000f7080000, 0x00000000f71f9ba0, 0x00000000f7d00000)
  to   space 12800K,   0% used [0x00000000f6400000, 0x00000000f6400000, 0x00000000f7080000)
 concurrent mark-sweep generation total 134144K, used 57280K [0x00000000f7d00000, 0x0000000100000000, 0x0000000100000000)
 Metaspace       used 65129K, capacity 69770K, committed 69888K, reserved 1110016K
  class space    used 8392K, capacity 9186K, committed 9216K, reserved 1048576K
}
{Heap before GC invocations=1247 (full 0):
 par new generation   total 115200K, used 103910K [0x00000000f0000000, 0x00000000f7d00000, 0x00000000f7d00000)
  eden space 102400K, 100% used [0x00000000f0000000, 0x00000000f6400000, 0x00000000f6400000)
  from space 12800K,  11% used [0x00000000f7080000, 0x00000000f71f9ba0, 0x00000000f7d00000)
  to   space 12800K,   0% used [0x00000000f6400000, 0x00000000f6400000, 0x00000000f7080000)
 concurrent mark-sweep generation total 134144K, used 57280K [0x00000000f7d00000, 0x0000000100000000, 0x0000000100000000)
 Metaspace       used 65129K, capacity 69770K, committed 69888K, reserved 1110016K
  class space    used 8392K, capacity 9186K, committed 9216K, reserved 1048576K
2022-09-12T02:09:17.114+0800: 531.892: [GC (Allocation Failure)  161191K->58935K(249344K), 0.0040610 secs]
Heap after GC invocations=1248 (full 0):
 par new generation   total 115200K, used 1644K [0x00000000f0000000, 0x00000000f7d00000, 0x00000000f7d00000)
  eden space 102400K,   0% used [0x00000000f0000000, 0x00000000f0000000, 0x00000000f6400000)
  from space 12800K,  12% used [0x00000000f6400000, 0x00000000f659b0b8, 0x00000000f7080000)
  to   space 12800K,   0% used [0x00000000f7080000, 0x00000000f7080000, 0x00000000f7d00000)
 concurrent mark-sweep generation total 134144K, used 57291K [0x00000000f7d00000, 0x0000000100000000, 0x0000000100000000)
 Metaspace       used 65129K, capacity 69770K, committed 69888K, reserved 1110016K
  class space    used 8392K, capacity 9186K, committed 9216K, reserved 1048576K
}
{Heap before GC invocations=1248 (full 0):
 par new generation   total 115200K, used 104044K [0x00000000f0000000, 0x00000000f7d00000, 0x00000000f7d00000)
  eden space 102400K, 100% used [0x00000000f0000000, 0x00000000f6400000, 0x00000000f6400000)
  from space 12800K,  12% used [0x00000000f6400000, 0x00000000f659b0b8, 0x00000000f7080000)
  to   space 12800K,   0% used [0x00000000f7080000, 0x00000000f7080000, 0x00000000f7d00000)
 concurrent mark-sweep generation total 134144K, used 57291K [0x00000000f7d00000, 0x0000000100000000, 0x0000000100000000)
 Metaspace       used 65129K, capacity 69770K, committed 69888K, reserved 1110016K
  class space    used 8392K, capacity 9186K, committed 9216K, reserved 1048576K
2022-09-12T02:09:17.465+0800: 532.243: [GC (Allocation Failure)  161335K->58509K(249344K), 0.0040953 secs]
Heap after GC invocations=1249 (full 0):
 par new generation   total 115200K, used 1198K [0x00000000f0000000, 0x00000000f7d00000, 0x00000000f7d00000)
  eden space 102400K,   0% used [0x00000000f0000000, 0x00000000f0000000, 0x00000000f6400000)
  from space 12800K,   9% used [0x00000000f7080000, 0x00000000f71ab800, 0x00000000f7d00000)
  to   space 12800K,   0% used [0x00000000f6400000, 0x00000000f6400000, 0x00000000f7080000)
 concurrent mark-sweep generation total 134144K, used 57311K [0x00000000f7d00000, 0x0000000100000000, 0x0000000100000000)
 Metaspace       used 65129K, capacity 69770K, committed 69888K, reserved 1110016K
  class space    used 8392K, capacity 9186K, committed 9216K, reserved 1048576K
}
{Heap before GC invocations=1249 (full 0):
 par new generation   total 115200K, used 103598K [0x00000000f0000000, 0x00000000f7d00000, 0x00000000f7d00000)
  eden space 102400K, 100% used [0x00000000f0000000, 0x00000000f6400000, 0x00000000f6400000)
  from space 12800K,   9% used [0x00000000f7080000, 0x00000000f71ab800, 0x00000000f7d00000)
  to   space 12800K,   0% used [0x00000000f6400000, 0x00000000f6400000, 0x00000000f7080000)
 concurrent mark-sweep generation total 134144K, used 57311K [0x00000000f7d00000, 0x0000000100000000, 0x0000000100000000)
 Metaspace       used 65129K, capacity 69770K, committed 69888K, reserved 1110016K
  class space    used 8392K, capacity 9186K, committed 9216K, reserved 1048576K
2022-09-12T02:09:17.814+0800: 532.591: [GC (Allocation Failure)  160909K->58853K(249344K), 0.0040597 secs]
Heap after GC invocations=1250 (full 0):
 par new generation   total 115200K, used 1537K [0x00000000f0000000, 0x00000000f7d00000, 0x00000000f7d00000)
  eden space 102400K,   0% used [0x00000000f0000000, 0x00000000f0000000, 0x00000000f6400000)
  from space 12800K,  12% used [0x00000000f6400000, 0x00000000f65807e8, 0x00000000f7080000)
  to   space 12800K,   0% used [0x00000000f7080000, 0x00000000f7080000, 0x00000000f7d00000)
 concurrent mark-sweep generation total 134144K, used 57315K [0x00000000f7d00000, 0x0000000100000000, 0x0000000100000000)
 Metaspace       used 65129K, capacity 69770K, committed 69888K, reserved 1110016K
  class space    used 8392K, capacity 9186K, committed 9216K, reserved 1048576K
}
{Heap before GC invocations=1250 (full 0):
 par new generation   total 115200K, used 103937K [0x00000000f0000000, 0x00000000f7d00000, 0x00000000f7d00000)
  eden space 102400K, 100% used [0x00000000f0000000, 0x00000000f6400000, 0x00000000f6400000)
  from space 12800K,  12% used [0x00000000f6400000, 0x00000000f65807e8, 0x00000000f7080000)
  to   space 12800K,   0% used [0x00000000f7080000, 0x00000000f7080000, 0x00000000f7d00000)
 concurrent mark-sweep generation total 134144K, used 57315K [0x00000000f7d00000, 0x0000000100000000, 0x0000000100000000)
 Metaspace       used 65129K, capacity 69770K, committed 69888K, reserved 1110016K
  class space    used 8392K, capacity 9186K, committed 9216K, reserved 1048576K
2022-09-12T02:09:18.162+0800: 532.940: [GC (Allocation Failure)  161253K->58995K(249344K), 0.0040113 secs]
Heap after GC invocations=1251 (full 0):
 par new generation   total 115200K, used 1665K [0x00000000f0000000, 0x00000000f7d00000, 0x00000000f7d00000)
  eden space 102400K,   0% used [0x00000000f0000000, 0x00000000f0000000, 0x00000000f6400000)
  from space 12800K,  13% used [0x00000000f7080000, 0x00000000f72204f0, 0x00000000f7d00000)
  to   space 12800K,   0% used [0x00000000f6400000, 0x00000000f6400000, 0x00000000f7080000)
 concurrent mark-sweep generation total 134144K, used 57330K [0x00000000f7d00000, 0x0000000100000000, 0x0000000100000000)
 Metaspace       used 65129K, capacity 69770K, committed 69888K, reserved 1110016K
  class space    used 8392K, capacity 9186K, committed 9216K, reserved 1048576K
}
{Heap before GC invocations=1251 (full 0):
 par new generation   total 115200K, used 104065K [0x00000000f0000000, 0x00000000f7d00000, 0x00000000f7d00000)
  eden space 102400K, 100% used [0x00000000f0000000, 0x00000000f6400000, 0x00000000f6400000)
  from space 12800K,  13% used [0x00000000f7080000, 0x00000000f72204f0, 0x00000000f7d00000)
  to   space 12800K,   0% used [0x00000000f6400000, 0x00000000f6400000, 0x00000000f7080000)
 concurrent mark-sweep generation total 134144K, used 57330K [0x00000000f7d00000, 0x0000000100000000, 0x0000000100000000)
 Metaspace       used 65129K, capacity 69770K, committed 69888K, reserved 1110016K
  class space    used 8392K, capacity 9186K, committed 9216K, reserved 1048576K
2022-09-12T02:09:18.511+0800: 533.288: [GC (Allocation Failure)  161395K->58548K(249344K), 0.0042204 secs]
Heap after GC invocations=1252 (full 0):
 par new generation   total 115200K, used 1200K [0x00000000f0000000, 0x00000000f7d00000, 0x00000000f7d00000)
  eden space 102400K,   0% used [0x00000000f0000000, 0x00000000f0000000, 0x00000000f6400000)
  from space 12800K,   9% used [0x00000000f6400000, 0x00000000f652c080, 0x00000000f7080000)
  to   space 12800K,   0% used [0x00000000f7080000, 0x00000000f7080000, 0x00000000f7d00000)
 concurrent mark-sweep generation total 134144K, used 57348K [0x00000000f7d00000, 0x0000000100000000, 0x0000000100000000)
 Metaspace       used 65129K, capacity 69770K, committed 69888K, reserved 1110016K
  class space    used 8392K, capacity 9186K, committed 9216K, reserved 1048576K
}
{Heap before GC invocations=1252 (full 0):
 par new generation   total 115200K, used 103600K [0x00000000f0000000, 0x00000000f7d00000, 0x00000000f7d00000)
  eden space 102400K, 100% used [0x00000000f0000000, 0x00000000f6400000, 0x00000000f6400000)
  from space 12800K,   9% used [0x00000000f6400000, 0x00000000f652c080, 0x00000000f7080000)
  to   space 12800K,   0% used [0x00000000f7080000, 0x00000000f7080000, 0x00000000f7d00000)
 concurrent mark-sweep generation total 134144K, used 57348K [0x00000000f7d00000, 0x0000000100000000, 0x0000000100000000)
 Metaspace       used 65129K, capacity 69770K, committed 69888K, reserved 1110016K
  class space    used 8392K, capacity 9186K, committed 9216K, reserved 1048576K
2022-09-12T02:09:18.859+0800: 533.636: [GC (Allocation Failure)  160948K->58915K(249344K), 0.0045373 secs]
Heap after GC invocations=1253 (full 0):
 par new generation   total 115200K, used 1542K [0x00000000f0000000, 0x00000000f7d00000, 0x00000000f7d00000)
  eden space 102400K,   0% used [0x00000000f0000000, 0x00000000f0000000, 0x00000000f6400000)
  from space 12800K,  12% used [0x00000000f7080000, 0x00000000f72018f8, 0x00000000f7d00000)
  to   space 12800K,   0% used [0x00000000f6400000, 0x00000000f6400000, 0x00000000f7080000)
 concurrent mark-sweep generation total 134144K, used 57372K [0x00000000f7d00000, 0x0000000100000000, 0x0000000100000000)
 Metaspace       used 65129K, capacity 69770K, committed 69888K, reserved 1110016K
  class space    used 8392K, capacity 9186K, committed 9216K, reserved 1048576K
}
{Heap before GC invocations=1253 (full 0):
 par new generation   total 115200K, used 103942K [0x00000000f0000000, 0x00000000f7d00000, 0x00000000f7d00000)
  eden space 102400K, 100% used [0x00000000f0000000, 0x00000000f6400000, 0x00000000f6400000)
  from space 12800K,  12% used [0x00000000f7080000, 0x00000000f72018f8, 0x00000000f7d00000)
  to   space 12800K,   0% used [0x00000000f6400000, 0x00000000f6400000, 0x00000000f7080000)
 concurrent mark-sweep generation total 134144K, used 57372K [0x00000000f7d00000, 0x0000000100000000, 0x0000000100000000)
 Metaspace       used 65129K, capacity 69770K, committed 69888K, reserved 1110016K
  class space    used 8392K, capacity 9186K, committed 9216K, reserved 1048576K
2022-09-12T02:09:19.208+0800: 533.985: [GC (Allocation Failure)  161315K->58798K(249344K), 0.0044632 secs]
Heap after GC invocations=1254 (full 0):
 par new generation   total 115200K, used 1405K [0x00000000f0000000, 0x00000000f7d00000, 0x00000000f7d00000)
  eden space 102400K,   0% used [0x00000000f0000000, 0x00000000f0000000, 0x00000000f6400000)
  from space 12800K,  10% used [0x00000000f6400000, 0x00000000f655f420, 0x00000000f7080000)
  to   space 12800K,   0% used [0x00000000f7080000, 0x00000000f7080000, 0x00000000f7d00000)
 concurrent mark-sweep generation total 134144K, used 57393K [0x00000000f7d00000, 0x0000000100000000, 0x0000000100000000)
 Metaspace       used 65129K, capacity 69770K, committed 69888K, reserved 1110016K
  class space    used 8392K, capacity 9186K, committed 9216K, reserved 1048576K
}
{Heap before GC invocations=1254 (full 0):
 par new generation   total 115200K, used 103805K [0x00000000f0000000, 0x00000000f7d00000, 0x00000000f7d00000)
  eden space 102400K, 100% used [0x00000000f0000000, 0x00000000f6400000, 0x00000000f6400000)
  from space 12800K,  10% used [0x00000000f6400000, 0x00000000f655f420, 0x00000000f7080000)
  to   space 12800K,   0% used [0x00000000f7080000, 0x00000000f7080000, 0x00000000f7d00000)
 concurrent mark-sweep generation total 134144K, used 57393K [0x00000000f7d00000, 0x0000000100000000, 0x0000000100000000)
 Metaspace       used 65129K, capacity 69770K, committed 69888K, reserved 1110016K
  class space    used 8392K, capacity 9186K, committed 9216K, reserved 1048576K
2022-09-12T02:09:19.556+0800: 534.333: [GC (Allocation Failure)  161198K->59068K(249344K), 0.0040167 secs]
Heap after GC invocations=1255 (full 0):
 par new generation   total 115200K, used 1661K [0x00000000f0000000, 0x00000000f7d00000, 0x00000000f7d00000)
  eden space 102400K,   0% used [0x00000000f0000000, 0x00000000f0000000, 0x00000000f6400000)
  from space 12800K,  12% used [0x00000000f7080000, 0x00000000f721f680, 0x00000000f7d00000)
  to   space 12800K,   0% used [0x00000000f6400000, 0x00000000f6400000, 0x00000000f7080000)
 concurrent mark-sweep generation total 134144K, used 57407K [0x00000000f7d00000, 0x0000000100000000, 0x0000000100000000)
 Metaspace       used 65129K, capacity 69770K, committed 69888K, reserved 1110016K
  class space    used 8392K, capacity 9186K, committed 9216K, reserved 1048576K
}
{Heap before GC invocations=1255 (full 0):
 par new generation   total 115200K, used 104061K [0x00000000f0000000, 0x00000000f7d00000, 0x00000000f7d00000)
  eden space 102400K, 100% used [0x00000000f0000000, 0x00000000f6400000, 0x00000000f6400000)
  from space 12800K,  12% used [0x00000000f7080000, 0x00000000f721f680, 0x00000000f7d00000)
  to   space 12800K,   0% used [0x00000000f6400000, 0x00000000f6400000, 0x00000000f7080000)
 concurrent mark-sweep generation total 134144K, used 57407K [0x00000000f7d00000, 0x0000000100000000, 0x0000000100000000)
 Metaspace       used 65129K, capacity 69770K, committed 69888K, reserved 1110016K
  class space    used 8392K, capacity 9186K, committed 9216K, reserved 1048576K
2022-09-12T02:09:19.904+0800: 534.682: [GC (Allocation Failure)  161468K->58610K(249344K), 0.0042180 secs]
Heap after GC invocations=1256 (full 0):
 par new generation   total 115200K, used 1191K [0x00000000f0000000, 0x00000000f7d00000, 0x00000000f7d00000)
  eden space 102400K,   0% used [0x00000000f0000000, 0x00000000f0000000, 0x00000000f6400000)
  from space 12800K,   9% used [0x00000000f6400000, 0x00000000f6529fc0, 0x00000000f7080000)
  to   space 12800K,   0% used [0x00000000f7080000, 0x00000000f7080000, 0x00000000f7d00000)
 concurrent mark-sweep generation total 134144K, used 57418K [0x00000000f7d00000, 0x0000000100000000, 0x0000000100000000)
 Metaspace       used 65129K, capacity 69770K, committed 69888K, reserved 1110016K
  class space    used 8392K, capacity 9186K, committed 9216K, reserved 1048576K
}
{Heap before GC invocations=1256 (full 0):
 par new generation   total 115200K, used 103591K [0x00000000f0000000, 0x00000000f7d00000, 0x00000000f7d00000)
  eden space 102400K, 100% used [0x00000000f0000000, 0x00000000f6400000, 0x00000000f6400000)
  from space 12800K,   9% used [0x00000000f6400000, 0x00000000f6529fc0, 0x00000000f7080000)
  to   space 12800K,   0% used [0x00000000f7080000, 0x00000000f7080000, 0x00000000f7d00000)
 concurrent mark-sweep generation total 134144K, used 57418K [0x00000000f7d00000, 0x0000000100000000, 0x0000000100000000)
 Metaspace       used 65129K, capacity 69770K, committed 69888K, reserved 1110016K
  class space    used 8392K, capacity 9186K, committed 9216K, reserved 1048576K
2022-09-12T02:09:20.256+0800: 535.033: [GC (Allocation Failure)  161010K->58971K(249344K), 0.0041386 secs]
Heap after GC invocations=1257 (full 0):
 par new generation   total 115200K, used 1536K [0x00000000f0000000, 0x00000000f7d00000, 0x00000000f7d00000)
  eden space 102400K,   0% used [0x00000000f0000000, 0x00000000f0000000, 0x00000000f6400000)
  from space 12800K,  12% used [0x00000000f7080000, 0x00000000f7200120, 0x00000000f7d00000)
  to   space 12800K,   0% used [0x00000000f6400000, 0x00000000f6400000, 0x00000000f7080000)
 concurrent mark-sweep generation total 134144K, used 57435K [0x00000000f7d00000, 0x0000000100000000, 0x0000000100000000)
 Metaspace       used 65129K, capacity 69770K, committed 69888K, reserved 1110016K
  class space    used 8392K, capacity 9186K, committed 9216K, reserved 1048576K
}
{Heap before GC invocations=1257 (full 0):
 par new generation   total 115200K, used 103936K [0x00000000f0000000, 0x00000000f7d00000, 0x00000000f7d00000)
  eden space 102400K, 100% used [0x00000000f0000000, 0x00000000f6400000, 0x00000000f6400000)
  from space 12800K,  12% used [0x00000000f7080000, 0x00000000f7200120, 0x00000000f7d00000)
  to   space 12800K,   0% used [0x00000000f6400000, 0x00000000f6400000, 0x00000000f7080000)
 concurrent mark-sweep generation total 134144K, used 57435K [0x00000000f7d00000, 0x0000000100000000, 0x0000000100000000)
 Metaspace       used 65129K, capacity 69770K, committed 69888K, reserved 1110016K
  class space    used 8392K, capacity 9186K, committed 9216K, reserved 1048576K
2022-09-12T02:09:20.610+0800: 535.387: [GC (Allocation Failure)  161371K->59091K(249344K), 0.0041427 secs]
Heap after GC invocations=1258 (full 0):
 par new generation   total 115200K, used 1647K [0x00000000f0000000, 0x00000000f7d00000, 0x00000000f7d00000)
  eden space 102400K,   0% used [0x00000000f0000000, 0x00000000f0000000, 0x00000000f6400000)
  from space 12800K,  12% used [0x00000000f6400000, 0x00000000f659bcc0, 0x00000000f7080000)
  to   space 12800K,   0% used [0x00000000f7080000, 0x00000000f7080000, 0x00000000f7d00000)
 concurrent mark-sweep generation total 134144K, used 57444K [0x00000000f7d00000, 0x0000000100000000, 0x0000000100000000)
 Metaspace       used 65129K, capacity 69770K, committed 69888K, reserved 1110016K
  class space    used 8392K, capacity 9186K, committed 9216K, reserved 1048576K
}
{Heap before GC invocations=1258 (full 0):
 par new generation   total 115200K, used 104047K [0x00000000f0000000, 0x00000000f7d00000, 0x00000000f7d00000)
  eden space 102400K, 100% used [0x00000000f0000000, 0x00000000f6400000, 0x00000000f6400000)
  from space 12800K,  12% used [0x00000000f6400000, 0x00000000f659bcc0, 0x00000000f7080000)
  to   space 12800K,   0% used [0x00000000f7080000, 0x00000000f7080000, 0x00000000f7d00000)
 concurrent mark-sweep generation total 134144K, used 57444K [0x00000000f7d00000, 0x0000000100000000, 0x0000000100000000)
 Metaspace       used 65129K, capacity 69770K, committed 69888K, reserved 1110016K
  class space    used 8392K, capacity 9186K, committed 9216K, reserved 1048576K
2022-09-12T02:09:20.958+0800: 535.736: [GC (Allocation Failure)  161491K->58801K(249344K), 0.0040028 secs]
Heap after GC invocations=1259 (full 0):
 par new generation   total 115200K, used 1345K [0x00000000f0000000, 0x00000000f7d00000, 0x00000000f7d00000)
  eden space 102400K,   0% used [0x00000000f0000000, 0x00000000f0000000, 0x00000000f6400000)
  from space 12800K,  10% used [0x00000000f7080000, 0x00000000f71d05b8, 0x00000000f7d00000)
  to   space 12800K,   0% used [0x00000000f6400000, 0x00000000f6400000, 0x00000000f7080000)
 concurrent mark-sweep generation total 134144K, used 57455K [0x00000000f7d00000, 0x0000000100000000, 0x0000000100000000)
 Metaspace       used 65129K, capacity 69770K, committed 69888K, reserved 1110016K
  class space    used 8392K, capacity 9186K, committed 9216K, reserved 1048576K
}
{Heap before GC invocations=1259 (full 0):
 par new generation   total 115200K, used 103745K [0x00000000f0000000, 0x00000000f7d00000, 0x00000000f7d00000)
  eden space 102400K, 100% used [0x00000000f0000000, 0x00000000f6400000, 0x00000000f6400000)
  from space 12800K,  10% used [0x00000000f7080000, 0x00000000f71d05b8, 0x00000000f7d00000)
  to   space 12800K,   0% used [0x00000000f6400000, 0x00000000f6400000, 0x00000000f7080000)
 concurrent mark-sweep generation total 134144K, used 57455K [0x00000000f7d00000, 0x0000000100000000, 0x0000000100000000)
 Metaspace       used 65129K, capacity 69770K, committed 69888K, reserved 1110016K
  class space    used 8392K, capacity 9186K, committed 9216K, reserved 1048576K
2022-09-12T02:09:21.306+0800: 536.083: [GC (Allocation Failure)  161201K->58998K(249344K), 0.0042041 secs]
Heap after GC invocations=1260 (full 0):
 par new generation   total 115200K, used 1521K [0x00000000f0000000, 0x00000000f7d00000, 0x00000000f7d00000)
  eden space 102400K,   0% used [0x00000000f0000000, 0x00000000f0000000, 0x00000000f6400000)
  from space 12800K,  11% used [0x00000000f6400000, 0x00000000f657c648, 0x00000000f7080000)
  to   space 12800K,   0% used [0x00000000f7080000, 0x00000000f7080000, 0x00000000f7d00000)
 concurrent mark-sweep generation total 134144K, used 57477K [0x00000000f7d00000, 0x0000000100000000, 0x0000000100000000)
 Metaspace       used 65129K, capacity 69770K, committed 69888K, reserved 1110016K
  class space    used 8392K, capacity 9186K, committed 9216K, reserved 1048576K
}
{Heap before GC invocations=1260 (full 0):
 par new generation   total 115200K, used 103921K [0x00000000f0000000, 0x00000000f7d00000, 0x00000000f7d00000)
  eden space 102400K, 100% used [0x00000000f0000000, 0x00000000f6400000, 0x00000000f6400000)
  from space 12800K,  11% used [0x00000000f6400000, 0x00000000f657c648, 0x00000000f7080000)
  to   space 12800K,   0% used [0x00000000f7080000, 0x00000000f7080000, 0x00000000f7d00000)
 concurrent mark-sweep generation total 134144K, used 57477K [0x00000000f7d00000, 0x0000000100000000, 0x0000000100000000)
 Metaspace       used 65129K, capacity 69770K, committed 69888K, reserved 1110016K
  class space    used 8392K, capacity 9186K, committed 9216K, reserved 1048576K
2022-09-12T02:09:21.654+0800: 536.431: [GC (Allocation Failure)  161398K->59148K(249344K), 0.0040705 secs]
Heap after GC invocations=1261 (full 0):
 par new generation   total 115200K, used 1646K [0x00000000f0000000, 0x00000000f7d00000, 0x00000000f7d00000)
  eden space 102400K,   0% used [0x00000000f0000000, 0x00000000f0000000, 0x00000000f6400000)
  from space 12800K,  12% used [0x00000000f7080000, 0x00000000f721b860, 0x00000000f7d00000)
  to   space 12800K,   0% used [0x00000000f6400000, 0x00000000f6400000, 0x00000000f7080000)
 concurrent mark-sweep generation total 134144K, used 57502K [0x00000000f7d00000, 0x0000000100000000, 0x0000000100000000)
 Metaspace       used 65129K, capacity 69770K, committed 69888K, reserved 1110016K
  class space    used 8392K, capacity 9186K, committed 9216K, reserved 1048576K
}
{Heap before GC invocations=1261 (full 0):
 par new generation   total 115200K, used 104046K [0x00000000f0000000, 0x00000000f7d00000, 0x00000000f7d00000)
  eden space 102400K, 100% used [0x00000000f0000000, 0x00000000f6400000, 0x00000000f6400000)
  from space 12800K,  12% used [0x00000000f7080000, 0x00000000f721b860, 0x00000000f7d00000)
  to   space 12800K,   0% used [0x00000000f6400000, 0x00000000f6400000, 0x00000000f7080000)
 concurrent mark-sweep generation total 134144K, used 57502K [0x00000000f7d00000, 0x0000000100000000, 0x0000000100000000)
 Metaspace       used 65129K, capacity 69770K, committed 69888K, reserved 1110016K
  class space    used 8392K, capacity 9186K, committed 9216K, reserved 1048576K
2022-09-12T02:09:22.002+0800: 536.779: [GC (Allocation Failure)  161548K->58699K(249344K), 0.0041471 secs]
Heap after GC invocations=1262 (full 0):
 par new generation   total 115200K, used 1176K [0x00000000f0000000, 0x00000000f7d00000, 0x00000000f7d00000)
  eden space 102400K,   0% used [0x00000000f0000000, 0x00000000f0000000, 0x00000000f6400000)
  from space 12800K,   9% used [0x00000000f6400000, 0x00000000f6526380, 0x00000000f7080000)
  to   space 12800K,   0% used [0x00000000f7080000, 0x00000000f7080000, 0x00000000f7d00000)
 concurrent mark-sweep generation total 134144K, used 57522K [0x00000000f7d00000, 0x0000000100000000, 0x0000000100000000)
 Metaspace       used 65129K, capacity 69770K, committed 69888K, reserved 1110016K
  class space    used 8392K, capacity 9186K, committed 9216K, reserved 1048576K
}
{Heap before GC invocations=1262 (full 0):
 par new generation   total 115200K, used 103576K [0x00000000f0000000, 0x00000000f7d00000, 0x00000000f7d00000)
  eden space 102400K, 100% used [0x00000000f0000000, 0x00000000f6400000, 0x00000000f6400000)
  from space 12800K,   9% used [0x00000000f6400000, 0x00000000f6526380, 0x00000000f7080000)
  to   space 12800K,   0% used [0x00000000f7080000, 0x00000000f7080000, 0x00000000f7d00000)
 concurrent mark-sweep generation total 134144K, used 57522K [0x00000000f7d00000, 0x0000000100000000, 0x0000000100000000)
 Metaspace       used 65129K, capacity 69770K, committed 69888K, reserved 1110016K
  class space    used 8392K, capacity 9186K, committed 9216K, reserved 1048576K
2022-09-12T02:09:22.350+0800: 537.127: [GC (Allocation Failure)  161099K->59038K(249344K), 0.0041396 secs]
Heap after GC invocations=1263 (full 0):
 par new generation   total 115200K, used 1501K [0x00000000f0000000, 0x00000000f7d00000, 0x00000000f7d00000)
  eden space 102400K,   0% used [0x00000000f0000000, 0x00000000f0000000, 0x00000000f6400000)
  from space 12800K,  11% used [0x00000000f7080000, 0x00000000f71f74b0, 0x00000000f7d00000)
  to   space 12800K,   0% used [0x00000000f6400000, 0x00000000f6400000, 0x00000000f7080000)
 concurrent mark-sweep generation total 134144K, used 57537K [0x00000000f7d00000, 0x0000000100000000, 0x0000000100000000)
 Metaspace       used 65129K, capacity 69770K, committed 69888K, reserved 1110016K
  class space    used 8392K, capacity 9186K, committed 9216K, reserved 1048576K
}
{Heap before GC invocations=1263 (full 0):
 par new generation   total 115200K, used 103901K [0x00000000f0000000, 0x00000000f7d00000, 0x00000000f7d00000)
  eden space 102400K, 100% used [0x00000000f0000000, 0x00000000f6400000, 0x00000000f6400000)
  from space 12800K,  11% used [0x00000000f7080000, 0x00000000f71f74b0, 0x00000000f7d00000)
  to   space 12800K,   0% used [0x00000000f6400000, 0x00000000f6400000, 0x00000000f7080000)
 concurrent mark-sweep generation total 134144K, used 57537K [0x00000000f7d00000, 0x0000000100000000, 0x0000000100000000)
 Metaspace       used 65129K, capacity 69770K, committed 69888K, reserved 1110016K
  class space    used 8392K, capacity 9186K, committed 9216K, reserved 1048576K
2022-09-12T02:09:22.699+0800: 537.476: [GC (Allocation Failure)  161438K->59195K(249344K), 0.0040073 secs]
Heap after GC invocations=1264 (full 0):
 par new generation   total 115200K, used 1645K [0x00000000f0000000, 0x00000000f7d00000, 0x00000000f7d00000)
  eden space 102400K,   0% used [0x00000000f0000000, 0x00000000f0000000, 0x00000000f6400000)
  from space 12800K,  12% used [0x00000000f6400000, 0x00000000f659b550, 0x00000000f7080000)
  to   space 12800K,   0% used [0x00000000f7080000, 0x00000000f7080000, 0x00000000f7d00000)
 concurrent mark-sweep generation total 134144K, used 57550K [0x00000000f7d00000, 0x0000000100000000, 0x0000000100000000)
 Metaspace       used 65129K, capacity 69770K, committed 69888K, reserved 1110016K
  class space    used 8392K, capacity 9186K, committed 9216K, reserved 1048576K
}
{Heap before GC invocations=1264 (full 0):
 par new generation   total 115200K, used 104045K [0x00000000f0000000, 0x00000000f7d00000, 0x00000000f7d00000)
  eden space 102400K, 100% used [0x00000000f0000000, 0x00000000f6400000, 0x00000000f6400000)
  from space 12800K,  12% used [0x00000000f6400000, 0x00000000f659b550, 0x00000000f7080000)
  to   space 12800K,   0% used [0x00000000f7080000, 0x00000000f7080000, 0x00000000f7d00000)
 concurrent mark-sweep generation total 134144K, used 57550K [0x00000000f7d00000, 0x0000000100000000, 0x0000000100000000)
 Metaspace       used 65129K, capacity 69770K, committed 69888K, reserved 1110016K
  class space    used 8392K, capacity 9186K, committed 9216K, reserved 1048576K
2022-09-12T02:09:23.050+0800: 537.827: [GC (Allocation Failure)  161595K->58618K(249344K), 0.0039831 secs]
Heap after GC invocations=1265 (full 0):
 par new generation   total 115200K, used 1055K [0x00000000f0000000, 0x00000000f7d00000, 0x00000000f7d00000)
  eden space 102400K,   0% used [0x00000000f0000000, 0x00000000f0000000, 0x00000000f6400000)
  from space 12800K,   8% used [0x00000000f7080000, 0x00000000f7187d00, 0x00000000f7d00000)
  to   space 12800K,   0% used [0x00000000f6400000, 0x00000000f6400000, 0x00000000f7080000)
 concurrent mark-sweep generation total 134144K, used 57562K [0x00000000f7d00000, 0x0000000100000000, 0x0000000100000000)
 Metaspace       used 65129K, capacity 69770K, committed 69888K, reserved 1110016K
  class space    used 8392K, capacity 9186K, committed 9216K, reserved 1048576K
}
{Heap before GC invocations=1265 (full 0):
 par new generation   total 115200K, used 103455K [0x00000000f0000000, 0x00000000f7d00000, 0x00000000f7d00000)
  eden space 102400K, 100% used [0x00000000f0000000, 0x00000000f6400000, 0x00000000f6400000)
  from space 12800K,   8% used [0x00000000f7080000, 0x00000000f7187d00, 0x00000000f7d00000)
  to   space 12800K,   0% used [0x00000000f6400000, 0x00000000f6400000, 0x00000000f7080000)
 concurrent mark-sweep generation total 134144K, used 57562K [0x00000000f7d00000, 0x0000000100000000, 0x0000000100000000)
 Metaspace       used 65129K, capacity 69770K, committed 69888K, reserved 1110016K
  class space    used 8392K, capacity 9186K, committed 9216K, reserved 1048576K
2022-09-12T02:09:23.403+0800: 538.180: [GC (Allocation Failure)  161018K->58429K(249344K), 0.0033528 secs]
Heap after GC invocations=1266 (full 0):
 par new generation   total 115200K, used 858K [0x00000000f0000000, 0x00000000f7d00000, 0x00000000f7d00000)
  eden space 102400K,   0% used [0x00000000f0000000, 0x00000000f0000000, 0x00000000f6400000)
  from space 12800K,   6% used [0x00000000f6400000, 0x00000000f64d6840, 0x00000000f7080000)
  to   space 12800K,   0% used [0x00000000f7080000, 0x00000000f7080000, 0x00000000f7d00000)
 concurrent mark-sweep generation total 134144K, used 57571K [0x00000000f7d00000, 0x0000000100000000, 0x0000000100000000)
 Metaspace       used 65129K, capacity 69770K, committed 69888K, reserved 1110016K
  class space    used 8392K, capacity 9186K, committed 9216K, reserved 1048576K
}
{Heap before GC invocations=1266 (full 0):
 par new generation   total 115200K, used 103258K [0x00000000f0000000, 0x00000000f7d00000, 0x00000000f7d00000)
  eden space 102400K, 100% used [0x00000000f0000000, 0x00000000f6400000, 0x00000000f6400000)
  from space 12800K,   6% used [0x00000000f6400000, 0x00000000f64d6840, 0x00000000f7080000)
  to   space 12800K,   0% used [0x00000000f7080000, 0x00000000f7080000, 0x00000000f7d00000)
 concurrent mark-sweep generation total 134144K, used 57571K [0x00000000f7d00000, 0x0000000100000000, 0x0000000100000000)
 Metaspace       used 65129K, capacity 69770K, committed 69888K, reserved 1110016K
  class space    used 8392K, capacity 9186K, committed 9216K, reserved 1048576K
2022-09-12T02:09:23.754+0800: 538.531: [GC (Allocation Failure)  160829K->58692K(249344K), 0.0040046 secs]
Heap after GC invocations=1267 (full 0):
 par new generation   total 115200K, used 1108K [0x00000000f0000000, 0x00000000f7d00000, 0x00000000f7d00000)
  eden space 102400K,   0% used [0x00000000f0000000, 0x00000000f0000000, 0x00000000f6400000)
  from space 12800K,   8% used [0x00000000f7080000, 0x00000000f7195100, 0x00000000f7d00000)
  to   space 12800K,   0% used [0x00000000f6400000, 0x00000000f6400000, 0x00000000f7080000)
 concurrent mark-sweep generation total 134144K, used 57584K [0x00000000f7d00000, 0x0000000100000000, 0x0000000100000000)
 Metaspace       used 65129K, capacity 69770K, committed 69888K, reserved 1110016K
  class space    used 8392K, capacity 9186K, committed 9216K, reserved 1048576K
}
{Heap before GC invocations=1267 (full 0):
 par new generation   total 115200K, used 103508K [0x00000000f0000000, 0x00000000f7d00000, 0x00000000f7d00000)
  eden space 102400K, 100% used [0x00000000f0000000, 0x00000000f6400000, 0x00000000f6400000)
  from space 12800K,   8% used [0x00000000f7080000, 0x00000000f7195100, 0x00000000f7d00000)
  to   space 12800K,   0% used [0x00000000f6400000, 0x00000000f6400000, 0x00000000f7080000)
 concurrent mark-sweep generation total 134144K, used 57584K [0x00000000f7d00000, 0x0000000100000000, 0x0000000100000000)
 Metaspace       used 65129K, capacity 69770K, committed 69888K, reserved 1110016K
  class space    used 8392K, capacity 9186K, committed 9216K, reserved 1048576K
2022-09-12T02:09:24.101+0800: 538.879: [GC (Allocation Failure)  161092K->59071K(249344K), 0.0040880 secs]
Heap after GC invocations=1268 (full 0):
 par new generation   total 115200K, used 1464K [0x00000000f0000000, 0x00000000f7d00000, 0x00000000f7d00000)
  eden space 102400K,   0% used [0x00000000f0000000, 0x00000000f0000000, 0x00000000f6400000)
  from space 12800K,  11% used [0x00000000f6400000, 0x00000000f656e060, 0x00000000f7080000)
  to   space 12800K,   0% used [0x00000000f7080000, 0x00000000f7080000, 0x00000000f7d00000)
 concurrent mark-sweep generation total 134144K, used 57607K [0x00000000f7d00000, 0x0000000100000000, 0x0000000100000000)
 Metaspace       used 65129K, capacity 69770K, committed 69888K, reserved 1110016K
  class space    used 8392K, capacity 9186K, committed 9216K, reserved 1048576K
}
{Heap before GC invocations=1268 (full 0):
 par new generation   total 115200K, used 103864K [0x00000000f0000000, 0x00000000f7d00000, 0x00000000f7d00000)
  eden space 102400K, 100% used [0x00000000f0000000, 0x00000000f6400000, 0x00000000f6400000)
  from space 12800K,  11% used [0x00000000f6400000, 0x00000000f656e060, 0x00000000f7080000)
  to   space 12800K,   0% used [0x00000000f7080000, 0x00000000f7080000, 0x00000000f7d00000)
 concurrent mark-sweep generation total 134144K, used 57607K [0x00000000f7d00000, 0x0000000100000000, 0x0000000100000000)
 Metaspace       used 65129K, capacity 69770K, committed 69888K, reserved 1110016K
  class space    used 8392K, capacity 9186K, committed 9216K, reserved 1048576K
2022-09-12T02:09:24.450+0800: 539.227: [GC (Allocation Failure)  161471K->59249K(249344K), 0.0040678 secs]
Heap after GC invocations=1269 (full 0):
 par new generation   total 115200K, used 1616K [0x00000000f0000000, 0x00000000f7d00000, 0x00000000f7d00000)
  eden space 102400K,   0% used [0x00000000f0000000, 0x00000000f0000000, 0x00000000f6400000)
  from space 12800K,  12% used [0x00000000f7080000, 0x00000000f7214048, 0x00000000f7d00000)
  to   space 12800K,   0% used [0x00000000f6400000, 0x00000000f6400000, 0x00000000f7080000)
 concurrent mark-sweep generation total 134144K, used 57633K [0x00000000f7d00000, 0x0000000100000000, 0x0000000100000000)
 Metaspace       used 65129K, capacity 69770K, committed 69888K, reserved 1110016K
  class space    used 8392K, capacity 9186K, committed 9216K, reserved 1048576K
}
{Heap before GC invocations=1269 (full 0):
 par new generation   total 115200K, used 104016K [0x00000000f0000000, 0x00000000f7d00000, 0x00000000f7d00000)
  eden space 102400K, 100% used [0x00000000f0000000, 0x00000000f6400000, 0x00000000f6400000)
  from space 12800K,  12% used [0x00000000f7080000, 0x00000000f7214048, 0x00000000f7d00000)
  to   space 12800K,   0% used [0x00000000f6400000, 0x00000000f6400000, 0x00000000f7080000)
 concurrent mark-sweep generation total 134144K, used 57633K [0x00000000f7d00000, 0x0000000100000000, 0x0000000100000000)
 Metaspace       used 65129K, capacity 69770K, committed 69888K, reserved 1110016K
  class space    used 8392K, capacity 9186K, committed 9216K, reserved 1048576K
2022-09-12T02:09:24.800+0800: 539.578: [GC (Allocation Failure)  161649K->58679K(249344K), 0.0039881 secs]
Heap after GC invocations=1270 (full 0):
 par new generation   total 115200K, used 1028K [0x00000000f0000000, 0x00000000f7d00000, 0x00000000f7d00000)
  eden space 102400K,   0% used [0x00000000f0000000, 0x00000000f0000000, 0x00000000f6400000)
  from space 12800K,   8% used [0x00000000f6400000, 0x00000000f6501128, 0x00000000f7080000)
  to   space 12800K,   0% used [0x00000000f7080000, 0x00000000f7080000, 0x00000000f7d00000)
 concurrent mark-sweep generation total 134144K, used 57651K [0x00000000f7d00000, 0x0000000100000000, 0x0000000100000000)
 Metaspace       used 65129K, capacity 69770K, committed 69888K, reserved 1110016K
  class space    used 8392K, capacity 9186K, committed 9216K, reserved 1048576K
}
{Heap before GC invocations=1270 (full 0):
 par new generation   total 115200K, used 103428K [0x00000000f0000000, 0x00000000f7d00000, 0x00000000f7d00000)
  eden space 102400K, 100% used [0x00000000f0000000, 0x00000000f6400000, 0x00000000f6400000)
  from space 12800K,   8% used [0x00000000f6400000, 0x00000000f6501128, 0x00000000f7080000)
  to   space 12800K,   0% used [0x00000000f7080000, 0x00000000f7080000, 0x00000000f7d00000)
 concurrent mark-sweep generation total 134144K, used 57651K [0x00000000f7d00000, 0x0000000100000000, 0x0000000100000000)
 Metaspace       used 65129K, capacity 69770K, committed 69888K, reserved 1110016K
  class space    used 8392K, capacity 9186K, committed 9216K, reserved 1048576K
2022-09-12T02:09:25.148+0800: 539.926: [GC (Allocation Failure)  161079K->59152K(249344K), 0.0040506 secs]
Heap after GC invocations=1271 (full 0):
 par new generation   total 115200K, used 1487K [0x00000000f0000000, 0x00000000f7d00000, 0x00000000f7d00000)
  eden space 102400K,   0% used [0x00000000f0000000, 0x00000000f0000000, 0x00000000f6400000)
  from space 12800K,  11% used [0x00000000f7080000, 0x00000000f71f3e00, 0x00000000f7d00000)
  to   space 12800K,   0% used [0x00000000f6400000, 0x00000000f6400000, 0x00000000f7080000)
 concurrent mark-sweep generation total 134144K, used 57665K [0x00000000f7d00000, 0x0000000100000000, 0x0000000100000000)
 Metaspace       used 65129K, capacity 69770K, committed 69888K, reserved 1110016K
  class space    used 8392K, capacity 9186K, committed 9216K, reserved 1048576K
}
{Heap before GC invocations=1271 (full 0):
 par new generation   total 115200K, used 103887K [0x00000000f0000000, 0x00000000f7d00000, 0x00000000f7d00000)
  eden space 102400K, 100% used [0x00000000f0000000, 0x00000000f6400000, 0x00000000f6400000)
  from space 12800K,  11% used [0x00000000f7080000, 0x00000000f71f3e00, 0x00000000f7d00000)
  to   space 12800K,   0% used [0x00000000f6400000, 0x00000000f6400000, 0x00000000f7080000)
 concurrent mark-sweep generation total 134144K, used 57665K [0x00000000f7d00000, 0x0000000100000000, 0x0000000100000000)
 Metaspace       used 65129K, capacity 69770K, committed 69888K, reserved 1110016K
  class space    used 8392K, capacity 9186K, committed 9216K, reserved 1048576K
2022-09-12T02:09:25.496+0800: 540.274: [GC (Allocation Failure)  161552K->59331K(249344K), 0.0040654 secs]
Heap after GC invocations=1272 (full 0):
 par new generation   total 115200K, used 1655K [0x00000000f0000000, 0x00000000f7d00000, 0x00000000f7d00000)
  eden space 102400K,   0% used [0x00000000f0000000, 0x00000000f0000000, 0x00000000f6400000)
  from space 12800K,  12% used [0x00000000f6400000, 0x00000000f659dfc0, 0x00000000f7080000)
  to   space 12800K,   0% used [0x00000000f7080000, 0x00000000f7080000, 0x00000000f7d00000)
 concurrent mark-sweep generation total 134144K, used 57675K [0x00000000f7d00000, 0x0000000100000000, 0x0000000100000000)
 Metaspace       used 65129K, capacity 69770K, committed 69888K, reserved 1110016K
  class space    used 8392K, capacity 9186K, committed 9216K, reserved 1048576K
}
{Heap before GC invocations=1272 (full 0):
 par new generation   total 115200K, used 104055K [0x00000000f0000000, 0x00000000f7d00000, 0x00000000f7d00000)
  eden space 102400K, 100% used [0x00000000f0000000, 0x00000000f6400000, 0x00000000f6400000)
  from space 12800K,  12% used [0x00000000f6400000, 0x00000000f659dfc0, 0x00000000f7080000)
  to   space 12800K,   0% used [0x00000000f7080000, 0x00000000f7080000, 0x00000000f7d00000)
 concurrent mark-sweep generation total 134144K, used 57675K [0x00000000f7d00000, 0x0000000100000000, 0x0000000100000000)
 Metaspace       used 65129K, capacity 69770K, committed 69888K, reserved 1110016K
  class space    used 8392K, capacity 9186K, committed 9216K, reserved 1048576K
2022-09-12T02:09:25.845+0800: 540.623: [GC (Allocation Failure)  161731K->58899K(249344K), 0.0040093 secs]
Heap after GC invocations=1273 (full 0):
 par new generation   total 115200K, used 1206K [0x00000000f0000000, 0x00000000f7d00000, 0x00000000f7d00000)
  eden space 102400K,   0% used [0x00000000f0000000, 0x00000000f0000000, 0x00000000f6400000)
  from space 12800K,   9% used [0x00000000f7080000, 0x00000000f71ada80, 0x00000000f7d00000)
  to   space 12800K,   0% used [0x00000000f6400000, 0x00000000f6400000, 0x00000000f7080000)
 concurrent mark-sweep generation total 134144K, used 57693K [0x00000000f7d00000, 0x0000000100000000, 0x0000000100000000)
 Metaspace       used 65129K, capacity 69770K, committed 69888K, reserved 1110016K
  class space    used 8392K, capacity 9186K, committed 9216K, reserved 1048576K
}
{Heap before GC invocations=1273 (full 0):
 par new generation   total 115200K, used 103606K [0x00000000f0000000, 0x00000000f7d00000, 0x00000000f7d00000)
  eden space 102400K, 100% used [0x00000000f0000000, 0x00000000f6400000, 0x00000000f6400000)
  from space 12800K,   9% used [0x00000000f7080000, 0x00000000f71ada80, 0x00000000f7d00000)
  to   space 12800K,   0% used [0x00000000f6400000, 0x00000000f6400000, 0x00000000f7080000)
 concurrent mark-sweep generation total 134144K, used 57693K [0x00000000f7d00000, 0x0000000100000000, 0x0000000100000000)
 Metaspace       used 65129K, capacity 69770K, committed 69888K, reserved 1110016K
  class space    used 8392K, capacity 9186K, committed 9216K, reserved 1048576K
2022-09-12T02:09:26.194+0800: 540.971: [GC (Allocation Failure)  161299K->59229K(249344K), 0.0040976 secs]
Heap after GC invocations=1274 (full 0):
 par new generation   total 115200K, used 1527K [0x00000000f0000000, 0x00000000f7d00000, 0x00000000f7d00000)
  eden space 102400K,   0% used [0x00000000f0000000, 0x00000000f0000000, 0x00000000f6400000)
  from space 12800K,  11% used [0x00000000f6400000, 0x00000000f657de90, 0x00000000f7080000)
  to   space 12800K,   0% used [0x00000000f7080000, 0x00000000f7080000, 0x00000000f7d00000)
 concurrent mark-sweep generation total 134144K, used 57702K [0x00000000f7d00000, 0x0000000100000000, 0x0000000100000000)
 Metaspace       used 65129K, capacity 69770K, committed 69888K, reserved 1110016K
  class space    used 8392K, capacity 9186K, committed 9216K, reserved 1048576K
}
{Heap before GC invocations=1274 (full 0):
 par new generation   total 115200K, used 103927K [0x00000000f0000000, 0x00000000f7d00000, 0x00000000f7d00000)
  eden space 102400K, 100% used [0x00000000f0000000, 0x00000000f6400000, 0x00000000f6400000)
  from space 12800K,  11% used [0x00000000f6400000, 0x00000000f657de90, 0x00000000f7080000)
  to   space 12800K,   0% used [0x00000000f7080000, 0x00000000f7080000, 0x00000000f7d00000)
 concurrent mark-sweep generation total 134144K, used 57702K [0x00000000f7d00000, 0x0000000100000000, 0x0000000100000000)
 Metaspace       used 65130K, capacity 69770K, committed 69888K, reserved 1110016K
  class space    used 8392K, capacity 9186K, committed 9216K, reserved 1048576K
2022-09-12T02:09:26.550+0800: 541.328: [GC (Allocation Failure)  161629K->59143K(249344K), 0.0041902 secs]
Heap after GC invocations=1275 (full 0):
 par new generation   total 115200K, used 1426K [0x00000000f0000000, 0x00000000f7d00000, 0x00000000f7d00000)
  eden space 102400K,   0% used [0x00000000f0000000, 0x00000000f0000000, 0x00000000f6400000)
  from space 12800K,  11% used [0x00000000f7080000, 0x00000000f71e4a60, 0x00000000f7d00000)
  to   space 12800K,   0% used [0x00000000f6400000, 0x00000000f6400000, 0x00000000f7080000)
 concurrent mark-sweep generation total 134144K, used 57717K [0x00000000f7d00000, 0x0000000100000000, 0x0000000100000000)
 Metaspace       used 65130K, capacity 69770K, committed 69888K, reserved 1110016K
  class space    used 8392K, capacity 9186K, committed 9216K, reserved 1048576K
}
{Heap before GC invocations=1275 (full 0):
 par new generation   total 115200K, used 103826K [0x00000000f0000000, 0x00000000f7d00000, 0x00000000f7d00000)
  eden space 102400K, 100% used [0x00000000f0000000, 0x00000000f6400000, 0x00000000f6400000)
  from space 12800K,  11% used [0x00000000f7080000, 0x00000000f71e4a60, 0x00000000f7d00000)
  to   space 12800K,   0% used [0x00000000f6400000, 0x00000000f6400000, 0x00000000f7080000)
 concurrent mark-sweep generation total 134144K, used 57717K [0x00000000f7d00000, 0x0000000100000000, 0x0000000100000000)
 Metaspace       used 65130K, capacity 69770K, committed 69888K, reserved 1110016K
  class space    used 8392K, capacity 9186K, committed 9216K, reserved 1048576K
2022-09-12T02:09:26.899+0800: 541.676: [GC (Allocation Failure)  161543K->59458K(249344K), 0.0040002 secs]
Heap after GC invocations=1276 (full 0):
 par new generation   total 115200K, used 1723K [0x00000000f0000000, 0x00000000f7d00000, 0x00000000f7d00000)
  eden space 102400K,   0% used [0x00000000f0000000, 0x00000000f0000000, 0x00000000f6400000)
  from space 12800K,  13% used [0x00000000f6400000, 0x00000000f65aee90, 0x00000000f7080000)
  to   space 12800K,   0% used [0x00000000f7080000, 0x00000000f7080000, 0x00000000f7d00000)
 concurrent mark-sweep generation total 134144K, used 57735K [0x00000000f7d00000, 0x0000000100000000, 0x0000000100000000)
 Metaspace       used 65130K, capacity 69770K, committed 69888K, reserved 1110016K
  class space    used 8392K, capacity 9186K, committed 9216K, reserved 1048576K
}
{Heap before GC invocations=1276 (full 0):
 par new generation   total 115200K, used 104123K [0x00000000f0000000, 0x00000000f7d00000, 0x00000000f7d00000)
  eden space 102400K, 100% used [0x00000000f0000000, 0x00000000f6400000, 0x00000000f6400000)
  from space 12800K,  13% used [0x00000000f6400000, 0x00000000f65aee90, 0x00000000f7080000)
  to   space 12800K,   0% used [0x00000000f7080000, 0x00000000f7080000, 0x00000000f7d00000)
 concurrent mark-sweep generation total 134144K, used 57735K [0x00000000f7d00000, 0x0000000100000000, 0x0000000100000000)
 Metaspace       used 65130K, capacity 69770K, committed 69888K, reserved 1110016K
  class space    used 8392K, capacity 9186K, committed 9216K, reserved 1048576K
2022-09-12T02:09:27.248+0800: 542.025: [GC (Allocation Failure)  161858K->58978K(249344K), 0.0041665 secs]
Heap after GC invocations=1277 (full 0):
 par new generation   total 115200K, used 1219K [0x00000000f0000000, 0x00000000f7d00000, 0x00000000f7d00000)
  eden space 102400K,   0% used [0x00000000f0000000, 0x00000000f0000000, 0x00000000f6400000)
  from space 12800K,   9% used [0x00000000f7080000, 0x00000000f71b0d00, 0x00000000f7d00000)
  to   space 12800K,   0% used [0x00000000f6400000, 0x00000000f6400000, 0x00000000f7080000)
 concurrent mark-sweep generation total 134144K, used 57759K [0x00000000f7d00000, 0x0000000100000000, 0x0000000100000000)
 Metaspace       used 65130K, capacity 69770K, committed 69888K, reserved 1110016K
  class space    used 8392K, capacity 9186K, committed 9216K, reserved 1048576K
}
{Heap before GC invocations=1277 (full 0):
 par new generation   total 115200K, used 103619K [0x00000000f0000000, 0x00000000f7d00000, 0x00000000f7d00000)
  eden space 102400K, 100% used [0x00000000f0000000, 0x00000000f6400000, 0x00000000f6400000)
  from space 12800K,   9% used [0x00000000f7080000, 0x00000000f71b0d00, 0x00000000f7d00000)
  to   space 12800K,   0% used [0x00000000f6400000, 0x00000000f6400000, 0x00000000f7080000)
 concurrent mark-sweep generation total 134144K, used 57759K [0x00000000f7d00000, 0x0000000100000000, 0x0000000100000000)
 Metaspace       used 65130K, capacity 69770K, committed 69888K, reserved 1110016K
  class space    used 8392K, capacity 9186K, committed 9216K, reserved 1048576K
2022-09-12T02:09:27.598+0800: 542.375: [GC (Allocation Failure)  161378K->59311K(249344K), 0.0040329 secs]
Heap after GC invocations=1278 (full 0):
 par new generation   total 115200K, used 1533K [0x00000000f0000000, 0x00000000f7d00000, 0x00000000f7d00000)
  eden space 102400K,   0% used [0x00000000f0000000, 0x00000000f0000000, 0x00000000f6400000)
  from space 12800K,  11% used [0x00000000f6400000, 0x00000000f657f7b8, 0x00000000f7080000)
  to   space 12800K,   0% used [0x00000000f7080000, 0x00000000f7080000, 0x00000000f7d00000)
 concurrent mark-sweep generation total 134144K, used 57777K [0x00000000f7d00000, 0x0000000100000000, 0x0000000100000000)
 Metaspace       used 65130K, capacity 69770K, committed 69888K, reserved 1110016K
  class space    used 8392K, capacity 9186K, committed 9216K, reserved 1048576K
}
{Heap before GC invocations=1278 (full 0):
 par new generation   total 115200K, used 103933K [0x00000000f0000000, 0x00000000f7d00000, 0x00000000f7d00000)
  eden space 102400K, 100% used [0x00000000f0000000, 0x00000000f6400000, 0x00000000f6400000)
  from space 12800K,  11% used [0x00000000f6400000, 0x00000000f657f7b8, 0x00000000f7080000)
  to   space 12800K,   0% used [0x00000000f7080000, 0x00000000f7080000, 0x00000000f7d00000)
 concurrent mark-sweep generation total 134144K, used 57777K [0x00000000f7d00000, 0x0000000100000000, 0x0000000100000000)
 Metaspace       used 65130K, capacity 69770K, committed 69888K, reserved 1110016K
  class space    used 8392K, capacity 9186K, committed 9216K, reserved 1048576K
2022-09-12T02:09:27.946+0800: 542.723: [GC (Allocation Failure)  161711K->59408K(249344K), 0.0040742 secs]
Heap after GC invocations=1279 (full 0):
 par new generation   total 115200K, used 1615K [0x00000000f0000000, 0x00000000f7d00000, 0x00000000f7d00000)
  eden space 102400K,   0% used [0x00000000f0000000, 0x00000000f0000000, 0x00000000f6400000)
  from space 12800K,  12% used [0x00000000f7080000, 0x00000000f7213da8, 0x00000000f7d00000)
  to   space 12800K,   0% used [0x00000000f6400000, 0x00000000f6400000, 0x00000000f7080000)
 concurrent mark-sweep generation total 134144K, used 57792K [0x00000000f7d00000, 0x0000000100000000, 0x0000000100000000)
 Metaspace       used 65130K, capacity 69770K, committed 69888K, reserved 1110016K
  class space    used 8392K, capacity 9186K, committed 9216K, reserved 1048576K
}
{Heap before GC invocations=1279 (full 0):
 par new generation   total 115200K, used 104014K [0x00000000f0000000, 0x00000000f7d00000, 0x00000000f7d00000)
  eden space 102400K,  99% used [0x00000000f0000000, 0x00000000f63ffc28, 0x00000000f6400000)
  from space 12800K,  12% used [0x00000000f7080000, 0x00000000f7213da8, 0x00000000f7d00000)
  to   space 12800K,   0% used [0x00000000f6400000, 0x00000000f6400000, 0x00000000f7080000)
 concurrent mark-sweep generation total 134144K, used 57792K [0x00000000f7d00000, 0x0000000100000000, 0x0000000100000000)
 Metaspace       used 65130K, capacity 69770K, committed 69888K, reserved 1110016K
  class space    used 8392K, capacity 9186K, committed 9216K, reserved 1048576K
2022-09-12T02:09:28.293+0800: 543.070: [GC (Allocation Failure)  161807K->59485K(249344K), 0.0040597 secs]
Heap after GC invocations=1280 (full 0):
 par new generation   total 115200K, used 1676K [0x00000000f0000000, 0x00000000f7d00000, 0x00000000f7d00000)
  eden space 102400K,   0% used [0x00000000f0000000, 0x00000000f0000000, 0x00000000f6400000)
  from space 12800K,  13% used [0x00000000f6400000, 0x00000000f65a32e0, 0x00000000f7080000)
  to   space 12800K,   0% used [0x00000000f7080000, 0x00000000f7080000, 0x00000000f7d00000)
 concurrent mark-sweep generation total 134144K, used 57809K [0x00000000f7d00000, 0x0000000100000000, 0x0000000100000000)
 Metaspace       used 65130K, capacity 69770K, committed 69888K, reserved 1110016K
  class space    used 8392K, capacity 9186K, committed 9216K, reserved 1048576K
}
{Heap before GC invocations=1280 (full 0):
 par new generation   total 115200K, used 104076K [0x00000000f0000000, 0x00000000f7d00000, 0x00000000f7d00000)
  eden space 102400K, 100% used [0x00000000f0000000, 0x00000000f6400000, 0x00000000f6400000)
  from space 12800K,  13% used [0x00000000f6400000, 0x00000000f65a32e0, 0x00000000f7080000)
  to   space 12800K,   0% used [0x00000000f7080000, 0x00000000f7080000, 0x00000000f7d00000)
 concurrent mark-sweep generation total 134144K, used 57809K [0x00000000f7d00000, 0x0000000100000000, 0x0000000100000000)
 Metaspace       used 65130K, capacity 69770K, committed 69888K, reserved 1110016K
  class space    used 8392K, capacity 9186K, committed 9216K, reserved 1048576K
2022-09-12T02:09:28.642+0800: 543.419: [GC (Allocation Failure)  161885K->58881K(249344K), 0.0040817 secs]
Heap after GC invocations=1281 (full 0):
 par new generation   total 115200K, used 1056K [0x00000000f0000000, 0x00000000f7d00000, 0x00000000f7d00000)
  eden space 102400K,   0% used [0x00000000f0000000, 0x00000000f0000000, 0x00000000f6400000)
  from space 12800K,   8% used [0x00000000f7080000, 0x00000000f71883c8, 0x00000000f7d00000)
  to   space 12800K,   0% used [0x00000000f6400000, 0x00000000f6400000, 0x00000000f7080000)
 concurrent mark-sweep generation total 134144K, used 57824K [0x00000000f7d00000, 0x0000000100000000, 0x0000000100000000)
 Metaspace       used 65130K, capacity 69770K, committed 69888K, reserved 1110016K
  class space    used 8392K, capacity 9186K, committed 9216K, reserved 1048576K
}
{Heap before GC invocations=1281 (full 0):
 par new generation   total 115200K, used 103456K [0x00000000f0000000, 0x00000000f7d00000, 0x00000000f7d00000)
  eden space 102400K, 100% used [0x00000000f0000000, 0x00000000f6400000, 0x00000000f6400000)
  from space 12800K,   8% used [0x00000000f7080000, 0x00000000f71883c8, 0x00000000f7d00000)
  to   space 12800K,   0% used [0x00000000f6400000, 0x00000000f6400000, 0x00000000f7080000)
 concurrent mark-sweep generation total 134144K, used 57824K [0x00000000f7d00000, 0x0000000100000000, 0x0000000100000000)
 Metaspace       used 65130K, capacity 69770K, committed 69888K, reserved 1110016K
  class space    used 8392K, capacity 9186K, committed 9216K, reserved 1048576K
2022-09-12T02:09:28.991+0800: 543.768: [GC (Allocation Failure)  161281K->59349K(249344K), 0.0040127 secs]
Heap after GC invocations=1282 (full 0):
 par new generation   total 115200K, used 1518K [0x00000000f0000000, 0x00000000f7d00000, 0x00000000f7d00000)
  eden space 102400K,   0% used [0x00000000f0000000, 0x00000000f0000000, 0x00000000f6400000)
  from space 12800K,  11% used [0x00000000f6400000, 0x00000000f657ba08, 0x00000000f7080000)
  to   space 12800K,   0% used [0x00000000f7080000, 0x00000000f7080000, 0x00000000f7d00000)
 concurrent mark-sweep generation total 134144K, used 57830K [0x00000000f7d00000, 0x0000000100000000, 0x0000000100000000)
 Metaspace       used 65130K, capacity 69770K, committed 69888K, reserved 1110016K
  class space    used 8392K, capacity 9186K, committed 9216K, reserved 1048576K
}
{Heap before GC invocations=1282 (full 0):
 par new generation   total 115200K, used 103918K [0x00000000f0000000, 0x00000000f7d00000, 0x00000000f7d00000)
  eden space 102400K, 100% used [0x00000000f0000000, 0x00000000f6400000, 0x00000000f6400000)
  from space 12800K,  11% used [0x00000000f6400000, 0x00000000f657ba08, 0x00000000f7080000)
  to   space 12800K,   0% used [0x00000000f7080000, 0x00000000f7080000, 0x00000000f7d00000)
 concurrent mark-sweep generation total 134144K, used 57830K [0x00000000f7d00000, 0x0000000100000000, 0x0000000100000000)
 Metaspace       used 65130K, capacity 69770K, committed 69888K, reserved 1110016K
  class space    used 8392K, capacity 9186K, committed 9216K, reserved 1048576K
2022-09-12T02:09:29.340+0800: 544.117: [GC (Allocation Failure)  161749K->59510K(249344K), 0.0040374 secs]
Heap after GC invocations=1283 (full 0):
 par new generation   total 115200K, used 1662K [0x00000000f0000000, 0x00000000f7d00000, 0x00000000f7d00000)
  eden space 102400K,   0% used [0x00000000f0000000, 0x00000000f0000000, 0x00000000f6400000)
  from space 12800K,  12% used [0x00000000f7080000, 0x00000000f721fb50, 0x00000000f7d00000)
  to   space 12800K,   0% used [0x00000000f6400000, 0x00000000f6400000, 0x00000000f7080000)
 concurrent mark-sweep generation total 134144K, used 57847K [0x00000000f7d00000, 0x0000000100000000, 0x0000000100000000)
 Metaspace       used 65130K, capacity 69770K, committed 69888K, reserved 1110016K
  class space    used 8392K, capacity 9186K, committed 9216K, reserved 1048576K
}
{Heap before GC invocations=1283 (full 0):
 par new generation   total 115200K, used 104062K [0x00000000f0000000, 0x00000000f7d00000, 0x00000000f7d00000)
  eden space 102400K, 100% used [0x00000000f0000000, 0x00000000f6400000, 0x00000000f6400000)
  from space 12800K,  12% used [0x00000000f7080000, 0x00000000f721fb50, 0x00000000f7d00000)
  to   space 12800K,   0% used [0x00000000f6400000, 0x00000000f6400000, 0x00000000f7080000)
 concurrent mark-sweep generation total 134144K, used 57847K [0x00000000f7d00000, 0x0000000100000000, 0x0000000100000000)
 Metaspace       used 65130K, capacity 69770K, committed 69888K, reserved 1110016K
  class space    used 8392K, capacity 9186K, committed 9216K, reserved 1048576K
2022-09-12T02:09:29.696+0800: 544.474: [GC (Allocation Failure)  161910K->58912K(249344K), 0.0040793 secs]
Heap after GC invocations=1284 (full 0):
 par new generation   total 115200K, used 1046K [0x00000000f0000000, 0x00000000f7d00000, 0x00000000f7d00000)
  eden space 102400K,   0% used [0x00000000f0000000, 0x00000000f0000000, 0x00000000f6400000)
  from space 12800K,   8% used [0x00000000f6400000, 0x00000000f6505bc0, 0x00000000f7080000)
  to   space 12800K,   0% used [0x00000000f7080000, 0x00000000f7080000, 0x00000000f7d00000)
 concurrent mark-sweep generation total 134144K, used 57865K [0x00000000f7d00000, 0x0000000100000000, 0x0000000100000000)
 Metaspace       used 65130K, capacity 69770K, committed 69888K, reserved 1110016K
  class space    used 8392K, capacity 9186K, committed 9216K, reserved 1048576K
}
{Heap before GC invocations=1284 (full 0):
 par new generation   total 115200K, used 103446K [0x00000000f0000000, 0x00000000f7d00000, 0x00000000f7d00000)
  eden space 102400K, 100% used [0x00000000f0000000, 0x00000000f6400000, 0x00000000f6400000)
  from space 12800K,   8% used [0x00000000f6400000, 0x00000000f6505bc0, 0x00000000f7080000)
  to   space 12800K,   0% used [0x00000000f7080000, 0x00000000f7080000, 0x00000000f7d00000)
 concurrent mark-sweep generation total 134144K, used 57865K [0x00000000f7d00000, 0x0000000100000000, 0x0000000100000000)
 Metaspace       used 65130K, capacity 69770K, committed 69888K, reserved 1110016K
  class space    used 8392K, capacity 9186K, committed 9216K, reserved 1048576K
2022-09-12T02:09:30.046+0800: 544.823: [GC (Allocation Failure)  161312K->59403K(249344K), 0.0041390 secs]
Heap after GC invocations=1285 (full 0):
 par new generation   total 115200K, used 1513K [0x00000000f0000000, 0x00000000f7d00000, 0x00000000f7d00000)
  eden space 102400K,   0% used [0x00000000f0000000, 0x00000000f0000000, 0x00000000f6400000)
  from space 12800K,  11% used [0x00000000f7080000, 0x00000000f71fa700, 0x00000000f7d00000)
  to   space 12800K,   0% used [0x00000000f6400000, 0x00000000f6400000, 0x00000000f7080000)
 concurrent mark-sweep generation total 134144K, used 57889K [0x00000000f7d00000, 0x0000000100000000, 0x0000000100000000)
 Metaspace       used 65130K, capacity 69770K, committed 69888K, reserved 1110016K
  class space    used 8392K, capacity 9186K, committed 9216K, reserved 1048576K
}
{Heap before GC invocations=1285 (full 0):
 par new generation   total 115200K, used 103913K [0x00000000f0000000, 0x00000000f7d00000, 0x00000000f7d00000)
  eden space 102400K, 100% used [0x00000000f0000000, 0x00000000f6400000, 0x00000000f6400000)
  from space 12800K,  11% used [0x00000000f7080000, 0x00000000f71fa700, 0x00000000f7d00000)
  to   space 12800K,   0% used [0x00000000f6400000, 0x00000000f6400000, 0x00000000f7080000)
 concurrent mark-sweep generation total 134144K, used 57889K [0x00000000f7d00000, 0x0000000100000000, 0x0000000100000000)
 Metaspace       used 65130K, capacity 69770K, committed 69888K, reserved 1110016K
  class space    used 8392K, capacity 9186K, committed 9216K, reserved 1048576K
2022-09-12T02:09:30.395+0800: 545.172: [GC (Allocation Failure)  161803K->59492K(249344K), 0.0040825 secs]
Heap after GC invocations=1286 (full 0):
 par new generation   total 115200K, used 1588K [0x00000000f0000000, 0x00000000f7d00000, 0x00000000f7d00000)
  eden space 102400K,   0% used [0x00000000f0000000, 0x00000000f0000000, 0x00000000f6400000)
  from space 12800K,  12% used [0x00000000f6400000, 0x00000000f658d1d0, 0x00000000f7080000)
  to   space 12800K,   0% used [0x00000000f7080000, 0x00000000f7080000, 0x00000000f7d00000)
 concurrent mark-sweep generation total 134144K, used 57903K [0x00000000f7d00000, 0x0000000100000000, 0x0000000100000000)
 Metaspace       used 65130K, capacity 69770K, committed 69888K, reserved 1110016K
  class space    used 8392K, capacity 9186K, committed 9216K, reserved 1048576K
}
{Heap before GC invocations=1286 (full 0):
 par new generation   total 115200K, used 103988K [0x00000000f0000000, 0x00000000f7d00000, 0x00000000f7d00000)
  eden space 102400K, 100% used [0x00000000f0000000, 0x00000000f6400000, 0x00000000f6400000)
  from space 12800K,  12% used [0x00000000f6400000, 0x00000000f658d1d0, 0x00000000f7080000)
  to   space 12800K,   0% used [0x00000000f7080000, 0x00000000f7080000, 0x00000000f7d00000)
 concurrent mark-sweep generation total 134144K, used 57903K [0x00000000f7d00000, 0x0000000100000000, 0x0000000100000000)
 Metaspace       used 65130K, capacity 69770K, committed 69888K, reserved 1110016K
  class space    used 8392K, capacity 9186K, committed 9216K, reserved 1048576K
2022-09-12T02:09:30.743+0800: 545.520: [GC (Allocation Failure)  161892K->59231K(249344K), 0.0040584 secs]
Heap after GC invocations=1287 (full 0):
 par new generation   total 115200K, used 1309K [0x00000000f0000000, 0x00000000f7d00000, 0x00000000f7d00000)
  eden space 102400K,   0% used [0x00000000f0000000, 0x00000000f0000000, 0x00000000f6400000)
  from space 12800K,  10% used [0x00000000f7080000, 0x00000000f71c7600, 0x00000000f7d00000)
  to   space 12800K,   0% used [0x00000000f6400000, 0x00000000f6400000, 0x00000000f7080000)
 concurrent mark-sweep generation total 134144K, used 57921K [0x00000000f7d00000, 0x0000000100000000, 0x0000000100000000)
 Metaspace       used 65130K, capacity 69770K, committed 69888K, reserved 1110016K
  class space    used 8392K, capacity 9186K, committed 9216K, reserved 1048576K
}
{Heap before GC invocations=1287 (full 0):
 par new generation   total 115200K, used 103709K [0x00000000f0000000, 0x00000000f7d00000, 0x00000000f7d00000)
  eden space 102400K, 100% used [0x00000000f0000000, 0x00000000f6400000, 0x00000000f6400000)
  from space 12800K,  10% used [0x00000000f7080000, 0x00000000f71c7600, 0x00000000f7d00000)
  to   space 12800K,   0% used [0x00000000f6400000, 0x00000000f6400000, 0x00000000f7080000)
 concurrent mark-sweep generation total 134144K, used 57921K [0x00000000f7d00000, 0x0000000100000000, 0x0000000100000000)
 Metaspace       used 65130K, capacity 69770K, committed 69888K, reserved 1110016K
  class space    used 8392K, capacity 9186K, committed 9216K, reserved 1048576K
2022-09-12T02:09:31.103+0800: 545.880: [GC (Allocation Failure)  161631K->59484K(249344K), 0.0039174 secs]
Heap after GC invocations=1288 (full 0):
 par new generation   total 115200K, used 1546K [0x00000000f0000000, 0x00000000f7d00000, 0x00000000f7d00000)
  eden space 102400K,   0% used [0x00000000f0000000, 0x00000000f0000000, 0x00000000f6400000)
  from space 12800K,  12% used [0x00000000f6400000, 0x00000000f6582a78, 0x00000000f7080000)
  to   space 12800K,   0% used [0x00000000f7080000, 0x00000000f7080000, 0x00000000f7d00000)
 concurrent mark-sweep generation total 134144K, used 57938K [0x00000000f7d00000, 0x0000000100000000, 0x0000000100000000)
 Metaspace       used 65130K, capacity 69770K, committed 69888K, reserved 1110016K
  class space    used 8392K, capacity 9186K, committed 9216K, reserved 1048576K
}
{Heap before GC invocations=1288 (full 0):
 par new generation   total 115200K, used 103946K [0x00000000f0000000, 0x00000000f7d00000, 0x00000000f7d00000)
  eden space 102400K, 100% used [0x00000000f0000000, 0x00000000f6400000, 0x00000000f6400000)
  from space 12800K,  12% used [0x00000000f6400000, 0x00000000f6582a78, 0x00000000f7080000)
  to   space 12800K,   0% used [0x00000000f7080000, 0x00000000f7080000, 0x00000000f7d00000)
 concurrent mark-sweep generation total 134144K, used 57938K [0x00000000f7d00000, 0x0000000100000000, 0x0000000100000000)
 Metaspace       used 65130K, capacity 69770K, committed 69888K, reserved 1110016K
  class space    used 8392K, capacity 9186K, committed 9216K, reserved 1048576K
2022-09-12T02:09:31.450+0800: 546.227: [GC (Allocation Failure)  161884K->59188K(249344K), 0.0041111 secs]
Heap after GC invocations=1289 (full 0):
 par new generation   total 115200K, used 1236K [0x00000000f0000000, 0x00000000f7d00000, 0x00000000f7d00000)
  eden space 102400K,   0% used [0x00000000f0000000, 0x00000000f0000000, 0x00000000f6400000)
  from space 12800K,   9% used [0x00000000f7080000, 0x00000000f71b50f0, 0x00000000f7d00000)
  to   space 12800K,   0% used [0x00000000f6400000, 0x00000000f6400000, 0x00000000f7080000)
 concurrent mark-sweep generation total 134144K, used 57952K [0x00000000f7d00000, 0x0000000100000000, 0x0000000100000000)
 Metaspace       used 65130K, capacity 69770K, committed 69888K, reserved 1110016K
  class space    used 8392K, capacity 9186K, committed 9216K, reserved 1048576K
}
{Heap before GC invocations=1289 (full 0):
 par new generation   total 115200K, used 103636K [0x00000000f0000000, 0x00000000f7d00000, 0x00000000f7d00000)
  eden space 102400K, 100% used [0x00000000f0000000, 0x00000000f6400000, 0x00000000f6400000)
  from space 12800K,   9% used [0x00000000f7080000, 0x00000000f71b50f0, 0x00000000f7d00000)
  to   space 12800K,   0% used [0x00000000f6400000, 0x00000000f6400000, 0x00000000f7080000)
 concurrent mark-sweep generation total 134144K, used 57952K [0x00000000f7d00000, 0x0000000100000000, 0x0000000100000000)
 Metaspace       used 65130K, capacity 69770K, committed 69888K, reserved 1110016K
  class space    used 8392K, capacity 9186K, committed 9216K, reserved 1048576K
2022-09-12T02:09:31.798+0800: 546.575: [GC (Allocation Failure)  161588K->59487K(249344K), 0.0040238 secs]
Heap after GC invocations=1290 (full 0):
 par new generation   total 115200K, used 1526K [0x00000000f0000000, 0x00000000f7d00000, 0x00000000f7d00000)
  eden space 102400K,   0% used [0x00000000f0000000, 0x00000000f0000000, 0x00000000f6400000)
  from space 12800K,  11% used [0x00000000f6400000, 0x00000000f657daa0, 0x00000000f7080000)
  to   space 12800K,   0% used [0x00000000f7080000, 0x00000000f7080000, 0x00000000f7d00000)
 concurrent mark-sweep generation total 134144K, used 57961K [0x00000000f7d00000, 0x0000000100000000, 0x0000000100000000)
 Metaspace       used 65130K, capacity 69770K, committed 69888K, reserved 1110016K
  class space    used 8392K, capacity 9186K, committed 9216K, reserved 1048576K
}
{Heap before GC invocations=1290 (full 0):
 par new generation   total 115200K, used 103926K [0x00000000f0000000, 0x00000000f7d00000, 0x00000000f7d00000)
  eden space 102400K, 100% used [0x00000000f0000000, 0x00000000f6400000, 0x00000000f6400000)
  from space 12800K,  11% used [0x00000000f6400000, 0x00000000f657daa0, 0x00000000f7080000)
  to   space 12800K,   0% used [0x00000000f7080000, 0x00000000f7080000, 0x00000000f7d00000)
 concurrent mark-sweep generation total 134144K, used 57961K [0x00000000f7d00000, 0x0000000100000000, 0x0000000100000000)
 Metaspace       used 65130K, capacity 69770K, committed 69888K, reserved 1110016K
  class space    used 8392K, capacity 9186K, committed 9216K, reserved 1048576K
2022-09-12T02:09:32.147+0800: 546.924: [GC (Allocation Failure)  161887K->59637K(249344K), 0.0041394 secs]
Heap after GC invocations=1291 (full 0):
 par new generation   total 115200K, used 1660K [0x00000000f0000000, 0x00000000f7d00000, 0x00000000f7d00000)
  eden space 102400K,   0% used [0x00000000f0000000, 0x00000000f0000000, 0x00000000f6400000)
  from space 12800K,  12% used [0x00000000f7080000, 0x00000000f721f258, 0x00000000f7d00000)
  to   space 12800K,   0% used [0x00000000f6400000, 0x00000000f6400000, 0x00000000f7080000)
 concurrent mark-sweep generation total 134144K, used 57976K [0x00000000f7d00000, 0x0000000100000000, 0x0000000100000000)
 Metaspace       used 65130K, capacity 69770K, committed 69888K, reserved 1110016K
  class space    used 8392K, capacity 9186K, committed 9216K, reserved 1048576K
}
{Heap before GC invocations=1291 (full 0):
 par new generation   total 115200K, used 104060K [0x00000000f0000000, 0x00000000f7d00000, 0x00000000f7d00000)
  eden space 102400K, 100% used [0x00000000f0000000, 0x00000000f6400000, 0x00000000f6400000)
  from space 12800K,  12% used [0x00000000f7080000, 0x00000000f721f258, 0x00000000f7d00000)
  to   space 12800K,   0% used [0x00000000f6400000, 0x00000000f6400000, 0x00000000f7080000)
 concurrent mark-sweep generation total 134144K, used 57976K [0x00000000f7d00000, 0x0000000100000000, 0x0000000100000000)
 Metaspace       used 65130K, capacity 69770K, committed 69888K, reserved 1110016K
  class space    used 8392K, capacity 9186K, committed 9216K, reserved 1048576K
2022-09-12T02:09:32.496+0800: 547.273: [GC (Allocation Failure)  162037K->59193K(249344K), 0.0040573 secs]
Heap after GC invocations=1292 (full 0):
 par new generation   total 115200K, used 1201K [0x00000000f0000000, 0x00000000f7d00000, 0x00000000f7d00000)
  eden space 102400K,   0% used [0x00000000f0000000, 0x00000000f0000000, 0x00000000f6400000)
  from space 12800K,   9% used [0x00000000f6400000, 0x00000000f652c740, 0x00000000f7080000)
  to   space 12800K,   0% used [0x00000000f7080000, 0x00000000f7080000, 0x00000000f7d00000)
 concurrent mark-sweep generation total 134144K, used 57991K [0x00000000f7d00000, 0x0000000100000000, 0x0000000100000000)
 Metaspace       used 65130K, capacity 69770K, committed 69888K, reserved 1110016K
  class space    used 8392K, capacity 9186K, committed 9216K, reserved 1048576K
}
{Heap before GC invocations=1292 (full 0):
 par new generation   total 115200K, used 103601K [0x00000000f0000000, 0x00000000f7d00000, 0x00000000f7d00000)
  eden space 102400K, 100% used [0x00000000f0000000, 0x00000000f6400000, 0x00000000f6400000)
  from space 12800K,   9% used [0x00000000f6400000, 0x00000000f652c740, 0x00000000f7080000)
  to   space 12800K,   0% used [0x00000000f7080000, 0x00000000f7080000, 0x00000000f7d00000)
 concurrent mark-sweep generation total 134144K, used 57991K [0x00000000f7d00000, 0x0000000100000000, 0x0000000100000000)
 Metaspace       used 65130K, capacity 69770K, committed 69888K, reserved 1110016K
  class space    used 8392K, capacity 9186K, committed 9216K, reserved 1048576K
2022-09-12T02:09:32.849+0800: 547.626: [GC (Allocation Failure)  161593K->59564K(249344K), 0.0040662 secs]
Heap after GC invocations=1293 (full 0):
 par new generation   total 115200K, used 1548K [0x00000000f0000000, 0x00000000f7d00000, 0x00000000f7d00000)
  eden space 102400K,   0% used [0x00000000f0000000, 0x00000000f0000000, 0x00000000f6400000)
  from space 12800K,  12% used [0x00000000f7080000, 0x00000000f72033a8, 0x00000000f7d00000)
  to   space 12800K,   0% used [0x00000000f6400000, 0x00000000f6400000, 0x00000000f7080000)
 concurrent mark-sweep generation total 134144K, used 58015K [0x00000000f7d00000, 0x0000000100000000, 0x0000000100000000)
 Metaspace       used 65130K, capacity 69770K, committed 69888K, reserved 1110016K
  class space    used 8392K, capacity 9186K, committed 9216K, reserved 1048576K
}
{Heap before GC invocations=1293 (full 0):
 par new generation   total 115200K, used 103948K [0x00000000f0000000, 0x00000000f7d00000, 0x00000000f7d00000)
  eden space 102400K, 100% used [0x00000000f0000000, 0x00000000f6400000, 0x00000000f6400000)
  from space 12800K,  12% used [0x00000000f7080000, 0x00000000f72033a8, 0x00000000f7d00000)
  to   space 12800K,   0% used [0x00000000f6400000, 0x00000000f6400000, 0x00000000f7080000)
 concurrent mark-sweep generation total 134144K, used 58015K [0x00000000f7d00000, 0x0000000100000000, 0x0000000100000000)
 Metaspace       used 65130K, capacity 69770K, committed 69888K, reserved 1110016K
  class space    used 8392K, capacity 9186K, committed 9216K, reserved 1048576K
2022-09-12T02:09:33.197+0800: 547.975: [GC (Allocation Failure)  161964K->59682K(249344K), 0.0039572 secs]
Heap after GC invocations=1294 (full 0):
 par new generation   total 115200K, used 1651K [0x00000000f0000000, 0x00000000f7d00000, 0x00000000f7d00000)
  eden space 102400K,   0% used [0x00000000f0000000, 0x00000000f0000000, 0x00000000f6400000)
  from space 12800K,  12% used [0x00000000f6400000, 0x00000000f659ccf0, 0x00000000f7080000)
  to   space 12800K,   0% used [0x00000000f7080000, 0x00000000f7080000, 0x00000000f7d00000)
 concurrent mark-sweep generation total 134144K, used 58031K [0x00000000f7d00000, 0x0000000100000000, 0x0000000100000000)
 Metaspace       used 65130K, capacity 69770K, committed 69888K, reserved 1110016K
  class space    used 8392K, capacity 9186K, committed 9216K, reserved 1048576K
}
{Heap before GC invocations=1294 (full 0):
 par new generation   total 115200K, used 104051K [0x00000000f0000000, 0x00000000f7d00000, 0x00000000f7d00000)
  eden space 102400K, 100% used [0x00000000f0000000, 0x00000000f6400000, 0x00000000f6400000)
  from space 12800K,  12% used [0x00000000f6400000, 0x00000000f659ccf0, 0x00000000f7080000)
  to   space 12800K,   0% used [0x00000000f7080000, 0x00000000f7080000, 0x00000000f7d00000)
 concurrent mark-sweep generation total 134144K, used 58031K [0x00000000f7d00000, 0x0000000100000000, 0x0000000100000000)
 Metaspace       used 65130K, capacity 69770K, committed 69888K, reserved 1110016K
  class space    used 8392K, capacity 9186K, committed 9216K, reserved 1048576K
2022-09-12T02:09:33.545+0800: 548.323: [GC (Allocation Failure)  162082K->59370K(249344K), 0.0040294 secs]
Heap after GC invocations=1295 (full 0):
 par new generation   total 115200K, used 1321K [0x00000000f0000000, 0x00000000f7d00000, 0x00000000f7d00000)
  eden space 102400K,   0% used [0x00000000f0000000, 0x00000000f0000000, 0x00000000f6400000)
  from space 12800K,  10% used [0x00000000f7080000, 0x00000000f71ca660, 0x00000000f7d00000)
  to   space 12800K,   0% used [0x00000000f6400000, 0x00000000f6400000, 0x00000000f7080000)
 concurrent mark-sweep generation total 134144K, used 58049K [0x00000000f7d00000, 0x0000000100000000, 0x0000000100000000)
 Metaspace       used 65130K, capacity 69770K, committed 69888K, reserved 1110016K
  class space    used 8392K, capacity 9186K, committed 9216K, reserved 1048576K
}
{Heap before GC invocations=1295 (full 0):
 par new generation   total 115200K, used 103721K [0x00000000f0000000, 0x00000000f7d00000, 0x00000000f7d00000)
  eden space 102400K, 100% used [0x00000000f0000000, 0x00000000f6400000, 0x00000000f6400000)
  from space 12800K,  10% used [0x00000000f7080000, 0x00000000f71ca660, 0x00000000f7d00000)
  to   space 12800K,   0% used [0x00000000f6400000, 0x00000000f6400000, 0x00000000f7080000)
 concurrent mark-sweep generation total 134144K, used 58049K [0x00000000f7d00000, 0x0000000100000000, 0x0000000100000000)
 Metaspace       used 65130K, capacity 69770K, committed 69888K, reserved 1110016K
  class space    used 8392K, capacity 9186K, committed 9216K, reserved 1048576K
2022-09-12T02:09:33.893+0800: 548.670: [GC (Allocation Failure)  161770K->59580K(249344K), 0.0040300 secs]
Heap after GC invocations=1296 (full 0):
 par new generation   total 115200K, used 1511K [0x00000000f0000000, 0x00000000f7d00000, 0x00000000f7d00000)
  eden space 102400K,   0% used [0x00000000f0000000, 0x00000000f0000000, 0x00000000f6400000)
  from space 12800K,  11% used [0x00000000f6400000, 0x00000000f6579c48, 0x00000000f7080000)
  to   space 12800K,   0% used [0x00000000f7080000, 0x00000000f7080000, 0x00000000f7d00000)
 concurrent mark-sweep generation total 134144K, used 58069K [0x00000000f7d00000, 0x0000000100000000, 0x0000000100000000)
 Metaspace       used 65130K, capacity 69770K, committed 69888K, reserved 1110016K
  class space    used 8392K, capacity 9186K, committed 9216K, reserved 1048576K
}
{Heap before GC invocations=1296 (full 0):
 par new generation   total 115200K, used 103911K [0x00000000f0000000, 0x00000000f7d00000, 0x00000000f7d00000)
  eden space 102400K, 100% used [0x00000000f0000000, 0x00000000f6400000, 0x00000000f6400000)
  from space 12800K,  11% used [0x00000000f6400000, 0x00000000f6579c48, 0x00000000f7080000)
  to   space 12800K,   0% used [0x00000000f7080000, 0x00000000f7080000, 0x00000000f7d00000)
 concurrent mark-sweep generation total 134144K, used 58069K [0x00000000f7d00000, 0x0000000100000000, 0x0000000100000000)
 Metaspace       used 65130K, capacity 69770K, committed 69888K, reserved 1110016K
  class space    used 8392K, capacity 9186K, committed 9216K, reserved 1048576K
2022-09-12T02:09:34.241+0800: 549.018: [GC (Allocation Failure)  161980K->59699K(249344K), 0.0041027 secs]
Heap after GC invocations=1297 (full 0):
 par new generation   total 115200K, used 1619K [0x00000000f0000000, 0x00000000f7d00000, 0x00000000f7d00000)
  eden space 102400K,   0% used [0x00000000f0000000, 0x00000000f0000000, 0x00000000f6400000)
  from space 12800K,  12% used [0x00000000f7080000, 0x00000000f7214c88, 0x00000000f7d00000)
  to   space 12800K,   0% used [0x00000000f6400000, 0x00000000f6400000, 0x00000000f7080000)
 concurrent mark-sweep generation total 134144K, used 58079K [0x00000000f7d00000, 0x0000000100000000, 0x0000000100000000)
 Metaspace       used 65130K, capacity 69770K, committed 69888K, reserved 1110016K
  class space    used 8392K, capacity 9186K, committed 9216K, reserved 1048576K
}
{Heap before GC invocations=1297 (full 0):
 par new generation   total 115200K, used 104019K [0x00000000f0000000, 0x00000000f7d00000, 0x00000000f7d00000)
  eden space 102400K, 100% used [0x00000000f0000000, 0x00000000f6400000, 0x00000000f6400000)
  from space 12800K,  12% used [0x00000000f7080000, 0x00000000f7214c88, 0x00000000f7d00000)
  to   space 12800K,   0% used [0x00000000f6400000, 0x00000000f6400000, 0x00000000f7080000)
 concurrent mark-sweep generation total 134144K, used 58079K [0x00000000f7d00000, 0x0000000100000000, 0x0000000100000000)
 Metaspace       used 65130K, capacity 69770K, committed 69888K, reserved 1110016K
  class space    used 8392K, capacity 9186K, committed 9216K, reserved 1048576K
2022-09-12T02:09:34.589+0800: 549.367: [GC (Allocation Failure)  162099K->59771K(249344K), 0.0040145 secs]
Heap after GC invocations=1298 (full 0):
 par new generation   total 115200K, used 1682K [0x00000000f0000000, 0x00000000f7d00000, 0x00000000f7d00000)
  eden space 102400K,   0% used [0x00000000f0000000, 0x00000000f0000000, 0x00000000f6400000)
  from space 12800K,  13% used [0x00000000f6400000, 0x00000000f65a4b28, 0x00000000f7080000)
  to   space 12800K,   0% used [0x00000000f7080000, 0x00000000f7080000, 0x00000000f7d00000)
 concurrent mark-sweep generation total 134144K, used 58088K [0x00000000f7d00000, 0x0000000100000000, 0x0000000100000000)
 Metaspace       used 65130K, capacity 69770K, committed 69888K, reserved 1110016K
  class space    used 8392K, capacity 9186K, committed 9216K, reserved 1048576K
}
{Heap before GC invocations=1298 (full 0):
 par new generation   total 115200K, used 104082K [0x00000000f0000000, 0x00000000f7d00000, 0x00000000f7d00000)
  eden space 102400K, 100% used [0x00000000f0000000, 0x00000000f6400000, 0x00000000f6400000)
  from space 12800K,  13% used [0x00000000f6400000, 0x00000000f65a4b28, 0x00000000f7080000)
  to   space 12800K,   0% used [0x00000000f7080000, 0x00000000f7080000, 0x00000000f7d00000)
 concurrent mark-sweep generation total 134144K, used 58088K [0x00000000f7d00000, 0x0000000100000000, 0x0000000100000000)
 Metaspace       used 65130K, capacity 69770K, committed 69888K, reserved 1110016K
  class space    used 8392K, capacity 9186K, committed 9216K, reserved 1048576K
2022-09-12T02:09:34.937+0800: 549.715: [GC (Allocation Failure)  162171K->59454K(249344K), 0.0040324 secs]
Heap after GC invocations=1299 (full 0):
 par new generation   total 115200K, used 1351K [0x00000000f0000000, 0x00000000f7d00000, 0x00000000f7d00000)
  eden space 102400K,   0% used [0x00000000f0000000, 0x00000000f0000000, 0x00000000f6400000)
  from space 12800K,  10% used [0x00000000f7080000, 0x00000000f71d1f50, 0x00000000f7d00000)
  to   space 12800K,   0% used [0x00000000f6400000, 0x00000000f6400000, 0x00000000f7080000)
 concurrent mark-sweep generation total 134144K, used 58102K [0x00000000f7d00000, 0x0000000100000000, 0x0000000100000000)
 Metaspace       used 65130K, capacity 69770K, committed 69888K, reserved 1110016K
  class space    used 8392K, capacity 9186K, committed 9216K, reserved 1048576K
}
{Heap before GC invocations=1299 (full 0):
 par new generation   total 115200K, used 103751K [0x00000000f0000000, 0x00000000f7d00000, 0x00000000f7d00000)
  eden space 102400K, 100% used [0x00000000f0000000, 0x00000000f6400000, 0x00000000f6400000)
  from space 12800K,  10% used [0x00000000f7080000, 0x00000000f71d1f50, 0x00000000f7d00000)
  to   space 12800K,   0% used [0x00000000f6400000, 0x00000000f6400000, 0x00000000f7080000)
 concurrent mark-sweep generation total 134144K, used 58102K [0x00000000f7d00000, 0x0000000100000000, 0x0000000100000000)
 Metaspace       used 65130K, capacity 69770K, committed 69888K, reserved 1110016K
  class space    used 8392K, capacity 9186K, committed 9216K, reserved 1048576K
2022-09-12T02:09:35.286+0800: 550.063: [GC (Allocation Failure)  161854K->59667K(249344K), 0.0039942 secs]
Heap after GC invocations=1300 (full 0):
 par new generation   total 115200K, used 1546K [0x00000000f0000000, 0x00000000f7d00000, 0x00000000f7d00000)
  eden space 102400K,   0% used [0x00000000f0000000, 0x00000000f0000000, 0x00000000f6400000)
  from space 12800K,  12% used [0x00000000f6400000, 0x00000000f6582ae8, 0x00000000f7080000)
  to   space 12800K,   0% used [0x00000000f7080000, 0x00000000f7080000, 0x00000000f7d00000)
 concurrent mark-sweep generation total 134144K, used 58120K [0x00000000f7d00000, 0x0000000100000000, 0x0000000100000000)
 Metaspace       used 65130K, capacity 69770K, committed 69888K, reserved 1110016K
  class space    used 8392K, capacity 9186K, committed 9216K, reserved 1048576K
}
{Heap before GC invocations=1300 (full 0):
 par new generation   total 115200K, used 103946K [0x00000000f0000000, 0x00000000f7d00000, 0x00000000f7d00000)
  eden space 102400K, 100% used [0x00000000f0000000, 0x00000000f6400000, 0x00000000f6400000)
  from space 12800K,  12% used [0x00000000f6400000, 0x00000000f6582ae8, 0x00000000f7080000)
  to   space 12800K,   0% used [0x00000000f7080000, 0x00000000f7080000, 0x00000000f7d00000)
 concurrent mark-sweep generation total 134144K, used 58120K [0x00000000f7d00000, 0x0000000100000000, 0x0000000100000000)
 Metaspace       used 65130K, capacity 69770K, committed 69888K, reserved 1110016K
  class space    used 8392K, capacity 9186K, committed 9216K, reserved 1048576K
2022-09-12T02:09:35.642+0800: 550.420: [GC (Allocation Failure)  162067K->59815K(249344K), 0.0041494 secs]
Heap after GC invocations=1301 (full 0):
 par new generation   total 115200K, used 1670K [0x00000000f0000000, 0x00000000f7d00000, 0x00000000f7d00000)
  eden space 102400K,   0% used [0x00000000f0000000, 0x00000000f0000000, 0x00000000f6400000)
  from space 12800K,  13% used [0x00000000f7080000, 0x00000000f7221b08, 0x00000000f7d00000)
  to   space 12800K,   0% used [0x00000000f6400000, 0x00000000f6400000, 0x00000000f7080000)
 concurrent mark-sweep generation total 134144K, used 58144K [0x00000000f7d00000, 0x0000000100000000, 0x0000000100000000)
 Metaspace       used 65130K, capacity 69770K, committed 69888K, reserved 1110016K
  class space    used 8392K, capacity 9186K, committed 9216K, reserved 1048576K
}
{Heap before GC invocations=1301 (full 0):
 par new generation   total 115200K, used 104070K [0x00000000f0000000, 0x00000000f7d00000, 0x00000000f7d00000)
  eden space 102400K, 100% used [0x00000000f0000000, 0x00000000f6400000, 0x00000000f6400000)
  from space 12800K,  13% used [0x00000000f7080000, 0x00000000f7221b08, 0x00000000f7d00000)
  to   space 12800K,   0% used [0x00000000f6400000, 0x00000000f6400000, 0x00000000f7080000)
 concurrent mark-sweep generation total 134144K, used 58144K [0x00000000f7d00000, 0x0000000100000000, 0x0000000100000000)
 Metaspace       used 65130K, capacity 69770K, committed 69888K, reserved 1110016K
  class space    used 8392K, capacity 9186K, committed 9216K, reserved 1048576K
2022-09-12T02:09:35.991+0800: 550.768: [GC (Allocation Failure)  162215K->59370K(249344K), 0.0040972 secs]
Heap after GC invocations=1302 (full 0):
 par new generation   total 115200K, used 1208K [0x00000000f0000000, 0x00000000f7d00000, 0x00000000f7d00000)
  eden space 102400K,   0% used [0x00000000f0000000, 0x00000000f0000000, 0x00000000f6400000)
  from space 12800K,   9% used [0x00000000f6400000, 0x00000000f652e3c0, 0x00000000f7080000)
  to   space 12800K,   0% used [0x00000000f7080000, 0x00000000f7080000, 0x00000000f7d00000)
 concurrent mark-sweep generation total 134144K, used 58161K [0x00000000f7d00000, 0x0000000100000000, 0x0000000100000000)
 Metaspace       used 65130K, capacity 69770K, committed 69888K, reserved 1110016K
  class space    used 8392K, capacity 9186K, committed 9216K, reserved 1048576K
}
{Heap before GC invocations=1302 (full 0):
 par new generation   total 115200K, used 103608K [0x00000000f0000000, 0x00000000f7d00000, 0x00000000f7d00000)
  eden space 102400K, 100% used [0x00000000f0000000, 0x00000000f6400000, 0x00000000f6400000)
  from space 12800K,   9% used [0x00000000f6400000, 0x00000000f652e3c0, 0x00000000f7080000)
  to   space 12800K,   0% used [0x00000000f7080000, 0x00000000f7080000, 0x00000000f7d00000)
